  [1/2]  bench  VoteVerify                            385,254 ns/op   6,888 B/op   65.0 allocs/op
  [2/2]  bench  VoteVerify                            384,645 ns/op ±0%   6,888 B/op   65.0 allocs/op    520ms
  [1/2]  bench  CryptoVerifierVoteVertification       219,266 ns/op   24,011 B/op   71.0 allocs/op
  [2/2]  bench  CryptoVerifierVoteVertification       197,748 ns/op ±11%   24,011 B/op ±0%   71.0 allocs/op    500ms
  [1/2]  bench  CryptoVerifierProposalVertification   232,459 ns/op   12,474 B/op   54.0 allocs/op
  [2/2]  bench  CryptoVerifierProposalVertification   235,593 ns/op ±1%   12,474 B/op ±0%   54.0 allocs/op    530ms
  [1/2]  bench  VoteDecoding                          340 ns/op   1,152 B/op   2.00 allocs/op
  [2/2]  bench  VoteDecoding                          386 ns/op ±12%   1,152 B/op   2.00 allocs/op    890ms
  [1/2]  bench  RouterUpdate/root                     88.4 ns/op   0.000 B/op   0.000 allocs/op
  [2/2]  bench  RouterUpdate/root                     92.9 ns/op ±5%   0.000 B/op   0.000 allocs/op    470ms
  [1/2]  bench  RouterUpdate/round                    56.3 ns/op   0.000 B/op   0.000 allocs/op
  [2/2]  bench  RouterUpdate/round                    56.7 ns/op ±1%   0.000 B/op   0.000 allocs/op    420ms
  [1/2]  bench  NoiseSentinelHash                     36,139 ns/op   1,813 MB/s   0.000 B/op   0.000 allocs/op
  [2/2]  bench  NoiseSentinelHash                     36,144 ns/op ±0%   1,813 MB/s ±0%   0.000 B/op   0.000 allocs/op    360ms
  [1/2]  bench  NoiseSentinelLoop                     6,694 ns/op   0.000 B/op   0.000 allocs/op
  [2/2]  bench  NoiseSentinelLoop                     6,693 ns/op ±0%   0.000 B/op   0.000 allocs/op    420ms
  [1/2]  bench  BatchVerifierImpls/libsodium_single   3,674,256 ns/op   21,264 B/op   261 allocs/op
  [2/2]  bench  BatchVerifierImpls/libsodium_single   3,622,766 ns/op ±1%   21,264 B/op   261 allocs/op    360ms
  [1/2]  bench  BatchVerifierImpls/libsodium_batch    1,485,110 ns/op   26,064 B/op   12.0 allocs/op
  [2/2]  bench  BatchVerifierImpls/libsodium_batch    1,484,154 ns/op ±0%   26,064 B/op   12.0 allocs/op    510ms
  [1/2]  bench  BatchVerifierImpls/ed25519consensus   1,595,312 ns/op   270,016 B/op   137 allocs/op
  [2/2]  bench  BatchVerifierImpls/ed25519consensus   1,595,722 ns/op ±0%   270,016 B/op   137 allocs/op    520ms
  [1/2]  bench  Hash                                  220 ns/op   0.000 B/op   0.000 allocs/op
  [2/2]  bench  Hash                                  220 ns/op ±0%   0.000 B/op   0.000 allocs/op    580ms
  [1/2]  bench  SignVerify                            69,500 ns/op   336 B/op   10.0 allocs/op
  [2/2]  bench  SignVerify                            71,750 ns/op ±3%   336 B/op   10.0 allocs/op    370ms
  [1/2]  bench  Verify25519/libsodium                 57,731 ns/op   128 B/op   4.00 allocs/op
  [2/2]  bench  Verify25519/libsodium                 56,246 ns/op ±3%   128 B/op   4.00 allocs/op    460ms
  [1/2]  bench  Verify25519/ed25519consensus          53,381 ns/op   32.0 B/op   2.00 allocs/op
  [2/2]  bench  Verify25519/ed25519consensus          53,555 ns/op ±0%   32.0 B/op   2.00 allocs/op    480ms
  [1/2]  bench  OneTimeSigBatchVerification/libsodium_singles  167,544 ns/op   1,304 B/op   24.0 allocs/op
  [2/2]  bench  OneTimeSigBatchVerification/libsodium_singles  167,766 ns/op ±0%   1,304 B/op   24.0 allocs/op    610ms
  [1/2]  bench  OneTimeSigBatchVerification/libsodium_batch  141,348 ns/op   1,144 B/op   17.0 allocs/op
  [2/2]  bench  OneTimeSigBatchVerification/libsodium_batch  141,019 ns/op ±0%   1,144 B/op   17.0 allocs/op    630ms
  [1/2]  bench  OneTimeSigBatchVerification/ed25519consensus_batch  114,684 ns/op   14,319 B/op   22.0 allocs/op
  [2/2]  bench  OneTimeSigBatchVerification/ed25519consensus_batch  114,525 ns/op ±0%   14,319 B/op   22.0 allocs/op    630ms
  [1/2]  bench  VrfVerify                             202,003 ns/op   176 B/op   3.00 allocs/op
  [2/2]  bench  VrfVerify                             198,698 ns/op ±2%   176 B/op   3.00 allocs/op    720ms
  [1/2]  bench  AppRateLimiter_TxgroupToKeys          16,367 ns/op   9,512 B/op   3.00 allocs/op
  [2/2]  bench  AppRateLimiter_TxgroupToKeys          15,947 ns/op ±3%   9,512 B/op   3.00 allocs/op    720ms
  [1/2]  bench  AddressFormatting                     290 ns/op   128 B/op   2.00 allocs/op
  [2/2]  bench  AddressFormatting                     290 ns/op ±0%   128 B/op   2.00 allocs/op    650ms
  [1/2]  bench  UnmarshalChecksumAddress              697 ns/op   192 B/op   3.00 allocs/op
  [2/2]  bench  UnmarshalChecksumAddress              698 ns/op ±0%   192 B/op   3.00 allocs/op    340ms
  [1/2]  bench  CodecRealistic/encode-signed-pay      647 ns/op   2,688 B/op   1.00 allocs/op
  [2/2]  bench  CodecRealistic/encode-signed-pay      643 ns/op ±1%   2,688 B/op   1.00 allocs/op    650ms
  [1/2]  bench  CodecRealistic/decode-signed-pay      213 ns/op   64.0 B/op   3.00 allocs/op
  [2/2]  bench  CodecRealistic/decode-signed-pay      213 ns/op ±0%   64.0 B/op   3.00 allocs/op    570ms
  [1/2]  bench  CodecRealistic/encode-signed-appl     736 ns/op   3,072 B/op   1.00 allocs/op
  [2/2]  bench  CodecRealistic/encode-signed-appl     822 ns/op ±11%   3,072 B/op   1.00 allocs/op    350ms
  [1/2]  bench  CodecRealistic/decode-signed-appl     534 ns/op   376 B/op   13.0 allocs/op
  [2/2]  bench  CodecRealistic/decode-signed-appl     540 ns/op ±1%   376 B/op   13.0 allocs/op    650ms
  [1/2]  bench  CodecRealistic/encode-block-header    648 ns/op   1,824 B/op   3.00 allocs/op
  [2/2]  bench  CodecRealistic/encode-block-header    646 ns/op ±0%   1,824 B/op   3.00 allocs/op    350ms
  [1/2]  bench  CodecRealistic/decode-block-header    685 ns/op   720 B/op   9.00 allocs/op
  [2/2]  bench  CodecRealistic/decode-block-header    680 ns/op ±1%   720 B/op   9.00 allocs/op    650ms
  [1/2]  bench  HashObj/txn                           1,266 ns/op   3,936 B/op   3.00 allocs/op
  [2/2]  bench  HashObj/txn                           1,266 ns/op   3,936 B/op   3.00 allocs/op    350ms
  [1/2]  bench  HashObj/block-header                  2,491 ns/op   3,552 B/op   5.00 allocs/op
  [2/2]  bench  HashObj/block-header                  2,487 ns/op ±0%   3,552 B/op   5.00 allocs/op    360ms
  [1/2]  bench  AppendMsgBlockHeader                  48.3 ns/op   20.7 MB/s   0.000 B/op   0.000 allocs/op
  [2/2]  bench  AppendMsgBlockHeader                  48.5 ns/op ±0%   20.6 MB/s ±0%   0.000 B/op   0.000 allocs/op    410ms
  [1/2]  bench  Sortition                             435,344 ns/op   1,825 B/op   21.0 allocs/op
  [2/2]  bench  Sortition                             435,025 ns/op ±0%   1,825 B/op ±0%   21.0 allocs/op    420ms
  [1/2]  bench  StatusCachePut                        1,013 ns/op   220 B/op   1.00 allocs/op
  [2/2]  bench  StatusCachePut                        1,009 ns/op ±0%   220 B/op   1.00 allocs/op    360ms
  [1/2]  bench  StatusCacheCheckHit                   237 ns/op   19.0 B/op   2.00 allocs/op
  [2/2]  bench  StatusCacheCheckHit                   237 ns/op ±0%   19.0 B/op   2.00 allocs/op    610ms
  [1/2]  bench  StatusCacheCheckMiss                  70.1 ns/op   0.000 B/op   0.000 allocs/op
  [2/2]  bench  StatusCacheCheckMiss                  70.2 ns/op ±0%   0.000 B/op   0.000 allocs/op    440ms
  [1/2]  bench  TransactionPoolRecompute              997,636,605 ns/op   34,822 ns/txn   1,121,875,760 B/op   2,398,022 allocs/op
  [2/2]  bench  TransactionPoolRecompute              998,477,904 ns/op ±0%   34,851 ns/txn ±0%   1,121,852,096 B/op ±0%   2,398,007 allocs/op ±0%    2.79s
  [1/2]  bench  TxnIDs/signed-txn-id                  608 ns/op   0.000 B/op   0.000 allocs/op
  [2/2]  bench  TxnIDs/signed-txn-id                  609 ns/op ±0%   0.000 B/op   0.000 allocs/op    360ms
  [1/2]  bench  TxnIDs/group-id                       15,343 ns/op   2,273 B/op   4.00 allocs/op
  [2/2]  bench  TxnIDs/group-id                       15,162 ns/op ±1%   2,273 B/op   4.00 allocs/op    510ms
  [1/2]  bench  WellFormed/pay                        147 ns/op   0.000 B/op   0.000 allocs/op
  [2/2]  bench  WellFormed/pay                        146 ns/op ±0%   0.000 B/op   0.000 allocs/op    500ms
  [1/2]  bench  WellFormed/axfer                      129 ns/op   0.000 B/op   0.000 allocs/op
  [2/2]  bench  WellFormed/axfer                      128 ns/op ±1%   0.000 B/op   0.000 allocs/op    480ms
  [1/2]  bench  WellFormed/acfg                       140 ns/op   0.000 B/op   0.000 allocs/op
  [2/2]  bench  WellFormed/acfg                       138 ns/op ±1%   0.000 B/op   0.000 allocs/op    490ms
  [1/2]  bench  WellFormed/appl                       186 ns/op   0.000 B/op   0.000 allocs/op
  [2/2]  bench  WellFormed/appl                       186 ns/op ±0%   0.000 B/op   0.000 allocs/op    550ms
  [1/2]  bench  WellFormed/keyreg                     192 ns/op   0.000 B/op   0.000 allocs/op
  [2/2]  bench  WellFormed/keyreg                     193 ns/op ±1%   0.000 B/op   0.000 allocs/op    560ms
  [1/2]  bench  Assemble                              268,684 ns/op   329,242 B/op   3,263 allocs/op
  [2/2]  bench  Assemble                              271,530 ns/op ±1%   329,241 B/op ±0%   3,263 allocs/op    380ms
  [1/2]  bench  Disassemble                           52,325 ns/op   49,984 B/op   888 allocs/op
  [2/2]  bench  Disassemble                           52,174 ns/op ±0%   49,984 B/op ±0%   888 allocs/op    340ms
  [1/2]  bench  BoxOps/box_get                        2,449 ns/op   3.00 extra/op   3,363 B/op   33.0 allocs/op
  [2/2]  bench  BoxOps/box_get                        2,447 ns/op ±0%   3.00 extra/op   3,363 B/op   33.0 allocs/op    410ms
  [1/2]  bench  BoxOps/box_len                        2,004 ns/op   3.00 extra/op   1,023 B/op   31.0 allocs/op
  [2/2]  bench  BoxOps/box_len                        2,001 ns/op ±0%   3.00 extra/op   1,023 B/op   31.0 allocs/op    410ms
  [1/2]  bench  BoxOps/box_extract                    2,387 ns/op   4.00 extra/op   1,520 B/op   37.0 allocs/op
  [2/2]  bench  BoxOps/box_extract                    2,396 ns/op ±0%   4.00 extra/op   1,521 B/op ±0%   37.0 allocs/op    430ms
  [1/2]  bench  BoxOps/box_replace                    2,157 ns/op   3.00 extra/op   1,308 B/op   34.0 allocs/op
  [2/2]  bench  BoxOps/box_replace                    2,165 ns/op ±0%   3.00 extra/op   1,308 B/op ±0%   34.0 allocs/op    410ms
  [1/2]  bench  BoxOps/box_splice                     2,708 ns/op   4.00 extra/op   1,625 B/op   42.0 allocs/op
  [2/2]  bench  BoxOps/box_splice                     2,702 ns/op ±0%   4.00 extra/op   1,625 B/op   42.0 allocs/op    420ms
  [1/2]  bench  BoxOps/box_put                        2,184 ns/op   3.00 extra/op   2,087 B/op   31.0 allocs/op
  [2/2]  bench  BoxOps/box_put                        2,197 ns/op ±1%   3.00 extra/op   2,087 B/op   31.0 allocs/op    410ms
  [1/2]  bench  BoxOps/box_resize                     4,684 ns/op   5.00 extra/op   1,722 B/op   52.0 allocs/op
  [2/2]  bench  BoxOps/box_resize                     4,683 ns/op ±0%   5.00 extra/op   1,722 B/op   52.0 allocs/op    450ms
  [1/2]  bench  BoxOps/box_create_del                 4,295 ns/op   6.00 extra/op   1,778 B/op   54.0 allocs/op
  [2/2]  bench  BoxOps/box_create_del                 4,318 ns/op ±1%   6.00 extra/op   1,778 B/op   54.0 allocs/op    460ms
  [1/2]  bench  InnerTxn/pay                          17,672 ns/op   24,581 B/op   127 allocs/op
  [2/2]  bench  InnerTxn/pay                          19,222 ns/op ±8%   24,581 B/op   127 allocs/op    600ms
  [1/2]  bench  InnerTxn/axfer                        18,155 ns/op   25,182 B/op   134 allocs/op
  [2/2]  bench  InnerTxn/axfer                        18,187 ns/op ±0%   25,182 B/op   134 allocs/op    540ms
  [1/2]  bench  InnerTxn/appl                         17,495 ns/op   33,111 B/op   100 allocs/op
  [2/2]  bench  InnerTxn/appl                         17,577 ns/op ±0%   33,111 B/op   100 allocs/op    540ms
  [1/2]  bench  StateOps/app_global_get               1,213 ns/op   2.00 extra/op   677 B/op   21.0 allocs/op
  [2/2]  bench  StateOps/app_global_get               1,212 ns/op ±0%   2.00 extra/op   677 B/op   21.0 allocs/op    390ms
  [1/2]  bench  StateOps/app_global_put               1,807 ns/op   2.00 extra/op   1,354 B/op   27.0 allocs/op
  [2/2]  bench  StateOps/app_global_put               1,794 ns/op ±1%   2.00 extra/op   1,354 B/op ±0%   27.0 allocs/op    390ms
  [1/2]  bench  StateOps/app_global_del               879 ns/op   1.00 extra/op   499 B/op   15.0 allocs/op
  [2/2]  bench  StateOps/app_global_del               885 ns/op ±1%   1.00 extra/op   499 B/op   15.0 allocs/op    350ms
  [1/2]  bench  StateOps/app_local_get                1,789 ns/op   3.00 extra/op   912 B/op   29.0 allocs/op
  [2/2]  bench  StateOps/app_local_get                1,784 ns/op ±0%   3.00 extra/op   912 B/op   29.0 allocs/op    410ms
  [1/2]  bench  StateOps/app_local_put                2,070 ns/op   3.00 extra/op   1,165 B/op   33.0 allocs/op
  [2/2]  bench  StateOps/app_local_put                2,070 ns/op   3.00 extra/op   1,166 B/op ±0%   33.0 allocs/op    400ms
  [1/2]  bench  StateOps/app_local_del                1,471 ns/op   2.00 extra/op   702 B/op   23.0 allocs/op
  [2/2]  bench  StateOps/app_local_del                1,468 ns/op ±0%   2.00 extra/op   702 B/op   23.0 allocs/op    390ms
  [1/2]  bench  StateOps/asset_holding_get            2,484 ns/op   4.00 extra/op   1,277 B/op   36.0 allocs/op
  [2/2]  bench  StateOps/asset_holding_get            2,436 ns/op ±2%   4.00 extra/op   1,277 B/op   36.0 allocs/op    410ms
  [1/2]  bench  StateOps/asset_params_get             2,101 ns/op   3.00 extra/op   1,509 B/op   34.0 allocs/op
  [2/2]  bench  StateOps/asset_params_get             2,121 ns/op ±1%   3.00 extra/op   1,509 B/op ±0%   34.0 allocs/op    410ms
  [1/2]  bench  StateOps/app_params_get               1,963 ns/op   3.00 extra/op   1,324 B/op   30.0 allocs/op
  [2/2]  bench  StateOps/app_params_get               1,975 ns/op ±1%   3.00 extra/op   1,324 B/op   30.0 allocs/op    400ms
  [1/2]  bench  StateOps/acct_params_get              3,131 ns/op   3.00 extra/op   1,709 B/op   36.0 allocs/op
  [2/2]  bench  StateOps/acct_params_get              3,135 ns/op ±0%   3.00 extra/op   1,709 B/op ±0%   36.0 allocs/op    420ms
  [1/2]  bench  Verify/pop                            44.7 ns/op   3.00 extra/op   6.00 B/op   0.000 allocs/op
  [2/2]  bench  Verify/pop                            44.7 ns/op ±0%   3.00 extra/op   6.00 B/op   0.000 allocs/op    480ms
  [1/2]  bench  Verify/add                            50.7 ns/op   3.00 extra/op   6.00 B/op   0.000 allocs/op
  [2/2]  bench  Verify/add                            50.7 ns/op ±0%   3.00 extra/op   6.00 B/op   0.000 allocs/op    490ms
  [1/2]  bench  Verify/ed25519verify_bare             55,070 ns/op   7.00 extra/op   104 B/op   2.00 allocs/op
  [2/2]  bench  Verify/ed25519verify_bare             54,594 ns/op ±1%   7.00 extra/op   104 B/op   2.00 allocs/op    470ms
  [1/2]  bench  Verify/ecdsa_verify_k1                53,974 ns/op   7.00 extra/op   344 B/op   6.00 allocs/op
  [2/2]  bench  Verify/ecdsa_verify_k1                53,799 ns/op ±0%   7.00 extra/op   344 B/op   6.00 allocs/op    510ms
  [1/2]  bench  Verify/ecdsa_verify_r1                70,416 ns/op   7.00 extra/op   1,416 B/op   25.0 allocs/op
  [2/2]  bench  Verify/ecdsa_verify_r1                70,462 ns/op ±0%   7.00 extra/op   1,416 B/op   25.0 allocs/op    510ms
  [1/2]  bench  Verify/falcon_verify_FalconDet1024    44,498 ns/op   4.00 extra/op   2,056 B/op   1.00 allocs/op
  [2/2]  bench  Verify/falcon_verify_FalconDet1024    43,736 ns/op ±2%   4.00 extra/op   2,055 B/op ±0%   1.00 allocs/op    830ms
  [1/2]  bench  Verify/falcon_verify_FalconDet512     21,488 ns/op   4.00 extra/op   1,031 B/op   1.00 allocs/op
  [2/2]  bench  Verify/falcon_verify_FalconDet512     21,478 ns/op ±0%   4.00 extra/op   1,031 B/op   1.00 allocs/op    940ms
  [1/2]  bench  Verify/vrf_verify                     200,639 ns/op   5.00 extra/op   279 B/op   6.00 allocs/op
  [2/2]  bench  Verify/vrf_verify                     201,021 ns/op ±0%   5.00 extra/op   279 B/op   6.00 allocs/op    510ms
  [1/2]  bench  CheckSignature                        6,995 ns/op   12,320 B/op   9.00 allocs/op
  [2/2]  bench  CheckSignature                        7,025 ns/op ±0%   12,320 B/op   9.00 allocs/op    430ms
  [1/2]  bench  Addx64/add_long_stack                 5,340 ns/op   17,072 B/op   12.0 allocs/op
  [2/2]  bench  Addx64/add_long_stack                 5,355 ns/op ±0%   17,072 B/op   12.0 allocs/op    410ms
  [1/2]  bench  Addx64/add_small_stack                4,974 ns/op   13,616 B/op   10.0 allocs/op
  [2/2]  bench  Addx64/add_small_stack                4,940 ns/op ±1%   13,616 B/op   10.0 allocs/op    400ms
  [1/2]  bench  NopPassx1                             2,708 ns/op   13,616 B/op   10.0 allocs/op
  [2/2]  bench  NopPassx1                             2,698 ns/op ±0%   13,616 B/op   10.0 allocs/op    370ms
  [1/2]  bench  Checkx5                               91,233 ns/op   107,269 B/op   957 allocs/op
  [2/2]  bench  Checkx5                               90,734 ns/op ±1%   107,269 B/op   957 allocs/op    330ms
  [1/2]  bench  AppendMsgSignedTxn                    98.0 ns/op   10.2 MB/s   0.000 B/op   0.000 allocs/op
  [2/2]  bench  AppendMsgSignedTxn                    98.0 ns/op ±0%   10.2 MB/s ±0%   0.000 B/op   0.000 allocs/op    460ms
  [1/2]  bench  TinyMan/eval-lsig-signature           14,838 ns/op   36,840 B/op   86.0 allocs/op
  [2/2]  bench  TinyMan/eval-lsig-signature           14,802 ns/op ±0%   36,840 B/op   86.0 allocs/op    510ms
  [1/2]  bench  TinyMan/group-check-actual            134,421 ns/op   99,801 B/op   135 allocs/op
  [2/2]  bench  TinyMan/group-check-actual            135,939 ns/op ±1%   99,755 B/op ±0%   135 allocs/op    1.26s
  [1/2]  bench  TinyMan/group-check-all-crypto        154,528 ns/op   54,547 B/op   34.0 allocs/op
  [2/2]  bench  TinyMan/group-check-all-crypto        154,825 ns/op ±0%   54,613 B/op ±0%   34.0 allocs/op    360ms
  [1/2]  bench  LogicSigSanityCheck                   9,220 ns/op   18,296 B/op   14.0 allocs/op
  [2/2]  bench  LogicSigSanityCheck                   9,274 ns/op ±1%   18,296 B/op   14.0 allocs/op    460ms
  [1/2]  bench  PaysetGroups                          15,771 ns/op   28,645 B/op   6.00 allocs/op
  [2/2]  bench  PaysetGroups                          15,750 ns/op ±0%   28,457 B/op ±1%   6.00 allocs/op    910ms
  [1/2]  bench  Txn                                   32,628 ns/op   12,311 B/op   6.00 allocs/op
  [2/2]  bench  Txn                                   32,669 ns/op ±0%   12,311 B/op   6.00 allocs/op    1.02s
  [1/2]  bench  TxHandlerProcessing/processDecoded    14,943 ns/op   3,912 B/op   44.0 allocs/op
  [2/2]  bench  TxHandlerProcessing/processDecoded    15,661 ns/op ±5%   3,912 B/op   44.0 allocs/op    1.29s
  [1/2]  bench  TxHandlerProcessing/verify.TxnGroup   59,440 ns/op   11,872 B/op   16.0 allocs/op
  [2/2]  bench  TxHandlerProcessing/verify.TxnGroup   59,621 ns/op ±0%   11,872 B/op   16.0 allocs/op    520ms
  [1/2]  bench  TxHandlerDecoderMsgp                  13,246,265 ns/op   7,275,628 B/op   27,885 allocs/op
  [2/2]  bench  TxHandlerDecoderMsgp                  13,323,811 ns/op ±1%   7,419,538 B/op ±2%   27,943 allocs/op ±0%    800ms
  [1/2]  bench  CompactDeltas/account-deltas          2,160,351 ns/op   4,123,000 B/op   16.0 allocs/op
  [2/2]  bench  CompactDeltas/account-deltas          2,177,469 ns/op ±1%   4,123,000 B/op   16.0 allocs/op    2.43s
  [1/2]  bench  Apply/asset-transfer                  612 ns/op   512 B/op   4.00 allocs/op
  [2/2]  bench  Apply/asset-transfer                  615 ns/op ±1%   512 B/op   4.00 allocs/op    330ms
  [1/2]  bench  Apply/keyreg                          430 ns/op   0.000 B/op   0.000 allocs/op
  [2/2]  bench  Apply/keyreg                          432 ns/op ±0%   0.000 B/op   0.000 allocs/op    360ms
  [1/2]  bench  Apply/app-call                        176 ns/op   0.000 B/op   0.000 allocs/op
  [2/2]  bench  Apply/app-call                        174 ns/op ±1%   0.000 B/op   0.000 allocs/op    530ms
  [1/2]  bench  CompactResourceDeltas                 5,873,766 ns/op   10,273,457 B/op   36.0 allocs/op
  [2/2]  bench  CompactResourceDeltas                 5,934,543 ns/op ±1%   10,273,457 B/op ±0%   36.0 allocs/op    450ms
  [1/2]  bench  TxTailCheckDup/hit                    68.1 ns/op   48.0 B/op   1.00 allocs/op
  [2/2]  bench  TxTailCheckDup/hit                    68.2 ns/op ±0%   48.0 B/op   1.00 allocs/op    420ms
  [1/2]  bench  TxTailCheckDup/miss                   33.9 ns/op   0.000 B/op   0.000 allocs/op
  [2/2]  bench  TxTailCheckDup/miss                   33.9 ns/op   0.000 B/op   0.000 allocs/op    390ms
  [1/2]  bench  CowChild                              61.1 ns/op   0.000 B/op   0.000 allocs/op
  [2/2]  bench  CowChild                              60.8 ns/op ±0%   0.000 B/op   0.000 allocs/op    420ms
  [1/2]  bench  PrefetcherApps                        303 ns/op   111 B/op   1.00 allocs/op
  [2/2]  bench  PrefetcherApps                        297 ns/op ±2%   110 B/op ±1%   1.00 allocs/op    1.56s
  [1/2]  bench  PrefetcherPayment                     309 ns/op   87.0 B/op   0.000 allocs/op
  [2/2]  bench  PrefetcherPayment                     316 ns/op ±2%   87.0 B/op   0.000 allocs/op    610ms
  [1/2]  bench  BlockEvaluatorRAMNoCrypto             475,389,681 ns/op   9,509 ns/eval_validate_tx   589,526,804 B/op   1,351,122 allocs/op
  [2/2]  bench  BlockEvaluatorRAMNoCrypto             472,489,764 ns/op ±1%   9,451 ns/eval_validate_tx ±1%   589,532,276 B/op ±0%   1,351,120 allocs/op ±0%    8.88s
  [1/2]  bench  BlockValidationMix                    1,615,026,748 ns/op   1,934,250,728 B/op   7,450,264 allocs/op
  [2/2]  bench  BlockValidationMix                    1,607,374,639 ns/op ±0%   1,928,978,100 B/op ±0%   7,450,492 allocs/op ±0%    9.5s
  [1/2]  bench  AppInt1                               852,753,981 ns/op   1,973,852,080 B/op   2,941,527 allocs/op
  [2/2]  bench  AppInt1                               818,449,285 ns/op ±4%   1,973,836,744 B/op ±0%   2,941,508 allocs/op ±0%    1.85s
  [1/2]  bench  AccountDeltasOps/upsert               522,390 ns/op   3,539,637 B/op   35.0 allocs/op
  [2/2]  bench  AccountDeltasOps/upsert               526,561 ns/op ±1%   3,539,638 B/op ±0%   35.0 allocs/op    380ms
  [1/2]  bench  AccountDeltasOps/merge                491,753 ns/op   800,528 B/op   66.0 allocs/op
  [2/2]  bench  AccountDeltasOps/merge                487,625 ns/op ±1%   800,529 B/op ±0%   66.0 allocs/op    720ms
  [1/2]  bench  AccountDeltasOps/optimize             109,317 ns/op   1,131,187 B/op   35.0 allocs/op
  [2/2]  bench  AccountDeltasOps/optimize             109,154 ns/op ±0%   1,131,186 B/op ±0%   35.0 allocs/op    460ms
  [1/2]  bench  MakeStateDelta                        940,234 ns/op   20,811,629 B/op   197 allocs/op
  [2/2]  bench  MakeStateDelta                        929,388 ns/op ±1%   20,811,627 B/op ±0%   197 allocs/op    420ms
  [1/2]  bench  OnlineAccountsCacheRead320            3,330,870 ns/op   705,478 B/op   4,021 allocs/op
  [2/2]  bench  OnlineAccountsCacheRead320            3,256,070 ns/op ±2%   705,479 B/op ±0%   4,021 allocs/op    320ms
  [1/2]  bench  MessageFilterCheck/hit                5,086 ns/op   1,248 B/op   9.00 allocs/op
  [2/2]  bench  MessageFilterCheck/hit                5,088 ns/op ±0%   1,248 B/op   9.00 allocs/op    400ms
  [1/2]  bench  MessageFilterCheck/miss               5,153 ns/op   1,248 B/op   9.00 allocs/op
  [2/2]  bench  MessageFilterCheck/miss               5,134 ns/op ±0%   1,248 B/op   9.00 allocs/op    380ms
  [1/2]  bench  GenerateMessageDigest                 454 ns/op   0.000 B/op   0.000 allocs/op
  [2/2]  bench  GenerateMessageDigest                 453 ns/op ±0%   0.000 B/op   0.000 allocs/op    360ms
  [1/2]  bench  VpackVote/compress                    396 ns/op   1,585 MB/s   0.000 B/op   0.000 allocs/op
  [2/2]  bench  VpackVote/compress                    395 ns/op ±0%   1,589 MB/s ±0%   0.000 B/op   0.000 allocs/op    360ms
  [1/2]  bench  VpackVote/decompress                  99.8 ns/op   4,732 MB/s   0.000 B/op   0.000 allocs/op
  [2/2]  bench  VpackVote/decompress                  99.2 ns/op ±1%   4,760 MB/s ±1%   0.000 B/op   0.000 allocs/op    460ms
  [1/2]  bench  BloomFilterSet                        88.0 ns/op   0.000 B/op   0.000 allocs/op
  [2/2]  bench  BloomFilterSet                        88.0 ns/op ±0%   0.000 B/op   0.000 allocs/op    1.66s
  [1/2]  bench  BloomFilterTest                       84.1 ns/op   0.000 B/op   0.000 allocs/op
  [2/2]  bench  BloomFilterTest                       84.3 ns/op ±0%   0.000 B/op   0.000 allocs/op    1.91s
  [1/2]  bench  TagCounter                            13.4 ns/op   0.000 B/op   0.000 allocs/op
  [2/2]  bench  TagCounter                            13.5 ns/op ±1%   0.000 B/op   0.000 allocs/op    360ms
