  [1/2]  bench  VoteVerify                            376,661 ns/op   6,889 B/op   65.0 allocs/op
  [2/2]  bench  VoteVerify                            378,136 ns/op ±0%   6,889 B/op ±0%   65.0 allocs/op    500ms
  [1/2]  bench  CryptoVerifierVoteVertification       174,950 ns/op   24,011 B/op   71.0 allocs/op
  [2/2]  bench  CryptoVerifierVoteVertification       177,183 ns/op ±1%   24,007 B/op ±0%   71.0 allocs/op    510ms
  [1/2]  bench  CryptoVerifierProposalVertification   231,575 ns/op   12,474 B/op   54.0 allocs/op
  [2/2]  bench  CryptoVerifierProposalVertification   233,323 ns/op ±1%   12,474 B/op   54.0 allocs/op    510ms
  [1/2]  bench  VoteDecoding                          317 ns/op   1,152 B/op   2.00 allocs/op
  [2/2]  bench  VoteDecoding                          314 ns/op ±1%   1,152 B/op   2.00 allocs/op    730ms
  [1/2]  bench  RouterUpdate/root                     96.0 ns/op   0.000 B/op   0.000 allocs/op
  [2/2]  bench  RouterUpdate/root                     96.6 ns/op ±1%   0.000 B/op   0.000 allocs/op    460ms
  [1/2]  bench  RouterUpdate/round                    57.3 ns/op   0.000 B/op   0.000 allocs/op
  [2/2]  bench  RouterUpdate/round                    56.6 ns/op ±1%   0.000 B/op   0.000 allocs/op    410ms
  [1/2]  bench  NoiseSentinelHash                     36,602 ns/op   1,791 MB/s   0.000 B/op   0.000 allocs/op
  [2/2]  bench  NoiseSentinelHash                     36,369 ns/op ±1%   1,802 MB/s ±1%   0.000 B/op   0.000 allocs/op    360ms
  [1/2]  bench  NoiseSentinelLoop                     6,689 ns/op   0.000 B/op   0.000 allocs/op
  [2/2]  bench  NoiseSentinelLoop                     6,694 ns/op ±0%   0.000 B/op   0.000 allocs/op    420ms
  [1/2]  bench  BatchVerifierImpls/libsodium_single   3,531,144 ns/op   21,264 B/op   261 allocs/op
  [2/2]  bench  BatchVerifierImpls/libsodium_single   3,592,804 ns/op ±2%   21,264 B/op   261 allocs/op    360ms
  [1/2]  bench  BatchVerifierImpls/libsodium_batch    1,482,561 ns/op   26,087 B/op   12.0 allocs/op
  [2/2]  bench  BatchVerifierImpls/libsodium_batch    1,495,352 ns/op ±1%   26,076 B/op ±0%   12.0 allocs/op    510ms
  [1/2]  bench  BatchVerifierImpls/ed25519consensus   1,580,711 ns/op   270,041 B/op   137 allocs/op
  [2/2]  bench  BatchVerifierImpls/ed25519consensus   1,582,394 ns/op ±0%   270,030 B/op ±0%   137 allocs/op    510ms
  [1/2]  bench  Hash                                  220 ns/op   0.000 B/op   0.000 allocs/op
  [2/2]  bench  Hash                                  220 ns/op ±0%   0.000 B/op   0.000 allocs/op    580ms
  [1/2]  bench  SignVerify                            71,342 ns/op   336 B/op   10.0 allocs/op
  [2/2]  bench  SignVerify                            69,958 ns/op ±2%   336 B/op   10.0 allocs/op    360ms
  [1/2]  bench  Verify25519/libsodium                 56,607 ns/op   128 B/op   4.00 allocs/op
  [2/2]  bench  Verify25519/libsodium                 55,810 ns/op ±1%   128 B/op   4.00 allocs/op    480ms
  [1/2]  bench  Verify25519/ed25519consensus          53,785 ns/op   32.0 B/op   2.00 allocs/op
  [2/2]  bench  Verify25519/ed25519consensus          53,642 ns/op ±0%   32.0 B/op   2.00 allocs/op    470ms
  [1/2]  bench  OneTimeSigBatchVerification/libsodium_singles  165,248 ns/op   1,303 B/op   24.0 allocs/op
  [2/2]  bench  OneTimeSigBatchVerification/libsodium_singles  168,275 ns/op ±2%   1,304 B/op ±0%   24.0 allocs/op    620ms
  [1/2]  bench  OneTimeSigBatchVerification/libsodium_batch  139,231 ns/op   1,144 B/op   17.0 allocs/op
  [2/2]  bench  OneTimeSigBatchVerification/libsodium_batch  139,284 ns/op ±0%   1,144 B/op   17.0 allocs/op    620ms
  [1/2]  bench  OneTimeSigBatchVerification/ed25519consensus_batch  113,278 ns/op   14,320 B/op   22.0 allocs/op
  [2/2]  bench  OneTimeSigBatchVerification/ed25519consensus_batch  113,458 ns/op ±0%   14,320 B/op   22.0 allocs/op    620ms
  [1/2]  bench  VrfVerify                             196,479 ns/op   176 B/op   3.00 allocs/op
  [2/2]  bench  VrfVerify                             196,912 ns/op ±0%   176 B/op   3.00 allocs/op    700ms
  [1/2]  bench  AppRateLimiter_TxgroupToKeys          16,092 ns/op   9,512 B/op   3.00 allocs/op
  [2/2]  bench  AppRateLimiter_TxgroupToKeys          15,895 ns/op ±1%   9,512 B/op   3.00 allocs/op    690ms
  [1/2]  bench  AddressFormatting                     287 ns/op   128 B/op   2.00 allocs/op
  [2/2]  bench  AddressFormatting                     287 ns/op ±0%   128 B/op   2.00 allocs/op    650ms
  [1/2]  bench  UnmarshalChecksumAddress              716 ns/op   192 B/op   3.00 allocs/op
  [2/2]  bench  UnmarshalChecksumAddress              705 ns/op ±1%   192 B/op   3.00 allocs/op    340ms
  [1/2]  bench  CodecRealistic/encode-signed-pay      625 ns/op   2,688 B/op   1.00 allocs/op
  [2/2]  bench  CodecRealistic/encode-signed-pay      623 ns/op ±0%   2,688 B/op   1.00 allocs/op    620ms
  [1/2]  bench  CodecRealistic/decode-signed-pay      211 ns/op   64.0 B/op   3.00 allocs/op
  [2/2]  bench  CodecRealistic/decode-signed-pay      211 ns/op ±0%   64.0 B/op   3.00 allocs/op    570ms
  [1/2]  bench  CodecRealistic/encode-signed-appl     742 ns/op   3,072 B/op   1.00 allocs/op
  [2/2]  bench  CodecRealistic/encode-signed-appl     743 ns/op ±0%   3,072 B/op   1.00 allocs/op    320ms
  [1/2]  bench  CodecRealistic/decode-signed-appl     529 ns/op   376 B/op   13.0 allocs/op
  [2/2]  bench  CodecRealistic/decode-signed-appl     532 ns/op ±1%   376 B/op   13.0 allocs/op    640ms
  [1/2]  bench  CodecRealistic/encode-block-header    639 ns/op   1,824 B/op   3.00 allocs/op
  [2/2]  bench  CodecRealistic/encode-block-header    639 ns/op ±0%   1,824 B/op   3.00 allocs/op    310ms
  [1/2]  bench  CodecRealistic/decode-block-header    673 ns/op   720 B/op   9.00 allocs/op
  [2/2]  bench  CodecRealistic/decode-block-header    678 ns/op ±1%   720 B/op   9.00 allocs/op    310ms
  [1/2]  bench  HashObj/txn                           1,270 ns/op   3,936 B/op   3.00 allocs/op
  [2/2]  bench  HashObj/txn                           1,263 ns/op ±1%   3,936 B/op   3.00 allocs/op    320ms
  [1/2]  bench  HashObj/block-header                  2,471 ns/op   3,552 B/op   5.00 allocs/op
  [2/2]  bench  HashObj/block-header                  2,469 ns/op ±0%   3,552 B/op   5.00 allocs/op    370ms
  [1/2]  bench  AppendMsgBlockHeader                  48.3 ns/op   20.7 MB/s   0.000 B/op   0.000 allocs/op
  [2/2]  bench  AppendMsgBlockHeader                  48.3 ns/op ±0%   20.7 MB/s ±0%   0.000 B/op   0.000 allocs/op    410ms
  [1/2]  bench  Sortition                             427,737 ns/op   1,825 B/op   21.0 allocs/op
  [2/2]  bench  Sortition                             428,009 ns/op ±0%   1,825 B/op   21.0 allocs/op    410ms
  [1/2]  bench  StatusCachePut                        1,002 ns/op   220 B/op   1.00 allocs/op
  [2/2]  bench  StatusCachePut                        1,006 ns/op ±0%   220 B/op   1.00 allocs/op    340ms
  [1/2]  bench  StatusCacheCheckHit                   237 ns/op   19.0 B/op   2.00 allocs/op
  [2/2]  bench  StatusCacheCheckHit                   238 ns/op ±0%   19.0 B/op   2.00 allocs/op    610ms
  [1/2]  bench  StatusCacheCheckMiss                  71.2 ns/op   0.000 B/op   0.000 allocs/op
  [2/2]  bench  StatusCacheCheckMiss                  70.9 ns/op ±0%   0.000 B/op   0.000 allocs/op    440ms
  [1/2]  bench  TransactionPoolRecompute              1,132,747,692 ns/op   39,537 ns/txn   1,121,838,528 B/op   2,398,029 allocs/op
  [2/2]  bench  TransactionPoolRecompute              1,055,960,560 ns/op ±7%   36,857 ns/txn ±7%   1,121,653,392 B/op ±0%   2,398,002 allocs/op ±0%    2.73s
  [1/2]  bench  TxnIDs/signed-txn-id                  608 ns/op   0.000 B/op   0.000 allocs/op
  [2/2]  bench  TxnIDs/signed-txn-id                  607 ns/op ±0%   0.000 B/op   0.000 allocs/op    360ms
  [1/2]  bench  TxnIDs/group-id                       14,923 ns/op   2,282 B/op   4.00 allocs/op
  [2/2]  bench  TxnIDs/group-id                       14,944 ns/op ±0%   2,282 B/op   4.00 allocs/op    510ms
  [1/2]  bench  WellFormed/pay                        146 ns/op   0.000 B/op   0.000 allocs/op
  [2/2]  bench  WellFormed/pay                        147 ns/op ±1%   0.000 B/op   0.000 allocs/op    510ms
  [1/2]  bench  WellFormed/axfer                      128 ns/op   0.000 B/op   0.000 allocs/op
  [2/2]  bench  WellFormed/axfer                      129 ns/op ±1%   0.000 B/op   0.000 allocs/op    500ms
  [1/2]  bench  WellFormed/acfg                       138 ns/op   0.000 B/op   0.000 allocs/op
  [2/2]  bench  WellFormed/acfg                       140 ns/op ±2%   0.000 B/op   0.000 allocs/op    510ms
  [1/2]  bench  WellFormed/appl                       185 ns/op   0.000 B/op   0.000 allocs/op
  [2/2]  bench  WellFormed/appl                       185 ns/op ±0%   0.000 B/op   0.000 allocs/op    550ms
  [1/2]  bench  WellFormed/keyreg                     193 ns/op   0.000 B/op   0.000 allocs/op
  [2/2]  bench  WellFormed/keyreg                     193 ns/op ±0%   0.000 B/op   0.000 allocs/op    550ms
  [1/2]  bench  Assemble                              260,261 ns/op   329,239 B/op   3,263 allocs/op
  [2/2]  bench  Assemble                              258,924 ns/op ±1%   329,240 B/op ±0%   3,263 allocs/op    350ms
  [1/2]  bench  Disassemble                           48,908 ns/op   49,983 B/op   888 allocs/op
  [2/2]  bench  Disassemble                           49,452 ns/op ±1%   49,983 B/op   888 allocs/op    350ms
  [1/2]  bench  BoxOps/box_get                        2,358 ns/op   3.00 extra/op   3,364 B/op   33.0 allocs/op
  [2/2]  bench  BoxOps/box_get                        2,351 ns/op ±0%   3.00 extra/op   3,364 B/op   33.0 allocs/op    400ms
  [1/2]  bench  BoxOps/box_len                        1,977 ns/op   3.00 extra/op   1,023 B/op   31.0 allocs/op
  [2/2]  bench  BoxOps/box_len                        1,976 ns/op ±0%   3.00 extra/op   1,023 B/op   31.0 allocs/op    410ms
  [1/2]  bench  BoxOps/box_extract                    2,350 ns/op   4.00 extra/op   1,521 B/op   37.0 allocs/op
  [2/2]  bench  BoxOps/box_extract                    2,350 ns/op   4.00 extra/op   1,521 B/op   37.0 allocs/op    410ms
  [1/2]  bench  BoxOps/box_replace                    2,143 ns/op   3.00 extra/op   1,308 B/op   34.0 allocs/op
  [2/2]  bench  BoxOps/box_replace                    2,136 ns/op ±0%   3.00 extra/op   1,308 B/op ±0%   34.0 allocs/op    410ms
  [1/2]  bench  BoxOps/box_splice                     2,635 ns/op   4.00 extra/op   1,624 B/op   42.0 allocs/op
  [2/2]  bench  BoxOps/box_splice                     2,654 ns/op ±1%   4.00 extra/op   1,625 B/op ±0%   42.0 allocs/op    420ms
  [1/2]  bench  BoxOps/box_put                        2,184 ns/op   3.00 extra/op   2,087 B/op   31.0 allocs/op
  [2/2]  bench  BoxOps/box_put                        2,206 ns/op ±1%   3.00 extra/op   2,087 B/op   31.0 allocs/op    410ms
  [1/2]  bench  BoxOps/box_resize                     4,674 ns/op   5.00 extra/op   1,722 B/op   52.0 allocs/op
  [2/2]  bench  BoxOps/box_resize                     4,684 ns/op ±0%   5.00 extra/op   1,723 B/op ±0%   52.0 allocs/op    450ms
  [1/2]  bench  BoxOps/box_create_del                 4,271 ns/op   6.00 extra/op   1,778 B/op   54.0 allocs/op
  [2/2]  bench  BoxOps/box_create_del                 4,359 ns/op ±2%   6.00 extra/op   1,779 B/op ±0%   54.0 allocs/op    470ms
  [1/2]  bench  InnerTxn/pay                          16,385 ns/op   24,581 B/op   127 allocs/op
  [2/2]  bench  InnerTxn/pay                          16,226 ns/op ±1%   24,581 B/op   127 allocs/op    520ms
  [1/2]  bench  InnerTxn/axfer                        17,266 ns/op   25,182 B/op   134 allocs/op
  [2/2]  bench  InnerTxn/axfer                        17,378 ns/op ±1%   25,182 B/op ±0%   134 allocs/op    540ms
  [1/2]  bench  InnerTxn/appl                         16,242 ns/op   33,111 B/op   100 allocs/op
  [2/2]  bench  InnerTxn/appl                         16,729 ns/op ±3%   33,111 B/op   100 allocs/op    540ms
  [1/2]  bench  StateOps/app_global_get               1,206 ns/op   2.00 extra/op   677 B/op   21.0 allocs/op
  [2/2]  bench  StateOps/app_global_get               1,237 ns/op ±3%   2.00 extra/op   677 B/op   21.0 allocs/op    410ms
  [1/2]  bench  StateOps/app_global_put               1,790 ns/op   2.00 extra/op   1,353 B/op   27.0 allocs/op
  [2/2]  bench  StateOps/app_global_put               1,781 ns/op ±1%   2.00 extra/op   1,353 B/op   27.0 allocs/op    390ms
  [1/2]  bench  StateOps/app_global_del               893 ns/op   1.00 extra/op   499 B/op   15.0 allocs/op
  [2/2]  bench  StateOps/app_global_del               884 ns/op ±1%   1.00 extra/op   499 B/op   15.0 allocs/op    350ms
  [1/2]  bench  StateOps/app_local_get                1,765 ns/op   3.00 extra/op   912 B/op   29.0 allocs/op
  [2/2]  bench  StateOps/app_local_get                1,769 ns/op ±0%   3.00 extra/op   912 B/op   29.0 allocs/op    410ms
  [1/2]  bench  StateOps/app_local_put                2,069 ns/op   3.00 extra/op   1,165 B/op   33.0 allocs/op
  [2/2]  bench  StateOps/app_local_put                2,047 ns/op ±1%   3.00 extra/op   1,165 B/op   33.0 allocs/op    370ms
  [1/2]  bench  StateOps/app_local_del                1,439 ns/op   2.00 extra/op   702 B/op   23.0 allocs/op
  [2/2]  bench  StateOps/app_local_del                1,535 ns/op ±6%   2.00 extra/op   702 B/op   23.0 allocs/op    440ms
  [1/2]  bench  StateOps/asset_holding_get            2,405 ns/op   4.00 extra/op   1,276 B/op   36.0 allocs/op
  [2/2]  bench  StateOps/asset_holding_get            2,402 ns/op ±0%   4.00 extra/op   1,276 B/op   36.0 allocs/op    410ms
  [1/2]  bench  StateOps/asset_params_get             2,076 ns/op   3.00 extra/op   1,508 B/op   34.0 allocs/op
  [2/2]  bench  StateOps/asset_params_get             2,070 ns/op ±0%   3.00 extra/op   1,509 B/op ±0%   34.0 allocs/op    400ms
  [1/2]  bench  StateOps/app_params_get               1,954 ns/op   3.00 extra/op   1,324 B/op   30.0 allocs/op
  [2/2]  bench  StateOps/app_params_get               1,959 ns/op ±0%   3.00 extra/op   1,324 B/op   30.0 allocs/op    400ms
  [1/2]  bench  StateOps/acct_params_get              3,017 ns/op   3.00 extra/op   1,709 B/op   36.0 allocs/op
  [2/2]  bench  StateOps/acct_params_get              3,010 ns/op ±0%   3.00 extra/op   1,709 B/op   36.0 allocs/op    410ms
  [1/2]  bench  Verify/pop                            44.2 ns/op   3.00 extra/op   6.00 B/op   0.000 allocs/op
  [2/2]  bench  Verify/pop                            44.3 ns/op ±0%   3.00 extra/op   6.00 B/op   0.000 allocs/op    480ms
  [1/2]  bench  Verify/add                            50.4 ns/op   3.00 extra/op   6.00 B/op   0.000 allocs/op
  [2/2]  bench  Verify/add                            51.7 ns/op ±2%   3.00 extra/op   6.00 B/op   0.000 allocs/op    510ms
  [1/2]  bench  Verify/ed25519verify_bare             54,003 ns/op   7.00 extra/op   104 B/op   2.00 allocs/op
  [2/2]  bench  Verify/ed25519verify_bare             53,813 ns/op ±0%   7.00 extra/op   104 B/op   2.00 allocs/op    460ms
  [1/2]  bench  Verify/ecdsa_verify_k1                52,755 ns/op   7.00 extra/op   344 B/op   6.00 allocs/op
  [2/2]  bench  Verify/ecdsa_verify_k1                52,898 ns/op ±0%   7.00 extra/op   344 B/op   6.00 allocs/op    500ms
  [1/2]  bench  Verify/ecdsa_verify_r1                70,245 ns/op   7.00 extra/op   1,416 B/op   25.0 allocs/op
  [2/2]  bench  Verify/ecdsa_verify_r1                70,292 ns/op ±0%   7.00 extra/op   1,416 B/op   25.0 allocs/op    510ms
  [1/2]  bench  Verify/falcon_verify_FalconDet1024    43,515 ns/op   4.00 extra/op   2,056 B/op   1.00 allocs/op
  [2/2]  bench  Verify/falcon_verify_FalconDet1024    43,231 ns/op ±1%   4.00 extra/op   2,056 B/op   1.00 allocs/op    720ms
  [1/2]  bench  Verify/falcon_verify_FalconDet512     21,343 ns/op   4.00 extra/op   1,031 B/op   1.00 allocs/op
  [2/2]  bench  Verify/falcon_verify_FalconDet512     21,236 ns/op ±1%   4.00 extra/op   1,031 B/op   1.00 allocs/op    880ms
  [1/2]  bench  Verify/vrf_verify                     196,877 ns/op   5.00 extra/op   279 B/op   6.00 allocs/op
  [2/2]  bench  Verify/vrf_verify                     195,243 ns/op ±1%   5.00 extra/op   279 B/op   6.00 allocs/op    490ms
  [1/2]  bench  CheckSignature                        6,306 ns/op   12,320 B/op   9.00 allocs/op
  [2/2]  bench  CheckSignature                        6,393 ns/op ±1%   12,320 B/op   9.00 allocs/op    430ms
  [1/2]  bench  Addx64/add_long_stack                 5,190 ns/op   17,072 B/op   12.0 allocs/op
  [2/2]  bench  Addx64/add_long_stack                 5,209 ns/op ±0%   17,072 B/op   12.0 allocs/op    410ms
  [1/2]  bench  Addx64/add_small_stack                4,624 ns/op   13,616 B/op   10.0 allocs/op
  [2/2]  bench  Addx64/add_small_stack                4,647 ns/op ±0%   13,616 B/op   10.0 allocs/op    390ms
  [1/2]  bench  NopPassx1                             2,409 ns/op   13,616 B/op   10.0 allocs/op
  [2/2]  bench  NopPassx1                             2,437 ns/op ±1%   13,616 B/op   10.0 allocs/op    400ms
  [1/2]  bench  Checkx5                               85,180 ns/op   107,268 B/op   957 allocs/op
  [2/2]  bench  Checkx5                               84,365 ns/op ±1%   107,268 B/op   957 allocs/op    320ms
  [1/2]  bench  AppendMsgSignedTxn                    98.4 ns/op   10.2 MB/s   0.000 B/op   0.000 allocs/op
  [2/2]  bench  AppendMsgSignedTxn                    98.1 ns/op ±0%   10.2 MB/s ±0%   0.000 B/op   0.000 allocs/op    460ms
  [1/2]  bench  TinyMan/eval-lsig-signature           14,439 ns/op   36,840 B/op   86.0 allocs/op
  [2/2]  bench  TinyMan/eval-lsig-signature           14,597 ns/op ±1%   36,840 B/op   86.0 allocs/op    520ms
  [1/2]  bench  TinyMan/group-check-actual            131,541 ns/op   99,796 B/op   135 allocs/op
  [2/2]  bench  TinyMan/group-check-actual            132,931 ns/op ±1%   99,774 B/op ±0%   135 allocs/op    1.27s
  [1/2]  bench  TinyMan/group-check-all-crypto        154,103 ns/op   54,591 B/op   34.0 allocs/op
  [2/2]  bench  TinyMan/group-check-all-crypto        153,791 ns/op ±0%   54,622 B/op ±0%   34.0 allocs/op    360ms
  [1/2]  bench  LogicSigSanityCheck                   9,135 ns/op   18,296 B/op   14.0 allocs/op
  [2/2]  bench  LogicSigSanityCheck                   9,070 ns/op ±1%   18,296 B/op   14.0 allocs/op    450ms
  [1/2]  bench  PaysetGroups                          15,623 ns/op   29,192 B/op   6.00 allocs/op
  [2/2]  bench  PaysetGroups                          16,210 ns/op ±4%   29,825 B/op ±2%   6.50 allocs/op ±8%    930ms
  [1/2]  bench  Txn                                   32,640 ns/op   12,284 B/op   6.00 allocs/op
  [2/2]  bench  Txn                                   32,551 ns/op ±0%   12,302 B/op ±0%   6.00 allocs/op    1.02s
  [1/2]  bench  TxHandlerProcessing/processDecoded    14,915 ns/op   3,912 B/op   44.0 allocs/op
  [2/2]  bench  TxHandlerProcessing/processDecoded    14,793 ns/op ±1%   3,912 B/op   44.0 allocs/op    1.24s
  [1/2]  bench  TxHandlerProcessing/verify.TxnGroup   58,289 ns/op   11,872 B/op   16.0 allocs/op
  [2/2]  bench  TxHandlerProcessing/verify.TxnGroup   59,180 ns/op ±2%   11,872 B/op   16.0 allocs/op    510ms
  [1/2]  bench  TxHandlerDecoderMsgp                  9,612,887 ns/op   5,582,540 B/op   27,207 allocs/op
  [2/2]  bench  TxHandlerDecoderMsgp                  9,310,882 ns/op ±3%   5,359,465 B/op ±4%   27,118 allocs/op ±0%    710ms
  [1/2]  bench  CompactDeltas/account-deltas          2,091,263 ns/op   4,123,000 B/op   16.0 allocs/op
  [2/2]  bench  CompactDeltas/account-deltas          2,114,484 ns/op ±1%   4,123,000 B/op   16.0 allocs/op    2.38s
  [1/2]  bench  Apply/asset-transfer                  597 ns/op   512 B/op   4.00 allocs/op
  [2/2]  bench  Apply/asset-transfer                  597 ns/op ±0%   512 B/op   4.00 allocs/op    610ms
  [1/2]  bench  Apply/keyreg                          430 ns/op   0.000 B/op   0.000 allocs/op
  [2/2]  bench  Apply/keyreg                          436 ns/op ±1%   0.000 B/op   0.000 allocs/op    370ms
  [1/2]  bench  Apply/app-call                        172 ns/op   0.000 B/op   0.000 allocs/op
  [2/2]  bench  Apply/app-call                        172 ns/op ±0%   0.000 B/op   0.000 allocs/op    530ms
  [1/2]  bench  CompactResourceDeltas                 5,683,538 ns/op   10,273,456 B/op   36.0 allocs/op
  [2/2]  bench  CompactResourceDeltas                 5,688,978 ns/op ±0%   10,273,457 B/op ±0%   36.0 allocs/op    440ms
  [1/2]  bench  TxTailCheckDup/hit                    66.5 ns/op   48.0 B/op   1.00 allocs/op
  [2/2]  bench  TxTailCheckDup/hit                    66.7 ns/op ±0%   48.0 B/op   1.00 allocs/op    410ms
  [1/2]  bench  TxTailCheckDup/miss                   33.7 ns/op   0.000 B/op   0.000 allocs/op
  [2/2]  bench  TxTailCheckDup/miss                   33.7 ns/op ±0%   0.000 B/op   0.000 allocs/op    390ms
  [1/2]  bench  CowChild                              60.5 ns/op   0.000 B/op   0.000 allocs/op
  [2/2]  bench  CowChild                              60.6 ns/op ±0%   0.000 B/op   0.000 allocs/op    420ms
  [1/2]  bench  PrefetcherApps                        306 ns/op   111 B/op   1.00 allocs/op
  [2/2]  bench  PrefetcherApps                        310 ns/op ±1%   111 B/op   1.00 allocs/op    720ms
  [1/2]  bench  PrefetcherPayment                     273 ns/op   83.0 B/op   0.000 allocs/op
  [2/2]  bench  PrefetcherPayment                     281 ns/op ±3%   84.0 B/op ±1%   0.000 allocs/op    1.27s
  [1/2]  bench  BlockEvaluatorRAMNoCrypto             441,979,414 ns/op   8,841 ns/eval_validate_tx   589,529,828 B/op   1,351,108 allocs/op
  [2/2]  bench  BlockEvaluatorRAMNoCrypto             452,170,389 ns/op ±2%   9,045 ns/eval_validate_tx ±2%   589,572,916 B/op ±0%   1,351,122 allocs/op ±0%    8.78s
  [1/2]  bench  BlockValidationMix                    1,619,245,407 ns/op   1,934,704,920 B/op   7,474,532 allocs/op
  [2/2]  bench  BlockValidationMix                    1,585,466,108 ns/op ±2%   1,931,539,804 B/op ±0%   7,467,108 allocs/op ±0%    9.64s
  [1/2]  bench  AppInt1                               791,610,109 ns/op   1,973,996,096 B/op   2,941,479 allocs/op
  [2/2]  bench  AppInt1                               809,043,581 ns/op ±2%   1,973,798,156 B/op ±0%   2,941,479 allocs/op ±0%    2.08s
  [1/2]  bench  AccountDeltasOps/upsert               597,020 ns/op   3,539,639 B/op   35.0 allocs/op
  [2/2]  bench  AccountDeltasOps/upsert               609,003 ns/op ±2%   3,539,640 B/op ±0%   35.0 allocs/op    440ms
  [1/2]  bench  AccountDeltasOps/merge                493,179 ns/op   800,529 B/op   66.0 allocs/op
  [2/2]  bench  AccountDeltasOps/merge                488,281 ns/op ±1%   800,529 B/op   66.0 allocs/op    740ms
  [1/2]  bench  AccountDeltasOps/optimize             113,341 ns/op   1,131,187 B/op   35.0 allocs/op
  [2/2]  bench  AccountDeltasOps/optimize             115,092 ns/op ±2%   1,131,186 B/op ±0%   35.0 allocs/op    930ms
  [1/2]  bench  MakeStateDelta                        977,447 ns/op   20,811,643 B/op   197 allocs/op
  [2/2]  bench  MakeStateDelta                        989,023 ns/op ±1%   20,811,634 B/op ±0%   197 allocs/op    490ms
  [1/2]  bench  OnlineAccountsCacheRead320            2,983,646 ns/op   583,040 B/op   3,323 allocs/op
  [2/2]  bench  OnlineAccountsCacheRead320            3,050,595 ns/op ±2%   644,259 B/op ±10%   3,672 allocs/op ±10%    310ms
  [1/2]  bench  MessageFilterCheck/hit                5,150 ns/op   1,248 B/op   9.00 allocs/op
  [2/2]  bench  MessageFilterCheck/hit                5,091 ns/op ±1%   1,248 B/op   9.00 allocs/op    390ms
  [1/2]  bench  MessageFilterCheck/miss               5,232 ns/op   1,248 B/op   9.00 allocs/op
  [2/2]  bench  MessageFilterCheck/miss               5,129 ns/op ±2%   1,248 B/op   9.00 allocs/op    370ms
  [1/2]  bench  GenerateMessageDigest                 455 ns/op   0.000 B/op   0.000 allocs/op
  [2/2]  bench  GenerateMessageDigest                 457 ns/op ±0%   0.000 B/op   0.000 allocs/op    370ms
  [1/2]  bench  VpackVote/compress                    394 ns/op   1,596 MB/s   0.000 B/op   0.000 allocs/op
  [2/2]  bench  VpackVote/compress                    395 ns/op ±0%   1,591 MB/s ±0%   0.000 B/op   0.000 allocs/op    370ms
  [1/2]  bench  VpackVote/decompress                  99.1 ns/op   4,761 MB/s   0.000 B/op   0.000 allocs/op
  [2/2]  bench  VpackVote/decompress                  98.3 ns/op ±1%   4,803 MB/s ±1%   0.000 B/op   0.000 allocs/op    440ms
  [1/2]  bench  BloomFilterSet                        88.2 ns/op   0.000 B/op   0.000 allocs/op
  [2/2]  bench  BloomFilterSet                        88.2 ns/op ±0%   0.000 B/op   0.000 allocs/op    1.66s
  [1/2]  bench  BloomFilterTest                       84.4 ns/op   0.000 B/op   0.000 allocs/op
  [2/2]  bench  BloomFilterTest                       85.0 ns/op ±1%   0.000 B/op   0.000 allocs/op    1.93s
  [1/2]  bench  TagCounter                            13.6 ns/op   0.000 B/op   0.000 allocs/op
  [2/2]  bench  TagCounter                            13.5 ns/op ±1%   0.000 B/op   0.000 allocs/op    360ms
