  [1/2]  bench  VoteVerify                            320,362 ns/op   6,753 B/op   63.0 allocs/op
  [2/2]  bench  VoteVerify                            325,466 ns/op ±2%   6,753 B/op ±0%   63.0 allocs/op    500ms
  [1/2]  bench  CryptoVerifierVoteVertification       126,247 ns/op   23,615 B/op   69.0 allocs/op
  [2/2]  bench  CryptoVerifierVoteVertification       131,417 ns/op ±4%   23,614 B/op ±0%   69.0 allocs/op    510ms
  [1/2]  bench  CryptoVerifierProposalVertification   191,831 ns/op   12,345 B/op   54.0 allocs/op
  [2/2]  bench  CryptoVerifierProposalVertification   188,730 ns/op ±2%   12,346 B/op ±0%   54.0 allocs/op    480ms
  [1/2]  bench  VoteDecoding                          288 ns/op   1,152 B/op   2.00 allocs/op
  [2/2]  bench  VoteDecoding                          317 ns/op ±9%   1,152 B/op   2.00 allocs/op    760ms
  [1/2]  bench  NoiseSentinelHash                     32,440 ns/op   2,020 MB/s   0.000 B/op   0.000 allocs/op
  [2/2]  bench  NoiseSentinelHash                     32,430 ns/op ±0%   2,021 MB/s ±0%   0.000 B/op   0.000 allocs/op    320ms
  [1/2]  bench  NoiseSentinelLoop                     5,904 ns/op   0.000 B/op   0.000 allocs/op
  [2/2]  bench  NoiseSentinelLoop                     5,941 ns/op ±1%   0.000 B/op   0.000 allocs/op    420ms
  [1/2]  bench  BatchVerifierImpls/libsodium_single   137,918,507 ns/op   719,776 B/op   12,929 allocs/op
  [2/2]  bench  BatchVerifierImpls/libsodium_single   141,424,699 ns/op ±2%   719,776 B/op   12,929 allocs/op    14.49s
  [1/2]  bench  BatchVerifierImpls/libsodium_batch    65,338,499 ns/op   1,090,305 B/op   8.00 allocs/op
  [2/2]  bench  BatchVerifierImpls/libsodium_batch    64,573,832 ns/op ±1%   1,090,278 B/op ±0%   8.00 allocs/op    6.38s
  [1/2]  bench  BatchVerifierImpls/ed25519consensus   79,654,858 ns/op   11,455,602 B/op   134 allocs/op
  [2/2]  bench  BatchVerifierImpls/ed25519consensus   78,043,868 ns/op ±2%   11,455,601 B/op ±0%   134 allocs/op    7.64s
  [1/2]  bench  FalconVerify                          37,446 ns/op   0.000 B/op   0.000 allocs/op
  [2/2]  bench  FalconVerify                          37,097 ns/op ±1%   0.000 B/op   0.000 allocs/op    830ms
  [1/2]  bench  FalconSign                            6,564,930 ns/op   3,080 B/op   3.00 allocs/op
  [2/2]  bench  FalconSign                            6,552,764 ns/op ±0%   3,080 B/op   3.00 allocs/op    430ms
  [1/2]  bench  MultisigVerify                        120,509 ns/op   2,648 B/op   21.0 allocs/op
  [2/2]  bench  MultisigVerify                        119,334 ns/op ±1%   2,648 B/op   21.0 allocs/op    370ms
  [1/2]  bench  VrfProve                              119,092 ns/op   224 B/op   5.00 allocs/op
  [2/2]  bench  VrfProve                              120,548 ns/op ±1%   224 B/op   5.00 allocs/op    390ms
  [1/2]  bench  Hash                                  230 ns/op   0.000 B/op   0.000 allocs/op
  [2/2]  bench  Hash                                  220 ns/op ±5%   0.000 B/op   0.000 allocs/op    560ms
  [1/2]  bench  SignVerify                            54,751 ns/op   336 B/op   10.0 allocs/op
  [2/2]  bench  SignVerify                            54,632 ns/op ±0%   336 B/op   10.0 allocs/op    350ms
  [1/2]  bench  Verify25519                           43,121 ns/op   152 B/op   5.00 allocs/op
  [2/2]  bench  Verify25519                           42,172 ns/op ±2%   152 B/op   5.00 allocs/op    760ms
  [1/2]  bench  MerkleSignatureVerify                 74,673 ns/op   9,473 B/op   42.0 allocs/op
  [2/2]  bench  MerkleSignatureVerify                 79,818 ns/op ±6%   9,473 B/op ±0%   42.0 allocs/op    600ms
  [1/2]  bench  OneTimeSigBatchVerification/batch=false  121,934 ns/op   785 B/op   17.0 allocs/op
  [2/2]  bench  OneTimeSigBatchVerification/batch=false  125,166 ns/op ±3%   784 B/op ±0%   17.0 allocs/op    610ms
  [1/2]  bench  OneTimeSigBatchVerification/batch=true  125,126 ns/op   784 B/op   17.0 allocs/op
  [2/2]  bench  OneTimeSigBatchVerification/batch=true  124,081 ns/op ±1%   784 B/op   17.0 allocs/op    610ms
  [1/2]  bench  VrfVerify                             155,435 ns/op   176 B/op   3.00 allocs/op
  [2/2]  bench  VrfVerify                             155,592 ns/op ±0%   176 B/op   3.00 allocs/op    710ms
  [1/2]  bench  AppRateLimiter_TxgroupToKeys          14,786 ns/op   9,512 B/op   3.00 allocs/op
  [2/2]  bench  AppRateLimiter_TxgroupToKeys          14,515 ns/op ±2%   9,512 B/op   3.00 allocs/op    760ms
  [1/2]  bench  AddressFormatting                     279 ns/op   128 B/op   2.00 allocs/op
  [2/2]  bench  AddressFormatting                     275 ns/op ±1%   128 B/op   2.00 allocs/op    630ms
  [1/2]  bench  UnmarshalChecksumAddress              717 ns/op   192 B/op   3.00 allocs/op
  [2/2]  bench  UnmarshalChecksumAddress              711 ns/op ±1%   192 B/op   3.00 allocs/op    340ms
  [1/2]  bench  CodecRealistic/encode-signed-pay      616 ns/op   2,688 B/op   1.00 allocs/op
  [2/2]  bench  CodecRealistic/encode-signed-pay      616 ns/op ±0%   2,688 B/op   1.00 allocs/op    640ms
  [1/2]  bench  CodecRealistic/decode-signed-pay      171 ns/op   64.0 B/op   3.00 allocs/op
  [2/2]  bench  CodecRealistic/decode-signed-pay      173 ns/op ±1%   64.0 B/op   3.00 allocs/op    540ms
  [1/2]  bench  CodecRealistic/encode-signed-appl     655 ns/op   3,072 B/op   1.00 allocs/op
  [2/2]  bench  CodecRealistic/encode-signed-appl     676 ns/op ±3%   3,072 B/op   1.00 allocs/op    330ms
  [1/2]  bench  CodecRealistic/decode-signed-appl     499 ns/op   376 B/op   13.0 allocs/op
  [2/2]  bench  CodecRealistic/decode-signed-appl     499 ns/op ±0%   376 B/op   13.0 allocs/op    310ms
  [1/2]  bench  CodecRealistic/encode-block-header    639 ns/op   1,824 B/op   3.00 allocs/op
  [2/2]  bench  CodecRealistic/encode-block-header    636 ns/op ±0%   1,824 B/op   3.00 allocs/op    320ms
  [1/2]  bench  CodecRealistic/decode-block-header    612 ns/op   720 B/op   9.00 allocs/op
  [2/2]  bench  CodecRealistic/decode-block-header    614 ns/op ±0%   720 B/op   9.00 allocs/op    320ms
  [1/2]  bench  HashObj/txn                           1,250 ns/op   3,936 B/op   3.00 allocs/op
  [2/2]  bench  HashObj/txn                           1,190 ns/op ±5%   3,936 B/op   3.00 allocs/op    340ms
  [1/2]  bench  HashObj/block-header                  2,364 ns/op   3,488 B/op   5.00 allocs/op
  [2/2]  bench  HashObj/block-header                  2,355 ns/op ±0%   3,488 B/op   5.00 allocs/op    360ms
  [1/2]  bench  AppendMsgBlockHeader                  41.8 ns/op   23.9 MB/s   0.000 B/op   0.000 allocs/op
  [2/2]  bench  AppendMsgBlockHeader                  41.7 ns/op ±0%   24.0 MB/s ±0%   0.000 B/op   0.000 allocs/op    390ms
  [1/2]  bench  Sortition                             1,196,785 ns/op   2,212 B/op   26.0 allocs/op
  [2/2]  bench  Sortition                             1,202,362 ns/op ±0%   2,212 B/op   26.0 allocs/op    490ms
  [1/2]  bench  TxnIDs/signed-txn-id                  551 ns/op   0.000 B/op   0.000 allocs/op
  [2/2]  bench  TxnIDs/signed-txn-id                  551 ns/op ±0%   0.000 B/op   0.000 allocs/op    360ms
  [1/2]  bench  TxnIDs/group-id                       14,592 ns/op   2,270 B/op   4.00 allocs/op
  [2/2]  bench  TxnIDs/group-id                       15,299 ns/op ±5%   2,270 B/op   4.00 allocs/op    520ms
  [1/2]  bench  WellFormed/pay                        123 ns/op   0.000 B/op   0.000 allocs/op
  [2/2]  bench  WellFormed/pay                        124 ns/op ±1%   0.000 B/op   0.000 allocs/op    490ms
  [1/2]  bench  WellFormed/axfer                      108 ns/op   0.000 B/op   0.000 allocs/op
  [2/2]  bench  WellFormed/axfer                      108 ns/op ±1%   0.000 B/op   0.000 allocs/op    480ms
  [1/2]  bench  WellFormed/acfg                       116 ns/op   0.000 B/op   0.000 allocs/op
  [2/2]  bench  WellFormed/acfg                       116 ns/op ±0%   0.000 B/op   0.000 allocs/op    480ms
  [1/2]  bench  WellFormed/appl                       156 ns/op   0.000 B/op   0.000 allocs/op
  [2/2]  bench  WellFormed/appl                       154 ns/op ±2%   0.000 B/op   0.000 allocs/op    520ms
  [1/2]  bench  WellFormed/keyreg                     167 ns/op   0.000 B/op   0.000 allocs/op
  [2/2]  bench  WellFormed/keyreg                     168 ns/op ±0%   0.000 B/op   0.000 allocs/op    530ms
  [1/2]  bench  Assemble                              233,829 ns/op   285,995 B/op   3,256 allocs/op
  [2/2]  bench  Assemble                              253,072 ns/op ±8%   285,992 B/op ±0%   3,256 allocs/op    410ms
  [1/2]  bench  Disassemble                           48,726 ns/op   45,055 B/op   885 allocs/op
  [2/2]  bench  Disassemble                           48,544 ns/op ±0%   45,055 B/op   885 allocs/op    370ms
  [1/2]  bench  BoxOps/box_get                        2,257 ns/op   3.00 extra/op   3,364 B/op   33.0 allocs/op
  [2/2]  bench  BoxOps/box_get                        2,249 ns/op ±0%   3.00 extra/op   3,364 B/op   33.0 allocs/op    400ms
  [1/2]  bench  BoxOps/box_len                        1,909 ns/op   3.00 extra/op   1,023 B/op   31.0 allocs/op
  [2/2]  bench  BoxOps/box_len                        1,914 ns/op ±0%   3.00 extra/op   1,023 B/op   31.0 allocs/op    400ms
  [1/2]  bench  BoxOps/box_extract                    2,222 ns/op   4.00 extra/op   1,521 B/op   37.0 allocs/op
  [2/2]  bench  BoxOps/box_extract                    2,198 ns/op ±1%   4.00 extra/op   1,521 B/op   37.0 allocs/op    410ms
  [1/2]  bench  BoxOps/box_replace                    2,281 ns/op   3.00 extra/op   1,307 B/op   34.0 allocs/op
  [2/2]  bench  BoxOps/box_replace                    2,206 ns/op ±3%   3.00 extra/op   1,307 B/op   34.0 allocs/op    380ms
  [1/2]  bench  BoxOps/box_splice                     2,464 ns/op   4.00 extra/op   1,626 B/op   42.0 allocs/op
  [2/2]  bench  BoxOps/box_splice                     2,616 ns/op ±6%   4.00 extra/op   1,626 B/op ±0%   42.0 allocs/op    440ms
  [1/2]  bench  BoxOps/box_put                        2,009 ns/op   3.00 extra/op   2,087 B/op   31.0 allocs/op
  [2/2]  bench  BoxOps/box_put                        1,975 ns/op ±2%   3.00 extra/op   2,087 B/op   31.0 allocs/op    390ms
  [1/2]  bench  BoxOps/box_resize                     3,902 ns/op   5.00 extra/op   1,723 B/op   52.0 allocs/op
  [2/2]  bench  BoxOps/box_resize                     3,914 ns/op ±0%   5.00 extra/op   1,722 B/op ±0%   52.0 allocs/op    440ms
  [1/2]  bench  BoxOps/box_create_del                 3,660 ns/op   6.00 extra/op   1,779 B/op   54.0 allocs/op
  [2/2]  bench  BoxOps/box_create_del                 3,793 ns/op ±4%   6.00 extra/op   1,779 B/op ±0%   54.0 allocs/op    450ms
  [1/2]  bench  InnerTxn/pay                          13,978 ns/op   24,437 B/op   122 allocs/op
  [2/2]  bench  InnerTxn/pay                          13,974 ns/op ±0%   24,438 B/op ±0%   122 allocs/op    480ms
  [1/2]  bench  InnerTxn/axfer                        14,036 ns/op   25,022 B/op   129 allocs/op
  [2/2]  bench  InnerTxn/axfer                        14,540 ns/op ±3%   25,022 B/op   129 allocs/op    520ms
  [1/2]  bench  InnerTxn/appl                         14,971 ns/op   32,951 B/op   95.0 allocs/op
  [2/2]  bench  InnerTxn/appl                         14,602 ns/op ±3%   32,951 B/op   95.0 allocs/op    490ms
  [1/2]  bench  StateOps/app_global_get               1,198 ns/op   2.00 extra/op   677 B/op   21.0 allocs/op
  [2/2]  bench  StateOps/app_global_get               1,216 ns/op ±1%   2.00 extra/op   677 B/op   21.0 allocs/op    380ms
  [1/2]  bench  StateOps/app_global_put               1,606 ns/op   2.00 extra/op   1,353 B/op   27.0 allocs/op
  [2/2]  bench  StateOps/app_global_put               1,627 ns/op ±1%   2.00 extra/op   1,353 B/op   27.0 allocs/op    380ms
  [1/2]  bench  StateOps/app_global_del               877 ns/op   1.00 extra/op   499 B/op   15.0 allocs/op
  [2/2]  bench  StateOps/app_global_del               858 ns/op ±2%   1.00 extra/op   499 B/op   15.0 allocs/op    340ms
  [1/2]  bench  StateOps/app_local_get                1,709 ns/op   3.00 extra/op   912 B/op   29.0 allocs/op
  [2/2]  bench  StateOps/app_local_get                1,736 ns/op ±2%   3.00 extra/op   912 B/op   29.0 allocs/op    410ms
  [1/2]  bench  StateOps/app_local_put                2,298 ns/op   3.00 extra/op   1,166 B/op   33.0 allocs/op
  [2/2]  bench  StateOps/app_local_put                2,213 ns/op ±4%   3.00 extra/op   1,166 B/op ±0%   33.0 allocs/op    390ms
  [1/2]  bench  StateOps/app_local_del                1,485 ns/op   2.00 extra/op   702 B/op   23.0 allocs/op
  [2/2]  bench  StateOps/app_local_del                1,533 ns/op ±3%   2.00 extra/op   702 B/op   23.0 allocs/op    390ms
  [1/2]  bench  StateOps/asset_holding_get            2,806 ns/op   4.00 extra/op   1,277 B/op   36.0 allocs/op
  [2/2]  bench  StateOps/asset_holding_get            2,752 ns/op ±2%   4.00 extra/op   1,277 B/op   36.0 allocs/op    420ms
  [1/2]  bench  StateOps/asset_params_get             2,053 ns/op   3.00 extra/op   1,509 B/op   34.0 allocs/op
  [2/2]  bench  StateOps/asset_params_get             2,024 ns/op ±1%   3.00 extra/op   1,509 B/op   34.0 allocs/op    400ms
  [1/2]  bench  StateOps/app_params_get               2,327 ns/op   3.00 extra/op   1,325 B/op   30.0 allocs/op
  [2/2]  bench  StateOps/app_params_get               2,172 ns/op ±7%   3.00 extra/op   1,325 B/op ±0%   30.0 allocs/op    360ms
  [1/2]  bench  StateOps/acct_params_get              2,939 ns/op   3.00 extra/op   1,709 B/op   36.0 allocs/op
  [2/2]  bench  StateOps/acct_params_get              2,930 ns/op ±0%   3.00 extra/op   1,709 B/op   36.0 allocs/op    410ms
  [1/2]  bench  Verify/pop                            38.6 ns/op   3.00 extra/op   6.00 B/op   0.000 allocs/op
  [2/2]  bench  Verify/pop                            38.5 ns/op ±0%   3.00 extra/op   6.00 B/op   0.000 allocs/op    480ms
  [1/2]  bench  Verify/add                            40.8 ns/op   3.00 extra/op   6.00 B/op   0.000 allocs/op
  [2/2]  bench  Verify/add                            41.2 ns/op ±1%   3.00 extra/op   6.00 B/op   0.000 allocs/op    470ms
  [1/2]  bench  Verify/ed25519verify_bare             40,707 ns/op   7.00 extra/op   103 B/op   2.00 allocs/op
  [2/2]  bench  Verify/ed25519verify_bare             40,747 ns/op ±0%   7.00 extra/op   103 B/op   2.00 allocs/op    440ms
  [1/2]  bench  Verify/ecdsa_verify_k1                38,505 ns/op   7.00 extra/op   343 B/op   6.00 allocs/op
  [2/2]  bench  Verify/ecdsa_verify_k1                38,358 ns/op ±0%   7.00 extra/op   343 B/op   6.00 allocs/op    480ms
  [1/2]  bench  Verify/ecdsa_verify_r1                60,928 ns/op   7.00 extra/op   1,415 B/op   25.0 allocs/op
  [2/2]  bench  Verify/ecdsa_verify_r1                60,572 ns/op ±1%   7.00 extra/op   1,415 B/op   25.0 allocs/op    500ms
  [1/2]  bench  Verify/falcon_verify                  37,064 ns/op   7.00 extra/op   2,055 B/op   1.00 allocs/op
  [2/2]  bench  Verify/falcon_verify                  39,888 ns/op ±7%   7.00 extra/op   2,055 B/op   1.00 allocs/op    800ms
  [1/2]  bench  Verify/vrf_verify                     153,788 ns/op   5.00 extra/op   284 B/op   6.00 allocs/op
  [2/2]  bench  Verify/vrf_verify                     153,331 ns/op ±0%   5.00 extra/op   284 B/op ±0%   6.00 allocs/op    460ms
  [1/2]  bench  CheckSignature                        5,997 ns/op   12,320 B/op   9.00 allocs/op
  [2/2]  bench  CheckSignature                        5,822 ns/op ±3%   12,320 B/op   9.00 allocs/op    410ms
  [1/2]  bench  Addx64/add_long_stack                 4,723 ns/op   17,032 B/op   11.0 allocs/op
  [2/2]  bench  Addx64/add_long_stack                 5,237 ns/op ±10%   17,032 B/op   11.0 allocs/op    470ms
  [1/2]  bench  Addx64/add_small_stack                4,779 ns/op   13,576 B/op   9.00 allocs/op
  [2/2]  bench  Addx64/add_small_stack                4,433 ns/op ±8%   13,576 B/op   9.00 allocs/op    400ms
  [1/2]  bench  NopPassx1                             2,485 ns/op   13,576 B/op   9.00 allocs/op
  [2/2]  bench  NopPassx1                             2,450 ns/op ±1%   13,576 B/op   9.00 allocs/op    350ms
  [1/2]  bench  Checkx5                               85,057 ns/op   107,022 B/op   950 allocs/op
  [2/2]  bench  Checkx5                               85,732 ns/op ±1%   107,022 B/op ±0%   950 allocs/op    330ms
  [1/2]  bench  AppendMsgSignedTxn                    119 ns/op   8.41 MB/s   0.000 B/op   0.000 allocs/op
  [2/2]  bench  AppendMsgSignedTxn                    118 ns/op ±1%   8.47 MB/s ±1%   0.000 B/op   0.000 allocs/op    480ms
  [1/2]  bench  TinyMan/eval-lsig-signature           12,402 ns/op   36,808 B/op   86.0 allocs/op
  [2/2]  bench  TinyMan/eval-lsig-signature           12,511 ns/op ±1%   36,808 B/op   86.0 allocs/op    490ms
  [1/2]  bench  TinyMan/group-check-actual            134,611 ns/op   80,704 B/op   136 allocs/op
  [2/2]  bench  TinyMan/group-check-actual            132,588 ns/op ±2%   80,704 B/op   136 allocs/op    1.13s
  [1/2]  bench  TinyMan/group-check-all-crypto        176,877 ns/op   34,008 B/op   37.0 allocs/op
  [2/2]  bench  TinyMan/group-check-all-crypto        177,309 ns/op ±0%   34,008 B/op   37.0 allocs/op    360ms
  [1/2]  bench  LogicSigSanityCheck                   7,638 ns/op   15,112 B/op   15.0 allocs/op
  [2/2]  bench  LogicSigSanityCheck                   7,604 ns/op ±0%   15,112 B/op   15.0 allocs/op    420ms
  [1/2]  bench  PaysetGroups                          21,380 ns/op   12,740 B/op   8.00 allocs/op
  [2/2]  bench  PaysetGroups                          22,702 ns/op ±6%   12,914 B/op ±1%   8.00 allocs/op    950ms
  [1/2]  bench  Txn                                   43,930 ns/op   9,506 B/op   12.0 allocs/op
  [2/2]  bench  Txn                                   45,167 ns/op ±3%   9,513 B/op ±0%   12.0 allocs/op    960ms
  [1/2]  bench  TxHandlerProcessing/processDecoded    17,386 ns/op   3,896 B/op   44.0 allocs/op
  [2/2]  bench  TxHandlerProcessing/processDecoded    16,446 ns/op ±6%   3,896 B/op   44.0 allocs/op    1.1s
  [1/2]  bench  TxHandlerProcessing/verify.TxnGroup   45,842 ns/op   11,712 B/op   16.0 allocs/op
  [2/2]  bench  TxHandlerProcessing/verify.TxnGroup   46,207 ns/op ±1%   11,712 B/op   16.0 allocs/op    520ms
  [1/2]  bench  TxHandlerDecoderMsgp                  6,627,832 ns/op   3,507,814 B/op   1,531 allocs/op
  [2/2]  bench  TxHandlerDecoderMsgp                  7,187,762 ns/op ±8%   3,345,416 B/op ±5%   1,460 allocs/op ±5%    730ms
  [1/2]  bench  CompactDeltas/account-deltas          3,833,437 ns/op   4,123,000 B/op   16.0 allocs/op
  [2/2]  bench  CompactDeltas/account-deltas          3,426,633 ns/op ±12%   4,123,000 B/op   16.0 allocs/op    3.27s
  [1/2]  bench  CompactResourceDeltas                 5,841,006 ns/op   10,109,617 B/op   36.0 allocs/op
  [2/2]  bench  CompactResourceDeltas                 5,672,102 ns/op ±3%   10,109,617 B/op   36.0 allocs/op    370ms
  [1/2]  bench  TxTailCheckDup/hit                    51.3 ns/op   48.0 B/op   1.00 allocs/op
  [2/2]  bench  TxTailCheckDup/hit                    51.4 ns/op ±0%   48.0 B/op   1.00 allocs/op    400ms
  [1/2]  bench  TxTailCheckDup/miss                   37.9 ns/op   0.000 B/op   0.000 allocs/op
  [2/2]  bench  TxTailCheckDup/miss                   37.8 ns/op ±0%   0.000 B/op   0.000 allocs/op    390ms
  [1/2]  bench  CowChild                              44.4 ns/op   0.000 B/op   0.000 allocs/op
  [2/2]  bench  CowChild                              44.2 ns/op ±0%   0.000 B/op   0.000 allocs/op    410ms
  [1/2]  bench  PrefetcherApps                        253 ns/op   107 B/op   1.00 allocs/op
  [2/2]  bench  PrefetcherApps                        277 ns/op ±9%   109 B/op ±2%   1.00 allocs/op    800ms
  [1/2]  bench  PrefetcherPayment                     209 ns/op   82.0 B/op   0.000 allocs/op
  [2/2]  bench  PrefetcherPayment                     214 ns/op ±3%   82.0 B/op   0.000 allocs/op    1.99s
  [1/2]  bench  BlockEvaluatorRAMNoCrypto             455,166,015 ns/op   9,104 ns/eval_validate_tx   582,408,124 B/op   1,351,131 allocs/op
  [2/2]  bench  BlockEvaluatorRAMNoCrypto             470,986,419 ns/op ±3%   9,421 ns/eval_validate_tx ±3%   582,379,854 B/op ±0%   1,351,133 allocs/op ±0%    8.08s
  [1/2]  bench  BlockValidationMix                    1,469,869,683 ns/op   1,896,502,376 B/op   7,405,139 allocs/op
  [2/2]  bench  BlockValidationMix                    1,491,628,348 ns/op ±1%   1,895,955,964 B/op ±0%   7,419,277 allocs/op ±0%    8.73s
  [1/2]  bench  AppInt1                               712,968,092 ns/op   1,921,575,080 B/op   2,812,579 allocs/op
  [2/2]  bench  AppInt1                               725,786,449 ns/op ±2%   1,921,438,528 B/op ±0%   2,812,558 allocs/op ±0%    3.1s
  [1/2]  bench  AccountDeltasOps/upsert               586,661 ns/op   3,539,644 B/op   35.0 allocs/op
  [2/2]  bench  AccountDeltasOps/upsert               575,618 ns/op ±2%   3,539,648 B/op ±0%   35.0 allocs/op    400ms
  [1/2]  bench  AccountDeltasOps/merge                481,569 ns/op   800,529 B/op   66.0 allocs/op
  [2/2]  bench  AccountDeltasOps/merge                467,366 ns/op ±3%   800,529 B/op   66.0 allocs/op    730ms
  [1/2]  bench  AccountDeltasOps/optimize             122,181 ns/op   1,131,187 B/op   35.0 allocs/op
  [2/2]  bench  AccountDeltasOps/optimize             128,691 ns/op ±5%   1,131,186 B/op ±0%   35.0 allocs/op    890ms
  [1/2]  bench  MakeStateDelta                        901,679 ns/op   20,811,622 B/op   197 allocs/op
  [2/2]  bench  MakeStateDelta                        980,137 ns/op ±8%   20,811,621 B/op ±0%   197 allocs/op    500ms
  [1/2]  bench  OnlineAccountsCacheRead320            3,791,901 ns/op   705,478 B/op   4,021 allocs/op
  [2/2]  bench  OnlineAccountsCacheRead320            3,783,055 ns/op ±0%   705,478 B/op   4,021 allocs/op    380ms
  [1/2]  bench  MessageFilterCheck/hit                4,833 ns/op   1,248 B/op   9.00 allocs/op
  [2/2]  bench  MessageFilterCheck/hit                4,817 ns/op ±0%   1,248 B/op   9.00 allocs/op    380ms
  [1/2]  bench  MessageFilterCheck/miss               5,370 ns/op   1,248 B/op   9.00 allocs/op
  [2/2]  bench  MessageFilterCheck/miss               5,208 ns/op ±3%   1,248 B/op   9.00 allocs/op    390ms
  [1/2]  bench  GenerateMessageDigest                 419 ns/op   0.000 B/op   0.000 allocs/op
  [2/2]  bench  GenerateMessageDigest                 419 ns/op ±0%   0.000 B/op   0.000 allocs/op    360ms
  [1/2]  bench  VpackVote/compress                    254 ns/op   2,473 MB/s   0.000 B/op   0.000 allocs/op
  [2/2]  bench  VpackVote/compress                    242 ns/op ±5%   2,597 MB/s ±5%   0.000 B/op   0.000 allocs/op    580ms
  [1/2]  bench  VpackVote/decompress                  92.1 ns/op   5,123 MB/s   0.000 B/op   0.000 allocs/op
  [2/2]  bench  VpackVote/decompress                  92.9 ns/op ±1%   5,080 MB/s ±1%   0.000 B/op   0.000 allocs/op    440ms
  [1/2]  bench  BloomFilterSet                        69.8 ns/op   0.000 B/op   0.000 allocs/op
  [2/2]  bench  BloomFilterSet                        69.8 ns/op   0.000 B/op   0.000 allocs/op    1.59s
  [1/2]  bench  BloomFilterTest                       70.5 ns/op   0.000 B/op   0.000 allocs/op
  [2/2]  bench  BloomFilterTest                       70.9 ns/op ±1%   0.000 B/op   0.000 allocs/op    1.79s
  [1/2]  bench  TagCounter                            10.4 ns/op   0.000 B/op   0.000 allocs/op
  [2/2]  bench  TagCounter                            10.2 ns/op ±1%   0.000 B/op   0.000 allocs/op    340ms
