  [1/2]  bench  VoteVerify                            298,980 ns/op   6,752 B/op   63.0 allocs/op
  [2/2]  bench  VoteVerify                            298,689 ns/op ±0%   6,752 B/op   63.0 allocs/op    480ms
  [1/2]  bench  CryptoVerifierVoteVertification       128,589 ns/op   23,870 B/op   69.0 allocs/op
  [2/2]  bench  CryptoVerifierVoteVertification       147,687 ns/op ±13%   23,870 B/op   69.0 allocs/op    510ms
  [1/2]  bench  CryptoVerifierProposalVertification   188,868 ns/op   12,475 B/op   54.0 allocs/op
  [2/2]  bench  CryptoVerifierProposalVertification   187,878 ns/op ±1%   12,475 B/op ±0%   54.0 allocs/op    480ms
  [1/2]  bench  VoteDecoding                          283 ns/op   1,152 B/op   2.00 allocs/op
  [2/2]  bench  VoteDecoding                          283 ns/op ±0%   1,152 B/op   2.00 allocs/op    750ms
  [1/2]  bench  NoiseSentinelHash                     32,331 ns/op   2,027 MB/s   0.000 B/op   0.000 allocs/op
  [2/2]  bench  NoiseSentinelHash                     32,340 ns/op ±0%   2,026 MB/s ±0%   0.000 B/op   0.000 allocs/op    320ms
  [1/2]  bench  NoiseSentinelLoop                     5,881 ns/op   0.000 B/op   0.000 allocs/op
  [2/2]  bench  NoiseSentinelLoop                     5,882 ns/op ±0%   0.000 B/op   0.000 allocs/op    420ms
  [1/2]  bench  BatchVerifierImpls/libsodium_single   133,617,652 ns/op   719,832 B/op   12,929 allocs/op
  [2/2]  bench  BatchVerifierImpls/libsodium_single   134,153,779 ns/op ±0%   719,804 B/op ±0%   12,929 allocs/op    13.47s
  [1/2]  bench  BatchVerifierImpls/libsodium_batch    65,236,503 ns/op   1,090,249 B/op   8.00 allocs/op
  [2/2]  bench  BatchVerifierImpls/libsodium_batch    63,589,984 ns/op ±3%   1,090,250 B/op ±0%   8.00 allocs/op    6.19s
  [1/2]  bench  BatchVerifierImpls/ed25519consensus   67,143,828 ns/op   11,405,519 B/op   134 allocs/op
  [2/2]  bench  BatchVerifierImpls/ed25519consensus   68,277,162 ns/op ±2%   11,405,492 B/op ±0%   134 allocs/op    6.94s
  [1/2]  bench  FalconVerify                          36,908 ns/op   0.000 B/op   0.000 allocs/op
  [2/2]  bench  FalconVerify                          36,639 ns/op ±1%   0.000 B/op   0.000 allocs/op    460ms
  [1/2]  bench  FalconSign                            6,553,371 ns/op   3,080 B/op   3.00 allocs/op
  [2/2]  bench  FalconSign                            6,553,324 ns/op ±0%   3,080 B/op   3.00 allocs/op    430ms
  [1/2]  bench  MultisigVerify                        118,557 ns/op   2,649 B/op   21.0 allocs/op
  [2/2]  bench  MultisigVerify                        118,230 ns/op ±0%   2,649 B/op ±0%   21.0 allocs/op    370ms
  [1/2]  bench  VrfProve                              111,979 ns/op   224 B/op   5.00 allocs/op
  [2/2]  bench  VrfProve                              113,359 ns/op ±1%   224 B/op   5.00 allocs/op    370ms
  [1/2]  bench  Hash                                  202 ns/op   0.000 B/op   0.000 allocs/op
  [2/2]  bench  Hash                                  202 ns/op ±0%   0.000 B/op   0.000 allocs/op    560ms
  [1/2]  bench  SignVerify                            52,367 ns/op   336 B/op   10.0 allocs/op
  [2/2]  bench  SignVerify                            52,427 ns/op ±0%   336 B/op   10.0 allocs/op    330ms
  [1/2]  bench  Verify25519                           40,643 ns/op   152 B/op   5.00 allocs/op
  [2/2]  bench  Verify25519                           40,617 ns/op ±0%   152 B/op   5.00 allocs/op    490ms
  [1/2]  bench  MerkleSignatureVerify                 74,778 ns/op   9,473 B/op   42.0 allocs/op
  [2/2]  bench  MerkleSignatureVerify                 74,853 ns/op ±0%   9,473 B/op ±0%   42.0 allocs/op    510ms
  [1/2]  bench  OneTimeSigBatchVerification/batch=false  121,069 ns/op   785 B/op   17.0 allocs/op
  [2/2]  bench  OneTimeSigBatchVerification/batch=false  121,247 ns/op ±0%   785 B/op ±0%   17.0 allocs/op    600ms
  [1/2]  bench  OneTimeSigBatchVerification/batch=true  123,415 ns/op   783 B/op   17.0 allocs/op
  [2/2]  bench  OneTimeSigBatchVerification/batch=true  122,241 ns/op ±1%   783 B/op   17.0 allocs/op    600ms
  [1/2]  bench  VrfVerify                             153,715 ns/op   176 B/op   3.00 allocs/op
  [2/2]  bench  VrfVerify                             153,429 ns/op ±0%   176 B/op   3.00 allocs/op    710ms
  [1/2]  bench  AppRateLimiter_TxgroupToKeys          15,706 ns/op   9,512 B/op   3.00 allocs/op
  [2/2]  bench  AppRateLimiter_TxgroupToKeys          15,643 ns/op ±0%   9,512 B/op   3.00 allocs/op    750ms
  [1/2]  bench  AddressFormatting                     265 ns/op   128 B/op   2.00 allocs/op
  [2/2]  bench  AddressFormatting                     265 ns/op ±0%   128 B/op   2.00 allocs/op    620ms
  [1/2]  bench  UnmarshalChecksumAddress              631 ns/op   192 B/op   3.00 allocs/op
  [2/2]  bench  UnmarshalChecksumAddress              632 ns/op ±0%   192 B/op   3.00 allocs/op    340ms
  [1/2]  bench  CodecRealistic/encode-signed-pay      611 ns/op   2,688 B/op   1.00 allocs/op
  [2/2]  bench  CodecRealistic/encode-signed-pay      606 ns/op ±1%   2,688 B/op   1.00 allocs/op    310ms
  [1/2]  bench  CodecRealistic/decode-signed-pay      167 ns/op   64.0 B/op   3.00 allocs/op
  [2/2]  bench  CodecRealistic/decode-signed-pay      167 ns/op ±0%   64.0 B/op   3.00 allocs/op    530ms
  [1/2]  bench  CodecRealistic/encode-signed-appl     673 ns/op   3,072 B/op   1.00 allocs/op
  [2/2]  bench  CodecRealistic/encode-signed-appl     665 ns/op ±1%   3,072 B/op   1.00 allocs/op    660ms
  [1/2]  bench  CodecRealistic/decode-signed-appl     486 ns/op   376 B/op   13.0 allocs/op
  [2/2]  bench  CodecRealistic/decode-signed-appl     487 ns/op ±0%   376 B/op   13.0 allocs/op    300ms
  [1/2]  bench  CodecRealistic/encode-block-header    655 ns/op   1,824 B/op   3.00 allocs/op
  [2/2]  bench  CodecRealistic/encode-block-header    655 ns/op ±0%   1,824 B/op   3.00 allocs/op    650ms
  [1/2]  bench  CodecRealistic/decode-block-header    615 ns/op   720 B/op   9.00 allocs/op
  [2/2]  bench  CodecRealistic/decode-block-header    615 ns/op ±0%   720 B/op   9.00 allocs/op    320ms
  [1/2]  bench  HashObj/txn                           1,160 ns/op   3,936 B/op   3.00 allocs/op
  [2/2]  bench  HashObj/txn                           1,150 ns/op ±1%   3,936 B/op   3.00 allocs/op    340ms
  [1/2]  bench  HashObj/block-header                  2,379 ns/op   3,552 B/op   5.00 allocs/op
  [2/2]  bench  HashObj/block-header                  2,369 ns/op ±0%   3,552 B/op   5.00 allocs/op    370ms
  [1/2]  bench  AppendMsgBlockHeader                  40.8 ns/op   24.5 MB/s   0.000 B/op   0.000 allocs/op
  [2/2]  bench  AppendMsgBlockHeader                  40.8 ns/op ±0%   24.5 MB/s ±0%   0.000 B/op   0.000 allocs/op    400ms
  [1/2]  bench  Sortition                             1,200,706 ns/op   2,213 B/op   26.0 allocs/op
  [2/2]  bench  Sortition                             1,198,383 ns/op ±0%   2,213 B/op ±0%   26.0 allocs/op    490ms
  [1/2]  bench  TransactionPoolRecompute              1,090,043,381 ns/op   38,047 ns/txn   1,070,730,000 B/op   2,398,042 allocs/op
  [2/2]  bench  TransactionPoolRecompute              1,115,622,139 ns/op ±2%   38,940 ns/txn ±2%   1,070,842,324 B/op ±0%   2,398,040 allocs/op ±0%    2.84s
  [1/2]  bench  TxnIDs/signed-txn-id                  547 ns/op   0.000 B/op   0.000 allocs/op
  [2/2]  bench  TxnIDs/signed-txn-id                  547 ns/op ±0%   0.000 B/op   0.000 allocs/op    360ms
  [1/2]  bench  TxnIDs/group-id                       13,604 ns/op   2,271 B/op   4.00 allocs/op
  [2/2]  bench  TxnIDs/group-id                       13,712 ns/op ±1%   2,273 B/op ±0%   4.00 allocs/op    500ms
  [1/2]  bench  WellFormed/pay                        140 ns/op   0.000 B/op   0.000 allocs/op
  [2/2]  bench  WellFormed/pay                        134 ns/op ±4%   0.000 B/op   0.000 allocs/op    480ms
  [1/2]  bench  WellFormed/axfer                      119 ns/op   0.000 B/op   0.000 allocs/op
  [2/2]  bench  WellFormed/axfer                      114 ns/op ±5%   0.000 B/op   0.000 allocs/op    470ms
  [1/2]  bench  WellFormed/acfg                       108 ns/op   0.000 B/op   0.000 allocs/op
  [2/2]  bench  WellFormed/acfg                       108 ns/op ±0%   0.000 B/op   0.000 allocs/op    470ms
  [1/2]  bench  WellFormed/appl                       145 ns/op   0.000 B/op   0.000 allocs/op
  [2/2]  bench  WellFormed/appl                       145 ns/op ±0%   0.000 B/op   0.000 allocs/op    510ms
  [1/2]  bench  WellFormed/keyreg                     146 ns/op   0.000 B/op   0.000 allocs/op
  [2/2]  bench  WellFormed/keyreg                     145 ns/op ±0%   0.000 B/op   0.000 allocs/op    510ms
  [1/2]  bench  Assemble                              216,581 ns/op   307,872 B/op   3,263 allocs/op
  [2/2]  bench  Assemble                              215,785 ns/op ±0%   307,870 B/op ±0%   3,263 allocs/op    360ms
  [1/2]  bench  Disassemble                           48,937 ns/op   45,055 B/op   885 allocs/op
  [2/2]  bench  Disassemble                           50,555 ns/op ±3%   45,055 B/op   885 allocs/op    370ms
  [1/2]  bench  BoxOps/box_get                        2,580 ns/op   3.00 extra/op   3,363 B/op   33.0 allocs/op
  [2/2]  bench  BoxOps/box_get                        2,410 ns/op ±7%   3.00 extra/op   3,364 B/op ±0%   33.0 allocs/op    400ms
  [1/2]  bench  BoxOps/box_len                        1,895 ns/op   3.00 extra/op   1,023 B/op   31.0 allocs/op
  [2/2]  bench  BoxOps/box_len                        1,898 ns/op ±0%   3.00 extra/op   1,023 B/op   31.0 allocs/op    400ms
  [1/2]  bench  BoxOps/box_extract                    2,224 ns/op   4.00 extra/op   1,521 B/op   37.0 allocs/op
  [2/2]  bench  BoxOps/box_extract                    2,227 ns/op ±0%   4.00 extra/op   1,521 B/op   37.0 allocs/op    410ms
  [1/2]  bench  BoxOps/box_replace                    1,908 ns/op   3.00 extra/op   1,307 B/op   34.0 allocs/op
  [2/2]  bench  BoxOps/box_replace                    1,907 ns/op ±0%   3.00 extra/op   1,307 B/op   34.0 allocs/op    400ms
  [1/2]  bench  BoxOps/box_splice                     2,426 ns/op   4.00 extra/op   1,625 B/op   42.0 allocs/op
  [2/2]  bench  BoxOps/box_splice                     2,425 ns/op ±0%   4.00 extra/op   1,625 B/op   42.0 allocs/op    410ms
  [1/2]  bench  BoxOps/box_put                        1,973 ns/op   3.00 extra/op   2,087 B/op   31.0 allocs/op
  [2/2]  bench  BoxOps/box_put                        1,986 ns/op ±1%   3.00 extra/op   2,087 B/op   31.0 allocs/op    410ms
  [1/2]  bench  BoxOps/box_resize                     4,285 ns/op   5.00 extra/op   1,722 B/op   52.0 allocs/op
  [2/2]  bench  BoxOps/box_resize                     4,244 ns/op ±1%   5.00 extra/op   1,722 B/op   52.0 allocs/op    450ms
  [1/2]  bench  BoxOps/box_create_del                 4,043 ns/op   6.00 extra/op   1,777 B/op   54.0 allocs/op
  [2/2]  bench  BoxOps/box_create_del                 4,034 ns/op ±0%   6.00 extra/op   1,778 B/op ±0%   54.0 allocs/op    450ms
  [1/2]  bench  InnerTxn/pay                          15,116 ns/op   24,470 B/op   122 allocs/op
  [2/2]  bench  InnerTxn/pay                          15,955 ns/op ±5%   24,470 B/op   122 allocs/op    540ms
  [1/2]  bench  InnerTxn/axfer                        15,212 ns/op   25,054 B/op   129 allocs/op
  [2/2]  bench  InnerTxn/axfer                        16,645 ns/op ±9%   25,054 B/op ±0%   129 allocs/op    560ms
  [1/2]  bench  InnerTxn/appl                         13,895 ns/op   32,983 B/op   95.0 allocs/op
  [2/2]  bench  InnerTxn/appl                         13,893 ns/op ±0%   32,983 B/op   95.0 allocs/op    500ms
  [1/2]  bench  StateOps/app_global_get               1,286 ns/op   2.00 extra/op   677 B/op   21.0 allocs/op
  [2/2]  bench  StateOps/app_global_get               1,239 ns/op ±4%   2.00 extra/op   677 B/op   21.0 allocs/op    390ms
  [1/2]  bench  StateOps/app_global_put               1,624 ns/op   2.00 extra/op   1,353 B/op   27.0 allocs/op
  [2/2]  bench  StateOps/app_global_put               1,622 ns/op ±0%   2.00 extra/op   1,353 B/op   27.0 allocs/op    390ms
  [1/2]  bench  StateOps/app_global_del               828 ns/op   1.00 extra/op   499 B/op   15.0 allocs/op
  [2/2]  bench  StateOps/app_global_del               828 ns/op ±0%   1.00 extra/op   499 B/op   15.0 allocs/op    370ms
  [1/2]  bench  StateOps/app_local_get                1,689 ns/op   3.00 extra/op   912 B/op   29.0 allocs/op
  [2/2]  bench  StateOps/app_local_get                1,685 ns/op ±0%   3.00 extra/op   912 B/op   29.0 allocs/op    400ms
  [1/2]  bench  StateOps/app_local_put                1,881 ns/op   3.00 extra/op   1,165 B/op   33.0 allocs/op
  [2/2]  bench  StateOps/app_local_put                1,884 ns/op ±0%   3.00 extra/op   1,166 B/op ±0%   33.0 allocs/op    400ms
  [1/2]  bench  StateOps/app_local_del                1,326 ns/op   2.00 extra/op   702 B/op   23.0 allocs/op
  [2/2]  bench  StateOps/app_local_del                1,366 ns/op ±3%   2.00 extra/op   702 B/op   23.0 allocs/op    400ms
  [1/2]  bench  StateOps/asset_holding_get            2,350 ns/op   4.00 extra/op   1,277 B/op   36.0 allocs/op
  [2/2]  bench  StateOps/asset_holding_get            2,343 ns/op ±0%   4.00 extra/op   1,277 B/op ±0%   36.0 allocs/op    410ms
  [1/2]  bench  StateOps/asset_params_get             2,314 ns/op   3.00 extra/op   1,509 B/op   34.0 allocs/op
  [2/2]  bench  StateOps/asset_params_get             2,215 ns/op ±4%   3.00 extra/op   1,509 B/op   34.0 allocs/op    390ms
  [1/2]  bench  StateOps/app_params_get               1,949 ns/op   3.00 extra/op   1,324 B/op   30.0 allocs/op
  [2/2]  bench  StateOps/app_params_get               1,933 ns/op ±1%   3.00 extra/op   1,324 B/op   30.0 allocs/op    390ms
  [1/2]  bench  StateOps/acct_params_get              3,056 ns/op   3.00 extra/op   1,709 B/op   36.0 allocs/op
  [2/2]  bench  StateOps/acct_params_get              2,905 ns/op ±5%   3.00 extra/op   1,709 B/op   36.0 allocs/op    400ms
  [1/2]  bench  Verify/pop                            42.7 ns/op   3.00 extra/op   6.00 B/op   0.000 allocs/op
  [2/2]  bench  Verify/pop                            40.9 ns/op ±4%   3.00 extra/op   6.00 B/op   0.000 allocs/op    460ms
  [1/2]  bench  Verify/add                            41.3 ns/op   3.00 extra/op   6.00 B/op   0.000 allocs/op
  [2/2]  bench  Verify/add                            43.9 ns/op ±6%   3.00 extra/op   6.00 B/op   0.000 allocs/op    490ms
  [1/2]  bench  Verify/ed25519verify_bare             39,405 ns/op   7.00 extra/op   103 B/op   2.00 allocs/op
  [2/2]  bench  Verify/ed25519verify_bare             39,150 ns/op ±1%   7.00 extra/op   103 B/op   2.00 allocs/op    450ms
  [1/2]  bench  Verify/ecdsa_verify_k1                37,290 ns/op   7.00 extra/op   342 B/op   6.00 allocs/op
  [2/2]  bench  Verify/ecdsa_verify_k1                38,434 ns/op ±3%   7.00 extra/op   342 B/op   6.00 allocs/op    530ms
  [1/2]  bench  Verify/ecdsa_verify_r1                58,209 ns/op   7.00 extra/op   1,416 B/op   25.0 allocs/op
  [2/2]  bench  Verify/ecdsa_verify_r1                58,307 ns/op ±0%   7.00 extra/op   1,416 B/op   25.0 allocs/op    470ms
  [1/2]  bench  Verify/falcon_verify                  36,332 ns/op   7.00 extra/op   2,055 B/op   1.00 allocs/op
  [2/2]  bench  Verify/falcon_verify                  36,458 ns/op ±0%   7.00 extra/op   2,055 B/op   1.00 allocs/op    690ms
  [1/2]  bench  Verify/vrf_verify                     152,843 ns/op   5.00 extra/op   283 B/op   6.00 allocs/op
  [2/2]  bench  Verify/vrf_verify                     153,751 ns/op ±1%   5.00 extra/op   283 B/op   6.00 allocs/op    470ms
  [1/2]  bench  CheckSignature                        5,349 ns/op   12,320 B/op   9.00 allocs/op
  [2/2]  bench  CheckSignature                        5,335 ns/op ±0%   12,320 B/op   9.00 allocs/op    410ms
  [1/2]  bench  Addx64/add_long_stack                 4,834 ns/op   17,064 B/op   11.0 allocs/op
  [2/2]  bench  Addx64/add_long_stack                 4,946 ns/op ±2%   17,064 B/op   11.0 allocs/op    420ms
  [1/2]  bench  Addx64/add_small_stack                5,416 ns/op   13,608 B/op   9.00 allocs/op
  [2/2]  bench  Addx64/add_small_stack                5,047 ns/op ±7%   13,608 B/op   9.00 allocs/op    360ms
  [1/2]  bench  NopPassx1                             2,338 ns/op   13,608 B/op   9.00 allocs/op
  [2/2]  bench  NopPassx1                             2,295 ns/op ±2%   13,608 B/op   9.00 allocs/op    350ms
  [1/2]  bench  Checkx5                               83,661 ns/op   107,182 B/op   950 allocs/op
  [2/2]  bench  Checkx5                               83,871 ns/op ±0%   107,182 B/op   950 allocs/op    320ms
  [1/2]  bench  AppendMsgSignedTxn                    97.0 ns/op   10.3 MB/s   0.000 B/op   0.000 allocs/op
  [2/2]  bench  AppendMsgSignedTxn                    96.3 ns/op ±1%   10.4 MB/s ±1%   0.000 B/op   0.000 allocs/op    460ms
  [1/2]  bench  TinyMan/eval-lsig-signature           12,520 ns/op   36,840 B/op   86.0 allocs/op
  [2/2]  bench  TinyMan/eval-lsig-signature           12,456 ns/op ±1%   36,840 B/op   86.0 allocs/op    480ms
  [1/2]  bench  TinyMan/group-check-actual            112,759 ns/op   80,736 B/op   136 allocs/op
  [2/2]  bench  TinyMan/group-check-actual            112,751 ns/op ±0%   80,736 B/op   136 allocs/op    1.19s
  [1/2]  bench  TinyMan/group-check-all-crypto        164,438 ns/op   34,042 B/op   37.0 allocs/op
  [2/2]  bench  TinyMan/group-check-all-crypto        164,907 ns/op ±0%   34,041 B/op ±0%   37.0 allocs/op    360ms
  [1/2]  bench  LogicSigSanityCheck                   7,194 ns/op   15,112 B/op   15.0 allocs/op
  [2/2]  bench  LogicSigSanityCheck                   7,214 ns/op ±0%   15,112 B/op   15.0 allocs/op    420ms
  [1/2]  bench  PaysetGroups                          21,748 ns/op   13,194 B/op   8.00 allocs/op
  [2/2]  bench  PaysetGroups                          21,831 ns/op ±0%   13,202 B/op ±0%   8.00 allocs/op    930ms
  [1/2]  bench  Txn                                   43,695 ns/op   9,505 B/op   12.0 allocs/op
  [2/2]  bench  Txn                                   43,960 ns/op ±1%   9,505 B/op ±0%   12.0 allocs/op    940ms
  [1/2]  bench  TxHandlerProcessing/processDecoded    14,167 ns/op   3,888 B/op   43.0 allocs/op
  [2/2]  bench  TxHandlerProcessing/processDecoded    15,130 ns/op ±6%   3,888 B/op   43.0 allocs/op    1.05s
  [1/2]  bench  TxHandlerProcessing/verify.TxnGroup   44,888 ns/op   11,744 B/op   16.0 allocs/op
  [2/2]  bench  TxHandlerProcessing/verify.TxnGroup   44,552 ns/op ±1%   11,744 B/op   16.0 allocs/op    500ms
  [1/2]  bench  TxHandlerDecoderMsgp                  5,459,711 ns/op   2,963,499 B/op   1,294 allocs/op
  [2/2]  bench  TxHandlerDecoderMsgp                  5,390,751 ns/op ±1%   2,783,894 B/op ±6%   1,216 allocs/op ±6%    950ms
  [1/2]  bench  CompactDeltas/account-deltas          3,046,348 ns/op   4,123,000 B/op   16.0 allocs/op
  [2/2]  bench  CompactDeltas/account-deltas          2,928,214 ns/op ±4%   4,123,000 B/op   16.0 allocs/op    3.12s
  [1/2]  bench  Apply/asset-transfer                  466 ns/op   512 B/op   4.00 allocs/op
  [2/2]  bench  Apply/asset-transfer                  465 ns/op ±0%   512 B/op   4.00 allocs/op    650ms
  [1/2]  bench  Apply/keyreg                          288 ns/op   0.000 B/op   0.000 allocs/op
  [2/2]  bench  Apply/keyreg                          287 ns/op ±0%   0.000 B/op   0.000 allocs/op    650ms
  [1/2]  bench  Apply/app-call                        115 ns/op   0.000 B/op   0.000 allocs/op
  [2/2]  bench  Apply/app-call                        115 ns/op ±0%   0.000 B/op   0.000 allocs/op    470ms
  [1/2]  bench  CompactResourceDeltas                 6,678,582 ns/op   10,109,616 B/op   36.0 allocs/op
  [2/2]  bench  CompactResourceDeltas                 6,706,968 ns/op ±0%   10,109,617 B/op ±0%   36.0 allocs/op    730ms
  [1/2]  bench  TxTailCheckDup/hit                    50.4 ns/op   48.0 B/op   1.00 allocs/op
  [2/2]  bench  TxTailCheckDup/hit                    49.1 ns/op ±3%   48.0 B/op   1.00 allocs/op    390ms
  [1/2]  bench  TxTailCheckDup/miss                   26.9 ns/op   0.000 B/op   0.000 allocs/op
  [2/2]  bench  TxTailCheckDup/miss                   26.8 ns/op ±1%   0.000 B/op   0.000 allocs/op    390ms
  [1/2]  bench  CowChild                              45.0 ns/op   0.000 B/op   0.000 allocs/op
  [2/2]  bench  CowChild                              43.8 ns/op ±3%   0.000 B/op   0.000 allocs/op    380ms
  [1/2]  bench  PrefetcherApps                        249 ns/op   107 B/op   1.00 allocs/op
  [2/2]  bench  PrefetcherApps                        284 ns/op ±12%   109 B/op ±2%   1.00 allocs/op    850ms
  [1/2]  bench  PrefetcherPayment                     201 ns/op   87.0 B/op   0.000 allocs/op
  [2/2]  bench  PrefetcherPayment                     211 ns/op ±4%   86.5 B/op ±1%   0.000 allocs/op    1.81s
  [1/2]  bench  BlockEvaluatorRAMNoCrypto             421,044,382 ns/op   8,422 ns/eval_validate_tx   583,961,700 B/op   1,351,137 allocs/op
  [2/2]  bench  BlockEvaluatorRAMNoCrypto             415,080,004 ns/op ±1%   8,303 ns/eval_validate_tx ±1%   583,948,560 B/op ±0%   1,351,135 allocs/op ±0%    7.6s
  [1/2]  bench  BlockValidationMix                    1,427,124,614 ns/op   1,908,235,072 B/op   7,478,195 allocs/op
  [2/2]  bench  BlockValidationMix                    1,448,547,577 ns/op ±1%   1,906,845,588 B/op ±0%   7,463,438 allocs/op ±0%    8.8s
  [1/2]  bench  AppInt1                               726,332,483 ns/op   1,923,595,888 B/op   2,812,590 allocs/op
  [2/2]  bench  AppInt1                               736,600,739 ns/op ±1%   1,923,540,872 B/op ±0%   2,812,571 allocs/op ±0%    1.97s
  [1/2]  bench  AccountDeltasOps/upsert               527,653 ns/op   3,539,638 B/op   35.0 allocs/op
  [2/2]  bench  AccountDeltasOps/upsert               523,728 ns/op ±1%   3,539,639 B/op ±0%   35.0 allocs/op    400ms
  [1/2]  bench  AccountDeltasOps/merge                440,093 ns/op   800,529 B/op   66.0 allocs/op
  [2/2]  bench  AccountDeltasOps/merge                447,783 ns/op ±2%   800,530 B/op ±0%   66.0 allocs/op    830ms
  [1/2]  bench  AccountDeltasOps/optimize             121,112 ns/op   1,131,185 B/op   35.0 allocs/op
  [2/2]  bench  AccountDeltasOps/optimize             120,438 ns/op ±1%   1,131,185 B/op ±0%   35.0 allocs/op    440ms
  [1/2]  bench  MakeStateDelta                        990,655 ns/op   20,811,623 B/op   197 allocs/op
  [2/2]  bench  MakeStateDelta                        974,938 ns/op ±2%   20,811,631 B/op ±0%   197 allocs/op    450ms
  [1/2]  bench  OnlineAccountsCacheRead320            3,766,891 ns/op   705,478 B/op   4,021 allocs/op
  [2/2]  bench  OnlineAccountsCacheRead320            3,765,736 ns/op ±0%   705,478 B/op   4,021 allocs/op    370ms
  [1/2]  bench  MessageFilterCheck/hit                4,850 ns/op   1,248 B/op   9.00 allocs/op
  [2/2]  bench  MessageFilterCheck/hit                4,877 ns/op ±1%   1,248 B/op   9.00 allocs/op    400ms
  [1/2]  bench  MessageFilterCheck/miss               4,945 ns/op   1,248 B/op   9.00 allocs/op
  [2/2]  bench  MessageFilterCheck/miss               4,862 ns/op ±2%   1,248 B/op   9.00 allocs/op    380ms
  [1/2]  bench  GenerateMessageDigest                 419 ns/op   0.000 B/op   0.000 allocs/op
  [2/2]  bench  GenerateMessageDigest                 418 ns/op ±0%   0.000 B/op   0.000 allocs/op    360ms
  [1/2]  bench  VpackVote/compress                    210 ns/op   2,995 MB/s   0.000 B/op   0.000 allocs/op
  [2/2]  bench  VpackVote/compress                    211 ns/op ±1%   2,977 MB/s ±1%   0.000 B/op   0.000 allocs/op    570ms
  [1/2]  bench  VpackVote/decompress                  87.3 ns/op   5,405 MB/s   0.000 B/op   0.000 allocs/op
  [2/2]  bench  VpackVote/decompress                  87.5 ns/op ±0%   5,396 MB/s ±0%   0.000 B/op   0.000 allocs/op    440ms
  [1/2]  bench  BloomFilterSet                        75.3 ns/op   0.000 B/op   0.000 allocs/op
  [2/2]  bench  BloomFilterSet                        72.7 ns/op ±4%   0.000 B/op   0.000 allocs/op    1.63s
  [1/2]  bench  BloomFilterTest                       77.1 ns/op   0.000 B/op   0.000 allocs/op
  [2/2]  bench  BloomFilterTest                       73.1 ns/op ±6%   0.000 B/op   0.000 allocs/op    1.8s
  [1/2]  bench  TagCounter                            10.3 ns/op   0.000 B/op   0.000 allocs/op
  [2/2]  bench  TagCounter                            10.5 ns/op ±2%   0.000 B/op   0.000 allocs/op    320ms
