  [1/2]  bench  VoteVerify                            337,035 ns/op   6,753 B/op   63.0 allocs/op
  [2/2]  bench  VoteVerify                            341,277 ns/op ±1%   6,753 B/op ±0%   63.0 allocs/op    500ms
  [1/2]  bench  CryptoVerifierVoteVertification       139,790 ns/op   23,874 B/op   69.0 allocs/op
  [2/2]  bench  CryptoVerifierVoteVertification       141,244 ns/op ±1%   23,871 B/op ±0%   69.0 allocs/op    490ms
  [1/2]  bench  CryptoVerifierProposalVertification   213,929 ns/op   12,474 B/op   54.0 allocs/op
  [2/2]  bench  CryptoVerifierProposalVertification   213,042 ns/op ±0%   12,474 B/op ±0%   54.0 allocs/op    490ms
  [1/2]  bench  VoteDecoding                          320 ns/op   1,152 B/op   2.00 allocs/op
  [2/2]  bench  VoteDecoding                          319 ns/op ±0%   1,152 B/op   2.00 allocs/op    720ms
  [1/2]  bench  NoiseSentinelHash                     36,640 ns/op   1,789 MB/s   0.000 B/op   0.000 allocs/op
  [2/2]  bench  NoiseSentinelHash                     37,123 ns/op ±1%   1,766 MB/s ±1%   0.000 B/op   0.000 allocs/op    360ms
  [1/2]  bench  NoiseSentinelLoop                     6,279 ns/op   0.000 B/op   0.000 allocs/op
  [2/2]  bench  NoiseSentinelLoop                     6,090 ns/op ±3%   0.000 B/op   0.000 allocs/op    420ms
  [1/2]  bench  BatchVerifierImpls/libsodium_single   139,214,428 ns/op   719,778 B/op   12,929 allocs/op
  [2/2]  bench  BatchVerifierImpls/libsodium_single   139,090,518 ns/op ±0%   719,777 B/op ±0%   12,929 allocs/op    13.9s
  [1/2]  bench  BatchVerifierImpls/libsodium_batch    66,225,936 ns/op   1,090,250 B/op   8.00 allocs/op
  [2/2]  bench  BatchVerifierImpls/libsodium_batch    65,058,372 ns/op ±2%   1,090,250 B/op ±0%   8.00 allocs/op    6.39s
  [1/2]  bench  BatchVerifierImpls/ed25519consensus   65,383,250 ns/op   11,405,465 B/op   134 allocs/op
  [2/2]  bench  BatchVerifierImpls/ed25519consensus   66,565,600 ns/op ±2%   11,405,464 B/op ±0%   134 allocs/op    6.77s
  [1/2]  bench  FalconVerify                          41,871 ns/op   0.000 B/op   0.000 allocs/op
  [2/2]  bench  FalconVerify                          39,702 ns/op ±5%   0.000 B/op   0.000 allocs/op    440ms
  [1/2]  bench  FalconSign                            6,753,038 ns/op   3,080 B/op   3.00 allocs/op
  [2/2]  bench  FalconSign                            6,984,183 ns/op ±3%   3,080 B/op   3.00 allocs/op    410ms
  [1/2]  bench  MultisigVerify                        119,602 ns/op   2,648 B/op   21.0 allocs/op
  [2/2]  bench  MultisigVerify                        119,565 ns/op ±0%   2,648 B/op   21.0 allocs/op    340ms
  [1/2]  bench  VrfProve                              111,985 ns/op   224 B/op   5.00 allocs/op
  [2/2]  bench  VrfProve                              112,859 ns/op ±1%   224 B/op   5.00 allocs/op    370ms
  [1/2]  bench  Hash                                  209 ns/op   0.000 B/op   0.000 allocs/op
  [2/2]  bench  Hash                                  221 ns/op ±5%   0.000 B/op   0.000 allocs/op    590ms
  [1/2]  bench  SignVerify                            56,451 ns/op   336 B/op   10.0 allocs/op
  [2/2]  bench  SignVerify                            54,993 ns/op ±3%   336 B/op   10.0 allocs/op    360ms
  [1/2]  bench  Verify25519                           42,170 ns/op   152 B/op   5.00 allocs/op
  [2/2]  bench  Verify25519                           42,373 ns/op ±0%   152 B/op   5.00 allocs/op    490ms
  [1/2]  bench  MerkleSignatureVerify                 86,612 ns/op   9,473 B/op   42.0 allocs/op
  [2/2]  bench  MerkleSignatureVerify                 80,421 ns/op ±8%   9,473 B/op ±0%   42.0 allocs/op    530ms
  [1/2]  bench  OneTimeSigBatchVerification/batch=false  122,817 ns/op   783 B/op   17.0 allocs/op
  [2/2]  bench  OneTimeSigBatchVerification/batch=false  127,810 ns/op ±4%   783 B/op   17.0 allocs/op    610ms
  [1/2]  bench  OneTimeSigBatchVerification/batch=true  123,984 ns/op   784 B/op   17.0 allocs/op
  [2/2]  bench  OneTimeSigBatchVerification/batch=true  123,856 ns/op ±0%   784 B/op ±0%   17.0 allocs/op    610ms
  [1/2]  bench  VrfVerify                             176,752 ns/op   176 B/op   3.00 allocs/op
  [2/2]  bench  VrfVerify                             164,334 ns/op ±8%   176 B/op   3.00 allocs/op    620ms
  [1/2]  bench  AppRateLimiter_TxgroupToKeys          14,345 ns/op   9,512 B/op   3.00 allocs/op
  [2/2]  bench  AppRateLimiter_TxgroupToKeys          14,068 ns/op ±2%   9,512 B/op   3.00 allocs/op    740ms
  [1/2]  bench  AddressFormatting                     308 ns/op   128 B/op   2.00 allocs/op
  [2/2]  bench  AddressFormatting                     310 ns/op ±1%   128 B/op   2.00 allocs/op    310ms
  [1/2]  bench  UnmarshalChecksumAddress              720 ns/op   192 B/op   3.00 allocs/op
  [2/2]  bench  UnmarshalChecksumAddress              726 ns/op ±1%   192 B/op   3.00 allocs/op    360ms
  [1/2]  bench  CodecRealistic/encode-signed-pay      647 ns/op   2,688 B/op   1.00 allocs/op
  [2/2]  bench  CodecRealistic/encode-signed-pay      629 ns/op ±3%   2,688 B/op   1.00 allocs/op    640ms
  [1/2]  bench  CodecRealistic/decode-signed-pay      207 ns/op   64.0 B/op   3.00 allocs/op
  [2/2]  bench  CodecRealistic/decode-signed-pay      206 ns/op ±0%   64.0 B/op   3.00 allocs/op    570ms
  [1/2]  bench  CodecRealistic/encode-signed-appl     659 ns/op   3,072 B/op   1.00 allocs/op
  [2/2]  bench  CodecRealistic/encode-signed-appl     653 ns/op ±1%   3,072 B/op   1.00 allocs/op    310ms
  [1/2]  bench  CodecRealistic/decode-signed-appl     559 ns/op   376 B/op   13.0 allocs/op
  [2/2]  bench  CodecRealistic/decode-signed-appl     555 ns/op ±1%   376 B/op   13.0 allocs/op    330ms
  [1/2]  bench  CodecRealistic/encode-block-header    657 ns/op   1,824 B/op   3.00 allocs/op
  [2/2]  bench  CodecRealistic/encode-block-header    656 ns/op ±0%   1,824 B/op   3.00 allocs/op    320ms
  [1/2]  bench  CodecRealistic/decode-block-header    678 ns/op   720 B/op   9.00 allocs/op
  [2/2]  bench  CodecRealistic/decode-block-header    650 ns/op ±4%   720 B/op   9.00 allocs/op    650ms
  [1/2]  bench  HashObj/txn                           1,164 ns/op   3,936 B/op   3.00 allocs/op
  [2/2]  bench  HashObj/txn                           1,163 ns/op ±0%   3,936 B/op   3.00 allocs/op    340ms
  [1/2]  bench  HashObj/block-header                  2,506 ns/op   3,552 B/op   5.00 allocs/op
  [2/2]  bench  HashObj/block-header                  2,450 ns/op ±2%   3,552 B/op   5.00 allocs/op    370ms
  [1/2]  bench  AppendMsgBlockHeader                  41.0 ns/op   24.4 MB/s   0.000 B/op   0.000 allocs/op
  [2/2]  bench  AppendMsgBlockHeader                  42.6 ns/op ±4%   23.5 MB/s ±4%   0.000 B/op   0.000 allocs/op    430ms
  [1/2]  bench  Sortition                             1,212,258 ns/op   2,212 B/op   26.0 allocs/op
  [2/2]  bench  Sortition                             1,211,228 ns/op ±0%   2,212 B/op   26.0 allocs/op    490ms
  [1/2]  bench  TransactionPoolRecompute              1,098,938,231 ns/op   38,357 ns/txn   1,070,295,096 B/op   2,397,978 allocs/op
  [2/2]  bench  TransactionPoolRecompute              1,105,794,226 ns/op ±1%   38,597 ns/txn ±1%   1,070,445,464 B/op ±0%   2,397,979 allocs/op ±0%    2.83s
  [1/2]  bench  TxnIDs/signed-txn-id                  567 ns/op   0.000 B/op   0.000 allocs/op
  [2/2]  bench  TxnIDs/signed-txn-id                  568 ns/op ±0%   0.000 B/op   0.000 allocs/op    360ms
  [1/2]  bench  TxnIDs/group-id                       13,615 ns/op   2,276 B/op   4.00 allocs/op
  [2/2]  bench  TxnIDs/group-id                       13,673 ns/op ±0%   2,274 B/op ±0%   4.00 allocs/op    490ms
  [1/2]  bench  WellFormed/pay                        124 ns/op   0.000 B/op   0.000 allocs/op
  [2/2]  bench  WellFormed/pay                        124 ns/op ±0%   0.000 B/op   0.000 allocs/op    480ms
  [1/2]  bench  WellFormed/axfer                      110 ns/op   0.000 B/op   0.000 allocs/op
  [2/2]  bench  WellFormed/axfer                      109 ns/op ±0%   0.000 B/op   0.000 allocs/op    470ms
  [1/2]  bench  WellFormed/acfg                       110 ns/op   0.000 B/op   0.000 allocs/op
  [2/2]  bench  WellFormed/acfg                       110 ns/op ±0%   0.000 B/op   0.000 allocs/op    470ms
  [1/2]  bench  WellFormed/appl                       148 ns/op   0.000 B/op   0.000 allocs/op
  [2/2]  bench  WellFormed/appl                       145 ns/op ±3%   0.000 B/op   0.000 allocs/op    500ms
  [1/2]  bench  WellFormed/keyreg                     153 ns/op   0.000 B/op   0.000 allocs/op
  [2/2]  bench  WellFormed/keyreg                     153 ns/op ±0%   0.000 B/op   0.000 allocs/op    520ms
  [1/2]  bench  Assemble                              219,938 ns/op   307,872 B/op   3,263 allocs/op
  [2/2]  bench  Assemble                              219,072 ns/op ±0%   307,870 B/op ±0%   3,263 allocs/op    380ms
  [1/2]  bench  Disassemble                           53,019 ns/op   45,056 B/op   885 allocs/op
  [2/2]  bench  Disassemble                           49,778 ns/op ±7%   45,056 B/op ±0%   885 allocs/op    320ms
  [1/2]  bench  BoxOps/box_get                        2,288 ns/op   3.00 extra/op   3,364 B/op   33.0 allocs/op
  [2/2]  bench  BoxOps/box_get                        2,264 ns/op ±1%   3.00 extra/op   3,363 B/op ±0%   33.0 allocs/op    390ms
  [1/2]  bench  BoxOps/box_len                        1,874 ns/op   3.00 extra/op   1,023 B/op   31.0 allocs/op
  [2/2]  bench  BoxOps/box_len                        1,884 ns/op ±1%   3.00 extra/op   1,023 B/op   31.0 allocs/op    410ms
  [1/2]  bench  BoxOps/box_extract                    2,184 ns/op   4.00 extra/op   1,521 B/op   37.0 allocs/op
  [2/2]  bench  BoxOps/box_extract                    2,187 ns/op ±0%   4.00 extra/op   1,521 B/op   37.0 allocs/op    400ms
  [1/2]  bench  BoxOps/box_replace                    1,932 ns/op   3.00 extra/op   1,308 B/op   34.0 allocs/op
  [2/2]  bench  BoxOps/box_replace                    1,936 ns/op ±0%   3.00 extra/op   1,308 B/op   34.0 allocs/op    410ms
  [1/2]  bench  BoxOps/box_splice                     2,530 ns/op   4.00 extra/op   1,626 B/op   42.0 allocs/op
  [2/2]  bench  BoxOps/box_splice                     2,510 ns/op ±1%   4.00 extra/op   1,626 B/op   42.0 allocs/op    380ms
  [1/2]  bench  BoxOps/box_put                        1,986 ns/op   3.00 extra/op   2,087 B/op   31.0 allocs/op
  [2/2]  bench  BoxOps/box_put                        1,971 ns/op ±1%   3.00 extra/op   2,087 B/op   31.0 allocs/op    400ms
  [1/2]  bench  BoxOps/box_resize                     3,798 ns/op   5.00 extra/op   1,722 B/op   52.0 allocs/op
  [2/2]  bench  BoxOps/box_resize                     3,823 ns/op ±1%   5.00 extra/op   1,722 B/op   52.0 allocs/op    430ms
  [1/2]  bench  BoxOps/box_create_del                 3,670 ns/op   6.00 extra/op   1,778 B/op   54.0 allocs/op
  [2/2]  bench  BoxOps/box_create_del                 3,676 ns/op ±0%   6.00 extra/op   1,778 B/op   54.0 allocs/op    440ms
  [1/2]  bench  InnerTxn/pay                          13,391 ns/op   24,470 B/op   122 allocs/op
  [2/2]  bench  InnerTxn/pay                          13,440 ns/op ±0%   24,470 B/op   122 allocs/op    500ms
  [1/2]  bench  InnerTxn/axfer                        14,121 ns/op   25,054 B/op   129 allocs/op
  [2/2]  bench  InnerTxn/axfer                        14,193 ns/op ±1%   25,054 B/op   129 allocs/op    500ms
  [1/2]  bench  InnerTxn/appl                         15,451 ns/op   32,983 B/op   95.0 allocs/op
  [2/2]  bench  InnerTxn/appl                         15,376 ns/op ±0%   32,983 B/op ±0%   95.0 allocs/op    520ms
  [1/2]  bench  StateOps/app_global_get               1,189 ns/op   2.00 extra/op   677 B/op   21.0 allocs/op
  [2/2]  bench  StateOps/app_global_get               1,196 ns/op ±1%   2.00 extra/op   677 B/op   21.0 allocs/op    390ms
  [1/2]  bench  StateOps/app_global_put               1,630 ns/op   2.00 extra/op   1,353 B/op   27.0 allocs/op
  [2/2]  bench  StateOps/app_global_put               1,646 ns/op ±1%   2.00 extra/op   1,353 B/op   27.0 allocs/op    410ms
  [1/2]  bench  StateOps/app_global_del               843 ns/op   1.00 extra/op   499 B/op   15.0 allocs/op
  [2/2]  bench  StateOps/app_global_del               842 ns/op ±0%   1.00 extra/op   499 B/op   15.0 allocs/op    350ms
  [1/2]  bench  StateOps/app_local_get                1,706 ns/op   3.00 extra/op   912 B/op   29.0 allocs/op
  [2/2]  bench  StateOps/app_local_get                1,764 ns/op ±3%   3.00 extra/op   912 B/op   29.0 allocs/op    430ms
  [1/2]  bench  StateOps/app_local_put                1,914 ns/op   3.00 extra/op   1,166 B/op   33.0 allocs/op
  [2/2]  bench  StateOps/app_local_put                1,907 ns/op ±0%   3.00 extra/op   1,166 B/op ±0%   33.0 allocs/op    390ms
  [1/2]  bench  StateOps/app_local_del                1,332 ns/op   2.00 extra/op   702 B/op   23.0 allocs/op
  [2/2]  bench  StateOps/app_local_del                1,337 ns/op ±0%   2.00 extra/op   702 B/op   23.0 allocs/op    390ms
  [1/2]  bench  StateOps/asset_holding_get            2,391 ns/op   4.00 extra/op   1,276 B/op   36.0 allocs/op
  [2/2]  bench  StateOps/asset_holding_get            2,433 ns/op ±2%   4.00 extra/op   1,276 B/op   36.0 allocs/op    420ms
  [1/2]  bench  StateOps/asset_params_get             2,300 ns/op   3.00 extra/op   1,508 B/op   34.0 allocs/op
  [2/2]  bench  StateOps/asset_params_get             2,295 ns/op ±0%   3.00 extra/op   1,508 B/op   34.0 allocs/op    400ms
  [1/2]  bench  StateOps/app_params_get               2,050 ns/op   3.00 extra/op   1,324 B/op   30.0 allocs/op
  [2/2]  bench  StateOps/app_params_get               2,000 ns/op ±3%   3.00 extra/op   1,324 B/op   30.0 allocs/op    400ms
  [1/2]  bench  StateOps/acct_params_get              2,800 ns/op   3.00 extra/op   1,709 B/op   36.0 allocs/op
  [2/2]  bench  StateOps/acct_params_get              2,920 ns/op ±4%   3.00 extra/op   1,709 B/op ±0%   36.0 allocs/op    410ms
  [1/2]  bench  Verify/pop                            44.4 ns/op   3.00 extra/op   6.00 B/op   0.000 allocs/op
  [2/2]  bench  Verify/pop                            42.6 ns/op ±4%   3.00 extra/op   6.00 B/op   0.000 allocs/op    440ms
  [1/2]  bench  Verify/add                            42.7 ns/op   3.00 extra/op   6.00 B/op   0.000 allocs/op
  [2/2]  bench  Verify/add                            42.6 ns/op ±0%   3.00 extra/op   6.00 B/op   0.000 allocs/op    470ms
  [1/2]  bench  Verify/ed25519verify_bare             39,941 ns/op   7.00 extra/op   103 B/op   2.00 allocs/op
  [2/2]  bench  Verify/ed25519verify_bare             41,166 ns/op ±3%   7.00 extra/op   103 B/op   2.00 allocs/op    470ms
  [1/2]  bench  Verify/ecdsa_verify_k1                37,446 ns/op   7.00 extra/op   343 B/op   6.00 allocs/op
  [2/2]  bench  Verify/ecdsa_verify_k1                37,686 ns/op ±1%   7.00 extra/op   343 B/op   6.00 allocs/op    500ms
  [1/2]  bench  Verify/ecdsa_verify_r1                60,748 ns/op   7.00 extra/op   1,417 B/op   25.0 allocs/op
  [2/2]  bench  Verify/ecdsa_verify_r1                64,102 ns/op ±5%   7.00 extra/op   1,416 B/op ±0%   25.0 allocs/op    500ms
  [1/2]  bench  Verify/falcon_verify                  39,661 ns/op   7.00 extra/op   2,055 B/op   1.00 allocs/op
  [2/2]  bench  Verify/falcon_verify                  39,308 ns/op ±1%   7.00 extra/op   2,055 B/op   1.00 allocs/op    740ms
  [1/2]  bench  Verify/vrf_verify                     175,847 ns/op   5.00 extra/op   285 B/op   6.00 allocs/op
  [2/2]  bench  Verify/vrf_verify                     169,019 ns/op ±4%   5.00 extra/op   285 B/op ±0%   6.00 allocs/op    470ms
  [1/2]  bench  CheckSignature                        5,511 ns/op   12,320 B/op   9.00 allocs/op
  [2/2]  bench  CheckSignature                        5,510 ns/op ±0%   12,320 B/op   9.00 allocs/op    410ms
  [1/2]  bench  Addx64/add_long_stack                 4,772 ns/op   17,064 B/op   11.0 allocs/op
  [2/2]  bench  Addx64/add_long_stack                 4,746 ns/op ±1%   17,064 B/op   11.0 allocs/op    390ms
  [1/2]  bench  Addx64/add_small_stack                4,254 ns/op   13,608 B/op   9.00 allocs/op
  [2/2]  bench  Addx64/add_small_stack                4,164 ns/op ±2%   13,608 B/op   9.00 allocs/op    380ms
  [1/2]  bench  NopPassx1                             2,332 ns/op   13,608 B/op   9.00 allocs/op
  [2/2]  bench  NopPassx1                             2,613 ns/op ±11%   13,608 B/op   9.00 allocs/op    460ms
  [1/2]  bench  Checkx5                               86,737 ns/op   107,182 B/op   950 allocs/op
  [2/2]  bench  Checkx5                               90,254 ns/op ±4%   107,182 B/op   950 allocs/op    370ms
  [1/2]  bench  AppendMsgSignedTxn                    109 ns/op   9.17 MB/s   0.000 B/op   0.000 allocs/op
  [2/2]  bench  AppendMsgSignedTxn                    103 ns/op ±6%   9.77 MB/s ±6%   0.000 B/op   0.000 allocs/op    460ms
  [1/2]  bench  TinyMan/eval-lsig-signature           12,169 ns/op   36,840 B/op   86.0 allocs/op
  [2/2]  bench  TinyMan/eval-lsig-signature           12,760 ns/op ±5%   36,840 B/op   86.0 allocs/op    520ms
  [1/2]  bench  TinyMan/group-check-actual            115,821 ns/op   80,736 B/op   136 allocs/op
  [2/2]  bench  TinyMan/group-check-actual            113,224 ns/op ±2%   80,736 B/op   136 allocs/op    1.17s
  [1/2]  bench  TinyMan/group-check-all-crypto        164,390 ns/op   34,042 B/op   37.0 allocs/op
  [2/2]  bench  TinyMan/group-check-all-crypto        164,506 ns/op ±0%   34,041 B/op ±0%   37.0 allocs/op    370ms
  [1/2]  bench  LogicSigSanityCheck                   7,358 ns/op   15,112 B/op   15.0 allocs/op
  [2/2]  bench  LogicSigSanityCheck                   7,438 ns/op ±1%   15,112 B/op   15.0 allocs/op    430ms
  [1/2]  bench  PaysetGroups                          22,865 ns/op   13,020 B/op   8.00 allocs/op
  [2/2]  bench  PaysetGroups                          21,923 ns/op ±4%   12,947 B/op ±1%   8.00 allocs/op    910ms
  [1/2]  bench  Txn                                   43,574 ns/op   9,508 B/op   12.0 allocs/op
  [2/2]  bench  Txn                                   43,381 ns/op ±0%   9,514 B/op ±0%   12.0 allocs/op    930ms
  [1/2]  bench  TxHandlerProcessing/processDecoded    15,231 ns/op   3,888 B/op   43.0 allocs/op
  [2/2]  bench  TxHandlerProcessing/processDecoded    14,856 ns/op ±3%   3,888 B/op   43.0 allocs/op    1.08s
  [1/2]  bench  TxHandlerProcessing/verify.TxnGroup   45,766 ns/op   11,744 B/op   16.0 allocs/op
  [2/2]  bench  TxHandlerProcessing/verify.TxnGroup   47,224 ns/op ±3%   11,744 B/op   16.0 allocs/op    550ms
  [1/2]  bench  TxHandlerDecoderMsgp                  6,450,761 ns/op   3,263,025 B/op   26,389 allocs/op
  [2/2]  bench  TxHandlerDecoderMsgp                  6,450,955 ns/op ±0%   3,390,345 B/op ±4%   26,445 allocs/op ±0%    660ms
  [1/2]  bench  CompactDeltas/account-deltas          2,831,106 ns/op   4,123,000 B/op   16.0 allocs/op
  [2/2]  bench  CompactDeltas/account-deltas          2,775,127 ns/op ±2%   4,123,000 B/op   16.0 allocs/op    3.09s
  [1/2]  bench  Apply/asset-transfer                  464 ns/op   512 B/op   4.00 allocs/op
  [2/2]  bench  Apply/asset-transfer                  464 ns/op ±0%   512 B/op   4.00 allocs/op    640ms
  [1/2]  bench  Apply/keyreg                          302 ns/op   0.000 B/op   0.000 allocs/op
  [2/2]  bench  Apply/keyreg                          299 ns/op ±1%   0.000 B/op   0.000 allocs/op    660ms
  [1/2]  bench  Apply/app-call                        116 ns/op   0.000 B/op   0.000 allocs/op
  [2/2]  bench  Apply/app-call                        116 ns/op   0.000 B/op   0.000 allocs/op    480ms
  [1/2]  bench  CompactResourceDeltas                 5,170,151 ns/op   10,109,616 B/op   36.0 allocs/op
  [2/2]  bench  CompactResourceDeltas                 5,188,254 ns/op ±0%   10,109,617 B/op ±0%   36.0 allocs/op    360ms
  [1/2]  bench  TxTailCheckDup/hit                    48.2 ns/op   48.0 B/op   1.00 allocs/op
  [2/2]  bench  TxTailCheckDup/hit                    47.9 ns/op ±1%   48.0 B/op   1.00 allocs/op    400ms
  [1/2]  bench  TxTailCheckDup/miss                   25.4 ns/op   0.000 B/op   0.000 allocs/op
  [2/2]  bench  TxTailCheckDup/miss                   25.4 ns/op ±0%   0.000 B/op   0.000 allocs/op    390ms
  [1/2]  bench  CowChild                              40.5 ns/op   0.000 B/op   0.000 allocs/op
  [2/2]  bench  CowChild                              40.4 ns/op ±0%   0.000 B/op   0.000 allocs/op    400ms
  [1/2]  bench  PrefetcherApps                        234 ns/op   106 B/op   1.00 allocs/op
  [2/2]  bench  PrefetcherApps                        231 ns/op ±1%   106 B/op   1.00 allocs/op    2.06s
  [1/2]  bench  PrefetcherPayment                     212 ns/op   86.0 B/op   0.000 allocs/op
  [2/2]  bench  PrefetcherPayment                     212 ns/op ±0%   85.5 B/op ±1%   0.000 allocs/op    1.9s
  [1/2]  bench  BlockEvaluatorRAMNoCrypto             402,765,598 ns/op   8,056 ns/eval_validate_tx   583,979,244 B/op   1,351,129 allocs/op
  [2/2]  bench  BlockEvaluatorRAMNoCrypto             419,047,223 ns/op ±4%   8,382 ns/eval_validate_tx ±4%   583,967,162 B/op ±0%   1,351,134 allocs/op ±0%    7.77s
  [1/2]  bench  BlockValidationMix                    1,530,564,619 ns/op   1,902,481,168 B/op   7,464,891 allocs/op
  [2/2]  bench  BlockValidationMix                    1,498,999,792 ns/op ±2%   1,901,136,232 B/op ±0%   7,455,915 allocs/op ±0%    9.03s
  [1/2]  bench  AppInt1                               730,332,738 ns/op   1,923,525,552 B/op   2,812,596 allocs/op
  [2/2]  bench  AppInt1                               731,981,525 ns/op ±0%   1,923,534,536 B/op ±0%   2,812,568 allocs/op ±0%    2.25s
  [1/2]  bench  AccountDeltasOps/upsert               528,813 ns/op   3,539,639 B/op   35.0 allocs/op
  [2/2]  bench  AccountDeltasOps/upsert               533,218 ns/op ±1%   3,539,643 B/op ±0%   35.0 allocs/op    420ms
  [1/2]  bench  AccountDeltasOps/merge                429,491 ns/op   800,530 B/op   66.0 allocs/op
  [2/2]  bench  AccountDeltasOps/merge                430,235 ns/op ±0%   800,533 B/op ±0%   66.0 allocs/op    770ms
  [1/2]  bench  AccountDeltasOps/optimize             120,102 ns/op   1,131,185 B/op   35.0 allocs/op
  [2/2]  bench  AccountDeltasOps/optimize             135,115 ns/op ±11%   1,131,186 B/op ±0%   35.0 allocs/op    540ms
  [1/2]  bench  MakeStateDelta                        969,307 ns/op   20,811,624 B/op   197 allocs/op
  [2/2]  bench  MakeStateDelta                        963,116 ns/op ±1%   20,811,623 B/op ±0%   197 allocs/op    450ms
  [1/2]  bench  OnlineAccountsCacheRead320            3,763,653 ns/op   705,478 B/op   4,021 allocs/op
  [2/2]  bench  OnlineAccountsCacheRead320            3,750,037 ns/op ±0%   705,478 B/op   4,021 allocs/op    370ms
  [1/2]  bench  MessageFilterCheck/hit                4,802 ns/op   1,248 B/op   9.00 allocs/op
  [2/2]  bench  MessageFilterCheck/hit                4,846 ns/op ±1%   1,248 B/op   9.00 allocs/op    410ms
  [1/2]  bench  MessageFilterCheck/miss               5,110 ns/op   1,248 B/op   9.00 allocs/op
  [2/2]  bench  MessageFilterCheck/miss               5,188 ns/op ±1%   1,248 B/op   9.00 allocs/op    410ms
  [1/2]  bench  GenerateMessageDigest                 419 ns/op   0.000 B/op   0.000 allocs/op
  [2/2]  bench  GenerateMessageDigest                 422 ns/op ±1%   0.000 B/op   0.000 allocs/op    370ms
  [1/2]  bench  VpackVote/compress                    210 ns/op   2,990 MB/s   0.000 B/op   0.000 allocs/op
  [2/2]  bench  VpackVote/compress                    212 ns/op ±1%   2,963 MB/s ±1%   0.000 B/op   0.000 allocs/op    580ms
  [1/2]  bench  VpackVote/decompress                  87.4 ns/op   5,402 MB/s   0.000 B/op   0.000 allocs/op
  [2/2]  bench  VpackVote/decompress                  87.3 ns/op ±0%   5,406 MB/s ±0%   0.000 B/op   0.000 allocs/op    440ms
  [1/2]  bench  BloomFilterSet                        71.2 ns/op   0.000 B/op   0.000 allocs/op
  [2/2]  bench  BloomFilterSet                        70.8 ns/op ±1%   0.000 B/op   0.000 allocs/op    1.57s
  [1/2]  bench  BloomFilterTest                       69.7 ns/op   0.000 B/op   0.000 allocs/op
  [2/2]  bench  BloomFilterTest                       69.6 ns/op ±0%   0.000 B/op   0.000 allocs/op    1.79s
  [1/2]  bench  TagCounter                            10.7 ns/op   0.000 B/op   0.000 allocs/op
  [2/2]  bench  TagCounter                            10.4 ns/op ±3%   0.000 B/op   0.000 allocs/op    350ms
