  [1/2]  bench  VoteVerify                            290,311 ns/op   6,888 B/op   65.0 allocs/op
  [2/2]  bench  VoteVerify                            292,235 ns/op ±1%   6,888 B/op   65.0 allocs/op    490ms
  [1/2]  bench  CryptoVerifierVoteVertification       123,024 ns/op   24,008 B/op   71.0 allocs/op
  [2/2]  bench  CryptoVerifierVoteVertification       123,755 ns/op ±1%   24,005 B/op ±0%   71.0 allocs/op    450ms
  [1/2]  bench  CryptoVerifierProposalVertification   197,822 ns/op   12,473 B/op   54.0 allocs/op
  [2/2]  bench  CryptoVerifierProposalVertification   195,245 ns/op ±1%   12,474 B/op ±0%   54.0 allocs/op    490ms
  [1/2]  bench  VoteDecoding                          310 ns/op   1,152 B/op   2.00 allocs/op
  [2/2]  bench  VoteDecoding                          297 ns/op ±5%   1,152 B/op   2.00 allocs/op    690ms
  [1/2]  bench  NoiseSentinelHash                     32,329 ns/op   2,027 MB/s   0.000 B/op   0.000 allocs/op
  [2/2]  bench  NoiseSentinelHash                     32,321 ns/op ±0%   2,028 MB/s ±0%   0.000 B/op   0.000 allocs/op    320ms
  [1/2]  bench  NoiseSentinelLoop                     5,896 ns/op   0.000 B/op   0.000 allocs/op
  [2/2]  bench  NoiseSentinelLoop                     5,888 ns/op ±0%   0.000 B/op   0.000 allocs/op    410ms
  [1/2]  bench  BatchVerifierImpls/libsodium_single   2,638,777 ns/op   21,264 B/op   261 allocs/op
  [2/2]  bench  BatchVerifierImpls/libsodium_single   2,845,738 ns/op ±7%   21,264 B/op   261 allocs/op    680ms
  [1/2]  bench  BatchVerifierImpls/libsodium_batch    1,233,830 ns/op   26,064 B/op   12.0 allocs/op
  [2/2]  bench  BatchVerifierImpls/libsodium_batch    1,224,950 ns/op ±1%   26,064 B/op   12.0 allocs/op    480ms
  [1/2]  bench  BatchVerifierImpls/ed25519consensus   1,141,864 ns/op   270,016 B/op   137 allocs/op
  [2/2]  bench  BatchVerifierImpls/ed25519consensus   1,142,345 ns/op ±0%   270,017 B/op ±0%   137 allocs/op    470ms
  [1/2]  bench  FalconVerify                          37,157 ns/op   0.000 B/op   0.000 allocs/op
  [2/2]  bench  FalconVerify                          38,060 ns/op ±2%   0.000 B/op   0.000 allocs/op    480ms
  [1/2]  bench  FalconSign                            6,589,232 ns/op   3,080 B/op   3.00 allocs/op
  [2/2]  bench  FalconSign                            6,569,506 ns/op ±0%   3,080 B/op   3.00 allocs/op    420ms
  [1/2]  bench  MultisigVerify                        116,938 ns/op   2,648 B/op   21.0 allocs/op
  [2/2]  bench  MultisigVerify                        117,744 ns/op ±1%   2,648 B/op   21.0 allocs/op    370ms
  [1/2]  bench  VrfProve                              111,281 ns/op   224 B/op   5.00 allocs/op
  [2/2]  bench  VrfProve                              113,234 ns/op ±2%   224 B/op   5.00 allocs/op    370ms
  [1/2]  bench  Hash                                  203 ns/op   0.000 B/op   0.000 allocs/op
  [2/2]  bench  Hash                                  203 ns/op   0.000 B/op   0.000 allocs/op    560ms
  [1/2]  bench  SignVerify                            56,913 ns/op   336 B/op   10.0 allocs/op
  [2/2]  bench  SignVerify                            54,494 ns/op ±4%   336 B/op   10.0 allocs/op    650ms
  [1/2]  bench  Verify25519/libsodium                 40,793 ns/op   128 B/op   4.00 allocs/op
  [2/2]  bench  Verify25519/libsodium                 40,420 ns/op ±1%   128 B/op   4.00 allocs/op    470ms
  [1/2]  bench  Verify25519/ed25519consensus          36,010 ns/op   32.0 B/op   2.00 allocs/op
  [2/2]  bench  Verify25519/ed25519consensus          36,475 ns/op ±1%   32.0 B/op   2.00 allocs/op    500ms
  [1/2]  bench  MerkleSignatureVerify                 73,491 ns/op   9,472 B/op   42.0 allocs/op
  [2/2]  bench  MerkleSignatureVerify                 76,318 ns/op ±4%   9,472 B/op   42.0 allocs/op    530ms
  [1/2]  bench  OneTimeSigBatchVerification/libsodium_singles  125,496 ns/op   1,304 B/op   24.0 allocs/op
  [2/2]  bench  OneTimeSigBatchVerification/libsodium_singles  125,522 ns/op ±0%   1,304 B/op   24.0 allocs/op    600ms
  [1/2]  bench  OneTimeSigBatchVerification/libsodium_batch  111,033 ns/op   1,144 B/op   17.0 allocs/op
  [2/2]  bench  OneTimeSigBatchVerification/libsodium_batch  109,872 ns/op ±1%   1,144 B/op   17.0 allocs/op    620ms
  [1/2]  bench  OneTimeSigBatchVerification/ed25519consensus_batch  80,803 ns/op   14,320 B/op   22.0 allocs/op
  [2/2]  bench  OneTimeSigBatchVerification/ed25519consensus_batch  86,600 ns/op ±7%   14,320 B/op   22.0 allocs/op    730ms
  [1/2]  bench  VrfVerify                             153,310 ns/op   176 B/op   3.00 allocs/op
  [2/2]  bench  VrfVerify                             152,990 ns/op ±0%   176 B/op   3.00 allocs/op    710ms
  [1/2]  bench  AppRateLimiter_TxgroupToKeys          14,111 ns/op   9,512 B/op   3.00 allocs/op
  [2/2]  bench  AppRateLimiter_TxgroupToKeys          13,967 ns/op ±1%   9,512 B/op   3.00 allocs/op    790ms
  [1/2]  bench  AddressFormatting                     264 ns/op   128 B/op   2.00 allocs/op
  [2/2]  bench  AddressFormatting                     263 ns/op ±0%   128 B/op   2.00 allocs/op    620ms
  [1/2]  bench  UnmarshalChecksumAddress              604 ns/op   192 B/op   3.00 allocs/op
  [2/2]  bench  UnmarshalChecksumAddress              605 ns/op ±0%   192 B/op   3.00 allocs/op    340ms
  [1/2]  bench  CodecRealistic/encode-signed-pay      572 ns/op   2,688 B/op   1.00 allocs/op
  [2/2]  bench  CodecRealistic/encode-signed-pay      576 ns/op ±1%   2,688 B/op   1.00 allocs/op    640ms
  [1/2]  bench  CodecRealistic/decode-signed-pay      180 ns/op   64.0 B/op   3.00 allocs/op
  [2/2]  bench  CodecRealistic/decode-signed-pay      180 ns/op ±0%   64.0 B/op   3.00 allocs/op    540ms
  [1/2]  bench  CodecRealistic/encode-signed-appl     621 ns/op   3,072 B/op   1.00 allocs/op
  [2/2]  bench  CodecRealistic/encode-signed-appl     628 ns/op ±1%   3,072 B/op   1.00 allocs/op    670ms
  [1/2]  bench  CodecRealistic/decode-signed-appl     505 ns/op   376 B/op   13.0 allocs/op
  [2/2]  bench  CodecRealistic/decode-signed-appl     504 ns/op ±0%   376 B/op   13.0 allocs/op    650ms
  [1/2]  bench  CodecRealistic/encode-block-header    618 ns/op   1,824 B/op   3.00 allocs/op
  [2/2]  bench  CodecRealistic/encode-block-header    623 ns/op ±1%   1,824 B/op   3.00 allocs/op    660ms
  [1/2]  bench  CodecRealistic/decode-block-header    613 ns/op   720 B/op   9.00 allocs/op
  [2/2]  bench  CodecRealistic/decode-block-header    613 ns/op   720 B/op   9.00 allocs/op    330ms
  [1/2]  bench  HashObj/txn                           1,211 ns/op   3,936 B/op   3.00 allocs/op
  [2/2]  bench  HashObj/txn                           1,164 ns/op ±4%   3,936 B/op   3.00 allocs/op    330ms
  [1/2]  bench  HashObj/block-header                  2,345 ns/op   3,552 B/op   5.00 allocs/op
  [2/2]  bench  HashObj/block-header                  2,344 ns/op ±0%   3,552 B/op   5.00 allocs/op    370ms
  [1/2]  bench  AppendMsgBlockHeader                  44.5 ns/op   22.5 MB/s   0.000 B/op   0.000 allocs/op
  [2/2]  bench  AppendMsgBlockHeader                  43.5 ns/op ±2%   23.0 MB/s ±2%   0.000 B/op   0.000 allocs/op    400ms
  [1/2]  bench  Sortition                             347,611 ns/op   1,824 B/op   21.0 allocs/op
  [2/2]  bench  Sortition                             346,699 ns/op ±0%   1,824 B/op   21.0 allocs/op    400ms
  [1/2]  bench  TransactionPoolRecompute              1,095,910,796 ns/op   38,252 ns/txn   1,117,672,736 B/op   2,398,003 allocs/op
  [2/2]  bench  TransactionPoolRecompute              1,067,017,201 ns/op ±3%   37,244 ns/txn ±3%   1,117,461,288 B/op ±0%   2,397,974 allocs/op ±0%    2.73s
  [1/2]  bench  TxnIDs/signed-txn-id                  551 ns/op   0.000 B/op   0.000 allocs/op
  [2/2]  bench  TxnIDs/signed-txn-id                  551 ns/op   0.000 B/op   0.000 allocs/op    360ms
  [1/2]  bench  TxnIDs/group-id                       13,750 ns/op   2,280 B/op   4.00 allocs/op
  [2/2]  bench  TxnIDs/group-id                       13,837 ns/op ±1%   2,280 B/op ±0%   4.00 allocs/op    490ms
  [1/2]  bench  WellFormed/pay                        124 ns/op   0.000 B/op   0.000 allocs/op
  [2/2]  bench  WellFormed/pay                        132 ns/op ±6%   0.000 B/op   0.000 allocs/op    490ms
  [1/2]  bench  WellFormed/axfer                      109 ns/op   0.000 B/op   0.000 allocs/op
  [2/2]  bench  WellFormed/axfer                      108 ns/op ±0%   0.000 B/op   0.000 allocs/op    470ms
  [1/2]  bench  WellFormed/acfg                       110 ns/op   0.000 B/op   0.000 allocs/op
  [2/2]  bench  WellFormed/acfg                       111 ns/op ±2%   0.000 B/op   0.000 allocs/op    460ms
  [1/2]  bench  WellFormed/appl                       146 ns/op   0.000 B/op   0.000 allocs/op
  [2/2]  bench  WellFormed/appl                       148 ns/op ±1%   0.000 B/op   0.000 allocs/op    520ms
  [1/2]  bench  WellFormed/keyreg                     153 ns/op   0.000 B/op   0.000 allocs/op
  [2/2]  bench  WellFormed/keyreg                     153 ns/op   0.000 B/op   0.000 allocs/op    520ms
  [1/2]  bench  Assemble                              223,088 ns/op   329,249 B/op   3,263 allocs/op
  [2/2]  bench  Assemble                              222,145 ns/op ±0%   329,248 B/op ±0%   3,263 allocs/op    380ms
  [1/2]  bench  Disassemble                           50,493 ns/op   49,983 B/op   888 allocs/op
  [2/2]  bench  Disassemble                           48,671 ns/op ±4%   49,983 B/op   888 allocs/op    630ms
  [1/2]  bench  BoxOps/box_get                        2,267 ns/op   3.00 extra/op   3,364 B/op   33.0 allocs/op
  [2/2]  bench  BoxOps/box_get                        2,265 ns/op ±0%   3.00 extra/op   3,364 B/op ±0%   33.0 allocs/op    400ms
  [1/2]  bench  BoxOps/box_len                        1,898 ns/op   3.00 extra/op   1,023 B/op   31.0 allocs/op
  [2/2]  bench  BoxOps/box_len                        1,894 ns/op ±0%   3.00 extra/op   1,023 B/op   31.0 allocs/op    410ms
  [1/2]  bench  BoxOps/box_extract                    2,233 ns/op   4.00 extra/op   1,521 B/op   37.0 allocs/op
  [2/2]  bench  BoxOps/box_extract                    2,223 ns/op ±0%   4.00 extra/op   1,521 B/op   37.0 allocs/op    400ms
  [1/2]  bench  BoxOps/box_replace                    1,941 ns/op   3.00 extra/op   1,307 B/op   34.0 allocs/op
  [2/2]  bench  BoxOps/box_replace                    2,025 ns/op ±4%   3.00 extra/op   1,308 B/op ±0%   34.0 allocs/op    430ms
  [1/2]  bench  BoxOps/box_splice                     2,456 ns/op   4.00 extra/op   1,625 B/op   42.0 allocs/op
  [2/2]  bench  BoxOps/box_splice                     2,451 ns/op ±0%   4.00 extra/op   1,625 B/op   42.0 allocs/op    400ms
  [1/2]  bench  BoxOps/box_put                        2,050 ns/op   3.00 extra/op   2,088 B/op   31.0 allocs/op
  [2/2]  bench  BoxOps/box_put                        2,037 ns/op ±1%   3.00 extra/op   2,087 B/op ±0%   31.0 allocs/op    410ms
  [1/2]  bench  BoxOps/box_resize                     3,904 ns/op   5.00 extra/op   1,722 B/op   52.0 allocs/op
  [2/2]  bench  BoxOps/box_resize                     3,868 ns/op ±1%   5.00 extra/op   1,723 B/op ±0%   52.0 allocs/op    430ms
  [1/2]  bench  BoxOps/box_create_del                 3,683 ns/op   6.00 extra/op   1,778 B/op   54.0 allocs/op
  [2/2]  bench  BoxOps/box_create_del                 3,680 ns/op ±0%   6.00 extra/op   1,779 B/op ±0%   54.0 allocs/op    440ms
  [1/2]  bench  InnerTxn/pay                          14,336 ns/op   24,582 B/op   127 allocs/op
  [2/2]  bench  InnerTxn/pay                          14,291 ns/op ±0%   24,582 B/op ±0%   127 allocs/op    500ms
  [1/2]  bench  InnerTxn/axfer                        14,877 ns/op   25,182 B/op   134 allocs/op
  [2/2]  bench  InnerTxn/axfer                        14,884 ns/op ±0%   25,182 B/op   134 allocs/op    510ms
  [1/2]  bench  InnerTxn/appl                         14,476 ns/op   33,111 B/op   100 allocs/op
  [2/2]  bench  InnerTxn/appl                         14,590 ns/op ±1%   33,111 B/op   100 allocs/op    500ms
  [1/2]  bench  StateOps/app_global_get               1,173 ns/op   2.00 extra/op   677 B/op   21.0 allocs/op
  [2/2]  bench  StateOps/app_global_get               1,174 ns/op ±0%   2.00 extra/op   677 B/op   21.0 allocs/op    380ms
  [1/2]  bench  StateOps/app_global_put               1,612 ns/op   2.00 extra/op   1,353 B/op   27.0 allocs/op
  [2/2]  bench  StateOps/app_global_put               1,611 ns/op ±0%   2.00 extra/op   1,353 B/op   27.0 allocs/op    390ms
  [1/2]  bench  StateOps/app_global_del               825 ns/op   1.00 extra/op   499 B/op   15.0 allocs/op
  [2/2]  bench  StateOps/app_global_del               824 ns/op ±0%   1.00 extra/op   499 B/op   15.0 allocs/op    350ms
  [1/2]  bench  StateOps/app_local_get                1,667 ns/op   3.00 extra/op   912 B/op   29.0 allocs/op
  [2/2]  bench  StateOps/app_local_get                1,671 ns/op ±0%   3.00 extra/op   913 B/op ±0%   29.0 allocs/op    400ms
  [1/2]  bench  StateOps/app_local_put                1,876 ns/op   3.00 extra/op   1,165 B/op   33.0 allocs/op
  [2/2]  bench  StateOps/app_local_put                1,879 ns/op ±0%   3.00 extra/op   1,166 B/op ±0%   33.0 allocs/op    390ms
  [1/2]  bench  StateOps/app_local_del                1,318 ns/op   2.00 extra/op   702 B/op   23.0 allocs/op
  [2/2]  bench  StateOps/app_local_del                1,321 ns/op ±0%   2.00 extra/op   702 B/op   23.0 allocs/op    380ms
  [1/2]  bench  StateOps/asset_holding_get            2,324 ns/op   4.00 extra/op   1,277 B/op   36.0 allocs/op
  [2/2]  bench  StateOps/asset_holding_get            2,359 ns/op ±1%   4.00 extra/op   1,277 B/op   36.0 allocs/op    420ms
  [1/2]  bench  StateOps/asset_params_get             2,017 ns/op   3.00 extra/op   1,509 B/op   34.0 allocs/op
  [2/2]  bench  StateOps/asset_params_get             2,021 ns/op ±0%   3.00 extra/op   1,509 B/op ±0%   34.0 allocs/op    400ms
  [1/2]  bench  StateOps/app_params_get               1,903 ns/op   3.00 extra/op   1,324 B/op   30.0 allocs/op
  [2/2]  bench  StateOps/app_params_get               1,989 ns/op ±4%   3.00 extra/op   1,324 B/op   30.0 allocs/op    430ms
  [1/2]  bench  StateOps/acct_params_get              2,736 ns/op   3.00 extra/op   1,709 B/op   36.0 allocs/op
  [2/2]  bench  StateOps/acct_params_get              2,713 ns/op ±1%   3.00 extra/op   1,709 B/op ±0%   36.0 allocs/op    410ms
  [1/2]  bench  Verify/pop                            34.2 ns/op   3.00 extra/op   6.00 B/op   0.000 allocs/op
  [2/2]  bench  Verify/pop                            34.2 ns/op ±0%   3.00 extra/op   6.00 B/op   0.000 allocs/op    450ms
  [1/2]  bench  Verify/add                            37.7 ns/op   3.00 extra/op   6.00 B/op   0.000 allocs/op
  [2/2]  bench  Verify/add                            38.0 ns/op ±1%   3.00 extra/op   6.00 B/op   0.000 allocs/op    470ms
  [1/2]  bench  Verify/ed25519verify_bare             39,466 ns/op   7.00 extra/op   103 B/op   2.00 allocs/op
  [2/2]  bench  Verify/ed25519verify_bare             39,777 ns/op ±1%   7.00 extra/op   103 B/op   2.00 allocs/op    460ms
  [1/2]  bench  Verify/ecdsa_verify_k1                36,999 ns/op   7.00 extra/op   342 B/op   6.00 allocs/op
  [2/2]  bench  Verify/ecdsa_verify_k1                36,674 ns/op ±1%   7.00 extra/op   343 B/op ±0%   6.00 allocs/op    490ms
  [1/2]  bench  Verify/ecdsa_verify_r1                58,215 ns/op   7.00 extra/op   1,416 B/op   25.0 allocs/op
  [2/2]  bench  Verify/ecdsa_verify_r1                58,157 ns/op ±0%   7.00 extra/op   1,416 B/op   25.0 allocs/op    470ms
  [1/2]  bench  Verify/falcon_verify                  36,927 ns/op   7.00 extra/op   2,055 B/op   1.00 allocs/op
  [2/2]  bench  Verify/falcon_verify                  36,636 ns/op ±1%   7.00 extra/op   2,055 B/op   1.00 allocs/op    700ms
  [1/2]  bench  Verify/vrf_verify                     152,539 ns/op   5.00 extra/op   283 B/op   6.00 allocs/op
  [2/2]  bench  Verify/vrf_verify                     158,299 ns/op ±4%   5.00 extra/op   283 B/op   6.00 allocs/op    490ms
  [1/2]  bench  CheckSignature                        5,653 ns/op   12,320 B/op   9.00 allocs/op
  [2/2]  bench  CheckSignature                        5,673 ns/op ±0%   12,320 B/op   9.00 allocs/op    410ms
  [1/2]  bench  Addx64/add_long_stack                 5,500 ns/op   17,072 B/op   12.0 allocs/op
  [2/2]  bench  Addx64/add_long_stack                 5,174 ns/op ±6%   17,072 B/op   12.0 allocs/op    390ms
  [1/2]  bench  Addx64/add_small_stack                4,489 ns/op   13,616 B/op   10.0 allocs/op
  [2/2]  bench  Addx64/add_small_stack                4,457 ns/op ±1%   13,616 B/op   10.0 allocs/op    410ms
  [1/2]  bench  NopPassx1                             2,359 ns/op   13,616 B/op   10.0 allocs/op
  [2/2]  bench  NopPassx1                             2,338 ns/op ±1%   13,616 B/op   10.0 allocs/op    370ms
  [1/2]  bench  Checkx5                               85,061 ns/op   107,270 B/op   957 allocs/op
  [2/2]  bench  Checkx5                               84,879 ns/op ±0%   107,270 B/op   957 allocs/op    330ms
  [1/2]  bench  AppendMsgSignedTxn                    98.0 ns/op   10.2 MB/s   0.000 B/op   0.000 allocs/op
  [2/2]  bench  AppendMsgSignedTxn                    97.8 ns/op ±0%   10.2 MB/s ±0%   0.000 B/op   0.000 allocs/op    460ms
  [1/2]  bench  TinyMan/eval-lsig-signature           12,321 ns/op   36,840 B/op   86.0 allocs/op
  [2/2]  bench  TinyMan/eval-lsig-signature           12,229 ns/op ±1%   36,840 B/op   86.0 allocs/op    480ms
  [1/2]  bench  TinyMan/group-check-actual            100,112 ns/op   99,527 B/op   135 allocs/op
  [2/2]  bench  TinyMan/group-check-actual            99,467 ns/op ±1%   99,578 B/op ±0%   135 allocs/op    1.26s
  [1/2]  bench  TinyMan/group-check-all-crypto        116,294 ns/op   54,708 B/op   34.0 allocs/op
  [2/2]  bench  TinyMan/group-check-all-crypto        118,454 ns/op ±2%   54,624 B/op ±0%   34.0 allocs/op    670ms
  [1/2]  bench  LogicSigSanityCheck                   7,854 ns/op   18,296 B/op   14.0 allocs/op
  [2/2]  bench  LogicSigSanityCheck                   7,872 ns/op ±0%   18,296 B/op   14.0 allocs/op    440ms
  [1/2]  bench  PaysetGroups                          11,266 ns/op   19,088 B/op   6.00 allocs/op
  [2/2]  bench  PaysetGroups                          11,411 ns/op ±1%   18,942 B/op ±1%   6.00 allocs/op    790ms
  [1/2]  bench  Txn                                   24,690 ns/op   12,296 B/op   6.00 allocs/op
  [2/2]  bench  Txn                                   24,224 ns/op ±2%   12,287 B/op ±0%   6.00 allocs/op    1.65s
  [1/2]  bench  TxHandlerProcessing/processDecoded    15,017 ns/op   3,912 B/op   44.0 allocs/op
  [2/2]  bench  TxHandlerProcessing/processDecoded    14,789 ns/op ±2%   3,912 B/op   44.0 allocs/op    1.05s
  [1/2]  bench  TxHandlerProcessing/verify.TxnGroup   45,136 ns/op   11,872 B/op   16.0 allocs/op
  [2/2]  bench  TxHandlerProcessing/verify.TxnGroup   44,635 ns/op ±1%   11,872 B/op   16.0 allocs/op    490ms
  [1/2]  bench  TxHandlerDecoderMsgp                  6,447,086 ns/op   3,821,732 B/op   26,501 allocs/op
  [2/2]  bench  TxHandlerDecoderMsgp                  6,753,013 ns/op ±5%   4,126,291 B/op ±7%   26,623 allocs/op ±0%    650ms
  [1/2]  bench  CompactDeltas/account-deltas          2,749,979 ns/op   4,123,000 B/op   16.0 allocs/op
  [2/2]  bench  CompactDeltas/account-deltas          2,718,450 ns/op ±1%   4,123,000 B/op   16.0 allocs/op    3.07s
  [1/2]  bench  Apply/asset-transfer                  466 ns/op   512 B/op   4.00 allocs/op
  [2/2]  bench  Apply/asset-transfer                  465 ns/op ±0%   512 B/op   4.00 allocs/op    310ms
  [1/2]  bench  Apply/keyreg                          302 ns/op   0.000 B/op   0.000 allocs/op
  [2/2]  bench  Apply/keyreg                          301 ns/op ±0%   0.000 B/op   0.000 allocs/op    300ms
  [1/2]  bench  Apply/app-call                        119 ns/op   0.000 B/op   0.000 allocs/op
  [2/2]  bench  Apply/app-call                        119 ns/op ±0%   0.000 B/op   0.000 allocs/op    480ms
  [1/2]  bench  CompactResourceDeltas                 4,781,052 ns/op   10,273,456 B/op   36.0 allocs/op
  [2/2]  bench  CompactResourceDeltas                 4,677,573 ns/op ±2%   10,273,456 B/op   36.0 allocs/op    700ms
  [1/2]  bench  TxTailCheckDup/hit                    49.0 ns/op   48.0 B/op   1.00 allocs/op
  [2/2]  bench  TxTailCheckDup/hit                    48.7 ns/op ±1%   48.0 B/op   1.00 allocs/op    390ms
  [1/2]  bench  TxTailCheckDup/miss                   25.8 ns/op   0.000 B/op   0.000 allocs/op
  [2/2]  bench  TxTailCheckDup/miss                   25.8 ns/op ±0%   0.000 B/op   0.000 allocs/op    390ms
  [1/2]  bench  CowChild                              40.4 ns/op   0.000 B/op   0.000 allocs/op
  [2/2]  bench  CowChild                              40.2 ns/op ±0%   0.000 B/op   0.000 allocs/op    390ms
  [1/2]  bench  PrefetcherApps                        255 ns/op   106 B/op   1.00 allocs/op
  [2/2]  bench  PrefetcherApps                        255 ns/op ±0%   107 B/op ±0%   1.00 allocs/op    2.11s
  [1/2]  bench  PrefetcherPayment                     210 ns/op   85.0 B/op   0.000 allocs/op
  [2/2]  bench  PrefetcherPayment                     220 ns/op ±5%   85.5 B/op ±1%   0.000 allocs/op    1.92s
  [1/2]  bench  BlockEvaluatorRAMNoCrypto             420,947,712 ns/op   8,419 ns/eval_validate_tx   589,556,828 B/op   1,351,136 allocs/op
  [2/2]  bench  BlockEvaluatorRAMNoCrypto             423,302,222 ns/op ±1%   8,467 ns/eval_validate_tx ±1%   589,553,386 B/op ±0%   1,351,139 allocs/op ±0%    7.74s
  [1/2]  bench  BlockValidationMix                    1,543,928,014 ns/op   1,922,408,712 B/op   7,410,399 allocs/op
  [2/2]  bench  BlockValidationMix                    1,520,881,839 ns/op ±2%   1,926,347,260 B/op ±0%   7,438,221 allocs/op ±0%    8.61s
  [1/2]  bench  AppInt1                               777,273,389 ns/op   1,973,851,704 B/op   2,941,503 allocs/op
  [2/2]  bench  AppInt1                               783,117,980 ns/op ±1%   1,973,774,364 B/op ±0%   2,941,484 allocs/op ±0%    2.21s
  [1/2]  bench  AccountDeltasOps/upsert               530,691 ns/op   3,539,642 B/op   35.0 allocs/op
  [2/2]  bench  AccountDeltasOps/upsert               528,766 ns/op ±0%   3,539,642 B/op ±0%   35.0 allocs/op    400ms
  [1/2]  bench  AccountDeltasOps/merge                454,367 ns/op   800,538 B/op   66.0 allocs/op
  [2/2]  bench  AccountDeltasOps/merge                454,042 ns/op ±0%   800,534 B/op ±0%   66.0 allocs/op    780ms
  [1/2]  bench  AccountDeltasOps/optimize             120,975 ns/op   1,131,185 B/op   35.0 allocs/op
  [2/2]  bench  AccountDeltasOps/optimize             120,557 ns/op ±0%   1,131,185 B/op   35.0 allocs/op    450ms
  [1/2]  bench  MakeStateDelta                        1,014,249 ns/op   20,811,624 B/op   197 allocs/op
  [2/2]  bench  MakeStateDelta                        1,008,899 ns/op ±1%   20,811,622 B/op ±0%   197 allocs/op    440ms
  [1/2]  bench  OnlineAccountsCacheRead320            3,655,525 ns/op   705,478 B/op   4,021 allocs/op
  [2/2]  bench  OnlineAccountsCacheRead320            3,715,150 ns/op ±2%   705,478 B/op   4,021 allocs/op    380ms
  [1/2]  bench  MessageFilterCheck/hit                5,148 ns/op   1,248 B/op   9.00 allocs/op
  [2/2]  bench  MessageFilterCheck/hit                5,110 ns/op ±1%   1,248 B/op   9.00 allocs/op    380ms
  [1/2]  bench  MessageFilterCheck/miss               5,085 ns/op   1,248 B/op   9.00 allocs/op
  [2/2]  bench  MessageFilterCheck/miss               4,922 ns/op ±3%   1,248 B/op   9.00 allocs/op    390ms
  [1/2]  bench  GenerateMessageDigest                 417 ns/op   0.000 B/op   0.000 allocs/op
  [2/2]  bench  GenerateMessageDigest                 418 ns/op ±0%   0.000 B/op   0.000 allocs/op    340ms
  [1/2]  bench  VpackVote/compress                    220 ns/op   2,858 MB/s   0.000 B/op   0.000 allocs/op
  [2/2]  bench  VpackVote/compress                    221 ns/op ±1%   2,840 MB/s ±1%   0.000 B/op   0.000 allocs/op    590ms
  [1/2]  bench  VpackVote/decompress                  88.1 ns/op   5,360 MB/s   0.000 B/op   0.000 allocs/op
  [2/2]  bench  VpackVote/decompress                  87.9 ns/op ±0%   5,371 MB/s ±0%   0.000 B/op   0.000 allocs/op    450ms
  [1/2]  bench  BloomFilterSet                        70.9 ns/op   0.000 B/op   0.000 allocs/op
  [2/2]  bench  BloomFilterSet                        73.5 ns/op ±3%   0.000 B/op   0.000 allocs/op    1.6s
  [1/2]  bench  BloomFilterTest                       69.1 ns/op   0.000 B/op   0.000 allocs/op
  [2/2]  bench  BloomFilterTest                       69.1 ns/op ±0%   0.000 B/op   0.000 allocs/op    1.79s
  [1/2]  bench  TagCounter                            10.9 ns/op   0.000 B/op   0.000 allocs/op
  [2/2]  bench  TagCounter                            10.6 ns/op ±3%   0.000 B/op   0.000 allocs/op    340ms
