  [1/2]  bench  VoteVerify                            291,695 ns/op   6,888 B/op   65.0 allocs/op
  [2/2]  bench  VoteVerify                            290,969 ns/op ±0%   6,888 B/op   65.0 allocs/op    470ms
  [1/2]  bench  CryptoVerifierVoteVertification       124,711 ns/op   24,010 B/op   71.0 allocs/op
  [2/2]  bench  CryptoVerifierVoteVertification       124,646 ns/op ±0%   24,007 B/op ±0%   71.0 allocs/op    470ms
  [1/2]  bench  CryptoVerifierProposalVertification   184,665 ns/op   12,474 B/op   54.0 allocs/op
  [2/2]  bench  CryptoVerifierProposalVertification   185,815 ns/op ±1%   12,474 B/op ±0%   54.0 allocs/op    480ms
  [1/2]  bench  VoteDecoding                          281 ns/op   1,152 B/op   2.00 allocs/op
  [2/2]  bench  VoteDecoding                          282 ns/op ±0%   1,152 B/op   2.00 allocs/op    690ms
  [1/2]  bench  NoiseSentinelHash                     32,327 ns/op   2,027 MB/s   0.000 B/op   0.000 allocs/op
  [2/2]  bench  NoiseSentinelHash                     32,343 ns/op ±0%   2,026 MB/s ±0%   0.000 B/op   0.000 allocs/op    320ms
  [1/2]  bench  NoiseSentinelLoop                     5,881 ns/op   0.000 B/op   0.000 allocs/op
  [2/2]  bench  NoiseSentinelLoop                     5,881 ns/op   0.000 B/op   0.000 allocs/op    420ms
  [1/2]  bench  BatchVerifierImpls/libsodium_single   2,599,318 ns/op   21,264 B/op   261 allocs/op
  [2/2]  bench  BatchVerifierImpls/libsodium_single   2,627,299 ns/op ±1%   21,264 B/op   261 allocs/op    630ms
  [1/2]  bench  BatchVerifierImpls/libsodium_batch    1,211,718 ns/op   26,064 B/op   12.0 allocs/op
  [2/2]  bench  BatchVerifierImpls/libsodium_batch    1,210,614 ns/op ±0%   26,064 B/op   12.0 allocs/op    480ms
  [1/2]  bench  BatchVerifierImpls/ed25519consensus   1,147,041 ns/op   270,016 B/op   137 allocs/op
  [2/2]  bench  BatchVerifierImpls/ed25519consensus   1,145,066 ns/op ±0%   270,016 B/op   137 allocs/op    470ms
  [1/2]  bench  FalconVerify                          36,725 ns/op   0.000 B/op   0.000 allocs/op
  [2/2]  bench  FalconVerify                          38,841 ns/op ±5%   0.000 B/op   0.000 allocs/op    490ms
  [1/2]  bench  FalconSign                            6,556,651 ns/op   3,080 B/op   3.00 allocs/op
  [2/2]  bench  FalconSign                            6,553,143 ns/op ±0%   3,080 B/op   3.00 allocs/op    420ms
  [1/2]  bench  MultisigVerify                        117,569 ns/op   2,648 B/op   21.0 allocs/op
  [2/2]  bench  MultisigVerify                        118,104 ns/op ±0%   2,648 B/op   21.0 allocs/op    370ms
  [1/2]  bench  VrfProve                              114,117 ns/op   224 B/op   5.00 allocs/op
  [2/2]  bench  VrfProve                              113,581 ns/op ±0%   224 B/op   5.00 allocs/op    370ms
  [1/2]  bench  Hash                                  202 ns/op   0.000 B/op   0.000 allocs/op
  [2/2]  bench  Hash                                  202 ns/op ±0%   0.000 B/op   0.000 allocs/op    560ms
  [1/2]  bench  SignVerify                            52,116 ns/op   336 B/op   10.0 allocs/op
  [2/2]  bench  SignVerify                            52,118 ns/op ±0%   336 B/op   10.0 allocs/op    340ms
  [1/2]  bench  Verify25519/libsodium                 40,207 ns/op   128 B/op   4.00 allocs/op
  [2/2]  bench  Verify25519/libsodium                 40,627 ns/op ±1%   128 B/op   4.00 allocs/op    490ms
  [1/2]  bench  Verify25519/ed25519consensus          36,057 ns/op   32.0 B/op   2.00 allocs/op
  [2/2]  bench  Verify25519/ed25519consensus          36,192 ns/op ±0%   32.0 B/op   2.00 allocs/op    490ms
  [1/2]  bench  MerkleSignatureVerify                 73,557 ns/op   9,473 B/op   42.0 allocs/op
  [2/2]  bench  MerkleSignatureVerify                 73,223 ns/op ±0%   9,473 B/op ±0%   42.0 allocs/op    520ms
  [1/2]  bench  OneTimeSigBatchVerification/libsodium_singles  122,926 ns/op   1,304 B/op   24.0 allocs/op
  [2/2]  bench  OneTimeSigBatchVerification/libsodium_singles  122,201 ns/op ±1%   1,304 B/op   24.0 allocs/op    600ms
  [1/2]  bench  OneTimeSigBatchVerification/libsodium_batch  108,983 ns/op   1,144 B/op   17.0 allocs/op
  [2/2]  bench  OneTimeSigBatchVerification/libsodium_batch  108,686 ns/op ±0%   1,144 B/op   17.0 allocs/op    620ms
  [1/2]  bench  OneTimeSigBatchVerification/ed25519consensus_batch  92,721 ns/op   14,319 B/op   22.0 allocs/op
  [2/2]  bench  OneTimeSigBatchVerification/ed25519consensus_batch  88,244 ns/op ±5%   14,319 B/op   22.0 allocs/op    650ms
  [1/2]  bench  VrfVerify                             168,153 ns/op   176 B/op   3.00 allocs/op
  [2/2]  bench  VrfVerify                             162,866 ns/op ±3%   176 B/op   3.00 allocs/op    710ms
  [1/2]  bench  AppRateLimiter_TxgroupToKeys          15,819 ns/op   9,512 B/op   3.00 allocs/op
  [2/2]  bench  AppRateLimiter_TxgroupToKeys          15,024 ns/op ±5%   9,512 B/op   3.00 allocs/op    760ms
  [1/2]  bench  AddressFormatting                     263 ns/op   128 B/op   2.00 allocs/op
  [2/2]  bench  AddressFormatting                     275 ns/op ±4%   128 B/op   2.00 allocs/op    650ms
  [1/2]  bench  UnmarshalChecksumAddress              611 ns/op   192 B/op   3.00 allocs/op
  [2/2]  bench  UnmarshalChecksumAddress              609 ns/op ±0%   192 B/op   3.00 allocs/op    340ms
  [1/2]  bench  CodecRealistic/encode-signed-pay      617 ns/op   2,688 B/op   1.00 allocs/op
  [2/2]  bench  CodecRealistic/encode-signed-pay      614 ns/op ±0%   2,688 B/op   1.00 allocs/op    660ms
  [1/2]  bench  CodecRealistic/decode-signed-pay      181 ns/op   64.0 B/op   3.00 allocs/op
  [2/2]  bench  CodecRealistic/decode-signed-pay      180 ns/op ±0%   64.0 B/op   3.00 allocs/op    540ms
  [1/2]  bench  CodecRealistic/encode-signed-appl     683 ns/op   3,072 B/op   1.00 allocs/op
  [2/2]  bench  CodecRealistic/encode-signed-appl     659 ns/op ±4%   3,072 B/op   1.00 allocs/op    660ms
  [1/2]  bench  CodecRealistic/decode-signed-appl     503 ns/op   376 B/op   13.0 allocs/op
  [2/2]  bench  CodecRealistic/decode-signed-appl     504 ns/op ±0%   376 B/op   13.0 allocs/op    310ms
  [1/2]  bench  CodecRealistic/encode-block-header    642 ns/op   1,824 B/op   3.00 allocs/op
  [2/2]  bench  CodecRealistic/encode-block-header    637 ns/op ±1%   1,824 B/op   3.00 allocs/op    340ms
  [1/2]  bench  CodecRealistic/decode-block-header    609 ns/op   720 B/op   9.00 allocs/op
  [2/2]  bench  CodecRealistic/decode-block-header    611 ns/op ±0%   720 B/op   9.00 allocs/op    320ms
  [1/2]  bench  HashObj/txn                           1,162 ns/op   3,936 B/op   3.00 allocs/op
  [2/2]  bench  HashObj/txn                           1,151 ns/op ±1%   3,936 B/op   3.00 allocs/op    330ms
  [1/2]  bench  HashObj/block-header                  2,342 ns/op   3,552 B/op   5.00 allocs/op
  [2/2]  bench  HashObj/block-header                  2,351 ns/op ±0%   3,552 B/op   5.00 allocs/op    370ms
  [1/2]  bench  AppendMsgBlockHeader                  41.0 ns/op   24.4 MB/s   0.000 B/op   0.000 allocs/op
  [2/2]  bench  AppendMsgBlockHeader                  42.4 ns/op ±3%   23.6 MB/s ±3%   0.000 B/op   0.000 allocs/op    410ms
  [1/2]  bench  Sortition                             343,864 ns/op   1,824 B/op   21.0 allocs/op
  [2/2]  bench  Sortition                             344,398 ns/op ±0%   1,824 B/op   21.0 allocs/op    400ms
  [1/2]  bench  TransactionPoolRecompute              1,133,815,608 ns/op   39,575 ns/txn   1,117,902,624 B/op   2,398,031 allocs/op
  [2/2]  bench  TransactionPoolRecompute              1,082,425,088 ns/op ±5%   37,781 ns/txn ±5%   1,117,713,804 B/op ±0%   2,398,001 allocs/op ±0%    2.85s
  [1/2]  bench  TxnIDs/signed-txn-id                  615 ns/op   0.000 B/op   0.000 allocs/op
  [2/2]  bench  TxnIDs/signed-txn-id                  589 ns/op ±4%   0.000 B/op   0.000 allocs/op    330ms
  [1/2]  bench  TxnIDs/group-id                       13,624 ns/op   2,275 B/op   4.00 allocs/op
  [2/2]  bench  TxnIDs/group-id                       13,810 ns/op ±1%   2,276 B/op ±0%   4.00 allocs/op    490ms
  [1/2]  bench  WellFormed/pay                        119 ns/op   0.000 B/op   0.000 allocs/op
  [2/2]  bench  WellFormed/pay                        119 ns/op   0.000 B/op   0.000 allocs/op    480ms
  [1/2]  bench  WellFormed/axfer                      107 ns/op   0.000 B/op   0.000 allocs/op
  [2/2]  bench  WellFormed/axfer                      114 ns/op ±6%   0.000 B/op   0.000 allocs/op    510ms
  [1/2]  bench  WellFormed/acfg                       108 ns/op   0.000 B/op   0.000 allocs/op
  [2/2]  bench  WellFormed/acfg                       108 ns/op ±0%   0.000 B/op   0.000 allocs/op    470ms
  [1/2]  bench  WellFormed/appl                       143 ns/op   0.000 B/op   0.000 allocs/op
  [2/2]  bench  WellFormed/appl                       142 ns/op ±1%   0.000 B/op   0.000 allocs/op    500ms
  [1/2]  bench  WellFormed/keyreg                     150 ns/op   0.000 B/op   0.000 allocs/op
  [2/2]  bench  WellFormed/keyreg                     149 ns/op ±1%   0.000 B/op   0.000 allocs/op    510ms
  [1/2]  bench  Assemble                              223,032 ns/op   329,245 B/op   3,263 allocs/op
  [2/2]  bench  Assemble                              222,973 ns/op ±0%   329,245 B/op ±0%   3,263 allocs/op    360ms
  [1/2]  bench  Disassemble                           46,624 ns/op   49,984 B/op   888 allocs/op
  [2/2]  bench  Disassemble                           46,716 ns/op ±0%   49,984 B/op ±0%   888 allocs/op    310ms
  [1/2]  bench  BoxOps/box_get                        2,268 ns/op   3.00 extra/op   3,363 B/op   33.0 allocs/op
  [2/2]  bench  BoxOps/box_get                        2,263 ns/op ±0%   3.00 extra/op   3,364 B/op ±0%   33.0 allocs/op    400ms
  [1/2]  bench  BoxOps/box_len                        1,889 ns/op   3.00 extra/op   1,023 B/op   31.0 allocs/op
  [2/2]  bench  BoxOps/box_len                        1,888 ns/op ±0%   3.00 extra/op   1,023 B/op   31.0 allocs/op    400ms
  [1/2]  bench  BoxOps/box_extract                    2,214 ns/op   4.00 extra/op   1,521 B/op   37.0 allocs/op
  [2/2]  bench  BoxOps/box_extract                    2,210 ns/op ±0%   4.00 extra/op   1,521 B/op   37.0 allocs/op    410ms
  [1/2]  bench  BoxOps/box_replace                    2,059 ns/op   3.00 extra/op   1,308 B/op   34.0 allocs/op
  [2/2]  bench  BoxOps/box_replace                    2,007 ns/op ±3%   3.00 extra/op   1,308 B/op   34.0 allocs/op    400ms
  [1/2]  bench  BoxOps/box_splice                     2,518 ns/op   4.00 extra/op   1,626 B/op   42.0 allocs/op
  [2/2]  bench  BoxOps/box_splice                     2,504 ns/op ±1%   4.00 extra/op   1,626 B/op ±0%   42.0 allocs/op    410ms
  [1/2]  bench  BoxOps/box_put                        2,257 ns/op   3.00 extra/op   2,087 B/op   31.0 allocs/op
  [2/2]  bench  BoxOps/box_put                        2,149 ns/op ±5%   3.00 extra/op   2,087 B/op ±0%   31.0 allocs/op    380ms
  [1/2]  bench  BoxOps/box_resize                     3,912 ns/op   5.00 extra/op   1,722 B/op   52.0 allocs/op
  [2/2]  bench  BoxOps/box_resize                     3,883 ns/op ±1%   5.00 extra/op   1,722 B/op   52.0 allocs/op    430ms
  [1/2]  bench  BoxOps/box_create_del                 3,660 ns/op   6.00 extra/op   1,778 B/op   54.0 allocs/op
  [2/2]  bench  BoxOps/box_create_del                 3,665 ns/op ±0%   6.00 extra/op   1,779 B/op ±0%   54.0 allocs/op    450ms
  [1/2]  bench  InnerTxn/pay                          14,269 ns/op   24,582 B/op   127 allocs/op
  [2/2]  bench  InnerTxn/pay                          14,301 ns/op ±0%   24,582 B/op   127 allocs/op    500ms
  [1/2]  bench  InnerTxn/axfer                        14,971 ns/op   25,182 B/op   134 allocs/op
  [2/2]  bench  InnerTxn/axfer                        15,769 ns/op ±5%   25,182 B/op   134 allocs/op    540ms
  [1/2]  bench  InnerTxn/appl                         14,553 ns/op   33,111 B/op   100 allocs/op
  [2/2]  bench  InnerTxn/appl                         14,632 ns/op ±1%   33,111 B/op   100 allocs/op    510ms
  [1/2]  bench  StateOps/app_global_get               1,191 ns/op   2.00 extra/op   677 B/op   21.0 allocs/op
  [2/2]  bench  StateOps/app_global_get               1,195 ns/op ±0%   2.00 extra/op   677 B/op   21.0 allocs/op    390ms
  [1/2]  bench  StateOps/app_global_put               1,626 ns/op   2.00 extra/op   1,354 B/op   27.0 allocs/op
  [2/2]  bench  StateOps/app_global_put               1,620 ns/op ±0%   2.00 extra/op   1,354 B/op   27.0 allocs/op    370ms
  [1/2]  bench  StateOps/app_global_del               815 ns/op   1.00 extra/op   499 B/op   15.0 allocs/op
  [2/2]  bench  StateOps/app_global_del               815 ns/op ±0%   1.00 extra/op   499 B/op   15.0 allocs/op    360ms
  [1/2]  bench  StateOps/app_local_get                1,668 ns/op   3.00 extra/op   912 B/op   29.0 allocs/op
  [2/2]  bench  StateOps/app_local_get                1,670 ns/op ±0%   3.00 extra/op   912 B/op   29.0 allocs/op    400ms
  [1/2]  bench  StateOps/app_local_put                1,885 ns/op   3.00 extra/op   1,166 B/op   33.0 allocs/op
  [2/2]  bench  StateOps/app_local_put                1,881 ns/op ±0%   3.00 extra/op   1,166 B/op   33.0 allocs/op    390ms
  [1/2]  bench  StateOps/app_local_del                1,323 ns/op   2.00 extra/op   702 B/op   23.0 allocs/op
  [2/2]  bench  StateOps/app_local_del                1,326 ns/op ±0%   2.00 extra/op   702 B/op   23.0 allocs/op    380ms
  [1/2]  bench  StateOps/asset_holding_get            2,344 ns/op   4.00 extra/op   1,277 B/op   36.0 allocs/op
  [2/2]  bench  StateOps/asset_holding_get            2,339 ns/op ±0%   4.00 extra/op   1,277 B/op ±0%   36.0 allocs/op    410ms
  [1/2]  bench  StateOps/asset_params_get             1,969 ns/op   3.00 extra/op   1,509 B/op   34.0 allocs/op
  [2/2]  bench  StateOps/asset_params_get             1,973 ns/op ±0%   3.00 extra/op   1,509 B/op ±0%   34.0 allocs/op    390ms
  [1/2]  bench  StateOps/app_params_get               1,949 ns/op   3.00 extra/op   1,325 B/op   30.0 allocs/op
  [2/2]  bench  StateOps/app_params_get               1,942 ns/op ±0%   3.00 extra/op   1,325 B/op   30.0 allocs/op    380ms
  [1/2]  bench  StateOps/acct_params_get              2,720 ns/op   3.00 extra/op   1,709 B/op   36.0 allocs/op
  [2/2]  bench  StateOps/acct_params_get              2,718 ns/op ±0%   3.00 extra/op   1,709 B/op   36.0 allocs/op    410ms
  [1/2]  bench  Verify/pop                            34.9 ns/op   3.00 extra/op   6.00 B/op   0.000 allocs/op
  [2/2]  bench  Verify/pop                            34.8 ns/op ±0%   3.00 extra/op   6.00 B/op   0.000 allocs/op    460ms
  [1/2]  bench  Verify/add                            37.7 ns/op   3.00 extra/op   6.00 B/op   0.000 allocs/op
  [2/2]  bench  Verify/add                            37.5 ns/op ±1%   3.00 extra/op   6.00 B/op   0.000 allocs/op    460ms
  [1/2]  bench  Verify/ed25519verify_bare             38,768 ns/op   7.00 extra/op   103 B/op   2.00 allocs/op
  [2/2]  bench  Verify/ed25519verify_bare             39,155 ns/op ±1%   7.00 extra/op   103 B/op   2.00 allocs/op    450ms
  [1/2]  bench  Verify/ecdsa_verify_k1                36,381 ns/op   7.00 extra/op   342 B/op   6.00 allocs/op
  [2/2]  bench  Verify/ecdsa_verify_k1                36,569 ns/op ±1%   7.00 extra/op   343 B/op ±0%   6.00 allocs/op    510ms
  [1/2]  bench  Verify/ecdsa_verify_r1                58,238 ns/op   7.00 extra/op   1,416 B/op   25.0 allocs/op
  [2/2]  bench  Verify/ecdsa_verify_r1                58,128 ns/op ±0%   7.00 extra/op   1,416 B/op   25.0 allocs/op    470ms
  [1/2]  bench  Verify/falcon_verify                  37,105 ns/op   7.00 extra/op   2,056 B/op   1.00 allocs/op
  [2/2]  bench  Verify/falcon_verify                  36,809 ns/op ±1%   7.00 extra/op   2,056 B/op ±0%   1.00 allocs/op    750ms
  [1/2]  bench  Verify/vrf_verify                     168,664 ns/op   5.00 extra/op   284 B/op   6.00 allocs/op
  [2/2]  bench  Verify/vrf_verify                     160,506 ns/op ±5%   5.00 extra/op   284 B/op ±0%   6.00 allocs/op    450ms
  [1/2]  bench  CheckSignature                        5,521 ns/op   12,320 B/op   9.00 allocs/op
  [2/2]  bench  CheckSignature                        5,561 ns/op ±1%   12,320 B/op   9.00 allocs/op    420ms
  [1/2]  bench  Addx64/add_long_stack                 4,860 ns/op   17,072 B/op   12.0 allocs/op
  [2/2]  bench  Addx64/add_long_stack                 4,858 ns/op ±0%   17,072 B/op   12.0 allocs/op    400ms
  [1/2]  bench  Addx64/add_small_stack                4,248 ns/op   13,616 B/op   10.0 allocs/op
  [2/2]  bench  Addx64/add_small_stack                4,269 ns/op ±0%   13,616 B/op   10.0 allocs/op    400ms
  [1/2]  bench  NopPassx1                             2,556 ns/op   13,616 B/op   10.0 allocs/op
  [2/2]  bench  NopPassx1                             2,649 ns/op ±3%   13,616 B/op   10.0 allocs/op    360ms
  [1/2]  bench  Checkx5                               95,353 ns/op   107,270 B/op   957 allocs/op
  [2/2]  bench  Checkx5                               95,792 ns/op ±0%   107,270 B/op ±0%   957 allocs/op    370ms
  [1/2]  bench  AppendMsgSignedTxn                    96.8 ns/op   10.3 MB/s   0.000 B/op   0.000 allocs/op
  [2/2]  bench  AppendMsgSignedTxn                    96.9 ns/op ±0%   10.3 MB/s ±0%   0.000 B/op   0.000 allocs/op    460ms
  [1/2]  bench  TinyMan/eval-lsig-signature           12,460 ns/op   36,840 B/op   86.0 allocs/op
  [2/2]  bench  TinyMan/eval-lsig-signature           12,412 ns/op ±0%   36,840 B/op   86.0 allocs/op    480ms
  [1/2]  bench  TinyMan/group-check-actual            97,763 ns/op   99,614 B/op   135 allocs/op
  [2/2]  bench  TinyMan/group-check-actual            99,213 ns/op ±1%   99,620 B/op ±0%   135 allocs/op    1.28s
  [1/2]  bench  TinyMan/group-check-all-crypto        110,008 ns/op   54,436 B/op   34.0 allocs/op
  [2/2]  bench  TinyMan/group-check-all-crypto        110,011 ns/op ±0%   54,515 B/op ±0%   34.0 allocs/op    360ms
  [1/2]  bench  LogicSigSanityCheck                   8,110 ns/op   18,296 B/op   14.0 allocs/op
  [2/2]  bench  LogicSigSanityCheck                   8,567 ns/op ±5%   18,296 B/op   14.0 allocs/op    450ms
  [1/2]  bench  PaysetGroups                          11,267 ns/op   19,043 B/op   6.00 allocs/op
  [2/2]  bench  PaysetGroups                          11,107 ns/op ±1%   18,805 B/op ±1%   6.00 allocs/op    770ms
  [1/2]  bench  Txn                                   26,702 ns/op   12,283 B/op   6.00 allocs/op
  [2/2]  bench  Txn                                   25,269 ns/op ±6%   12,306 B/op ±0%   6.00 allocs/op    1.64s
  [1/2]  bench  TxHandlerProcessing/processDecoded    16,687 ns/op   3,912 B/op   44.0 allocs/op
  [2/2]  bench  TxHandlerProcessing/processDecoded    15,633 ns/op ±7%   3,912 B/op   44.0 allocs/op    1.1s
  [1/2]  bench  TxHandlerProcessing/verify.TxnGroup   44,554 ns/op   11,872 B/op   16.0 allocs/op
  [2/2]  bench  TxHandlerProcessing/verify.TxnGroup   44,853 ns/op ±1%   11,872 B/op   16.0 allocs/op    520ms
  [1/2]  bench  TxHandlerDecoderMsgp                  6,781,881 ns/op   4,147,099 B/op   26,631 allocs/op
  [2/2]  bench  TxHandlerDecoderMsgp                  6,774,747 ns/op ±0%   4,147,100 B/op ±0%   26,631 allocs/op    650ms
  [1/2]  bench  CompactDeltas/account-deltas          2,655,952 ns/op   4,123,000 B/op   16.0 allocs/op
  [2/2]  bench  CompactDeltas/account-deltas          2,620,332 ns/op ±1%   4,123,000 B/op   16.0 allocs/op    3s
  [1/2]  bench  Apply/asset-transfer                  456 ns/op   512 B/op   4.00 allocs/op
  [2/2]  bench  Apply/asset-transfer                  457 ns/op ±0%   512 B/op   4.00 allocs/op    320ms
  [1/2]  bench  Apply/keyreg                          302 ns/op   0.000 B/op   0.000 allocs/op
  [2/2]  bench  Apply/keyreg                          302 ns/op   0.000 B/op   0.000 allocs/op    300ms
  [1/2]  bench  Apply/app-call                        119 ns/op   0.000 B/op   0.000 allocs/op
  [2/2]  bench  Apply/app-call                        119 ns/op ±0%   0.000 B/op   0.000 allocs/op    480ms
  [1/2]  bench  CompactResourceDeltas                 4,621,620 ns/op   10,273,456 B/op   36.0 allocs/op
  [2/2]  bench  CompactResourceDeltas                 4,566,519 ns/op ±1%   10,273,456 B/op   36.0 allocs/op    340ms
  [1/2]  bench  TxTailCheckDup/hit                    47.9 ns/op   48.0 B/op   1.00 allocs/op
  [2/2]  bench  TxTailCheckDup/hit                    48.1 ns/op ±0%   48.0 B/op   1.00 allocs/op    390ms
  [1/2]  bench  TxTailCheckDup/miss                   26.8 ns/op   0.000 B/op   0.000 allocs/op
  [2/2]  bench  TxTailCheckDup/miss                   26.8 ns/op   0.000 B/op   0.000 allocs/op    390ms
  [1/2]  bench  CowChild                              40.1 ns/op   0.000 B/op   0.000 allocs/op
  [2/2]  bench  CowChild                              42.7 ns/op ±6%   0.000 B/op   0.000 allocs/op    440ms
  [1/2]  bench  PrefetcherApps                        236 ns/op   107 B/op   1.00 allocs/op
  [2/2]  bench  PrefetcherApps                        241 ns/op ±2%   108 B/op ±0%   1.00 allocs/op    1.97s
  [1/2]  bench  PrefetcherPayment                     215 ns/op   84.0 B/op   0.000 allocs/op
  [2/2]  bench  PrefetcherPayment                     209 ns/op ±3%   85.5 B/op ±2%   0.000 allocs/op    2.04s
  [1/2]  bench  BlockEvaluatorRAMNoCrypto             396,959,695 ns/op   7,940 ns/eval_validate_tx   589,555,500 B/op   1,351,134 allocs/op
  [2/2]  bench  BlockEvaluatorRAMNoCrypto             404,224,410 ns/op ±2%   8,086 ns/eval_validate_tx ±2%   589,559,820 B/op ±0%   1,351,126 allocs/op ±0%    7.67s
  [1/2]  bench  BlockValidationMix                    1,543,830,926 ns/op   1,937,493,664 B/op   7,482,590 allocs/op
  [2/2]  bench  BlockValidationMix                    1,523,392,609 ns/op ±1%   1,930,348,900 B/op ±0%   7,459,588 allocs/op ±0%    8.67s
  [1/2]  bench  AppInt1                               772,079,682 ns/op   1,974,074,888 B/op   2,941,515 allocs/op
  [2/2]  bench  AppInt1                               784,068,990 ns/op ±2%   1,973,922,632 B/op ±0%   2,941,485 allocs/op ±0%    2.7s
  [1/2]  bench  AccountDeltasOps/upsert               555,159 ns/op   3,539,639 B/op   35.0 allocs/op
  [2/2]  bench  AccountDeltasOps/upsert               545,260 ns/op ±2%   3,539,639 B/op   35.0 allocs/op    410ms
  [1/2]  bench  AccountDeltasOps/merge                435,164 ns/op   800,536 B/op   66.0 allocs/op
  [2/2]  bench  AccountDeltasOps/merge                432,858 ns/op ±1%   800,533 B/op ±0%   66.0 allocs/op    790ms
  [1/2]  bench  AccountDeltasOps/optimize             131,649 ns/op   1,131,188 B/op   35.0 allocs/op
  [2/2]  bench  AccountDeltasOps/optimize             132,222 ns/op ±0%   1,131,186 B/op ±0%   35.0 allocs/op    460ms
  [1/2]  bench  MakeStateDelta                        1,075,306 ns/op   20,811,622 B/op   197 allocs/op
  [2/2]  bench  MakeStateDelta                        1,089,896 ns/op ±1%   20,811,624 B/op ±0%   197 allocs/op    460ms
  [1/2]  bench  OnlineAccountsCacheRead320            3,412,813 ns/op   705,478 B/op   4,021 allocs/op
  [2/2]  bench  OnlineAccountsCacheRead320            3,625,582 ns/op ±6%   705,478 B/op   4,021 allocs/op    380ms
  [1/2]  bench  MessageFilterCheck/hit                5,111 ns/op   1,248 B/op   9.00 allocs/op
  [2/2]  bench  MessageFilterCheck/hit                5,134 ns/op ±0%   1,248 B/op   9.00 allocs/op    410ms
  [1/2]  bench  MessageFilterCheck/miss               5,171 ns/op   1,248 B/op   9.00 allocs/op
  [2/2]  bench  MessageFilterCheck/miss               5,166 ns/op ±0%   1,248 B/op   9.00 allocs/op    410ms
  [1/2]  bench  GenerateMessageDigest                 431 ns/op   0.000 B/op   0.000 allocs/op
  [2/2]  bench  GenerateMessageDigest                 430 ns/op ±0%   0.000 B/op   0.000 allocs/op    360ms
  [1/2]  bench  VpackVote/compress                    228 ns/op   2,757 MB/s   0.000 B/op   0.000 allocs/op
  [2/2]  bench  VpackVote/compress                    237 ns/op ±4%   2,657 MB/s ±4%   0.000 B/op   0.000 allocs/op    620ms
  [1/2]  bench  VpackVote/decompress                  88.6 ns/op   5,327 MB/s   0.000 B/op   0.000 allocs/op
  [2/2]  bench  VpackVote/decompress                  88.3 ns/op ±0%   5,348 MB/s ±0%   0.000 B/op   0.000 allocs/op    450ms
  [1/2]  bench  BloomFilterSet                        71.4 ns/op   0.000 B/op   0.000 allocs/op
  [2/2]  bench  BloomFilterSet                        72.7 ns/op ±2%   0.000 B/op   0.000 allocs/op    1.63s
  [1/2]  bench  BloomFilterTest                       72.3 ns/op   0.000 B/op   0.000 allocs/op
  [2/2]  bench  BloomFilterTest                       71.5 ns/op ±1%   0.000 B/op   0.000 allocs/op    1.82s
  [1/2]  bench  TagCounter                            10.5 ns/op   0.000 B/op   0.000 allocs/op
  [2/2]  bench  TagCounter                            10.4 ns/op ±1%   0.000 B/op   0.000 allocs/op    360ms
