  [1/2]  bench  VoteVerify                            293,407 ns/op   6,888 B/op   65.0 allocs/op
  [2/2]  bench  VoteVerify                            295,102 ns/op ±1%   6,888 B/op   65.0 allocs/op    480ms
  [1/2]  bench  CryptoVerifierVoteVertification       126,236 ns/op   24,007 B/op   71.0 allocs/op
  [2/2]  bench  CryptoVerifierVoteVertification       125,691 ns/op ±0%   24,006 B/op ±0%   71.0 allocs/op    480ms
  [1/2]  bench  CryptoVerifierProposalVertification   186,052 ns/op   12,474 B/op   54.0 allocs/op
  [2/2]  bench  CryptoVerifierProposalVertification   186,262 ns/op ±0%   12,474 B/op ±0%   54.0 allocs/op    490ms
  [1/2]  bench  VoteDecoding                          283 ns/op   1,152 B/op   2.00 allocs/op
  [2/2]  bench  VoteDecoding                          281 ns/op ±1%   1,152 B/op   2.00 allocs/op    690ms
  [1/2]  bench  NoiseSentinelHash                     32,323 ns/op   2,028 MB/s   0.000 B/op   0.000 allocs/op
  [2/2]  bench  NoiseSentinelHash                     32,326 ns/op ±0%   2,027 MB/s ±0%   0.000 B/op   0.000 allocs/op    320ms
  [1/2]  bench  NoiseSentinelLoop                     5,879 ns/op   0.000 B/op   0.000 allocs/op
  [2/2]  bench  NoiseSentinelLoop                     5,880 ns/op ±0%   0.000 B/op   0.000 allocs/op    420ms
  [1/2]  bench  BatchVerifierImpls/libsodium_single   2,587,885 ns/op   21,264 B/op   261 allocs/op
  [2/2]  bench  BatchVerifierImpls/libsodium_single   2,598,988 ns/op ±0%   21,264 B/op   261 allocs/op    620ms
  [1/2]  bench  BatchVerifierImpls/libsodium_batch    1,208,569 ns/op   26,082 B/op   12.0 allocs/op
  [2/2]  bench  BatchVerifierImpls/libsodium_batch    1,208,899 ns/op ±0%   26,073 B/op ±0%   12.0 allocs/op    480ms
  [1/2]  bench  BatchVerifierImpls/ed25519consensus   1,258,209 ns/op   270,016 B/op   137 allocs/op
  [2/2]  bench  BatchVerifierImpls/ed25519consensus   1,246,115 ns/op ±1%   270,016 B/op   137 allocs/op    470ms
  [1/2]  bench  FalconVerify                          42,015 ns/op   0.000 B/op   0.000 allocs/op
  [2/2]  bench  FalconVerify                          41,555 ns/op ±1%   0.000 B/op   0.000 allocs/op    490ms
  [1/2]  bench  FalconSign                            7,306,326 ns/op   3,080 B/op   3.00 allocs/op
  [2/2]  bench  FalconSign                            7,428,039 ns/op ±2%   3,080 B/op   3.00 allocs/op    460ms
  [1/2]  bench  MultisigVerify                        135,819 ns/op   2,648 B/op   21.0 allocs/op
  [2/2]  bench  MultisigVerify                        126,677 ns/op ±7%   2,648 B/op   21.0 allocs/op    370ms
  [1/2]  bench  VrfProve                              112,045 ns/op   224 B/op   5.00 allocs/op
  [2/2]  bench  VrfProve                              111,918 ns/op ±0%   224 B/op   5.00 allocs/op    370ms
  [1/2]  bench  Hash                                  204 ns/op   0.000 B/op   0.000 allocs/op
  [2/2]  bench  Hash                                  209 ns/op ±2%   0.000 B/op   0.000 allocs/op    580ms
  [1/2]  bench  SignVerify                            51,948 ns/op   336 B/op   10.0 allocs/op
  [2/2]  bench  SignVerify                            52,465 ns/op ±1%   336 B/op   10.0 allocs/op    370ms
  [1/2]  bench  Verify25519/libsodium                 41,206 ns/op   128 B/op   4.00 allocs/op
  [2/2]  bench  Verify25519/libsodium                 40,829 ns/op ±1%   128 B/op   4.00 allocs/op    460ms
  [1/2]  bench  Verify25519/ed25519consensus          36,014 ns/op   32.0 B/op   2.00 allocs/op
  [2/2]  bench  Verify25519/ed25519consensus          36,065 ns/op ±0%   32.0 B/op   2.00 allocs/op    500ms
  [1/2]  bench  MerkleSignatureVerify                 74,307 ns/op   9,473 B/op   42.0 allocs/op
  [2/2]  bench  MerkleSignatureVerify                 73,977 ns/op ±0%   9,473 B/op ±0%   42.0 allocs/op    550ms
  [1/2]  bench  OneTimeSigBatchVerification/libsodium_singles  123,161 ns/op   1,304 B/op   24.0 allocs/op
  [2/2]  bench  OneTimeSigBatchVerification/libsodium_singles  123,822 ns/op ±1%   1,304 B/op ±0%   24.0 allocs/op    610ms
  [1/2]  bench  OneTimeSigBatchVerification/libsodium_batch  109,136 ns/op   1,144 B/op   17.0 allocs/op
  [2/2]  bench  OneTimeSigBatchVerification/libsodium_batch  108,838 ns/op ±0%   1,144 B/op   17.0 allocs/op    610ms
  [1/2]  bench  OneTimeSigBatchVerification/ed25519consensus_batch  80,928 ns/op   14,319 B/op   22.0 allocs/op
  [2/2]  bench  OneTimeSigBatchVerification/ed25519consensus_batch  80,818 ns/op ±0%   14,320 B/op ±0%   22.0 allocs/op    650ms
  [1/2]  bench  VrfVerify                             151,828 ns/op   176 B/op   3.00 allocs/op
  [2/2]  bench  VrfVerify                             152,608 ns/op ±1%   176 B/op   3.00 allocs/op    710ms
  [1/2]  bench  AppRateLimiter_TxgroupToKeys          14,497 ns/op   9,512 B/op   3.00 allocs/op
  [2/2]  bench  AppRateLimiter_TxgroupToKeys          14,178 ns/op ±2%   9,512 B/op   3.00 allocs/op    770ms
  [1/2]  bench  AddressFormatting                     263 ns/op   128 B/op   2.00 allocs/op
  [2/2]  bench  AddressFormatting                     264 ns/op ±0%   128 B/op   2.00 allocs/op    630ms
  [1/2]  bench  UnmarshalChecksumAddress              606 ns/op   192 B/op   3.00 allocs/op
  [2/2]  bench  UnmarshalChecksumAddress              606 ns/op ±0%   192 B/op   3.00 allocs/op    350ms
  [1/2]  bench  CodecRealistic/encode-signed-pay      608 ns/op   2,688 B/op   1.00 allocs/op
  [2/2]  bench  CodecRealistic/encode-signed-pay      613 ns/op ±1%   2,688 B/op   1.00 allocs/op    310ms
  [1/2]  bench  CodecRealistic/decode-signed-pay      180 ns/op   64.0 B/op   3.00 allocs/op
  [2/2]  bench  CodecRealistic/decode-signed-pay      180 ns/op ±0%   64.0 B/op   3.00 allocs/op    540ms
  [1/2]  bench  CodecRealistic/encode-signed-appl     631 ns/op   3,072 B/op   1.00 allocs/op
  [2/2]  bench  CodecRealistic/encode-signed-appl     631 ns/op ±0%   3,072 B/op   1.00 allocs/op    630ms
  [1/2]  bench  CodecRealistic/decode-signed-appl     500 ns/op   376 B/op   13.0 allocs/op
  [2/2]  bench  CodecRealistic/decode-signed-appl     502 ns/op ±0%   376 B/op   13.0 allocs/op    320ms
  [1/2]  bench  CodecRealistic/encode-block-header    647 ns/op   1,824 B/op   3.00 allocs/op
  [2/2]  bench  CodecRealistic/encode-block-header    640 ns/op ±1%   1,824 B/op   3.00 allocs/op    310ms
  [1/2]  bench  CodecRealistic/decode-block-header    614 ns/op   720 B/op   9.00 allocs/op
  [2/2]  bench  CodecRealistic/decode-block-header    616 ns/op ±0%   720 B/op   9.00 allocs/op    320ms
  [1/2]  bench  HashObj/txn                           1,110 ns/op   3,936 B/op   3.00 allocs/op
  [2/2]  bench  HashObj/txn                           1,129 ns/op ±2%   3,936 B/op   3.00 allocs/op    670ms
  [1/2]  bench  HashObj/block-header                  2,376 ns/op   3,552 B/op   5.00 allocs/op
  [2/2]  bench  HashObj/block-header                  2,480 ns/op ±4%   3,552 B/op   5.00 allocs/op    410ms
  [1/2]  bench  AppendMsgBlockHeader                  50.4 ns/op   19.8 MB/s   0.000 B/op   0.000 allocs/op
  [2/2]  bench  AppendMsgBlockHeader                  47.7 ns/op ±6%   21.0 MB/s ±6%   0.000 B/op   0.000 allocs/op    390ms
  [1/2]  bench  Sortition                             376,614 ns/op   1,824 B/op   21.0 allocs/op
  [2/2]  bench  Sortition                             374,004 ns/op ±1%   1,825 B/op ±0%   21.0 allocs/op    410ms
  [1/2]  bench  TransactionPoolRecompute              1,056,453,436 ns/op   36,874 ns/txn   1,117,582,160 B/op   2,398,025 allocs/op
  [2/2]  bench  TransactionPoolRecompute              1,067,311,739 ns/op ±1%   37,253 ns/txn ±1%   1,117,403,912 B/op ±0%   2,397,997 allocs/op ±0%    2.87s
  [1/2]  bench  TxnIDs/signed-txn-id                  550 ns/op   0.000 B/op   0.000 allocs/op
  [2/2]  bench  TxnIDs/signed-txn-id                  550 ns/op ±0%   0.000 B/op   0.000 allocs/op    360ms
  [1/2]  bench  TxnIDs/group-id                       13,560 ns/op   2,278 B/op   4.00 allocs/op
  [2/2]  bench  TxnIDs/group-id                       13,557 ns/op ±0%   2,278 B/op   4.00 allocs/op    490ms
  [1/2]  bench  WellFormed/pay                        121 ns/op   0.000 B/op   0.000 allocs/op
  [2/2]  bench  WellFormed/pay                        120 ns/op ±0%   0.000 B/op   0.000 allocs/op    480ms
  [1/2]  bench  WellFormed/axfer                      108 ns/op   0.000 B/op   0.000 allocs/op
  [2/2]  bench  WellFormed/axfer                      108 ns/op   0.000 B/op   0.000 allocs/op    470ms
  [1/2]  bench  WellFormed/acfg                       109 ns/op   0.000 B/op   0.000 allocs/op
  [2/2]  bench  WellFormed/acfg                       109 ns/op ±0%   0.000 B/op   0.000 allocs/op    470ms
  [1/2]  bench  WellFormed/appl                       146 ns/op   0.000 B/op   0.000 allocs/op
  [2/2]  bench  WellFormed/appl                       146 ns/op ±0%   0.000 B/op   0.000 allocs/op    510ms
  [1/2]  bench  WellFormed/keyreg                     147 ns/op   0.000 B/op   0.000 allocs/op
  [2/2]  bench  WellFormed/keyreg                     147 ns/op ±0%   0.000 B/op   0.000 allocs/op    510ms
  [1/2]  bench  Assemble                              221,234 ns/op   329,245 B/op   3,263 allocs/op
  [2/2]  bench  Assemble                              220,615 ns/op ±0%   329,244 B/op ±0%   3,263 allocs/op    360ms
  [1/2]  bench  Disassemble                           47,183 ns/op   49,983 B/op   888 allocs/op
  [2/2]  bench  Disassemble                           47,109 ns/op ±0%   49,983 B/op   888 allocs/op    330ms
  [1/2]  bench  BoxOps/box_get                        2,407 ns/op   3.00 extra/op   3,363 B/op   33.0 allocs/op
  [2/2]  bench  BoxOps/box_get                        2,402 ns/op ±0%   3.00 extra/op   3,363 B/op   33.0 allocs/op    400ms
  [1/2]  bench  BoxOps/box_len                        2,089 ns/op   3.00 extra/op   1,023 B/op   31.0 allocs/op
  [2/2]  bench  BoxOps/box_len                        2,087 ns/op ±0%   3.00 extra/op   1,023 B/op   31.0 allocs/op    400ms
  [1/2]  bench  BoxOps/box_extract                    2,254 ns/op   4.00 extra/op   1,521 B/op   37.0 allocs/op
  [2/2]  bench  BoxOps/box_extract                    2,241 ns/op ±1%   4.00 extra/op   1,521 B/op   37.0 allocs/op    410ms
  [1/2]  bench  BoxOps/box_replace                    1,977 ns/op   3.00 extra/op   1,307 B/op   34.0 allocs/op
  [2/2]  bench  BoxOps/box_replace                    1,957 ns/op ±1%   3.00 extra/op   1,308 B/op ±0%   34.0 allocs/op    410ms
  [1/2]  bench  BoxOps/box_splice                     2,446 ns/op   4.00 extra/op   1,625 B/op   42.0 allocs/op
  [2/2]  bench  BoxOps/box_splice                     2,450 ns/op ±0%   4.00 extra/op   1,625 B/op   42.0 allocs/op    410ms
  [1/2]  bench  BoxOps/box_put                        1,983 ns/op   3.00 extra/op   2,087 B/op   31.0 allocs/op
  [2/2]  bench  BoxOps/box_put                        1,983 ns/op   3.00 extra/op   2,087 B/op   31.0 allocs/op    410ms
  [1/2]  bench  BoxOps/box_resize                     3,879 ns/op   5.00 extra/op   1,722 B/op   52.0 allocs/op
  [2/2]  bench  BoxOps/box_resize                     3,862 ns/op ±0%   5.00 extra/op   1,722 B/op   52.0 allocs/op    430ms
  [1/2]  bench  BoxOps/box_create_del                 3,675 ns/op   6.00 extra/op   1,778 B/op   54.0 allocs/op
  [2/2]  bench  BoxOps/box_create_del                 3,675 ns/op   6.00 extra/op   1,778 B/op   54.0 allocs/op    440ms
  [1/2]  bench  InnerTxn/pay                          14,409 ns/op   24,582 B/op   127 allocs/op
  [2/2]  bench  InnerTxn/pay                          14,795 ns/op ±3%   24,582 B/op   127 allocs/op    520ms
  [1/2]  bench  InnerTxn/axfer                        14,781 ns/op   25,182 B/op   134 allocs/op
  [2/2]  bench  InnerTxn/axfer                        14,820 ns/op ±0%   25,182 B/op   134 allocs/op    510ms
  [1/2]  bench  InnerTxn/appl                         14,797 ns/op   33,111 B/op   100 allocs/op
  [2/2]  bench  InnerTxn/appl                         14,672 ns/op ±1%   33,111 B/op   100 allocs/op    500ms
  [1/2]  bench  StateOps/app_global_get               1,186 ns/op   2.00 extra/op   677 B/op   21.0 allocs/op
  [2/2]  bench  StateOps/app_global_get               1,183 ns/op ±0%   2.00 extra/op   677 B/op   21.0 allocs/op    380ms
  [1/2]  bench  StateOps/app_global_put               1,626 ns/op   2.00 extra/op   1,353 B/op   27.0 allocs/op
  [2/2]  bench  StateOps/app_global_put               1,619 ns/op ±0%   2.00 extra/op   1,354 B/op ±0%   27.0 allocs/op    390ms
  [1/2]  bench  StateOps/app_global_del               830 ns/op   1.00 extra/op   499 B/op   15.0 allocs/op
  [2/2]  bench  StateOps/app_global_del               828 ns/op ±0%   1.00 extra/op   499 B/op   15.0 allocs/op    350ms
  [1/2]  bench  StateOps/app_local_get                1,672 ns/op   3.00 extra/op   912 B/op   29.0 allocs/op
  [2/2]  bench  StateOps/app_local_get                1,678 ns/op ±0%   3.00 extra/op   912 B/op   29.0 allocs/op    380ms
  [1/2]  bench  StateOps/app_local_put                1,896 ns/op   3.00 extra/op   1,166 B/op   33.0 allocs/op
  [2/2]  bench  StateOps/app_local_put                1,894 ns/op ±0%   3.00 extra/op   1,166 B/op   33.0 allocs/op    400ms
  [1/2]  bench  StateOps/app_local_del                1,326 ns/op   2.00 extra/op   702 B/op   23.0 allocs/op
  [2/2]  bench  StateOps/app_local_del                1,322 ns/op ±0%   2.00 extra/op   702 B/op   23.0 allocs/op    390ms
  [1/2]  bench  StateOps/asset_holding_get            2,331 ns/op   4.00 extra/op   1,276 B/op   36.0 allocs/op
  [2/2]  bench  StateOps/asset_holding_get            2,326 ns/op ±0%   4.00 extra/op   1,276 B/op   36.0 allocs/op    410ms
  [1/2]  bench  StateOps/asset_params_get             2,190 ns/op   3.00 extra/op   1,509 B/op   34.0 allocs/op
  [2/2]  bench  StateOps/asset_params_get             2,146 ns/op ±2%   3.00 extra/op   1,509 B/op   34.0 allocs/op    400ms
  [1/2]  bench  StateOps/app_params_get               2,086 ns/op   3.00 extra/op   1,324 B/op   30.0 allocs/op
  [2/2]  bench  StateOps/app_params_get               2,050 ns/op ±2%   3.00 extra/op   1,325 B/op ±0%   30.0 allocs/op    380ms
  [1/2]  bench  StateOps/acct_params_get              3,013 ns/op   3.00 extra/op   1,709 B/op   36.0 allocs/op
  [2/2]  bench  StateOps/acct_params_get              2,964 ns/op ±2%   3.00 extra/op   1,709 B/op ±0%   36.0 allocs/op    410ms
  [1/2]  bench  Verify/pop                            34.8 ns/op   3.00 extra/op   6.00 B/op   0.000 allocs/op
  [2/2]  bench  Verify/pop                            34.3 ns/op ±1%   3.00 extra/op   6.00 B/op   0.000 allocs/op    450ms
  [1/2]  bench  Verify/add                            37.9 ns/op   3.00 extra/op   6.00 B/op   0.000 allocs/op
  [2/2]  bench  Verify/add                            37.7 ns/op ±1%   3.00 extra/op   6.00 B/op   0.000 allocs/op    470ms
  [1/2]  bench  Verify/ed25519verify_bare             39,119 ns/op   7.00 extra/op   103 B/op   2.00 allocs/op
  [2/2]  bench  Verify/ed25519verify_bare             38,853 ns/op ±1%   7.00 extra/op   103 B/op   2.00 allocs/op    450ms
  [1/2]  bench  Verify/ecdsa_verify_k1                37,197 ns/op   7.00 extra/op   343 B/op   6.00 allocs/op
  [2/2]  bench  Verify/ecdsa_verify_k1                37,116 ns/op ±0%   7.00 extra/op   343 B/op   6.00 allocs/op    520ms
  [1/2]  bench  Verify/ecdsa_verify_r1                58,121 ns/op   7.00 extra/op   1,415 B/op   25.0 allocs/op
  [2/2]  bench  Verify/ecdsa_verify_r1                58,057 ns/op ±0%   7.00 extra/op   1,416 B/op ±0%   25.0 allocs/op    470ms
  [1/2]  bench  Verify/falcon_verify                  36,712 ns/op   7.00 extra/op   2,055 B/op   1.00 allocs/op
  [2/2]  bench  Verify/falcon_verify                  36,876 ns/op ±0%   7.00 extra/op   2,055 B/op   1.00 allocs/op    760ms
  [1/2]  bench  Verify/vrf_verify                     152,971 ns/op   5.00 extra/op   283 B/op   6.00 allocs/op
  [2/2]  bench  Verify/vrf_verify                     153,008 ns/op ±0%   5.00 extra/op   283 B/op   6.00 allocs/op    460ms
  [1/2]  bench  CheckSignature                        5,914 ns/op   12,320 B/op   9.00 allocs/op
  [2/2]  bench  CheckSignature                        5,764 ns/op ±3%   12,320 B/op   9.00 allocs/op    410ms
  [1/2]  bench  Addx64/add_long_stack                 5,445 ns/op   17,072 B/op   12.0 allocs/op
  [2/2]  bench  Addx64/add_long_stack                 5,266 ns/op ±3%   17,072 B/op   12.0 allocs/op    390ms
  [1/2]  bench  Addx64/add_small_stack                4,432 ns/op   13,616 B/op   10.0 allocs/op
  [2/2]  bench  Addx64/add_small_stack                4,435 ns/op ±0%   13,616 B/op   10.0 allocs/op    400ms
  [1/2]  bench  NopPassx1                             2,331 ns/op   13,616 B/op   10.0 allocs/op
  [2/2]  bench  NopPassx1                             2,370 ns/op ±2%   13,616 B/op   10.0 allocs/op    390ms
  [1/2]  bench  Checkx5                               88,845 ns/op   107,269 B/op   957 allocs/op
  [2/2]  bench  Checkx5                               93,899 ns/op ±5%   107,270 B/op ±0%   957 allocs/op    330ms
  [1/2]  bench  AppendMsgSignedTxn                    97.5 ns/op   10.3 MB/s   0.000 B/op   0.000 allocs/op
  [2/2]  bench  AppendMsgSignedTxn                    96.9 ns/op ±1%   10.3 MB/s ±1%   0.000 B/op   0.000 allocs/op    460ms
  [1/2]  bench  TinyMan/eval-lsig-signature           12,717 ns/op   36,840 B/op   86.0 allocs/op
  [2/2]  bench  TinyMan/eval-lsig-signature           12,627 ns/op ±1%   36,840 B/op   86.0 allocs/op    490ms
  [1/2]  bench  TinyMan/group-check-actual            100,116 ns/op   99,720 B/op   135 allocs/op
  [2/2]  bench  TinyMan/group-check-actual            100,218 ns/op ±0%   99,672 B/op ±0%   135 allocs/op    1.28s
  [1/2]  bench  TinyMan/group-check-all-crypto        110,529 ns/op   54,571 B/op   34.0 allocs/op
  [2/2]  bench  TinyMan/group-check-all-crypto        110,272 ns/op ±0%   54,545 B/op ±0%   34.0 allocs/op    340ms
  [1/2]  bench  LogicSigSanityCheck                   7,800 ns/op   18,296 B/op   14.0 allocs/op
  [2/2]  bench  LogicSigSanityCheck                   8,520 ns/op ±8%   18,296 B/op   14.0 allocs/op    450ms
  [1/2]  bench  PaysetGroups                          10,808 ns/op   19,286 B/op   6.00 allocs/op
  [2/2]  bench  PaysetGroups                          10,859 ns/op ±0%   18,999 B/op ±2%   6.00 allocs/op    760ms
  [1/2]  bench  Txn                                   23,977 ns/op   12,300 B/op   6.00 allocs/op
  [2/2]  bench  Txn                                   23,772 ns/op ±1%   12,300 B/op   6.00 allocs/op    1.65s
  [1/2]  bench  TxHandlerProcessing/processDecoded    16,768 ns/op   3,912 B/op   44.0 allocs/op
  [2/2]  bench  TxHandlerProcessing/processDecoded    16,465 ns/op ±2%   3,912 B/op   44.0 allocs/op    1.11s
  [1/2]  bench  TxHandlerProcessing/verify.TxnGroup   44,658 ns/op   11,872 B/op   16.0 allocs/op
  [2/2]  bench  TxHandlerProcessing/verify.TxnGroup   44,687 ns/op ±0%   11,872 B/op   16.0 allocs/op    520ms
  [1/2]  bench  TxHandlerDecoderMsgp                  6,550,271 ns/op   3,898,094 B/op   26,531 allocs/op
  [2/2]  bench  TxHandlerDecoderMsgp                  6,476,544 ns/op ±1%   3,898,094 B/op   26,531 allocs/op    640ms
  [1/2]  bench  CompactDeltas/account-deltas          2,765,691 ns/op   4,123,000 B/op   16.0 allocs/op
  [2/2]  bench  CompactDeltas/account-deltas          2,711,499 ns/op ±2%   4,123,000 B/op   16.0 allocs/op    3.09s
  [1/2]  bench  Apply/asset-transfer                  464 ns/op   512 B/op   4.00 allocs/op
  [2/2]  bench  Apply/asset-transfer                  465 ns/op ±0%   512 B/op   4.00 allocs/op    650ms
  [1/2]  bench  Apply/keyreg                          337 ns/op   0.000 B/op   0.000 allocs/op
  [2/2]  bench  Apply/keyreg                          338 ns/op ±1%   0.000 B/op   0.000 allocs/op    340ms
  [1/2]  bench  Apply/app-call                        119 ns/op   0.000 B/op   0.000 allocs/op
  [2/2]  bench  Apply/app-call                        119 ns/op ±0%   0.000 B/op   0.000 allocs/op    480ms
  [1/2]  bench  CompactResourceDeltas                 4,730,435 ns/op   10,273,456 B/op   36.0 allocs/op
  [2/2]  bench  CompactResourceDeltas                 4,691,733 ns/op ±1%   10,273,457 B/op ±0%   36.0 allocs/op    380ms
  [1/2]  bench  TxTailCheckDup/hit                    47.7 ns/op   48.0 B/op   1.00 allocs/op
  [2/2]  bench  TxTailCheckDup/hit                    50.8 ns/op ±6%   48.0 B/op   1.00 allocs/op    430ms
  [1/2]  bench  TxTailCheckDup/miss                   29.2 ns/op   0.000 B/op   0.000 allocs/op
  [2/2]  bench  TxTailCheckDup/miss                   28.0 ns/op ±4%   0.000 B/op   0.000 allocs/op    360ms
  [1/2]  bench  CowChild                              40.5 ns/op   0.000 B/op   0.000 allocs/op
  [2/2]  bench  CowChild                              40.4 ns/op ±0%   0.000 B/op   0.000 allocs/op    400ms
  [1/2]  bench  PrefetcherApps                        300 ns/op   106 B/op   1.00 allocs/op
  [2/2]  bench  PrefetcherApps                        271 ns/op ±11%   107 B/op ±0%   1.00 allocs/op    2.01s
  [1/2]  bench  PrefetcherPayment                     210 ns/op   85.0 B/op   0.000 allocs/op
  [2/2]  bench  PrefetcherPayment                     202 ns/op ±4%   86.0 B/op ±1%   0.000 allocs/op    1.92s
  [1/2]  bench  BlockEvaluatorRAMNoCrypto             440,720,816 ns/op   8,815 ns/eval_validate_tx   589,587,644 B/op   1,351,150 allocs/op
  [2/2]  bench  BlockEvaluatorRAMNoCrypto             426,561,921 ns/op ±3%   8,532 ns/eval_validate_tx ±3%   589,557,556 B/op ±0%   1,351,136 allocs/op ±0%    7.51s
  [1/2]  bench  BlockValidationMix                    1,475,201,219 ns/op   1,929,809,192 B/op   7,440,190 allocs/op
  [2/2]  bench  BlockValidationMix                    1,500,192,956 ns/op ±2%   1,930,907,496 B/op ±0%   7,443,200 allocs/op ±0%    8.58s
  [1/2]  bench  AppInt1                               778,735,429 ns/op   1,974,011,800 B/op   2,941,510 allocs/op
  [2/2]  bench  AppInt1                               792,937,551 ns/op ±2%   1,973,892,620 B/op ±0%   2,941,489 allocs/op ±0%    1.96s
  [1/2]  bench  AccountDeltasOps/upsert               538,425 ns/op   3,539,639 B/op   35.0 allocs/op
  [2/2]  bench  AccountDeltasOps/upsert               536,509 ns/op ±0%   3,539,640 B/op ±0%   35.0 allocs/op    410ms
  [1/2]  bench  AccountDeltasOps/merge                433,289 ns/op   800,529 B/op   66.0 allocs/op
  [2/2]  bench  AccountDeltasOps/merge                428,720 ns/op ±1%   800,529 B/op   66.0 allocs/op    780ms
  [1/2]  bench  AccountDeltasOps/optimize             121,927 ns/op   1,131,187 B/op   35.0 allocs/op
  [2/2]  bench  AccountDeltasOps/optimize             121,253 ns/op ±1%   1,131,186 B/op ±0%   35.0 allocs/op    470ms
  [1/2]  bench  MakeStateDelta                        931,050 ns/op   20,811,624 B/op   197 allocs/op
  [2/2]  bench  MakeStateDelta                        938,398 ns/op ±1%   20,811,625 B/op ±0%   197 allocs/op    450ms
  [1/2]  bench  OnlineAccountsCacheRead320            3,695,194 ns/op   705,478 B/op   4,021 allocs/op
  [2/2]  bench  OnlineAccountsCacheRead320            3,564,668 ns/op ±4%   705,478 B/op   4,021 allocs/op    340ms
  [1/2]  bench  MessageFilterCheck/hit                4,971 ns/op   1,248 B/op   9.00 allocs/op
  [2/2]  bench  MessageFilterCheck/hit                4,931 ns/op ±1%   1,248 B/op   9.00 allocs/op    400ms
  [1/2]  bench  MessageFilterCheck/miss               4,956 ns/op   1,248 B/op   9.00 allocs/op
  [2/2]  bench  MessageFilterCheck/miss               4,967 ns/op ±0%   1,248 B/op   9.00 allocs/op    400ms
  [1/2]  bench  GenerateMessageDigest                 418 ns/op   0.000 B/op   0.000 allocs/op
  [2/2]  bench  GenerateMessageDigest                 418 ns/op ±0%   0.000 B/op   0.000 allocs/op    360ms
  [1/2]  bench  VpackVote/compress                    221 ns/op   2,836 MB/s   0.000 B/op   0.000 allocs/op
  [2/2]  bench  VpackVote/compress                    220 ns/op ±1%   2,851 MB/s ±1%   0.000 B/op   0.000 allocs/op    580ms
  [1/2]  bench  VpackVote/decompress                  88.5 ns/op   5,333 MB/s   0.000 B/op   0.000 allocs/op
  [2/2]  bench  VpackVote/decompress                  88.2 ns/op ±0%   5,352 MB/s ±0%   0.000 B/op   0.000 allocs/op    440ms
  [1/2]  bench  BloomFilterSet                        70.8 ns/op   0.000 B/op   0.000 allocs/op
  [2/2]  bench  BloomFilterSet                        70.6 ns/op ±0%   0.000 B/op   0.000 allocs/op    1.54s
  [1/2]  bench  BloomFilterTest                       70.8 ns/op   0.000 B/op   0.000 allocs/op
  [2/2]  bench  BloomFilterTest                       70.8 ns/op ±0%   0.000 B/op   0.000 allocs/op    1.75s
  [1/2]  bench  TagCounter                            10.1 ns/op   0.000 B/op   0.000 allocs/op
  [2/2]  bench  TagCounter                            10.1 ns/op ±0%   0.000 B/op   0.000 allocs/op    360ms
