  [1/2]  bench  VoteVerify                            309,178 ns/op   6,888 B/op   65.0 allocs/op
  [2/2]  bench  VoteVerify                            314,789 ns/op ±2%   6,888 B/op   65.0 allocs/op    490ms
  [1/2]  bench  CryptoVerifierVoteVertification       129,674 ns/op   24,010 B/op   71.0 allocs/op
  [2/2]  bench  CryptoVerifierVoteVertification       137,259 ns/op ±6%   24,007 B/op ±0%   71.0 allocs/op    520ms
  [1/2]  bench  CryptoVerifierProposalVertification   188,971 ns/op   12,474 B/op   54.0 allocs/op
  [2/2]  bench  CryptoVerifierProposalVertification   187,429 ns/op ±1%   12,474 B/op ±0%   54.0 allocs/op    470ms
  [1/2]  bench  VoteDecoding                          274 ns/op   1,152 B/op   2.00 allocs/op
  [2/2]  bench  VoteDecoding                          273 ns/op ±0%   1,152 B/op   2.00 allocs/op    700ms
  [1/2]  bench  NoiseSentinelHash                     32,352 ns/op   2,026 MB/s   0.000 B/op   0.000 allocs/op
  [2/2]  bench  NoiseSentinelHash                     32,337 ns/op ±0%   2,027 MB/s ±0%   0.000 B/op   0.000 allocs/op    320ms
  [1/2]  bench  NoiseSentinelLoop                     5,879 ns/op   0.000 B/op   0.000 allocs/op
  [2/2]  bench  NoiseSentinelLoop                     5,883 ns/op ±0%   0.000 B/op   0.000 allocs/op    420ms
  [1/2]  bench  BatchVerifierImpls/libsodium_single   2,589,230 ns/op   21,264 B/op   261 allocs/op
  [2/2]  bench  BatchVerifierImpls/libsodium_single   2,593,321 ns/op ±0%   21,264 B/op   261 allocs/op    620ms
  [1/2]  bench  BatchVerifierImpls/libsodium_batch    1,212,507 ns/op   26,064 B/op   12.0 allocs/op
  [2/2]  bench  BatchVerifierImpls/libsodium_batch    1,208,743 ns/op ±0%   26,064 B/op   12.0 allocs/op    480ms
  [1/2]  bench  BatchVerifierImpls/ed25519consensus   1,161,516 ns/op   270,017 B/op   137 allocs/op
  [2/2]  bench  BatchVerifierImpls/ed25519consensus   1,236,506 ns/op ±6%   270,017 B/op ±0%   137 allocs/op    500ms
  [1/2]  bench  FalconVerify                          36,803 ns/op   0.000 B/op   0.000 allocs/op
  [2/2]  bench  FalconVerify                          36,969 ns/op ±0%   0.000 B/op   0.000 allocs/op    450ms
  [1/2]  bench  FalconSign                            6,553,806 ns/op   3,080 B/op   3.00 allocs/op
  [2/2]  bench  FalconSign                            6,551,092 ns/op ±0%   3,080 B/op   3.00 allocs/op    420ms
  [1/2]  bench  MultisigVerify                        119,294 ns/op   2,649 B/op   21.0 allocs/op
  [2/2]  bench  MultisigVerify                        118,312 ns/op ±1%   2,649 B/op ±0%   21.0 allocs/op    370ms
  [1/2]  bench  VrfProve                              117,956 ns/op   224 B/op   5.00 allocs/op
  [2/2]  bench  VrfProve                              114,950 ns/op ±3%   224 B/op   5.00 allocs/op    360ms
  [1/2]  bench  Hash                                  202 ns/op   0.000 B/op   0.000 allocs/op
  [2/2]  bench  Hash                                  202 ns/op ±0%   0.000 B/op   0.000 allocs/op    560ms
  [1/2]  bench  SignVerify                            51,999 ns/op   336 B/op   10.0 allocs/op
  [2/2]  bench  SignVerify                            55,786 ns/op ±7%   336 B/op   10.0 allocs/op    350ms
  [1/2]  bench  Verify25519/libsodium                 40,121 ns/op   128 B/op   4.00 allocs/op
  [2/2]  bench  Verify25519/libsodium                 40,389 ns/op ±1%   128 B/op   4.00 allocs/op    460ms
  [1/2]  bench  Verify25519/ed25519consensus          36,193 ns/op   32.0 B/op   2.00 allocs/op
  [2/2]  bench  Verify25519/ed25519consensus          38,928 ns/op ±7%   32.0 B/op   2.00 allocs/op    560ms
  [1/2]  bench  MerkleSignatureVerify                 73,789 ns/op   9,472 B/op   42.0 allocs/op
  [2/2]  bench  MerkleSignatureVerify                 73,486 ns/op ±0%   9,472 B/op   42.0 allocs/op    510ms
  [1/2]  bench  OneTimeSigBatchVerification/libsodium_singles  122,232 ns/op   1,303 B/op   24.0 allocs/op
  [2/2]  bench  OneTimeSigBatchVerification/libsodium_singles  125,731 ns/op ±3%   1,304 B/op ±0%   24.0 allocs/op    620ms
  [1/2]  bench  OneTimeSigBatchVerification/libsodium_batch  111,321 ns/op   1,144 B/op   17.0 allocs/op
  [2/2]  bench  OneTimeSigBatchVerification/libsodium_batch  111,232 ns/op ±0%   1,144 B/op   17.0 allocs/op    630ms
  [1/2]  bench  OneTimeSigBatchVerification/ed25519consensus_batch  80,539 ns/op   14,319 B/op   22.0 allocs/op
  [2/2]  bench  OneTimeSigBatchVerification/ed25519consensus_batch  80,549 ns/op ±0%   14,319 B/op   22.0 allocs/op    660ms
  [1/2]  bench  VrfVerify                             152,530 ns/op   176 B/op   3.00 allocs/op
  [2/2]  bench  VrfVerify                             152,732 ns/op ±0%   176 B/op   3.00 allocs/op    720ms
  [1/2]  bench  AppRateLimiter_TxgroupToKeys          13,818 ns/op   9,512 B/op   3.00 allocs/op
  [2/2]  bench  AppRateLimiter_TxgroupToKeys          14,127 ns/op ±2%   9,512 B/op   3.00 allocs/op    800ms
  [1/2]  bench  AddressFormatting                     263 ns/op   128 B/op   2.00 allocs/op
  [2/2]  bench  AddressFormatting                     264 ns/op ±0%   128 B/op   2.00 allocs/op    620ms
  [1/2]  bench  UnmarshalChecksumAddress              605 ns/op   192 B/op   3.00 allocs/op
  [2/2]  bench  UnmarshalChecksumAddress              605 ns/op ±0%   192 B/op   3.00 allocs/op    340ms
  [1/2]  bench  CodecRealistic/encode-signed-pay      585 ns/op   2,688 B/op   1.00 allocs/op
  [2/2]  bench  CodecRealistic/encode-signed-pay      602 ns/op ±3%   2,688 B/op   1.00 allocs/op    310ms
  [1/2]  bench  CodecRealistic/decode-signed-pay      180 ns/op   64.0 B/op   3.00 allocs/op
  [2/2]  bench  CodecRealistic/decode-signed-pay      180 ns/op ±0%   64.0 B/op   3.00 allocs/op    540ms
  [1/2]  bench  CodecRealistic/encode-signed-appl     651 ns/op   3,072 B/op   1.00 allocs/op
  [2/2]  bench  CodecRealistic/encode-signed-appl     643 ns/op ±1%   3,072 B/op   1.00 allocs/op    310ms
  [1/2]  bench  CodecRealistic/decode-signed-appl     503 ns/op   376 B/op   13.0 allocs/op
  [2/2]  bench  CodecRealistic/decode-signed-appl     504 ns/op ±0%   376 B/op   13.0 allocs/op    310ms
  [1/2]  bench  CodecRealistic/encode-block-header    628 ns/op   1,824 B/op   3.00 allocs/op
  [2/2]  bench  CodecRealistic/encode-block-header    631 ns/op ±1%   1,824 B/op   3.00 allocs/op    330ms
  [1/2]  bench  CodecRealistic/decode-block-header    614 ns/op   720 B/op   9.00 allocs/op
  [2/2]  bench  CodecRealistic/decode-block-header    615 ns/op ±0%   720 B/op   9.00 allocs/op    320ms
  [1/2]  bench  HashObj/txn                           1,119 ns/op   3,936 B/op   3.00 allocs/op
  [2/2]  bench  HashObj/txn                           1,119 ns/op ±0%   3,936 B/op   3.00 allocs/op    330ms
  [1/2]  bench  HashObj/block-header                  2,345 ns/op   3,552 B/op   5.00 allocs/op
  [2/2]  bench  HashObj/block-header                  2,443 ns/op ±4%   3,552 B/op   5.00 allocs/op    390ms
  [1/2]  bench  AppendMsgBlockHeader                  44.4 ns/op   22.5 MB/s   0.000 B/op   0.000 allocs/op
  [2/2]  bench  AppendMsgBlockHeader                  44.7 ns/op ±1%   22.4 MB/s ±1%   0.000 B/op   0.000 allocs/op    420ms
  [1/2]  bench  Sortition                             391,904 ns/op   1,824 B/op   21.0 allocs/op
  [2/2]  bench  Sortition                             390,641 ns/op ±0%   1,824 B/op   21.0 allocs/op    400ms
  [1/2]  bench  TransactionPoolRecompute              1,079,366,052 ns/op   37,674 ns/txn   1,117,856,488 B/op   2,398,039 allocs/op
  [2/2]  bench  TransactionPoolRecompute              1,087,110,212 ns/op ±1%   37,945 ns/txn ±1%   1,117,588,132 B/op ±0%   2,398,003 allocs/op ±0%    2.97s
  [1/2]  bench  TxnIDs/signed-txn-id                  551 ns/op   0.000 B/op   0.000 allocs/op
  [2/2]  bench  TxnIDs/signed-txn-id                  551 ns/op ±0%   0.000 B/op   0.000 allocs/op    360ms
  [1/2]  bench  TxnIDs/group-id                       13,557 ns/op   2,272 B/op   4.00 allocs/op
  [2/2]  bench  TxnIDs/group-id                       13,555 ns/op ±0%   2,275 B/op ±0%   4.00 allocs/op    490ms
  [1/2]  bench  WellFormed/pay                        121 ns/op   0.000 B/op   0.000 allocs/op
  [2/2]  bench  WellFormed/pay                        121 ns/op ±0%   0.000 B/op   0.000 allocs/op    480ms
  [1/2]  bench  WellFormed/axfer                      113 ns/op   0.000 B/op   0.000 allocs/op
  [2/2]  bench  WellFormed/axfer                      114 ns/op ±1%   0.000 B/op   0.000 allocs/op    460ms
  [1/2]  bench  WellFormed/acfg                       125 ns/op   0.000 B/op   0.000 allocs/op
  [2/2]  bench  WellFormed/acfg                       121 ns/op ±3%   0.000 B/op   0.000 allocs/op    470ms
  [1/2]  bench  WellFormed/appl                       146 ns/op   0.000 B/op   0.000 allocs/op
  [2/2]  bench  WellFormed/appl                       147 ns/op ±0%   0.000 B/op   0.000 allocs/op    510ms
  [1/2]  bench  WellFormed/keyreg                     147 ns/op   0.000 B/op   0.000 allocs/op
  [2/2]  bench  WellFormed/keyreg                     148 ns/op ±0%   0.000 B/op   0.000 allocs/op    510ms
  [1/2]  bench  Assemble                              224,960 ns/op   329,251 B/op   3,263 allocs/op
  [2/2]  bench  Assemble                              223,165 ns/op ±1%   329,248 B/op ±0%   3,263 allocs/op    370ms
  [1/2]  bench  Disassemble                           47,473 ns/op   49,984 B/op   888 allocs/op
  [2/2]  bench  Disassemble                           47,524 ns/op ±0%   49,984 B/op ±0%   888 allocs/op    370ms
  [1/2]  bench  BoxOps/box_get                        2,274 ns/op   3.00 extra/op   3,364 B/op   33.0 allocs/op
  [2/2]  bench  BoxOps/box_get                        2,273 ns/op ±0%   3.00 extra/op   3,364 B/op   33.0 allocs/op    400ms
  [1/2]  bench  BoxOps/box_len                        1,892 ns/op   3.00 extra/op   1,023 B/op   31.0 allocs/op
  [2/2]  bench  BoxOps/box_len                        1,899 ns/op ±0%   3.00 extra/op   1,023 B/op   31.0 allocs/op    400ms
  [1/2]  bench  BoxOps/box_extract                    2,246 ns/op   4.00 extra/op   1,521 B/op   37.0 allocs/op
  [2/2]  bench  BoxOps/box_extract                    2,389 ns/op ±6%   4.00 extra/op   1,521 B/op   37.0 allocs/op    410ms
  [1/2]  bench  BoxOps/box_replace                    1,932 ns/op   3.00 extra/op   1,308 B/op   34.0 allocs/op
  [2/2]  bench  BoxOps/box_replace                    1,945 ns/op ±1%   3.00 extra/op   1,308 B/op   34.0 allocs/op    400ms
  [1/2]  bench  BoxOps/box_splice                     2,449 ns/op   4.00 extra/op   1,625 B/op   42.0 allocs/op
  [2/2]  bench  BoxOps/box_splice                     2,468 ns/op ±1%   4.00 extra/op   1,625 B/op   42.0 allocs/op    410ms
  [1/2]  bench  BoxOps/box_put                        2,192 ns/op   3.00 extra/op   2,088 B/op   31.0 allocs/op
  [2/2]  bench  BoxOps/box_put                        2,170 ns/op ±1%   3.00 extra/op   2,088 B/op ±0%   31.0 allocs/op    400ms
  [1/2]  bench  BoxOps/box_resize                     3,824 ns/op   5.00 extra/op   1,722 B/op   52.0 allocs/op
  [2/2]  bench  BoxOps/box_resize                     3,869 ns/op ±1%   5.00 extra/op   1,722 B/op   52.0 allocs/op    440ms
  [1/2]  bench  BoxOps/box_create_del                 3,722 ns/op   6.00 extra/op   1,778 B/op   54.0 allocs/op
  [2/2]  bench  BoxOps/box_create_del                 3,698 ns/op ±1%   6.00 extra/op   1,778 B/op   54.0 allocs/op    430ms
  [1/2]  bench  InnerTxn/pay                          14,443 ns/op   24,581 B/op   127 allocs/op
  [2/2]  bench  InnerTxn/pay                          14,478 ns/op ±0%   24,582 B/op ±0%   127 allocs/op    500ms
  [1/2]  bench  InnerTxn/axfer                        14,869 ns/op   25,182 B/op   134 allocs/op
  [2/2]  bench  InnerTxn/axfer                        14,882 ns/op ±0%   25,182 B/op   134 allocs/op    510ms
  [1/2]  bench  InnerTxn/appl                         14,458 ns/op   33,111 B/op   100 allocs/op
  [2/2]  bench  InnerTxn/appl                         14,583 ns/op ±1%   33,111 B/op   100 allocs/op    510ms
  [1/2]  bench  StateOps/app_global_get               1,180 ns/op   2.00 extra/op   677 B/op   21.0 allocs/op
  [2/2]  bench  StateOps/app_global_get               1,178 ns/op ±0%   2.00 extra/op   677 B/op   21.0 allocs/op    380ms
  [1/2]  bench  StateOps/app_global_put               1,622 ns/op   2.00 extra/op   1,353 B/op   27.0 allocs/op
  [2/2]  bench  StateOps/app_global_put               1,619 ns/op ±0%   2.00 extra/op   1,353 B/op   27.0 allocs/op    390ms
  [1/2]  bench  StateOps/app_global_del               826 ns/op   1.00 extra/op   499 B/op   15.0 allocs/op
  [2/2]  bench  StateOps/app_global_del               826 ns/op ±0%   1.00 extra/op   499 B/op   15.0 allocs/op    350ms
  [1/2]  bench  StateOps/app_local_get                1,704 ns/op   3.00 extra/op   912 B/op   29.0 allocs/op
  [2/2]  bench  StateOps/app_local_get                1,825 ns/op ±7%   3.00 extra/op   912 B/op   29.0 allocs/op    400ms
  [1/2]  bench  StateOps/app_local_put                2,175 ns/op   3.00 extra/op   1,165 B/op   33.0 allocs/op
  [2/2]  bench  StateOps/app_local_put                2,156 ns/op ±1%   3.00 extra/op   1,166 B/op ±0%   33.0 allocs/op    400ms
  [1/2]  bench  StateOps/app_local_del                1,497 ns/op   2.00 extra/op   702 B/op   23.0 allocs/op
  [2/2]  bench  StateOps/app_local_del                1,494 ns/op ±0%   2.00 extra/op   702 B/op   23.0 allocs/op    390ms
  [1/2]  bench  StateOps/asset_holding_get            2,594 ns/op   4.00 extra/op   1,276 B/op   36.0 allocs/op
  [2/2]  bench  StateOps/asset_holding_get            2,467 ns/op ±5%   4.00 extra/op   1,276 B/op   36.0 allocs/op    410ms
  [1/2]  bench  StateOps/asset_params_get             1,989 ns/op   3.00 extra/op   1,509 B/op   34.0 allocs/op
  [2/2]  bench  StateOps/asset_params_get             1,985 ns/op ±0%   3.00 extra/op   1,509 B/op ±0%   34.0 allocs/op    400ms
  [1/2]  bench  StateOps/app_params_get               1,937 ns/op   3.00 extra/op   1,324 B/op   30.0 allocs/op
  [2/2]  bench  StateOps/app_params_get               1,925 ns/op ±1%   3.00 extra/op   1,325 B/op ±0%   30.0 allocs/op    400ms
  [1/2]  bench  StateOps/acct_params_get              2,720 ns/op   3.00 extra/op   1,709 B/op   36.0 allocs/op
  [2/2]  bench  StateOps/acct_params_get              2,715 ns/op ±0%   3.00 extra/op   1,709 B/op ±0%   36.0 allocs/op    410ms
  [1/2]  bench  Verify/pop                            38.7 ns/op   3.00 extra/op   6.00 B/op   0.000 allocs/op
  [2/2]  bench  Verify/pop                            36.4 ns/op ±6%   3.00 extra/op   6.00 B/op   0.000 allocs/op    450ms
  [1/2]  bench  Verify/add                            37.4 ns/op   3.00 extra/op   6.00 B/op   0.000 allocs/op
  [2/2]  bench  Verify/add                            37.4 ns/op ±0%   3.00 extra/op   6.00 B/op   0.000 allocs/op    460ms
  [1/2]  bench  Verify/ed25519verify_bare             39,153 ns/op   7.00 extra/op   103 B/op   2.00 allocs/op
  [2/2]  bench  Verify/ed25519verify_bare             38,900 ns/op ±1%   7.00 extra/op   103 B/op   2.00 allocs/op    450ms
  [1/2]  bench  Verify/ecdsa_verify_k1                37,911 ns/op   7.00 extra/op   343 B/op   6.00 allocs/op
  [2/2]  bench  Verify/ecdsa_verify_k1                38,191 ns/op ±1%   7.00 extra/op   343 B/op   6.00 allocs/op    540ms
  [1/2]  bench  Verify/ecdsa_verify_r1                58,252 ns/op   7.00 extra/op   1,414 B/op   25.0 allocs/op
  [2/2]  bench  Verify/ecdsa_verify_r1                58,181 ns/op ±0%   7.00 extra/op   1,415 B/op ±0%   25.0 allocs/op    470ms
  [1/2]  bench  Verify/falcon_verify                  36,602 ns/op   7.00 extra/op   2,055 B/op   1.00 allocs/op
  [2/2]  bench  Verify/falcon_verify                  36,815 ns/op ±1%   7.00 extra/op   2,055 B/op   1.00 allocs/op    720ms
  [1/2]  bench  Verify/vrf_verify                     152,544 ns/op   5.00 extra/op   283 B/op   6.00 allocs/op
  [2/2]  bench  Verify/vrf_verify                     159,697 ns/op ±4%   5.00 extra/op   283 B/op   6.00 allocs/op    500ms
  [1/2]  bench  CheckSignature                        5,787 ns/op   12,320 B/op   9.00 allocs/op
  [2/2]  bench  CheckSignature                        5,755 ns/op ±1%   12,320 B/op   9.00 allocs/op    410ms
  [1/2]  bench  Addx64/add_long_stack                 4,888 ns/op   17,072 B/op   12.0 allocs/op
  [2/2]  bench  Addx64/add_long_stack                 4,881 ns/op ±0%   17,072 B/op   12.0 allocs/op    410ms
  [1/2]  bench  Addx64/add_small_stack                4,300 ns/op   13,616 B/op   10.0 allocs/op
  [2/2]  bench  Addx64/add_small_stack                4,259 ns/op ±1%   13,616 B/op   10.0 allocs/op    390ms
  [1/2]  bench  NopPassx1                             2,365 ns/op   13,616 B/op   10.0 allocs/op
  [2/2]  bench  NopPassx1                             2,386 ns/op ±1%   13,616 B/op   10.0 allocs/op    370ms
  [1/2]  bench  Checkx5                               85,486 ns/op   107,270 B/op   957 allocs/op
  [2/2]  bench  Checkx5                               85,239 ns/op ±0%   107,270 B/op   957 allocs/op    340ms
  [1/2]  bench  AppendMsgSignedTxn                    96.2 ns/op   10.4 MB/s   0.000 B/op   0.000 allocs/op
  [2/2]  bench  AppendMsgSignedTxn                    96.4 ns/op ±0%   10.4 MB/s ±0%   0.000 B/op   0.000 allocs/op    460ms
  [1/2]  bench  TinyMan/eval-lsig-signature           12,462 ns/op   36,840 B/op   86.0 allocs/op
  [2/2]  bench  TinyMan/eval-lsig-signature           12,448 ns/op ±0%   36,840 B/op   86.0 allocs/op    490ms
  [1/2]  bench  TinyMan/group-check-actual            99,974 ns/op   99,550 B/op   135 allocs/op
  [2/2]  bench  TinyMan/group-check-actual            101,760 ns/op ±2%   99,568 B/op ±0%   135 allocs/op    1.28s
  [1/2]  bench  TinyMan/group-check-all-crypto        113,705 ns/op   54,611 B/op   34.0 allocs/op
  [2/2]  bench  TinyMan/group-check-all-crypto        113,057 ns/op ±1%   54,642 B/op ±0%   34.0 allocs/op    350ms
  [1/2]  bench  LogicSigSanityCheck                   7,925 ns/op   18,296 B/op   14.0 allocs/op
  [2/2]  bench  LogicSigSanityCheck                   7,905 ns/op ±0%   18,296 B/op   14.0 allocs/op    430ms
  [1/2]  bench  PaysetGroups                          11,040 ns/op   19,036 B/op   6.00 allocs/op
  [2/2]  bench  PaysetGroups                          11,023 ns/op ±0%   18,771 B/op ±1%   6.00 allocs/op    770ms
  [1/2]  bench  Txn                                   26,973 ns/op   12,281 B/op   6.00 allocs/op
  [2/2]  bench  Txn                                   27,068 ns/op ±0%   12,296 B/op ±0%   6.00 allocs/op    1.76s
  [1/2]  bench  TxHandlerProcessing/processDecoded    14,904 ns/op   3,912 B/op   44.0 allocs/op
  [2/2]  bench  TxHandlerProcessing/processDecoded    15,088 ns/op ±1%   3,912 B/op   44.0 allocs/op    1.09s
  [1/2]  bench  TxHandlerProcessing/verify.TxnGroup   44,334 ns/op   11,872 B/op   16.0 allocs/op
  [2/2]  bench  TxHandlerProcessing/verify.TxnGroup   44,715 ns/op ±1%   11,872 B/op   16.0 allocs/op    530ms
  [1/2]  bench  TxHandlerDecoderMsgp                  6,547,665 ns/op   4,147,099 B/op   26,631 allocs/op
  [2/2]  bench  TxHandlerDecoderMsgp                  6,531,718 ns/op ±0%   4,022,598 B/op ±3%   26,581 allocs/op ±0%    640ms
  [1/2]  bench  CompactDeltas/account-deltas          2,755,701 ns/op   4,123,000 B/op   16.0 allocs/op
  [2/2]  bench  CompactDeltas/account-deltas          2,693,461 ns/op ±2%   4,123,000 B/op   16.0 allocs/op    3.02s
  [1/2]  bench  Apply/asset-transfer                  465 ns/op   512 B/op   4.00 allocs/op
  [2/2]  bench  Apply/asset-transfer                  465 ns/op ±0%   512 B/op   4.00 allocs/op    310ms
  [1/2]  bench  Apply/keyreg                          323 ns/op   0.000 B/op   0.000 allocs/op
  [2/2]  bench  Apply/keyreg                          318 ns/op ±2%   0.000 B/op   0.000 allocs/op    310ms
  [1/2]  bench  Apply/app-call                        125 ns/op   0.000 B/op   0.000 allocs/op
  [2/2]  bench  Apply/app-call                        128 ns/op ±2%   0.000 B/op   0.000 allocs/op    490ms
  [1/2]  bench  CompactResourceDeltas                 4,804,533 ns/op   10,273,456 B/op   36.0 allocs/op
  [2/2]  bench  CompactResourceDeltas                 4,873,144 ns/op ±1%   10,273,456 B/op   36.0 allocs/op    370ms
  [1/2]  bench  TxTailCheckDup/hit                    48.1 ns/op   48.0 B/op   1.00 allocs/op
  [2/2]  bench  TxTailCheckDup/hit                    48.1 ns/op ±0%   48.0 B/op   1.00 allocs/op    390ms
  [1/2]  bench  TxTailCheckDup/miss                   29.2 ns/op   0.000 B/op   0.000 allocs/op
  [2/2]  bench  TxTailCheckDup/miss                   29.2 ns/op ±0%   0.000 B/op   0.000 allocs/op    390ms
  [1/2]  bench  CowChild                              40.7 ns/op   0.000 B/op   0.000 allocs/op
  [2/2]  bench  CowChild                              40.4 ns/op ±1%   0.000 B/op   0.000 allocs/op    400ms
  [1/2]  bench  PrefetcherApps                        241 ns/op   106 B/op   1.00 allocs/op
  [2/2]  bench  PrefetcherApps                        242 ns/op ±1%   107 B/op ±1%   1.00 allocs/op    1.93s
  [1/2]  bench  PrefetcherPayment                     205 ns/op   82.0 B/op   0.000 allocs/op
  [2/2]  bench  PrefetcherPayment                     209 ns/op ±2%   82.5 B/op ±1%   0.000 allocs/op    1.85s
  [1/2]  bench  BlockEvaluatorRAMNoCrypto             404,453,271 ns/op   8,090 ns/eval_validate_tx   589,547,216 B/op   1,351,121 allocs/op
  [2/2]  bench  BlockEvaluatorRAMNoCrypto             407,786,630 ns/op ±1%   8,157 ns/eval_validate_tx ±1%   589,537,826 B/op ±0%   1,351,115 allocs/op ±0%    7.57s
  [1/2]  bench  BlockValidationMix                    1,460,605,537 ns/op   1,930,454,224 B/op   7,457,934 allocs/op
  [2/2]  bench  BlockValidationMix                    1,470,954,779 ns/op ±1%   1,928,676,720 B/op ±0%   7,450,975 allocs/op ±0%    8.52s
  [1/2]  bench  AppInt1                               877,603,640 ns/op   1,974,220,544 B/op   2,941,505 allocs/op
  [2/2]  bench  AppInt1                               833,696,082 ns/op ±5%   1,974,032,728 B/op ±0%   2,941,485 allocs/op ±0%    2.24s
  [1/2]  bench  AccountDeltasOps/upsert               560,453 ns/op   3,539,642 B/op   35.0 allocs/op
  [2/2]  bench  AccountDeltasOps/upsert               561,555 ns/op ±0%   3,539,642 B/op ±0%   35.0 allocs/op    430ms
  [1/2]  bench  AccountDeltasOps/merge                419,499 ns/op   800,530 B/op   66.0 allocs/op
  [2/2]  bench  AccountDeltasOps/merge                421,550 ns/op ±0%   800,530 B/op   66.0 allocs/op    790ms
  [1/2]  bench  AccountDeltasOps/optimize             121,319 ns/op   1,131,185 B/op   35.0 allocs/op
  [2/2]  bench  AccountDeltasOps/optimize             121,821 ns/op ±0%   1,131,185 B/op   35.0 allocs/op    940ms
  [1/2]  bench  MakeStateDelta                        931,972 ns/op   20,811,621 B/op   197 allocs/op
  [2/2]  bench  MakeStateDelta                        971,480 ns/op ±4%   20,811,622 B/op ±0%   197 allocs/op    480ms
  [1/2]  bench  OnlineAccountsCacheRead320            3,666,197 ns/op   705,478 B/op   4,021 allocs/op
  [2/2]  bench  OnlineAccountsCacheRead320            3,635,502 ns/op ±1%   705,478 B/op   4,021 allocs/op    360ms
  [1/2]  bench  MessageFilterCheck/hit                6,190 ns/op   1,248 B/op   9.00 allocs/op
  [2/2]  bench  MessageFilterCheck/hit                5,593 ns/op ±11%   1,248 B/op   9.00 allocs/op    700ms
  [1/2]  bench  MessageFilterCheck/miss               4,890 ns/op   1,248 B/op   9.00 allocs/op
  [2/2]  bench  MessageFilterCheck/miss               4,991 ns/op ±2%   1,248 B/op   9.00 allocs/op    390ms
  [1/2]  bench  GenerateMessageDigest                 423 ns/op   0.000 B/op   0.000 allocs/op
  [2/2]  bench  GenerateMessageDigest                 422 ns/op ±0%   0.000 B/op   0.000 allocs/op    360ms
  [1/2]  bench  VpackVote/compress                    220 ns/op   2,860 MB/s   0.000 B/op   0.000 allocs/op
  [2/2]  bench  VpackVote/compress                    222 ns/op ±1%   2,835 MB/s ±1%   0.000 B/op   0.000 allocs/op    580ms
  [1/2]  bench  VpackVote/decompress                  87.6 ns/op   5,386 MB/s   0.000 B/op   0.000 allocs/op
  [2/2]  bench  VpackVote/decompress                  87.8 ns/op ±0%   5,374 MB/s ±0%   0.000 B/op   0.000 allocs/op    440ms
  [1/2]  bench  BloomFilterSet                        70.1 ns/op   0.000 B/op   0.000 allocs/op
  [2/2]  bench  BloomFilterSet                        70.0 ns/op ±0%   0.000 B/op   0.000 allocs/op    1.58s
  [1/2]  bench  BloomFilterTest                       68.6 ns/op   0.000 B/op   0.000 allocs/op
  [2/2]  bench  BloomFilterTest                       68.6 ns/op ±0%   0.000 B/op   0.000 allocs/op    1.77s
  [1/2]  bench  TagCounter                            10.1 ns/op   0.000 B/op   0.000 allocs/op
  [2/2]  bench  TagCounter                            10.1 ns/op ±0%   0.000 B/op   0.000 allocs/op    360ms
