  [1/2]  bench  VoteVerify                            291,565 ns/op   6,888 B/op   65.0 allocs/op
  [2/2]  bench  VoteVerify                            304,161 ns/op ±4%   6,888 B/op   65.0 allocs/op    510ms
  [1/2]  bench  CryptoVerifierVoteVertification       121,635 ns/op   24,005 B/op   71.0 allocs/op
  [2/2]  bench  CryptoVerifierVoteVertification       122,309 ns/op ±1%   24,004 B/op ±0%   71.0 allocs/op    440ms
  [1/2]  bench  CryptoVerifierProposalVertification   187,982 ns/op   12,474 B/op   54.0 allocs/op
  [2/2]  bench  CryptoVerifierProposalVertification   187,143 ns/op ±0%   12,474 B/op   54.0 allocs/op    480ms
  [1/2]  bench  VoteDecoding                          273 ns/op   1,152 B/op   2.00 allocs/op
  [2/2]  bench  VoteDecoding                          273 ns/op ±0%   1,152 B/op   2.00 allocs/op    700ms
  [1/2]  bench  NoiseSentinelHash                     32,427 ns/op   2,021 MB/s   0.000 B/op   0.000 allocs/op
  [2/2]  bench  NoiseSentinelHash                     32,373 ns/op ±0%   2,024 MB/s ±0%   0.000 B/op   0.000 allocs/op    320ms
  [1/2]  bench  NoiseSentinelLoop                     5,883 ns/op   0.000 B/op   0.000 allocs/op
  [2/2]  bench  NoiseSentinelLoop                     5,884 ns/op ±0%   0.000 B/op   0.000 allocs/op    420ms
  [1/2]  bench  BatchVerifierImpls/libsodium_single   2,582,926 ns/op   21,264 B/op   261 allocs/op
  [2/2]  bench  BatchVerifierImpls/libsodium_single   2,593,627 ns/op ±0%   21,264 B/op   261 allocs/op    620ms
  [1/2]  bench  BatchVerifierImpls/libsodium_batch    1,204,752 ns/op   26,064 B/op   12.0 allocs/op
  [2/2]  bench  BatchVerifierImpls/libsodium_batch    1,204,252 ns/op ±0%   26,064 B/op   12.0 allocs/op    480ms
  [1/2]  bench  BatchVerifierImpls/ed25519consensus   1,142,466 ns/op   270,016 B/op   137 allocs/op
  [2/2]  bench  BatchVerifierImpls/ed25519consensus   1,142,177 ns/op ±0%   270,016 B/op   137 allocs/op    470ms
  [1/2]  bench  FalconVerify                          36,207 ns/op   0.000 B/op   0.000 allocs/op
  [2/2]  bench  FalconVerify                          36,213 ns/op ±0%   0.000 B/op   0.000 allocs/op    430ms
  [1/2]  bench  FalconSign                            6,557,312 ns/op   3,080 B/op   3.00 allocs/op
  [2/2]  bench  FalconSign                            6,562,112 ns/op ±0%   3,080 B/op   3.00 allocs/op    420ms
  [1/2]  bench  MultisigVerify                        118,010 ns/op   2,649 B/op   21.0 allocs/op
  [2/2]  bench  MultisigVerify                        118,076 ns/op ±0%   2,649 B/op ±0%   21.0 allocs/op    370ms
  [1/2]  bench  VrfProve                              112,905 ns/op   224 B/op   5.00 allocs/op
  [2/2]  bench  VrfProve                              113,357 ns/op ±0%   224 B/op   5.00 allocs/op    350ms
  [1/2]  bench  Hash                                  203 ns/op   0.000 B/op   0.000 allocs/op
  [2/2]  bench  Hash                                  202 ns/op ±0%   0.000 B/op   0.000 allocs/op    560ms
  [1/2]  bench  SignVerify                            50,984 ns/op   336 B/op   10.0 allocs/op
  [2/2]  bench  SignVerify                            53,833 ns/op ±5%   336 B/op   10.0 allocs/op    380ms
  [1/2]  bench  Verify25519/libsodium                 44,128 ns/op   128 B/op   4.00 allocs/op
  [2/2]  bench  Verify25519/libsodium                 44,226 ns/op ±0%   128 B/op   4.00 allocs/op    460ms
  [1/2]  bench  Verify25519/ed25519consensus          38,526 ns/op   32.0 B/op   2.00 allocs/op
  [2/2]  bench  Verify25519/ed25519consensus          38,145 ns/op ±1%   32.0 B/op   2.00 allocs/op    490ms
  [1/2]  bench  MerkleSignatureVerify                 81,516 ns/op   9,473 B/op   42.0 allocs/op
  [2/2]  bench  MerkleSignatureVerify                 77,690 ns/op ±5%   9,473 B/op ±0%   42.0 allocs/op    900ms
  [1/2]  bench  OneTimeSigBatchVerification/libsodium_singles  131,678 ns/op   1,303 B/op   24.0 allocs/op
  [2/2]  bench  OneTimeSigBatchVerification/libsodium_singles  126,481 ns/op ±4%   1,304 B/op ±0%   24.0 allocs/op    570ms
  [1/2]  bench  OneTimeSigBatchVerification/libsodium_batch  109,035 ns/op   1,144 B/op   17.0 allocs/op
  [2/2]  bench  OneTimeSigBatchVerification/libsodium_batch  110,452 ns/op ±1%   1,144 B/op   17.0 allocs/op    630ms
  [1/2]  bench  OneTimeSigBatchVerification/ed25519consensus_batch  85,461 ns/op   14,320 B/op   22.0 allocs/op
  [2/2]  bench  OneTimeSigBatchVerification/ed25519consensus_batch  86,019 ns/op ±1%   14,320 B/op   22.0 allocs/op    680ms
  [1/2]  bench  VrfVerify                             151,943 ns/op   176 B/op   3.00 allocs/op
  [2/2]  bench  VrfVerify                             153,718 ns/op ±1%   176 B/op   3.00 allocs/op    720ms
  [1/2]  bench  AppRateLimiter_TxgroupToKeys          14,946 ns/op   9,512 B/op   3.00 allocs/op
  [2/2]  bench  AppRateLimiter_TxgroupToKeys          14,391 ns/op ±4%   9,512 B/op   3.00 allocs/op    760ms
  [1/2]  bench  AddressFormatting                     298 ns/op   128 B/op   2.00 allocs/op
  [2/2]  bench  AddressFormatting                     281 ns/op ±6%   128 B/op   2.00 allocs/op    620ms
  [1/2]  bench  UnmarshalChecksumAddress              607 ns/op   192 B/op   3.00 allocs/op
  [2/2]  bench  UnmarshalChecksumAddress              607 ns/op ±0%   192 B/op   3.00 allocs/op    340ms
  [1/2]  bench  CodecRealistic/encode-signed-pay      586 ns/op   2,688 B/op   1.00 allocs/op
  [2/2]  bench  CodecRealistic/encode-signed-pay      594 ns/op ±1%   2,688 B/op   1.00 allocs/op    320ms
  [1/2]  bench  CodecRealistic/decode-signed-pay      180 ns/op   64.0 B/op   3.00 allocs/op
  [2/2]  bench  CodecRealistic/decode-signed-pay      180 ns/op ±1%   64.0 B/op   3.00 allocs/op    540ms
  [1/2]  bench  CodecRealistic/encode-signed-appl     624 ns/op   3,072 B/op   1.00 allocs/op
  [2/2]  bench  CodecRealistic/encode-signed-appl     634 ns/op ±2%   3,072 B/op   1.00 allocs/op    670ms
  [1/2]  bench  CodecRealistic/decode-signed-appl     505 ns/op   376 B/op   13.0 allocs/op
  [2/2]  bench  CodecRealistic/decode-signed-appl     505 ns/op ±0%   376 B/op   13.0 allocs/op    330ms
  [1/2]  bench  CodecRealistic/encode-block-header    616 ns/op   1,824 B/op   3.00 allocs/op
  [2/2]  bench  CodecRealistic/encode-block-header    615 ns/op ±0%   1,824 B/op   3.00 allocs/op    340ms
  [1/2]  bench  CodecRealistic/decode-block-header    615 ns/op   720 B/op   9.00 allocs/op
  [2/2]  bench  CodecRealistic/decode-block-header    613 ns/op ±0%   720 B/op   9.00 allocs/op    320ms
  [1/2]  bench  HashObj/txn                           1,184 ns/op   3,936 B/op   3.00 allocs/op
  [2/2]  bench  HashObj/txn                           1,161 ns/op ±2%   3,936 B/op   3.00 allocs/op    330ms
  [1/2]  bench  HashObj/block-header                  2,371 ns/op   3,552 B/op   5.00 allocs/op
  [2/2]  bench  HashObj/block-header                  2,362 ns/op ±0%   3,552 B/op   5.00 allocs/op    370ms
  [1/2]  bench  AppendMsgBlockHeader                  40.7 ns/op   24.6 MB/s   0.000 B/op   0.000 allocs/op
  [2/2]  bench  AppendMsgBlockHeader                  42.7 ns/op ±5%   23.5 MB/s ±5%   0.000 B/op   0.000 allocs/op    430ms
  [1/2]  bench  Sortition                             346,350 ns/op   1,824 B/op   21.0 allocs/op
  [2/2]  bench  Sortition                             345,488 ns/op ±0%   1,824 B/op   21.0 allocs/op    400ms
  [1/2]  bench  TransactionPoolRecompute              1,040,989,398 ns/op   36,335 ns/txn   1,117,673,104 B/op   2,397,989 allocs/op
  [2/2]  bench  TransactionPoolRecompute              1,084,379,150 ns/op ±4%   37,850 ns/txn ±4%   1,117,552,488 B/op ±0%   2,397,978 allocs/op ±0%    2.9s
  [1/2]  bench  TxnIDs/signed-txn-id                  551 ns/op   0.000 B/op   0.000 allocs/op
  [2/2]  bench  TxnIDs/signed-txn-id                  557 ns/op ±1%   0.000 B/op   0.000 allocs/op    370ms
  [1/2]  bench  TxnIDs/group-id                       13,521 ns/op   2,278 B/op   4.00 allocs/op
  [2/2]  bench  TxnIDs/group-id                       13,544 ns/op ±0%   2,280 B/op ±0%   4.00 allocs/op    490ms
  [1/2]  bench  WellFormed/pay                        121 ns/op   0.000 B/op   0.000 allocs/op
  [2/2]  bench  WellFormed/pay                        121 ns/op ±0%   0.000 B/op   0.000 allocs/op    480ms
  [1/2]  bench  WellFormed/axfer                      108 ns/op   0.000 B/op   0.000 allocs/op
  [2/2]  bench  WellFormed/axfer                      108 ns/op ±0%   0.000 B/op   0.000 allocs/op    470ms
  [1/2]  bench  WellFormed/acfg                       109 ns/op   0.000 B/op   0.000 allocs/op
  [2/2]  bench  WellFormed/acfg                       109 ns/op ±0%   0.000 B/op   0.000 allocs/op    470ms
  [1/2]  bench  WellFormed/appl                       146 ns/op   0.000 B/op   0.000 allocs/op
  [2/2]  bench  WellFormed/appl                       146 ns/op ±0%   0.000 B/op   0.000 allocs/op    510ms
  [1/2]  bench  WellFormed/keyreg                     147 ns/op   0.000 B/op   0.000 allocs/op
  [2/2]  bench  WellFormed/keyreg                     147 ns/op ±0%   0.000 B/op   0.000 allocs/op    510ms
  [1/2]  bench  Assemble                              221,132 ns/op   329,246 B/op   3,263 allocs/op
  [2/2]  bench  Assemble                              221,292 ns/op ±0%   329,247 B/op ±0%   3,263 allocs/op    360ms
  [1/2]  bench  Disassemble                           47,025 ns/op   49,983 B/op   888 allocs/op
  [2/2]  bench  Disassemble                           46,997 ns/op ±0%   49,983 B/op   888 allocs/op    340ms
  [1/2]  bench  BoxOps/box_get                        2,268 ns/op   3.00 extra/op   3,364 B/op   33.0 allocs/op
  [2/2]  bench  BoxOps/box_get                        2,261 ns/op ±0%   3.00 extra/op   3,364 B/op ±0%   33.0 allocs/op    400ms
  [1/2]  bench  BoxOps/box_len                        1,889 ns/op   3.00 extra/op   1,023 B/op   31.0 allocs/op
  [2/2]  bench  BoxOps/box_len                        1,887 ns/op ±0%   3.00 extra/op   1,023 B/op   31.0 allocs/op    400ms
  [1/2]  bench  BoxOps/box_extract                    2,339 ns/op   4.00 extra/op   1,521 B/op   37.0 allocs/op
  [2/2]  bench  BoxOps/box_extract                    2,406 ns/op ±3%   4.00 extra/op   1,521 B/op   37.0 allocs/op    400ms
  [1/2]  bench  BoxOps/box_replace                    2,078 ns/op   3.00 extra/op   1,308 B/op   34.0 allocs/op
  [2/2]  bench  BoxOps/box_replace                    2,112 ns/op ±2%   3.00 extra/op   1,308 B/op   34.0 allocs/op    410ms
  [1/2]  bench  BoxOps/box_splice                     2,703 ns/op   4.00 extra/op   1,625 B/op   42.0 allocs/op
  [2/2]  bench  BoxOps/box_splice                     2,732 ns/op ±1%   4.00 extra/op   1,626 B/op ±0%   42.0 allocs/op    410ms
  [1/2]  bench  BoxOps/box_put                        2,175 ns/op   3.00 extra/op   2,087 B/op   31.0 allocs/op
  [2/2]  bench  BoxOps/box_put                        2,176 ns/op ±0%   3.00 extra/op   2,087 B/op   31.0 allocs/op    400ms
  [1/2]  bench  BoxOps/box_resize                     3,820 ns/op   5.00 extra/op   1,723 B/op   52.0 allocs/op
  [2/2]  bench  BoxOps/box_resize                     3,826 ns/op ±0%   5.00 extra/op   1,723 B/op   52.0 allocs/op    440ms
  [1/2]  bench  BoxOps/box_create_del                 3,676 ns/op   6.00 extra/op   1,778 B/op   54.0 allocs/op
  [2/2]  bench  BoxOps/box_create_del                 3,669 ns/op ±0%   6.00 extra/op   1,778 B/op   54.0 allocs/op    430ms
  [1/2]  bench  InnerTxn/pay                          14,163 ns/op   24,582 B/op   127 allocs/op
  [2/2]  bench  InnerTxn/pay                          14,300 ns/op ±1%   24,582 B/op   127 allocs/op    500ms
  [1/2]  bench  InnerTxn/axfer                        14,805 ns/op   25,182 B/op   134 allocs/op
  [2/2]  bench  InnerTxn/axfer                        15,777 ns/op ±6%   25,182 B/op ±0%   134 allocs/op    550ms
  [1/2]  bench  InnerTxn/appl                         14,480 ns/op   33,111 B/op   100 allocs/op
  [2/2]  bench  InnerTxn/appl                         14,522 ns/op ±0%   33,111 B/op   100 allocs/op    510ms
  [1/2]  bench  StateOps/app_global_get               1,177 ns/op   2.00 extra/op   677 B/op   21.0 allocs/op
  [2/2]  bench  StateOps/app_global_get               1,177 ns/op ±0%   2.00 extra/op   677 B/op   21.0 allocs/op    390ms
  [1/2]  bench  StateOps/app_global_put               1,642 ns/op   2.00 extra/op   1,354 B/op   27.0 allocs/op
  [2/2]  bench  StateOps/app_global_put               1,775 ns/op ±7%   2.00 extra/op   1,354 B/op ±0%   27.0 allocs/op    390ms
  [1/2]  bench  StateOps/app_global_del               915 ns/op   1.00 extra/op   499 B/op   15.0 allocs/op
  [2/2]  bench  StateOps/app_global_del               913 ns/op ±0%   1.00 extra/op   499 B/op   15.0 allocs/op    370ms
  [1/2]  bench  StateOps/app_local_get                1,887 ns/op   3.00 extra/op   912 B/op   29.0 allocs/op
  [2/2]  bench  StateOps/app_local_get                1,889 ns/op ±0%   3.00 extra/op   912 B/op   29.0 allocs/op    400ms
  [1/2]  bench  StateOps/app_local_put                2,133 ns/op   3.00 extra/op   1,165 B/op   33.0 allocs/op
  [2/2]  bench  StateOps/app_local_put                2,142 ns/op ±0%   3.00 extra/op   1,165 B/op   33.0 allocs/op    410ms
  [1/2]  bench  StateOps/app_local_del                1,316 ns/op   2.00 extra/op   702 B/op   23.0 allocs/op
  [2/2]  bench  StateOps/app_local_del                1,315 ns/op ±0%   2.00 extra/op   702 B/op   23.0 allocs/op    370ms
  [1/2]  bench  StateOps/asset_holding_get            2,323 ns/op   4.00 extra/op   1,276 B/op   36.0 allocs/op
  [2/2]  bench  StateOps/asset_holding_get            2,318 ns/op ±0%   4.00 extra/op   1,276 B/op   36.0 allocs/op    400ms
  [1/2]  bench  StateOps/asset_params_get             1,972 ns/op   3.00 extra/op   1,509 B/op   34.0 allocs/op
  [2/2]  bench  StateOps/asset_params_get             1,972 ns/op ±0%   3.00 extra/op   1,509 B/op ±0%   34.0 allocs/op    390ms
  [1/2]  bench  StateOps/app_params_get               1,900 ns/op   3.00 extra/op   1,324 B/op   30.0 allocs/op
  [2/2]  bench  StateOps/app_params_get               1,905 ns/op ±0%   3.00 extra/op   1,324 B/op   30.0 allocs/op    390ms
  [1/2]  bench  StateOps/acct_params_get              2,707 ns/op   3.00 extra/op   1,708 B/op   36.0 allocs/op
  [2/2]  bench  StateOps/acct_params_get              2,701 ns/op ±0%   3.00 extra/op   1,708 B/op   36.0 allocs/op    410ms
  [1/2]  bench  Verify/pop                            34.3 ns/op   3.00 extra/op   6.00 B/op   0.000 allocs/op
  [2/2]  bench  Verify/pop                            34.4 ns/op ±0%   3.00 extra/op   6.00 B/op   0.000 allocs/op    450ms
  [1/2]  bench  Verify/add                            37.3 ns/op   3.00 extra/op   6.00 B/op   0.000 allocs/op
  [2/2]  bench  Verify/add                            37.3 ns/op ±0%   3.00 extra/op   6.00 B/op   0.000 allocs/op    460ms
  [1/2]  bench  Verify/ed25519verify_bare             40,505 ns/op   7.00 extra/op   103 B/op   2.00 allocs/op
  [2/2]  bench  Verify/ed25519verify_bare             40,985 ns/op ±1%   7.00 extra/op   103 B/op   2.00 allocs/op    430ms
  [1/2]  bench  Verify/ecdsa_verify_k1                38,884 ns/op   7.00 extra/op   343 B/op   6.00 allocs/op
  [2/2]  bench  Verify/ecdsa_verify_k1                38,351 ns/op ±1%   7.00 extra/op   344 B/op ±0%   6.00 allocs/op    430ms
  [1/2]  bench  Verify/ecdsa_verify_r1                58,068 ns/op   7.00 extra/op   1,416 B/op   25.0 allocs/op
  [2/2]  bench  Verify/ecdsa_verify_r1                58,072 ns/op ±0%   7.00 extra/op   1,416 B/op   25.0 allocs/op    470ms
  [1/2]  bench  Verify/falcon_verify                  37,127 ns/op   7.00 extra/op   2,055 B/op   1.00 allocs/op
  [2/2]  bench  Verify/falcon_verify                  38,661 ns/op ±4%   7.00 extra/op   2,055 B/op   1.00 allocs/op    800ms
  [1/2]  bench  Verify/vrf_verify                     155,961 ns/op   5.00 extra/op   283 B/op   6.00 allocs/op
  [2/2]  bench  Verify/vrf_verify                     157,885 ns/op ±1%   5.00 extra/op   284 B/op ±0%   6.00 allocs/op    440ms
  [1/2]  bench  CheckSignature                        6,357 ns/op   12,320 B/op   9.00 allocs/op
  [2/2]  bench  CheckSignature                        6,011 ns/op ±6%   12,320 B/op   9.00 allocs/op    410ms
  [1/2]  bench  Addx64/add_long_stack                 4,837 ns/op   17,072 B/op   12.0 allocs/op
  [2/2]  bench  Addx64/add_long_stack                 4,820 ns/op ±0%   17,072 B/op   12.0 allocs/op    400ms
  [1/2]  bench  Addx64/add_small_stack                5,252 ns/op   13,616 B/op   10.0 allocs/op
  [2/2]  bench  Addx64/add_small_stack                5,080 ns/op ±3%   13,616 B/op   10.0 allocs/op    390ms
  [1/2]  bench  NopPassx1                             2,426 ns/op   13,616 B/op   10.0 allocs/op
  [2/2]  bench  NopPassx1                             2,392 ns/op ±1%   13,616 B/op   10.0 allocs/op    350ms
  [1/2]  bench  Checkx5                               85,101 ns/op   107,271 B/op   957 allocs/op
  [2/2]  bench  Checkx5                               85,186 ns/op ±0%   107,271 B/op ±0%   957 allocs/op    320ms
  [1/2]  bench  AppendMsgSignedTxn                    99.0 ns/op   10.1 MB/s   0.000 B/op   0.000 allocs/op
  [2/2]  bench  AppendMsgSignedTxn                    98.6 ns/op ±0%   10.1 MB/s ±0%   0.000 B/op   0.000 allocs/op    460ms
  [1/2]  bench  TinyMan/eval-lsig-signature           12,532 ns/op   36,840 B/op   86.0 allocs/op
  [2/2]  bench  TinyMan/eval-lsig-signature           12,436 ns/op ±1%   36,840 B/op   86.0 allocs/op    480ms
  [1/2]  bench  TinyMan/group-check-actual            98,904 ns/op   99,544 B/op   135 allocs/op
  [2/2]  bench  TinyMan/group-check-actual            102,246 ns/op ±3%   99,570 B/op ±0%   135 allocs/op    1.24s
  [1/2]  bench  TinyMan/group-check-all-crypto        109,755 ns/op   54,452 B/op   34.0 allocs/op
  [2/2]  bench  TinyMan/group-check-all-crypto        109,637 ns/op ±0%   54,540 B/op ±0%   34.0 allocs/op    360ms
  [1/2]  bench  LogicSigSanityCheck                   7,790 ns/op   18,296 B/op   14.0 allocs/op
  [2/2]  bench  LogicSigSanityCheck                   7,827 ns/op ±0%   18,296 B/op   14.0 allocs/op    440ms
  [1/2]  bench  PaysetGroups                          10,886 ns/op   18,713 B/op   6.00 allocs/op
  [2/2]  bench  PaysetGroups                          11,022 ns/op ±1%   18,974 B/op ±1%   6.00 allocs/op    780ms
  [1/2]  bench  Txn                                   27,347 ns/op   12,307 B/op   6.00 allocs/op
  [2/2]  bench  Txn                                   27,174 ns/op ±1%   12,305 B/op ±0%   6.00 allocs/op    1.74s
  [1/2]  bench  TxHandlerProcessing/processDecoded    14,671 ns/op   3,912 B/op   44.0 allocs/op
  [2/2]  bench  TxHandlerProcessing/processDecoded    15,143 ns/op ±3%   3,912 B/op   44.0 allocs/op    1.08s
  [1/2]  bench  TxHandlerProcessing/verify.TxnGroup   44,508 ns/op   11,872 B/op   16.0 allocs/op
  [2/2]  bench  TxHandlerProcessing/verify.TxnGroup   44,491 ns/op ±0%   11,872 B/op   16.0 allocs/op    510ms
  [1/2]  bench  TxHandlerDecoderMsgp                  6,572,167 ns/op   3,748,365 B/op   26,471 allocs/op
  [2/2]  bench  TxHandlerDecoderMsgp                  6,495,000 ns/op ±1%   3,748,365 B/op   26,471 allocs/op    670ms
  [1/2]  bench  CompactDeltas/account-deltas          2,722,093 ns/op   4,123,000 B/op   16.0 allocs/op
  [2/2]  bench  CompactDeltas/account-deltas          2,646,360 ns/op ±3%   4,123,000 B/op   16.0 allocs/op    2.98s
  [1/2]  bench  Apply/asset-transfer                  464 ns/op   512 B/op   4.00 allocs/op
  [2/2]  bench  Apply/asset-transfer                  463 ns/op ±0%   512 B/op   4.00 allocs/op    640ms
  [1/2]  bench  Apply/keyreg                          300 ns/op   0.000 B/op   0.000 allocs/op
  [2/2]  bench  Apply/keyreg                          300 ns/op   0.000 B/op   0.000 allocs/op    300ms
  [1/2]  bench  Apply/app-call                        119 ns/op   0.000 B/op   0.000 allocs/op
  [2/2]  bench  Apply/app-call                        127 ns/op ±6%   0.000 B/op   0.000 allocs/op    530ms
  [1/2]  bench  CompactResourceDeltas                 5,287,766 ns/op   10,273,456 B/op   36.0 allocs/op
  [2/2]  bench  CompactResourceDeltas                 5,211,809 ns/op ±1%   10,273,456 B/op   36.0 allocs/op    350ms
  [1/2]  bench  TxTailCheckDup/hit                    50.3 ns/op   48.0 B/op   1.00 allocs/op
  [2/2]  bench  TxTailCheckDup/hit                    49.7 ns/op ±1%   48.0 B/op   1.00 allocs/op    380ms
  [1/2]  bench  TxTailCheckDup/miss                   25.8 ns/op   0.000 B/op   0.000 allocs/op
  [2/2]  bench  TxTailCheckDup/miss                   25.8 ns/op ±0%   0.000 B/op   0.000 allocs/op    380ms
  [1/2]  bench  CowChild                              40.9 ns/op   0.000 B/op   0.000 allocs/op
  [2/2]  bench  CowChild                              40.5 ns/op ±1%   0.000 B/op   0.000 allocs/op    390ms
  [1/2]  bench  PrefetcherApps                        234 ns/op   106 B/op   1.00 allocs/op
  [2/2]  bench  PrefetcherApps                        271 ns/op ±14%   109 B/op ±2%   1.00 allocs/op    880ms
  [1/2]  bench  PrefetcherPayment                     205 ns/op   85.0 B/op   0.000 allocs/op
  [2/2]  bench  PrefetcherPayment                     210 ns/op ±2%   85.5 B/op ±1%   0.000 allocs/op    1.87s
  [1/2]  bench  BlockEvaluatorRAMNoCrypto             436,452,895 ns/op   8,730 ns/eval_validate_tx   589,647,000 B/op   1,351,141 allocs/op
  [2/2]  bench  BlockEvaluatorRAMNoCrypto             426,229,635 ns/op ±2%   8,526 ns/eval_validate_tx ±2%   589,595,916 B/op ±0%   1,351,139 allocs/op ±0%    7.77s
  [1/2]  bench  BlockValidationMix                    1,478,906,624 ns/op   1,927,466,344 B/op   7,430,551 allocs/op
  [2/2]  bench  BlockValidationMix                    1,501,899,387 ns/op ±2%   1,926,366,456 B/op ±0%   7,437,762 allocs/op ±0%    8.65s
  [1/2]  bench  AppInt1                               758,729,153 ns/op   1,974,078,416 B/op   2,941,499 allocs/op
  [2/2]  bench  AppInt1                               811,998,388 ns/op ±7%   1,973,998,152 B/op ±0%   2,941,482 allocs/op ±0%    2.6s
  [1/2]  bench  AccountDeltasOps/upsert               570,494 ns/op   3,539,641 B/op   35.0 allocs/op
  [2/2]  bench  AccountDeltasOps/upsert               550,045 ns/op ±4%   3,539,640 B/op ±0%   35.0 allocs/op    400ms
  [1/2]  bench  AccountDeltasOps/merge                433,507 ns/op   800,529 B/op   66.0 allocs/op
  [2/2]  bench  AccountDeltasOps/merge                436,107 ns/op ±1%   800,530 B/op ±0%   66.0 allocs/op    810ms
  [1/2]  bench  AccountDeltasOps/optimize             119,711 ns/op   1,131,185 B/op   35.0 allocs/op
  [2/2]  bench  AccountDeltasOps/optimize             123,968 ns/op ±3%   1,131,185 B/op   35.0 allocs/op    440ms
  [1/2]  bench  MakeStateDelta                        1,037,820 ns/op   20,811,622 B/op   197 allocs/op
  [2/2]  bench  MakeStateDelta                        999,005 ns/op ±4%   20,811,631 B/op ±0%   197 allocs/op    440ms
  [1/2]  bench  OnlineAccountsCacheRead320            3,765,461 ns/op   705,478 B/op   4,021 allocs/op
  [2/2]  bench  OnlineAccountsCacheRead320            3,745,113 ns/op ±1%   705,479 B/op ±0%   4,021 allocs/op    370ms
  [1/2]  bench  MessageFilterCheck/hit                5,231 ns/op   1,248 B/op   9.00 allocs/op
  [2/2]  bench  MessageFilterCheck/hit                5,140 ns/op ±2%   1,248 B/op   9.00 allocs/op    370ms
  [1/2]  bench  MessageFilterCheck/miss               5,707 ns/op   1,248 B/op   9.00 allocs/op
  [2/2]  bench  MessageFilterCheck/miss               5,471 ns/op ±4%   1,248 B/op   9.00 allocs/op    390ms
  [1/2]  bench  GenerateMessageDigest                 418 ns/op   0.000 B/op   0.000 allocs/op
  [2/2]  bench  GenerateMessageDigest                 421 ns/op ±1%   0.000 B/op   0.000 allocs/op    370ms
  [1/2]  bench  VpackVote/compress                    225 ns/op   2,798 MB/s   0.000 B/op   0.000 allocs/op
  [2/2]  bench  VpackVote/compress                    223 ns/op ±1%   2,813 MB/s ±1%   0.000 B/op   0.000 allocs/op    580ms
  [1/2]  bench  VpackVote/decompress                  87.2 ns/op   5,411 MB/s   0.000 B/op   0.000 allocs/op
  [2/2]  bench  VpackVote/decompress                  88.2 ns/op ±1%   5,352 MB/s ±1%   0.000 B/op   0.000 allocs/op    450ms
  [1/2]  bench  BloomFilterSet                        70.0 ns/op   0.000 B/op   0.000 allocs/op
  [2/2]  bench  BloomFilterSet                        69.8 ns/op ±0%   0.000 B/op   0.000 allocs/op    1.56s
  [1/2]  bench  BloomFilterTest                       69.3 ns/op   0.000 B/op   0.000 allocs/op
  [2/2]  bench  BloomFilterTest                       69.7 ns/op ±1%   0.000 B/op   0.000 allocs/op    1.76s
  [1/2]  bench  TagCounter                            9.93 ns/op   0.000 B/op   0.000 allocs/op
  [2/2]  bench  TagCounter                            9.96 ns/op ±0%   0.000 B/op   0.000 allocs/op    360ms
