  [1/4]  bench  AppendMsgBlockHeader                  54.8 ns/op   18.2 MB/s   0.000 B/op   0.000 allocs/op
  [2/4]  bench  AppendMsgBlockHeader                  54.6 ns/op   18.3 MB/s   0.000 B/op   0.000 allocs/op
  [3/4]  bench  AppendMsgBlockHeader                  54.5 ns/op   18.3 MB/s   0.000 B/op   0.000 allocs/op
  [4/4]  bench  AppendMsgBlockHeader                  54.5 ns/op ±0%   18.4 MB/s ±0%   0.000 B/op   0.000 allocs/op    3.68s
  [1/4]  bench  AppendMsgSignedTxn                    151 ns/op   6.61 MB/s   0.000 B/op   0.000 allocs/op
  [2/4]  bench  AppendMsgSignedTxn                    153 ns/op   6.55 MB/s   0.000 B/op   0.000 allocs/op
  [3/4]  bench  AppendMsgSignedTxn                    153 ns/op   6.52 MB/s   0.000 B/op   0.000 allocs/op
  [4/4]  bench  AppendMsgSignedTxn                    152 ns/op ±2%   6.59 MB/s ±2%   0.000 B/op   0.000 allocs/op    4.07s
  [1/4]  bench  PaysetGroups                          26,849 ns/op   32,468 B/op   8.00 allocs/op
  [2/4]  bench  PaysetGroups                          26,408 ns/op   33,034 B/op   8.00 allocs/op
  [3/4]  bench  PaysetGroups                          26,330 ns/op   32,996 B/op   8.00 allocs/op
  [4/4]  bench  PaysetGroups                          26,409 ns/op ±2%   32,953 B/op ±2%   8.00 allocs/op    12.15s
  [1/4]  bench  Txn                                   51,326 ns/op   9,439 B/op   12.0 allocs/op
  [2/4]  bench  Txn                                   51,213 ns/op   9,434 B/op   12.0 allocs/op
  [3/4]  bench  Txn                                   51,098 ns/op   9,434 B/op   12.0 allocs/op
  [4/4]  bench  Txn                                   51,189 ns/op ±1%   9,434 B/op ±0%   12.0 allocs/op    10.06s
  [1/4]  bench  TxHandlerProcessing/processDecoded    15,766 ns/op   3,760 B/op   32.0 allocs/op
  [2/4]  bench  TxHandlerProcessing/processDecoded    15,441 ns/op   3,760 B/op   32.0 allocs/op
  [3/4]  bench  TxHandlerProcessing/processDecoded    15,223 ns/op   3,760 B/op   32.0 allocs/op
  [4/4]  bench  TxHandlerProcessing/processDecoded    15,437 ns/op ±4%   3,760 B/op   32.0 allocs/op    9s
  [1/4]  bench  TxHandlerProcessing/verify.TxnGroup   51,017 ns/op   11,328 B/op   16.0 allocs/op
  [2/4]  bench  TxHandlerProcessing/verify.TxnGroup   51,018 ns/op   11,328 B/op   16.0 allocs/op
  [3/4]  bench  TxHandlerProcessing/verify.TxnGroup   51,814 ns/op   11,328 B/op   16.0 allocs/op
  [4/4]  bench  TxHandlerProcessing/verify.TxnGroup   51,671 ns/op ±2%   11,328 B/op   16.0 allocs/op    7.16s
  [1/4]  bench  CompactDeltas/account-deltas          2,264,313 ns/op   4,096,358 B/op   0.000 allocs/op
  [2/4]  bench  CompactDeltas/account-deltas          2,348,584 ns/op   4,096,358 B/op   0.000 allocs/op
  [3/4]  bench  CompactDeltas/account-deltas          2,381,528 ns/op   4,096,358 B/op   0.000 allocs/op
  [4/4]  bench  CompactDeltas/account-deltas          2,392,410 ns/op ±4%   4,096,358 B/op   0.000 allocs/op    9.04s
