  [1/4]  bench  AppendMsgBlockHeader                  55.2 ns/op   18.1 MB/s   0.000 B/op   0.000 allocs/op
  [2/4]  bench  AppendMsgBlockHeader                  56.4 ns/op   17.7 MB/s   0.000 B/op   0.000 allocs/op
  [3/4]  bench  AppendMsgBlockHeader                  56.0 ns/op   17.9 MB/s   0.000 B/op   0.000 allocs/op
  [4/4]  bench  AppendMsgBlockHeader                  55.7 ns/op ±2%   17.9 MB/s ±2%   0.000 B/op   0.000 allocs/op    3.76s
  [1/4]  bench  AppendMsgSignedTxn                    152 ns/op   6.56 MB/s   0.000 B/op   0.000 allocs/op
  [2/4]  bench  AppendMsgSignedTxn                    151 ns/op   6.63 MB/s   0.000 B/op   0.000 allocs/op
  [3/4]  bench  AppendMsgSignedTxn                    150 ns/op   6.66 MB/s   0.000 B/op   0.000 allocs/op
  [4/4]  bench  AppendMsgSignedTxn                    150 ns/op ±1%   6.66 MB/s ±1%   0.000 B/op   0.000 allocs/op    4.03s
  [1/4]  bench  PaysetGroups                          28,933 ns/op   32,814 B/op   8.00 allocs/op
  [2/4]  bench  PaysetGroups                          27,464 ns/op   32,811 B/op   8.00 allocs/op
  [3/4]  bench  PaysetGroups                          27,100 ns/op   33,146 B/op   8.00 allocs/op
  [4/4]  bench  PaysetGroups                          26,850 ns/op ±5%   33,239 B/op ±2%   8.00 allocs/op    12.16s
  [1/4]  bench  Txn                                   51,209 ns/op   9,431 B/op   12.0 allocs/op
  [2/4]  bench  Txn                                   50,994 ns/op   9,433 B/op   12.0 allocs/op
  [3/4]  bench  Txn                                   51,171 ns/op   9,434 B/op   12.0 allocs/op
  [4/4]  bench  Txn                                   51,198 ns/op ±1%   9,433 B/op ±0%   12.0 allocs/op    10.11s
  [1/4]  bench  TxHandlerProcessing/processDecoded    15,886 ns/op   3,760 B/op   32.0 allocs/op
  [2/4]  bench  TxHandlerProcessing/processDecoded    15,901 ns/op   3,760 B/op   32.0 allocs/op
  [3/4]  bench  TxHandlerProcessing/processDecoded    15,817 ns/op   3,760 B/op   32.0 allocs/op
  [4/4]  bench  TxHandlerProcessing/processDecoded    15,645 ns/op ±3%   3,760 B/op   32.0 allocs/op    11.42s
  [1/4]  bench  TxHandlerProcessing/verify.TxnGroup   51,079 ns/op   11,328 B/op   16.0 allocs/op
  [2/4]  bench  TxHandlerProcessing/verify.TxnGroup   51,203 ns/op   11,328 B/op   16.0 allocs/op
  [3/4]  bench  TxHandlerProcessing/verify.TxnGroup   51,196 ns/op   11,328 B/op   16.0 allocs/op
  [4/4]  bench  TxHandlerProcessing/verify.TxnGroup   51,428 ns/op ±1%   11,328 B/op   16.0 allocs/op    7.12s
  [1/4]  bench  CompactDeltas/account-deltas          2,262,298 ns/op   4,096,358 B/op   0.000 allocs/op
  [2/4]  bench  CompactDeltas/account-deltas          2,399,844 ns/op   4,096,358 B/op   0.000 allocs/op
  [3/4]  bench  CompactDeltas/account-deltas          2,426,758 ns/op   4,096,358 B/op   0.000 allocs/op
  [4/4]  bench  CompactDeltas/account-deltas          2,442,046 ns/op ±6%   4,096,358 B/op   0.000 allocs/op    9.13s
