  [1/4]  bench  AppendMsgBlockHeader                  55.1 ns/op   18.1 MB/s   0.000 B/op   0.000 allocs/op
  [2/4]  bench  AppendMsgBlockHeader                  54.7 ns/op   18.3 MB/s   0.000 B/op   0.000 allocs/op
  [3/4]  bench  AppendMsgBlockHeader                  54.6 ns/op   18.3 MB/s   0.000 B/op   0.000 allocs/op
  [4/4]  bench  AppendMsgBlockHeader                  54.8 ns/op ±1%   18.3 MB/s ±1%   0.000 B/op   0.000 allocs/op    3.75s
  [1/4]  bench  AppendMsgSignedTxn                    152 ns/op   6.59 MB/s   0.000 B/op   0.000 allocs/op
  [2/4]  bench  AppendMsgSignedTxn                    150 ns/op   6.67 MB/s   0.000 B/op   0.000 allocs/op
  [3/4]  bench  AppendMsgSignedTxn                    151 ns/op   6.62 MB/s   0.000 B/op   0.000 allocs/op
  [4/4]  bench  AppendMsgSignedTxn                    151 ns/op ±2%   6.62 MB/s ±2%   0.000 B/op   0.000 allocs/op    3.95s
  [1/4]  bench  PaysetGroups                          26,375 ns/op   32,802 B/op   8.00 allocs/op
  [2/4]  bench  PaysetGroups                          26,133 ns/op   32,907 B/op   8.00 allocs/op
  [3/4]  bench  PaysetGroups                          26,024 ns/op   32,869 B/op   8.00 allocs/op
  [4/4]  bench  PaysetGroups                          25,990 ns/op ±1%   32,845 B/op ±0%   8.00 allocs/op    11.95s
  [1/4]  bench  Txn                                   51,127 ns/op   9,430 B/op   12.0 allocs/op
  [2/4]  bench  Txn                                   51,277 ns/op   9,431 B/op   12.0 allocs/op
  [3/4]  bench  Txn                                   51,101 ns/op   9,431 B/op   12.0 allocs/op
  [4/4]  bench  Txn                                   51,009 ns/op ±1%   9,432 B/op ±0%   12.0 allocs/op    10.03s
  [1/4]  bench  TxHandlerProcessing/processDecoded    16,202 ns/op   3,760 B/op   32.0 allocs/op
  [2/4]  bench  TxHandlerProcessing/processDecoded    15,417 ns/op   3,760 B/op   32.0 allocs/op
  [3/4]  bench  TxHandlerProcessing/processDecoded    15,199 ns/op   3,760 B/op   32.0 allocs/op
  [4/4]  bench  TxHandlerProcessing/processDecoded    15,384 ns/op ±5%   3,760 B/op   32.0 allocs/op    8.87s
  [1/4]  bench  TxHandlerProcessing/verify.TxnGroup   53,022 ns/op   11,328 B/op   16.0 allocs/op
  [2/4]  bench  TxHandlerProcessing/verify.TxnGroup   51,857 ns/op   11,328 B/op   16.0 allocs/op
  [3/4]  bench  TxHandlerProcessing/verify.TxnGroup   51,848 ns/op   11,328 B/op   16.0 allocs/op
  [4/4]  bench  TxHandlerProcessing/verify.TxnGroup   51,672 ns/op ±2%   11,328 B/op   16.0 allocs/op    7.08s
  [1/4]  bench  CompactDeltas/account-deltas          2,261,968 ns/op   4,096,358 B/op   0.000 allocs/op
  [2/4]  bench  CompactDeltas/account-deltas          2,329,387 ns/op   4,096,358 B/op   0.000 allocs/op
  [3/4]  bench  CompactDeltas/account-deltas          2,358,977 ns/op   4,096,358 B/op   0.000 allocs/op
  [4/4]  bench  CompactDeltas/account-deltas          2,375,966 ns/op ±3%   4,096,358 B/op   0.000 allocs/op    8.99s
