  [1/4]  bench  AppendMsgBlockHeader                  62.9 ns/op   15.9 MB/s   0.000 B/op   0.000 allocs/op
  [2/4]  bench  AppendMsgBlockHeader                  63.2 ns/op   15.8 MB/s   0.000 B/op   0.000 allocs/op
  [3/4]  bench  AppendMsgBlockHeader                  63.1 ns/op   15.8 MB/s   0.000 B/op   0.000 allocs/op
  [4/4]  bench  AppendMsgBlockHeader                  63.0 ns/op ±1%   15.9 MB/s ±1%   0.000 B/op   0.000 allocs/op    3.71s
  [1/4]  bench  AppendMsgSignedTxn                    153 ns/op   6.56 MB/s   0.000 B/op   0.000 allocs/op
  [2/4]  bench  AppendMsgSignedTxn                    152 ns/op   6.60 MB/s   0.000 B/op   0.000 allocs/op
  [3/4]  bench  AppendMsgSignedTxn                    151 ns/op   6.60 MB/s   0.000 B/op   0.000 allocs/op
  [4/4]  bench  AppendMsgSignedTxn                    152 ns/op ±1%   6.59 MB/s ±1%   0.000 B/op   0.000 allocs/op    4.08s
  [1/4]  bench  PaysetGroups                          26,368 ns/op   32,750 B/op   8.00 allocs/op
  [2/4]  bench  PaysetGroups                          26,264 ns/op   32,802 B/op   8.00 allocs/op
  [3/4]  bench  PaysetGroups                          26,293 ns/op   32,855 B/op   8.00 allocs/op
  [4/4]  bench  PaysetGroups                          26,284 ns/op ±0%   32,767 B/op ±1%   8.00 allocs/op    12.05s
  [1/4]  bench  Txn                                   51,257 ns/op   9,431 B/op   12.0 allocs/op
  [2/4]  bench  Txn                                   51,138 ns/op   9,431 B/op   12.0 allocs/op
  [3/4]  bench  Txn                                   51,281 ns/op   9,433 B/op   12.0 allocs/op
  [4/4]  bench  Txn                                   51,164 ns/op ±1%   9,433 B/op ±0%   12.0 allocs/op    10.07s
  [1/4]  bench  TxHandlerProcessing/processDecoded    14,920 ns/op   3,760 B/op   32.0 allocs/op
  [2/4]  bench  TxHandlerProcessing/processDecoded    14,823 ns/op   3,760 B/op   32.0 allocs/op
  [3/4]  bench  TxHandlerProcessing/processDecoded    15,185 ns/op   3,760 B/op   32.0 allocs/op
  [4/4]  bench  TxHandlerProcessing/processDecoded    15,410 ns/op ±4%   3,760 B/op   32.0 allocs/op    8.75s
  [1/4]  bench  TxHandlerProcessing/verify.TxnGroup   51,908 ns/op   11,328 B/op   16.0 allocs/op
  [2/4]  bench  TxHandlerProcessing/verify.TxnGroup   51,534 ns/op   11,328 B/op   16.0 allocs/op
  [3/4]  bench  TxHandlerProcessing/verify.TxnGroup   51,406 ns/op   11,328 B/op   16.0 allocs/op
  [4/4]  bench  TxHandlerProcessing/verify.TxnGroup   51,657 ns/op ±1%   11,328 B/op   16.0 allocs/op    7.07s
  [1/4]  bench  CompactDeltas/account-deltas          2,304,475 ns/op   4,096,358 B/op   0.000 allocs/op
  [2/4]  bench  CompactDeltas/account-deltas          2,389,608 ns/op   4,096,359 B/op   0.000 allocs/op
  [3/4]  bench  CompactDeltas/account-deltas          2,436,221 ns/op   4,096,358 B/op   0.000 allocs/op
  [4/4]  bench  CompactDeltas/account-deltas          2,447,799 ns/op ±5%   4,096,358 B/op ±0%   0.000 allocs/op    9.12s
