  [1/4]  bench  AppendMsgBlockHeader                  63.2 ns/op   15.8 MB/s   0.000 B/op   0.000 allocs/op
  [2/4]  bench  AppendMsgBlockHeader                  63.7 ns/op   15.7 MB/s   0.000 B/op   0.000 allocs/op
  [3/4]  bench  AppendMsgBlockHeader                  63.3 ns/op   15.8 MB/s   0.000 B/op   0.000 allocs/op
  [4/4]  bench  AppendMsgBlockHeader                  63.4 ns/op ±1%   15.8 MB/s ±1%   0.000 B/op   0.000 allocs/op    3.81s
  [1/4]  bench  AppendMsgSignedTxn                    154 ns/op   6.48 MB/s   0.000 B/op   0.000 allocs/op
  [2/4]  bench  AppendMsgSignedTxn                    155 ns/op   6.46 MB/s   0.000 B/op   0.000 allocs/op
  [3/4]  bench  AppendMsgSignedTxn                    154 ns/op   6.48 MB/s   0.000 B/op   0.000 allocs/op
  [4/4]  bench  AppendMsgSignedTxn                    154 ns/op ±1%   6.50 MB/s ±1%   0.000 B/op   0.000 allocs/op    4.04s
  [1/4]  bench  PaysetGroups                          26,453 ns/op   32,817 B/op   8.00 allocs/op
  [2/4]  bench  PaysetGroups                          26,388 ns/op   32,870 B/op   8.00 allocs/op
  [3/4]  bench  PaysetGroups                          26,391 ns/op   32,819 B/op   8.00 allocs/op
  [4/4]  bench  PaysetGroups                          26,366 ns/op ±0%   32,841 B/op ±0%   8.00 allocs/op    12.07s
  [1/4]  bench  Txn                                   51,034 ns/op   9,439 B/op   12.0 allocs/op
  [2/4]  bench  Txn                                   51,088 ns/op   9,434 B/op   12.0 allocs/op
  [3/4]  bench  Txn                                   51,247 ns/op   9,435 B/op   12.0 allocs/op
  [4/4]  bench  Txn                                   51,142 ns/op ±1%   9,433 B/op ±0%   12.0 allocs/op    10.1s
  [1/4]  bench  TxHandlerProcessing/processDecoded    14,827 ns/op   3,760 B/op   32.0 allocs/op
  [2/4]  bench  TxHandlerProcessing/processDecoded    14,640 ns/op   3,760 B/op   32.0 allocs/op
  [3/4]  bench  TxHandlerProcessing/processDecoded    14,711 ns/op   3,760 B/op   32.0 allocs/op
  [4/4]  bench  TxHandlerProcessing/processDecoded    14,944 ns/op ±4%   3,760 B/op   32.0 allocs/op    8.98s
  [1/4]  bench  TxHandlerProcessing/verify.TxnGroup   52,046 ns/op   11,328 B/op   16.0 allocs/op
  [2/4]  bench  TxHandlerProcessing/verify.TxnGroup   52,173 ns/op   11,328 B/op   16.0 allocs/op
  [3/4]  bench  TxHandlerProcessing/verify.TxnGroup   51,781 ns/op   11,328 B/op   16.0 allocs/op
  [4/4]  bench  TxHandlerProcessing/verify.TxnGroup   51,805 ns/op ±1%   11,328 B/op   16.0 allocs/op    7.14s
  [1/4]  bench  CompactDeltas/account-deltas          2,283,683 ns/op   4,096,358 B/op   0.000 allocs/op
  [2/4]  bench  CompactDeltas/account-deltas          2,381,868 ns/op   4,096,358 B/op   0.000 allocs/op
  [3/4]  bench  CompactDeltas/account-deltas          2,408,992 ns/op   4,096,358 B/op   0.000 allocs/op
  [4/4]  bench  CompactDeltas/account-deltas          2,429,616 ns/op ±4%   4,096,358 B/op   0.000 allocs/op    9.13s
