  [1/4]  bench  AppendMsgBlockHeader                  65.1 ns/op   15.4 MB/s   0.000 B/op   0.000 allocs/op
  [2/4]  bench  AppendMsgBlockHeader                  65.2 ns/op   15.3 MB/s   0.000 B/op   0.000 allocs/op
  [3/4]  bench  AppendMsgBlockHeader                  65.2 ns/op   15.3 MB/s   0.000 B/op   0.000 allocs/op
  [4/4]  bench  AppendMsgBlockHeader                  65.1 ns/op ±0%   15.4 MB/s ±0%   0.000 B/op   0.000 allocs/op    3.79s
  [1/4]  bench  AppendMsgSignedTxn                    154 ns/op   6.49 MB/s   0.000 B/op   0.000 allocs/op
  [2/4]  bench  AppendMsgSignedTxn                    154 ns/op   6.49 MB/s   0.000 B/op   0.000 allocs/op
  [3/4]  bench  AppendMsgSignedTxn                    155 ns/op   6.44 MB/s   0.000 B/op   0.000 allocs/op
  [4/4]  bench  AppendMsgSignedTxn                    156 ns/op ±1%   6.42 MB/s ±1%   0.000 B/op   0.000 allocs/op    4.11s
  [1/4]  bench  PaysetGroups                          25,963 ns/op   32,707 B/op   8.00 allocs/op
  [2/4]  bench  PaysetGroups                          25,932 ns/op   32,753 B/op   8.00 allocs/op
  [3/4]  bench  PaysetGroups                          26,049 ns/op   32,846 B/op   8.00 allocs/op
  [4/4]  bench  PaysetGroups                          26,074 ns/op ±1%   32,850 B/op ±0%   8.00 allocs/op    12.08s
  [1/4]  bench  Txn                                   52,332 ns/op   9,508 B/op   12.0 allocs/op
  [2/4]  bench  Txn                                   51,693 ns/op   9,506 B/op   12.0 allocs/op
  [3/4]  bench  Txn                                   51,500 ns/op   9,506 B/op   12.0 allocs/op
  [4/4]  bench  Txn                                   51,905 ns/op ±2%   9,504 B/op ±0%   12.0 allocs/op    10.15s
  [1/4]  bench  TxHandlerProcessing/processDecoded    16,069 ns/op   3,760 B/op   32.0 allocs/op
  [2/4]  bench  TxHandlerProcessing/processDecoded    15,326 ns/op   3,760 B/op   32.0 allocs/op
  [3/4]  bench  TxHandlerProcessing/processDecoded    16,054 ns/op   3,760 B/op   32.0 allocs/op
  [4/4]  bench  TxHandlerProcessing/processDecoded    15,950 ns/op ±9%   3,760 B/op   32.0 allocs/op    9.07s
  [1/4]  bench  TxHandlerProcessing/verify.TxnGroup   51,100 ns/op   11,712 B/op   16.0 allocs/op
  [2/4]  bench  TxHandlerProcessing/verify.TxnGroup   51,343 ns/op   11,712 B/op   16.0 allocs/op
  [3/4]  bench  TxHandlerProcessing/verify.TxnGroup   51,700 ns/op   11,712 B/op   16.0 allocs/op
  [4/4]  bench  TxHandlerProcessing/verify.TxnGroup   51,746 ns/op ±1%   11,712 B/op   16.0 allocs/op    7.13s
  [1/4]  bench  CompactDeltas/account-deltas          2,337,228 ns/op   4,096,358 B/op   0.000 allocs/op
  [2/4]  bench  CompactDeltas/account-deltas          2,417,359 ns/op   4,096,359 B/op   0.000 allocs/op
  [3/4]  bench  CompactDeltas/account-deltas          2,432,100 ns/op   4,096,358 B/op   0.000 allocs/op
  [4/4]  bench  CompactDeltas/account-deltas          2,444,633 ns/op ±3%   4,096,358 B/op ±0%   0.000 allocs/op    9.11s
