  [1/4]  bench  AppendMsgBlockHeader                  57.3 ns/op   17.5 MB/s   0.000 B/op   0.000 allocs/op
  [2/4]  bench  AppendMsgBlockHeader                  57.6 ns/op   17.4 MB/s   0.000 B/op   0.000 allocs/op
  [3/4]  bench  AppendMsgBlockHeader                  57.8 ns/op   17.3 MB/s   0.000 B/op   0.000 allocs/op
  [4/4]  bench  AppendMsgBlockHeader                  57.8 ns/op ±1%   17.3 MB/s ±1%   0.000 B/op   0.000 allocs/op    3.69s
  [1/4]  bench  AppendMsgSignedTxn                    140 ns/op   7.16 MB/s   0.000 B/op   0.000 allocs/op
  [2/4]  bench  AppendMsgSignedTxn                    140 ns/op   7.13 MB/s   0.000 B/op   0.000 allocs/op
  [3/4]  bench  AppendMsgSignedTxn                    141 ns/op   7.12 MB/s   0.000 B/op   0.000 allocs/op
  [4/4]  bench  AppendMsgSignedTxn                    141 ns/op ±0%   7.12 MB/s ±0%   0.000 B/op   0.000 allocs/op    3.94s
  [1/4]  bench  PaysetGroups                          28,930 ns/op   32,636 B/op   8.00 allocs/op
  [2/4]  bench  PaysetGroups                          27,794 ns/op   33,281 B/op   8.00 allocs/op
  [3/4]  bench  PaysetGroups                          27,352 ns/op   33,147 B/op   8.00 allocs/op
  [4/4]  bench  PaysetGroups                          27,059 ns/op ±5%   33,025 B/op ±2%   8.00 allocs/op    11.97s
  [1/4]  bench  Txn                                   51,141 ns/op   9,517 B/op   12.0 allocs/op
  [2/4]  bench  Txn                                   51,198 ns/op   9,512 B/op   12.0 allocs/op
  [3/4]  bench  Txn                                   51,276 ns/op   9,509 B/op   12.0 allocs/op
  [4/4]  bench  Txn                                   51,282 ns/op ±0%   9,508 B/op ±0%   12.0 allocs/op    10.01s
  [1/4]  bench  TxHandlerProcessing/processDecoded    16,671 ns/op   3,760 B/op   32.0 allocs/op
  [2/4]  bench  TxHandlerProcessing/processDecoded    16,022 ns/op   3,760 B/op   32.0 allocs/op
  [3/4]  bench  TxHandlerProcessing/processDecoded    16,246 ns/op   3,760 B/op   32.0 allocs/op
  [4/4]  bench  TxHandlerProcessing/processDecoded    16,135 ns/op ±4%   3,760 B/op   32.0 allocs/op    10.68s
  [1/4]  bench  TxHandlerProcessing/verify.TxnGroup   51,059 ns/op   11,712 B/op   16.0 allocs/op
  [2/4]  bench  TxHandlerProcessing/verify.TxnGroup   51,044 ns/op   11,712 B/op   16.0 allocs/op
  [3/4]  bench  TxHandlerProcessing/verify.TxnGroup   51,279 ns/op   11,712 B/op   16.0 allocs/op
  [4/4]  bench  TxHandlerProcessing/verify.TxnGroup   51,704 ns/op ±2%   11,712 B/op   16.0 allocs/op    7.15s
  [1/4]  bench  CompactDeltas/account-deltas          2,391,534 ns/op   4,123,000 B/op   16.0 allocs/op
  [2/4]  bench  CompactDeltas/account-deltas          2,431,458 ns/op   4,123,000 B/op   16.0 allocs/op
  [3/4]  bench  CompactDeltas/account-deltas          2,450,193 ns/op   4,123,000 B/op   16.0 allocs/op
  [4/4]  bench  CompactDeltas/account-deltas          2,464,316 ns/op ±2%   4,123,000 B/op   16.0 allocs/op    8.95s
