  [1/4]  bench  AppendMsgBlockHeader                  57.7 ns/op   17.3 MB/s   0.000 B/op   0.000 allocs/op
  [2/4]  bench  AppendMsgBlockHeader                  57.6 ns/op   17.4 MB/s   0.000 B/op   0.000 allocs/op
  [3/4]  bench  AppendMsgBlockHeader                  57.7 ns/op   17.3 MB/s   0.000 B/op   0.000 allocs/op
  [4/4]  bench  AppendMsgBlockHeader                  57.9 ns/op ±1%   17.3 MB/s ±1%   0.000 B/op   0.000 allocs/op    3.78s
  [1/4]  bench  AppendMsgSignedTxn                    141 ns/op   7.10 MB/s   0.000 B/op   0.000 allocs/op
  [2/4]  bench  AppendMsgSignedTxn                    141 ns/op   7.12 MB/s   0.000 B/op   0.000 allocs/op
  [3/4]  bench  AppendMsgSignedTxn                    142 ns/op   7.07 MB/s   0.000 B/op   0.000 allocs/op
  [4/4]  bench  AppendMsgSignedTxn                    142 ns/op ±1%   7.07 MB/s ±1%   0.000 B/op   0.000 allocs/op    4.01s
  [1/4]  bench  PaysetGroups                          26,106 ns/op   32,912 B/op   8.00 allocs/op
  [2/4]  bench  PaysetGroups                          26,048 ns/op   33,357 B/op   8.00 allocs/op
  [3/4]  bench  PaysetGroups                          25,964 ns/op   33,213 B/op   8.00 allocs/op
  [4/4]  bench  PaysetGroups                          25,942 ns/op ±1%   33,357 B/op ±1%   8.00 allocs/op    12.12s
  [1/4]  bench  Txn                                   51,187 ns/op   9,505 B/op   12.0 allocs/op
  [2/4]  bench  Txn                                   51,222 ns/op   9,504 B/op   12.0 allocs/op
  [3/4]  bench  Txn                                   51,138 ns/op   9,504 B/op   12.0 allocs/op
  [4/4]  bench  Txn                                   51,020 ns/op ±1%   9,506 B/op ±0%   12.0 allocs/op    10.12s
  [1/4]  bench  TxHandlerProcessing/processDecoded    15,631 ns/op   3,760 B/op   32.0 allocs/op
  [2/4]  bench  TxHandlerProcessing/processDecoded    15,648 ns/op   3,760 B/op   32.0 allocs/op
  [3/4]  bench  TxHandlerProcessing/processDecoded    15,743 ns/op   3,760 B/op   32.0 allocs/op
  [4/4]  bench  TxHandlerProcessing/processDecoded    15,791 ns/op ±1%   3,760 B/op   32.0 allocs/op    8.84s
  [1/4]  bench  TxHandlerProcessing/verify.TxnGroup   51,072 ns/op   11,712 B/op   16.0 allocs/op
  [2/4]  bench  TxHandlerProcessing/verify.TxnGroup   51,000 ns/op   11,712 B/op   16.0 allocs/op
  [3/4]  bench  TxHandlerProcessing/verify.TxnGroup   51,341 ns/op   11,712 B/op   16.0 allocs/op
  [4/4]  bench  TxHandlerProcessing/verify.TxnGroup   51,180 ns/op ±1%   11,712 B/op   16.0 allocs/op    7.1s
  [1/4]  bench  CompactDeltas/account-deltas          2,388,136 ns/op   4,123,000 B/op   16.0 allocs/op
  [2/4]  bench  CompactDeltas/account-deltas          2,447,281 ns/op   4,123,000 B/op   16.0 allocs/op
  [3/4]  bench  CompactDeltas/account-deltas          2,453,231 ns/op   4,123,000 B/op   16.0 allocs/op
  [4/4]  bench  CompactDeltas/account-deltas          2,445,034 ns/op ±2%   4,123,000 B/op   16.0 allocs/op    8.89s
