  [1/4]  bench  AppendMsgBlockHeader                  57.3 ns/op   17.5 MB/s   0.000 B/op   0.000 allocs/op
  [2/4]  bench  AppendMsgBlockHeader                  57.1 ns/op   17.5 MB/s   0.000 B/op   0.000 allocs/op
  [3/4]  bench  AppendMsgBlockHeader                  57.3 ns/op   17.4 MB/s   0.000 B/op   0.000 allocs/op
  [4/4]  bench  AppendMsgBlockHeader                  57.4 ns/op ±1%   17.4 MB/s ±1%   0.000 B/op   0.000 allocs/op    3.77s
  [1/4]  bench  AppendMsgSignedTxn                    144 ns/op   6.96 MB/s   0.000 B/op   0.000 allocs/op
  [2/4]  bench  AppendMsgSignedTxn                    142 ns/op   7.02 MB/s   0.000 B/op   0.000 allocs/op
  [3/4]  bench  AppendMsgSignedTxn                    143 ns/op   7.02 MB/s   0.000 B/op   0.000 allocs/op
  [4/4]  bench  AppendMsgSignedTxn                    142 ns/op ±1%   7.02 MB/s ±1%   0.000 B/op   0.000 allocs/op    4.06s
  [1/4]  bench  PaysetGroups                          26,778 ns/op   32,881 B/op   8.00 allocs/op
  [2/4]  bench  PaysetGroups                          26,730 ns/op   32,466 B/op   8.00 allocs/op
  [3/4]  bench  PaysetGroups                          26,579 ns/op   32,892 B/op   8.00 allocs/op
  [4/4]  bench  PaysetGroups                          26,475 ns/op ±1%   32,834 B/op ±3%   8.00 allocs/op    12.01s
  [1/4]  bench  Txn                                   51,411 ns/op   9,508 B/op   12.0 allocs/op
  [2/4]  bench  Txn                                   51,301 ns/op   9,507 B/op   12.0 allocs/op
  [3/4]  bench  Txn                                   51,613 ns/op   9,507 B/op   12.0 allocs/op
  [4/4]  bench  Txn                                   51,629 ns/op ±1%   9,508 B/op ±0%   12.0 allocs/op    10.12s
  [1/4]  bench  TxHandlerProcessing/processDecoded    16,105 ns/op   3,760 B/op   32.0 allocs/op
  [2/4]  bench  TxHandlerProcessing/processDecoded    15,975 ns/op   3,760 B/op   32.0 allocs/op
  [3/4]  bench  TxHandlerProcessing/processDecoded    16,467 ns/op   3,760 B/op   32.0 allocs/op
  [4/4]  bench  TxHandlerProcessing/processDecoded    16,309 ns/op ±5%   3,760 B/op   32.0 allocs/op    9.37s
  [1/4]  bench  TxHandlerProcessing/verify.TxnGroup   51,563 ns/op   11,712 B/op   16.0 allocs/op
  [2/4]  bench  TxHandlerProcessing/verify.TxnGroup   51,485 ns/op   11,712 B/op   16.0 allocs/op
  [3/4]  bench  TxHandlerProcessing/verify.TxnGroup   51,402 ns/op   11,712 B/op   16.0 allocs/op
  [4/4]  bench  TxHandlerProcessing/verify.TxnGroup   51,331 ns/op ±0%   11,712 B/op   16.0 allocs/op    7.04s
  [1/4]  bench  CompactDeltas/account-deltas          2,373,004 ns/op   4,123,000 B/op   16.0 allocs/op
  [2/4]  bench  CompactDeltas/account-deltas          2,393,189 ns/op   4,123,000 B/op   16.0 allocs/op
  [3/4]  bench  CompactDeltas/account-deltas          2,430,229 ns/op   4,123,000 B/op   16.0 allocs/op
  [4/4]  bench  CompactDeltas/account-deltas          2,421,497 ns/op ±3%   4,123,000 B/op   16.0 allocs/op    8.83s
