  [1/4]  bench  AppendMsgBlockHeader                  56.3 ns/op   17.8 MB/s   0.000 B/op   0.000 allocs/op
  [2/4]  bench  AppendMsgBlockHeader                  56.5 ns/op   17.7 MB/s   0.000 B/op   0.000 allocs/op
  [3/4]  bench  AppendMsgBlockHeader                  56.6 ns/op   17.7 MB/s   0.000 B/op   0.000 allocs/op
  [4/4]  bench  AppendMsgBlockHeader                  56.4 ns/op ±1%   17.7 MB/s ±1%   0.000 B/op   0.000 allocs/op    3.73s
  [1/4]  bench  AppendMsgSignedTxn                    140 ns/op   7.13 MB/s   0.000 B/op   0.000 allocs/op
  [2/4]  bench  AppendMsgSignedTxn                    140 ns/op   7.17 MB/s   0.000 B/op   0.000 allocs/op
  [3/4]  bench  AppendMsgSignedTxn                    140 ns/op   7.13 MB/s   0.000 B/op   0.000 allocs/op
  [4/4]  bench  AppendMsgSignedTxn                    140 ns/op ±1%   7.15 MB/s ±1%   0.000 B/op   0.000 allocs/op    3.99s
  [1/4]  bench  PaysetGroups                          26,348 ns/op   32,944 B/op   8.00 allocs/op
  [2/4]  bench  PaysetGroups                          27,120 ns/op   31,895 B/op   8.00 allocs/op
  [3/4]  bench  PaysetGroups                          26,802 ns/op   32,183 B/op   8.00 allocs/op
  [4/4]  bench  PaysetGroups                          26,649 ns/op ±3%   32,356 B/op ±3%   8.00 allocs/op    11.96s
  [1/4]  bench  Txn                                   51,271 ns/op   9,507 B/op   12.0 allocs/op
  [2/4]  bench  Txn                                   51,543 ns/op   9,507 B/op   12.0 allocs/op
  [3/4]  bench  Txn                                   51,483 ns/op   9,507 B/op   12.0 allocs/op
  [4/4]  bench  Txn                                   51,509 ns/op ±1%   9,506 B/op ±0%   12.0 allocs/op    10.24s
  [1/4]  bench  TxHandlerProcessing/processDecoded    16,140 ns/op   3,896 B/op   44.0 allocs/op
  [2/4]  bench  TxHandlerProcessing/processDecoded    16,577 ns/op   3,896 B/op   44.0 allocs/op
  [3/4]  bench  TxHandlerProcessing/processDecoded    17,026 ns/op   3,896 B/op   44.0 allocs/op
  [4/4]  bench  TxHandlerProcessing/processDecoded    16,980 ns/op ±5%   3,896 B/op   44.0 allocs/op    8.21s
  [1/4]  bench  TxHandlerProcessing/verify.TxnGroup   51,047 ns/op   11,712 B/op   16.0 allocs/op
  [2/4]  bench  TxHandlerProcessing/verify.TxnGroup   51,987 ns/op   11,712 B/op   16.0 allocs/op
  [3/4]  bench  TxHandlerProcessing/verify.TxnGroup   51,858 ns/op   11,712 B/op   16.0 allocs/op
  [4/4]  bench  TxHandlerProcessing/verify.TxnGroup   51,635 ns/op ±2%   11,712 B/op   16.0 allocs/op    7.13s
  [1/4]  bench  CompactDeltas/account-deltas          2,413,721 ns/op   4,123,000 B/op   16.0 allocs/op
  [2/4]  bench  CompactDeltas/account-deltas          2,461,586 ns/op   4,123,000 B/op   16.0 allocs/op
  [3/4]  bench  CompactDeltas/account-deltas          2,477,279 ns/op   4,123,000 B/op   16.0 allocs/op
  [4/4]  bench  CompactDeltas/account-deltas          2,487,497 ns/op ±2%   4,123,000 B/op   16.0 allocs/op    9.03s
