  [1/4]  bench  AppendMsgBlockHeader                  56.7 ns/op   17.6 MB/s   0.000 B/op   0.000 allocs/op
  [2/4]  bench  AppendMsgBlockHeader                  56.9 ns/op   17.6 MB/s   0.000 B/op   0.000 allocs/op
  [3/4]  bench  AppendMsgBlockHeader                  57.6 ns/op   17.3 MB/s   0.000 B/op   0.000 allocs/op
  [4/4]  bench  AppendMsgBlockHeader                  57.7 ns/op ±2%   17.3 MB/s ±2%   0.000 B/op   0.000 allocs/op    3.79s
  [1/4]  bench  AppendMsgSignedTxn                    140 ns/op   7.15 MB/s   0.000 B/op   0.000 allocs/op
  [2/4]  bench  AppendMsgSignedTxn                    140 ns/op   7.16 MB/s   0.000 B/op   0.000 allocs/op
  [3/4]  bench  AppendMsgSignedTxn                    140 ns/op   7.13 MB/s   0.000 B/op   0.000 allocs/op
  [4/4]  bench  AppendMsgSignedTxn                    141 ns/op ±2%   7.08 MB/s ±2%   0.000 B/op   0.000 allocs/op    4.02s
  [1/4]  bench  PaysetGroups                          26,168 ns/op   32,868 B/op   8.00 allocs/op
  [2/4]  bench  PaysetGroups                          26,032 ns/op   32,977 B/op   8.00 allocs/op
  [3/4]  bench  PaysetGroups                          26,042 ns/op   32,963 B/op   8.00 allocs/op
  [4/4]  bench  PaysetGroups                          26,027 ns/op ±1%   32,969 B/op ±0%   8.00 allocs/op    12.09s
  [1/4]  bench  Txn                                   50,780 ns/op   9,505 B/op   12.0 allocs/op
  [2/4]  bench  Txn                                   51,682 ns/op   9,507 B/op   12.0 allocs/op
  [3/4]  bench  Txn                                   51,945 ns/op   9,508 B/op   12.0 allocs/op
  [4/4]  bench  Txn                                   51,776 ns/op ±2%   9,506 B/op ±0%   12.0 allocs/op    10.19s
  [1/4]  bench  TxHandlerProcessing/processDecoded    17,957 ns/op   3,896 B/op   44.0 allocs/op
  [2/4]  bench  TxHandlerProcessing/processDecoded    17,584 ns/op   3,896 B/op   44.0 allocs/op
  [3/4]  bench  TxHandlerProcessing/processDecoded    17,166 ns/op   3,896 B/op   44.0 allocs/op
  [4/4]  bench  TxHandlerProcessing/processDecoded    16,830 ns/op ±6%   3,896 B/op   44.0 allocs/op    8.83s
  [1/4]  bench  TxHandlerProcessing/verify.TxnGroup   51,333 ns/op   11,712 B/op   16.0 allocs/op
  [2/4]  bench  TxHandlerProcessing/verify.TxnGroup   51,434 ns/op   11,712 B/op   16.0 allocs/op
  [3/4]  bench  TxHandlerProcessing/verify.TxnGroup   51,182 ns/op   11,712 B/op   16.0 allocs/op
  [4/4]  bench  TxHandlerProcessing/verify.TxnGroup   51,352 ns/op ±1%   11,712 B/op   16.0 allocs/op    7.12s
  [1/4]  bench  CompactDeltas/account-deltas          2,388,424 ns/op   4,123,000 B/op   16.0 allocs/op
  [2/4]  bench  CompactDeltas/account-deltas          2,442,358 ns/op   4,123,000 B/op   16.0 allocs/op
  [3/4]  bench  CompactDeltas/account-deltas          2,464,899 ns/op   4,123,000 B/op   16.0 allocs/op
  [4/4]  bench  CompactDeltas/account-deltas          2,477,745 ns/op ±3%   4,123,000 B/op   16.0 allocs/op    9.03s
