  [1/4]  bench  AppendMsgBlockHeader                  57.3 ns/op   17.4 MB/s   0.000 B/op   0.000 allocs/op
  [2/4]  bench  AppendMsgBlockHeader                  57.2 ns/op   17.5 MB/s   0.000 B/op   0.000 allocs/op
  [3/4]  bench  AppendMsgBlockHeader                  57.2 ns/op   17.5 MB/s   0.000 B/op   0.000 allocs/op
  [4/4]  bench  AppendMsgBlockHeader                  57.2 ns/op ±0%   17.5 MB/s ±0%   0.000 B/op   0.000 allocs/op    3.74s
  [1/4]  bench  AppendMsgSignedTxn                    141 ns/op   7.11 MB/s   0.000 B/op   0.000 allocs/op
  [2/4]  bench  AppendMsgSignedTxn                    140 ns/op   7.12 MB/s   0.000 B/op   0.000 allocs/op
  [3/4]  bench  AppendMsgSignedTxn                    141 ns/op   7.11 MB/s   0.000 B/op   0.000 allocs/op
  [4/4]  bench  AppendMsgSignedTxn                    141 ns/op ±1%   7.10 MB/s ±1%   0.000 B/op   0.000 allocs/op    4.01s
  [1/4]  bench  PaysetGroups                          29,131 ns/op   32,956 B/op   8.00 allocs/op
  [2/4]  bench  PaysetGroups                          27,585 ns/op   32,923 B/op   8.00 allocs/op
  [3/4]  bench  PaysetGroups                          27,040 ns/op   32,940 B/op   8.00 allocs/op
  [4/4]  bench  PaysetGroups                          26,823 ns/op ±6%   32,929 B/op ±0%   8.00 allocs/op    12.12s
  [1/4]  bench  Txn                                   51,158 ns/op   9,504 B/op   12.0 allocs/op
  [2/4]  bench  Txn                                   51,323 ns/op   9,505 B/op   12.0 allocs/op
  [3/4]  bench  Txn                                   51,300 ns/op   9,508 B/op   12.0 allocs/op
  [4/4]  bench  Txn                                   51,256 ns/op ±0%   9,507 B/op ±0%   12.0 allocs/op    10.14s
  [1/4]  bench  TxHandlerProcessing/processDecoded    15,924 ns/op   3,896 B/op   44.0 allocs/op
  [2/4]  bench  TxHandlerProcessing/processDecoded    16,302 ns/op   3,896 B/op   44.0 allocs/op
  [3/4]  bench  TxHandlerProcessing/processDecoded    16,852 ns/op   3,896 B/op   44.0 allocs/op
  [4/4]  bench  TxHandlerProcessing/processDecoded    16,606 ns/op ±6%   3,896 B/op   44.0 allocs/op    9.25s
  [1/4]  bench  TxHandlerProcessing/verify.TxnGroup   51,554 ns/op   11,712 B/op   16.0 allocs/op
  [2/4]  bench  TxHandlerProcessing/verify.TxnGroup   51,166 ns/op   11,712 B/op   16.0 allocs/op
  [3/4]  bench  TxHandlerProcessing/verify.TxnGroup   51,279 ns/op   11,712 B/op   16.0 allocs/op
  [4/4]  bench  TxHandlerProcessing/verify.TxnGroup   51,129 ns/op ±1%   11,712 B/op   16.0 allocs/op    7.09s
  [1/4]  bench  CompactDeltas/account-deltas          2,431,074 ns/op   4,123,000 B/op   16.0 allocs/op
  [2/4]  bench  CompactDeltas/account-deltas          2,503,980 ns/op   4,123,000 B/op   16.0 allocs/op
  [3/4]  bench  CompactDeltas/account-deltas          2,501,229 ns/op   4,123,000 B/op   16.0 allocs/op
  [4/4]  bench  CompactDeltas/account-deltas          2,500,837 ns/op ±3%   4,123,000 B/op   16.0 allocs/op    9.11s
