  [1/4]  bench  AppendMsgBlockHeader                  56.6 ns/op   17.7 MB/s   0.000 B/op   0.000 allocs/op
  [2/4]  bench  AppendMsgBlockHeader                  57.0 ns/op   17.6 MB/s   0.000 B/op   0.000 allocs/op
  [3/4]  bench  AppendMsgBlockHeader                  56.9 ns/op   17.6 MB/s   0.000 B/op   0.000 allocs/op
  [4/4]  bench  AppendMsgBlockHeader                  57.0 ns/op ±1%   17.6 MB/s ±1%   0.000 B/op   0.000 allocs/op    3.82s
  [1/4]  bench  AppendMsgSignedTxn                    140 ns/op   7.13 MB/s   0.000 B/op   0.000 allocs/op
  [2/4]  bench  AppendMsgSignedTxn                    142 ns/op   7.05 MB/s   0.000 B/op   0.000 allocs/op
  [3/4]  bench  AppendMsgSignedTxn                    142 ns/op   7.06 MB/s   0.000 B/op   0.000 allocs/op
  [4/4]  bench  AppendMsgSignedTxn                    142 ns/op ±1%   7.03 MB/s ±1%   0.000 B/op   0.000 allocs/op    4.05s
  [1/4]  bench  PaysetGroups                          28,918 ns/op   32,766 B/op   8.00 allocs/op
  [2/4]  bench  PaysetGroups                          27,410 ns/op   32,832 B/op   8.00 allocs/op
  [3/4]  bench  PaysetGroups                          27,032 ns/op   33,191 B/op   8.00 allocs/op
  [4/4]  bench  PaysetGroups                          26,801 ns/op ±6%   33,141 B/op ±2%   8.00 allocs/op    12.17s
  [1/4]  bench  Txn                                   51,133 ns/op   9,522 B/op   12.0 allocs/op
  [2/4]  bench  Txn                                   51,436 ns/op   9,512 B/op   12.0 allocs/op
  [3/4]  bench  Txn                                   51,381 ns/op   9,509 B/op   12.0 allocs/op
  [4/4]  bench  Txn                                   51,643 ns/op ±1%   9,509 B/op ±0%   12.0 allocs/op    10.15s
  [1/4]  bench  TxHandlerProcessing/processDecoded    18,136 ns/op   3,896 B/op   44.0 allocs/op
  [2/4]  bench  TxHandlerProcessing/processDecoded    16,895 ns/op   3,896 B/op   44.0 allocs/op
  [3/4]  bench  TxHandlerProcessing/processDecoded    16,597 ns/op   3,896 B/op   44.0 allocs/op
  [4/4]  bench  TxHandlerProcessing/processDecoded    16,570 ns/op ±7%   3,896 B/op   44.0 allocs/op    8.45s
  [1/4]  bench  TxHandlerProcessing/verify.TxnGroup   52,493 ns/op   11,712 B/op   16.0 allocs/op
  [2/4]  bench  TxHandlerProcessing/verify.TxnGroup   51,895 ns/op   11,712 B/op   16.0 allocs/op
  [3/4]  bench  TxHandlerProcessing/verify.TxnGroup   51,726 ns/op   11,712 B/op   16.0 allocs/op
  [4/4]  bench  TxHandlerProcessing/verify.TxnGroup   51,457 ns/op ±2%   11,712 B/op   16.0 allocs/op    7.08s
  [1/4]  bench  CompactDeltas/account-deltas          2,394,709 ns/op   4,123,000 B/op   16.0 allocs/op
  [2/4]  bench  CompactDeltas/account-deltas          2,445,710 ns/op   4,123,000 B/op   16.0 allocs/op
  [3/4]  bench  CompactDeltas/account-deltas          2,462,441 ns/op   4,123,000 B/op   16.0 allocs/op
  [4/4]  bench  CompactDeltas/account-deltas          2,466,884 ns/op ±2%   4,123,000 B/op   16.0 allocs/op    9.01s
