  [1/4]  bench  AppendMsgBlockHeader                  57.8 ns/op   17.3 MB/s   0.000 B/op   0.000 allocs/op
  [2/4]  bench  AppendMsgBlockHeader                  57.4 ns/op   17.4 MB/s   0.000 B/op   0.000 allocs/op
  [3/4]  bench  AppendMsgBlockHeader                  57.8 ns/op   17.3 MB/s   0.000 B/op   0.000 allocs/op
  [4/4]  bench  AppendMsgBlockHeader                  57.9 ns/op ±1%   17.3 MB/s ±1%   0.000 B/op   0.000 allocs/op    3.73s
  [1/4]  bench  AppendMsgSignedTxn                    143 ns/op   7.01 MB/s   0.000 B/op   0.000 allocs/op
  [2/4]  bench  AppendMsgSignedTxn                    143 ns/op   7.00 MB/s   0.000 B/op   0.000 allocs/op
  [3/4]  bench  AppendMsgSignedTxn                    143 ns/op   7.01 MB/s   0.000 B/op   0.000 allocs/op
  [4/4]  bench  AppendMsgSignedTxn                    143 ns/op ±0%   7.01 MB/s ±0%   0.000 B/op   0.000 allocs/op    4.02s
  [1/4]  bench  PaysetGroups                          26,257 ns/op   33,704 B/op   8.00 allocs/op
  [2/4]  bench  PaysetGroups                          26,126 ns/op   33,381 B/op   8.00 allocs/op
  [3/4]  bench  PaysetGroups                          26,062 ns/op   33,204 B/op   8.00 allocs/op
  [4/4]  bench  PaysetGroups                          26,047 ns/op ±1%   33,184 B/op ±1%   8.00 allocs/op    12.05s
  [1/4]  bench  Txn                                   50,698 ns/op   9,514 B/op   12.0 allocs/op
  [2/4]  bench  Txn                                   50,879 ns/op   9,515 B/op   12.0 allocs/op
  [3/4]  bench  Txn                                   51,138 ns/op   9,513 B/op   12.0 allocs/op
  [4/4]  bench  Txn                                   51,097 ns/op ±1%   9,514 B/op ±0%   12.0 allocs/op    10.07s
  [1/4]  bench  TxHandlerProcessing/processDecoded    17,086 ns/op   3,888 B/op   43.0 allocs/op
  [2/4]  bench  TxHandlerProcessing/processDecoded    16,991 ns/op   3,888 B/op   43.0 allocs/op
  [3/4]  bench  TxHandlerProcessing/processDecoded    17,104 ns/op   3,888 B/op   43.0 allocs/op
  [4/4]  bench  TxHandlerProcessing/processDecoded    16,890 ns/op ±3%   3,888 B/op   43.0 allocs/op    8.6s
  [1/4]  bench  TxHandlerProcessing/verify.TxnGroup   51,450 ns/op   11,744 B/op   16.0 allocs/op
  [2/4]  bench  TxHandlerProcessing/verify.TxnGroup   51,883 ns/op   11,744 B/op   16.0 allocs/op
  [3/4]  bench  TxHandlerProcessing/verify.TxnGroup   51,717 ns/op   11,744 B/op   16.0 allocs/op
  [4/4]  bench  TxHandlerProcessing/verify.TxnGroup   51,701 ns/op ±1%   11,744 B/op   16.0 allocs/op    7.13s
  [1/4]  bench  CompactDeltas/account-deltas          2,356,780 ns/op   4,123,000 B/op   16.0 allocs/op
  [2/4]  bench  CompactDeltas/account-deltas          2,416,712 ns/op   4,123,000 B/op   16.0 allocs/op
  [3/4]  bench  CompactDeltas/account-deltas          2,437,512 ns/op   4,123,000 B/op   16.0 allocs/op
  [4/4]  bench  CompactDeltas/account-deltas          2,453,404 ns/op ±3%   4,123,000 B/op   16.0 allocs/op    8.97s
