  [1/4]  bench  AppendMsgBlockHeader                  58.3 ns/op   17.1 MB/s   0.000 B/op   0.000 allocs/op
  [2/4]  bench  AppendMsgBlockHeader                  58.5 ns/op   17.1 MB/s   0.000 B/op   0.000 allocs/op
  [3/4]  bench  AppendMsgBlockHeader                  58.5 ns/op   17.1 MB/s   0.000 B/op   0.000 allocs/op
  [4/4]  bench  AppendMsgBlockHeader                  58.5 ns/op ±0%   17.1 MB/s ±0%   0.000 B/op   0.000 allocs/op    3.8s
  [1/4]  bench  AppendMsgSignedTxn                    141 ns/op   7.08 MB/s   0.000 B/op   0.000 allocs/op
  [2/4]  bench  AppendMsgSignedTxn                    141 ns/op   7.09 MB/s   0.000 B/op   0.000 allocs/op
  [3/4]  bench  AppendMsgSignedTxn                    142 ns/op   7.06 MB/s   0.000 B/op   0.000 allocs/op
  [4/4]  bench  AppendMsgSignedTxn                    141 ns/op ±1%   7.07 MB/s ±1%   0.000 B/op   0.000 allocs/op    3.98s
  [1/4]  bench  PaysetGroups                          26,405 ns/op   32,803 B/op   8.00 allocs/op
  [2/4]  bench  PaysetGroups                          26,301 ns/op   33,268 B/op   8.00 allocs/op
  [3/4]  bench  PaysetGroups                          26,289 ns/op   33,410 B/op   8.00 allocs/op
  [4/4]  bench  PaysetGroups                          26,349 ns/op ±1%   33,237 B/op ±2%   8.00 allocs/op    12.08s
  [1/4]  bench  Txn                                   51,047 ns/op   9,507 B/op   12.0 allocs/op
  [2/4]  bench  Txn                                   51,187 ns/op   9,507 B/op   12.0 allocs/op
  [3/4]  bench  Txn                                   51,255 ns/op   9,506 B/op   12.0 allocs/op
  [4/4]  bench  Txn                                   51,233 ns/op ±0%   9,508 B/op ±0%   12.0 allocs/op    10.24s
  [1/4]  bench  TxHandlerProcessing/processDecoded    16,646 ns/op   3,888 B/op   43.0 allocs/op
  [2/4]  bench  TxHandlerProcessing/processDecoded    16,542 ns/op   3,888 B/op   43.0 allocs/op
  [3/4]  bench  TxHandlerProcessing/processDecoded    16,446 ns/op   3,888 B/op   43.0 allocs/op
  [4/4]  bench  TxHandlerProcessing/processDecoded    16,314 ns/op ±2%   3,888 B/op   43.0 allocs/op    8.87s
  [1/4]  bench  TxHandlerProcessing/verify.TxnGroup   51,452 ns/op   11,744 B/op   16.0 allocs/op
  [2/4]  bench  TxHandlerProcessing/verify.TxnGroup   51,487 ns/op   11,744 B/op   16.0 allocs/op
  [3/4]  bench  TxHandlerProcessing/verify.TxnGroup   51,267 ns/op   11,744 B/op   16.0 allocs/op
  [4/4]  bench  TxHandlerProcessing/verify.TxnGroup   51,266 ns/op ±1%   11,744 B/op   16.0 allocs/op    7.12s
  [1/4]  bench  CompactDeltas/account-deltas          2,416,287 ns/op   4,123,000 B/op   16.0 allocs/op
  [2/4]  bench  CompactDeltas/account-deltas          2,481,230 ns/op   4,123,000 B/op   16.0 allocs/op
  [3/4]  bench  CompactDeltas/account-deltas          2,491,576 ns/op   4,123,000 B/op   16.0 allocs/op
  [4/4]  bench  CompactDeltas/account-deltas          2,488,718 ns/op ±3%   4,123,000 B/op   16.0 allocs/op    8.96s
