  [1/4]  bench  AppendMsgBlockHeader                  59.0 ns/op   17.0 MB/s   0.000 B/op   0.000 allocs/op
  [2/4]  bench  AppendMsgBlockHeader                  59.0 ns/op   17.0 MB/s   0.000 B/op   0.000 allocs/op
  [3/4]  bench  AppendMsgBlockHeader                  59.0 ns/op   17.0 MB/s   0.000 B/op   0.000 allocs/op
  [4/4]  bench  AppendMsgBlockHeader                  58.7 ns/op ±1%   17.0 MB/s ±1%   0.000 B/op   0.000 allocs/op    3.74s
  [1/4]  bench  AppendMsgSignedTxn                    143 ns/op   6.99 MB/s   0.000 B/op   0.000 allocs/op
  [2/4]  bench  AppendMsgSignedTxn                    143 ns/op   6.97 MB/s   0.000 B/op   0.000 allocs/op
  [3/4]  bench  AppendMsgSignedTxn                    144 ns/op   6.93 MB/s   0.000 B/op   0.000 allocs/op
  [4/4]  bench  AppendMsgSignedTxn                    144 ns/op ±1%   6.93 MB/s ±1%   0.000 B/op   0.000 allocs/op    4.1s
  [1/4]  bench  PaysetGroups                          25,880 ns/op   32,529 B/op   8.00 allocs/op
  [2/4]  bench  PaysetGroups                          25,972 ns/op   33,167 B/op   8.00 allocs/op
  [3/4]  bench  PaysetGroups                          25,983 ns/op   33,343 B/op   8.00 allocs/op
  [4/4]  bench  PaysetGroups                          26,011 ns/op ±0%   33,190 B/op ±2%   8.00 allocs/op    12.01s
  [1/4]  bench  Txn                                   50,884 ns/op   9,515 B/op   12.0 allocs/op
  [2/4]  bench  Txn                                   51,686 ns/op   9,514 B/op   12.0 allocs/op
  [3/4]  bench  Txn                                   51,505 ns/op   9,513 B/op   12.0 allocs/op
  [4/4]  bench  Txn                                   51,302 ns/op ±2%   9,513 B/op ±0%   12.0 allocs/op    10.13s
  [1/4]  bench  TxHandlerProcessing/processDecoded    17,617 ns/op   3,888 B/op   43.0 allocs/op
  [2/4]  bench  TxHandlerProcessing/processDecoded    16,977 ns/op   3,888 B/op   43.0 allocs/op
  [3/4]  bench  TxHandlerProcessing/processDecoded    16,802 ns/op   3,888 B/op   43.0 allocs/op
  [4/4]  bench  TxHandlerProcessing/processDecoded    16,627 ns/op ±5%   3,888 B/op   43.0 allocs/op    8.14s
  [1/4]  bench  TxHandlerProcessing/verify.TxnGroup   51,952 ns/op   11,744 B/op   16.0 allocs/op
  [2/4]  bench  TxHandlerProcessing/verify.TxnGroup   51,591 ns/op   11,744 B/op   16.0 allocs/op
  [3/4]  bench  TxHandlerProcessing/verify.TxnGroup   51,611 ns/op   11,744 B/op   16.0 allocs/op
  [4/4]  bench  TxHandlerProcessing/verify.TxnGroup   51,845 ns/op ±1%   11,744 B/op   16.0 allocs/op    7.08s
  [1/4]  bench  CompactDeltas/account-deltas          2,440,311 ns/op   4,123,000 B/op   16.0 allocs/op
  [2/4]  bench  CompactDeltas/account-deltas          2,469,963 ns/op   4,123,000 B/op   16.0 allocs/op
  [3/4]  bench  CompactDeltas/account-deltas          2,475,901 ns/op   4,123,000 B/op   16.0 allocs/op
  [4/4]  bench  CompactDeltas/account-deltas          2,475,890 ns/op ±1%   4,123,000 B/op   16.0 allocs/op    9.03s
