  [1/2]  bench  VoteVerify                            300,862 ns/op   6,888 B/op   65.0 allocs/op
  [2/2]  bench  VoteVerify                            300,319 ns/op ±0%   6,888 B/op   65.0 allocs/op    480ms
  [1/2]  bench  CryptoVerifierVoteVertification       158,060 ns/op   24,004 B/op   71.0 allocs/op
  [2/2]  bench  CryptoVerifierVoteVertification       145,561 ns/op ±9%   24,004 B/op ±0%   71.0 allocs/op    800ms
  [1/2]  bench  CryptoVerifierProposalVertification   191,755 ns/op   12,473 B/op   54.0 allocs/op
  [2/2]  bench  CryptoVerifierProposalVertification   192,384 ns/op ±0%   12,473 B/op   54.0 allocs/op    490ms
  [1/2]  bench  VoteDecoding                          320 ns/op   1,152 B/op   2.00 allocs/op
  [2/2]  bench  VoteDecoding                          325 ns/op ±1%   1,152 B/op   2.00 allocs/op    710ms
  [1/2]  bench  RouterUpdate/root                     92.6 ns/op   0.000 B/op   0.000 allocs/op
  [2/2]  bench  RouterUpdate/root                     92.5 ns/op ±0%   0.000 B/op   0.000 allocs/op    450ms
  [1/2]  bench  RouterUpdate/round                    54.9 ns/op   0.000 B/op   0.000 allocs/op
  [2/2]  bench  RouterUpdate/round                    54.7 ns/op ±0%   0.000 B/op   0.000 allocs/op    420ms
  [1/2]  bench  NoiseSentinelHash                     33,155 ns/op   1,977 MB/s   0.000 B/op   0.000 allocs/op
  [2/2]  bench  NoiseSentinelHash                     33,142 ns/op ±0%   1,977 MB/s ±0%   0.000 B/op   0.000 allocs/op    330ms
  [1/2]  bench  NoiseSentinelLoop                     6,035 ns/op   0.000 B/op   0.000 allocs/op
  [2/2]  bench  NoiseSentinelLoop                     6,111 ns/op ±1%   0.000 B/op   0.000 allocs/op    430ms
  [1/2]  bench  BatchVerifierImpls/libsodium_single   3,083,845 ns/op   21,264 B/op   261 allocs/op
  [2/2]  bench  BatchVerifierImpls/libsodium_single   3,002,482 ns/op ±3%   21,264 B/op   261 allocs/op    650ms
  [1/2]  bench  BatchVerifierImpls/libsodium_batch    1,388,901 ns/op   26,064 B/op   12.0 allocs/op
  [2/2]  bench  BatchVerifierImpls/libsodium_batch    1,314,133 ns/op ±6%   26,064 B/op   12.0 allocs/op    480ms
  [1/2]  bench  BatchVerifierImpls/ed25519consensus   1,189,859 ns/op   270,016 B/op   137 allocs/op
  [2/2]  bench  BatchVerifierImpls/ed25519consensus   1,193,944 ns/op ±0%   270,016 B/op   137 allocs/op    480ms
  [1/2]  bench  BatchVerify/size=1                    39,656 ns/op   336 B/op   9.00 allocs/op
  [2/2]  bench  BatchVerify/size=1                    39,839 ns/op ±0%   336 B/op   9.00 allocs/op    370ms
  [1/2]  bench  BatchVerify/size=64                   2,702,630 ns/op   16,144 B/op   261 allocs/op
  [2/2]  bench  BatchVerify/size=64                   2,670,099 ns/op ±1%   16,144 B/op   261 allocs/op    620ms
  [1/2]  bench  BatchVerify/size=256                  10,691,970 ns/op   64,592 B/op   1,029 allocs/op
  [2/2]  bench  BatchVerify/size=256                  10,729,250 ns/op ±0%   64,592 B/op   1,029 allocs/op    380ms
  [1/2]  bench  FalconVerify                          37,435 ns/op   0.000 B/op   0.000 allocs/op
  [2/2]  bench  FalconVerify                          37,295 ns/op ±0%   0.000 B/op   0.000 allocs/op    450ms
  [1/2]  bench  FalconSign                            6,692,276 ns/op   3,080 B/op   3.00 allocs/op
  [2/2]  bench  FalconSign                            6,632,281 ns/op ±1%   3,080 B/op   3.00 allocs/op    420ms
  [1/2]  bench  MultisigVerify                        120,864 ns/op   2,649 B/op   21.0 allocs/op
  [2/2]  bench  MultisigVerify                        120,865 ns/op ±0%   2,649 B/op ±0%   21.0 allocs/op    370ms
  [1/2]  bench  VrfProve                              116,682 ns/op   224 B/op   5.00 allocs/op
  [2/2]  bench  VrfProve                              116,061 ns/op ±1%   224 B/op   5.00 allocs/op    370ms
  [1/2]  bench  Hash                                  208 ns/op   0.000 B/op   0.000 allocs/op
  [2/2]  bench  Hash                                  210 ns/op ±1%   0.000 B/op   0.000 allocs/op    570ms
  [1/2]  bench  SignVerify                            52,623 ns/op   336 B/op   10.0 allocs/op
  [2/2]  bench  SignVerify                            53,070 ns/op ±1%   336 B/op   10.0 allocs/op    370ms
  [1/2]  bench  Verify25519/libsodium                 42,114 ns/op   128 B/op   4.00 allocs/op
  [2/2]  bench  Verify25519/libsodium                 42,009 ns/op ±0%   128 B/op   4.00 allocs/op    480ms
  [1/2]  bench  Verify25519/ed25519consensus          37,097 ns/op   32.0 B/op   2.00 allocs/op
  [2/2]  bench  Verify25519/ed25519consensus          37,039 ns/op ±0%   32.0 B/op   2.00 allocs/op    480ms
  [1/2]  bench  MerkleSignatureVerify                 83,807 ns/op   9,472 B/op   42.0 allocs/op
  [2/2]  bench  MerkleSignatureVerify                 87,764 ns/op ±5%   9,472 B/op   42.0 allocs/op    560ms
  [1/2]  bench  OneTimeSigBatchVerification/libsodium_singles  135,527 ns/op   1,306 B/op   24.0 allocs/op
  [2/2]  bench  OneTimeSigBatchVerification/libsodium_singles  135,741 ns/op ±0%   1,305 B/op ±0%   24.0 allocs/op    640ms
  [1/2]  bench  OneTimeSigBatchVerification/libsodium_batch  115,013 ns/op   1,144 B/op   17.0 allocs/op
  [2/2]  bench  OneTimeSigBatchVerification/libsodium_batch  113,467 ns/op ±1%   1,144 B/op   17.0 allocs/op    620ms
  [1/2]  bench  OneTimeSigBatchVerification/ed25519consensus_batch  84,163 ns/op   14,319 B/op   22.0 allocs/op
  [2/2]  bench  OneTimeSigBatchVerification/ed25519consensus_batch  84,442 ns/op ±0%   14,320 B/op ±0%   22.0 allocs/op    670ms
  [1/2]  bench  VrfVerify                             157,764 ns/op   176 B/op   3.00 allocs/op
  [2/2]  bench  VrfVerify                             157,902 ns/op ±0%   176 B/op   3.00 allocs/op    700ms
  [1/2]  bench  AppRateLimiter_TxgroupToKeys          17,061 ns/op   9,512 B/op   3.00 allocs/op
  [2/2]  bench  AppRateLimiter_TxgroupToKeys          16,616 ns/op ±3%   9,512 B/op   3.00 allocs/op    800ms
  [1/2]  bench  AddressFormatting                     274 ns/op   128 B/op   2.00 allocs/op
  [2/2]  bench  AddressFormatting                     274 ns/op   128 B/op   2.00 allocs/op    630ms
  [1/2]  bench  UnmarshalChecksumAddress              629 ns/op   192 B/op   3.00 allocs/op
  [2/2]  bench  UnmarshalChecksumAddress              629 ns/op ±0%   192 B/op   3.00 allocs/op    350ms
  [1/2]  bench  CodecRealistic/encode-signed-pay      645 ns/op   2,688 B/op   1.00 allocs/op
  [2/2]  bench  CodecRealistic/encode-signed-pay      654 ns/op ±1%   2,688 B/op   1.00 allocs/op    640ms
  [1/2]  bench  CodecRealistic/decode-signed-pay      189 ns/op   64.0 B/op   3.00 allocs/op
  [2/2]  bench  CodecRealistic/decode-signed-pay      188 ns/op ±0%   64.0 B/op   3.00 allocs/op    550ms
  [1/2]  bench  CodecRealistic/encode-signed-appl     699 ns/op   3,072 B/op   1.00 allocs/op
  [2/2]  bench  CodecRealistic/encode-signed-appl     780 ns/op ±10%   3,072 B/op   1.00 allocs/op    740ms
  [1/2]  bench  CodecRealistic/decode-signed-appl     513 ns/op   376 B/op   13.0 allocs/op
  [2/2]  bench  CodecRealistic/decode-signed-appl     517 ns/op ±1%   376 B/op   13.0 allocs/op    670ms
  [1/2]  bench  CodecRealistic/encode-block-header    647 ns/op   1,824 B/op   3.00 allocs/op
  [2/2]  bench  CodecRealistic/encode-block-header    646 ns/op ±0%   1,824 B/op   3.00 allocs/op    310ms
  [1/2]  bench  CodecRealistic/decode-block-header    622 ns/op   720 B/op   9.00 allocs/op
  [2/2]  bench  CodecRealistic/decode-block-header    626 ns/op ±1%   720 B/op   9.00 allocs/op    320ms
  [1/2]  bench  HashObj/txn                           1,206 ns/op   3,936 B/op   3.00 allocs/op
  [2/2]  bench  HashObj/txn                           1,208 ns/op ±0%   3,936 B/op   3.00 allocs/op    330ms
  [1/2]  bench  HashObj/block-header                  2,440 ns/op   3,552 B/op   5.00 allocs/op
  [2/2]  bench  HashObj/block-header                  2,439 ns/op ±0%   3,552 B/op   5.00 allocs/op    370ms
  [1/2]  bench  AppendMsgBlockHeader                  43.5 ns/op   23.0 MB/s   0.000 B/op   0.000 allocs/op
  [2/2]  bench  AppendMsgBlockHeader                  43.6 ns/op ±0%   22.9 MB/s ±0%   0.000 B/op   0.000 allocs/op    410ms
  [1/2]  bench  Sortition                             354,510 ns/op   1,824 B/op   21.0 allocs/op
  [2/2]  bench  Sortition                             353,655 ns/op ±0%   1,824 B/op   21.0 allocs/op    400ms
  [1/2]  bench  StatusCachePut                        926 ns/op   220 B/op   1.00 allocs/op
  [2/2]  bench  StatusCachePut                        925 ns/op ±0%   220 B/op   1.00 allocs/op    350ms
  [1/2]  bench  StatusCacheCheckHit                   193 ns/op   19.0 B/op   2.00 allocs/op
  [2/2]  bench  StatusCacheCheckHit                   193 ns/op ±0%   19.0 B/op   2.00 allocs/op    560ms
  [1/2]  bench  StatusCacheCheckMiss                  51.7 ns/op   0.000 B/op   0.000 allocs/op
  [2/2]  bench  StatusCacheCheckMiss                  51.8 ns/op ±0%   0.000 B/op   0.000 allocs/op    420ms
  [1/2]  bench  TransactionPoolRecompute              1,176,817,015 ns/op   41,076 ns/txn   1,121,955,968 B/op   2,398,055 allocs/op
  [2/2]  bench  TransactionPoolRecompute              1,152,906,831 ns/op ±2%   40,242 ns/txn ±2%   1,121,941,004 B/op ±0%   2,398,024 allocs/op ±0%    3.01s
  [1/2]  bench  TxnIDs/signed-txn-id                  558 ns/op   0.000 B/op   0.000 allocs/op
  [2/2]  bench  TxnIDs/signed-txn-id                  556 ns/op ±0%   0.000 B/op   0.000 allocs/op    360ms
  [1/2]  bench  TxnIDs/group-id                       13,863 ns/op   2,281 B/op   4.00 allocs/op
  [2/2]  bench  TxnIDs/group-id                       13,806 ns/op ±0%   2,280 B/op ±0%   4.00 allocs/op    500ms
  [1/2]  bench  WellFormed/pay                        121 ns/op   0.000 B/op   0.000 allocs/op
  [2/2]  bench  WellFormed/pay                        122 ns/op ±0%   0.000 B/op   0.000 allocs/op    480ms
  [1/2]  bench  WellFormed/axfer                      107 ns/op   0.000 B/op   0.000 allocs/op
  [2/2]  bench  WellFormed/axfer                      107 ns/op ±0%   0.000 B/op   0.000 allocs/op    470ms
  [1/2]  bench  WellFormed/acfg                       111 ns/op   0.000 B/op   0.000 allocs/op
  [2/2]  bench  WellFormed/acfg                       110 ns/op ±1%   0.000 B/op   0.000 allocs/op    460ms
  [1/2]  bench  WellFormed/appl                       147 ns/op   0.000 B/op   0.000 allocs/op
  [2/2]  bench  WellFormed/appl                       148 ns/op ±1%   0.000 B/op   0.000 allocs/op    510ms
  [1/2]  bench  WellFormed/keyreg                     151 ns/op   0.000 B/op   0.000 allocs/op
  [2/2]  bench  WellFormed/keyreg                     151 ns/op ±0%   0.000 B/op   0.000 allocs/op    510ms
  [1/2]  bench  Assemble                              229,446 ns/op   329,245 B/op   3,263 allocs/op
  [2/2]  bench  Assemble                              228,063 ns/op ±1%   329,246 B/op ±0%   3,263 allocs/op    360ms
  [1/2]  bench  Disassemble                           47,188 ns/op   49,983 B/op   888 allocs/op
  [2/2]  bench  Disassemble                           47,332 ns/op ±0%   49,983 B/op   888 allocs/op    310ms
  [1/2]  bench  BoxOps/box_get                        2,286 ns/op   3.00 extra/op   3,363 B/op   33.0 allocs/op
  [2/2]  bench  BoxOps/box_get                        2,281 ns/op ±0%   3.00 extra/op   3,363 B/op   33.0 allocs/op    400ms
  [1/2]  bench  BoxOps/box_len                        1,924 ns/op   3.00 extra/op   1,024 B/op   31.0 allocs/op
  [2/2]  bench  BoxOps/box_len                        1,918 ns/op ±0%   3.00 extra/op   1,024 B/op ±0%   31.0 allocs/op    400ms
  [1/2]  bench  BoxOps/box_extract                    2,264 ns/op   4.00 extra/op   1,521 B/op   37.0 allocs/op
  [2/2]  bench  BoxOps/box_extract                    2,270 ns/op ±0%   4.00 extra/op   1,521 B/op   37.0 allocs/op    410ms
  [1/2]  bench  BoxOps/box_replace                    2,033 ns/op   3.00 extra/op   1,308 B/op   34.0 allocs/op
  [2/2]  bench  BoxOps/box_replace                    2,037 ns/op ±0%   3.00 extra/op   1,308 B/op   34.0 allocs/op    410ms
  [1/2]  bench  BoxOps/box_splice                     2,556 ns/op   4.00 extra/op   1,625 B/op   42.0 allocs/op
  [2/2]  bench  BoxOps/box_splice                     2,552 ns/op ±0%   4.00 extra/op   1,625 B/op   42.0 allocs/op    420ms
  [1/2]  bench  BoxOps/box_put                        2,054 ns/op   3.00 extra/op   2,086 B/op   31.0 allocs/op
  [2/2]  bench  BoxOps/box_put                        2,053 ns/op ±0%   3.00 extra/op   2,087 B/op ±0%   31.0 allocs/op    410ms
  [1/2]  bench  BoxOps/box_resize                     4,026 ns/op   5.00 extra/op   1,722 B/op   52.0 allocs/op
  [2/2]  bench  BoxOps/box_resize                     4,004 ns/op ±1%   5.00 extra/op   1,723 B/op ±0%   52.0 allocs/op    450ms
  [1/2]  bench  BoxOps/box_create_del                 3,845 ns/op   6.00 extra/op   1,778 B/op   54.0 allocs/op
  [2/2]  bench  BoxOps/box_create_del                 4,124 ns/op ±7%   6.00 extra/op   1,778 B/op   54.0 allocs/op    490ms
  [1/2]  bench  InnerTxn/pay                          14,859 ns/op   24,582 B/op   127 allocs/op
  [2/2]  bench  InnerTxn/pay                          14,987 ns/op ±1%   24,582 B/op ±0%   127 allocs/op    510ms
  [1/2]  bench  InnerTxn/axfer                        15,211 ns/op   25,182 B/op   134 allocs/op
  [2/2]  bench  InnerTxn/axfer                        15,397 ns/op ±1%   25,182 B/op ±0%   134 allocs/op    520ms
  [1/2]  bench  InnerTxn/appl                         15,241 ns/op   33,111 B/op   100 allocs/op
  [2/2]  bench  InnerTxn/appl                         15,160 ns/op ±1%   33,111 B/op   100 allocs/op    510ms
  [1/2]  bench  StateOps/app_global_get               1,231 ns/op   2.00 extra/op   677 B/op   21.0 allocs/op
  [2/2]  bench  StateOps/app_global_get               1,220 ns/op ±1%   2.00 extra/op   677 B/op   21.0 allocs/op    380ms
  [1/2]  bench  StateOps/app_global_put               1,662 ns/op   2.00 extra/op   1,353 B/op   27.0 allocs/op
  [2/2]  bench  StateOps/app_global_put               1,684 ns/op ±1%   2.00 extra/op   1,353 B/op   27.0 allocs/op    380ms
  [1/2]  bench  StateOps/app_global_del               858 ns/op   1.00 extra/op   499 B/op   15.0 allocs/op
  [2/2]  bench  StateOps/app_global_del               859 ns/op ±0%   1.00 extra/op   499 B/op   15.0 allocs/op    370ms
  [1/2]  bench  StateOps/app_local_get                2,680 ns/op   3.00 extra/op   912 B/op   29.0 allocs/op
  [2/2]  bench  StateOps/app_local_get                2,396 ns/op ±12%   3.00 extra/op   912 B/op   29.0 allocs/op    680ms
  [1/2]  bench  StateOps/app_local_put                2,222 ns/op   3.00 extra/op   1,165 B/op   33.0 allocs/op
  [2/2]  bench  StateOps/app_local_put                2,214 ns/op ±0%   3.00 extra/op   1,166 B/op ±0%   33.0 allocs/op    400ms
  [1/2]  bench  StateOps/app_local_del                1,566 ns/op   2.00 extra/op   702 B/op   23.0 allocs/op
  [2/2]  bench  StateOps/app_local_del                1,567 ns/op ±0%   2.00 extra/op   702 B/op   23.0 allocs/op    390ms
  [1/2]  bench  StateOps/asset_holding_get            2,774 ns/op   4.00 extra/op   1,277 B/op   36.0 allocs/op
  [2/2]  bench  StateOps/asset_holding_get            2,786 ns/op ±0%   4.00 extra/op   1,277 B/op   36.0 allocs/op    420ms
  [1/2]  bench  StateOps/asset_params_get             2,349 ns/op   3.00 extra/op   1,509 B/op   34.0 allocs/op
  [2/2]  bench  StateOps/asset_params_get             2,335 ns/op ±1%   3.00 extra/op   1,509 B/op ±0%   34.0 allocs/op    410ms
  [1/2]  bench  StateOps/app_params_get               2,005 ns/op   3.00 extra/op   1,324 B/op   30.0 allocs/op
  [2/2]  bench  StateOps/app_params_get               1,994 ns/op ±1%   3.00 extra/op   1,325 B/op ±0%   30.0 allocs/op    400ms
  [1/2]  bench  StateOps/acct_params_get              2,824 ns/op   3.00 extra/op   1,709 B/op   36.0 allocs/op
  [2/2]  bench  StateOps/acct_params_get              2,852 ns/op ±1%   3.00 extra/op   1,709 B/op   36.0 allocs/op    410ms
  [1/2]  bench  Verify/pop                            38.7 ns/op   3.00 extra/op   6.00 B/op   0.000 allocs/op
  [2/2]  bench  Verify/pop                            38.6 ns/op ±0%   3.00 extra/op   6.00 B/op   0.000 allocs/op    460ms
  [1/2]  bench  Verify/add                            41.1 ns/op   3.00 extra/op   6.00 B/op   0.000 allocs/op
  [2/2]  bench  Verify/add                            41.0 ns/op ±0%   3.00 extra/op   6.00 B/op   0.000 allocs/op    470ms
  [1/2]  bench  Verify/ed25519verify_bare             39,859 ns/op   7.00 extra/op   103 B/op   2.00 allocs/op
  [2/2]  bench  Verify/ed25519verify_bare             40,145 ns/op ±1%   7.00 extra/op   103 B/op   2.00 allocs/op    450ms
  [1/2]  bench  Verify/ecdsa_verify_k1                36,827 ns/op   7.00 extra/op   343 B/op   6.00 allocs/op
  [2/2]  bench  Verify/ecdsa_verify_k1                36,988 ns/op ±0%   7.00 extra/op   343 B/op   6.00 allocs/op    450ms
  [1/2]  bench  Verify/ecdsa_verify_r1                64,165 ns/op   7.00 extra/op   1,417 B/op   25.0 allocs/op
  [2/2]  bench  Verify/ecdsa_verify_r1                62,293 ns/op ±3%   7.00 extra/op   1,417 B/op   25.0 allocs/op    490ms
  [1/2]  bench  Verify/falcon_verify                  37,201 ns/op   7.00 extra/op   2,055 B/op   1.00 allocs/op
  [2/2]  bench  Verify/falcon_verify                  37,310 ns/op ±0%   7.00 extra/op   2,055 B/op   1.00 allocs/op    740ms
  [1/2]  bench  Verify/vrf_verify                     156,431 ns/op   5.00 extra/op   283 B/op   6.00 allocs/op
  [2/2]  bench  Verify/vrf_verify                     164,935 ns/op ±5%   5.00 extra/op   283 B/op   6.00 allocs/op    520ms
  [1/2]  bench  CheckSignature                        6,595 ns/op   12,320 B/op   9.00 allocs/op
  [2/2]  bench  CheckSignature                        6,428 ns/op ±3%   12,320 B/op   9.00 allocs/op    420ms
  [1/2]  bench  Addx64/add_long_stack                 4,996 ns/op   17,072 B/op   12.0 allocs/op
  [2/2]  bench  Addx64/add_long_stack                 5,052 ns/op ±1%   17,072 B/op   12.0 allocs/op    410ms
  [1/2]  bench  Addx64/add_small_stack                4,449 ns/op   13,616 B/op   10.0 allocs/op
  [2/2]  bench  Addx64/add_small_stack                4,443 ns/op ±0%   13,616 B/op   10.0 allocs/op    380ms
  [1/2]  bench  NopPassx1                             2,471 ns/op   13,616 B/op   10.0 allocs/op
  [2/2]  bench  NopPassx1                             2,461 ns/op ±0%   13,616 B/op   10.0 allocs/op    360ms
  [1/2]  bench  Checkx5                               88,085 ns/op   107,269 B/op   957 allocs/op
  [2/2]  bench  Checkx5                               87,788 ns/op ±0%   107,270 B/op ±0%   957 allocs/op    350ms
  [1/2]  bench  AppendMsgSignedTxn                    98.4 ns/op   10.2 MB/s   0.000 B/op   0.000 allocs/op
  [2/2]  bench  AppendMsgSignedTxn                    99.7 ns/op ±1%   10.0 MB/s ±1%   0.000 B/op   0.000 allocs/op    470ms
  [1/2]  bench  TinyMan/eval-lsig-signature           12,983 ns/op   36,840 B/op   86.0 allocs/op
  [2/2]  bench  TinyMan/eval-lsig-signature           12,902 ns/op ±1%   36,840 B/op   86.0 allocs/op    490ms
  [1/2]  bench  TinyMan/group-check-actual            108,292 ns/op   99,649 B/op   135 allocs/op
  [2/2]  bench  TinyMan/group-check-actual            109,261 ns/op ±1%   99,604 B/op ±0%   135 allocs/op    1.28s
  [1/2]  bench  TinyMan/group-check-all-crypto        113,972 ns/op   54,526 B/op   34.0 allocs/op
  [2/2]  bench  TinyMan/group-check-all-crypto        118,884 ns/op ±4%   54,646 B/op ±0%   34.0 allocs/op    370ms
  [1/2]  bench  LogicSigSanityCheck                   8,193 ns/op   18,296 B/op   14.0 allocs/op
  [2/2]  bench  LogicSigSanityCheck                   8,255 ns/op ±1%   18,296 B/op   14.0 allocs/op    440ms
  [1/2]  bench  PaysetGroups                          14,467 ns/op   28,373 B/op   6.00 allocs/op
  [2/2]  bench  PaysetGroups                          14,970 ns/op ±3%   28,719 B/op ±1%   6.00 allocs/op    870ms
  [1/2]  bench  Txn                                   25,081 ns/op   12,280 B/op   6.00 allocs/op
  [2/2]  bench  Txn                                   25,039 ns/op ±0%   12,295 B/op ±0%   6.00 allocs/op    1.67s
  [1/2]  bench  TxHandlerProcessing/processDecoded    15,354 ns/op   3,912 B/op   44.0 allocs/op
  [2/2]  bench  TxHandlerProcessing/processDecoded    16,310 ns/op ±6%   3,912 B/op   44.0 allocs/op    1.13s
  [1/2]  bench  TxHandlerProcessing/verify.TxnGroup   46,131 ns/op   11,872 B/op   16.0 allocs/op
  [2/2]  bench  TxHandlerProcessing/verify.TxnGroup   46,119 ns/op ±0%   11,872 B/op   16.0 allocs/op    550ms
  [1/2]  bench  TxHandlerDecoderMsgp                  6,994,349 ns/op   4,331,966 B/op   26,705 allocs/op
  [2/2]  bench  TxHandlerDecoderMsgp                  6,992,619 ns/op ±0%   4,331,966 B/op   26,705 allocs/op    640ms
  [1/2]  bench  CompactDeltas/account-deltas          4,882,457 ns/op   4,123,000 B/op   16.0 allocs/op
  [2/2]  bench  CompactDeltas/account-deltas          4,124,079 ns/op ±18%   4,123,000 B/op   16.0 allocs/op    3.32s
  [1/2]  bench  Apply/asset-transfer                  477 ns/op   512 B/op   4.00 allocs/op
  [2/2]  bench  Apply/asset-transfer                  477 ns/op ±0%   512 B/op   4.00 allocs/op    660ms
  [1/2]  bench  Apply/keyreg                          309 ns/op   0.000 B/op   0.000 allocs/op
  [2/2]  bench  Apply/keyreg                          309 ns/op ±0%   0.000 B/op   0.000 allocs/op    310ms
  [1/2]  bench  Apply/app-call                        122 ns/op   0.000 B/op   0.000 allocs/op
  [2/2]  bench  Apply/app-call                        122 ns/op ±0%   0.000 B/op   0.000 allocs/op    480ms
  [1/2]  bench  CompactResourceDeltas                 5,156,775 ns/op   10,273,456 B/op   36.0 allocs/op
  [2/2]  bench  CompactResourceDeltas                 5,070,392 ns/op ±2%   10,273,457 B/op ±0%   36.0 allocs/op    350ms
  [1/2]  bench  TxTailCheckDup/hit                    52.5 ns/op   48.0 B/op   1.00 allocs/op
  [2/2]  bench  TxTailCheckDup/hit                    51.6 ns/op ±2%   48.0 B/op   1.00 allocs/op    390ms
  [1/2]  bench  TxTailCheckDup/miss                   29.7 ns/op   0.000 B/op   0.000 allocs/op
  [2/2]  bench  TxTailCheckDup/miss                   29.7 ns/op ±0%   0.000 B/op   0.000 allocs/op    390ms
  [1/2]  bench  CowChild                              41.4 ns/op   0.000 B/op   0.000 allocs/op
  [2/2]  bench  CowChild                              41.2 ns/op ±0%   0.000 B/op   0.000 allocs/op    400ms
  [1/2]  bench  PrefetcherApps                        282 ns/op   108 B/op   1.00 allocs/op
  [2/2]  bench  PrefetcherApps                        284 ns/op ±1%   108 B/op   1.00 allocs/op    2s
  [1/2]  bench  PrefetcherPayment                     198 ns/op   82.0 B/op   0.000 allocs/op
  [2/2]  bench  PrefetcherPayment                     209 ns/op ±5%   84.0 B/op ±2%   0.000 allocs/op    2.09s
  [1/2]  bench  BlockEvaluatorRAMNoCrypto             451,399,105 ns/op   9,029 ns/eval_validate_tx   589,536,488 B/op   1,351,124 allocs/op
  [2/2]  bench  BlockEvaluatorRAMNoCrypto             462,827,548 ns/op ±2%   9,258 ns/eval_validate_tx ±2%   589,753,528 B/op ±0%   1,351,147 allocs/op ±0%    8.03s
  [1/2]  bench  BlockValidationMix                    1,498,604,176 ns/op   1,933,767,888 B/op   7,444,623 allocs/op
  [2/2]  bench  BlockValidationMix                    1,561,024,417 ns/op ±4%   1,930,804,432 B/op ±0%   7,447,130 allocs/op ±0%    9.23s
  [1/2]  bench  AppInt1                               802,021,798 ns/op   1,974,000,264 B/op   2,941,525 allocs/op
  [2/2]  bench  AppInt1                               798,160,587 ns/op ±0%   1,973,837,192 B/op ±0%   2,941,505 allocs/op ±0%    1.98s
  [1/2]  bench  AccountDeltasOps/upsert               572,057 ns/op   3,539,651 B/op   35.0 allocs/op
  [2/2]  bench  AccountDeltasOps/upsert               573,116 ns/op ±0%   3,539,646 B/op ±0%   35.0 allocs/op    410ms
  [1/2]  bench  AccountDeltasOps/merge                439,757 ns/op   800,530 B/op   66.0 allocs/op
  [2/2]  bench  AccountDeltasOps/merge                442,945 ns/op ±1%   800,530 B/op ±0%   66.0 allocs/op    800ms
  [1/2]  bench  AccountDeltasOps/optimize             124,399 ns/op   1,131,185 B/op   35.0 allocs/op
  [2/2]  bench  AccountDeltasOps/optimize             124,365 ns/op ±0%   1,131,185 B/op   35.0 allocs/op    440ms
  [1/2]  bench  MakeStateDelta                        1,024,644 ns/op   20,811,624 B/op   197 allocs/op
  [2/2]  bench  MakeStateDelta                        1,011,353 ns/op ±1%   20,811,623 B/op ±0%   197 allocs/op    460ms
  [1/2]  bench  OnlineAccountsCacheRead320            3,962,639 ns/op   705,479 B/op   4,021 allocs/op
  [2/2]  bench  OnlineAccountsCacheRead320            3,942,401 ns/op ±1%   705,479 B/op ±0%   4,021 allocs/op    390ms
  [1/2]  bench  MessageFilterCheck/hit                4,922 ns/op   1,248 B/op   9.00 allocs/op
  [2/2]  bench  MessageFilterCheck/hit                4,909 ns/op ±0%   1,248 B/op   9.00 allocs/op    400ms
  [1/2]  bench  MessageFilterCheck/miss               4,930 ns/op   1,248 B/op   9.00 allocs/op
  [2/2]  bench  MessageFilterCheck/miss               4,919 ns/op ±0%   1,248 B/op   9.00 allocs/op    390ms
  [1/2]  bench  GenerateMessageDigest                 418 ns/op   0.000 B/op   0.000 allocs/op
  [2/2]  bench  GenerateMessageDigest                 418 ns/op ±0%   0.000 B/op   0.000 allocs/op    360ms
  [1/2]  bench  VpackVote/compress                    225 ns/op   2,795 MB/s   0.000 B/op   0.000 allocs/op
  [2/2]  bench  VpackVote/compress                    223 ns/op ±1%   2,816 MB/s ±1%   0.000 B/op   0.000 allocs/op    580ms
  [1/2]  bench  VpackVote/decompress                  87.7 ns/op   5,384 MB/s   0.000 B/op   0.000 allocs/op
  [2/2]  bench  VpackVote/decompress                  87.9 ns/op ±0%   5,372 MB/s ±0%   0.000 B/op   0.000 allocs/op    450ms
  [1/2]  bench  BloomFilterSet                        71.2 ns/op   0.000 B/op   0.000 allocs/op
  [2/2]  bench  BloomFilterSet                        71.1 ns/op ±0%   0.000 B/op   0.000 allocs/op    1.61s
  [1/2]  bench  BloomFilterTest                       69.4 ns/op   0.000 B/op   0.000 allocs/op
  [2/2]  bench  BloomFilterTest                       69.4 ns/op ±0%   0.000 B/op   0.000 allocs/op    1.8s
  [1/2]  bench  TagCounter                            10.1 ns/op   0.000 B/op   0.000 allocs/op
  [2/2]  bench  TagCounter                            10.2 ns/op ±0%   0.000 B/op   0.000 allocs/op    360ms
