  [1/4]  bench  AppendMsgBlockHeader                  61.6 ns/op   16.2 MB/s   0.000 B/op   0.000 allocs/op
  [2/4]  bench  AppendMsgBlockHeader                  61.8 ns/op   16.2 MB/s   0.000 B/op   0.000 allocs/op
  [3/4]  bench  AppendMsgBlockHeader                  62.0 ns/op   16.1 MB/s   0.000 B/op   0.000 allocs/op
  [4/4]  bench  AppendMsgBlockHeader                  61.8 ns/op ±1%   16.2 MB/s ±1%   0.000 B/op   0.000 allocs/op    3.73s
  [1/4]  bench  AppendMsgSignedTxn                    133 ns/op   7.50 MB/s   0.000 B/op   0.000 allocs/op
  [2/4]  bench  AppendMsgSignedTxn                    133 ns/op   7.52 MB/s   0.000 B/op   0.000 allocs/op
  [3/4]  bench  AppendMsgSignedTxn                    133 ns/op   7.53 MB/s   0.000 B/op   0.000 allocs/op
  [4/4]  bench  AppendMsgSignedTxn                    133 ns/op ±0%   7.54 MB/s ±0%   0.000 B/op   0.000 allocs/op    3.96s
  [1/4]  bench  PaysetGroups                          36,873 ns/op   24,414 B/op   8.00 allocs/op
  [2/4]  bench  PaysetGroups                          36,794 ns/op   24,882 B/op   8.00 allocs/op
  [3/4]  bench  PaysetGroups                          36,851 ns/op   25,084 B/op   8.00 allocs/op
  [4/4]  bench  PaysetGroups                          36,876 ns/op ±0%   25,167 B/op ±2%   8.00 allocs/op    12.39s
  [1/4]  bench  Txn                                   79,999 ns/op   9,404 B/op   12.0 allocs/op
  [2/4]  bench  Txn                                   78,427 ns/op   9,403 B/op   12.0 allocs/op
  [3/4]  bench  Txn                                   77,731 ns/op   9,402 B/op   12.0 allocs/op
  [4/4]  bench  Txn                                   77,336 ns/op ±2%   9,403 B/op ±0%   12.0 allocs/op    11.41s
  [1/4]  bench  TxHandlerProcessing/processDecoded    15,936 ns/op   4,192 B/op   33.0 allocs/op
  [2/4]  bench  TxHandlerProcessing/processDecoded    15,794 ns/op   4,192 B/op   33.0 allocs/op
  [3/4]  bench  TxHandlerProcessing/processDecoded    15,850 ns/op   4,192 B/op   33.0 allocs/op
  [4/4]  bench  TxHandlerProcessing/processDecoded    15,900 ns/op ±1%   4,192 B/op   33.0 allocs/op    10.45s
  [1/4]  bench  TxHandlerProcessing/verify.TxnGroup   76,910 ns/op   11,328 B/op   16.0 allocs/op
  [2/4]  bench  TxHandlerProcessing/verify.TxnGroup   78,233 ns/op   11,328 B/op   16.0 allocs/op
  [3/4]  bench  TxHandlerProcessing/verify.TxnGroup   77,579 ns/op   11,328 B/op   16.0 allocs/op
  [4/4]  bench  TxHandlerProcessing/verify.TxnGroup   77,615 ns/op ±2%   11,328 B/op   16.0 allocs/op    8.01s
  [1/4]  bench  CompactDeltas/account-deltas          2,279,479 ns/op   4,096,682 B/op   0.000 allocs/op
  [2/4]  bench  CompactDeltas/account-deltas          2,372,867 ns/op   4,096,682 B/op   0.000 allocs/op
  [3/4]  bench  CompactDeltas/account-deltas          2,383,211 ns/op   4,096,682 B/op   0.000 allocs/op
  [4/4]  bench  CompactDeltas/account-deltas          2,390,725 ns/op ±4%   4,096,682 B/op   0.000 allocs/op    8.74s
