  [1/4]  bench  AppendMsgBlockHeader                  61.1 ns/op   16.4 MB/s   0.000 B/op   0.000 allocs/op
  [2/4]  bench  AppendMsgBlockHeader                  61.1 ns/op   16.4 MB/s   0.000 B/op   0.000 allocs/op
  [3/4]  bench  AppendMsgBlockHeader                  61.2 ns/op   16.3 MB/s   0.000 B/op   0.000 allocs/op
  [4/4]  bench  AppendMsgBlockHeader                  61.2 ns/op ±0%   16.3 MB/s ±0%   0.000 B/op   0.000 allocs/op    3.78s
  [1/4]  bench  AppendMsgSignedTxn                    132 ns/op   7.56 MB/s   0.000 B/op   0.000 allocs/op
  [2/4]  bench  AppendMsgSignedTxn                    132 ns/op   7.55 MB/s   0.000 B/op   0.000 allocs/op
  [3/4]  bench  AppendMsgSignedTxn                    132 ns/op   7.56 MB/s   0.000 B/op   0.000 allocs/op
  [4/4]  bench  AppendMsgSignedTxn                    132 ns/op ±0%   7.55 MB/s ±0%   0.000 B/op   0.000 allocs/op    4.01s
  [1/4]  bench  PaysetGroups                          36,973 ns/op   24,517 B/op   8.00 allocs/op
  [2/4]  bench  PaysetGroups                          36,733 ns/op   24,539 B/op   8.00 allocs/op
  [3/4]  bench  PaysetGroups                          36,728 ns/op   24,796 B/op   8.00 allocs/op
  [4/4]  bench  PaysetGroups                          36,959 ns/op ±2%   24,679 B/op ±2%   8.00 allocs/op    12.29s
  [1/4]  bench  Txn                                   77,651 ns/op   9,404 B/op   12.0 allocs/op
  [2/4]  bench  Txn                                   76,900 ns/op   9,403 B/op   12.0 allocs/op
  [3/4]  bench  Txn                                   76,831 ns/op   9,406 B/op   12.0 allocs/op
  [4/4]  bench  Txn                                   76,936 ns/op ±1%   9,405 B/op ±0%   12.0 allocs/op    11.38s
  [1/4]  bench  TxHandlerProcessing/processDecoded    16,945 ns/op   4,192 B/op   33.0 allocs/op
  [2/4]  bench  TxHandlerProcessing/processDecoded    16,440 ns/op   4,192 B/op   33.0 allocs/op
  [3/4]  bench  TxHandlerProcessing/processDecoded    16,217 ns/op   4,192 B/op   33.0 allocs/op
  [4/4]  bench  TxHandlerProcessing/processDecoded    16,191 ns/op ±4%   4,192 B/op   33.0 allocs/op    13.1s
  [1/4]  bench  TxHandlerProcessing/verify.TxnGroup   76,280 ns/op   11,328 B/op   16.0 allocs/op
  [2/4]  bench  TxHandlerProcessing/verify.TxnGroup   76,567 ns/op   11,328 B/op   16.0 allocs/op
  [3/4]  bench  TxHandlerProcessing/verify.TxnGroup   77,311 ns/op   11,328 B/op   16.0 allocs/op
  [4/4]  bench  TxHandlerProcessing/verify.TxnGroup   77,101 ns/op ±2%   11,328 B/op   16.0 allocs/op    7.93s
  [1/4]  bench  CompactDeltas/account-deltas          2,263,353 ns/op   4,096,682 B/op   0.000 allocs/op
  [2/4]  bench  CompactDeltas/account-deltas          2,312,536 ns/op   4,096,682 B/op   0.000 allocs/op
  [3/4]  bench  CompactDeltas/account-deltas          2,334,603 ns/op   4,096,682 B/op   0.000 allocs/op
  [4/4]  bench  CompactDeltas/account-deltas          2,342,448 ns/op ±2%   4,096,682 B/op   0.000 allocs/op    8.58s
