  [1/2]  bench  VoteVerify                            274,755 ns/op   6,888 B/op   65.0 allocs/op
  [2/2]  bench  VoteVerify                            276,609 ns/op ±1%   6,888 B/op   65.0 allocs/op    460ms
  [1/2]  bench  CryptoVerifierVoteVertification       115,148 ns/op   24,004 B/op   71.0 allocs/op
  [2/2]  bench  CryptoVerifierVoteVertification       118,511 ns/op ±3%   24,004 B/op   71.0 allocs/op    460ms
  [1/2]  bench  CryptoVerifierProposalVertification   170,223 ns/op   12,474 B/op   54.0 allocs/op
  [2/2]  bench  CryptoVerifierProposalVertification   174,566 ns/op ±2%   12,474 B/op ±0%   54.0 allocs/op    480ms
  [1/2]  bench  VoteDecoding                          246 ns/op   1,152 B/op   2.00 allocs/op
  [2/2]  bench  VoteDecoding                          240 ns/op ±3%   1,152 B/op   2.00 allocs/op    670ms
  [1/2]  bench  RouterUpdate/root                     72.8 ns/op   0.000 B/op   0.000 allocs/op
  [2/2]  bench  RouterUpdate/root                     74.4 ns/op ±2%   0.000 B/op   0.000 allocs/op    440ms
  [1/2]  bench  RouterUpdate/round                    45.1 ns/op   0.000 B/op   0.000 allocs/op
  [2/2]  bench  RouterUpdate/round                    45.4 ns/op ±1%   0.000 B/op   0.000 allocs/op    410ms
  [1/2]  bench  NoiseSentinelHash                     31,580 ns/op   2,075 MB/s   0.000 B/op   0.000 allocs/op
  [2/2]  bench  NoiseSentinelHash                     31,867 ns/op ±1%   2,057 MB/s ±1%   0.000 B/op   0.000 allocs/op    320ms
  [1/2]  bench  NoiseSentinelLoop                     5,776 ns/op   0.000 B/op   0.000 allocs/op
  [2/2]  bench  NoiseSentinelLoop                     5,763 ns/op ±0%   0.000 B/op   0.000 allocs/op    410ms
  [1/2]  bench  BatchVerifierImpls/libsodium_single   2,579,782 ns/op   21,264 B/op   261 allocs/op
  [2/2]  bench  BatchVerifierImpls/libsodium_single   2,591,287 ns/op ±0%   21,264 B/op   261 allocs/op    620ms
  [1/2]  bench  BatchVerifierImpls/libsodium_batch    1,065,349 ns/op   26,064 B/op   12.0 allocs/op
  [2/2]  bench  BatchVerifierImpls/libsodium_batch    1,127,507 ns/op ±6%   26,064 B/op   12.0 allocs/op    500ms
  [1/2]  bench  BatchVerifierImpls/ed25519consensus   1,066,336 ns/op   270,016 B/op   137 allocs/op
  [2/2]  bench  BatchVerifierImpls/ed25519consensus   1,061,407 ns/op ±0%   270,016 B/op   137 allocs/op    460ms
  [1/2]  bench  Hash                                  170 ns/op   0.000 B/op   0.000 allocs/op
  [2/2]  bench  Hash                                  170 ns/op ±0%   0.000 B/op   0.000 allocs/op    530ms
  [1/2]  bench  SignVerify                            49,897 ns/op   336 B/op   10.0 allocs/op
  [2/2]  bench  SignVerify                            50,174 ns/op ±1%   336 B/op   10.0 allocs/op    360ms
  [1/2]  bench  Verify25519/libsodium                 40,766 ns/op   128 B/op   4.00 allocs/op
  [2/2]  bench  Verify25519/libsodium                 40,766 ns/op   128 B/op   4.00 allocs/op    490ms
  [1/2]  bench  Verify25519/ed25519consensus          37,739 ns/op   32.0 B/op   2.00 allocs/op
  [2/2]  bench  Verify25519/ed25519consensus          37,300 ns/op ±1%   32.0 B/op   2.00 allocs/op    490ms
  [1/2]  bench  OneTimeSigBatchVerification/libsodium_singles  119,524 ns/op   1,303 B/op   24.0 allocs/op
  [2/2]  bench  OneTimeSigBatchVerification/libsodium_singles  119,655 ns/op ±0%   1,304 B/op ±0%   24.0 allocs/op    630ms
  [1/2]  bench  OneTimeSigBatchVerification/libsodium_batch  102,988 ns/op   1,144 B/op   17.0 allocs/op
  [2/2]  bench  OneTimeSigBatchVerification/libsodium_batch  102,920 ns/op ±0%   1,144 B/op   17.0 allocs/op    600ms
  [1/2]  bench  OneTimeSigBatchVerification/ed25519consensus_batch  75,932 ns/op   14,320 B/op   22.0 allocs/op
  [2/2]  bench  OneTimeSigBatchVerification/ed25519consensus_batch  75,976 ns/op ±0%   14,320 B/op   22.0 allocs/op    630ms
  [1/2]  bench  VrfVerify                             143,521 ns/op   176 B/op   3.00 allocs/op
  [2/2]  bench  VrfVerify                             141,049 ns/op ±2%   176 B/op   3.00 allocs/op    690ms
  [1/2]  bench  AppRateLimiter_TxgroupToKeys          17,903 ns/op   9,512 B/op   3.00 allocs/op
  [2/2]  bench  AppRateLimiter_TxgroupToKeys          17,911 ns/op ±0%   9,512 B/op   3.00 allocs/op    680ms
  [1/2]  bench  AddressFormatting                     233 ns/op   128 B/op   2.00 allocs/op
  [2/2]  bench  AddressFormatting                     226 ns/op ±3%   128 B/op   2.00 allocs/op    580ms
  [1/2]  bench  UnmarshalChecksumAddress              532 ns/op   192 B/op   3.00 allocs/op
  [2/2]  bench  UnmarshalChecksumAddress              537 ns/op ±1%   192 B/op   3.00 allocs/op    350ms
  [1/2]  bench  CodecRealistic/encode-signed-pay      484 ns/op   2,688 B/op   1.00 allocs/op
  [2/2]  bench  CodecRealistic/encode-signed-pay      485 ns/op ±0%   2,688 B/op   1.00 allocs/op    670ms
  [1/2]  bench  CodecRealistic/decode-signed-pay      147 ns/op   64.0 B/op   3.00 allocs/op
  [2/2]  bench  CodecRealistic/decode-signed-pay      146 ns/op ±0%   64.0 B/op   3.00 allocs/op    500ms
  [1/2]  bench  CodecRealistic/encode-signed-appl     504 ns/op   3,072 B/op   1.00 allocs/op
  [2/2]  bench  CodecRealistic/encode-signed-appl     511 ns/op ±1%   3,072 B/op   1.00 allocs/op    310ms
  [1/2]  bench  CodecRealistic/decode-signed-appl     413 ns/op   376 B/op   13.0 allocs/op
  [2/2]  bench  CodecRealistic/decode-signed-appl     420 ns/op ±2%   376 B/op   13.0 allocs/op    310ms
  [1/2]  bench  CodecRealistic/encode-block-header    483 ns/op   1,824 B/op   3.00 allocs/op
  [2/2]  bench  CodecRealistic/encode-block-header    524 ns/op ±8%   1,824 B/op   3.00 allocs/op    330ms
  [1/2]  bench  CodecRealistic/decode-block-header    488 ns/op   720 B/op   9.00 allocs/op
  [2/2]  bench  CodecRealistic/decode-block-header    490 ns/op ±1%   720 B/op   9.00 allocs/op    310ms
  [1/2]  bench  HashObj/txn                           963 ns/op   3,936 B/op   3.00 allocs/op
  [2/2]  bench  HashObj/txn                           974 ns/op ±1%   3,936 B/op   3.00 allocs/op    340ms
  [1/2]  bench  HashObj/block-header                  1,895 ns/op   3,552 B/op   5.00 allocs/op
  [2/2]  bench  HashObj/block-header                  1,904 ns/op ±0%   3,552 B/op   5.00 allocs/op    360ms
  [1/2]  bench  AppendMsgBlockHeader                  33.6 ns/op   29.8 MB/s   0.000 B/op   0.000 allocs/op
  [2/2]  bench  AppendMsgBlockHeader                  33.5 ns/op ±0%   29.9 MB/s ±0%   0.000 B/op   0.000 allocs/op    390ms
  [1/2]  bench  Sortition                             327,353 ns/op   1,824 B/op   21.0 allocs/op
  [2/2]  bench  Sortition                             329,913 ns/op ±1%   1,824 B/op   21.0 allocs/op    410ms
  [1/2]  bench  StatusCachePut                        732 ns/op   220 B/op   1.00 allocs/op
  [2/2]  bench  StatusCachePut                        737 ns/op ±1%   220 B/op   1.00 allocs/op    350ms
  [1/2]  bench  StatusCacheCheckHit                   177 ns/op   19.0 B/op   2.00 allocs/op
  [2/2]  bench  StatusCacheCheckHit                   172 ns/op ±3%   19.0 B/op   2.00 allocs/op    530ms
  [1/2]  bench  StatusCacheCheckMiss                  53.1 ns/op   0.000 B/op   0.000 allocs/op
  [2/2]  bench  StatusCacheCheckMiss                  53.0 ns/op ±0%   0.000 B/op   0.000 allocs/op    420ms
  [1/2]  bench  TransactionPoolRecompute              920,629,756 ns/op   32,134 ns/txn   1,121,907,896 B/op   2,398,035 allocs/op
  [2/2]  bench  TransactionPoolRecompute              908,450,785 ns/op ±1%   31,709 ns/txn ±1%   1,121,643,224 B/op ±0%   2,398,004 allocs/op ±0%    2.39s
  [1/2]  bench  TxnIDs/signed-txn-id                  472 ns/op   0.000 B/op   0.000 allocs/op
  [2/2]  bench  TxnIDs/signed-txn-id                  463 ns/op ±2%   0.000 B/op   0.000 allocs/op    360ms
  [1/2]  bench  TxnIDs/group-id                       11,540 ns/op   2,273 B/op   4.00 allocs/op
  [2/2]  bench  TxnIDs/group-id                       11,598 ns/op ±1%   2,273 B/op   4.00 allocs/op    470ms
  [1/2]  bench  WellFormed/pay                        115 ns/op   0.000 B/op   0.000 allocs/op
  [2/2]  bench  WellFormed/pay                        115 ns/op ±0%   0.000 B/op   0.000 allocs/op    480ms
  [1/2]  bench  WellFormed/axfer                      97.8 ns/op   0.000 B/op   0.000 allocs/op
  [2/2]  bench  WellFormed/axfer                      98.0 ns/op ±0%   0.000 B/op   0.000 allocs/op    770ms
  [1/2]  bench  WellFormed/acfg                       105 ns/op   0.000 B/op   0.000 allocs/op
  [2/2]  bench  WellFormed/acfg                       105 ns/op ±0%   0.000 B/op   0.000 allocs/op    470ms
  [1/2]  bench  WellFormed/appl                       132 ns/op   0.000 B/op   0.000 allocs/op
  [2/2]  bench  WellFormed/appl                       135 ns/op ±2%   0.000 B/op   0.000 allocs/op    500ms
  [1/2]  bench  WellFormed/keyreg                     137 ns/op   0.000 B/op   0.000 allocs/op
  [2/2]  bench  WellFormed/keyreg                     137 ns/op   0.000 B/op   0.000 allocs/op    500ms
  [1/2]  bench  Assemble                              200,732 ns/op   329,240 B/op   3,263 allocs/op
  [2/2]  bench  Assemble                              229,486 ns/op ±13%   329,239 B/op ±0%   3,263 allocs/op    370ms
  [1/2]  bench  Disassemble                           38,787 ns/op   49,983 B/op   888 allocs/op
  [2/2]  bench  Disassemble                           38,640 ns/op ±0%   49,983 B/op ±0%   888 allocs/op    320ms
  [1/2]  bench  BoxOps/box_get                        1,858 ns/op   3.00 extra/op   3,364 B/op   33.0 allocs/op
  [2/2]  bench  BoxOps/box_get                        1,852 ns/op ±0%   3.00 extra/op   3,364 B/op   33.0 allocs/op    390ms
  [1/2]  bench  BoxOps/box_len                        1,490 ns/op   3.00 extra/op   1,023 B/op   31.0 allocs/op
  [2/2]  bench  BoxOps/box_len                        1,482 ns/op ±1%   3.00 extra/op   1,023 B/op   31.0 allocs/op    390ms
  [1/2]  bench  BoxOps/box_extract                    1,734 ns/op   4.00 extra/op   1,521 B/op   37.0 allocs/op
  [2/2]  bench  BoxOps/box_extract                    1,738 ns/op ±0%   4.00 extra/op   1,521 B/op   37.0 allocs/op    400ms
  [1/2]  bench  BoxOps/box_replace                    1,559 ns/op   3.00 extra/op   1,308 B/op   34.0 allocs/op
  [2/2]  bench  BoxOps/box_replace                    1,555 ns/op ±0%   3.00 extra/op   1,308 B/op   34.0 allocs/op    380ms
  [1/2]  bench  BoxOps/box_splice                     1,922 ns/op   4.00 extra/op   1,625 B/op   42.0 allocs/op
  [2/2]  bench  BoxOps/box_splice                     1,914 ns/op ±0%   4.00 extra/op   1,625 B/op   42.0 allocs/op    400ms
  [1/2]  bench  BoxOps/box_put                        1,629 ns/op   3.00 extra/op   2,087 B/op   31.0 allocs/op
  [2/2]  bench  BoxOps/box_put                        1,635 ns/op ±0%   3.00 extra/op   2,087 B/op   31.0 allocs/op    390ms
  [1/2]  bench  BoxOps/box_resize                     3,439 ns/op   5.00 extra/op   1,722 B/op   52.0 allocs/op
  [2/2]  bench  BoxOps/box_resize                     3,426 ns/op ±0%   5.00 extra/op   1,722 B/op   52.0 allocs/op    410ms
  [1/2]  bench  BoxOps/box_create_del                 3,330 ns/op   6.00 extra/op   1,779 B/op   54.0 allocs/op
  [2/2]  bench  BoxOps/box_create_del                 3,323 ns/op ±0%   6.00 extra/op   1,779 B/op ±0%   54.0 allocs/op    430ms
  [1/2]  bench  InnerTxn/pay                          11,815 ns/op   24,581 B/op   127 allocs/op
  [2/2]  bench  InnerTxn/pay                          11,882 ns/op ±1%   24,582 B/op ±0%   127 allocs/op    480ms
  [1/2]  bench  InnerTxn/axfer                        13,846 ns/op   25,181 B/op   134 allocs/op
  [2/2]  bench  InnerTxn/axfer                        13,174 ns/op ±5%   25,182 B/op ±0%   134 allocs/op    490ms
  [1/2]  bench  InnerTxn/appl                         12,244 ns/op   33,111 B/op   100 allocs/op
  [2/2]  bench  InnerTxn/appl                         12,176 ns/op ±1%   33,111 B/op   100 allocs/op    480ms
  [1/2]  bench  StateOps/app_global_get               930 ns/op   2.00 extra/op   677 B/op   21.0 allocs/op
  [2/2]  bench  StateOps/app_global_get               921 ns/op ±1%   2.00 extra/op   677 B/op   21.0 allocs/op    380ms
  [1/2]  bench  StateOps/app_global_put               1,381 ns/op   2.00 extra/op   1,353 B/op   27.0 allocs/op
  [2/2]  bench  StateOps/app_global_put               1,383 ns/op ±0%   2.00 extra/op   1,353 B/op   27.0 allocs/op    380ms
  [1/2]  bench  StateOps/app_global_del               690 ns/op   1.00 extra/op   499 B/op   15.0 allocs/op
  [2/2]  bench  StateOps/app_global_del               684 ns/op ±1%   1.00 extra/op   499 B/op   15.0 allocs/op    360ms
  [1/2]  bench  StateOps/app_local_get                1,286 ns/op   3.00 extra/op   912 B/op   29.0 allocs/op
  [2/2]  bench  StateOps/app_local_get                1,293 ns/op ±1%   3.00 extra/op   912 B/op   29.0 allocs/op    390ms
  [1/2]  bench  StateOps/app_local_put                1,518 ns/op   3.00 extra/op   1,166 B/op   33.0 allocs/op
  [2/2]  bench  StateOps/app_local_put                1,528 ns/op ±1%   3.00 extra/op   1,166 B/op ±0%   33.0 allocs/op    390ms
  [1/2]  bench  StateOps/app_local_del                1,060 ns/op   2.00 extra/op   702 B/op   23.0 allocs/op
  [2/2]  bench  StateOps/app_local_del                1,063 ns/op ±0%   2.00 extra/op   702 B/op   23.0 allocs/op    370ms
  [1/2]  bench  StateOps/asset_holding_get            1,741 ns/op   4.00 extra/op   1,277 B/op   36.0 allocs/op
  [2/2]  bench  StateOps/asset_holding_get            1,752 ns/op ±1%   4.00 extra/op   1,277 B/op ±0%   36.0 allocs/op    390ms
  [1/2]  bench  StateOps/asset_params_get             1,531 ns/op   3.00 extra/op   1,509 B/op   34.0 allocs/op
  [2/2]  bench  StateOps/asset_params_get             1,526 ns/op ±0%   3.00 extra/op   1,509 B/op   34.0 allocs/op    390ms
  [1/2]  bench  StateOps/app_params_get               1,528 ns/op   3.00 extra/op   1,325 B/op   30.0 allocs/op
  [2/2]  bench  StateOps/app_params_get               1,491 ns/op ±3%   3.00 extra/op   1,325 B/op ±0%   30.0 allocs/op    390ms
  [1/2]  bench  StateOps/acct_params_get              2,322 ns/op   3.00 extra/op   1,708 B/op   36.0 allocs/op
  [2/2]  bench  StateOps/acct_params_get              2,323 ns/op ±0%   3.00 extra/op   1,709 B/op ±0%   36.0 allocs/op    400ms
  [1/2]  bench  Verify/pop                            28.6 ns/op   3.00 extra/op   6.00 B/op   0.000 allocs/op
  [2/2]  bench  Verify/pop                            28.7 ns/op ±0%   3.00 extra/op   6.00 B/op   0.000 allocs/op    440ms
  [1/2]  bench  Verify/add                            30.8 ns/op   3.00 extra/op   6.00 B/op   0.000 allocs/op
  [2/2]  bench  Verify/add                            31.3 ns/op ±2%   3.00 extra/op   6.00 B/op   0.000 allocs/op    460ms
  [1/2]  bench  Verify/ed25519verify_bare             38,479 ns/op   7.00 extra/op   103 B/op   2.00 allocs/op
  [2/2]  bench  Verify/ed25519verify_bare             38,461 ns/op ±0%   7.00 extra/op   103 B/op   2.00 allocs/op    430ms
  [1/2]  bench  Verify/ecdsa_verify_k1                36,921 ns/op   7.00 extra/op   343 B/op   6.00 allocs/op
  [2/2]  bench  Verify/ecdsa_verify_k1                37,649 ns/op ±2%   7.00 extra/op   343 B/op   6.00 allocs/op    480ms
  [1/2]  bench  Verify/ecdsa_verify_r1                46,392 ns/op   7.00 extra/op   1,415 B/op   25.0 allocs/op
  [2/2]  bench  Verify/ecdsa_verify_r1                46,443 ns/op ±0%   7.00 extra/op   1,415 B/op   25.0 allocs/op    460ms
  [1/2]  bench  Verify/falcon_verify_FalconDet1024    32,611 ns/op   4.00 extra/op   2,054 B/op   1.00 allocs/op
  [2/2]  bench  Verify/falcon_verify_FalconDet1024    33,066 ns/op ±1%   4.00 extra/op   2,054 B/op   1.00 allocs/op    590ms
  [1/2]  bench  Verify/falcon_verify_FalconDet512     16,065 ns/op   4.00 extra/op   1,030 B/op   1.00 allocs/op
  [2/2]  bench  Verify/falcon_verify_FalconDet512     16,118 ns/op ±0%   4.00 extra/op   1,031 B/op ±0%   1.00 allocs/op    740ms
  [1/2]  bench  Verify/vrf_verify                     136,228 ns/op   5.00 extra/op   282 B/op   6.00 allocs/op
  [2/2]  bench  Verify/vrf_verify                     147,987 ns/op ±8%   5.00 extra/op   282 B/op   6.00 allocs/op    500ms
  [1/2]  bench  CheckSignature                        5,066 ns/op   12,320 B/op   9.00 allocs/op
  [2/2]  bench  CheckSignature                        5,069 ns/op ±0%   12,320 B/op   9.00 allocs/op    410ms
  [1/2]  bench  Addx64/add_long_stack                 3,884 ns/op   17,072 B/op   12.0 allocs/op
  [2/2]  bench  Addx64/add_long_stack                 4,047 ns/op ±4%   17,072 B/op   12.0 allocs/op    420ms
  [1/2]  bench  Addx64/add_small_stack                3,753 ns/op   13,616 B/op   10.0 allocs/op
  [2/2]  bench  Addx64/add_small_stack                4,077 ns/op ±8%   13,616 B/op   10.0 allocs/op    410ms
  [1/2]  bench  NopPassx1                             1,743 ns/op   13,616 B/op   10.0 allocs/op
  [2/2]  bench  NopPassx1                             1,759 ns/op ±1%   13,616 B/op   10.0 allocs/op    350ms
  [1/2]  bench  Checkx5                               69,046 ns/op   107,269 B/op   957 allocs/op
  [2/2]  bench  Checkx5                               69,084 ns/op ±0%   107,269 B/op   957 allocs/op    350ms
  [1/2]  bench  AppendMsgSignedTxn                    68.1 ns/op   14.7 MB/s   0.000 B/op   0.000 allocs/op
  [2/2]  bench  AppendMsgSignedTxn                    67.5 ns/op ±1%   14.8 MB/s ±1%   0.000 B/op   0.000 allocs/op    430ms
  [1/2]  bench  TinyMan/eval-lsig-signature           9,926 ns/op   36,840 B/op   86.0 allocs/op
  [2/2]  bench  TinyMan/eval-lsig-signature           10,413 ns/op ±5%   36,840 B/op   86.0 allocs/op    490ms
  [1/2]  bench  TinyMan/group-check-actual            91,713 ns/op   99,552 B/op   135 allocs/op
  [2/2]  bench  TinyMan/group-check-actual            92,231 ns/op ±1%   99,540 B/op ±0%   135 allocs/op    1.31s
  [1/2]  bench  TinyMan/group-check-all-crypto        103,629 ns/op   54,282 B/op   34.0 allocs/op
  [2/2]  bench  TinyMan/group-check-all-crypto        103,424 ns/op ±0%   54,314 B/op ±0%   34.0 allocs/op    340ms
  [1/2]  bench  LogicSigSanityCheck                   6,871 ns/op   18,296 B/op   14.0 allocs/op
  [2/2]  bench  LogicSigSanityCheck                   6,864 ns/op ±0%   18,296 B/op   14.0 allocs/op    430ms
  [1/2]  bench  PaysetGroups                          10,775 ns/op   28,443 B/op   6.00 allocs/op
  [2/2]  bench  PaysetGroups                          11,033 ns/op ±2%   29,071 B/op ±2%   6.00 allocs/op    750ms
  [1/2]  bench  Txn                                   22,288 ns/op   12,290 B/op   6.00 allocs/op
  [2/2]  bench  Txn                                   22,308 ns/op ±0%   12,299 B/op ±0%   6.00 allocs/op    1.6s
  [1/2]  bench  TxHandlerProcessing/processDecoded    10,850 ns/op   3,912 B/op   44.0 allocs/op
  [2/2]  bench  TxHandlerProcessing/processDecoded    10,570 ns/op ±3%   3,912 B/op   44.0 allocs/op    1.15s
  [1/2]  bench  TxHandlerProcessing/verify.TxnGroup   42,723 ns/op   11,872 B/op   16.0 allocs/op
  [2/2]  bench  TxHandlerProcessing/verify.TxnGroup   42,409 ns/op ±1%   11,872 B/op   16.0 allocs/op    500ms
  [1/2]  bench  TxHandlerDecoderMsgp                  5,288,775 ns/op   3,146,996 B/op   26,230 allocs/op
  [2/2]  bench  TxHandlerDecoderMsgp                  5,784,132 ns/op ±9%   3,098,314 B/op ±2%   26,211 allocs/op ±0%    740ms
  [1/2]  bench  CompactDeltas/account-deltas          1,900,599 ns/op   4,123,000 B/op   16.0 allocs/op
  [2/2]  bench  CompactDeltas/account-deltas          1,896,943 ns/op ±0%   4,123,000 B/op   16.0 allocs/op    1.93s
  [1/2]  bench  Apply/asset-transfer                  421 ns/op   512 B/op   4.00 allocs/op
  [2/2]  bench  Apply/asset-transfer                  447 ns/op ±6%   512 B/op   4.00 allocs/op    300ms
  [1/2]  bench  Apply/keyreg                          284 ns/op   0.000 B/op   0.000 allocs/op
  [2/2]  bench  Apply/keyreg                          283 ns/op ±0%   0.000 B/op   0.000 allocs/op    640ms
  [1/2]  bench  Apply/app-call                        117 ns/op   0.000 B/op   0.000 allocs/op
  [2/2]  bench  Apply/app-call                        118 ns/op ±1%   0.000 B/op   0.000 allocs/op    490ms
  [1/2]  bench  CompactResourceDeltas                 4,183,631 ns/op   10,273,457 B/op   36.0 allocs/op
  [2/2]  bench  CompactResourceDeltas                 4,180,188 ns/op ±0%   10,273,457 B/op ±0%   36.0 allocs/op    430ms
  [1/2]  bench  TxTailCheckDup/hit                    54.5 ns/op   48.0 B/op   1.00 allocs/op
  [2/2]  bench  TxTailCheckDup/hit                    54.1 ns/op ±1%   48.0 B/op   1.00 allocs/op    410ms
  [1/2]  bench  TxTailCheckDup/miss                   36.1 ns/op   0.000 B/op   0.000 allocs/op
  [2/2]  bench  TxTailCheckDup/miss                   36.0 ns/op ±0%   0.000 B/op   0.000 allocs/op    390ms
  [1/2]  bench  CowChild                              48.8 ns/op   0.000 B/op   0.000 allocs/op
  [2/2]  bench  CowChild                              47.0 ns/op ±4%   0.000 B/op   0.000 allocs/op    390ms
  [1/2]  bench  PrefetcherApps                        163 ns/op   110 B/op   1.00 allocs/op
  [2/2]  bench  PrefetcherApps                        179 ns/op ±9%   110 B/op ±0%   1.00 allocs/op    2.63s
  [1/2]  bench  PrefetcherPayment                     218 ns/op   82.0 B/op   0.000 allocs/op
  [2/2]  bench  PrefetcherPayment                     224 ns/op ±3%   82.0 B/op   0.000 allocs/op    1.22s
  [1/2]  bench  BlockEvaluatorRAMNoCrypto             400,363,522 ns/op   8,008 ns/eval_validate_tx   589,694,204 B/op   1,351,151 allocs/op
  [2/2]  bench  BlockEvaluatorRAMNoCrypto             379,967,008 ns/op ±5%   7,601 ns/eval_validate_tx ±5%   589,621,798 B/op ±0%   1,351,137 allocs/op ±0%    6.66s
  [1/2]  bench  BlockValidationMix                    1,153,860,128 ns/op   1,920,168,912 B/op   7,444,819 allocs/op
  [2/2]  bench  BlockValidationMix                    1,171,635,714 ns/op ±2%   1,924,854,588 B/op ±0%   7,449,322 allocs/op ±0%    6.89s
  [1/2]  bench  AppInt1                               626,319,646 ns/op   1,884,160,392 B/op   2,941,487 allocs/op
  [2/2]  bench  AppInt1                               610,405,530 ns/op ±3%   1,928,994,472 B/op ±2%   2,941,484 allocs/op ±0%    1.35s
  [1/2]  bench  AccountDeltasOps/upsert               364,490 ns/op   3,539,639 B/op   35.0 allocs/op
  [2/2]  bench  AccountDeltasOps/upsert               363,785 ns/op ±0%   3,539,640 B/op ±0%   35.0 allocs/op    380ms
  [1/2]  bench  AccountDeltasOps/merge                337,254 ns/op   800,534 B/op   66.0 allocs/op
  [2/2]  bench  AccountDeltasOps/merge                334,638 ns/op ±1%   800,532 B/op ±0%   66.0 allocs/op    710ms
  [1/2]  bench  AccountDeltasOps/optimize             76,081 ns/op   1,131,187 B/op   35.0 allocs/op
  [2/2]  bench  AccountDeltasOps/optimize             81,639 ns/op ±7%   1,131,187 B/op ±0%   35.0 allocs/op    610ms
  [1/2]  bench  MakeStateDelta                        522,247 ns/op   20,811,622 B/op   197 allocs/op
  [2/2]  bench  MakeStateDelta                        529,679 ns/op ±1%   20,811,622 B/op   197 allocs/op    390ms
  [1/2]  bench  OnlineAccountsCacheRead320            2,153,881 ns/op   461,097 B/op   2,628 allocs/op
  [2/2]  bench  OnlineAccountsCacheRead320            2,231,191 ns/op ±3%   455,223 B/op ±1%   2,595 allocs/op ±1%    820ms
  [1/2]  bench  MessageFilterCheck/hit                3,682 ns/op   1,248 B/op   9.00 allocs/op
  [2/2]  bench  MessageFilterCheck/hit                3,687 ns/op ±0%   1,248 B/op   9.00 allocs/op    370ms
  [1/2]  bench  MessageFilterCheck/miss               3,761 ns/op   1,248 B/op   9.00 allocs/op
  [2/2]  bench  MessageFilterCheck/miss               3,733 ns/op ±1%   1,248 B/op   9.00 allocs/op    370ms
  [1/2]  bench  GenerateMessageDigest                 336 ns/op   0.000 B/op   0.000 allocs/op
  [2/2]  bench  GenerateMessageDigest                 336 ns/op ±0%   0.000 B/op   0.000 allocs/op    340ms
  [1/2]  bench  VpackVote/compress                    303 ns/op   2,076 MB/s   0.000 B/op   0.000 allocs/op
  [2/2]  bench  VpackVote/compress                    303 ns/op ±0%   2,076 MB/s ±0%   0.000 B/op   0.000 allocs/op    300ms
  [1/2]  bench  VpackVote/decompress                  71.6 ns/op   6,593 MB/s   0.000 B/op   0.000 allocs/op
  [2/2]  bench  VpackVote/decompress                  71.3 ns/op ±0%   6,617 MB/s ±0%   0.000 B/op   0.000 allocs/op    430ms
  [1/2]  bench  BloomFilterSet                        68.3 ns/op   0.000 B/op   0.000 allocs/op
  [2/2]  bench  BloomFilterSet                        68.2 ns/op ±0%   0.000 B/op   0.000 allocs/op    1.3s
  [1/2]  bench  BloomFilterTest                       65.8 ns/op   0.000 B/op   0.000 allocs/op
  [2/2]  bench  BloomFilterTest                       64.7 ns/op ±2%   0.000 B/op   0.000 allocs/op    1.51s
  [1/2]  bench  TagCounter                            9.88 ns/op   0.000 B/op   0.000 allocs/op
  [2/2]  bench  TagCounter                            9.93 ns/op ±0%   0.000 B/op   0.000 allocs/op    370ms
