  [1/2]  bench  VoteVerify                            278,411 ns/op   6,888 B/op   65.0 allocs/op
  [2/2]  bench  VoteVerify                            276,063 ns/op ±1%   6,888 B/op   65.0 allocs/op    470ms
  [1/2]  bench  CryptoVerifierVoteVertification       127,428 ns/op   24,007 B/op   71.0 allocs/op
  [2/2]  bench  CryptoVerifierVoteVertification       126,263 ns/op ±1%   24,006 B/op ±0%   71.0 allocs/op    450ms
  [1/2]  bench  CryptoVerifierProposalVertification   171,372 ns/op   12,474 B/op   54.0 allocs/op
  [2/2]  bench  CryptoVerifierProposalVertification   172,244 ns/op ±1%   12,474 B/op ±0%   54.0 allocs/op    470ms
  [1/2]  bench  VoteDecoding                          246 ns/op   1,152 B/op   2.00 allocs/op
  [2/2]  bench  VoteDecoding                          247 ns/op ±0%   1,152 B/op   2.00 allocs/op    690ms
  [1/2]  bench  RouterUpdate/root                     81.4 ns/op   0.000 B/op   0.000 allocs/op
  [2/2]  bench  RouterUpdate/root                     76.0 ns/op ±7%   0.000 B/op   0.000 allocs/op    430ms
  [1/2]  bench  RouterUpdate/round                    49.0 ns/op   0.000 B/op   0.000 allocs/op
  [2/2]  bench  RouterUpdate/round                    48.3 ns/op ±1%   0.000 B/op   0.000 allocs/op    410ms
  [1/2]  bench  NoiseSentinelHash                     31,602 ns/op   2,074 MB/s   0.000 B/op   0.000 allocs/op
  [2/2]  bench  NoiseSentinelHash                     31,371 ns/op ±1%   2,089 MB/s ±1%   0.000 B/op   0.000 allocs/op    310ms
  [1/2]  bench  NoiseSentinelLoop                     5,746 ns/op   0.000 B/op   0.000 allocs/op
  [2/2]  bench  NoiseSentinelLoop                     5,748 ns/op ±0%   0.000 B/op   0.000 allocs/op    410ms
  [1/2]  bench  BatchVerifierImpls/libsodium_single   2,594,568 ns/op   21,264 B/op   261 allocs/op
  [2/2]  bench  BatchVerifierImpls/libsodium_single   2,590,135 ns/op ±0%   21,264 B/op   261 allocs/op    620ms
  [1/2]  bench  BatchVerifierImpls/libsodium_batch    1,137,152 ns/op   26,064 B/op   12.0 allocs/op
  [2/2]  bench  BatchVerifierImpls/libsodium_batch    1,112,643 ns/op ±2%   26,064 B/op   12.0 allocs/op    470ms
  [1/2]  bench  BatchVerifierImpls/ed25519consensus   1,071,478 ns/op   270,016 B/op   137 allocs/op
  [2/2]  bench  BatchVerifierImpls/ed25519consensus   1,075,806 ns/op ±0%   270,016 B/op   137 allocs/op    460ms
  [1/2]  bench  Hash                                  169 ns/op   0.000 B/op   0.000 allocs/op
  [2/2]  bench  Hash                                  169 ns/op ±0%   0.000 B/op   0.000 allocs/op    530ms
  [1/2]  bench  SignVerify                            50,815 ns/op   336 B/op   10.0 allocs/op
  [2/2]  bench  SignVerify                            51,025 ns/op ±0%   336 B/op   10.0 allocs/op    340ms
  [1/2]  bench  Verify25519/libsodium                 43,432 ns/op   128 B/op   4.00 allocs/op
  [2/2]  bench  Verify25519/libsodium                 41,543 ns/op ±5%   128 B/op   4.00 allocs/op    450ms
  [1/2]  bench  Verify25519/ed25519consensus          35,793 ns/op   32.0 B/op   2.00 allocs/op
  [2/2]  bench  Verify25519/ed25519consensus          35,790 ns/op ±0%   32.0 B/op   2.00 allocs/op    480ms
  [1/2]  bench  OneTimeSigBatchVerification/libsodium_singles  121,001 ns/op   1,305 B/op   24.0 allocs/op
  [2/2]  bench  OneTimeSigBatchVerification/libsodium_singles  122,301 ns/op ±1%   1,304 B/op ±0%   24.0 allocs/op    590ms
  [1/2]  bench  OneTimeSigBatchVerification/libsodium_batch  100,955 ns/op   1,144 B/op   17.0 allocs/op
  [2/2]  bench  OneTimeSigBatchVerification/libsodium_batch  99,989 ns/op ±1%   1,144 B/op   17.0 allocs/op    590ms
  [1/2]  bench  OneTimeSigBatchVerification/ed25519consensus_batch  76,648 ns/op   14,320 B/op   22.0 allocs/op
  [2/2]  bench  OneTimeSigBatchVerification/ed25519consensus_batch  77,385 ns/op ±1%   14,320 B/op   22.0 allocs/op    640ms
  [1/2]  bench  VrfVerify                             142,753 ns/op   176 B/op   3.00 allocs/op
  [2/2]  bench  VrfVerify                             143,743 ns/op ±1%   176 B/op   3.00 allocs/op    710ms
  [1/2]  bench  AppRateLimiter_TxgroupToKeys          17,514 ns/op   9,512 B/op   3.00 allocs/op
  [2/2]  bench  AppRateLimiter_TxgroupToKeys          17,532 ns/op ±0%   9,512 B/op   3.00 allocs/op    680ms
  [1/2]  bench  AddressFormatting                     223 ns/op   128 B/op   2.00 allocs/op
  [2/2]  bench  AddressFormatting                     221 ns/op ±1%   128 B/op   2.00 allocs/op    580ms
  [1/2]  bench  UnmarshalChecksumAddress              551 ns/op   192 B/op   3.00 allocs/op
  [2/2]  bench  UnmarshalChecksumAddress              552 ns/op ±0%   192 B/op   3.00 allocs/op    330ms
  [1/2]  bench  CodecRealistic/encode-signed-pay      478 ns/op   2,688 B/op   1.00 allocs/op
  [2/2]  bench  CodecRealistic/encode-signed-pay      485 ns/op ±2%   2,688 B/op   1.00 allocs/op    350ms
  [1/2]  bench  CodecRealistic/decode-signed-pay      151 ns/op   64.0 B/op   3.00 allocs/op
  [2/2]  bench  CodecRealistic/decode-signed-pay      150 ns/op ±1%   64.0 B/op   3.00 allocs/op    510ms
  [1/2]  bench  CodecRealistic/encode-signed-appl     540 ns/op   3,072 B/op   1.00 allocs/op
  [2/2]  bench  CodecRealistic/encode-signed-appl     531 ns/op ±2%   3,072 B/op   1.00 allocs/op    390ms
  [1/2]  bench  CodecRealistic/decode-signed-appl     419 ns/op   376 B/op   13.0 allocs/op
  [2/2]  bench  CodecRealistic/decode-signed-appl     413 ns/op ±2%   376 B/op   13.0 allocs/op    640ms
  [1/2]  bench  CodecRealistic/encode-block-header    491 ns/op   1,824 B/op   3.00 allocs/op
  [2/2]  bench  CodecRealistic/encode-block-header    485 ns/op ±1%   1,824 B/op   3.00 allocs/op    330ms
  [1/2]  bench  CodecRealistic/decode-block-header    497 ns/op   720 B/op   9.00 allocs/op
  [2/2]  bench  CodecRealistic/decode-block-header    498 ns/op ±0%   720 B/op   9.00 allocs/op    310ms
  [1/2]  bench  HashObj/txn                           991 ns/op   3,936 B/op   3.00 allocs/op
  [2/2]  bench  HashObj/txn                           998 ns/op ±1%   3,936 B/op   3.00 allocs/op    320ms
  [1/2]  bench  HashObj/block-header                  1,913 ns/op   3,552 B/op   5.00 allocs/op
  [2/2]  bench  HashObj/block-header                  1,925 ns/op ±1%   3,552 B/op   5.00 allocs/op    360ms
  [1/2]  bench  AppendMsgBlockHeader                  33.3 ns/op   30.0 MB/s   0.000 B/op   0.000 allocs/op
  [2/2]  bench  AppendMsgBlockHeader                  33.4 ns/op ±0%   29.9 MB/s ±0%   0.000 B/op   0.000 allocs/op    390ms
  [1/2]  bench  Sortition                             335,444 ns/op   1,824 B/op   21.0 allocs/op
  [2/2]  bench  Sortition                             330,759 ns/op ±1%   1,824 B/op   21.0 allocs/op    400ms
  [1/2]  bench  StatusCachePut                        793 ns/op   220 B/op   1.00 allocs/op
  [2/2]  bench  StatusCachePut                        773 ns/op ±3%   220 B/op   1.00 allocs/op    360ms
  [1/2]  bench  StatusCacheCheckHit                   166 ns/op   19.0 B/op   2.00 allocs/op
  [2/2]  bench  StatusCacheCheckHit                   165 ns/op ±0%   19.0 B/op   2.00 allocs/op    530ms
  [1/2]  bench  StatusCacheCheckMiss                  53.1 ns/op   0.000 B/op   0.000 allocs/op
  [2/2]  bench  StatusCacheCheckMiss                  54.0 ns/op ±2%   0.000 B/op   0.000 allocs/op    430ms
  [1/2]  bench  TransactionPoolRecompute              936,637,674 ns/op   32,692 ns/txn   1,121,730,344 B/op   2,397,975 allocs/op
  [2/2]  bench  TransactionPoolRecompute              916,982,316 ns/op ±2%   32,006 ns/txn ±2%   1,121,469,860 B/op ±0%   2,397,961 allocs/op ±0%    2.39s
  [1/2]  bench  TxnIDs/signed-txn-id                  456 ns/op   0.000 B/op   0.000 allocs/op
  [2/2]  bench  TxnIDs/signed-txn-id                  455 ns/op ±0%   0.000 B/op   0.000 allocs/op    370ms
  [1/2]  bench  TxnIDs/group-id                       11,770 ns/op   2,275 B/op   4.00 allocs/op
  [2/2]  bench  TxnIDs/group-id                       11,788 ns/op ±0%   2,273 B/op ±0%   4.00 allocs/op    470ms
  [1/2]  bench  WellFormed/pay                        116 ns/op   0.000 B/op   0.000 allocs/op
  [2/2]  bench  WellFormed/pay                        114 ns/op ±2%   0.000 B/op   0.000 allocs/op    470ms
  [1/2]  bench  WellFormed/axfer                      96.9 ns/op   0.000 B/op   0.000 allocs/op
  [2/2]  bench  WellFormed/axfer                      98.0 ns/op ±1%   0.000 B/op   0.000 allocs/op    470ms
  [1/2]  bench  WellFormed/acfg                       108 ns/op   0.000 B/op   0.000 allocs/op
  [2/2]  bench  WellFormed/acfg                       108 ns/op ±1%   0.000 B/op   0.000 allocs/op    480ms
  [1/2]  bench  WellFormed/appl                       137 ns/op   0.000 B/op   0.000 allocs/op
  [2/2]  bench  WellFormed/appl                       136 ns/op ±0%   0.000 B/op   0.000 allocs/op    470ms
  [1/2]  bench  WellFormed/keyreg                     135 ns/op   0.000 B/op   0.000 allocs/op
  [2/2]  bench  WellFormed/keyreg                     136 ns/op ±0%   0.000 B/op   0.000 allocs/op    500ms
  [1/2]  bench  Assemble                              191,136 ns/op   329,243 B/op   3,263 allocs/op
  [2/2]  bench  Assemble                              192,139 ns/op ±1%   329,242 B/op ±0%   3,263 allocs/op    360ms
  [1/2]  bench  Disassemble                           37,539 ns/op   49,983 B/op   888 allocs/op
  [2/2]  bench  Disassemble                           37,399 ns/op ±0%   49,983 B/op   888 allocs/op    330ms
  [1/2]  bench  BoxOps/box_get                        1,908 ns/op   3.00 extra/op   3,364 B/op   33.0 allocs/op
  [2/2]  bench  BoxOps/box_get                        1,871 ns/op ±2%   3.00 extra/op   3,364 B/op ±0%   33.0 allocs/op    410ms
  [1/2]  bench  BoxOps/box_len                        1,520 ns/op   3.00 extra/op   1,023 B/op   31.0 allocs/op
  [2/2]  bench  BoxOps/box_len                        1,534 ns/op ±1%   3.00 extra/op   1,023 B/op   31.0 allocs/op    390ms
  [1/2]  bench  BoxOps/box_extract                    1,793 ns/op   4.00 extra/op   1,521 B/op   37.0 allocs/op
  [2/2]  bench  BoxOps/box_extract                    1,788 ns/op ±0%   4.00 extra/op   1,521 B/op   37.0 allocs/op    400ms
  [1/2]  bench  BoxOps/box_replace                    1,601 ns/op   3.00 extra/op   1,308 B/op   34.0 allocs/op
  [2/2]  bench  BoxOps/box_replace                    1,614 ns/op ±1%   3.00 extra/op   1,308 B/op   34.0 allocs/op    390ms
  [1/2]  bench  BoxOps/box_splice                     1,954 ns/op   4.00 extra/op   1,625 B/op   42.0 allocs/op
  [2/2]  bench  BoxOps/box_splice                     1,985 ns/op ±2%   4.00 extra/op   1,625 B/op   42.0 allocs/op    410ms
  [1/2]  bench  BoxOps/box_put                        1,668 ns/op   3.00 extra/op   2,087 B/op   31.0 allocs/op
  [2/2]  bench  BoxOps/box_put                        1,650 ns/op ±1%   3.00 extra/op   2,088 B/op ±0%   31.0 allocs/op    370ms
  [1/2]  bench  BoxOps/box_resize                     3,673 ns/op   5.00 extra/op   1,722 B/op   52.0 allocs/op
  [2/2]  bench  BoxOps/box_resize                     3,587 ns/op ±2%   5.00 extra/op   1,723 B/op ±0%   52.0 allocs/op    440ms
  [1/2]  bench  BoxOps/box_create_del                 3,384 ns/op   6.00 extra/op   1,778 B/op   54.0 allocs/op
  [2/2]  bench  BoxOps/box_create_del                 3,561 ns/op ±5%   6.00 extra/op   1,778 B/op   54.0 allocs/op    460ms
  [1/2]  bench  InnerTxn/pay                          11,890 ns/op   24,581 B/op   127 allocs/op
  [2/2]  bench  InnerTxn/pay                          12,066 ns/op ±1%   24,582 B/op ±0%   127 allocs/op    480ms
  [1/2]  bench  InnerTxn/axfer                        12,434 ns/op   25,181 B/op   134 allocs/op
  [2/2]  bench  InnerTxn/axfer                        14,466 ns/op ±14%   25,181 B/op ±0%   134 allocs/op    600ms
  [1/2]  bench  InnerTxn/appl                         12,068 ns/op   33,111 B/op   100 allocs/op
  [2/2]  bench  InnerTxn/appl                         12,078 ns/op ±0%   33,111 B/op   100 allocs/op    480ms
  [1/2]  bench  StateOps/app_global_get               908 ns/op   2.00 extra/op   677 B/op   21.0 allocs/op
  [2/2]  bench  StateOps/app_global_get               955 ns/op ±5%   2.00 extra/op   677 B/op   21.0 allocs/op    410ms
  [1/2]  bench  StateOps/app_global_put               1,367 ns/op   2.00 extra/op   1,353 B/op   27.0 allocs/op
  [2/2]  bench  StateOps/app_global_put               1,380 ns/op ±1%   2.00 extra/op   1,353 B/op   27.0 allocs/op    370ms
  [1/2]  bench  StateOps/app_global_del               666 ns/op   1.00 extra/op   499 B/op   15.0 allocs/op
  [2/2]  bench  StateOps/app_global_del               673 ns/op ±1%   1.00 extra/op   499 B/op   15.0 allocs/op    340ms
  [1/2]  bench  StateOps/app_local_get                1,305 ns/op   3.00 extra/op   912 B/op   29.0 allocs/op
  [2/2]  bench  StateOps/app_local_get                1,312 ns/op ±1%   3.00 extra/op   912 B/op   29.0 allocs/op    400ms
  [1/2]  bench  StateOps/app_local_put                1,563 ns/op   3.00 extra/op   1,165 B/op   33.0 allocs/op
  [2/2]  bench  StateOps/app_local_put                1,691 ns/op ±8%   3.00 extra/op   1,166 B/op ±0%   33.0 allocs/op    450ms
  [1/2]  bench  StateOps/app_local_del                1,066 ns/op   2.00 extra/op   702 B/op   23.0 allocs/op
  [2/2]  bench  StateOps/app_local_del                1,067 ns/op ±0%   2.00 extra/op   702 B/op   23.0 allocs/op    370ms
  [1/2]  bench  StateOps/asset_holding_get            1,784 ns/op   4.00 extra/op   1,276 B/op   36.0 allocs/op
  [2/2]  bench  StateOps/asset_holding_get            1,771 ns/op ±1%   4.00 extra/op   1,277 B/op ±0%   36.0 allocs/op    390ms
  [1/2]  bench  StateOps/asset_params_get             1,524 ns/op   3.00 extra/op   1,509 B/op   34.0 allocs/op
  [2/2]  bench  StateOps/asset_params_get             1,588 ns/op ±4%   3.00 extra/op   1,509 B/op   34.0 allocs/op    430ms
  [1/2]  bench  StateOps/app_params_get               1,479 ns/op   3.00 extra/op   1,324 B/op   30.0 allocs/op
  [2/2]  bench  StateOps/app_params_get               1,468 ns/op ±1%   3.00 extra/op   1,324 B/op   30.0 allocs/op    380ms
  [1/2]  bench  StateOps/acct_params_get              2,381 ns/op   3.00 extra/op   1,709 B/op   36.0 allocs/op
  [2/2]  bench  StateOps/acct_params_get              2,397 ns/op ±1%   3.00 extra/op   1,709 B/op   36.0 allocs/op    410ms
  [1/2]  bench  Verify/pop                            28.9 ns/op   3.00 extra/op   6.00 B/op   0.000 allocs/op
  [2/2]  bench  Verify/pop                            28.9 ns/op ±0%   3.00 extra/op   6.00 B/op   0.000 allocs/op    430ms
  [1/2]  bench  Verify/add                            32.8 ns/op   3.00 extra/op   6.00 B/op   0.000 allocs/op
  [2/2]  bench  Verify/add                            31.8 ns/op ±3%   3.00 extra/op   6.00 B/op   0.000 allocs/op    440ms
  [1/2]  bench  Verify/ed25519verify_bare             39,162 ns/op   7.00 extra/op   103 B/op   2.00 allocs/op
  [2/2]  bench  Verify/ed25519verify_bare             38,690 ns/op ±1%   7.00 extra/op   103 B/op   2.00 allocs/op    440ms
  [1/2]  bench  Verify/ecdsa_verify_k1                38,088 ns/op   7.00 extra/op   343 B/op   6.00 allocs/op
  [2/2]  bench  Verify/ecdsa_verify_k1                37,694 ns/op ±1%   7.00 extra/op   343 B/op   6.00 allocs/op    470ms
  [1/2]  bench  Verify/ecdsa_verify_r1                46,068 ns/op   7.00 extra/op   1,415 B/op   25.0 allocs/op
  [2/2]  bench  Verify/ecdsa_verify_r1                46,048 ns/op ±0%   7.00 extra/op   1,415 B/op   25.0 allocs/op    470ms
  [1/2]  bench  Verify/falcon_verify_FalconDet1024    33,354 ns/op   4.00 extra/op   2,054 B/op   1.00 allocs/op
  [2/2]  bench  Verify/falcon_verify_FalconDet1024    33,352 ns/op ±0%   4.00 extra/op   2,054 B/op   1.00 allocs/op    580ms
  [1/2]  bench  Verify/falcon_verify_FalconDet512     16,423 ns/op   4.00 extra/op   1,031 B/op   1.00 allocs/op
  [2/2]  bench  Verify/falcon_verify_FalconDet512     16,424 ns/op ±0%   4.00 extra/op   1,031 B/op ±0%   1.00 allocs/op    780ms
  [1/2]  bench  Verify/vrf_verify                     140,704 ns/op   5.00 extra/op   282 B/op   6.00 allocs/op
  [2/2]  bench  Verify/vrf_verify                     140,607 ns/op ±0%   5.00 extra/op   282 B/op   6.00 allocs/op    450ms
  [1/2]  bench  CheckSignature                        5,127 ns/op   12,320 B/op   9.00 allocs/op
  [2/2]  bench  CheckSignature                        5,121 ns/op ±0%   12,320 B/op   9.00 allocs/op    410ms
  [1/2]  bench  Addx64/add_long_stack                 3,885 ns/op   17,072 B/op   12.0 allocs/op
  [2/2]  bench  Addx64/add_long_stack                 3,899 ns/op ±0%   17,072 B/op   12.0 allocs/op    400ms
  [1/2]  bench  Addx64/add_small_stack                3,405 ns/op   13,616 B/op   10.0 allocs/op
  [2/2]  bench  Addx64/add_small_stack                3,431 ns/op ±1%   13,616 B/op   10.0 allocs/op    400ms
  [1/2]  bench  NopPassx1                             1,813 ns/op   13,616 B/op   10.0 allocs/op
  [2/2]  bench  NopPassx1                             1,798 ns/op ±1%   13,616 B/op   10.0 allocs/op    340ms
  [1/2]  bench  Checkx5                               69,681 ns/op   107,269 B/op   957 allocs/op
  [2/2]  bench  Checkx5                               70,017 ns/op ±0%   107,269 B/op   957 allocs/op    360ms
  [1/2]  bench  AppendMsgSignedTxn                    69.5 ns/op   14.4 MB/s   0.000 B/op   0.000 allocs/op
  [2/2]  bench  AppendMsgSignedTxn                    69.0 ns/op ±1%   14.5 MB/s ±1%   0.000 B/op   0.000 allocs/op    430ms
  [1/2]  bench  TinyMan/eval-lsig-signature           10,298 ns/op   36,840 B/op   86.0 allocs/op
  [2/2]  bench  TinyMan/eval-lsig-signature           10,211 ns/op ±1%   36,840 B/op   86.0 allocs/op    460ms
  [1/2]  bench  TinyMan/group-check-actual            105,842 ns/op   99,649 B/op   135 allocs/op
  [2/2]  bench  TinyMan/group-check-actual            98,699 ns/op ±7%   99,611 B/op ±0%   135 allocs/op    1.33s
  [1/2]  bench  TinyMan/group-check-all-crypto        103,834 ns/op   54,553 B/op   34.0 allocs/op
  [2/2]  bench  TinyMan/group-check-all-crypto        105,005 ns/op ±1%   54,528 B/op ±0%   34.0 allocs/op    350ms
  [1/2]  bench  LogicSigSanityCheck                   7,047 ns/op   18,296 B/op   14.0 allocs/op
  [2/2]  bench  LogicSigSanityCheck                   7,046 ns/op ±0%   18,296 B/op   14.0 allocs/op    420ms
  [1/2]  bench  PaysetGroups                          10,910 ns/op   28,712 B/op   6.00 allocs/op
  [2/2]  bench  PaysetGroups                          11,027 ns/op ±1%   28,705 B/op ±0%   6.00 allocs/op    760ms
  [1/2]  bench  Txn                                   23,224 ns/op   12,316 B/op   6.00 allocs/op
  [2/2]  bench  Txn                                   22,600 ns/op ±3%   12,304 B/op ±0%   6.00 allocs/op    1.58s
  [1/2]  bench  TxHandlerProcessing/processDecoded    10,652 ns/op   3,912 B/op   44.0 allocs/op
  [2/2]  bench  TxHandlerProcessing/processDecoded    10,652 ns/op   3,912 B/op   44.0 allocs/op    1.14s
  [1/2]  bench  TxHandlerProcessing/verify.TxnGroup   44,817 ns/op   11,872 B/op   16.0 allocs/op
  [2/2]  bench  TxHandlerProcessing/verify.TxnGroup   45,128 ns/op ±1%   11,872 B/op   16.0 allocs/op    470ms
  [1/2]  bench  TxHandlerDecoderMsgp                  11,105,843 ns/op   6,316,213 B/op   27,501 allocs/op
  [2/2]  bench  TxHandlerDecoderMsgp                  11,100,445 ns/op ±0%   6,215,628 B/op ±2%   27,461 allocs/op ±0%    780ms
  [1/2]  bench  CompactDeltas/account-deltas          2,018,948 ns/op   4,123,000 B/op   16.0 allocs/op
  [2/2]  bench  CompactDeltas/account-deltas          2,029,374 ns/op ±1%   4,123,000 B/op   16.0 allocs/op    2.08s
  [1/2]  bench  Apply/asset-transfer                  451 ns/op   512 B/op   4.00 allocs/op
  [2/2]  bench  Apply/asset-transfer                  452 ns/op ±0%   512 B/op   4.00 allocs/op    310ms
  [1/2]  bench  Apply/keyreg                          294 ns/op   0.000 B/op   0.000 allocs/op
  [2/2]  bench  Apply/keyreg                          295 ns/op ±0%   0.000 B/op   0.000 allocs/op    660ms
  [1/2]  bench  Apply/app-call                        119 ns/op   0.000 B/op   0.000 allocs/op
  [2/2]  bench  Apply/app-call                        119 ns/op ±0%   0.000 B/op   0.000 allocs/op    480ms
  [1/2]  bench  CompactResourceDeltas                 4,251,079 ns/op   10,273,457 B/op   36.0 allocs/op
  [2/2]  bench  CompactResourceDeltas                 4,312,361 ns/op ±1%   10,273,457 B/op ±0%   36.0 allocs/op    430ms
  [1/2]  bench  TxTailCheckDup/hit                    57.7 ns/op   48.0 B/op   1.00 allocs/op
  [2/2]  bench  TxTailCheckDup/hit                    57.5 ns/op ±0%   48.0 B/op   1.00 allocs/op    410ms
  [1/2]  bench  TxTailCheckDup/miss                   27.4 ns/op   0.000 B/op   0.000 allocs/op
  [2/2]  bench  TxTailCheckDup/miss                   27.6 ns/op ±1%   0.000 B/op   0.000 allocs/op    390ms
  [1/2]  bench  CowChild                              50.2 ns/op   0.000 B/op   0.000 allocs/op
  [2/2]  bench  CowChild                              47.9 ns/op ±5%   0.000 B/op   0.000 allocs/op    690ms
  [1/2]  bench  PrefetcherApps                        199 ns/op   110 B/op   1.00 allocs/op
  [2/2]  bench  PrefetcherApps                        199 ns/op ±0%   110 B/op ±0%   1.00 allocs/op    1.61s
  [1/2]  bench  PrefetcherPayment                     239 ns/op   82.0 B/op   0.000 allocs/op
  [2/2]  bench  PrefetcherPayment                     227 ns/op ±5%   82.0 B/op   0.000 allocs/op    1.2s
  [1/2]  bench  BlockEvaluatorRAMNoCrypto             358,478,250 ns/op   7,171 ns/eval_validate_tx   589,661,136 B/op   1,351,142 allocs/op
  [2/2]  bench  BlockEvaluatorRAMNoCrypto             388,576,910 ns/op ±8%   7,773 ns/eval_validate_tx ±8%   589,595,866 B/op ±0%   1,351,129 allocs/op ±0%    7.06s
  [1/2]  bench  BlockValidationMix                    1,189,039,414 ns/op   1,926,626,976 B/op   7,448,524 allocs/op
  [2/2]  bench  BlockValidationMix                    1,198,649,439 ns/op ±1%   1,926,817,628 B/op ±0%   7,450,282 allocs/op ±0%    7.18s
  [1/2]  bench  AppInt1                               607,194,382 ns/op   1,973,849,552 B/op   2,941,494 allocs/op
  [2/2]  bench  AppInt1                               605,838,631 ns/op ±0%   1,973,766,012 B/op ±0%   2,941,493 allocs/op ±0%    1.37s
  [1/2]  bench  AccountDeltasOps/upsert               361,908 ns/op   3,539,638 B/op   35.0 allocs/op
  [2/2]  bench  AccountDeltasOps/upsert               367,674 ns/op ±2%   3,539,640 B/op ±0%   35.0 allocs/op    410ms
  [1/2]  bench  AccountDeltasOps/merge                331,544 ns/op   800,530 B/op   66.0 allocs/op
  [2/2]  bench  AccountDeltasOps/merge                351,469 ns/op ±6%   800,529 B/op ±0%   66.0 allocs/op    740ms
  [1/2]  bench  AccountDeltasOps/optimize             70,662 ns/op   1,131,185 B/op   35.0 allocs/op
  [2/2]  bench  AccountDeltasOps/optimize             70,583 ns/op ±0%   1,131,185 B/op   35.0 allocs/op    500ms
  [1/2]  bench  MakeStateDelta                        657,625 ns/op   20,811,624 B/op   197 allocs/op
  [2/2]  bench  MakeStateDelta                        631,807 ns/op ±4%   20,811,623 B/op ±0%   197 allocs/op    440ms
  [1/2]  bench  OnlineAccountsCacheRead320            1,982,186 ns/op   430,169 B/op   2,452 allocs/op
  [2/2]  bench  OnlineAccountsCacheRead320            2,021,507 ns/op ±2%   425,049 B/op ±1%   2,423 allocs/op ±1%    760ms
  [1/2]  bench  MessageFilterCheck/hit                3,712 ns/op   1,248 B/op   9.00 allocs/op
  [2/2]  bench  MessageFilterCheck/hit                3,690 ns/op ±1%   1,248 B/op   9.00 allocs/op    360ms
  [1/2]  bench  MessageFilterCheck/miss               3,728 ns/op   1,248 B/op   9.00 allocs/op
  [2/2]  bench  MessageFilterCheck/miss               3,704 ns/op ±1%   1,248 B/op   9.00 allocs/op    370ms
  [1/2]  bench  GenerateMessageDigest                 334 ns/op   0.000 B/op   0.000 allocs/op
  [2/2]  bench  GenerateMessageDigest                 334 ns/op ±0%   0.000 B/op   0.000 allocs/op    330ms
  [1/2]  bench  VpackVote/compress                    247 ns/op   2,542 MB/s   0.000 B/op   0.000 allocs/op
  [2/2]  bench  VpackVote/compress                    253 ns/op ±2%   2,484 MB/s ±2%   0.000 B/op   0.000 allocs/op    620ms
  [1/2]  bench  VpackVote/decompress                  71.5 ns/op   6,600 MB/s   0.000 B/op   0.000 allocs/op
  [2/2]  bench  VpackVote/decompress                  71.7 ns/op ±0%   6,584 MB/s ±0%   0.000 B/op   0.000 allocs/op    430ms
  [1/2]  bench  BloomFilterSet                        67.4 ns/op   0.000 B/op   0.000 allocs/op
  [2/2]  bench  BloomFilterSet                        67.4 ns/op ±0%   0.000 B/op   0.000 allocs/op    1.3s
  [1/2]  bench  BloomFilterTest                       63.3 ns/op   0.000 B/op   0.000 allocs/op
  [2/2]  bench  BloomFilterTest                       63.4 ns/op ±0%   0.000 B/op   0.000 allocs/op    1.49s
  [1/2]  bench  TagCounter                            10.0 ns/op   0.000 B/op   0.000 allocs/op
  [2/2]  bench  TagCounter                            9.98 ns/op ±1%   0.000 B/op   0.000 allocs/op    360ms
