  [1/2]  bench  VoteVerify                            466,859 ns/op   6,752 B/op   63.0 allocs/op
  [2/2]  bench  VoteVerify                            477,380 ns/op ±2%   6,752 B/op   63.0 allocs/op    550ms
  [1/2]  bench  CryptoVerifierVoteVertification       208,916 ns/op   23,619 B/op   69.0 allocs/op
  [2/2]  bench  CryptoVerifierVoteVertification       209,967 ns/op ±1%   23,618 B/op ±0%   69.0 allocs/op    520ms
  [1/2]  bench  CryptoVerifierProposalVertification   281,464 ns/op   11,003 B/op   54.0 allocs/op
  [2/2]  bench  CryptoVerifierProposalVertification   281,060 ns/op ±0%   11,003 B/op ±0%   54.0 allocs/op    550ms
  [1/2]  bench  VoteDecoding                          427 ns/op   1,152 B/op   2.00 allocs/op
  [2/2]  bench  VoteDecoding                          425 ns/op ±1%   1,152 B/op   2.00 allocs/op    770ms
  [1/2]  bench  NoiseSentinelHash                     41,280 ns/op   1,588 MB/s   0.000 B/op   0.000 allocs/op
  [2/2]  bench  NoiseSentinelHash                     41,296 ns/op ±0%   1,587 MB/s ±0%   0.000 B/op   0.000 allocs/op    360ms
  [1/2]  bench  NoiseSentinelLoop                     7,641 ns/op   0.000 B/op   0.000 allocs/op
  [2/2]  bench  NoiseSentinelLoop                     7,641 ns/op   0.000 B/op   0.000 allocs/op    430ms
  [1/2]  bench  FalconVerify                          52,035 ns/op   0.000 B/op   0.000 allocs/op
  [2/2]  bench  FalconVerify                          51,684 ns/op ±1%   0.000 B/op   0.000 allocs/op    490ms
  [1/2]  bench  FalconSign                            9,870,562 ns/op   3,080 B/op   3.00 allocs/op
  [2/2]  bench  FalconSign                            9,892,649 ns/op ±0%   3,080 B/op   3.00 allocs/op    470ms
  [1/2]  bench  MultisigVerify                        191,120 ns/op   2,648 B/op   21.0 allocs/op
  [2/2]  bench  MultisigVerify                        189,739 ns/op ±1%   2,648 B/op   21.0 allocs/op    380ms
  [1/2]  bench  VrfProve                              168,590 ns/op   224 B/op   5.00 allocs/op
  [2/2]  bench  VrfProve                              172,654 ns/op ±2%   224 B/op   5.00 allocs/op    400ms
  [1/2]  bench  Hash                                  240 ns/op   0.000 B/op   0.000 allocs/op
  [2/2]  bench  Hash                                  240 ns/op ±0%   0.000 B/op   0.000 allocs/op    600ms
  [1/2]  bench  SignVerify                            81,056 ns/op   336 B/op   10.0 allocs/op
  [2/2]  bench  SignVerify                            80,988 ns/op ±0%   336 B/op   10.0 allocs/op    360ms
  [1/2]  bench  Verify25519                           66,916 ns/op   152 B/op   5.00 allocs/op
  [2/2]  bench  Verify25519                           65,906 ns/op ±2%   152 B/op   5.00 allocs/op    480ms
  [1/2]  bench  MerkleSignatureVerify                 101,502 ns/op   9,472 B/op   42.0 allocs/op
  [2/2]  bench  MerkleSignatureVerify                 101,672 ns/op ±0%   9,472 B/op   42.0 allocs/op    570ms
  [1/2]  bench  OneTimeSigBatchVerification/batch=false  200,617 ns/op   783 B/op   17.0 allocs/op
  [2/2]  bench  OneTimeSigBatchVerification/batch=false  200,156 ns/op ±0%   784 B/op ±0%   17.0 allocs/op    650ms
  [1/2]  bench  OneTimeSigBatchVerification/batch=true  203,107 ns/op   783 B/op   17.0 allocs/op
  [2/2]  bench  OneTimeSigBatchVerification/batch=true  198,746 ns/op ±2%   783 B/op   17.0 allocs/op    630ms
  [1/2]  bench  VrfVerify                             224,442 ns/op   176 B/op   3.00 allocs/op
  [2/2]  bench  VrfVerify                             229,991 ns/op ±2%   176 B/op   3.00 allocs/op    700ms
  [1/2]  bench  AppRateLimiter_TxgroupToKeys          19,013 ns/op   3,097 B/op   2.00 allocs/op
  [2/2]  bench  AppRateLimiter_TxgroupToKeys          19,292 ns/op ±1%   3,097 B/op   2.00 allocs/op    770ms
  [1/2]  bench  AddressFormatting                     364 ns/op   128 B/op   2.00 allocs/op
  [2/2]  bench  AddressFormatting                     364 ns/op ±0%   128 B/op   2.00 allocs/op    340ms
  [1/2]  bench  UnmarshalChecksumAddress              849 ns/op   192 B/op   3.00 allocs/op
  [2/2]  bench  UnmarshalChecksumAddress              851 ns/op ±0%   192 B/op   3.00 allocs/op    350ms
  [1/2]  bench  AppendMsgBlockHeader                  60.4 ns/op   16.6 MB/s   0.000 B/op   0.000 allocs/op
  [2/2]  bench  AppendMsgBlockHeader                  60.5 ns/op ±0%   16.5 MB/s ±0%   0.000 B/op   0.000 allocs/op    410ms
  [1/2]  bench  Sortition                             2,114,202 ns/op   2,218 B/op   26.0 allocs/op
  [2/2]  bench  Sortition                             2,131,889 ns/op ±1%   2,218 B/op   26.0 allocs/op    780ms
  [1/2]  bench  TxnIDs/signed-txn-id                  772 ns/op   0.000 B/op   0.000 allocs/op
  [2/2]  bench  TxnIDs/signed-txn-id                  771 ns/op ±0%   0.000 B/op   0.000 allocs/op    360ms
  [1/2]  bench  TxnIDs/group-id                       18,666 ns/op   2,269 B/op   4.00 allocs/op
  [2/2]  bench  TxnIDs/group-id                       18,678 ns/op ±0%   2,270 B/op ±0%   4.00 allocs/op    550ms
  [1/2]  bench  WellFormed/pay                        209 ns/op   0.000 B/op   0.000 allocs/op
  [2/2]  bench  WellFormed/pay                        209 ns/op ±0%   0.000 B/op   0.000 allocs/op    570ms
  [1/2]  bench  WellFormed/axfer                      177 ns/op   0.000 B/op   0.000 allocs/op
  [2/2]  bench  WellFormed/axfer                      178 ns/op ±0%   0.000 B/op   0.000 allocs/op    540ms
  [1/2]  bench  WellFormed/acfg                       170 ns/op   0.000 B/op   0.000 allocs/op
  [2/2]  bench  WellFormed/acfg                       170 ns/op ±0%   0.000 B/op   0.000 allocs/op    530ms
  [1/2]  bench  WellFormed/appl                       192 ns/op   0.000 B/op   0.000 allocs/op
  [2/2]  bench  WellFormed/appl                       191 ns/op ±0%   0.000 B/op   0.000 allocs/op    550ms
  [1/2]  bench  WellFormed/keyreg                     281 ns/op   0.000 B/op   0.000 allocs/op
  [2/2]  bench  WellFormed/keyreg                     281 ns/op ±0%   0.000 B/op   0.000 allocs/op    640ms
  [1/2]  bench  Verify/pop                            59.0 ns/op   3.00 extra/op   6.00 B/op   0.000 allocs/op
  [2/2]  bench  Verify/pop                            58.0 ns/op ±2%   3.00 extra/op   6.00 B/op   0.000 allocs/op    510ms
  [1/2]  bench  Verify/add                            59.9 ns/op   3.00 extra/op   6.00 B/op   0.000 allocs/op
  [2/2]  bench  Verify/add                            59.8 ns/op ±0%   3.00 extra/op   6.00 B/op   0.000 allocs/op    530ms
  [1/2]  bench  Verify/ed25519verify_bare             64,107 ns/op   7.00 extra/op   102 B/op   2.00 allocs/op
  [2/2]  bench  Verify/ed25519verify_bare             63,997 ns/op ±0%   7.00 extra/op   102 B/op   2.00 allocs/op    540ms
  [1/2]  bench  Verify/ecdsa_verify_k1                61,288 ns/op   7.00 extra/op   342 B/op   6.00 allocs/op
  [2/2]  bench  Verify/ecdsa_verify_k1                60,840 ns/op ±1%   7.00 extra/op   342 B/op   6.00 allocs/op    570ms
  [1/2]  bench  Verify/ecdsa_verify_r1                81,386 ns/op   7.00 extra/op   1,273 B/op   26.0 allocs/op
  [2/2]  bench  Verify/ecdsa_verify_r1                81,375 ns/op ±0%   7.00 extra/op   1,273 B/op   26.0 allocs/op    530ms
  [1/2]  bench  Verify/falcon_verify                  52,108 ns/op   7.00 extra/op   2,056 B/op   1.00 allocs/op
  [2/2]  bench  Verify/falcon_verify                  52,959 ns/op ±2%   7.00 extra/op   2,056 B/op ±0%   1.00 allocs/op    850ms
  [1/2]  bench  Verify/vrf_verify                     222,677 ns/op   5.00 extra/op   280 B/op   6.00 allocs/op
  [2/2]  bench  Verify/vrf_verify                     224,523 ns/op ±1%   5.00 extra/op   280 B/op   6.00 allocs/op    510ms
  [1/2]  bench  CheckSignature                        8,447 ns/op   12,320 B/op   9.00 allocs/op
  [2/2]  bench  CheckSignature                        8,449 ns/op ±0%   12,320 B/op   9.00 allocs/op    440ms
  [1/2]  bench  Addx64/add_long_stack                 6,435 ns/op   16,648 B/op   11.0 allocs/op
  [2/2]  bench  Addx64/add_long_stack                 6,493 ns/op ±1%   16,648 B/op   11.0 allocs/op    440ms
  [1/2]  bench  Addx64/add_small_stack                5,678 ns/op   13,192 B/op   9.00 allocs/op
  [2/2]  bench  Addx64/add_small_stack                5,693 ns/op ±0%   13,192 B/op   9.00 allocs/op    430ms
  [1/2]  bench  NopPassx1                             2,895 ns/op   13,192 B/op   9.00 allocs/op
  [2/2]  bench  NopPassx1                             2,890 ns/op ±0%   13,192 B/op   9.00 allocs/op    370ms
  [1/2]  bench  Checkx5                               129,514 ns/op   105,101 B/op   950 allocs/op
  [2/2]  bench  Checkx5                               129,313 ns/op ±0%   105,101 B/op ±0%   950 allocs/op    630ms
  [1/2]  bench  AppendMsgSignedTxn                    141 ns/op   7.09 MB/s   0.000 B/op   0.000 allocs/op
  [2/2]  bench  AppendMsgSignedTxn                    141 ns/op ±0%   7.09 MB/s ±0%   0.000 B/op   0.000 allocs/op    500ms
  [1/2]  bench  TinyMan/eval-lsig-signature           20,092 ns/op   35,400 B/op   86.0 allocs/op
  [2/2]  bench  TinyMan/eval-lsig-signature           20,132 ns/op ±0%   35,400 B/op   86.0 allocs/op    560ms
  [1/2]  bench  TinyMan/group-check-actual            173,822 ns/op   79,296 B/op   136 allocs/op
  [2/2]  bench  TinyMan/group-check-actual            174,814 ns/op ±1%   79,296 B/op   136 allocs/op    1.38s
  [1/2]  bench  TinyMan/group-check-all-crypto        265,920 ns/op   32,600 B/op   37.0 allocs/op
  [2/2]  bench  TinyMan/group-check-all-crypto        266,006 ns/op ±0%   32,600 B/op   37.0 allocs/op    390ms
  [1/2]  bench  LogicSigSanityCheck                   11,069 ns/op   15,112 B/op   15.0 allocs/op
  [2/2]  bench  LogicSigSanityCheck                   11,097 ns/op ±0%   15,112 B/op   15.0 allocs/op    470ms
  [1/2]  bench  PaysetGroups                          33,530 ns/op   12,298 B/op   8.00 allocs/op
  [2/2]  bench  PaysetGroups                          33,782 ns/op ±1%   12,304 B/op ±0%   8.00 allocs/op    760ms
  [1/2]  bench  Txn                                   68,535 ns/op   9,400 B/op   12.0 allocs/op
  [2/2]  bench  Txn                                   68,601 ns/op ±0%   9,399 B/op ±0%   12.0 allocs/op    1.06s
  [1/2]  bench  TxHandlerProcessing/processDecoded    16,030 ns/op   4,336 B/op   33.0 allocs/op
  [2/2]  bench  TxHandlerProcessing/processDecoded    15,704 ns/op ±2%   4,336 B/op   33.0 allocs/op    1.29s
  [1/2]  bench  TxHandlerProcessing/verify.TxnGroup   70,123 ns/op   11,328 B/op   16.0 allocs/op
  [2/2]  bench  TxHandlerProcessing/verify.TxnGroup   69,850 ns/op ±0%   11,328 B/op   16.0 allocs/op    530ms
  [1/2]  bench  TxHandlerDecoderMsgp                  17,014,744 ns/op   9,415,453 B/op   8,334 allocs/op
  [2/2]  bench  TxHandlerDecoderMsgp                  16,926,029 ns/op ±1%   9,415,456 B/op ±0%   8,334 allocs/op    1.15s
  [1/2]  bench  CompactDeltas/account-deltas          3,125,044 ns/op   4,096,358 B/op   0.000 allocs/op
  [2/2]  bench  CompactDeltas/account-deltas          2,784,915 ns/op ±12%   4,096,358 B/op   0.000 allocs/op    2.83s
  [1/2]  bench  CompactResourceDeltas                 5,797,474 ns/op   9,251,663 B/op   14.0 allocs/op
  [2/2]  bench  CompactResourceDeltas                 5,826,185 ns/op ±0%   9,251,748 B/op ±0%   14.5 allocs/op ±3%    450ms
  [1/2]  bench  TxTailCheckDup/hit                    78.4 ns/op   48.0 B/op   1.00 allocs/op
  [2/2]  bench  TxTailCheckDup/hit                    77.6 ns/op ±1%   48.0 B/op   1.00 allocs/op    420ms
  [1/2]  bench  TxTailCheckDup/miss                   48.8 ns/op   0.000 B/op   0.000 allocs/op
  [2/2]  bench  TxTailCheckDup/miss                   48.8 ns/op ±0%   0.000 B/op   0.000 allocs/op    410ms
  [1/2]  bench  CowChild                              57.9 ns/op   0.000 B/op   0.000 allocs/op
  [2/2]  bench  CowChild                              57.9 ns/op ±0%   0.000 B/op   0.000 allocs/op    420ms
  [1/2]  bench  PrefetcherApps                        272 ns/op   223 B/op   0.000 allocs/op
  [2/2]  bench  PrefetcherApps                        278 ns/op ±2%   224 B/op ±0%   0.000 allocs/op    1.78s
  [1/2]  bench  PrefetcherPayment                     393 ns/op   224 B/op   0.000 allocs/op
  [2/2]  bench  PrefetcherPayment                     393 ns/op ±0%   224 B/op   0.000 allocs/op    700ms
  [1/2]  bench  BlockEvaluatorRAMNoCrypto             616,043,358 ns/op   12,322 ns/eval_validate_tx   543,743,452 B/op   1,544,347 allocs/op
  [2/2]  bench  BlockEvaluatorRAMNoCrypto             610,663,264 ns/op ±1%   12,215 ns/eval_validate_tx ±1%   543,819,860 B/op ±0%   1,544,386 allocs/op ±0%    10.85s
  [1/2]  bench  BlockValidationMix                    2,232,260,779 ns/op   1,783,997,280 B/op   7,647,634 allocs/op
  [2/2]  bench  BlockValidationMix                    2,243,696,850 ns/op ±1%   1,782,437,604 B/op ±0%   7,634,533 allocs/op ±0%    11.56s
  [1/2]  bench  AppInt1                               796,473,493 ns/op   1,769,382,080 B/op   2,648,483 allocs/op
  [2/2]  bench  AppInt1                               795,677,196 ns/op ±0%   1,769,270,772 B/op ±0%   2,648,439 allocs/op ±0%    1.84s
  [1/2]  bench  AccountDeltasOps/upsert               670,785 ns/op   3,489,881 B/op   4.00 allocs/op
  [2/2]  bench  AccountDeltasOps/upsert               668,870 ns/op ±0%   3,489,881 B/op ±0%   4.00 allocs/op    420ms
  [1/2]  bench  AccountDeltasOps/merge                662,614 ns/op   829,097 B/op   164 allocs/op
  [2/2]  bench  AccountDeltasOps/merge                668,272 ns/op ±1%   829,119 B/op ±0%   164 allocs/op    710ms
  [1/2]  bench  AccountDeltasOps/optimize             127,139 ns/op   442,555 B/op   8.00 allocs/op
  [2/2]  bench  AccountDeltasOps/optimize             126,696 ns/op ±0%   442,555 B/op   8.00 allocs/op    470ms
  [1/2]  bench  MakeStateDelta                        1,317,312 ns/op   20,496,534 B/op   7.00 allocs/op
  [2/2]  bench  MakeStateDelta                        1,316,150 ns/op ±0%   20,496,533 B/op ±0%   7.00 allocs/op    470ms
  [1/2]  bench  OnlineAccountsCacheRead320            2,878,632 ns/op   540,796 B/op   3,323 allocs/op
  [2/2]  bench  OnlineAccountsCacheRead320            2,877,349 ns/op ±0%   540,799 B/op ±0%   3,323 allocs/op    940ms
  [1/2]  bench  MessageFilterCheck/hit                5,946 ns/op   1,248 B/op   9.00 allocs/op
  [2/2]  bench  MessageFilterCheck/hit                5,893 ns/op ±1%   1,248 B/op   9.00 allocs/op    390ms
  [1/2]  bench  MessageFilterCheck/miss               5,864 ns/op   1,248 B/op   9.00 allocs/op
  [2/2]  bench  MessageFilterCheck/miss               5,896 ns/op ±1%   1,248 B/op   9.00 allocs/op    410ms
  [1/2]  bench  GenerateMessageDigest                 513 ns/op   0.000 B/op   0.000 allocs/op
  [2/2]  bench  GenerateMessageDigest                 512 ns/op ±0%   0.000 B/op   0.000 allocs/op    360ms
  [1/2]  bench  BloomFilterSet                        101 ns/op   0.000 B/op   0.000 allocs/op
  [2/2]  bench  BloomFilterSet                        101 ns/op ±0%   0.000 B/op   0.000 allocs/op    1.84s
  [1/2]  bench  BloomFilterTest                       98.5 ns/op   0.000 B/op   0.000 allocs/op
  [2/2]  bench  BloomFilterTest                       98.4 ns/op ±0%   0.000 B/op   0.000 allocs/op    2.1s
  [1/2]  bench  TagCounter                            17.2 ns/op   0.000 B/op   0.000 allocs/op
  [2/2]  bench  TagCounter                            17.5 ns/op ±2%   0.000 B/op   0.000 allocs/op    370ms
