make: Entering directory '/home/runner/.cache/go-algorand-bench/checkout'
go: downloading github.com/algorand/go-deadlock v0.2.4
go: downloading github.com/multiformats/go-multiaddr v0.13.0
go: downloading github.com/gorilla/mux v1.8.1
go: downloading golang.org/x/crypto v0.29.0
go: downloading golang.org/x/exp v0.0.0-20241009180824-f66d83c29e7c
go: downloading github.com/libp2p/go-libp2p v0.37.0
go: downloading golang.org/x/sys v0.27.0
go: downloading github.com/stretchr/testify v1.9.0
go: downloading golang.org/x/sync v0.9.0
go: downloading github.com/prometheus/client_golang v1.20.5
go: downloading github.com/prometheus/client_model v0.6.1
go: downloading github.com/libp2p/go-libp2p-pubsub v0.12.0
go: downloading github.com/multiformats/go-multiaddr-dns v0.4.0
go: downloading github.com/libp2p/go-libp2p-kad-dht v0.28.0
go: downloading golang.org/x/net v0.30.0
go: downloading golang.org/x/term v0.26.0
go: downloading github.com/stretchr/objx v0.5.2
go: downloading github.com/petermattis/goid v0.0.0-20241025130422-66cb2e6d7274
go: downloading golang.org/x/text v0.20.0
go: downloading github.com/miekg/dns v1.1.62
go: downloading google.golang.org/protobuf v1.35.1
go: downloading github.com/cespare/xxhash/v2 v2.3.0
go: downloading github.com/prometheus/common v0.60.0
go: downloading github.com/prometheus/procfs v0.15.1
go: downloading github.com/hashicorp/golang-lru/v2 v2.0.7
go: downloading github.com/hashicorp/golang-lru v1.0.2
go: downloading go.uber.org/fx v1.23.0
go: downloading github.com/decred/dcrd/dcrec/secp256k1/v4 v4.3.0
go: downloading github.com/ipfs/boxo v0.24.3
go: downloading github.com/libp2p/go-libp2p-kbucket v0.6.4
go: downloading github.com/libp2p/go-libp2p-routing-helpers v0.7.4
go: downloading go.opentelemetry.io/otel v1.31.0
go: downloading go.opentelemetry.io/otel/trace v1.31.0
go: downloading gonum.org/v1/gonum v0.15.0
go: downloading github.com/munnerz/goautoneg v0.0.0-20191010083416-a7dc8b61c822
go: downloading github.com/quic-go/quic-go v0.48.1
go: downloading github.com/libp2p/go-flow-metrics v0.2.0
go: downloading github.com/klauspost/compress v1.17.11
go: downloading github.com/gorilla/websocket v1.5.3
go: downloading github.com/pion/datachannel v1.5.9
go: downloading github.com/pion/logging v0.2.2
go: downloading github.com/pion/sctp v1.8.33
go: downloading github.com/pion/webrtc/v3 v3.3.4
go: downloading github.com/quic-go/webtransport-go v0.8.1-0.20241018022711-4ac2c9250e66
go: downloading go.uber.org/dig v1.18.0
go: downloading lukechampine.com/blake3 v1.3.0
go: downloading github.com/elastic/gosigar v0.14.3
go: downloading github.com/pion/ice/v2 v2.3.36
go: downloading github.com/pion/stun v0.6.1
go: downloading github.com/pion/randutil v0.1.0
go: downloading github.com/quic-go/qpack v0.5.1
go: downloading github.com/pion/dtls/v2 v2.2.12
go: downloading github.com/pion/interceptor v0.1.37
go: downloading github.com/pion/rtcp v1.2.14
go: downloading github.com/pion/rtp v1.8.9
go: downloading github.com/pion/sdp/v3 v3.0.9
go: downloading github.com/pion/srtp/v2 v2.0.20
go: downloading github.com/pion/transport/v2 v2.2.10
go: downloading github.com/go-logr/logr v1.4.2
go: downloading go.opentelemetry.io/otel/metric v1.31.0
go: downloading github.com/ipld/go-ipld-prime v0.21.0
go: downloading github.com/klauspost/cpuid/v2 v2.2.8
go: downloading github.com/pion/mdns v0.0.12
go: downloading github.com/pion/turn/v2 v2.1.6
go: downloading github.com/wlynxg/anet v0.0.5
make: 'crypto/libs/linux/amd64/lib/libsodium.a' is up to date.
make: Leaving directory '/home/runner/.cache/go-algorand-bench/checkout'
