  [1/2]  bench  VoteVerify                            488,511 ns/op   6,753 B/op   63.0 allocs/op
  [2/2]  bench  VoteVerify                            497,891 ns/op ±2%   6,753 B/op ±0%   63.0 allocs/op    570ms
  [1/2]  bench  CryptoVerifierVoteVertification       212,104 ns/op   23,620 B/op   69.0 allocs/op
  [2/2]  bench  CryptoVerifierVoteVertification       211,086 ns/op ±0%   23,618 B/op ±0%   69.0 allocs/op    500ms
  [1/2]  bench  CryptoVerifierProposalVertification   297,489 ns/op   11,003 B/op   54.0 allocs/op
  [2/2]  bench  CryptoVerifierProposalVertification   292,038 ns/op ±2%   11,003 B/op ±0%   54.0 allocs/op    560ms
  [1/2]  bench  VoteDecoding                          430 ns/op   1,152 B/op   2.00 allocs/op
  [2/2]  bench  VoteDecoding                          436 ns/op ±1%   1,152 B/op   2.00 allocs/op    790ms
  [1/2]  bench  NoiseSentinelHash                     41,305 ns/op   1,587 MB/s   0.000 B/op   0.000 allocs/op
  [2/2]  bench  NoiseSentinelHash                     41,272 ns/op ±0%   1,588 MB/s ±0%   0.000 B/op   0.000 allocs/op    360ms
  [1/2]  bench  NoiseSentinelLoop                     7,642 ns/op   0.000 B/op   0.000 allocs/op
  [2/2]  bench  NoiseSentinelLoop                     7,639 ns/op ±0%   0.000 B/op   0.000 allocs/op    430ms
  [1/2]  bench  FalconVerify                          51,391 ns/op   0.000 B/op   0.000 allocs/op
  [2/2]  bench  FalconVerify                          51,839 ns/op ±1%   0.000 B/op   0.000 allocs/op    530ms
  [1/2]  bench  FalconSign                            10,573,701 ns/op   3,080 B/op   3.00 allocs/op
  [2/2]  bench  FalconSign                            10,233,875 ns/op ±3%   3,080 B/op   3.00 allocs/op    470ms
  [1/2]  bench  MultisigVerify                        189,844 ns/op   2,648 B/op   21.0 allocs/op
  [2/2]  bench  MultisigVerify                        189,109 ns/op ±0%   2,648 B/op   21.0 allocs/op    380ms
  [1/2]  bench  VrfProve                              167,300 ns/op   224 B/op   5.00 allocs/op
  [2/2]  bench  VrfProve                              169,395 ns/op ±1%   224 B/op   5.00 allocs/op    390ms
  [1/2]  bench  Hash                                  239 ns/op   0.000 B/op   0.000 allocs/op
  [2/2]  bench  Hash                                  240 ns/op ±0%   0.000 B/op   0.000 allocs/op    600ms
  [1/2]  bench  SignVerify                            82,706 ns/op   336 B/op   10.0 allocs/op
  [2/2]  bench  SignVerify                            81,853 ns/op ±1%   336 B/op   10.0 allocs/op    360ms
  [1/2]  bench  Verify25519                           65,579 ns/op   152 B/op   5.00 allocs/op
  [2/2]  bench  Verify25519                           64,834 ns/op ±1%   152 B/op   5.00 allocs/op    480ms
  [1/2]  bench  MerkleSignatureVerify                 101,889 ns/op   9,472 B/op   42.0 allocs/op
  [2/2]  bench  MerkleSignatureVerify                 101,192 ns/op ±1%   9,472 B/op   42.0 allocs/op    600ms
  [1/2]  bench  OneTimeSigBatchVerification/batch=false  192,933 ns/op   784 B/op   17.0 allocs/op
  [2/2]  bench  OneTimeSigBatchVerification/batch=false  196,104 ns/op ±2%   784 B/op   17.0 allocs/op    650ms
  [1/2]  bench  OneTimeSigBatchVerification/batch=true  195,033 ns/op   783 B/op   17.0 allocs/op
  [2/2]  bench  OneTimeSigBatchVerification/batch=true  195,847 ns/op ±0%   783 B/op   17.0 allocs/op    640ms
  [1/2]  bench  VrfVerify                             225,153 ns/op   176 B/op   3.00 allocs/op
  [2/2]  bench  VrfVerify                             226,174 ns/op ±0%   176 B/op   3.00 allocs/op    670ms
  [1/2]  bench  AppRateLimiter_TxgroupToKeys          19,195 ns/op   3,097 B/op   2.00 allocs/op
  [2/2]  bench  AppRateLimiter_TxgroupToKeys          19,135 ns/op ±0%   3,097 B/op   2.00 allocs/op    770ms
  [1/2]  bench  AddressFormatting                     363 ns/op   128 B/op   2.00 allocs/op
  [2/2]  bench  AddressFormatting                     364 ns/op ±0%   128 B/op   2.00 allocs/op    330ms
  [1/2]  bench  UnmarshalChecksumAddress              854 ns/op   192 B/op   3.00 allocs/op
  [2/2]  bench  UnmarshalChecksumAddress              856 ns/op ±0%   192 B/op   3.00 allocs/op    350ms
  [1/2]  bench  AppendMsgBlockHeader                  60.5 ns/op   16.5 MB/s   0.000 B/op   0.000 allocs/op
  [2/2]  bench  AppendMsgBlockHeader                  60.6 ns/op ±0%   16.5 MB/s ±0%   0.000 B/op   0.000 allocs/op    420ms
  [1/2]  bench  Sortition                             2,107,381 ns/op   2,217 B/op   26.0 allocs/op
  [2/2]  bench  Sortition                             2,121,989 ns/op ±1%   2,219 B/op ±0%   26.0 allocs/op    790ms
  [1/2]  bench  TxnIDs/signed-txn-id                  774 ns/op   0.000 B/op   0.000 allocs/op
  [2/2]  bench  TxnIDs/signed-txn-id                  774 ns/op ±0%   0.000 B/op   0.000 allocs/op    370ms
  [1/2]  bench  TxnIDs/group-id                       18,621 ns/op   2,276 B/op   4.00 allocs/op
  [2/2]  bench  TxnIDs/group-id                       18,714 ns/op ±0%   2,274 B/op ±0%   4.00 allocs/op    550ms
  [1/2]  bench  WellFormed/pay                        210 ns/op   0.000 B/op   0.000 allocs/op
  [2/2]  bench  WellFormed/pay                        210 ns/op ±0%   0.000 B/op   0.000 allocs/op    570ms
  [1/2]  bench  WellFormed/axfer                      180 ns/op   0.000 B/op   0.000 allocs/op
  [2/2]  bench  WellFormed/axfer                      179 ns/op ±1%   0.000 B/op   0.000 allocs/op    540ms
  [1/2]  bench  WellFormed/acfg                       173 ns/op   0.000 B/op   0.000 allocs/op
  [2/2]  bench  WellFormed/acfg                       171 ns/op ±1%   0.000 B/op   0.000 allocs/op    530ms
  [1/2]  bench  WellFormed/appl                       191 ns/op   0.000 B/op   0.000 allocs/op
  [2/2]  bench  WellFormed/appl                       190 ns/op ±0%   0.000 B/op   0.000 allocs/op    550ms
  [1/2]  bench  WellFormed/keyreg                     270 ns/op   0.000 B/op   0.000 allocs/op
  [2/2]  bench  WellFormed/keyreg                     269 ns/op ±0%   0.000 B/op   0.000 allocs/op    630ms
  [1/2]  bench  Verify/pop                            57.3 ns/op   3.00 extra/op   6.00 B/op   0.000 allocs/op
  [2/2]  bench  Verify/pop                            57.3 ns/op ±0%   3.00 extra/op   6.00 B/op   0.000 allocs/op    490ms
  [1/2]  bench  Verify/add                            65.2 ns/op   3.00 extra/op   6.00 B/op   0.000 allocs/op
  [2/2]  bench  Verify/add                            66.1 ns/op ±1%   3.00 extra/op   6.00 B/op   0.000 allocs/op    920ms
  [1/2]  bench  Verify/ed25519verify_bare             62,589 ns/op   7.00 extra/op   102 B/op   2.00 allocs/op
  [2/2]  bench  Verify/ed25519verify_bare             62,494 ns/op ±0%   7.00 extra/op   102 B/op   2.00 allocs/op    510ms
  [1/2]  bench  Verify/ecdsa_verify_k1                61,654 ns/op   7.00 extra/op   342 B/op   6.00 allocs/op
  [2/2]  bench  Verify/ecdsa_verify_k1                61,022 ns/op ±1%   7.00 extra/op   342 B/op   6.00 allocs/op    580ms
  [1/2]  bench  Verify/ecdsa_verify_r1                81,591 ns/op   7.00 extra/op   1,273 B/op   26.0 allocs/op
  [2/2]  bench  Verify/ecdsa_verify_r1                81,443 ns/op ±0%   7.00 extra/op   1,273 B/op   26.0 allocs/op    530ms
  [1/2]  bench  Verify/falcon_verify                  52,185 ns/op   7.00 extra/op   2,055 B/op   1.00 allocs/op
  [2/2]  bench  Verify/falcon_verify                  51,737 ns/op ±1%   7.00 extra/op   2,055 B/op   1.00 allocs/op    850ms
  [1/2]  bench  Verify/vrf_verify                     223,894 ns/op   5.00 extra/op   280 B/op   6.00 allocs/op
  [2/2]  bench  Verify/vrf_verify                     224,536 ns/op ±0%   5.00 extra/op   280 B/op   6.00 allocs/op    530ms
  [1/2]  bench  CheckSignature                        8,540 ns/op   12,320 B/op   9.00 allocs/op
  [2/2]  bench  CheckSignature                        8,603 ns/op ±1%   12,320 B/op   9.00 allocs/op    450ms
  [1/2]  bench  Addx64/add_long_stack                 6,717 ns/op   16,648 B/op   11.0 allocs/op
  [2/2]  bench  Addx64/add_long_stack                 6,573 ns/op ±2%   16,648 B/op   11.0 allocs/op    420ms
  [1/2]  bench  Addx64/add_small_stack                5,700 ns/op   13,192 B/op   9.00 allocs/op
  [2/2]  bench  Addx64/add_small_stack                5,717 ns/op ±0%   13,192 B/op   9.00 allocs/op    420ms
  [1/2]  bench  NopPassx1                             2,981 ns/op   13,192 B/op   9.00 allocs/op
  [2/2]  bench  NopPassx1                             2,951 ns/op ±1%   13,192 B/op   9.00 allocs/op    370ms
  [1/2]  bench  Checkx5                               131,650 ns/op   105,101 B/op   950 allocs/op
  [2/2]  bench  Checkx5                               132,087 ns/op ±0%   105,101 B/op   950 allocs/op    360ms
  [1/2]  bench  AppendMsgSignedTxn                    141 ns/op   7.11 MB/s   0.000 B/op   0.000 allocs/op
  [2/2]  bench  AppendMsgSignedTxn                    141 ns/op ±0%   7.11 MB/s   0.000 B/op   0.000 allocs/op    500ms
  [1/2]  bench  TinyMan/eval-lsig-signature           19,977 ns/op   35,400 B/op   86.0 allocs/op
  [2/2]  bench  TinyMan/eval-lsig-signature           20,592 ns/op ±3%   35,400 B/op   86.0 allocs/op    580ms
  [1/2]  bench  TinyMan/group-check-actual            176,221 ns/op   79,296 B/op   136 allocs/op
  [2/2]  bench  TinyMan/group-check-actual            176,175 ns/op ±0%   79,296 B/op   136 allocs/op    1.38s
  [1/2]  bench  TinyMan/group-check-all-crypto        262,198 ns/op   32,604 B/op   37.0 allocs/op
  [2/2]  bench  TinyMan/group-check-all-crypto        263,433 ns/op ±0%   32,602 B/op ±0%   37.0 allocs/op    390ms
  [1/2]  bench  LogicSigSanityCheck                   11,077 ns/op   15,112 B/op   15.0 allocs/op
  [2/2]  bench  LogicSigSanityCheck                   11,074 ns/op ±0%   15,112 B/op   15.0 allocs/op    470ms
  [1/2]  bench  PaysetGroups                          34,574 ns/op   12,310 B/op   8.00 allocs/op
  [2/2]  bench  PaysetGroups                          34,204 ns/op ±1%   12,387 B/op ±1%   8.00 allocs/op    760ms
  [1/2]  bench  Txn                                   70,229 ns/op   9,409 B/op   12.0 allocs/op
  [2/2]  bench  Txn                                   69,483 ns/op ±1%   9,410 B/op ±0%   12.0 allocs/op    1.09s
  [1/2]  bench  TxHandlerProcessing/processDecoded    15,771 ns/op   4,336 B/op   33.0 allocs/op
  [2/2]  bench  TxHandlerProcessing/processDecoded    15,379 ns/op ±3%   4,336 B/op   33.0 allocs/op    1.28s
  [1/2]  bench  TxHandlerProcessing/verify.TxnGroup   68,196 ns/op   11,328 B/op   16.0 allocs/op
  [2/2]  bench  TxHandlerProcessing/verify.TxnGroup   68,655 ns/op ±1%   11,328 B/op   16.0 allocs/op    510ms
  [1/2]  bench  TxHandlerDecoderMsgp                  15,816,835 ns/op   8,070,394 B/op   7,144 allocs/op
  [2/2]  bench  TxHandlerDecoderMsgp                  16,230,527 ns/op ±3%   8,495,149 B/op ±5%   7,520 allocs/op ±5%    1.21s
  [1/2]  bench  CompactDeltas/account-deltas          3,787,951 ns/op   4,096,358 B/op   0.000 allocs/op
  [2/2]  bench  CompactDeltas/account-deltas          3,114,065 ns/op ±22%   4,096,358 B/op   0.000 allocs/op    2.8s
  [1/2]  bench  CompactResourceDeltas                 5,828,120 ns/op   9,251,900 B/op   15.0 allocs/op
  [2/2]  bench  CompactResourceDeltas                 5,847,146 ns/op ±0%   9,251,785 B/op ±0%   14.5 allocs/op ±3%    450ms
  [1/2]  bench  TxTailCheckDup/hit                    77.8 ns/op   48.0 B/op   1.00 allocs/op
  [2/2]  bench  TxTailCheckDup/hit                    77.5 ns/op ±0%   48.0 B/op   1.00 allocs/op    430ms
  [1/2]  bench  TxTailCheckDup/miss                   42.9 ns/op   0.000 B/op   0.000 allocs/op
  [2/2]  bench  TxTailCheckDup/miss                   43.0 ns/op ±0%   0.000 B/op   0.000 allocs/op    410ms
  [1/2]  bench  CowChild                              57.5 ns/op   0.000 B/op   0.000 allocs/op
  [2/2]  bench  CowChild                              57.8 ns/op ±1%   0.000 B/op   0.000 allocs/op    420ms
  [1/2]  bench  PrefetcherApps                        275 ns/op   215 B/op   0.000 allocs/op
  [2/2]  bench  PrefetcherApps                        274 ns/op ±0%   220 B/op ±2%   0.000 allocs/op    1.93s
  [1/2]  bench  PrefetcherPayment                     387 ns/op   224 B/op   0.000 allocs/op
  [2/2]  bench  PrefetcherPayment                     394 ns/op ±2%   224 B/op   0.000 allocs/op    710ms
  [1/2]  bench  BlockEvaluatorRAMNoCrypto             604,929,477 ns/op   12,100 ns/eval_validate_tx   543,853,140 B/op   1,543,637 allocs/op
  [2/2]  bench  BlockEvaluatorRAMNoCrypto             600,620,976 ns/op ±1%   12,014 ns/eval_validate_tx ±1%   543,761,222 B/op ±0%   1,543,563 allocs/op ±0%    10.8s
  [1/2]  bench  BlockValidationMix                    2,265,070,800 ns/op   1,786,647,832 B/op   7,662,024 allocs/op
  [2/2]  bench  BlockValidationMix                    2,202,388,297 ns/op ±3%   1,788,181,624 B/op ±0%   7,669,293 allocs/op ±0%    11.43s
  [1/2]  bench  AppInt1                               792,728,159 ns/op   1,769,349,744 B/op   2,648,484 allocs/op
  [2/2]  bench  AppInt1                               774,485,072 ns/op ±2%   1,769,279,304 B/op ±0%   2,648,446 allocs/op ±0%    1.78s
  [1/2]  bench  AccountDeltasOps/upsert               666,858 ns/op   3,489,879 B/op   4.00 allocs/op
  [2/2]  bench  AccountDeltasOps/upsert               662,216 ns/op ±1%   3,489,880 B/op ±0%   4.00 allocs/op    410ms
  [1/2]  bench  AccountDeltasOps/merge                676,570 ns/op   829,212 B/op   165 allocs/op
  [2/2]  bench  AccountDeltasOps/merge                677,351 ns/op ±0%   829,206 B/op ±0%   165 allocs/op ±0%    700ms
  [1/2]  bench  AccountDeltasOps/optimize             127,690 ns/op   442,553 B/op   8.00 allocs/op
  [2/2]  bench  AccountDeltasOps/optimize             135,362 ns/op ±6%   442,553 B/op ±0%   8.00 allocs/op    480ms
  [1/2]  bench  MakeStateDelta                        1,262,837 ns/op   20,496,535 B/op   7.00 allocs/op
  [2/2]  bench  MakeStateDelta                        1,269,781 ns/op ±1%   20,496,536 B/op ±0%   7.00 allocs/op    480ms
  [1/2]  bench  OnlineAccountsCacheRead320            2,701,672 ns/op   519,329 B/op   3,192 allocs/op
  [2/2]  bench  OnlineAccountsCacheRead320            2,701,268 ns/op ±0%   523,517 B/op ±1%   3,218 allocs/op ±1%    910ms
  [1/2]  bench  MessageFilterCheck/hit                6,037 ns/op   1,248 B/op   9.00 allocs/op
  [2/2]  bench  MessageFilterCheck/hit                6,007 ns/op ±0%   1,248 B/op   9.00 allocs/op    410ms
  [1/2]  bench  MessageFilterCheck/miss               5,893 ns/op   1,248 B/op   9.00 allocs/op
  [2/2]  bench  MessageFilterCheck/miss               5,935 ns/op ±1%   1,248 B/op   9.00 allocs/op    410ms
  [1/2]  bench  GenerateMessageDigest                 516 ns/op   0.000 B/op   0.000 allocs/op
  [2/2]  bench  GenerateMessageDigest                 514 ns/op ±0%   0.000 B/op   0.000 allocs/op    360ms
  [1/2]  bench  BloomFilterSet                        101 ns/op   0.000 B/op   0.000 allocs/op
  [2/2]  bench  BloomFilterSet                        101 ns/op   0.000 B/op   0.000 allocs/op    1.85s
  [1/2]  bench  BloomFilterTest                       97.9 ns/op   0.000 B/op   0.000 allocs/op
  [2/2]  bench  BloomFilterTest                       97.9 ns/op ±0%   0.000 B/op   0.000 allocs/op    2.1s
  [1/2]  bench  TagCounter                            17.8 ns/op   0.000 B/op   0.000 allocs/op
  [2/2]  bench  TagCounter                            17.5 ns/op ±1%   0.000 B/op   0.000 allocs/op    350ms
