  [1/2]  bench  VoteVerify                            478,932 ns/op   6,753 B/op   63.0 allocs/op
  [2/2]  bench  VoteVerify                            473,998 ns/op ±1%   6,753 B/op   63.0 allocs/op    530ms
  [1/2]  bench  CryptoVerifierVoteVertification       212,975 ns/op   23,617 B/op   69.0 allocs/op
  [2/2]  bench  CryptoVerifierVoteVertification       210,306 ns/op ±1%   23,615 B/op ±0%   69.0 allocs/op    520ms
  [1/2]  bench  CryptoVerifierProposalVertification   285,983 ns/op   11,002 B/op   54.0 allocs/op
  [2/2]  bench  CryptoVerifierProposalVertification   284,196 ns/op ±1%   11,002 B/op   54.0 allocs/op    540ms
  [1/2]  bench  VoteDecoding                          424 ns/op   1,152 B/op   2.00 allocs/op
  [2/2]  bench  VoteDecoding                          425 ns/op ±0%   1,152 B/op   2.00 allocs/op    800ms
  [1/2]  bench  NoiseSentinelHash                     41,278 ns/op   1,588 MB/s   0.000 B/op   0.000 allocs/op
  [2/2]  bench  NoiseSentinelHash                     41,284 ns/op ±0%   1,587 MB/s ±0%   0.000 B/op   0.000 allocs/op    360ms
  [1/2]  bench  NoiseSentinelLoop                     7,634 ns/op   0.000 B/op   0.000 allocs/op
  [2/2]  bench  NoiseSentinelLoop                     7,638 ns/op ±0%   0.000 B/op   0.000 allocs/op    430ms
  [1/2]  bench  FalconVerify                          52,833 ns/op   0.000 B/op   0.000 allocs/op
  [2/2]  bench  FalconVerify                          51,763 ns/op ±2%   0.000 B/op   0.000 allocs/op    490ms
  [1/2]  bench  FalconSign                            9,889,333 ns/op   3,080 B/op   3.00 allocs/op
  [2/2]  bench  FalconSign                            9,879,893 ns/op ±0%   3,080 B/op   3.00 allocs/op    470ms
  [1/2]  bench  MultisigVerify                        187,304 ns/op   2,648 B/op   21.0 allocs/op
  [2/2]  bench  MultisigVerify                        190,027 ns/op ±1%   2,648 B/op   21.0 allocs/op    390ms
  [1/2]  bench  VrfProve                              168,645 ns/op   224 B/op   5.00 allocs/op
  [2/2]  bench  VrfProve                              168,565 ns/op ±0%   224 B/op   5.00 allocs/op    380ms
  [1/2]  bench  Hash                                  240 ns/op   0.000 B/op   0.000 allocs/op
  [2/2]  bench  Hash                                  240 ns/op ±0%   0.000 B/op   0.000 allocs/op    600ms
  [1/2]  bench  SignVerify                            82,405 ns/op   336 B/op   10.0 allocs/op
  [2/2]  bench  SignVerify                            81,345 ns/op ±1%   336 B/op   10.0 allocs/op    360ms
  [1/2]  bench  Verify25519                           64,120 ns/op   152 B/op   5.00 allocs/op
  [2/2]  bench  Verify25519                           65,604 ns/op ±2%   152 B/op   5.00 allocs/op    480ms
  [1/2]  bench  MerkleSignatureVerify                 102,292 ns/op   9,472 B/op   42.0 allocs/op
  [2/2]  bench  MerkleSignatureVerify                 101,120 ns/op ±1%   9,472 B/op   42.0 allocs/op    590ms
  [1/2]  bench  OneTimeSigBatchVerification/batch=false  199,331 ns/op   787 B/op   17.0 allocs/op
  [2/2]  bench  OneTimeSigBatchVerification/batch=false  198,084 ns/op ±1%   786 B/op ±0%   17.0 allocs/op    660ms
  [1/2]  bench  OneTimeSigBatchVerification/batch=true  195,233 ns/op   783 B/op   17.0 allocs/op
  [2/2]  bench  OneTimeSigBatchVerification/batch=true  195,846 ns/op ±0%   784 B/op ±0%   17.0 allocs/op    630ms
  [1/2]  bench  VrfVerify                             224,399 ns/op   176 B/op   3.00 allocs/op
  [2/2]  bench  VrfVerify                             232,800 ns/op ±4%   176 B/op   3.00 allocs/op    740ms
  [1/2]  bench  AppRateLimiter_TxgroupToKeys          18,881 ns/op   3,097 B/op   2.00 allocs/op
  [2/2]  bench  AppRateLimiter_TxgroupToKeys          18,875 ns/op ±0%   3,097 B/op   2.00 allocs/op    750ms
  [1/2]  bench  AddressFormatting                     364 ns/op   128 B/op   2.00 allocs/op
  [2/2]  bench  AddressFormatting                     363 ns/op ±0%   128 B/op   2.00 allocs/op    340ms
  [1/2]  bench  UnmarshalChecksumAddress              847 ns/op   192 B/op   3.00 allocs/op
  [2/2]  bench  UnmarshalChecksumAddress              876 ns/op ±3%   192 B/op   3.00 allocs/op    370ms
  [1/2]  bench  AppendMsgBlockHeader                  60.7 ns/op   16.5 MB/s   0.000 B/op   0.000 allocs/op
  [2/2]  bench  AppendMsgBlockHeader                  60.5 ns/op ±0%   16.5 MB/s ±0%   0.000 B/op   0.000 allocs/op    420ms
  [1/2]  bench  Sortition                             2,104,902 ns/op   2,217 B/op   26.0 allocs/op
  [2/2]  bench  Sortition                             2,127,018 ns/op ±1%   2,217 B/op   26.0 allocs/op    790ms
  [1/2]  bench  TxnIDs/signed-txn-id                  772 ns/op   0.000 B/op   0.000 allocs/op
  [2/2]  bench  TxnIDs/signed-txn-id                  776 ns/op ±1%   0.000 B/op   0.000 allocs/op    370ms
  [1/2]  bench  TxnIDs/group-id                       18,724 ns/op   2,269 B/op   4.00 allocs/op
  [2/2]  bench  TxnIDs/group-id                       18,696 ns/op ±0%   2,267 B/op ±0%   4.00 allocs/op    550ms
  [1/2]  bench  WellFormed/pay                        210 ns/op   0.000 B/op   0.000 allocs/op
  [2/2]  bench  WellFormed/pay                        210 ns/op ±0%   0.000 B/op   0.000 allocs/op    570ms
  [1/2]  bench  WellFormed/axfer                      178 ns/op   0.000 B/op   0.000 allocs/op
  [2/2]  bench  WellFormed/axfer                      179 ns/op ±1%   0.000 B/op   0.000 allocs/op    540ms
  [1/2]  bench  WellFormed/acfg                       173 ns/op   0.000 B/op   0.000 allocs/op
  [2/2]  bench  WellFormed/acfg                       172 ns/op ±1%   0.000 B/op   0.000 allocs/op    530ms
  [1/2]  bench  WellFormed/appl                       193 ns/op   0.000 B/op   0.000 allocs/op
  [2/2]  bench  WellFormed/appl                       192 ns/op ±0%   0.000 B/op   0.000 allocs/op    550ms
  [1/2]  bench  WellFormed/keyreg                     283 ns/op   0.000 B/op   0.000 allocs/op
  [2/2]  bench  WellFormed/keyreg                     283 ns/op ±0%   0.000 B/op   0.000 allocs/op    630ms
  [1/2]  bench  Verify/pop                            57.4 ns/op   3.00 extra/op   6.00 B/op   0.000 allocs/op
  [2/2]  bench  Verify/pop                            57.9 ns/op ±1%   3.00 extra/op   6.00 B/op   0.000 allocs/op    520ms
  [1/2]  bench  Verify/add                            60.0 ns/op   3.00 extra/op   6.00 B/op   0.000 allocs/op
  [2/2]  bench  Verify/add                            59.7 ns/op ±0%   3.00 extra/op   6.00 B/op   0.000 allocs/op    520ms
  [1/2]  bench  Verify/ed25519verify_bare             65,298 ns/op   7.00 extra/op   102 B/op   2.00 allocs/op
  [2/2]  bench  Verify/ed25519verify_bare             64,553 ns/op ±1%   7.00 extra/op   102 B/op   2.00 allocs/op    510ms
  [1/2]  bench  Verify/ecdsa_verify_k1                60,185 ns/op   7.00 extra/op   342 B/op   6.00 allocs/op
  [2/2]  bench  Verify/ecdsa_verify_k1                60,411 ns/op ±0%   7.00 extra/op   342 B/op   6.00 allocs/op    580ms
  [1/2]  bench  Verify/ecdsa_verify_r1                81,302 ns/op   7.00 extra/op   1,273 B/op   26.0 allocs/op
  [2/2]  bench  Verify/ecdsa_verify_r1                81,343 ns/op ±0%   7.00 extra/op   1,273 B/op   26.0 allocs/op    540ms
  [1/2]  bench  Verify/falcon_verify                  53,085 ns/op   7.00 extra/op   2,055 B/op   1.00 allocs/op
  [2/2]  bench  Verify/falcon_verify                  52,914 ns/op ±0%   7.00 extra/op   2,055 B/op   1.00 allocs/op    890ms
  [1/2]  bench  Verify/vrf_verify                     225,531 ns/op   5.00 extra/op   280 B/op   6.00 allocs/op
  [2/2]  bench  Verify/vrf_verify                     229,605 ns/op ±2%   5.00 extra/op   280 B/op   6.00 allocs/op    540ms
  [1/2]  bench  CheckSignature                        8,355 ns/op   12,320 B/op   9.00 allocs/op
  [2/2]  bench  CheckSignature                        8,443 ns/op ±1%   12,320 B/op   9.00 allocs/op    450ms
  [1/2]  bench  Addx64/add_long_stack                 6,448 ns/op   16,648 B/op   11.0 allocs/op
  [2/2]  bench  Addx64/add_long_stack                 6,478 ns/op ±0%   16,648 B/op   11.0 allocs/op    430ms
  [1/2]  bench  Addx64/add_small_stack                5,687 ns/op   13,192 B/op   9.00 allocs/op
  [2/2]  bench  Addx64/add_small_stack                5,674 ns/op ±0%   13,192 B/op   9.00 allocs/op    410ms
  [1/2]  bench  NopPassx1                             2,846 ns/op   13,192 B/op   9.00 allocs/op
  [2/2]  bench  NopPassx1                             2,845 ns/op ±0%   13,192 B/op   9.00 allocs/op    370ms
  [1/2]  bench  Checkx5                               128,643 ns/op   105,102 B/op   950 allocs/op
  [2/2]  bench  Checkx5                               128,411 ns/op ±0%   105,102 B/op   950 allocs/op    330ms
  [1/2]  bench  AppendMsgSignedTxn                    141 ns/op   7.10 MB/s   0.000 B/op   0.000 allocs/op
  [2/2]  bench  AppendMsgSignedTxn                    141 ns/op ±0%   7.10 MB/s   0.000 B/op   0.000 allocs/op    500ms
  [1/2]  bench  TinyMan/eval-lsig-signature           19,952 ns/op   35,400 B/op   86.0 allocs/op
  [2/2]  bench  TinyMan/eval-lsig-signature           20,007 ns/op ±0%   35,400 B/op   86.0 allocs/op    570ms
  [1/2]  bench  TinyMan/group-check-actual            173,256 ns/op   79,296 B/op   136 allocs/op
  [2/2]  bench  TinyMan/group-check-actual            174,454 ns/op ±1%   79,296 B/op   136 allocs/op    1.33s
  [1/2]  bench  TinyMan/group-check-all-crypto        263,000 ns/op   32,604 B/op   37.0 allocs/op
  [2/2]  bench  TinyMan/group-check-all-crypto        263,320 ns/op ±0%   32,602 B/op ±0%   37.0 allocs/op    380ms
  [1/2]  bench  LogicSigSanityCheck                   12,914 ns/op   15,112 B/op   15.0 allocs/op
  [2/2]  bench  LogicSigSanityCheck                   11,991 ns/op ±8%   15,112 B/op   15.0 allocs/op    800ms
  [1/2]  bench  PaysetGroups                          33,822 ns/op   12,485 B/op   8.00 allocs/op
  [2/2]  bench  PaysetGroups                          33,952 ns/op ±0%   12,393 B/op ±1%   8.00 allocs/op    750ms
  [1/2]  bench  Txn                                   68,487 ns/op   9,402 B/op   12.0 allocs/op
  [2/2]  bench  Txn                                   68,069 ns/op ±1%   9,407 B/op ±0%   12.0 allocs/op    1.07s
  [1/2]  bench  TxHandlerProcessing/processDecoded    15,767 ns/op   4,336 B/op   33.0 allocs/op
  [2/2]  bench  TxHandlerProcessing/processDecoded    15,693 ns/op ±0%   4,336 B/op   33.0 allocs/op    1.29s
  [1/2]  bench  TxHandlerProcessing/verify.TxnGroup   68,377 ns/op   11,328 B/op   16.0 allocs/op
  [2/2]  bench  TxHandlerProcessing/verify.TxnGroup   69,229 ns/op ±1%   11,328 B/op   16.0 allocs/op    520ms
  [1/2]  bench  TxHandlerDecoderMsgp                  15,248,977 ns/op   8,473,909 B/op   7,501 allocs/op
  [2/2]  bench  TxHandlerDecoderMsgp                  15,867,282 ns/op ±4%   8,088,732 B/op ±5%   7,160 allocs/op ±5%    1.53s
  [1/2]  bench  CompactDeltas/account-deltas          3,556,708 ns/op   4,096,358 B/op   0.000 allocs/op
  [2/2]  bench  CompactDeltas/account-deltas          2,987,509 ns/op ±19%   4,096,358 B/op   0.000 allocs/op    2.8s
  [1/2]  bench  CompactResourceDeltas                 5,906,940 ns/op   9,251,704 B/op   14.0 allocs/op
  [2/2]  bench  CompactResourceDeltas                 5,930,625 ns/op ±0%   9,251,754 B/op ±0%   14.5 allocs/op ±3%    450ms
  [1/2]  bench  TxTailCheckDup/hit                    79.9 ns/op   48.0 B/op   1.00 allocs/op
  [2/2]  bench  TxTailCheckDup/hit                    79.9 ns/op ±0%   48.0 B/op   1.00 allocs/op    430ms
  [1/2]  bench  TxTailCheckDup/miss                   42.8 ns/op   0.000 B/op   0.000 allocs/op
  [2/2]  bench  TxTailCheckDup/miss                   42.8 ns/op ±0%   0.000 B/op   0.000 allocs/op    400ms
  [1/2]  bench  CowChild                              58.0 ns/op   0.000 B/op   0.000 allocs/op
  [2/2]  bench  CowChild                              58.2 ns/op ±0%   0.000 B/op   0.000 allocs/op    420ms
  [1/2]  bench  PrefetcherApps                        342 ns/op   217 B/op   0.000 allocs/op
  [2/2]  bench  PrefetcherApps                        301 ns/op ±14%   220 B/op ±1%   0.000 allocs/op    2.64s
  [1/2]  bench  PrefetcherPayment                     351 ns/op   224 B/op   0.000 allocs/op
  [2/2]  bench  PrefetcherPayment                     353 ns/op ±0%   224 B/op   0.000 allocs/op    680ms
  [1/2]  bench  BlockEvaluatorRAMNoCrypto             583,620,731 ns/op   11,674 ns/eval_validate_tx   544,084,148 B/op   1,542,302 allocs/op
  [2/2]  bench  BlockEvaluatorRAMNoCrypto             592,500,779 ns/op ±1%   11,852 ns/eval_validate_tx ±1%   543,975,994 B/op ±0%   1,542,979 allocs/op ±0%    10.82s
  [1/2]  bench  BlockValidationMix                    2,180,562,534 ns/op   1,791,359,880 B/op   7,652,732 allocs/op
  [2/2]  bench  BlockValidationMix                    2,210,652,786 ns/op ±1%   1,789,121,220 B/op ±0%   7,662,618 allocs/op ±0%    11.56s
  [1/2]  bench  AppInt1                               766,938,010 ns/op   1,769,384,840 B/op   2,648,486 allocs/op
  [2/2]  bench  AppInt1                               764,730,799 ns/op ±0%   1,769,312,388 B/op ±0%   2,648,449 allocs/op ±0%    1.75s
  [1/2]  bench  AccountDeltasOps/upsert               670,062 ns/op   3,489,890 B/op   4.00 allocs/op
  [2/2]  bench  AccountDeltasOps/upsert               664,566 ns/op ±1%   3,489,885 B/op ±0%   4.00 allocs/op    410ms
  [1/2]  bench  AccountDeltasOps/merge                683,351 ns/op   828,982 B/op   164 allocs/op
  [2/2]  bench  AccountDeltasOps/merge                681,184 ns/op ±0%   829,040 B/op ±0%   164 allocs/op    750ms
  [1/2]  bench  AccountDeltasOps/optimize             127,311 ns/op   442,555 B/op   8.00 allocs/op
  [2/2]  bench  AccountDeltasOps/optimize             126,007 ns/op ±1%   442,553 B/op ±0%   8.00 allocs/op    480ms
  [1/2]  bench  MakeStateDelta                        1,452,773 ns/op   20,496,539 B/op   7.00 allocs/op
  [2/2]  bench  MakeStateDelta                        1,387,741 ns/op ±5%   20,496,540 B/op ±0%   7.00 allocs/op    490ms
  [1/2]  bench  OnlineAccountsCacheRead320            2,808,727 ns/op   519,318 B/op   3,191 allocs/op
  [2/2]  bench  OnlineAccountsCacheRead320            2,813,593 ns/op ±0%   532,309 B/op ±2%   3,271 allocs/op ±2%    930ms
  [1/2]  bench  MessageFilterCheck/hit                5,880 ns/op   1,248 B/op   9.00 allocs/op
  [2/2]  bench  MessageFilterCheck/hit                5,863 ns/op ±0%   1,248 B/op   9.00 allocs/op    400ms
  [1/2]  bench  MessageFilterCheck/miss               5,860 ns/op   1,248 B/op   9.00 allocs/op
  [2/2]  bench  MessageFilterCheck/miss               5,925 ns/op ±1%   1,248 B/op   9.00 allocs/op    410ms
  [1/2]  bench  GenerateMessageDigest                 514 ns/op   0.000 B/op   0.000 allocs/op
  [2/2]  bench  GenerateMessageDigest                 513 ns/op ±0%   0.000 B/op   0.000 allocs/op    360ms
  [1/2]  bench  BloomFilterSet                        101 ns/op   0.000 B/op   0.000 allocs/op
  [2/2]  bench  BloomFilterSet                        101 ns/op ±0%   0.000 B/op   0.000 allocs/op    1.83s
  [1/2]  bench  BloomFilterTest                       98.7 ns/op   0.000 B/op   0.000 allocs/op
  [2/2]  bench  BloomFilterTest                       98.8 ns/op ±0%   0.000 B/op   0.000 allocs/op    2.1s
  [1/2]  bench  TagCounter                            18.8 ns/op   0.000 B/op   0.000 allocs/op
  [2/2]  bench  TagCounter                            17.9 ns/op ±5%   0.000 B/op   0.000 allocs/op    360ms
