  [1/2]  bench  VoteVerify                            459,880 ns/op   6,752 B/op   63.0 allocs/op
  [2/2]  bench  VoteVerify                            457,725 ns/op ±0%   6,752 B/op   63.0 allocs/op    540ms
  [1/2]  bench  CryptoVerifierVoteVertification       213,680 ns/op   23,621 B/op   69.0 allocs/op
  [2/2]  bench  CryptoVerifierVoteVertification       212,940 ns/op ±0%   23,618 B/op ±0%   69.0 allocs/op    520ms
  [1/2]  bench  CryptoVerifierProposalVertification   283,410 ns/op   11,003 B/op   54.0 allocs/op
  [2/2]  bench  CryptoVerifierProposalVertification   285,946 ns/op ±1%   11,003 B/op ±0%   54.0 allocs/op    540ms
  [1/2]  bench  VoteDecoding                          435 ns/op   1,152 B/op   2.00 allocs/op
  [2/2]  bench  VoteDecoding                          434 ns/op ±0%   1,152 B/op   2.00 allocs/op    850ms
  [1/2]  bench  NoiseSentinelHash                     41,273 ns/op   1,588 MB/s   0.000 B/op   0.000 allocs/op
  [2/2]  bench  NoiseSentinelHash                     41,262 ns/op ±0%   1,588 MB/s ±0%   0.000 B/op   0.000 allocs/op    360ms
  [1/2]  bench  NoiseSentinelLoop                     7,639 ns/op   0.000 B/op   0.000 allocs/op
  [2/2]  bench  NoiseSentinelLoop                     7,638 ns/op ±0%   0.000 B/op   0.000 allocs/op    430ms
  [1/2]  bench  FalconVerify                          52,474 ns/op   0.000 B/op   0.000 allocs/op
  [2/2]  bench  FalconVerify                          51,590 ns/op ±2%   0.000 B/op   0.000 allocs/op    520ms
  [1/2]  bench  FalconSign                            9,876,278 ns/op   3,080 B/op   3.00 allocs/op
  [2/2]  bench  FalconSign                            9,870,763 ns/op ±0%   3,080 B/op   3.00 allocs/op    470ms
  [1/2]  bench  MultisigVerify                        188,208 ns/op   2,650 B/op   21.0 allocs/op
  [2/2]  bench  MultisigVerify                        188,249 ns/op ±0%   2,649 B/op ±0%   21.0 allocs/op    380ms
  [1/2]  bench  VrfProve                              170,382 ns/op   224 B/op   5.00 allocs/op
  [2/2]  bench  VrfProve                              168,636 ns/op ±1%   224 B/op   5.00 allocs/op    370ms
  [1/2]  bench  Hash                                  240 ns/op   0.000 B/op   0.000 allocs/op
  [2/2]  bench  Hash                                  240 ns/op ±0%   0.000 B/op   0.000 allocs/op    600ms
  [1/2]  bench  SignVerify                            83,540 ns/op   336 B/op   10.0 allocs/op
  [2/2]  bench  SignVerify                            83,391 ns/op ±0%   336 B/op   10.0 allocs/op    370ms
  [1/2]  bench  Verify25519                           64,059 ns/op   152 B/op   5.00 allocs/op
  [2/2]  bench  Verify25519                           64,649 ns/op ±1%   152 B/op   5.00 allocs/op    490ms
  [1/2]  bench  MerkleSignatureVerify                 105,040 ns/op   9,472 B/op   42.0 allocs/op
  [2/2]  bench  MerkleSignatureVerify                 104,952 ns/op ±0%   9,472 B/op   42.0 allocs/op    670ms
  [1/2]  bench  OneTimeSigBatchVerification/batch=false  193,143 ns/op   784 B/op   17.0 allocs/op
  [2/2]  bench  OneTimeSigBatchVerification/batch=false  194,993 ns/op ±1%   784 B/op   17.0 allocs/op    650ms
  [1/2]  bench  OneTimeSigBatchVerification/batch=true  193,510 ns/op   784 B/op   17.0 allocs/op
  [2/2]  bench  OneTimeSigBatchVerification/batch=true  196,200 ns/op ±1%   784 B/op   17.0 allocs/op    650ms
  [1/2]  bench  VrfVerify                             237,109 ns/op   176 B/op   3.00 allocs/op
  [2/2]  bench  VrfVerify                             233,845 ns/op ±1%   176 B/op   3.00 allocs/op    710ms
  [1/2]  bench  AppRateLimiter_TxgroupToKeys          18,406 ns/op   3,097 B/op   2.00 allocs/op
  [2/2]  bench  AppRateLimiter_TxgroupToKeys          18,342 ns/op ±0%   3,097 B/op   2.00 allocs/op    760ms
  [1/2]  bench  AddressFormatting                     366 ns/op   128 B/op   2.00 allocs/op
  [2/2]  bench  AddressFormatting                     366 ns/op ±0%   128 B/op   2.00 allocs/op    340ms
  [1/2]  bench  UnmarshalChecksumAddress              850 ns/op   192 B/op   3.00 allocs/op
  [2/2]  bench  UnmarshalChecksumAddress              851 ns/op ±0%   192 B/op   3.00 allocs/op    350ms
  [1/2]  bench  AppendMsgBlockHeader                  60.6 ns/op   16.5 MB/s   0.000 B/op   0.000 allocs/op
  [2/2]  bench  AppendMsgBlockHeader                  60.5 ns/op ±0%   16.5 MB/s ±0%   0.000 B/op   0.000 allocs/op    410ms
  [1/2]  bench  Sortition                             2,125,353 ns/op   2,217 B/op   26.0 allocs/op
  [2/2]  bench  Sortition                             2,134,560 ns/op ±0%   2,217 B/op   26.0 allocs/op    590ms
  [1/2]  bench  TxnIDs/signed-txn-id                  806 ns/op   0.000 B/op   0.000 allocs/op
  [2/2]  bench  TxnIDs/signed-txn-id                  806 ns/op ±0%   0.000 B/op   0.000 allocs/op    370ms
  [1/2]  bench  TxnIDs/group-id                       18,815 ns/op   2,269 B/op   4.00 allocs/op
  [2/2]  bench  TxnIDs/group-id                       18,948 ns/op ±1%   2,269 B/op   4.00 allocs/op    550ms
  [1/2]  bench  WellFormed/pay                        212 ns/op   0.000 B/op   0.000 allocs/op
  [2/2]  bench  WellFormed/pay                        212 ns/op ±0%   0.000 B/op   0.000 allocs/op    570ms
  [1/2]  bench  WellFormed/axfer                      179 ns/op   0.000 B/op   0.000 allocs/op
  [2/2]  bench  WellFormed/axfer                      179 ns/op ±0%   0.000 B/op   0.000 allocs/op    540ms
  [1/2]  bench  WellFormed/acfg                       173 ns/op   0.000 B/op   0.000 allocs/op
  [2/2]  bench  WellFormed/acfg                       173 ns/op ±0%   0.000 B/op   0.000 allocs/op    540ms
  [1/2]  bench  WellFormed/appl                       194 ns/op   0.000 B/op   0.000 allocs/op
  [2/2]  bench  WellFormed/appl                       194 ns/op ±0%   0.000 B/op   0.000 allocs/op    560ms
  [1/2]  bench  WellFormed/keyreg                     310 ns/op   0.000 B/op   0.000 allocs/op
  [2/2]  bench  WellFormed/keyreg                     309 ns/op ±0%   0.000 B/op   0.000 allocs/op    310ms
  [1/2]  bench  Verify/pop                            56.9 ns/op   3.00 extra/op   6.00 B/op   0.000 allocs/op
  [2/2]  bench  Verify/pop                            56.8 ns/op ±0%   3.00 extra/op   6.00 B/op   0.000 allocs/op    510ms
  [1/2]  bench  Verify/add                            59.9 ns/op   3.00 extra/op   6.00 B/op   0.000 allocs/op
  [2/2]  bench  Verify/add                            62.3 ns/op ±4%   3.00 extra/op   6.00 B/op   0.000 allocs/op    550ms
  [1/2]  bench  Verify/ed25519verify_bare             63,554 ns/op   7.00 extra/op   103 B/op   2.00 allocs/op
  [2/2]  bench  Verify/ed25519verify_bare             63,307 ns/op ±0%   7.00 extra/op   103 B/op ±0%   2.00 allocs/op    510ms
  [1/2]  bench  Verify/ecdsa_verify_k1                60,455 ns/op   7.00 extra/op   342 B/op   6.00 allocs/op
  [2/2]  bench  Verify/ecdsa_verify_k1                60,356 ns/op ±0%   7.00 extra/op   342 B/op   6.00 allocs/op    580ms
  [1/2]  bench  Verify/ecdsa_verify_r1                81,551 ns/op   7.00 extra/op   1,273 B/op   26.0 allocs/op
  [2/2]  bench  Verify/ecdsa_verify_r1                81,403 ns/op ±0%   7.00 extra/op   1,273 B/op   26.0 allocs/op    540ms
  [1/2]  bench  Verify/falcon_verify                  51,715 ns/op   7.00 extra/op   2,055 B/op   1.00 allocs/op
  [2/2]  bench  Verify/falcon_verify                  52,067 ns/op ±1%   7.00 extra/op   2,055 B/op   1.00 allocs/op    830ms
  [1/2]  bench  Verify/vrf_verify                     223,080 ns/op   5.00 extra/op   280 B/op   6.00 allocs/op
  [2/2]  bench  Verify/vrf_verify                     223,101 ns/op ±0%   5.00 extra/op   280 B/op   6.00 allocs/op    520ms
  [1/2]  bench  CheckSignature                        8,549 ns/op   12,320 B/op   9.00 allocs/op
  [2/2]  bench  CheckSignature                        8,530 ns/op ±0%   12,320 B/op   9.00 allocs/op    440ms
  [1/2]  bench  Addx64/add_long_stack                 6,421 ns/op   16,648 B/op   11.0 allocs/op
  [2/2]  bench  Addx64/add_long_stack                 6,451 ns/op ±0%   16,648 B/op   11.0 allocs/op    420ms
  [1/2]  bench  Addx64/add_small_stack                5,736 ns/op   13,192 B/op   9.00 allocs/op
  [2/2]  bench  Addx64/add_small_stack                6,544 ns/op ±12%   13,192 B/op   9.00 allocs/op    460ms
  [1/2]  bench  NopPassx1                             2,952 ns/op   13,192 B/op   9.00 allocs/op
  [2/2]  bench  NopPassx1                             2,970 ns/op ±1%   13,192 B/op   9.00 allocs/op    410ms
  [1/2]  bench  Checkx5                               137,625 ns/op   105,100 B/op   950 allocs/op
  [2/2]  bench  Checkx5                               138,015 ns/op ±0%   105,100 B/op   950 allocs/op    360ms
  [1/2]  bench  AppendMsgSignedTxn                    141 ns/op   7.09 MB/s   0.000 B/op   0.000 allocs/op
  [2/2]  bench  AppendMsgSignedTxn                    141 ns/op ±0%   7.07 MB/s ±0%   0.000 B/op   0.000 allocs/op    500ms
  [1/2]  bench  TinyMan/eval-lsig-signature           20,259 ns/op   36,680 B/op   86.0 allocs/op
  [2/2]  bench  TinyMan/eval-lsig-signature           20,218 ns/op ±0%   36,680 B/op   86.0 allocs/op    570ms
  [1/2]  bench  TinyMan/group-check-actual            174,297 ns/op   80,576 B/op   136 allocs/op
  [2/2]  bench  TinyMan/group-check-actual            184,122 ns/op ±5%   80,576 B/op   136 allocs/op    1.36s
  [1/2]  bench  TinyMan/group-check-all-crypto        261,650 ns/op   33,884 B/op   37.0 allocs/op
  [2/2]  bench  TinyMan/group-check-all-crypto        262,950 ns/op ±0%   33,882 B/op ±0%   37.0 allocs/op    380ms
  [1/2]  bench  LogicSigSanityCheck                   11,102 ns/op   15,112 B/op   15.0 allocs/op
  [2/2]  bench  LogicSigSanityCheck                   11,143 ns/op ±0%   15,112 B/op   15.0 allocs/op    470ms
  [1/2]  bench  PaysetGroups                          33,292 ns/op   12,459 B/op   8.00 allocs/op
  [2/2]  bench  PaysetGroups                          33,530 ns/op ±1%   12,405 B/op ±0%   8.00 allocs/op    750ms
  [1/2]  bench  Txn                                   68,541 ns/op   9,421 B/op   12.0 allocs/op
  [2/2]  bench  Txn                                   68,347 ns/op ±0%   9,421 B/op   12.0 allocs/op    1.07s
  [1/2]  bench  TxHandlerProcessing/processDecoded    14,598 ns/op   4,336 B/op   33.0 allocs/op
  [2/2]  bench  TxHandlerProcessing/processDecoded    14,684 ns/op ±1%   4,336 B/op   33.0 allocs/op    1.28s
  [1/2]  bench  TxHandlerProcessing/verify.TxnGroup   68,889 ns/op   11,328 B/op   16.0 allocs/op
  [2/2]  bench  TxHandlerProcessing/verify.TxnGroup   68,649 ns/op ±0%   11,328 B/op   16.0 allocs/op    510ms
  [1/2]  bench  TxHandlerDecoderMsgp                  16,664,092 ns/op   8,941,030 B/op   7,896 allocs/op
  [2/2]  bench  TxHandlerDecoderMsgp                  16,358,182 ns/op ±2%   8,717,505 B/op ±3%   7,699 allocs/op ±3%    1.16s
  [1/2]  bench  CompactDeltas/account-deltas          2,023,898 ns/op   4,096,359 B/op   0.000 allocs/op
  [2/2]  bench  CompactDeltas/account-deltas          2,039,833 ns/op ±1%   4,096,359 B/op ±0%   0.000 allocs/op    2.68s
  [1/2]  bench  CompactResourceDeltas                 5,927,675 ns/op   9,252,144 B/op   15.0 allocs/op
  [2/2]  bench  CompactResourceDeltas                 5,966,707 ns/op ±1%   9,251,941 B/op ±0%   15.0 allocs/op    430ms
  [1/2]  bench  TxTailCheckDup/hit                    80.9 ns/op   48.0 B/op   1.00 allocs/op
  [2/2]  bench  TxTailCheckDup/hit                    81.3 ns/op ±1%   48.0 B/op   1.00 allocs/op    440ms
  [1/2]  bench  TxTailCheckDup/miss                   42.0 ns/op   0.000 B/op   0.000 allocs/op
  [2/2]  bench  TxTailCheckDup/miss                   42.0 ns/op   0.000 B/op   0.000 allocs/op    400ms
  [1/2]  bench  CowChild                              55.0 ns/op   0.000 B/op   0.000 allocs/op
  [2/2]  bench  CowChild                              55.1 ns/op ±0%   0.000 B/op   0.000 allocs/op    420ms
  [1/2]  bench  PrefetcherApps                        234 ns/op   223 B/op   0.000 allocs/op
  [2/2]  bench  PrefetcherApps                        232 ns/op ±1%   223 B/op   0.000 allocs/op    1.85s
  [1/2]  bench  PrefetcherPayment                     317 ns/op   224 B/op   0.000 allocs/op
  [2/2]  bench  PrefetcherPayment                     321 ns/op ±1%   224 B/op   0.000 allocs/op    650ms
  [1/2]  bench  BlockEvaluatorRAMNoCrypto             605,532,880 ns/op   12,112 ns/eval_validate_tx   544,557,620 B/op   1,544,893 allocs/op
  [2/2]  bench  BlockEvaluatorRAMNoCrypto             606,860,887 ns/op ±0%   12,139 ns/eval_validate_tx ±0%   544,539,502 B/op ±0%   1,544,562 allocs/op ±0%    11.05s
  [1/2]  bench  BlockValidationMix                    2,306,162,620 ns/op   1,794,875,176 B/op   7,670,891 allocs/op
  [2/2]  bench  BlockValidationMix                    2,273,305,610 ns/op ±1%   1,791,000,340 B/op ±0%   7,663,992 allocs/op ±0%    11.57s
  [1/2]  bench  AppInt1                               818,660,443 ns/op   1,769,901,456 B/op   2,648,426 allocs/op
  [2/2]  bench  AppInt1                               804,462,580 ns/op ±2%   1,769,827,188 B/op ±0%   2,648,428 allocs/op ±0%    1.83s
  [1/2]  bench  AccountDeltasOps/upsert               689,615 ns/op   3,489,879 B/op   4.00 allocs/op
  [2/2]  bench  AccountDeltasOps/upsert               678,472 ns/op ±2%   3,489,878 B/op ±0%   4.00 allocs/op    410ms
  [1/2]  bench  AccountDeltasOps/merge                694,012 ns/op   829,118 B/op   164 allocs/op
  [2/2]  bench  AccountDeltasOps/merge                693,514 ns/op ±0%   829,240 B/op ±0%   165 allocs/op ±0%    720ms
  [1/2]  bench  AccountDeltasOps/optimize             102,037 ns/op   442,520 B/op   8.00 allocs/op
  [2/2]  bench  AccountDeltasOps/optimize             101,482 ns/op ±1%   442,552 B/op ±0%   8.50 allocs/op ±6%    530ms
  [1/2]  bench  MakeStateDelta                        1,362,528 ns/op   20,496,535 B/op   7.00 allocs/op
  [2/2]  bench  MakeStateDelta                        1,354,163 ns/op ±1%   20,496,535 B/op   7.00 allocs/op    490ms
  [1/2]  bench  OnlineAccountsCacheRead320            2,879,988 ns/op   587,959 B/op   3,351 allocs/op
  [2/2]  bench  OnlineAccountsCacheRead320            2,871,694 ns/op ±0%   573,962 B/op ±2%   3,272 allocs/op ±2%    940ms
  [1/2]  bench  MessageFilterCheck/hit                5,933 ns/op   1,248 B/op   9.00 allocs/op
  [2/2]  bench  MessageFilterCheck/hit                5,943 ns/op ±0%   1,248 B/op   9.00 allocs/op    400ms
  [1/2]  bench  MessageFilterCheck/miss               5,937 ns/op   1,248 B/op   9.00 allocs/op
  [2/2]  bench  MessageFilterCheck/miss               5,959 ns/op ±0%   1,248 B/op   9.00 allocs/op    410ms
  [1/2]  bench  GenerateMessageDigest                 511 ns/op   0.000 B/op   0.000 allocs/op
  [2/2]  bench  GenerateMessageDigest                 512 ns/op ±0%   0.000 B/op   0.000 allocs/op    360ms
  [1/2]  bench  BloomFilterSet                        101 ns/op   0.000 B/op   0.000 allocs/op
  [2/2]  bench  BloomFilterSet                        101 ns/op ±0%   0.000 B/op   0.000 allocs/op    1.83s
  [1/2]  bench  BloomFilterTest                       98.3 ns/op   0.000 B/op   0.000 allocs/op
  [2/2]  bench  BloomFilterTest                       98.3 ns/op ±0%   0.000 B/op   0.000 allocs/op    2.12s
  [1/2]  bench  TagCounter                            17.2 ns/op   0.000 B/op   0.000 allocs/op
  [2/2]  bench  TagCounter                            17.7 ns/op ±2%   0.000 B/op   0.000 allocs/op    390ms
