  [1/2]  bench  VoteVerify                            465,080 ns/op   6,753 B/op   63.0 allocs/op
  [2/2]  bench  VoteVerify                            471,317 ns/op ±1%   6,753 B/op ±0%   63.0 allocs/op    530ms
  [1/2]  bench  CryptoVerifierVoteVertification       208,708 ns/op   23,621 B/op   69.0 allocs/op
  [2/2]  bench  CryptoVerifierVoteVertification       209,641 ns/op ±0%   23,617 B/op ±0%   69.0 allocs/op    510ms
  [1/2]  bench  CryptoVerifierProposalVertification   282,090 ns/op   11,002 B/op   54.0 allocs/op
  [2/2]  bench  CryptoVerifierProposalVertification   279,742 ns/op ±1%   11,002 B/op   54.0 allocs/op    530ms
  [1/2]  bench  VoteDecoding                          430 ns/op   1,152 B/op   2.00 allocs/op
  [2/2]  bench  VoteDecoding                          428 ns/op ±0%   1,152 B/op   2.00 allocs/op    800ms
  [1/2]  bench  NoiseSentinelHash                     41,261 ns/op   1,588 MB/s   0.000 B/op   0.000 allocs/op
  [2/2]  bench  NoiseSentinelHash                     41,252 ns/op ±0%   1,589 MB/s ±0%   0.000 B/op   0.000 allocs/op    360ms
  [1/2]  bench  NoiseSentinelLoop                     7,635 ns/op   0.000 B/op   0.000 allocs/op
  [2/2]  bench  NoiseSentinelLoop                     7,639 ns/op ±0%   0.000 B/op   0.000 allocs/op    430ms
  [1/2]  bench  FalconVerify                          50,710 ns/op   0.000 B/op   0.000 allocs/op
  [2/2]  bench  FalconVerify                          51,163 ns/op ±1%   0.000 B/op   0.000 allocs/op    530ms
  [1/2]  bench  FalconSign                            9,891,873 ns/op   3,080 B/op   3.00 allocs/op
  [2/2]  bench  FalconSign                            9,881,161 ns/op ±0%   3,080 B/op   3.00 allocs/op    470ms
  [1/2]  bench  MultisigVerify                        192,039 ns/op   2,648 B/op   21.0 allocs/op
  [2/2]  bench  MultisigVerify                        189,926 ns/op ±1%   2,648 B/op   21.0 allocs/op    380ms
  [1/2]  bench  VrfProve                              175,726 ns/op   224 B/op   5.00 allocs/op
  [2/2]  bench  VrfProve                              171,575 ns/op ±2%   224 B/op   5.00 allocs/op    360ms
  [1/2]  bench  Hash                                  240 ns/op   0.000 B/op   0.000 allocs/op
  [2/2]  bench  Hash                                  240 ns/op ±0%   0.000 B/op   0.000 allocs/op    600ms
  [1/2]  bench  SignVerify                            83,231 ns/op   336 B/op   10.0 allocs/op
  [2/2]  bench  SignVerify                            83,300 ns/op ±0%   336 B/op   10.0 allocs/op    370ms
  [1/2]  bench  Verify25519                           66,849 ns/op   152 B/op   5.00 allocs/op
  [2/2]  bench  Verify25519                           65,402 ns/op ±2%   152 B/op   5.00 allocs/op    470ms
  [1/2]  bench  MerkleSignatureVerify                 101,667 ns/op   9,472 B/op   42.0 allocs/op
  [2/2]  bench  MerkleSignatureVerify                 101,591 ns/op ±0%   9,472 B/op   42.0 allocs/op    570ms
  [1/2]  bench  OneTimeSigBatchVerification/batch=false  199,103 ns/op   784 B/op   17.0 allocs/op
  [2/2]  bench  OneTimeSigBatchVerification/batch=false  198,033 ns/op ±1%   784 B/op   17.0 allocs/op    650ms
  [1/2]  bench  OneTimeSigBatchVerification/batch=true  205,953 ns/op   784 B/op   17.0 allocs/op
  [2/2]  bench  OneTimeSigBatchVerification/batch=true  199,357 ns/op ±3%   784 B/op ±0%   17.0 allocs/op    650ms
  [1/2]  bench  VrfVerify                             224,764 ns/op   176 B/op   3.00 allocs/op
  [2/2]  bench  VrfVerify                             230,305 ns/op ±2%   176 B/op   3.00 allocs/op    710ms
  [1/2]  bench  AppRateLimiter_TxgroupToKeys          18,070 ns/op   3,097 B/op   2.00 allocs/op
  [2/2]  bench  AppRateLimiter_TxgroupToKeys          18,484 ns/op ±2%   3,097 B/op   2.00 allocs/op    760ms
  [1/2]  bench  AddressFormatting                     365 ns/op   128 B/op   2.00 allocs/op
  [2/2]  bench  AddressFormatting                     366 ns/op ±0%   128 B/op   2.00 allocs/op    350ms
  [1/2]  bench  UnmarshalChecksumAddress              847 ns/op   192 B/op   3.00 allocs/op
  [2/2]  bench  UnmarshalChecksumAddress              848 ns/op ±0%   192 B/op   3.00 allocs/op    350ms
  [1/2]  bench  AppendMsgBlockHeader                  60.1 ns/op   16.6 MB/s   0.000 B/op   0.000 allocs/op
  [2/2]  bench  AppendMsgBlockHeader                  60.0 ns/op ±0%   16.7 MB/s ±0%   0.000 B/op   0.000 allocs/op    420ms
  [1/2]  bench  Sortition                             2,143,877 ns/op   2,217 B/op   26.0 allocs/op
  [2/2]  bench  Sortition                             2,207,143 ns/op ±3%   2,220 B/op ±0%   26.0 allocs/op    610ms
  [1/2]  bench  TxnIDs/signed-txn-id                  803 ns/op   0.000 B/op   0.000 allocs/op
  [2/2]  bench  TxnIDs/signed-txn-id                  804 ns/op ±0%   0.000 B/op   0.000 allocs/op    370ms
  [1/2]  bench  TxnIDs/group-id                       18,900 ns/op   2,267 B/op   4.00 allocs/op
  [2/2]  bench  TxnIDs/group-id                       18,925 ns/op ±0%   2,268 B/op ±0%   4.00 allocs/op    550ms
  [1/2]  bench  WellFormed/pay                        210 ns/op   0.000 B/op   0.000 allocs/op
  [2/2]  bench  WellFormed/pay                        210 ns/op ±0%   0.000 B/op   0.000 allocs/op    570ms
  [1/2]  bench  WellFormed/axfer                      178 ns/op   0.000 B/op   0.000 allocs/op
  [2/2]  bench  WellFormed/axfer                      178 ns/op ±0%   0.000 B/op   0.000 allocs/op    540ms
  [1/2]  bench  WellFormed/acfg                       174 ns/op   0.000 B/op   0.000 allocs/op
  [2/2]  bench  WellFormed/acfg                       174 ns/op ±0%   0.000 B/op   0.000 allocs/op    540ms
  [1/2]  bench  WellFormed/appl                       193 ns/op   0.000 B/op   0.000 allocs/op
  [2/2]  bench  WellFormed/appl                       192 ns/op ±0%   0.000 B/op   0.000 allocs/op    560ms
  [1/2]  bench  WellFormed/keyreg                     297 ns/op   0.000 B/op   0.000 allocs/op
  [2/2]  bench  WellFormed/keyreg                     297 ns/op ±0%   0.000 B/op   0.000 allocs/op    660ms
  [1/2]  bench  Verify/pop                            58.6 ns/op   3.00 extra/op   6.00 B/op   0.000 allocs/op
  [2/2]  bench  Verify/pop                            58.2 ns/op ±1%   3.00 extra/op   6.00 B/op   0.000 allocs/op    520ms
  [1/2]  bench  Verify/add                            60.0 ns/op   3.00 extra/op   6.00 B/op   0.000 allocs/op
  [2/2]  bench  Verify/add                            59.8 ns/op ±0%   3.00 extra/op   6.00 B/op   0.000 allocs/op    530ms
  [1/2]  bench  Verify/ed25519verify_bare             63,706 ns/op   7.00 extra/op   102 B/op   2.00 allocs/op
  [2/2]  bench  Verify/ed25519verify_bare             64,452 ns/op ±1%   7.00 extra/op   102 B/op   2.00 allocs/op    540ms
  [1/2]  bench  Verify/ecdsa_verify_k1                61,780 ns/op   7.00 extra/op   342 B/op   6.00 allocs/op
  [2/2]  bench  Verify/ecdsa_verify_k1                60,977 ns/op ±1%   7.00 extra/op   342 B/op   6.00 allocs/op    580ms
  [1/2]  bench  Verify/ecdsa_verify_r1                81,296 ns/op   7.00 extra/op   1,273 B/op   26.0 allocs/op
  [2/2]  bench  Verify/ecdsa_verify_r1                81,285 ns/op ±0%   7.00 extra/op   1,273 B/op   26.0 allocs/op    540ms
  [1/2]  bench  Verify/falcon_verify                  52,221 ns/op   7.00 extra/op   2,056 B/op   1.00 allocs/op
  [2/2]  bench  Verify/falcon_verify                  52,319 ns/op ±0%   7.00 extra/op   2,056 B/op ±0%   1.00 allocs/op    830ms
  [1/2]  bench  Verify/vrf_verify                     222,091 ns/op   5.00 extra/op   280 B/op   6.00 allocs/op
  [2/2]  bench  Verify/vrf_verify                     227,691 ns/op ±2%   5.00 extra/op   280 B/op   6.00 allocs/op    530ms
  [1/2]  bench  CheckSignature                        8,558 ns/op   12,320 B/op   9.00 allocs/op
  [2/2]  bench  CheckSignature                        8,564 ns/op ±0%   12,320 B/op   9.00 allocs/op    450ms
  [1/2]  bench  Addx64/add_long_stack                 6,586 ns/op   16,648 B/op   11.0 allocs/op
  [2/2]  bench  Addx64/add_long_stack                 6,630 ns/op ±1%   16,648 B/op   11.0 allocs/op    430ms
  [1/2]  bench  Addx64/add_small_stack                5,716 ns/op   13,192 B/op   9.00 allocs/op
  [2/2]  bench  Addx64/add_small_stack                5,766 ns/op ±1%   13,192 B/op   9.00 allocs/op    420ms
  [1/2]  bench  NopPassx1                             3,044 ns/op   13,192 B/op   9.00 allocs/op
  [2/2]  bench  NopPassx1                             3,079 ns/op ±1%   13,192 B/op   9.00 allocs/op    390ms
  [1/2]  bench  Checkx5                               140,260 ns/op   105,100 B/op   950 allocs/op
  [2/2]  bench  Checkx5                               140,031 ns/op ±0%   105,100 B/op   950 allocs/op    350ms
  [1/2]  bench  AppendMsgSignedTxn                    141 ns/op   7.11 MB/s   0.000 B/op   0.000 allocs/op
  [2/2]  bench  AppendMsgSignedTxn                    141 ns/op ±0%   7.10 MB/s ±0%   0.000 B/op   0.000 allocs/op    500ms
  [1/2]  bench  TinyMan/eval-lsig-signature           20,053 ns/op   36,680 B/op   86.0 allocs/op
  [2/2]  bench  TinyMan/eval-lsig-signature           20,172 ns/op ±1%   36,680 B/op   86.0 allocs/op    570ms
  [1/2]  bench  TinyMan/group-check-actual            174,826 ns/op   80,576 B/op   136 allocs/op
  [2/2]  bench  TinyMan/group-check-actual            176,253 ns/op ±1%   80,576 B/op   136 allocs/op    1.4s
  [1/2]  bench  TinyMan/group-check-all-crypto        264,345 ns/op   33,884 B/op   37.0 allocs/op
  [2/2]  bench  TinyMan/group-check-all-crypto        263,603 ns/op ±0%   33,882 B/op ±0%   37.0 allocs/op    370ms
  [1/2]  bench  LogicSigSanityCheck                   11,103 ns/op   15,112 B/op   15.0 allocs/op
  [2/2]  bench  LogicSigSanityCheck                   11,132 ns/op ±0%   15,112 B/op   15.0 allocs/op    470ms
  [1/2]  bench  PaysetGroups                          33,992 ns/op   12,335 B/op   8.00 allocs/op
  [2/2]  bench  PaysetGroups                          33,733 ns/op ±1%   12,323 B/op ±0%   8.00 allocs/op    750ms
  [1/2]  bench  Txn                                   68,818 ns/op   9,425 B/op   12.0 allocs/op
  [2/2]  bench  Txn                                   68,522 ns/op ±0%   9,428 B/op ±0%   12.0 allocs/op    1.07s
  [1/2]  bench  TxHandlerProcessing/processDecoded    15,454 ns/op   4,336 B/op   33.0 allocs/op
  [2/2]  bench  TxHandlerProcessing/processDecoded    15,147 ns/op ±2%   4,336 B/op   33.0 allocs/op    1.28s
  [1/2]  bench  TxHandlerProcessing/verify.TxnGroup   68,378 ns/op   11,328 B/op   16.0 allocs/op
  [2/2]  bench  TxHandlerProcessing/verify.TxnGroup   68,424 ns/op ±0%   11,328 B/op   16.0 allocs/op    490ms
  [1/2]  bench  TxHandlerDecoderMsgp                  16,090,529 ns/op   8,941,036 B/op   7,896 allocs/op
  [2/2]  bench  TxHandlerDecoderMsgp                  15,668,284 ns/op ±3%   8,717,508 B/op ±3%   7,699 allocs/op ±3%    1.16s
  [1/2]  bench  CompactDeltas/account-deltas          2,461,072 ns/op   4,096,358 B/op   0.000 allocs/op
  [2/2]  bench  CompactDeltas/account-deltas          2,354,765 ns/op ±5%   4,096,358 B/op   0.000 allocs/op    2.73s
  [1/2]  bench  CompactResourceDeltas                 5,911,246 ns/op   9,252,334 B/op   15.0 allocs/op
  [2/2]  bench  CompactResourceDeltas                 5,931,585 ns/op ±0%   9,251,879 B/op ±0%   14.5 allocs/op ±3%    390ms
  [1/2]  bench  TxTailCheckDup/hit                    81.8 ns/op   48.0 B/op   1.00 allocs/op
  [2/2]  bench  TxTailCheckDup/hit                    82.5 ns/op ±1%   48.0 B/op   1.00 allocs/op    430ms
  [1/2]  bench  TxTailCheckDup/miss                   47.3 ns/op   0.000 B/op   0.000 allocs/op
  [2/2]  bench  TxTailCheckDup/miss                   47.3 ns/op ±0%   0.000 B/op   0.000 allocs/op    410ms
  [1/2]  bench  CowChild                              54.8 ns/op   0.000 B/op   0.000 allocs/op
  [2/2]  bench  CowChild                              54.8 ns/op ±0%   0.000 B/op   0.000 allocs/op    420ms
  [1/2]  bench  PrefetcherApps                        230 ns/op   214 B/op   0.000 allocs/op
  [2/2]  bench  PrefetcherApps                        207 ns/op ±11%   214 B/op ±0%   0.000 allocs/op    1.73s
  [1/2]  bench  PrefetcherPayment                     368 ns/op   224 B/op   0.000 allocs/op
  [2/2]  bench  PrefetcherPayment                     347 ns/op ±6%   224 B/op   0.000 allocs/op    680ms
  [1/2]  bench  BlockEvaluatorRAMNoCrypto             611,767,592 ns/op   12,237 ns/eval_validate_tx   544,126,868 B/op   1,546,328 allocs/op
  [2/2]  bench  BlockEvaluatorRAMNoCrypto             606,367,123 ns/op ±1%   12,129 ns/eval_validate_tx ±1%   544,130,174 B/op ±0%   1,545,670 allocs/op ±0%    10.98s
  [1/2]  bench  BlockValidationMix                    2,248,169,114 ns/op   1,783,114,264 B/op   7,641,046 allocs/op
  [2/2]  bench  BlockValidationMix                    2,232,499,899 ns/op ±1%   1,785,457,164 B/op ±0%   7,652,003 allocs/op ±0%    11.47s
  [1/2]  bench  AppInt1                               819,042,693 ns/op   1,769,934,288 B/op   2,648,449 allocs/op
  [2/2]  bench  AppInt1                               815,713,201 ns/op ±0%   1,769,890,552 B/op ±0%   2,648,443 allocs/op ±0%    1.81s
  [1/2]  bench  AccountDeltasOps/upsert               669,856 ns/op   3,489,890 B/op   4.00 allocs/op
  [2/2]  bench  AccountDeltasOps/upsert               666,280 ns/op ±1%   3,489,885 B/op ±0%   4.00 allocs/op    380ms
  [1/2]  bench  AccountDeltasOps/merge                666,223 ns/op   829,110 B/op   164 allocs/op
  [2/2]  bench  AccountDeltasOps/merge                675,609 ns/op ±1%   829,093 B/op ±0%   164 allocs/op    730ms
  [1/2]  bench  AccountDeltasOps/optimize             101,602 ns/op   442,521 B/op   8.00 allocs/op
  [2/2]  bench  AccountDeltasOps/optimize             106,353 ns/op ±4%   442,521 B/op ±0%   8.00 allocs/op    560ms
  [1/2]  bench  MakeStateDelta                        1,228,842 ns/op   20,496,533 B/op   7.00 allocs/op
  [2/2]  bench  MakeStateDelta                        1,220,090 ns/op ±1%   20,496,534 B/op ±0%   7.00 allocs/op    470ms
  [1/2]  bench  OnlineAccountsCacheRead320            2,707,109 ns/op   555,555 B/op   3,166 allocs/op
  [2/2]  bench  OnlineAccountsCacheRead320            2,721,415 ns/op ±1%   564,590 B/op ±2%   3,218 allocs/op ±2%    920ms
  [1/2]  bench  MessageFilterCheck/hit                5,963 ns/op   1,248 B/op   9.00 allocs/op
  [2/2]  bench  MessageFilterCheck/hit                5,949 ns/op ±0%   1,248 B/op   9.00 allocs/op    400ms
  [1/2]  bench  MessageFilterCheck/miss               5,982 ns/op   1,248 B/op   9.00 allocs/op
  [2/2]  bench  MessageFilterCheck/miss               5,975 ns/op ±0%   1,248 B/op   9.00 allocs/op    420ms
  [1/2]  bench  GenerateMessageDigest                 511 ns/op   0.000 B/op   0.000 allocs/op
  [2/2]  bench  GenerateMessageDigest                 511 ns/op ±0%   0.000 B/op   0.000 allocs/op    360ms
  [1/2]  bench  BloomFilterSet                        101 ns/op   0.000 B/op   0.000 allocs/op
  [2/2]  bench  BloomFilterSet                        101 ns/op ±0%   0.000 B/op   0.000 allocs/op    1.84s
  [1/2]  bench  BloomFilterTest                       98.3 ns/op   0.000 B/op   0.000 allocs/op
  [2/2]  bench  BloomFilterTest                       98.1 ns/op ±0%   0.000 B/op   0.000 allocs/op    2.13s
  [1/2]  bench  TagCounter                            17.2 ns/op   0.000 B/op   0.000 allocs/op
  [2/2]  bench  TagCounter                            17.8 ns/op ±4%   0.000 B/op   0.000 allocs/op    380ms
