  [1/2]  bench  VoteVerify                            449,818 ns/op   6,752 B/op   63.0 allocs/op
  [2/2]  bench  VoteVerify                            452,791 ns/op ±1%   6,752 B/op   63.0 allocs/op    540ms
  [1/2]  bench  CryptoVerifierVoteVertification       207,038 ns/op   23,619 B/op   69.0 allocs/op
  [2/2]  bench  CryptoVerifierVoteVertification       208,506 ns/op ±1%   23,616 B/op ±0%   69.0 allocs/op    530ms
  [1/2]  bench  CryptoVerifierProposalVertification   285,087 ns/op   11,002 B/op   54.0 allocs/op
  [2/2]  bench  CryptoVerifierProposalVertification   283,427 ns/op ±1%   11,002 B/op   54.0 allocs/op    530ms
  [1/2]  bench  VoteDecoding                          436 ns/op   1,152 B/op   2.00 allocs/op
  [2/2]  bench  VoteDecoding                          432 ns/op ±1%   1,152 B/op   2.00 allocs/op    780ms
  [1/2]  bench  NoiseSentinelHash                     41,336 ns/op   1,585 MB/s   0.000 B/op   0.000 allocs/op
  [2/2]  bench  NoiseSentinelHash                     41,298 ns/op ±0%   1,587 MB/s ±0%   0.000 B/op   0.000 allocs/op    360ms
  [1/2]  bench  NoiseSentinelLoop                     7,641 ns/op   0.000 B/op   0.000 allocs/op
  [2/2]  bench  NoiseSentinelLoop                     7,645 ns/op ±0%   0.000 B/op   0.000 allocs/op    430ms
  [1/2]  bench  FalconVerify                          50,824 ns/op   0.000 B/op   0.000 allocs/op
  [2/2]  bench  FalconVerify                          51,303 ns/op ±1%   0.000 B/op   0.000 allocs/op    530ms
  [1/2]  bench  FalconSign                            9,870,340 ns/op   3,080 B/op   3.00 allocs/op
  [2/2]  bench  FalconSign                            9,891,987 ns/op ±0%   3,080 B/op   3.00 allocs/op    440ms
  [1/2]  bench  MultisigVerify                        189,353 ns/op   2,648 B/op   21.0 allocs/op
  [2/2]  bench  MultisigVerify                        190,951 ns/op ±1%   2,649 B/op ±0%   21.0 allocs/op    380ms
  [1/2]  bench  VrfProve                              167,619 ns/op   224 B/op   5.00 allocs/op
  [2/2]  bench  VrfProve                              171,020 ns/op ±2%   224 B/op   5.00 allocs/op    380ms
  [1/2]  bench  Hash                                  240 ns/op   0.000 B/op   0.000 allocs/op
  [2/2]  bench  Hash                                  240 ns/op ±0%   0.000 B/op   0.000 allocs/op    600ms
  [1/2]  bench  SignVerify                            80,998 ns/op   336 B/op   10.0 allocs/op
  [2/2]  bench  SignVerify                            81,392 ns/op ±0%   336 B/op   10.0 allocs/op    360ms
  [1/2]  bench  Verify25519                           64,113 ns/op   152 B/op   5.00 allocs/op
  [2/2]  bench  Verify25519                           65,082 ns/op ±1%   152 B/op   5.00 allocs/op    480ms
  [1/2]  bench  MerkleSignatureVerify                 102,272 ns/op   9,472 B/op   42.0 allocs/op
  [2/2]  bench  MerkleSignatureVerify                 102,964 ns/op ±1%   9,472 B/op   42.0 allocs/op    750ms
  [1/2]  bench  OneTimeSigBatchVerification/batch=false  196,752 ns/op   783 B/op   17.0 allocs/op
  [2/2]  bench  OneTimeSigBatchVerification/batch=false  196,027 ns/op ±0%   784 B/op ±0%   17.0 allocs/op    630ms
  [1/2]  bench  OneTimeSigBatchVerification/batch=true  192,949 ns/op   784 B/op   17.0 allocs/op
  [2/2]  bench  OneTimeSigBatchVerification/batch=true  198,472 ns/op ±3%   784 B/op   17.0 allocs/op    670ms
  [1/2]  bench  VrfVerify                             228,646 ns/op   176 B/op   3.00 allocs/op
  [2/2]  bench  VrfVerify                             228,687 ns/op ±0%   176 B/op   3.00 allocs/op    700ms
  [1/2]  bench  AppRateLimiter_TxgroupToKeys          18,427 ns/op   3,097 B/op   2.00 allocs/op
  [2/2]  bench  AppRateLimiter_TxgroupToKeys          18,305 ns/op ±1%   3,097 B/op   2.00 allocs/op    760ms
  [1/2]  bench  AddressFormatting                     366 ns/op   128 B/op   2.00 allocs/op
  [2/2]  bench  AddressFormatting                     366 ns/op ±0%   128 B/op   2.00 allocs/op    340ms
  [1/2]  bench  UnmarshalChecksumAddress              851 ns/op   192 B/op   3.00 allocs/op
  [2/2]  bench  UnmarshalChecksumAddress              857 ns/op ±1%   192 B/op   3.00 allocs/op    360ms
  [1/2]  bench  AppendMsgBlockHeader                  60.1 ns/op   16.6 MB/s   0.000 B/op   0.000 allocs/op
  [2/2]  bench  AppendMsgBlockHeader                  60.2 ns/op ±0%   16.6 MB/s ±0%   0.000 B/op   0.000 allocs/op    410ms
  [1/2]  bench  Sortition                             2,114,153 ns/op   2,217 B/op   26.0 allocs/op
  [2/2]  bench  Sortition                             2,123,576 ns/op ±0%   2,218 B/op ±0%   26.0 allocs/op    590ms
  [1/2]  bench  TxnIDs/signed-txn-id                  805 ns/op   0.000 B/op   0.000 allocs/op
  [2/2]  bench  TxnIDs/signed-txn-id                  805 ns/op   0.000 B/op   0.000 allocs/op    370ms
  [1/2]  bench  TxnIDs/group-id                       18,824 ns/op   2,267 B/op   4.00 allocs/op
  [2/2]  bench  TxnIDs/group-id                       18,882 ns/op ±0%   2,268 B/op ±0%   4.00 allocs/op    550ms
  [1/2]  bench  WellFormed/pay                        213 ns/op   0.000 B/op   0.000 allocs/op
  [2/2]  bench  WellFormed/pay                        213 ns/op ±0%   0.000 B/op   0.000 allocs/op    570ms
  [1/2]  bench  WellFormed/axfer                      178 ns/op   0.000 B/op   0.000 allocs/op
  [2/2]  bench  WellFormed/axfer                      178 ns/op ±0%   0.000 B/op   0.000 allocs/op    540ms
  [1/2]  bench  WellFormed/acfg                       174 ns/op   0.000 B/op   0.000 allocs/op
  [2/2]  bench  WellFormed/acfg                       173 ns/op ±0%   0.000 B/op   0.000 allocs/op    530ms
  [1/2]  bench  WellFormed/appl                       192 ns/op   0.000 B/op   0.000 allocs/op
  [2/2]  bench  WellFormed/appl                       192 ns/op ±0%   0.000 B/op   0.000 allocs/op    550ms
  [1/2]  bench  WellFormed/keyreg                     303 ns/op   0.000 B/op   0.000 allocs/op
  [2/2]  bench  WellFormed/keyreg                     310 ns/op ±2%   0.000 B/op   0.000 allocs/op    320ms
  [1/2]  bench  Verify/pop                            57.1 ns/op   3.00 extra/op   6.00 B/op   0.000 allocs/op
  [2/2]  bench  Verify/pop                            57.0 ns/op ±0%   3.00 extra/op   6.00 B/op   0.000 allocs/op    510ms
  [1/2]  bench  Verify/add                            60.0 ns/op   3.00 extra/op   6.00 B/op   0.000 allocs/op
  [2/2]  bench  Verify/add                            60.2 ns/op ±0%   3.00 extra/op   6.00 B/op   0.000 allocs/op    530ms
  [1/2]  bench  Verify/ed25519verify_bare             62,290 ns/op   7.00 extra/op   102 B/op   2.00 allocs/op
  [2/2]  bench  Verify/ed25519verify_bare             62,866 ns/op ±1%   7.00 extra/op   102 B/op   2.00 allocs/op    510ms
  [1/2]  bench  Verify/ecdsa_verify_k1                63,313 ns/op   7.00 extra/op   342 B/op   6.00 allocs/op
  [2/2]  bench  Verify/ecdsa_verify_k1                61,792 ns/op ±2%   7.00 extra/op   342 B/op   6.00 allocs/op    570ms
  [1/2]  bench  Verify/ecdsa_verify_r1                81,478 ns/op   7.00 extra/op   1,273 B/op   26.0 allocs/op
  [2/2]  bench  Verify/ecdsa_verify_r1                81,488 ns/op ±0%   7.00 extra/op   1,273 B/op   26.0 allocs/op    540ms
  [1/2]  bench  Verify/falcon_verify                  52,232 ns/op   7.00 extra/op   2,056 B/op   1.00 allocs/op
  [2/2]  bench  Verify/falcon_verify                  51,825 ns/op ±1%   7.00 extra/op   2,056 B/op ±0%   1.00 allocs/op    830ms
  [1/2]  bench  Verify/vrf_verify                     234,737 ns/op   5.00 extra/op   280 B/op   6.00 allocs/op
  [2/2]  bench  Verify/vrf_verify                     230,866 ns/op ±2%   5.00 extra/op   280 B/op   6.00 allocs/op    530ms
  [1/2]  bench  CheckSignature                        8,626 ns/op   12,320 B/op   9.00 allocs/op
  [2/2]  bench  CheckSignature                        8,648 ns/op ±0%   12,320 B/op   9.00 allocs/op    440ms
  [1/2]  bench  Addx64/add_long_stack                 6,648 ns/op   16,648 B/op   11.0 allocs/op
  [2/2]  bench  Addx64/add_long_stack                 6,625 ns/op ±0%   16,648 B/op   11.0 allocs/op    430ms
  [1/2]  bench  Addx64/add_small_stack                5,778 ns/op   13,192 B/op   9.00 allocs/op
  [2/2]  bench  Addx64/add_small_stack                5,800 ns/op ±0%   13,192 B/op   9.00 allocs/op    410ms
  [1/2]  bench  NopPassx1                             3,037 ns/op   13,192 B/op   9.00 allocs/op
  [2/2]  bench  NopPassx1                             2,994 ns/op ±1%   13,192 B/op   9.00 allocs/op    380ms
  [1/2]  bench  Checkx5                               138,908 ns/op   105,100 B/op   950 allocs/op
  [2/2]  bench  Checkx5                               139,458 ns/op ±0%   105,101 B/op ±0%   950 allocs/op    370ms
  [1/2]  bench  AppendMsgSignedTxn                    141 ns/op   7.09 MB/s   0.000 B/op   0.000 allocs/op
  [2/2]  bench  AppendMsgSignedTxn                    141 ns/op ±0%   7.09 MB/s   0.000 B/op   0.000 allocs/op    500ms
  [1/2]  bench  TinyMan/eval-lsig-signature           20,724 ns/op   36,680 B/op   86.0 allocs/op
  [2/2]  bench  TinyMan/eval-lsig-signature           20,624 ns/op ±0%   36,680 B/op   86.0 allocs/op    570ms
  [1/2]  bench  TinyMan/group-check-actual            175,383 ns/op   80,576 B/op   136 allocs/op
  [2/2]  bench  TinyMan/group-check-actual            181,033 ns/op ±3%   80,576 B/op   136 allocs/op    1.34s
  [1/2]  bench  TinyMan/group-check-all-crypto        264,774 ns/op   33,884 B/op   37.0 allocs/op
  [2/2]  bench  TinyMan/group-check-all-crypto        264,466 ns/op ±0%   33,882 B/op ±0%   37.0 allocs/op    380ms
  [1/2]  bench  LogicSigSanityCheck                   11,295 ns/op   15,112 B/op   15.0 allocs/op
  [2/2]  bench  LogicSigSanityCheck                   11,272 ns/op ±0%   15,112 B/op   15.0 allocs/op    480ms
  [1/2]  bench  PaysetGroups                          33,691 ns/op   12,318 B/op   8.00 allocs/op
  [2/2]  bench  PaysetGroups                          33,627 ns/op ±0%   12,406 B/op ±1%   8.00 allocs/op    750ms
  [1/2]  bench  Txn                                   69,377 ns/op   9,419 B/op   12.0 allocs/op
  [2/2]  bench  Txn                                   70,057 ns/op ±1%   9,419 B/op   12.0 allocs/op    1.08s
  [1/2]  bench  TxHandlerProcessing/processDecoded    16,718 ns/op   4,336 B/op   33.0 allocs/op
  [2/2]  bench  TxHandlerProcessing/processDecoded    16,468 ns/op ±2%   4,336 B/op   33.0 allocs/op    1.25s
  [1/2]  bench  TxHandlerProcessing/verify.TxnGroup   68,749 ns/op   11,328 B/op   16.0 allocs/op
  [2/2]  bench  TxHandlerProcessing/verify.TxnGroup   68,634 ns/op ±0%   11,328 B/op   16.0 allocs/op    520ms
  [1/2]  bench  TxHandlerDecoderMsgp                  15,038,789 ns/op   8,089,509 B/op   7,144 allocs/op
  [2/2]  bench  TxHandlerDecoderMsgp                  15,808,471 ns/op ±5%   8,515,273 B/op ±5%   7,520 allocs/op ±5%    1.16s
  [1/2]  bench  CompactDeltas/account-deltas          2,060,362 ns/op   4,096,358 B/op   0.000 allocs/op
  [2/2]  bench  CompactDeltas/account-deltas          2,095,909 ns/op ±2%   4,096,358 B/op   0.000 allocs/op    2.74s
  [1/2]  bench  CompactResourceDeltas                 6,072,432 ns/op   9,251,546 B/op   14.0 allocs/op
  [2/2]  bench  CompactResourceDeltas                 6,071,150 ns/op ±0%   9,251,764 B/op ±0%   14.5 allocs/op ±3%    450ms
  [1/2]  bench  TxTailCheckDup/hit                    83.7 ns/op   48.0 B/op   1.00 allocs/op
  [2/2]  bench  TxTailCheckDup/hit                    83.4 ns/op ±0%   48.0 B/op   1.00 allocs/op    440ms
  [1/2]  bench  TxTailCheckDup/miss                   40.8 ns/op   0.000 B/op   0.000 allocs/op
  [2/2]  bench  TxTailCheckDup/miss                   40.7 ns/op ±0%   0.000 B/op   0.000 allocs/op    400ms
  [1/2]  bench  CowChild                              55.1 ns/op   0.000 B/op   0.000 allocs/op
  [2/2]  bench  CowChild                              55.1 ns/op ±0%   0.000 B/op   0.000 allocs/op    420ms
  [1/2]  bench  PrefetcherApps                        277 ns/op   213 B/op   0.000 allocs/op
  [2/2]  bench  PrefetcherApps                        252 ns/op ±10%   214 B/op ±0%   0.000 allocs/op    1.85s
  [1/2]  bench  PrefetcherPayment                     330 ns/op   224 B/op   0.000 allocs/op
  [2/2]  bench  PrefetcherPayment                     333 ns/op ±1%   224 B/op   0.000 allocs/op    670ms
  [1/2]  bench  BlockEvaluatorRAMNoCrypto             627,803,896 ns/op   12,558 ns/eval_validate_tx   544,452,968 B/op   1,541,583 allocs/op
  [2/2]  bench  BlockEvaluatorRAMNoCrypto             614,005,935 ns/op ±2%   12,282 ns/eval_validate_tx ±2%   544,237,762 B/op ±0%   1,541,634 allocs/op ±0%    11.02s
  [1/2]  bench  BlockValidationMix                    2,230,006,509 ns/op   1,787,143,680 B/op   7,652,987 allocs/op
  [2/2]  bench  BlockValidationMix                    2,275,988,915 ns/op ±2%   1,787,889,028 B/op ±0%   7,639,815 allocs/op ±0%    11.57s
  [1/2]  bench  AppInt1                               827,354,416 ns/op   1,770,055,456 B/op   2,648,431 allocs/op
  [2/2]  bench  AppInt1                               814,435,702 ns/op ±2%   1,769,941,844 B/op ±0%   2,648,426 allocs/op ±0%    1.85s
  [1/2]  bench  AccountDeltasOps/upsert               691,863 ns/op   3,489,883 B/op   4.00 allocs/op
  [2/2]  bench  AccountDeltasOps/upsert               677,442 ns/op ±2%   3,489,882 B/op ±0%   4.00 allocs/op    410ms
  [1/2]  bench  AccountDeltasOps/merge                688,979 ns/op   829,008 B/op   164 allocs/op
  [2/2]  bench  AccountDeltasOps/merge                687,213 ns/op ±0%   829,027 B/op ±0%   164 allocs/op    720ms
  [1/2]  bench  AccountDeltasOps/optimize             101,333 ns/op   442,522 B/op   8.00 allocs/op
  [2/2]  bench  AccountDeltasOps/optimize             100,074 ns/op ±1%   442,521 B/op ±0%   8.00 allocs/op    490ms
  [1/2]  bench  MakeStateDelta                        1,369,663 ns/op   20,496,533 B/op   7.00 allocs/op
  [2/2]  bench  MakeStateDelta                        1,358,976 ns/op ±1%   20,496,534 B/op ±0%   7.00 allocs/op    490ms
  [1/2]  bench  OnlineAccountsCacheRead320            2,791,038 ns/op   568,996 B/op   3,243 allocs/op
  [2/2]  bench  OnlineAccountsCacheRead320            2,855,057 ns/op ±2%   578,483 B/op ±2%   3,297 allocs/op ±2%    940ms
  [1/2]  bench  MessageFilterCheck/hit                5,982 ns/op   1,248 B/op   9.00 allocs/op
  [2/2]  bench  MessageFilterCheck/hit                5,969 ns/op ±0%   1,248 B/op   9.00 allocs/op    390ms
  [1/2]  bench  MessageFilterCheck/miss               5,961 ns/op   1,248 B/op   9.00 allocs/op
  [2/2]  bench  MessageFilterCheck/miss               6,024 ns/op ±1%   1,248 B/op   9.00 allocs/op    410ms
  [1/2]  bench  GenerateMessageDigest                 511 ns/op   0.000 B/op   0.000 allocs/op
  [2/2]  bench  GenerateMessageDigest                 511 ns/op ±0%   0.000 B/op   0.000 allocs/op    360ms
  [1/2]  bench  BloomFilterSet                        101 ns/op   0.000 B/op   0.000 allocs/op
  [2/2]  bench  BloomFilterSet                        101 ns/op ±0%   0.000 B/op   0.000 allocs/op    1.83s
  [1/2]  bench  BloomFilterTest                       98.3 ns/op   0.000 B/op   0.000 allocs/op
  [2/2]  bench  BloomFilterTest                       98.3 ns/op ±0%   0.000 B/op   0.000 allocs/op    2.14s
  [1/2]  bench  TagCounter                            17.6 ns/op   0.000 B/op   0.000 allocs/op
  [2/2]  bench  TagCounter                            17.4 ns/op ±1%   0.000 B/op   0.000 allocs/op    370ms
