  [1/2]  bench  VoteVerify                            466,197 ns/op   6,752 B/op   63.0 allocs/op
  [2/2]  bench  VoteVerify                            468,125 ns/op ±0%   6,752 B/op   63.0 allocs/op    550ms
  [1/2]  bench  CryptoVerifierVoteVertification       211,610 ns/op   23,620 B/op   69.0 allocs/op
  [2/2]  bench  CryptoVerifierVoteVertification       238,055 ns/op ±11%   23,617 B/op ±0%   69.0 allocs/op    590ms
  [1/2]  bench  CryptoVerifierProposalVertification   286,532 ns/op   11,003 B/op   54.0 allocs/op
  [2/2]  bench  CryptoVerifierProposalVertification   284,526 ns/op ±1%   11,003 B/op ±0%   54.0 allocs/op    530ms
  [1/2]  bench  VoteDecoding                          532 ns/op   1,152 B/op   2.00 allocs/op
  [2/2]  bench  VoteDecoding                          483 ns/op ±10%   1,152 B/op   2.00 allocs/op    790ms
  [1/2]  bench  NoiseSentinelHash                     41,277 ns/op   1,588 MB/s   0.000 B/op   0.000 allocs/op
  [2/2]  bench  NoiseSentinelHash                     41,270 ns/op ±0%   1,588 MB/s ±0%   0.000 B/op   0.000 allocs/op    360ms
  [1/2]  bench  NoiseSentinelLoop                     7,637 ns/op   0.000 B/op   0.000 allocs/op
  [2/2]  bench  NoiseSentinelLoop                     7,640 ns/op ±0%   0.000 B/op   0.000 allocs/op    430ms
  [1/2]  bench  FalconVerify                          50,673 ns/op   0.000 B/op   0.000 allocs/op
  [2/2]  bench  FalconVerify                          51,746 ns/op ±2%   0.000 B/op   0.000 allocs/op    530ms
  [1/2]  bench  FalconSign                            9,867,912 ns/op   3,080 B/op   3.00 allocs/op
  [2/2]  bench  FalconSign                            9,867,178 ns/op ±0%   3,080 B/op   3.00 allocs/op    470ms
  [1/2]  bench  MultisigVerify                        187,457 ns/op   2,648 B/op   21.0 allocs/op
  [2/2]  bench  MultisigVerify                        189,624 ns/op ±1%   2,649 B/op ±0%   21.0 allocs/op    380ms
  [1/2]  bench  VrfProve                              168,603 ns/op   224 B/op   5.00 allocs/op
  [2/2]  bench  VrfProve                              173,910 ns/op ±3%   224 B/op   5.00 allocs/op    400ms
  [1/2]  bench  Hash                                  240 ns/op   0.000 B/op   0.000 allocs/op
  [2/2]  bench  Hash                                  240 ns/op ±0%   0.000 B/op   0.000 allocs/op    600ms
  [1/2]  bench  SignVerify                            81,050 ns/op   336 B/op   10.0 allocs/op
  [2/2]  bench  SignVerify                            80,931 ns/op ±0%   336 B/op   10.0 allocs/op    360ms
  [1/2]  bench  Verify25519                           64,028 ns/op   152 B/op   5.00 allocs/op
  [2/2]  bench  Verify25519                           64,042 ns/op ±0%   152 B/op   5.00 allocs/op    470ms
  [1/2]  bench  MerkleSignatureVerify                 103,311 ns/op   9,473 B/op   42.0 allocs/op
  [2/2]  bench  MerkleSignatureVerify                 102,748 ns/op ±1%   9,473 B/op ±0%   42.0 allocs/op    600ms
  [1/2]  bench  OneTimeSigBatchVerification/batch=false  194,308 ns/op   784 B/op   17.0 allocs/op
  [2/2]  bench  OneTimeSigBatchVerification/batch=false  195,160 ns/op ±0%   784 B/op   17.0 allocs/op    610ms
  [1/2]  bench  OneTimeSigBatchVerification/batch=true  195,970 ns/op   784 B/op   17.0 allocs/op
  [2/2]  bench  OneTimeSigBatchVerification/batch=true  194,479 ns/op ±1%   784 B/op ±0%   17.0 allocs/op    640ms
  [1/2]  bench  VrfVerify                             228,928 ns/op   176 B/op   3.00 allocs/op
  [2/2]  bench  VrfVerify                             230,346 ns/op ±1%   176 B/op   3.00 allocs/op    720ms
  [1/2]  bench  AppRateLimiter_TxgroupToKeys          18,249 ns/op   3,096 B/op   2.00 allocs/op
  [2/2]  bench  AppRateLimiter_TxgroupToKeys          18,365 ns/op ±1%   3,097 B/op ±0%   2.00 allocs/op    750ms
  [1/2]  bench  AddressFormatting                     365 ns/op   128 B/op   2.00 allocs/op
  [2/2]  bench  AddressFormatting                     365 ns/op   128 B/op   2.00 allocs/op    350ms
  [1/2]  bench  UnmarshalChecksumAddress              844 ns/op   192 B/op   3.00 allocs/op
  [2/2]  bench  UnmarshalChecksumAddress              845 ns/op ±0%   192 B/op   3.00 allocs/op    340ms
  [1/2]  bench  AppendMsgBlockHeader                  60.3 ns/op   16.6 MB/s   0.000 B/op   0.000 allocs/op
  [2/2]  bench  AppendMsgBlockHeader                  60.1 ns/op ±0%   16.6 MB/s ±0%   0.000 B/op   0.000 allocs/op    420ms
  [1/2]  bench  Sortition                             2,109,752 ns/op   2,217 B/op   26.0 allocs/op
  [2/2]  bench  Sortition                             2,131,083 ns/op ±1%   2,219 B/op ±0%   26.0 allocs/op    590ms
  [1/2]  bench  TxnIDs/signed-txn-id                  808 ns/op   0.000 B/op   0.000 allocs/op
  [2/2]  bench  TxnIDs/signed-txn-id                  806 ns/op ±0%   0.000 B/op   0.000 allocs/op    370ms
  [1/2]  bench  TxnIDs/group-id                       18,962 ns/op   2,271 B/op   4.00 allocs/op
  [2/2]  bench  TxnIDs/group-id                       18,995 ns/op ±0%   2,271 B/op   4.00 allocs/op    550ms
  [1/2]  bench  WellFormed/pay                        211 ns/op   0.000 B/op   0.000 allocs/op
  [2/2]  bench  WellFormed/pay                        212 ns/op ±0%   0.000 B/op   0.000 allocs/op    580ms
  [1/2]  bench  WellFormed/axfer                      177 ns/op   0.000 B/op   0.000 allocs/op
  [2/2]  bench  WellFormed/axfer                      178 ns/op ±0%   0.000 B/op   0.000 allocs/op    540ms
  [1/2]  bench  WellFormed/acfg                       171 ns/op   0.000 B/op   0.000 allocs/op
  [2/2]  bench  WellFormed/acfg                       171 ns/op ±0%   0.000 B/op   0.000 allocs/op    530ms
  [1/2]  bench  WellFormed/appl                       192 ns/op   0.000 B/op   0.000 allocs/op
  [2/2]  bench  WellFormed/appl                       192 ns/op ±0%   0.000 B/op   0.000 allocs/op    550ms
  [1/2]  bench  WellFormed/keyreg                     297 ns/op   0.000 B/op   0.000 allocs/op
  [2/2]  bench  WellFormed/keyreg                     300 ns/op ±1%   0.000 B/op   0.000 allocs/op    310ms
  [1/2]  bench  Verify/pop                            57.3 ns/op   3.00 extra/op   6.00 B/op   0.000 allocs/op
  [2/2]  bench  Verify/pop                            56.8 ns/op ±1%   3.00 extra/op   6.00 B/op   0.000 allocs/op    490ms
  [1/2]  bench  Verify/add                            59.5 ns/op   3.00 extra/op   6.00 B/op   0.000 allocs/op
  [2/2]  bench  Verify/add                            59.8 ns/op ±0%   3.00 extra/op   6.00 B/op   0.000 allocs/op    520ms
  [1/2]  bench  Verify/ed25519verify_bare             62,248 ns/op   7.00 extra/op   102 B/op   2.00 allocs/op
  [2/2]  bench  Verify/ed25519verify_bare             63,676 ns/op ±2%   7.00 extra/op   102 B/op   2.00 allocs/op    520ms
  [1/2]  bench  Verify/ecdsa_verify_k1                62,196 ns/op   7.00 extra/op   342 B/op   6.00 allocs/op
  [2/2]  bench  Verify/ecdsa_verify_k1                61,499 ns/op ±1%   7.00 extra/op   343 B/op ±0%   6.00 allocs/op    540ms
  [1/2]  bench  Verify/ecdsa_verify_r1                81,279 ns/op   7.00 extra/op   1,273 B/op   26.0 allocs/op
  [2/2]  bench  Verify/ecdsa_verify_r1                81,296 ns/op ±0%   7.00 extra/op   1,273 B/op ±0%   26.0 allocs/op    540ms
  [1/2]  bench  Verify/falcon_verify                  52,036 ns/op   7.00 extra/op   2,055 B/op   1.00 allocs/op
  [2/2]  bench  Verify/falcon_verify                  52,029 ns/op ±0%   7.00 extra/op   2,055 B/op   1.00 allocs/op    850ms
  [1/2]  bench  Verify/vrf_verify                     232,123 ns/op   5.00 extra/op   280 B/op   6.00 allocs/op
  [2/2]  bench  Verify/vrf_verify                     232,656 ns/op ±0%   5.00 extra/op   280 B/op   6.00 allocs/op    560ms
  [1/2]  bench  CheckSignature                        8,632 ns/op   12,320 B/op   9.00 allocs/op
  [2/2]  bench  CheckSignature                        8,587 ns/op ±1%   12,320 B/op   9.00 allocs/op    440ms
  [1/2]  bench  Addx64/add_long_stack                 6,477 ns/op   16,648 B/op   11.0 allocs/op
  [2/2]  bench  Addx64/add_long_stack                 6,501 ns/op ±0%   16,648 B/op   11.0 allocs/op    430ms
  [1/2]  bench  Addx64/add_small_stack                5,796 ns/op   13,192 B/op   9.00 allocs/op
  [2/2]  bench  Addx64/add_small_stack                5,816 ns/op ±0%   13,192 B/op   9.00 allocs/op    410ms
  [1/2]  bench  NopPassx1                             3,038 ns/op   13,192 B/op   9.00 allocs/op
  [2/2]  bench  NopPassx1                             3,055 ns/op ±1%   13,192 B/op   9.00 allocs/op    380ms
  [1/2]  bench  Checkx5                               143,755 ns/op   105,100 B/op   950 allocs/op
  [2/2]  bench  Checkx5                               145,376 ns/op ±1%   105,101 B/op ±0%   950 allocs/op    360ms
  [1/2]  bench  AppendMsgSignedTxn                    141 ns/op   7.08 MB/s   0.000 B/op   0.000 allocs/op
  [2/2]  bench  AppendMsgSignedTxn                    141 ns/op ±0%   7.08 MB/s ±0%   0.000 B/op   0.000 allocs/op    500ms
  [1/2]  bench  TinyMan/eval-lsig-signature           20,235 ns/op   36,680 B/op   86.0 allocs/op
  [2/2]  bench  TinyMan/eval-lsig-signature           20,240 ns/op ±0%   36,680 B/op   86.0 allocs/op    570ms
  [1/2]  bench  TinyMan/group-check-actual            175,619 ns/op   80,576 B/op   136 allocs/op
  [2/2]  bench  TinyMan/group-check-actual            175,308 ns/op ±0%   80,576 B/op   136 allocs/op    1.29s
  [1/2]  bench  TinyMan/group-check-all-crypto        262,356 ns/op   33,883 B/op   37.0 allocs/op
  [2/2]  bench  TinyMan/group-check-all-crypto        262,635 ns/op ±0%   33,882 B/op ±0%   37.0 allocs/op    370ms
  [1/2]  bench  LogicSigSanityCheck                   11,173 ns/op   15,112 B/op   15.0 allocs/op
  [2/2]  bench  LogicSigSanityCheck                   11,150 ns/op ±0%   15,112 B/op   15.0 allocs/op    470ms
  [1/2]  bench  PaysetGroups                          34,024 ns/op   12,502 B/op   8.00 allocs/op
  [2/2]  bench  PaysetGroups                          39,088 ns/op ±13%   12,408 B/op ±1%   8.00 allocs/op    880ms
  [1/2]  bench  Txn                                   68,613 ns/op   9,431 B/op   12.0 allocs/op
  [2/2]  bench  Txn                                   68,170 ns/op ±1%   9,430 B/op ±0%   12.0 allocs/op    1.07s
  [1/2]  bench  TxHandlerProcessing/processDecoded    15,437 ns/op   4,336 B/op   33.0 allocs/op
  [2/2]  bench  TxHandlerProcessing/processDecoded    15,129 ns/op ±2%   4,336 B/op   33.0 allocs/op    1.22s
  [1/2]  bench  TxHandlerProcessing/verify.TxnGroup   68,083 ns/op   11,328 B/op   16.0 allocs/op
  [2/2]  bench  TxHandlerProcessing/verify.TxnGroup   68,891 ns/op ±1%   11,328 B/op   16.0 allocs/op    490ms
  [1/2]  bench  TxHandlerDecoderMsgp                  14,495,014 ns/op   7,078,318 B/op   6,251 allocs/op
  [2/2]  bench  TxHandlerDecoderMsgp                  15,734,802 ns/op ±8%   8,258,036 B/op ±14%   7,293 allocs/op ±14%    1.2s
  [1/2]  bench  CompactDeltas/account-deltas          2,974,005 ns/op   4,096,358 B/op   0.000 allocs/op
  [2/2]  bench  CompactDeltas/account-deltas          2,710,400 ns/op ±10%   4,096,358 B/op   0.000 allocs/op    2.82s
  [1/2]  bench  CompactResourceDeltas                 5,999,798 ns/op   9,252,228 B/op   15.0 allocs/op
  [2/2]  bench  CompactResourceDeltas                 5,997,275 ns/op ±0%   9,252,298 B/op ±0%   15.0 allocs/op    730ms
  [1/2]  bench  TxTailCheckDup/hit                    81.8 ns/op   48.0 B/op   1.00 allocs/op
  [2/2]  bench  TxTailCheckDup/hit                    81.9 ns/op ±0%   48.0 B/op   1.00 allocs/op    440ms
  [1/2]  bench  TxTailCheckDup/miss                   41.1 ns/op   0.000 B/op   0.000 allocs/op
  [2/2]  bench  TxTailCheckDup/miss                   41.1 ns/op ±0%   0.000 B/op   0.000 allocs/op    400ms
  [1/2]  bench  CowChild                              55.0 ns/op   0.000 B/op   0.000 allocs/op
  [2/2]  bench  CowChild                              55.4 ns/op ±1%   0.000 B/op   0.000 allocs/op    420ms
  [1/2]  bench  PrefetcherApps                        196 ns/op   221 B/op   0.000 allocs/op
  [2/2]  bench  PrefetcherApps                        251 ns/op ±22%   220 B/op ±0%   0.000 allocs/op    2.04s
  [1/2]  bench  PrefetcherPayment                     324 ns/op   224 B/op   0.000 allocs/op
  [2/2]  bench  PrefetcherPayment                     320 ns/op ±1%   224 B/op   0.000 allocs/op    650ms
  [1/2]  bench  BlockEvaluatorRAMNoCrypto             623,933,643 ns/op   12,480 ns/eval_validate_tx   544,470,196 B/op   1,542,405 allocs/op
  [2/2]  bench  BlockEvaluatorRAMNoCrypto             631,033,329 ns/op ±1%   12,622 ns/eval_validate_tx ±1%   544,430,244 B/op ±0%   1,543,320 allocs/op ±0%    11.26s
  [1/2]  bench  BlockValidationMix                    2,256,091,679 ns/op   1,783,036,152 B/op   7,640,175 allocs/op
  [2/2]  bench  BlockValidationMix                    2,277,465,821 ns/op ±1%   1,787,357,516 B/op ±0%   7,653,476 allocs/op ±0%    11.77s
  [1/2]  bench  AppInt1                               818,367,901 ns/op   1,769,910,776 B/op   2,648,468 allocs/op
  [2/2]  bench  AppInt1                               811,568,069 ns/op ±1%   1,769,899,204 B/op ±0%   2,648,465 allocs/op ±0%    1.77s
  [1/2]  bench  AccountDeltasOps/upsert               700,634 ns/op   3,489,881 B/op   4.00 allocs/op
  [2/2]  bench  AccountDeltasOps/upsert               678,498 ns/op ±3%   3,489,881 B/op   4.00 allocs/op    410ms
  [1/2]  bench  AccountDeltasOps/merge                691,136 ns/op   828,900 B/op   164 allocs/op
  [2/2]  bench  AccountDeltasOps/merge                699,533 ns/op ±1%   829,041 B/op ±0%   165 allocs/op ±0%    760ms
  [1/2]  bench  AccountDeltasOps/optimize             100,010 ns/op   442,472 B/op   6.00 allocs/op
  [2/2]  bench  AccountDeltasOps/optimize             98,908 ns/op ±1%   442,496 B/op ±0%   7.00 allocs/op ±14%    490ms
  [1/2]  bench  MakeStateDelta                        1,239,093 ns/op   20,496,537 B/op   7.00 allocs/op
  [2/2]  bench  MakeStateDelta                        1,238,050 ns/op ±0%   20,496,538 B/op ±0%   7.00 allocs/op    480ms
  [1/2]  bench  OnlineAccountsCacheRead320            2,761,148 ns/op   573,627 B/op   3,269 allocs/op
  [2/2]  bench  OnlineAccountsCacheRead320            2,897,235 ns/op ±5%   639,596 B/op ±10%   3,645 allocs/op ±10%    300ms
  [1/2]  bench  MessageFilterCheck/hit                6,041 ns/op   1,248 B/op   9.00 allocs/op
  [2/2]  bench  MessageFilterCheck/hit                6,000 ns/op ±1%   1,248 B/op   9.00 allocs/op    400ms
  [1/2]  bench  MessageFilterCheck/miss               5,858 ns/op   1,248 B/op   9.00 allocs/op
  [2/2]  bench  MessageFilterCheck/miss               5,941 ns/op ±1%   1,248 B/op   9.00 allocs/op    410ms
  [1/2]  bench  GenerateMessageDigest                 511 ns/op   0.000 B/op   0.000 allocs/op
  [2/2]  bench  GenerateMessageDigest                 511 ns/op ±0%   0.000 B/op   0.000 allocs/op    360ms
  [1/2]  bench  BloomFilterSet                        101 ns/op   0.000 B/op   0.000 allocs/op
  [2/2]  bench  BloomFilterSet                        101 ns/op ±0%   0.000 B/op   0.000 allocs/op    1.84s
  [1/2]  bench  BloomFilterTest                       98.3 ns/op   0.000 B/op   0.000 allocs/op
  [2/2]  bench  BloomFilterTest                       98.2 ns/op ±0%   0.000 B/op   0.000 allocs/op    2.13s
  [1/2]  bench  TagCounter                            17.3 ns/op   0.000 B/op   0.000 allocs/op
  [2/2]  bench  TagCounter                            17.7 ns/op ±2%   0.000 B/op   0.000 allocs/op    360ms
