  [1/2]  bench  VoteVerify                            477,291 ns/op   6,752 B/op   63.0 allocs/op
  [2/2]  bench  VoteVerify                            480,468 ns/op ±1%   6,752 B/op   63.0 allocs/op    550ms
  [1/2]  bench  CryptoVerifierVoteVertification       210,208 ns/op   23,621 B/op   69.0 allocs/op
  [2/2]  bench  CryptoVerifierVoteVertification       210,435 ns/op ±0%   23,618 B/op ±0%   69.0 allocs/op    530ms
  [1/2]  bench  CryptoVerifierProposalVertification   281,794 ns/op   11,003 B/op   54.0 allocs/op
  [2/2]  bench  CryptoVerifierProposalVertification   278,381 ns/op ±1%   11,003 B/op ±0%   54.0 allocs/op    520ms
  [1/2]  bench  VoteDecoding                          426 ns/op   1,152 B/op   2.00 allocs/op
  [2/2]  bench  VoteDecoding                          427 ns/op ±0%   1,152 B/op   2.00 allocs/op    840ms
  [1/2]  bench  NoiseSentinelHash                     41,276 ns/op   1,588 MB/s   0.000 B/op   0.000 allocs/op
  [2/2]  bench  NoiseSentinelHash                     41,295 ns/op ±0%   1,587 MB/s ±0%   0.000 B/op   0.000 allocs/op    360ms
  [1/2]  bench  NoiseSentinelLoop                     7,639 ns/op   0.000 B/op   0.000 allocs/op
  [2/2]  bench  NoiseSentinelLoop                     7,639 ns/op ±0%   0.000 B/op   0.000 allocs/op    430ms
  [1/2]  bench  FalconVerify                          50,744 ns/op   0.000 B/op   0.000 allocs/op
  [2/2]  bench  FalconVerify                          50,791 ns/op ±0%   0.000 B/op   0.000 allocs/op    520ms
  [1/2]  bench  FalconSign                            9,902,554 ns/op   3,080 B/op   3.00 allocs/op
  [2/2]  bench  FalconSign                            9,888,420 ns/op ±0%   3,080 B/op   3.00 allocs/op    470ms
  [1/2]  bench  MultisigVerify                        192,168 ns/op   2,648 B/op   21.0 allocs/op
  [2/2]  bench  MultisigVerify                        190,075 ns/op ±1%   2,648 B/op   21.0 allocs/op    370ms
  [1/2]  bench  VrfProve                              176,452 ns/op   224 B/op   5.00 allocs/op
  [2/2]  bench  VrfProve                              176,028 ns/op ±0%   224 B/op   5.00 allocs/op    380ms
  [1/2]  bench  Hash                                  240 ns/op   0.000 B/op   0.000 allocs/op
  [2/2]  bench  Hash                                  240 ns/op ±0%   0.000 B/op   0.000 allocs/op    600ms
  [1/2]  bench  SignVerify                            84,723 ns/op   336 B/op   10.0 allocs/op
  [2/2]  bench  SignVerify                            83,019 ns/op ±2%   336 B/op   10.0 allocs/op    360ms
  [1/2]  bench  Verify25519                           63,900 ns/op   152 B/op   5.00 allocs/op
  [2/2]  bench  Verify25519                           63,973 ns/op ±0%   152 B/op   5.00 allocs/op    460ms
  [1/2]  bench  MerkleSignatureVerify                 101,061 ns/op   9,472 B/op   42.0 allocs/op
  [2/2]  bench  MerkleSignatureVerify                 101,477 ns/op ±0%   9,472 B/op   42.0 allocs/op    670ms
  [1/2]  bench  OneTimeSigBatchVerification/batch=false  197,481 ns/op   784 B/op   17.0 allocs/op
  [2/2]  bench  OneTimeSigBatchVerification/batch=false  196,454 ns/op ±1%   784 B/op ±0%   17.0 allocs/op    650ms
  [1/2]  bench  OneTimeSigBatchVerification/batch=true  199,622 ns/op   783 B/op   17.0 allocs/op
  [2/2]  bench  OneTimeSigBatchVerification/batch=true  197,757 ns/op ±1%   784 B/op ±0%   17.0 allocs/op    630ms
  [1/2]  bench  VrfVerify                             232,747 ns/op   176 B/op   3.00 allocs/op
  [2/2]  bench  VrfVerify                             230,706 ns/op ±1%   176 B/op   3.00 allocs/op    710ms
  [1/2]  bench  AppRateLimiter_TxgroupToKeys          18,929 ns/op   3,097 B/op   2.00 allocs/op
  [2/2]  bench  AppRateLimiter_TxgroupToKeys          18,836 ns/op ±0%   3,097 B/op   2.00 allocs/op    750ms
  [1/2]  bench  AddressFormatting                     364 ns/op   128 B/op   2.00 allocs/op
  [2/2]  bench  AddressFormatting                     365 ns/op ±0%   128 B/op   2.00 allocs/op    340ms
  [1/2]  bench  UnmarshalChecksumAddress              846 ns/op   192 B/op   3.00 allocs/op
  [2/2]  bench  UnmarshalChecksumAddress              876 ns/op ±3%   192 B/op   3.00 allocs/op    380ms
  [1/2]  bench  AppendMsgBlockHeader                  60.0 ns/op   16.7 MB/s   0.000 B/op   0.000 allocs/op
  [2/2]  bench  AppendMsgBlockHeader                  59.9 ns/op ±0%   16.7 MB/s ±0%   0.000 B/op   0.000 allocs/op    410ms
  [1/2]  bench  Sortition                             2,169,265 ns/op   2,217 B/op   26.0 allocs/op
  [2/2]  bench  Sortition                             2,154,736 ns/op ±1%   2,219 B/op ±0%   26.0 allocs/op    590ms
  [1/2]  bench  TxnIDs/signed-txn-id                  808 ns/op   0.000 B/op   0.000 allocs/op
  [2/2]  bench  TxnIDs/signed-txn-id                  807 ns/op ±0%   0.000 B/op   0.000 allocs/op    370ms
  [1/2]  bench  TxnIDs/group-id                       18,825 ns/op   2,267 B/op   4.00 allocs/op
  [2/2]  bench  TxnIDs/group-id                       18,906 ns/op ±0%   2,268 B/op ±0%   4.00 allocs/op    550ms
  [1/2]  bench  WellFormed/pay                        212 ns/op   0.000 B/op   0.000 allocs/op
  [2/2]  bench  WellFormed/pay                        212 ns/op ±0%   0.000 B/op   0.000 allocs/op    570ms
  [1/2]  bench  WellFormed/axfer                      177 ns/op   0.000 B/op   0.000 allocs/op
  [2/2]  bench  WellFormed/axfer                      177 ns/op ±0%   0.000 B/op   0.000 allocs/op    540ms
  [1/2]  bench  WellFormed/acfg                       173 ns/op   0.000 B/op   0.000 allocs/op
  [2/2]  bench  WellFormed/acfg                       174 ns/op ±0%   0.000 B/op   0.000 allocs/op    530ms
  [1/2]  bench  WellFormed/appl                       194 ns/op   0.000 B/op   0.000 allocs/op
  [2/2]  bench  WellFormed/appl                       198 ns/op ±2%   0.000 B/op   0.000 allocs/op    570ms
  [1/2]  bench  WellFormed/keyreg                     296 ns/op   0.000 B/op   0.000 allocs/op
  [2/2]  bench  WellFormed/keyreg                     296 ns/op ±0%   0.000 B/op   0.000 allocs/op    660ms
  [1/2]  bench  Verify/pop                            57.9 ns/op   3.00 extra/op   6.00 B/op   0.000 allocs/op
  [2/2]  bench  Verify/pop                            57.9 ns/op ±0%   3.00 extra/op   6.00 B/op   0.000 allocs/op    520ms
  [1/2]  bench  Verify/add                            60.0 ns/op   3.00 extra/op   6.00 B/op   0.000 allocs/op
  [2/2]  bench  Verify/add                            60.0 ns/op ±0%   3.00 extra/op   6.00 B/op   0.000 allocs/op    530ms
  [1/2]  bench  Verify/ed25519verify_bare             62,233 ns/op   7.00 extra/op   102 B/op   2.00 allocs/op
  [2/2]  bench  Verify/ed25519verify_bare             62,385 ns/op ±0%   7.00 extra/op   103 B/op ±0%   2.00 allocs/op    480ms
  [1/2]  bench  Verify/ecdsa_verify_k1                60,951 ns/op   7.00 extra/op   342 B/op   6.00 allocs/op
  [2/2]  bench  Verify/ecdsa_verify_k1                61,652 ns/op ±1%   7.00 extra/op   342 B/op   6.00 allocs/op    590ms
  [1/2]  bench  Verify/ecdsa_verify_r1                81,273 ns/op   7.00 extra/op   1,273 B/op   26.0 allocs/op
  [2/2]  bench  Verify/ecdsa_verify_r1                81,402 ns/op ±0%   7.00 extra/op   1,273 B/op   26.0 allocs/op    540ms
  [1/2]  bench  Verify/falcon_verify                  53,803 ns/op   7.00 extra/op   2,055 B/op   1.00 allocs/op
  [2/2]  bench  Verify/falcon_verify                  53,014 ns/op ±1%   7.00 extra/op   2,055 B/op   1.00 allocs/op    900ms
  [1/2]  bench  Verify/vrf_verify                     224,632 ns/op   5.00 extra/op   280 B/op   6.00 allocs/op
  [2/2]  bench  Verify/vrf_verify                     226,909 ns/op ±1%   5.00 extra/op   280 B/op   6.00 allocs/op    530ms
  [1/2]  bench  CheckSignature                        8,521 ns/op   12,320 B/op   9.00 allocs/op
  [2/2]  bench  CheckSignature                        8,587 ns/op ±1%   12,320 B/op   9.00 allocs/op    440ms
  [1/2]  bench  Addx64/add_long_stack                 6,467 ns/op   16,648 B/op   11.0 allocs/op
  [2/2]  bench  Addx64/add_long_stack                 6,492 ns/op ±0%   16,648 B/op   11.0 allocs/op    430ms
  [1/2]  bench  Addx64/add_small_stack                5,802 ns/op   13,192 B/op   9.00 allocs/op
  [2/2]  bench  Addx64/add_small_stack                5,790 ns/op ±0%   13,192 B/op   9.00 allocs/op    420ms
  [1/2]  bench  NopPassx1                             3,115 ns/op   13,192 B/op   9.00 allocs/op
  [2/2]  bench  NopPassx1                             3,056 ns/op ±2%   13,192 B/op   9.00 allocs/op    370ms
  [1/2]  bench  Checkx5                               143,944 ns/op   105,100 B/op   950 allocs/op
  [2/2]  bench  Checkx5                               141,260 ns/op ±2%   105,101 B/op ±0%   950 allocs/op    360ms
  [1/2]  bench  AppendMsgSignedTxn                    141 ns/op   7.10 MB/s   0.000 B/op   0.000 allocs/op
  [2/2]  bench  AppendMsgSignedTxn                    141 ns/op ±0%   7.09 MB/s ±0%   0.000 B/op   0.000 allocs/op    500ms
  [1/2]  bench  TinyMan/eval-lsig-signature           20,471 ns/op   36,680 B/op   86.0 allocs/op
  [2/2]  bench  TinyMan/eval-lsig-signature           20,411 ns/op ±0%   36,680 B/op   86.0 allocs/op    570ms
  [1/2]  bench  TinyMan/group-check-actual            175,946 ns/op   80,576 B/op   136 allocs/op
  [2/2]  bench  TinyMan/group-check-actual            175,714 ns/op ±0%   80,576 B/op   136 allocs/op    1.31s
  [1/2]  bench  TinyMan/group-check-all-crypto        260,621 ns/op   33,884 B/op   37.0 allocs/op
  [2/2]  bench  TinyMan/group-check-all-crypto        262,794 ns/op ±1%   33,882 B/op ±0%   37.0 allocs/op    390ms
  [1/2]  bench  LogicSigSanityCheck                   11,193 ns/op   15,112 B/op   15.0 allocs/op
  [2/2]  bench  LogicSigSanityCheck                   12,571 ns/op ±11%   15,112 B/op   15.0 allocs/op    550ms
  [1/2]  bench  PaysetGroups                          33,577 ns/op   12,304 B/op   8.00 allocs/op
  [2/2]  bench  PaysetGroups                          33,593 ns/op ±0%   12,321 B/op ±0%   8.00 allocs/op    750ms
  [1/2]  bench  Txn                                   68,273 ns/op   9,424 B/op   12.0 allocs/op
  [2/2]  bench  Txn                                   68,458 ns/op ±0%   9,421 B/op ±0%   12.0 allocs/op    1.07s
  [1/2]  bench  TxHandlerProcessing/processDecoded    14,560 ns/op   4,336 B/op   33.0 allocs/op
  [2/2]  bench  TxHandlerProcessing/processDecoded    14,609 ns/op ±0%   4,336 B/op   33.0 allocs/op    1.28s
  [1/2]  bench  TxHandlerProcessing/verify.TxnGroup   68,434 ns/op   11,328 B/op   16.0 allocs/op
  [2/2]  bench  TxHandlerProcessing/verify.TxnGroup   68,482 ns/op ±0%   11,328 B/op   16.0 allocs/op    510ms
  [1/2]  bench  TxHandlerDecoderMsgp                  15,817,043 ns/op   8,493,980 B/op   7,501 allocs/op
  [2/2]  bench  TxHandlerDecoderMsgp                  15,670,278 ns/op ±1%   8,493,980 B/op   7,501 allocs/op    1.14s
  [1/2]  bench  CompactDeltas/account-deltas          1,985,002 ns/op   4,096,358 B/op   0.000 allocs/op
  [2/2]  bench  CompactDeltas/account-deltas          2,034,470 ns/op ±2%   4,096,358 B/op   0.000 allocs/op    2.72s
  [1/2]  bench  CompactResourceDeltas                 5,868,440 ns/op   9,252,317 B/op   15.0 allocs/op
  [2/2]  bench  CompactResourceDeltas                 5,933,402 ns/op ±1%   9,252,179 B/op ±0%   15.0 allocs/op    460ms
  [1/2]  bench  TxTailCheckDup/hit                    80.0 ns/op   48.0 B/op   1.00 allocs/op
  [2/2]  bench  TxTailCheckDup/hit                    80.0 ns/op ±0%   48.0 B/op   1.00 allocs/op    440ms
  [1/2]  bench  TxTailCheckDup/miss                   40.7 ns/op   0.000 B/op   0.000 allocs/op
  [2/2]  bench  TxTailCheckDup/miss                   40.7 ns/op ±0%   0.000 B/op   0.000 allocs/op    400ms
  [1/2]  bench  CowChild                              54.8 ns/op   0.000 B/op   0.000 allocs/op
  [2/2]  bench  CowChild                              56.5 ns/op ±3%   0.000 B/op   0.000 allocs/op    430ms
  [1/2]  bench  PrefetcherApps                        223 ns/op   219 B/op   0.000 allocs/op
  [2/2]  bench  PrefetcherApps                        218 ns/op ±3%   220 B/op ±0%   0.000 allocs/op    1.82s
  [1/2]  bench  PrefetcherPayment                     328 ns/op   224 B/op   0.000 allocs/op
  [2/2]  bench  PrefetcherPayment                     328 ns/op ±0%   224 B/op   0.000 allocs/op    650ms
  [1/2]  bench  BlockEvaluatorRAMNoCrypto             619,661,388 ns/op   12,395 ns/eval_validate_tx   544,501,592 B/op   1,544,245 allocs/op
  [2/2]  bench  BlockEvaluatorRAMNoCrypto             608,635,213 ns/op ±2%   12,175 ns/eval_validate_tx ±2%   544,485,136 B/op ±0%   1,543,282 allocs/op ±0%    10.96s
  [1/2]  bench  BlockValidationMix                    2,270,180,681 ns/op   1,785,029,624 B/op   7,646,407 allocs/op
  [2/2]  bench  BlockValidationMix                    2,212,703,128 ns/op ±3%   1,783,943,548 B/op ±0%   7,651,099 allocs/op ±0%    11.49s
  [1/2]  bench  AppInt1                               778,627,273 ns/op   1,769,971,208 B/op   2,648,469 allocs/op
  [2/2]  bench  AppInt1                               789,036,888 ns/op ±1%   1,769,878,964 B/op ±0%   2,648,446 allocs/op ±0%    1.81s
  [1/2]  bench  AccountDeltasOps/upsert               671,696 ns/op   3,489,880 B/op   4.00 allocs/op
  [2/2]  bench  AccountDeltasOps/upsert               667,955 ns/op ±1%   3,489,879 B/op ±0%   4.00 allocs/op    420ms
  [1/2]  bench  AccountDeltasOps/merge                695,874 ns/op   829,330 B/op   165 allocs/op
  [2/2]  bench  AccountDeltasOps/merge                697,523 ns/op ±0%   829,186 B/op ±0%   165 allocs/op ±0%    770ms
  [1/2]  bench  AccountDeltasOps/optimize             102,010 ns/op   442,522 B/op   8.00 allocs/op
  [2/2]  bench  AccountDeltasOps/optimize             102,769 ns/op ±1%   442,553 B/op ±0%   8.50 allocs/op ±6%    540ms
  [1/2]  bench  MakeStateDelta                        1,369,390 ns/op   20,496,532 B/op   7.00 allocs/op
  [2/2]  bench  MakeStateDelta                        1,335,717 ns/op ±3%   20,496,535 B/op ±0%   7.00 allocs/op    470ms
  [1/2]  bench  OnlineAccountsCacheRead320            2,871,800 ns/op   573,614 B/op   3,269 allocs/op
  [2/2]  bench  OnlineAccountsCacheRead320            2,940,008 ns/op ±2%   639,583 B/op ±10%   3,645 allocs/op ±10%    600ms
  [1/2]  bench  MessageFilterCheck/hit                5,987 ns/op   1,248 B/op   9.00 allocs/op
  [2/2]  bench  MessageFilterCheck/hit                5,945 ns/op ±1%   1,248 B/op   9.00 allocs/op    410ms
  [1/2]  bench  MessageFilterCheck/miss               5,959 ns/op   1,248 B/op   9.00 allocs/op
  [2/2]  bench  MessageFilterCheck/miss               5,928 ns/op ±1%   1,248 B/op   9.00 allocs/op    410ms
  [1/2]  bench  GenerateMessageDigest                 513 ns/op   0.000 B/op   0.000 allocs/op
  [2/2]  bench  GenerateMessageDigest                 512 ns/op ±0%   0.000 B/op   0.000 allocs/op    360ms
  [1/2]  bench  BloomFilterSet                        102 ns/op   0.000 B/op   0.000 allocs/op
  [2/2]  bench  BloomFilterSet                        102 ns/op ±0%   0.000 B/op   0.000 allocs/op    1.83s
  [1/2]  bench  BloomFilterTest                       98.4 ns/op   0.000 B/op   0.000 allocs/op
  [2/2]  bench  BloomFilterTest                       98.4 ns/op ±0%   0.000 B/op   0.000 allocs/op    2.12s
  [1/2]  bench  TagCounter                            17.6 ns/op   0.000 B/op   0.000 allocs/op
  [2/2]  bench  TagCounter                            17.5 ns/op ±1%   0.000 B/op   0.000 allocs/op    350ms
