  [1/2]  bench  VoteVerify                            466,689 ns/op   6,752 B/op   63.0 allocs/op
  [2/2]  bench  VoteVerify                            472,000 ns/op ±1%   6,752 B/op   63.0 allocs/op    550ms
  [1/2]  bench  CryptoVerifierVoteVertification       209,046 ns/op   23,621 B/op   69.0 allocs/op
  [2/2]  bench  CryptoVerifierVoteVertification       209,767 ns/op ±0%   23,618 B/op ±0%   69.0 allocs/op    530ms
  [1/2]  bench  CryptoVerifierProposalVertification   281,547 ns/op   11,003 B/op   54.0 allocs/op
  [2/2]  bench  CryptoVerifierProposalVertification   293,831 ns/op ±4%   11,003 B/op ±0%   54.0 allocs/op    560ms
  [1/2]  bench  VoteDecoding                          433 ns/op   1,152 B/op   2.00 allocs/op
  [2/2]  bench  VoteDecoding                          433 ns/op ±0%   1,152 B/op   2.00 allocs/op    810ms
  [1/2]  bench  NoiseSentinelHash                     41,250 ns/op   1,589 MB/s   0.000 B/op   0.000 allocs/op
  [2/2]  bench  NoiseSentinelHash                     41,287 ns/op ±0%   1,587 MB/s ±0%   0.000 B/op   0.000 allocs/op    360ms
  [1/2]  bench  NoiseSentinelLoop                     7,640 ns/op   0.000 B/op   0.000 allocs/op
  [2/2]  bench  NoiseSentinelLoop                     7,640 ns/op   0.000 B/op   0.000 allocs/op    430ms
  [1/2]  bench  FalconVerify                          51,688 ns/op   0.000 B/op   0.000 allocs/op
  [2/2]  bench  FalconVerify                          51,604 ns/op ±0%   0.000 B/op   0.000 allocs/op    520ms
  [1/2]  bench  FalconSign                            9,893,700 ns/op   3,080 B/op   3.00 allocs/op
  [2/2]  bench  FalconSign                            9,881,134 ns/op ±0%   3,080 B/op   3.00 allocs/op    470ms
  [1/2]  bench  MultisigVerify                        194,411 ns/op   2,650 B/op   21.0 allocs/op
  [2/2]  bench  MultisigVerify                        193,145 ns/op ±1%   2,649 B/op ±0%   21.0 allocs/op    390ms
  [1/2]  bench  VrfProve                              174,801 ns/op   224 B/op   5.00 allocs/op
  [2/2]  bench  VrfProve                              175,022 ns/op ±0%   224 B/op   5.00 allocs/op    390ms
  [1/2]  bench  Hash                                  241 ns/op   0.000 B/op   0.000 allocs/op
  [2/2]  bench  Hash                                  240 ns/op ±0%   0.000 B/op   0.000 allocs/op    600ms
  [1/2]  bench  SignVerify                            80,928 ns/op   336 B/op   10.0 allocs/op
  [2/2]  bench  SignVerify                            80,782 ns/op ±0%   336 B/op   10.0 allocs/op    360ms
  [1/2]  bench  Verify25519                           64,589 ns/op   152 B/op   5.00 allocs/op
  [2/2]  bench  Verify25519                           66,015 ns/op ±2%   152 B/op   5.00 allocs/op    490ms
  [1/2]  bench  MerkleSignatureVerify                 104,009 ns/op   9,472 B/op   42.0 allocs/op
  [2/2]  bench  MerkleSignatureVerify                 103,759 ns/op ±0%   9,472 B/op   42.0 allocs/op    580ms
  [1/2]  bench  OneTimeSigBatchVerification/batch=false  192,855 ns/op   783 B/op   17.0 allocs/op
  [2/2]  bench  OneTimeSigBatchVerification/batch=false  193,021 ns/op ±0%   783 B/op   17.0 allocs/op    630ms
  [1/2]  bench  OneTimeSigBatchVerification/batch=true  195,732 ns/op   784 B/op   17.0 allocs/op
  [2/2]  bench  OneTimeSigBatchVerification/batch=true  198,771 ns/op ±2%   784 B/op   17.0 allocs/op    650ms
  [1/2]  bench  VrfVerify                             238,048 ns/op   176 B/op   3.00 allocs/op
  [2/2]  bench  VrfVerify                             233,499 ns/op ±2%   176 B/op   3.00 allocs/op    710ms
  [1/2]  bench  AppRateLimiter_TxgroupToKeys          18,165 ns/op   3,097 B/op   2.00 allocs/op
  [2/2]  bench  AppRateLimiter_TxgroupToKeys          18,137 ns/op ±0%   3,097 B/op   2.00 allocs/op    750ms
  [1/2]  bench  AddressFormatting                     365 ns/op   128 B/op   2.00 allocs/op
  [2/2]  bench  AddressFormatting                     365 ns/op ±0%   128 B/op   2.00 allocs/op    330ms
  [1/2]  bench  UnmarshalChecksumAddress              848 ns/op   192 B/op   3.00 allocs/op
  [2/2]  bench  UnmarshalChecksumAddress              850 ns/op ±0%   192 B/op   3.00 allocs/op    350ms
  [1/2]  bench  AppendMsgBlockHeader                  60.1 ns/op   16.6 MB/s   0.000 B/op   0.000 allocs/op
  [2/2]  bench  AppendMsgBlockHeader                  60.0 ns/op ±0%   16.7 MB/s ±0%   0.000 B/op   0.000 allocs/op    420ms
  [1/2]  bench  Sortition                             2,167,590 ns/op   2,217 B/op   26.0 allocs/op
  [2/2]  bench  Sortition                             2,150,294 ns/op ±1%   2,219 B/op ±0%   26.0 allocs/op    590ms
  [1/2]  bench  TxnIDs/signed-txn-id                  805 ns/op   0.000 B/op   0.000 allocs/op
  [2/2]  bench  TxnIDs/signed-txn-id                  805 ns/op ±0%   0.000 B/op   0.000 allocs/op    370ms
  [1/2]  bench  TxnIDs/group-id                       18,858 ns/op   2,267 B/op   4.00 allocs/op
  [2/2]  bench  TxnIDs/group-id                       18,915 ns/op ±0%   2,271 B/op ±0%   4.00 allocs/op    550ms
  [1/2]  bench  WellFormed/pay                        211 ns/op   0.000 B/op   0.000 allocs/op
  [2/2]  bench  WellFormed/pay                        212 ns/op ±0%   0.000 B/op   0.000 allocs/op    580ms
  [1/2]  bench  WellFormed/axfer                      179 ns/op   0.000 B/op   0.000 allocs/op
  [2/2]  bench  WellFormed/axfer                      179 ns/op ±0%   0.000 B/op   0.000 allocs/op    540ms
  [1/2]  bench  WellFormed/acfg                       170 ns/op   0.000 B/op   0.000 allocs/op
  [2/2]  bench  WellFormed/acfg                       171 ns/op ±0%   0.000 B/op   0.000 allocs/op    530ms
  [1/2]  bench  WellFormed/appl                       192 ns/op   0.000 B/op   0.000 allocs/op
  [2/2]  bench  WellFormed/appl                       192 ns/op ±0%   0.000 B/op   0.000 allocs/op    550ms
  [1/2]  bench  WellFormed/keyreg                     298 ns/op   0.000 B/op   0.000 allocs/op
  [2/2]  bench  WellFormed/keyreg                     299 ns/op ±0%   0.000 B/op   0.000 allocs/op    300ms
  [1/2]  bench  Verify/pop                            57.0 ns/op   3.00 extra/op   6.00 B/op   0.000 allocs/op
  [2/2]  bench  Verify/pop                            56.9 ns/op ±0%   3.00 extra/op   6.00 B/op   0.000 allocs/op    510ms
  [1/2]  bench  Verify/add                            59.4 ns/op   3.00 extra/op   6.00 B/op   0.000 allocs/op
  [2/2]  bench  Verify/add                            59.7 ns/op ±0%   3.00 extra/op   6.00 B/op   0.000 allocs/op    520ms
  [1/2]  bench  Verify/ed25519verify_bare             62,600 ns/op   7.00 extra/op   102 B/op   2.00 allocs/op
  [2/2]  bench  Verify/ed25519verify_bare             62,286 ns/op ±1%   7.00 extra/op   102 B/op   2.00 allocs/op    500ms
  [1/2]  bench  Verify/ecdsa_verify_k1                60,232 ns/op   7.00 extra/op   343 B/op   6.00 allocs/op
  [2/2]  bench  Verify/ecdsa_verify_k1                60,336 ns/op ±0%   7.00 extra/op   343 B/op   6.00 allocs/op    550ms
  [1/2]  bench  Verify/ecdsa_verify_r1                81,462 ns/op   7.00 extra/op   1,273 B/op   26.0 allocs/op
  [2/2]  bench  Verify/ecdsa_verify_r1                83,907 ns/op ±3%   7.00 extra/op   1,273 B/op   26.0 allocs/op    560ms
  [1/2]  bench  Verify/falcon_verify                  52,155 ns/op   7.00 extra/op   2,056 B/op   1.00 allocs/op
  [2/2]  bench  Verify/falcon_verify                  51,695 ns/op ±1%   7.00 extra/op   2,056 B/op ±0%   1.00 allocs/op    850ms
  [1/2]  bench  Verify/vrf_verify                     227,308 ns/op   5.00 extra/op   280 B/op   6.00 allocs/op
  [2/2]  bench  Verify/vrf_verify                     251,602 ns/op ±10%   5.00 extra/op   280 B/op   6.00 allocs/op    620ms
  [1/2]  bench  CheckSignature                        8,499 ns/op   12,320 B/op   9.00 allocs/op
  [2/2]  bench  CheckSignature                        8,546 ns/op ±1%   12,320 B/op   9.00 allocs/op    450ms
  [1/2]  bench  Addx64/add_long_stack                 6,719 ns/op   16,648 B/op   11.0 allocs/op
  [2/2]  bench  Addx64/add_long_stack                 6,653 ns/op ±1%   16,648 B/op   11.0 allocs/op    420ms
  [1/2]  bench  Addx64/add_small_stack                5,859 ns/op   13,192 B/op   9.00 allocs/op
  [2/2]  bench  Addx64/add_small_stack                5,845 ns/op ±0%   13,192 B/op   9.00 allocs/op    420ms
  [1/2]  bench  NopPassx1                             3,018 ns/op   13,192 B/op   9.00 allocs/op
  [2/2]  bench  NopPassx1                             3,061 ns/op ±1%   13,192 B/op   9.00 allocs/op    390ms
  [1/2]  bench  Checkx5                               139,682 ns/op   105,100 B/op   950 allocs/op
  [2/2]  bench  Checkx5                               140,340 ns/op ±0%   105,101 B/op ±0%   950 allocs/op    360ms
  [1/2]  bench  AppendMsgSignedTxn                    141 ns/op   7.07 MB/s   0.000 B/op   0.000 allocs/op
  [2/2]  bench  AppendMsgSignedTxn                    141 ns/op ±0%   7.08 MB/s ±0%   0.000 B/op   0.000 allocs/op    500ms
  [1/2]  bench  TinyMan/eval-lsig-signature           20,437 ns/op   36,680 B/op   86.0 allocs/op
  [2/2]  bench  TinyMan/eval-lsig-signature           20,476 ns/op ±0%   36,680 B/op   86.0 allocs/op    570ms
  [1/2]  bench  TinyMan/group-check-actual            174,699 ns/op   80,576 B/op   136 allocs/op
  [2/2]  bench  TinyMan/group-check-actual            176,790 ns/op ±1%   80,576 B/op   136 allocs/op    1.34s
  [1/2]  bench  TinyMan/group-check-all-crypto        261,692 ns/op   33,884 B/op   37.0 allocs/op
  [2/2]  bench  TinyMan/group-check-all-crypto        262,493 ns/op ±0%   33,882 B/op ±0%   37.0 allocs/op    380ms
  [1/2]  bench  LogicSigSanityCheck                   11,147 ns/op   15,112 B/op   15.0 allocs/op
  [2/2]  bench  LogicSigSanityCheck                   11,198 ns/op ±0%   15,112 B/op   15.0 allocs/op    470ms
  [1/2]  bench  PaysetGroups                          33,624 ns/op   12,332 B/op   8.00 allocs/op
  [2/2]  bench  PaysetGroups                          33,539 ns/op ±0%   12,320 B/op ±0%   8.00 allocs/op    750ms
  [1/2]  bench  Txn                                   68,342 ns/op   9,418 B/op   12.0 allocs/op
  [2/2]  bench  Txn                                   68,175 ns/op ±0%   9,423 B/op ±0%   12.0 allocs/op    1.07s
  [1/2]  bench  TxHandlerProcessing/processDecoded    14,834 ns/op   4,336 B/op   33.0 allocs/op
  [2/2]  bench  TxHandlerProcessing/processDecoded    16,479 ns/op ±10%   4,336 B/op   33.0 allocs/op    1.4s
  [1/2]  bench  TxHandlerProcessing/verify.TxnGroup   68,318 ns/op   11,328 B/op   16.0 allocs/op
  [2/2]  bench  TxHandlerProcessing/verify.TxnGroup   69,218 ns/op ±1%   11,328 B/op   16.0 allocs/op    540ms
  [1/2]  bench  TxHandlerDecoderMsgp                  16,492,411 ns/op   8,941,031 B/op   7,896 allocs/op
  [2/2]  bench  TxHandlerDecoderMsgp                  15,976,774 ns/op ±3%   8,515,268 B/op ±5%   7,520 allocs/op ±5%    1.49s
  [1/2]  bench  CompactDeltas/account-deltas          1,998,248 ns/op   4,096,358 B/op   0.000 allocs/op
  [2/2]  bench  CompactDeltas/account-deltas          2,032,560 ns/op ±2%   4,096,358 B/op   0.000 allocs/op    2.67s
  [1/2]  bench  CompactResourceDeltas                 5,976,859 ns/op   9,252,000 B/op   15.0 allocs/op
  [2/2]  bench  CompactResourceDeltas                 5,968,551 ns/op ±0%   9,251,878 B/op ±0%   14.5 allocs/op ±3%    450ms
  [1/2]  bench  TxTailCheckDup/hit                    83.7 ns/op   48.0 B/op   1.00 allocs/op
  [2/2]  bench  TxTailCheckDup/hit                    83.3 ns/op ±0%   48.0 B/op   1.00 allocs/op    430ms
  [1/2]  bench  TxTailCheckDup/miss                   41.1 ns/op   0.000 B/op   0.000 allocs/op
  [2/2]  bench  TxTailCheckDup/miss                   41.2 ns/op ±0%   0.000 B/op   0.000 allocs/op    400ms
  [1/2]  bench  CowChild                              55.3 ns/op   0.000 B/op   0.000 allocs/op
  [2/2]  bench  CowChild                              55.2 ns/op ±0%   0.000 B/op   0.000 allocs/op    420ms
  [1/2]  bench  PrefetcherApps                        205 ns/op   212 B/op   0.000 allocs/op
  [2/2]  bench  PrefetcherApps                        244 ns/op ±16%   217 B/op ±2%   0.000 allocs/op    2.08s
  [1/2]  bench  PrefetcherPayment                     317 ns/op   224 B/op   0.000 allocs/op
  [2/2]  bench  PrefetcherPayment                     316 ns/op ±0%   224 B/op   0.000 allocs/op    630ms
  [1/2]  bench  BlockEvaluatorRAMNoCrypto             603,953,446 ns/op   12,081 ns/eval_validate_tx   544,548,240 B/op   1,544,139 allocs/op
  [2/2]  bench  BlockEvaluatorRAMNoCrypto             606,264,116 ns/op ±0%   12,127 ns/eval_validate_tx ±0%   544,304,032 B/op ±0%   1,543,339 allocs/op ±0%    11.03s
  [1/2]  bench  BlockValidationMix                    2,276,487,591 ns/op   1,793,424,920 B/op   7,658,832 allocs/op
  [2/2]  bench  BlockValidationMix                    2,237,925,351 ns/op ±2%   1,789,723,324 B/op ±0%   7,655,901 allocs/op ±0%    11.52s
  [1/2]  bench  AppInt1                               817,052,715 ns/op   1,769,961,672 B/op   2,648,430 allocs/op
  [2/2]  bench  AppInt1                               834,713,975 ns/op ±2%   1,769,933,528 B/op ±0%   2,648,441 allocs/op ±0%    1.94s
  [1/2]  bench  AccountDeltasOps/upsert               670,643 ns/op   3,489,879 B/op   4.00 allocs/op
  [2/2]  bench  AccountDeltasOps/upsert               668,177 ns/op ±0%   3,489,880 B/op ±0%   4.00 allocs/op    420ms
  [1/2]  bench  AccountDeltasOps/merge                689,699 ns/op   829,187 B/op   165 allocs/op
  [2/2]  bench  AccountDeltasOps/merge                690,480 ns/op ±0%   829,190 B/op ±0%   165 allocs/op ±0%    700ms
  [1/2]  bench  AccountDeltasOps/optimize             102,498 ns/op   442,584 B/op   9.00 allocs/op
  [2/2]  bench  AccountDeltasOps/optimize             102,820 ns/op ±0%   442,584 B/op   9.00 allocs/op    550ms
  [1/2]  bench  MakeStateDelta                        1,244,129 ns/op   20,496,532 B/op   7.00 allocs/op
  [2/2]  bench  MakeStateDelta                        1,278,243 ns/op ±3%   20,496,535 B/op ±0%   7.00 allocs/op    500ms
  [1/2]  bench  OnlineAccountsCacheRead320            2,670,311 ns/op   551,215 B/op   3,142 allocs/op
  [2/2]  bench  OnlineAccountsCacheRead320            2,758,299 ns/op ±3%   567,161 B/op ±3%   3,233 allocs/op ±3%    930ms
  [1/2]  bench  MessageFilterCheck/hit                5,966 ns/op   1,248 B/op   9.00 allocs/op
  [2/2]  bench  MessageFilterCheck/hit                5,946 ns/op ±0%   1,248 B/op   9.00 allocs/op    410ms
  [1/2]  bench  MessageFilterCheck/miss               6,033 ns/op   1,248 B/op   9.00 allocs/op
  [2/2]  bench  MessageFilterCheck/miss               6,009 ns/op ±0%   1,248 B/op   9.00 allocs/op    410ms
  [1/2]  bench  GenerateMessageDigest                 511 ns/op   0.000 B/op   0.000 allocs/op
  [2/2]  bench  GenerateMessageDigest                 512 ns/op ±0%   0.000 B/op   0.000 allocs/op    360ms
  [1/2]  bench  BloomFilterSet                        101 ns/op   0.000 B/op   0.000 allocs/op
  [2/2]  bench  BloomFilterSet                        101 ns/op ±0%   0.000 B/op   0.000 allocs/op    1.84s
  [1/2]  bench  BloomFilterTest                       98.2 ns/op   0.000 B/op   0.000 allocs/op
  [2/2]  bench  BloomFilterTest                       98.1 ns/op ±0%   0.000 B/op   0.000 allocs/op    2.12s
  [1/2]  bench  TagCounter                            17.9 ns/op   0.000 B/op   0.000 allocs/op
  [2/2]  bench  TagCounter                            17.5 ns/op ±2%   0.000 B/op   0.000 allocs/op    350ms
