  [1/2]  bench  VoteVerify                            476,132 ns/op   6,752 B/op   63.0 allocs/op
  [2/2]  bench  VoteVerify                            466,763 ns/op ±2%   6,752 B/op   63.0 allocs/op    540ms
  [1/2]  bench  CryptoVerifierVoteVertification       210,976 ns/op   23,624 B/op   69.0 allocs/op
  [2/2]  bench  CryptoVerifierVoteVertification       210,476 ns/op ±0%   23,619 B/op ±0%   69.0 allocs/op    530ms
  [1/2]  bench  CryptoVerifierProposalVertification   277,734 ns/op   11,002 B/op   54.0 allocs/op
  [2/2]  bench  CryptoVerifierProposalVertification   282,204 ns/op ±2%   11,002 B/op   54.0 allocs/op    540ms
  [1/2]  bench  VoteDecoding                          424 ns/op   1,152 B/op   2.00 allocs/op
  [2/2]  bench  VoteDecoding                          471 ns/op ±10%   1,152 B/op   2.00 allocs/op    500ms
  [1/2]  bench  NoiseSentinelHash                     41,330 ns/op   1,586 MB/s   0.000 B/op   0.000 allocs/op
  [2/2]  bench  NoiseSentinelHash                     41,299 ns/op ±0%   1,587 MB/s ±0%   0.000 B/op   0.000 allocs/op    360ms
  [1/2]  bench  NoiseSentinelLoop                     7,637 ns/op   0.000 B/op   0.000 allocs/op
  [2/2]  bench  NoiseSentinelLoop                     7,638 ns/op ±0%   0.000 B/op   0.000 allocs/op    430ms
  [1/2]  bench  FalconVerify                          53,481 ns/op   0.000 B/op   0.000 allocs/op
  [2/2]  bench  FalconVerify                          52,400 ns/op ±2%   0.000 B/op   0.000 allocs/op    520ms
  [1/2]  bench  FalconSign                            9,903,152 ns/op   3,080 B/op   3.00 allocs/op
  [2/2]  bench  FalconSign                            9,892,179 ns/op ±0%   3,080 B/op   3.00 allocs/op    470ms
  [1/2]  bench  MultisigVerify                        188,137 ns/op   2,650 B/op   21.0 allocs/op
  [2/2]  bench  MultisigVerify                        187,520 ns/op ±0%   2,649 B/op ±0%   21.0 allocs/op    370ms
  [1/2]  bench  VrfProve                              178,510 ns/op   224 B/op   5.00 allocs/op
  [2/2]  bench  VrfProve                              175,957 ns/op ±1%   224 B/op   5.00 allocs/op    390ms
  [1/2]  bench  Hash                                  237 ns/op   0.000 B/op   0.000 allocs/op
  [2/2]  bench  Hash                                  238 ns/op ±0%   0.000 B/op   0.000 allocs/op    600ms
  [1/2]  bench  SignVerify                            82,122 ns/op   336 B/op   10.0 allocs/op
  [2/2]  bench  SignVerify                            81,196 ns/op ±1%   336 B/op   10.0 allocs/op    360ms
  [1/2]  bench  Verify25519                           64,018 ns/op   152 B/op   5.00 allocs/op
  [2/2]  bench  Verify25519                           63,920 ns/op ±0%   152 B/op   5.00 allocs/op    450ms
  [1/2]  bench  MerkleSignatureVerify                 100,670 ns/op   9,472 B/op   42.0 allocs/op
  [2/2]  bench  MerkleSignatureVerify                 102,237 ns/op ±2%   9,472 B/op   42.0 allocs/op    550ms
  [1/2]  bench  OneTimeSigBatchVerification/batch=false  194,959 ns/op   784 B/op   17.0 allocs/op
  [2/2]  bench  OneTimeSigBatchVerification/batch=false  195,942 ns/op ±1%   784 B/op   17.0 allocs/op    640ms
  [1/2]  bench  OneTimeSigBatchVerification/batch=true  192,197 ns/op   784 B/op   17.0 allocs/op
  [2/2]  bench  OneTimeSigBatchVerification/batch=true  192,419 ns/op ±0%   784 B/op ±0%   17.0 allocs/op    610ms
  [1/2]  bench  VrfVerify                             222,648 ns/op   176 B/op   3.00 allocs/op
  [2/2]  bench  VrfVerify                             224,517 ns/op ±1%   176 B/op   3.00 allocs/op    710ms
  [1/2]  bench  AppRateLimiter_TxgroupToKeys          18,108 ns/op   3,097 B/op   2.00 allocs/op
  [2/2]  bench  AppRateLimiter_TxgroupToKeys          18,105 ns/op ±0%   3,097 B/op   2.00 allocs/op    770ms
  [1/2]  bench  AddressFormatting                     362 ns/op   128 B/op   2.00 allocs/op
  [2/2]  bench  AddressFormatting                     363 ns/op ±0%   128 B/op   2.00 allocs/op    350ms
  [1/2]  bench  UnmarshalChecksumAddress              862 ns/op   192 B/op   3.00 allocs/op
  [2/2]  bench  UnmarshalChecksumAddress              859 ns/op ±0%   192 B/op   3.00 allocs/op    350ms
  [1/2]  bench  AppendMsgBlockHeader                  59.8 ns/op   16.7 MB/s   0.000 B/op   0.000 allocs/op
  [2/2]  bench  AppendMsgBlockHeader                  60.0 ns/op ±0%   16.7 MB/s ±0%   0.000 B/op   0.000 allocs/op    420ms
  [1/2]  bench  Sortition                             2,101,520 ns/op   2,217 B/op   26.0 allocs/op
  [2/2]  bench  Sortition                             2,155,241 ns/op ±2%   2,219 B/op ±0%   26.0 allocs/op    600ms
  [1/2]  bench  TxnIDs/signed-txn-id                  818 ns/op   0.000 B/op   0.000 allocs/op
  [2/2]  bench  TxnIDs/signed-txn-id                  816 ns/op ±0%   0.000 B/op   0.000 allocs/op    370ms
  [1/2]  bench  TxnIDs/group-id                       19,510 ns/op   2,269 B/op   4.00 allocs/op
  [2/2]  bench  TxnIDs/group-id                       19,421 ns/op ±0%   2,268 B/op ±0%   4.00 allocs/op    560ms
  [1/2]  bench  WellFormed/pay                        206 ns/op   0.000 B/op   0.000 allocs/op
  [2/2]  bench  WellFormed/pay                        207 ns/op ±0%   0.000 B/op   0.000 allocs/op    570ms
  [1/2]  bench  WellFormed/axfer                      186 ns/op   0.000 B/op   0.000 allocs/op
  [2/2]  bench  WellFormed/axfer                      185 ns/op ±0%   0.000 B/op   0.000 allocs/op    550ms
  [1/2]  bench  WellFormed/acfg                       186 ns/op   0.000 B/op   0.000 allocs/op
  [2/2]  bench  WellFormed/acfg                       180 ns/op ±3%   0.000 B/op   0.000 allocs/op    520ms
  [1/2]  bench  WellFormed/appl                       230 ns/op   0.000 B/op   0.000 allocs/op
  [2/2]  bench  WellFormed/appl                       226 ns/op ±2%   0.000 B/op   0.000 allocs/op    580ms
  [1/2]  bench  WellFormed/keyreg                     254 ns/op   0.000 B/op   0.000 allocs/op
  [2/2]  bench  WellFormed/keyreg                     255 ns/op ±0%   0.000 B/op   0.000 allocs/op    620ms
  [1/2]  bench  Verify/pop                            57.9 ns/op   3.00 extra/op   6.00 B/op   0.000 allocs/op
  [2/2]  bench  Verify/pop                            57.9 ns/op ±0%   3.00 extra/op   6.00 B/op   0.000 allocs/op    520ms
  [1/2]  bench  Verify/add                            60.6 ns/op   3.00 extra/op   6.00 B/op   0.000 allocs/op
  [2/2]  bench  Verify/add                            60.9 ns/op ±0%   3.00 extra/op   6.00 B/op   0.000 allocs/op    530ms
  [1/2]  bench  Verify/ed25519verify_bare             62,281 ns/op   7.00 extra/op   102 B/op   2.00 allocs/op
  [2/2]  bench  Verify/ed25519verify_bare             62,159 ns/op ±0%   7.00 extra/op   102 B/op   2.00 allocs/op    520ms
  [1/2]  bench  Verify/ecdsa_verify_k1                60,361 ns/op   7.00 extra/op   343 B/op   6.00 allocs/op
  [2/2]  bench  Verify/ecdsa_verify_k1                60,519 ns/op ±0%   7.00 extra/op   343 B/op ±0%   6.00 allocs/op    600ms
  [1/2]  bench  Verify/ecdsa_verify_r1                81,964 ns/op   7.00 extra/op   1,273 B/op   26.0 allocs/op
  [2/2]  bench  Verify/ecdsa_verify_r1                81,925 ns/op ±0%   7.00 extra/op   1,273 B/op ±0%   26.0 allocs/op    560ms
  [1/2]  bench  Verify/falcon_verify                  53,124 ns/op   7.00 extra/op   2,055 B/op   1.00 allocs/op
  [2/2]  bench  Verify/falcon_verify                  52,809 ns/op ±1%   7.00 extra/op   2,055 B/op   1.00 allocs/op    940ms
  [1/2]  bench  Verify/vrf_verify                     231,690 ns/op   5.00 extra/op   280 B/op   6.00 allocs/op
  [2/2]  bench  Verify/vrf_verify                     234,302 ns/op ±1%   5.00 extra/op   280 B/op   6.00 allocs/op    560ms
  [1/2]  bench  CheckSignature                        9,562 ns/op   12,320 B/op   9.00 allocs/op
  [2/2]  bench  CheckSignature                        9,590 ns/op ±0%   12,320 B/op   9.00 allocs/op    450ms
  [1/2]  bench  Addx64/add_long_stack                 7,321 ns/op   16,648 B/op   11.0 allocs/op
  [2/2]  bench  Addx64/add_long_stack                 7,478 ns/op ±2%   16,648 B/op   11.0 allocs/op    450ms
  [1/2]  bench  Addx64/add_small_stack                6,553 ns/op   13,192 B/op   9.00 allocs/op
  [2/2]  bench  Addx64/add_small_stack                6,529 ns/op ±0%   13,192 B/op   9.00 allocs/op    430ms
  [1/2]  bench  NopPassx1                             3,448 ns/op   13,192 B/op   9.00 allocs/op
  [2/2]  bench  NopPassx1                             3,566 ns/op ±3%   13,192 B/op   9.00 allocs/op    390ms
  [1/2]  bench  Checkx5                               147,178 ns/op   105,102 B/op   950 allocs/op
  [2/2]  bench  Checkx5                               146,974 ns/op ±0%   105,102 B/op ±0%   950 allocs/op    350ms
  [1/2]  bench  AppendMsgSignedTxn                    139 ns/op   7.22 MB/s   0.000 B/op   0.000 allocs/op
  [2/2]  bench  AppendMsgSignedTxn                    138 ns/op ±0%   7.23 MB/s ±0%   0.000 B/op   0.000 allocs/op    500ms
  [1/2]  bench  TinyMan/eval-lsig-signature           22,362 ns/op   36,680 B/op   86.0 allocs/op
  [2/2]  bench  TinyMan/eval-lsig-signature           22,344 ns/op ±0%   36,680 B/op   86.0 allocs/op    590ms
  [1/2]  bench  TinyMan/group-check-actual            180,981 ns/op   80,576 B/op   136 allocs/op
  [2/2]  bench  TinyMan/group-check-actual            181,435 ns/op ±0%   80,576 B/op   136 allocs/op    1.41s
  [1/2]  bench  TinyMan/group-check-all-crypto        263,077 ns/op   33,883 B/op   37.0 allocs/op
  [2/2]  bench  TinyMan/group-check-all-crypto        264,797 ns/op ±1%   33,882 B/op ±0%   37.0 allocs/op    390ms
  [1/2]  bench  LogicSigSanityCheck                   12,723 ns/op   15,112 B/op   15.0 allocs/op
  [2/2]  bench  LogicSigSanityCheck                   14,068 ns/op ±10%   15,112 B/op   15.0 allocs/op    520ms
  [1/2]  bench  PaysetGroups                          34,641 ns/op   12,335 B/op   8.00 allocs/op
  [2/2]  bench  PaysetGroups                          34,353 ns/op ±1%   12,351 B/op ±0%   8.00 allocs/op    770ms
  [1/2]  bench  Txn                                   68,817 ns/op   9,440 B/op   12.0 allocs/op
  [2/2]  bench  Txn                                   68,934 ns/op ±0%   9,431 B/op ±0%   12.0 allocs/op    1.08s
  [1/2]  bench  TxHandlerProcessing/processDecoded    15,083 ns/op   3,760 B/op   32.0 allocs/op
  [2/2]  bench  TxHandlerProcessing/processDecoded    15,150 ns/op ±0%   3,760 B/op   32.0 allocs/op    1.31s
  [1/2]  bench  TxHandlerProcessing/verify.TxnGroup   68,249 ns/op   11,328 B/op   16.0 allocs/op
  [2/2]  bench  TxHandlerProcessing/verify.TxnGroup   69,040 ns/op ±1%   11,328 B/op   16.0 allocs/op    500ms
  [1/2]  bench  TxHandlerDecoderMsgp                  23,198,988 ns/op   13,098,534 B/op   11,539 allocs/op
  [2/2]  bench  TxHandlerDecoderMsgp                  23,351,541 ns/op ±1%   13,098,534 B/op   11,539 allocs/op    1.24s
  [1/2]  bench  CompactDeltas/account-deltas          2,283,927 ns/op   4,096,358 B/op   0.000 allocs/op
  [2/2]  bench  CompactDeltas/account-deltas          2,354,857 ns/op ±3%   4,096,358 B/op   0.000 allocs/op    2.98s
  [1/2]  bench  CompactResourceDeltas                 6,761,345 ns/op   9,415,623 B/op   15.0 allocs/op
  [2/2]  bench  CompactResourceDeltas                 6,841,122 ns/op ±1%   9,415,600 B/op ±0%   14.5 allocs/op ±3%    400ms
  [1/2]  bench  TxTailCheckDup/hit                    86.8 ns/op   48.0 B/op   1.00 allocs/op
  [2/2]  bench  TxTailCheckDup/hit                    86.8 ns/op ±0%   48.0 B/op   1.00 allocs/op    440ms
  [1/2]  bench  TxTailCheckDup/miss                   44.3 ns/op   0.000 B/op   0.000 allocs/op
  [2/2]  bench  TxTailCheckDup/miss                   44.2 ns/op ±0%   0.000 B/op   0.000 allocs/op    410ms
  [1/2]  bench  CowChild                              54.8 ns/op   0.000 B/op   0.000 allocs/op
  [2/2]  bench  CowChild                              55.2 ns/op ±1%   0.000 B/op   0.000 allocs/op    420ms
  [1/2]  bench  PrefetcherApps                        284 ns/op   215 B/op   0.000 allocs/op
  [2/2]  bench  PrefetcherApps                        251 ns/op ±13%   213 B/op ±1%   0.000 allocs/op    1.68s
  [1/2]  bench  PrefetcherPayment                     519 ns/op   225 B/op   0.000 allocs/op
  [2/2]  bench  PrefetcherPayment                     479 ns/op ±8%   223 B/op ±1%   0.000 allocs/op    670ms
  [1/2]  bench  BlockEvaluatorRAMNoCrypto             667,174,160 ns/op   13,345 ns/eval_validate_tx   544,876,796 B/op   1,543,523 allocs/op
  [2/2]  bench  BlockEvaluatorRAMNoCrypto             665,359,284 ns/op ±0%   13,309 ns/eval_validate_tx ±0%   544,642,976 B/op ±0%   1,542,443 allocs/op ±0%    11.47s
  [1/2]  bench  BlockValidationMix                    2,203,213,834 ns/op   1,767,165,216 B/op   7,605,338 allocs/op
  [2/2]  bench  BlockValidationMix                    2,246,131,247 ns/op ±2%   1,769,994,256 B/op ±0%   7,608,859 allocs/op ±0%    11.73s
  [1/2]  bench  AppInt1                               807,653,920 ns/op   1,742,029,288 B/op   2,584,041 allocs/op
  [2/2]  bench  AppInt1                               806,328,602 ns/op ±0%   1,741,989,512 B/op ±0%   2,583,992 allocs/op ±0%    1.87s
  [1/2]  bench  AccountDeltasOps/upsert               674,204 ns/op   3,489,879 B/op   4.00 allocs/op
  [2/2]  bench  AccountDeltasOps/upsert               692,767 ns/op ±3%   3,489,879 B/op   4.00 allocs/op    440ms
  [1/2]  bench  AccountDeltasOps/merge                740,048 ns/op   829,126 B/op   164 allocs/op
  [2/2]  bench  AccountDeltasOps/merge                744,889 ns/op ±1%   829,151 B/op ±0%   164 allocs/op    790ms
  [1/2]  bench  AccountDeltasOps/optimize             109,810 ns/op   442,586 B/op   9.00 allocs/op
  [2/2]  bench  AccountDeltasOps/optimize             110,483 ns/op ±1%   442,553 B/op ±0%   8.50 allocs/op ±6%    490ms
  [1/2]  bench  MakeStateDelta                        1,538,861 ns/op   20,496,538 B/op   7.00 allocs/op
  [2/2]  bench  MakeStateDelta                        1,526,808 ns/op ±1%   20,496,537 B/op ±0%   7.00 allocs/op    500ms
  [1/2]  bench  OnlineAccountsCacheRead320            3,235,161 ns/op   705,544 B/op   4,021 allocs/op
  [2/2]  bench  OnlineAccountsCacheRead320            3,132,152 ns/op ±3%   705,546 B/op ±0%   4,021 allocs/op    300ms
  [1/2]  bench  MessageFilterCheck/hit                6,018 ns/op   1,248 B/op   9.00 allocs/op
  [2/2]  bench  MessageFilterCheck/hit                6,034 ns/op ±0%   1,248 B/op   9.00 allocs/op    400ms
  [1/2]  bench  MessageFilterCheck/miss               6,024 ns/op   1,248 B/op   9.00 allocs/op
  [2/2]  bench  MessageFilterCheck/miss               6,070 ns/op ±1%   1,248 B/op   9.00 allocs/op    420ms
  [1/2]  bench  GenerateMessageDigest                 505 ns/op   0.000 B/op   0.000 allocs/op
  [2/2]  bench  GenerateMessageDigest                 506 ns/op ±0%   0.000 B/op   0.000 allocs/op    360ms
  [1/2]  bench  VpackVote/compress                    333 ns/op   1,886 MB/s   0.000 B/op   0.000 allocs/op
  [2/2]  bench  VpackVote/compress                    333 ns/op ±0%   1,886 MB/s ±0%   0.000 B/op   0.000 allocs/op    330ms
  [1/2]  bench  VpackVote/decompress                  164 ns/op   2,871 MB/s   0.000 B/op   0.000 allocs/op
  [2/2]  bench  VpackVote/decompress                  164 ns/op ±0%   2,879 MB/s ±0%   0.000 B/op   0.000 allocs/op    910ms
  [1/2]  bench  BloomFilterSet                        102 ns/op   0.000 B/op   0.000 allocs/op
  [2/2]  bench  BloomFilterSet                        102 ns/op ±0%   0.000 B/op   0.000 allocs/op    1.83s
  [1/2]  bench  BloomFilterTest                       99.9 ns/op   0.000 B/op   0.000 allocs/op
  [2/2]  bench  BloomFilterTest                       99.7 ns/op ±0%   0.000 B/op   0.000 allocs/op    2.12s
  [1/2]  bench  TagCounter                            17.3 ns/op   0.000 B/op   0.000 allocs/op
  [2/2]  bench  TagCounter                            17.6 ns/op ±1%   0.000 B/op   0.000 allocs/op    380ms
