  [1/2]  bench  VoteVerify                            473,635 ns/op   6,752 B/op   63.0 allocs/op
  [2/2]  bench  VoteVerify                            476,943 ns/op ±1%   6,752 B/op   63.0 allocs/op    560ms
  [1/2]  bench  CryptoVerifierVoteVertification       215,607 ns/op   23,622 B/op   69.0 allocs/op
  [2/2]  bench  CryptoVerifierVoteVertification       211,676 ns/op ±2%   23,617 B/op ±0%   69.0 allocs/op    510ms
  [1/2]  bench  CryptoVerifierProposalVertification   294,121 ns/op   11,004 B/op   54.0 allocs/op
  [2/2]  bench  CryptoVerifierProposalVertification   291,942 ns/op ±1%   11,003 B/op ±0%   54.0 allocs/op    550ms
  [1/2]  bench  VoteDecoding                          432 ns/op   1,152 B/op   2.00 allocs/op
  [2/2]  bench  VoteDecoding                          438 ns/op ±1%   1,152 B/op   2.00 allocs/op    790ms
  [1/2]  bench  NoiseSentinelHash                     41,271 ns/op   1,588 MB/s   0.000 B/op   0.000 allocs/op
  [2/2]  bench  NoiseSentinelHash                     41,253 ns/op ±0%   1,589 MB/s ±0%   0.000 B/op   0.000 allocs/op    360ms
  [1/2]  bench  NoiseSentinelLoop                     7,638 ns/op   0.000 B/op   0.000 allocs/op
  [2/2]  bench  NoiseSentinelLoop                     7,640 ns/op ±0%   0.000 B/op   0.000 allocs/op    430ms
  [1/2]  bench  FalconVerify                          52,576 ns/op   0.000 B/op   0.000 allocs/op
  [2/2]  bench  FalconVerify                          52,508 ns/op ±0%   0.000 B/op   0.000 allocs/op    490ms
  [1/2]  bench  FalconSign                            9,922,904 ns/op   3,080 B/op   3.00 allocs/op
  [2/2]  bench  FalconSign                            9,909,032 ns/op ±0%   3,080 B/op   3.00 allocs/op    470ms
  [1/2]  bench  MultisigVerify                        188,943 ns/op   2,651 B/op   21.0 allocs/op
  [2/2]  bench  MultisigVerify                        190,541 ns/op ±1%   2,650 B/op ±0%   21.0 allocs/op    380ms
  [1/2]  bench  VrfProve                              171,198 ns/op   224 B/op   5.00 allocs/op
  [2/2]  bench  VrfProve                              169,666 ns/op ±1%   224 B/op   5.00 allocs/op    370ms
  [1/2]  bench  Hash                                  238 ns/op   0.000 B/op   0.000 allocs/op
  [2/2]  bench  Hash                                  238 ns/op ±0%   0.000 B/op   0.000 allocs/op    600ms
  [1/2]  bench  SignVerify                            80,651 ns/op   336 B/op   10.0 allocs/op
  [2/2]  bench  SignVerify                            81,147 ns/op ±1%   336 B/op   10.0 allocs/op    350ms
  [1/2]  bench  Verify25519                           68,000 ns/op   152 B/op   5.00 allocs/op
  [2/2]  bench  Verify25519                           65,946 ns/op ±3%   152 B/op   5.00 allocs/op    450ms
  [1/2]  bench  MerkleSignatureVerify                 101,452 ns/op   9,472 B/op   42.0 allocs/op
  [2/2]  bench  MerkleSignatureVerify                 101,929 ns/op ±0%   9,472 B/op   42.0 allocs/op    540ms
  [1/2]  bench  OneTimeSigBatchVerification/batch=false  196,207 ns/op   784 B/op   17.0 allocs/op
  [2/2]  bench  OneTimeSigBatchVerification/batch=false  197,850 ns/op ±1%   784 B/op   17.0 allocs/op    640ms
  [1/2]  bench  OneTimeSigBatchVerification/batch=true  192,133 ns/op   784 B/op   17.0 allocs/op
  [2/2]  bench  OneTimeSigBatchVerification/batch=true  192,299 ns/op ±0%   784 B/op   17.0 allocs/op    620ms
  [1/2]  bench  VrfVerify                             228,933 ns/op   176 B/op   3.00 allocs/op
  [2/2]  bench  VrfVerify                             229,350 ns/op ±0%   176 B/op   3.00 allocs/op    670ms
  [1/2]  bench  AppRateLimiter_TxgroupToKeys          18,517 ns/op   3,097 B/op   2.00 allocs/op
  [2/2]  bench  AppRateLimiter_TxgroupToKeys          18,369 ns/op ±1%   3,097 B/op   2.00 allocs/op    770ms
  [1/2]  bench  AddressFormatting                     361 ns/op   128 B/op   2.00 allocs/op
  [2/2]  bench  AddressFormatting                     361 ns/op ±0%   128 B/op   2.00 allocs/op    340ms
  [1/2]  bench  UnmarshalChecksumAddress              855 ns/op   192 B/op   3.00 allocs/op
  [2/2]  bench  UnmarshalChecksumAddress              858 ns/op ±0%   192 B/op   3.00 allocs/op    350ms
  [1/2]  bench  AppendMsgBlockHeader                  60.6 ns/op   16.5 MB/s   0.000 B/op   0.000 allocs/op
  [2/2]  bench  AppendMsgBlockHeader                  60.3 ns/op ±1%   16.6 MB/s ±1%   0.000 B/op   0.000 allocs/op    420ms
  [1/2]  bench  Sortition                             2,167,810 ns/op   2,217 B/op   26.0 allocs/op
  [2/2]  bench  Sortition                             2,189,141 ns/op ±1%   2,220 B/op ±0%   26.0 allocs/op    600ms
  [1/2]  bench  TxnIDs/signed-txn-id                  833 ns/op   0.000 B/op   0.000 allocs/op
  [2/2]  bench  TxnIDs/signed-txn-id                  823 ns/op ±1%   0.000 B/op   0.000 allocs/op    370ms
  [1/2]  bench  TxnIDs/group-id                       19,213 ns/op   2,269 B/op   4.00 allocs/op
  [2/2]  bench  TxnIDs/group-id                       19,187 ns/op ±0%   2,268 B/op ±0%   4.00 allocs/op    550ms
  [1/2]  bench  WellFormed/pay                        206 ns/op   0.000 B/op   0.000 allocs/op
  [2/2]  bench  WellFormed/pay                        206 ns/op ±0%   0.000 B/op   0.000 allocs/op    570ms
  [1/2]  bench  WellFormed/axfer                      184 ns/op   0.000 B/op   0.000 allocs/op
  [2/2]  bench  WellFormed/axfer                      184 ns/op ±0%   0.000 B/op   0.000 allocs/op    550ms
  [1/2]  bench  WellFormed/acfg                       172 ns/op   0.000 B/op   0.000 allocs/op
  [2/2]  bench  WellFormed/acfg                       172 ns/op ±0%   0.000 B/op   0.000 allocs/op    530ms
  [1/2]  bench  WellFormed/appl                       215 ns/op   0.000 B/op   0.000 allocs/op
  [2/2]  bench  WellFormed/appl                       215 ns/op ±0%   0.000 B/op   0.000 allocs/op    580ms
  [1/2]  bench  WellFormed/keyreg                     255 ns/op   0.000 B/op   0.000 allocs/op
  [2/2]  bench  WellFormed/keyreg                     254 ns/op ±0%   0.000 B/op   0.000 allocs/op    620ms
  [1/2]  bench  Verify/pop                            57.4 ns/op   3.00 extra/op   6.00 B/op   0.000 allocs/op
  [2/2]  bench  Verify/pop                            57.6 ns/op ±0%   3.00 extra/op   6.00 B/op   0.000 allocs/op    530ms
  [1/2]  bench  Verify/add                            60.9 ns/op   3.00 extra/op   6.00 B/op   0.000 allocs/op
  [2/2]  bench  Verify/add                            60.6 ns/op ±0%   3.00 extra/op   6.00 B/op   0.000 allocs/op    530ms
  [1/2]  bench  Verify/ed25519verify_bare             61,872 ns/op   7.00 extra/op   102 B/op   2.00 allocs/op
  [2/2]  bench  Verify/ed25519verify_bare             62,052 ns/op ±0%   7.00 extra/op   102 B/op   2.00 allocs/op    510ms
  [1/2]  bench  Verify/ecdsa_verify_k1                60,307 ns/op   7.00 extra/op   342 B/op   6.00 allocs/op
  [2/2]  bench  Verify/ecdsa_verify_k1                60,446 ns/op ±0%   7.00 extra/op   342 B/op   6.00 allocs/op    590ms
  [1/2]  bench  Verify/ecdsa_verify_r1                81,372 ns/op   7.00 extra/op   1,273 B/op   26.0 allocs/op
  [2/2]  bench  Verify/ecdsa_verify_r1                81,319 ns/op ±0%   7.00 extra/op   1,273 B/op   26.0 allocs/op    550ms
  [1/2]  bench  Verify/falcon_verify                  51,403 ns/op   7.00 extra/op   2,055 B/op   1.00 allocs/op
  [2/2]  bench  Verify/falcon_verify                  51,353 ns/op ±0%   7.00 extra/op   2,055 B/op   1.00 allocs/op    850ms
  [1/2]  bench  Verify/vrf_verify                     223,226 ns/op   5.00 extra/op   280 B/op   6.00 allocs/op
  [2/2]  bench  Verify/vrf_verify                     227,823 ns/op ±2%   5.00 extra/op   280 B/op   6.00 allocs/op    550ms
  [1/2]  bench  CheckSignature                        8,759 ns/op   12,320 B/op   9.00 allocs/op
  [2/2]  bench  CheckSignature                        8,790 ns/op ±0%   12,320 B/op   9.00 allocs/op    450ms
  [1/2]  bench  Addx64/add_long_stack                 6,628 ns/op   16,648 B/op   11.0 allocs/op
  [2/2]  bench  Addx64/add_long_stack                 6,700 ns/op ±1%   16,648 B/op   11.0 allocs/op    430ms
  [1/2]  bench  Addx64/add_small_stack                5,939 ns/op   13,192 B/op   9.00 allocs/op
  [2/2]  bench  Addx64/add_small_stack                5,919 ns/op ±0%   13,192 B/op   9.00 allocs/op    420ms
  [1/2]  bench  NopPassx1                             3,156 ns/op   13,192 B/op   9.00 allocs/op
  [2/2]  bench  NopPassx1                             3,168 ns/op ±0%   13,192 B/op   9.00 allocs/op    370ms
  [1/2]  bench  Checkx5                               138,817 ns/op   105,100 B/op   950 allocs/op
  [2/2]  bench  Checkx5                               138,416 ns/op ±0%   105,100 B/op   950 allocs/op    350ms
  [1/2]  bench  AppendMsgSignedTxn                    138 ns/op   7.27 MB/s   0.000 B/op   0.000 allocs/op
  [2/2]  bench  AppendMsgSignedTxn                    137 ns/op ±0%   7.28 MB/s ±0%   0.000 B/op   0.000 allocs/op    500ms
  [1/2]  bench  TinyMan/eval-lsig-signature           20,257 ns/op   36,680 B/op   86.0 allocs/op
  [2/2]  bench  TinyMan/eval-lsig-signature           20,376 ns/op ±1%   36,680 B/op   86.0 allocs/op    570ms
  [1/2]  bench  TinyMan/group-check-actual            175,551 ns/op   80,576 B/op   136 allocs/op
  [2/2]  bench  TinyMan/group-check-actual            176,993 ns/op ±1%   80,576 B/op   136 allocs/op    1.31s
  [1/2]  bench  TinyMan/group-check-all-crypto        263,135 ns/op   33,880 B/op   37.0 allocs/op
  [2/2]  bench  TinyMan/group-check-all-crypto        265,001 ns/op ±1%   33,880 B/op   37.0 allocs/op    380ms
  [1/2]  bench  LogicSigSanityCheck                   11,433 ns/op   15,112 B/op   15.0 allocs/op
  [2/2]  bench  LogicSigSanityCheck                   11,418 ns/op ±0%   15,112 B/op   15.0 allocs/op    480ms
  [1/2]  bench  PaysetGroups                          33,727 ns/op   12,351 B/op   8.00 allocs/op
  [2/2]  bench  PaysetGroups                          33,882 ns/op ±0%   12,345 B/op ±0%   8.00 allocs/op    760ms
  [1/2]  bench  Txn                                   68,367 ns/op   9,435 B/op   12.0 allocs/op
  [2/2]  bench  Txn                                   68,313 ns/op ±0%   9,434 B/op ±0%   12.0 allocs/op    1.07s
  [1/2]  bench  TxHandlerProcessing/processDecoded    15,338 ns/op   3,760 B/op   32.0 allocs/op
  [2/2]  bench  TxHandlerProcessing/processDecoded    15,349 ns/op ±0%   3,760 B/op   32.0 allocs/op    1.32s
  [1/2]  bench  TxHandlerProcessing/verify.TxnGroup   68,672 ns/op   11,328 B/op   16.0 allocs/op
  [2/2]  bench  TxHandlerProcessing/verify.TxnGroup   69,976 ns/op ±2%   11,328 B/op   16.0 allocs/op    510ms
  [1/2]  bench  TxHandlerDecoderMsgp                  17,167,263 ns/op   8,962,157 B/op   7,896 allocs/op
  [2/2]  bench  TxHandlerDecoderMsgp                  17,557,636 ns/op ±2%   8,962,158 B/op ±0%   7,896 allocs/op    1.52s
  [1/2]  bench  CompactDeltas/account-deltas          2,099,169 ns/op   4,096,358 B/op   0.000 allocs/op
  [2/2]  bench  CompactDeltas/account-deltas          2,126,502 ns/op ±1%   4,096,358 B/op   0.000 allocs/op    2.74s
  [1/2]  bench  CompactResourceDeltas                 6,507,068 ns/op   9,415,895 B/op   15.0 allocs/op
  [2/2]  bench  CompactResourceDeltas                 6,521,641 ns/op ±0%   9,415,837 B/op ±0%   15.0 allocs/op    470ms
  [1/2]  bench  TxTailCheckDup/hit                    82.5 ns/op   48.0 B/op   1.00 allocs/op
  [2/2]  bench  TxTailCheckDup/hit                    82.8 ns/op ±0%   48.0 B/op   1.00 allocs/op    440ms
  [1/2]  bench  TxTailCheckDup/miss                   48.9 ns/op   0.000 B/op   0.000 allocs/op
  [2/2]  bench  TxTailCheckDup/miss                   48.8 ns/op ±0%   0.000 B/op   0.000 allocs/op    410ms
  [1/2]  bench  CowChild                              55.4 ns/op   0.000 B/op   0.000 allocs/op
  [2/2]  bench  CowChild                              55.4 ns/op ±0%   0.000 B/op   0.000 allocs/op    420ms
  [1/2]  bench  PrefetcherApps                        207 ns/op   218 B/op   0.000 allocs/op
  [2/2]  bench  PrefetcherApps                        213 ns/op ±3%   216 B/op ±1%   0.000 allocs/op    1.63s
  [1/2]  bench  PrefetcherPayment                     374 ns/op   224 B/op   0.000 allocs/op
  [2/2]  bench  PrefetcherPayment                     373 ns/op ±0%   224 B/op   0.000 allocs/op    710ms
  [1/2]  bench  BlockEvaluatorRAMNoCrypto             646,539,940 ns/op   12,932 ns/eval_validate_tx   544,538,208 B/op   1,544,477 allocs/op
  [2/2]  bench  BlockEvaluatorRAMNoCrypto             642,898,502 ns/op ±1%   12,860 ns/eval_validate_tx ±1%   544,732,582 B/op ±0%   1,543,444 allocs/op ±0%    11.14s
  [1/2]  bench  BlockValidationMix                    2,341,167,258 ns/op   1,763,527,680 B/op   7,558,857 allocs/op
  [2/2]  bench  BlockValidationMix                    2,279,644,556 ns/op ±3%   1,768,076,712 B/op ±0%   7,588,909 allocs/op ±0%    11.77s
  [1/2]  bench  AppInt1                               784,884,048 ns/op   1,742,008,632 B/op   2,583,990 allocs/op
  [2/2]  bench  AppInt1                               779,678,423 ns/op ±1%   1,741,930,868 B/op ±0%   2,583,974 allocs/op ±0%    1.82s
  [1/2]  bench  AccountDeltasOps/upsert               698,804 ns/op   3,489,880 B/op   4.00 allocs/op
  [2/2]  bench  AccountDeltasOps/upsert               722,456 ns/op ±3%   3,489,880 B/op   4.00 allocs/op    450ms
  [1/2]  bench  AccountDeltasOps/merge                708,100 ns/op   828,943 B/op   164 allocs/op
  [2/2]  bench  AccountDeltasOps/merge                695,548 ns/op ±2%   829,177 B/op ±0%   165 allocs/op ±0%    720ms
  [1/2]  bench  AccountDeltasOps/optimize             105,552 ns/op   442,586 B/op   9.00 allocs/op
  [2/2]  bench  AccountDeltasOps/optimize             105,107 ns/op ±0%   442,553 B/op ±0%   8.50 allocs/op ±6%    490ms
  [1/2]  bench  MakeStateDelta                        1,613,879 ns/op   20,496,535 B/op   7.00 allocs/op
  [2/2]  bench  MakeStateDelta                        1,631,340 ns/op ±1%   20,496,535 B/op ±0%   7.00 allocs/op    510ms
  [1/2]  bench  OnlineAccountsCacheRead320            3,038,976 ns/op   705,555 B/op   4,021 allocs/op
  [2/2]  bench  OnlineAccountsCacheRead320            3,050,637 ns/op ±0%   705,559 B/op ±0%   4,021 allocs/op    300ms
  [1/2]  bench  MessageFilterCheck/hit                6,240 ns/op   1,248 B/op   9.00 allocs/op
  [2/2]  bench  MessageFilterCheck/hit                6,186 ns/op ±1%   1,248 B/op   9.00 allocs/op    410ms
  [1/2]  bench  MessageFilterCheck/miss               6,154 ns/op   1,248 B/op   9.00 allocs/op
  [2/2]  bench  MessageFilterCheck/miss               6,138 ns/op ±0%   1,248 B/op   9.00 allocs/op    420ms
  [1/2]  bench  GenerateMessageDigest                 505 ns/op   0.000 B/op   0.000 allocs/op
  [2/2]  bench  GenerateMessageDigest                 505 ns/op ±0%   0.000 B/op   0.000 allocs/op    370ms
  [1/2]  bench  VpackVote/compress                    333 ns/op   1,884 MB/s   0.000 B/op   0.000 allocs/op
  [2/2]  bench  VpackVote/compress                    333 ns/op ±0%   1,886 MB/s ±0%   0.000 B/op   0.000 allocs/op    330ms
  [1/2]  bench  VpackVote/decompress                  122 ns/op   3,861 MB/s   0.000 B/op   0.000 allocs/op
  [2/2]  bench  VpackVote/decompress                  123 ns/op ±0%   3,852 MB/s ±0%   0.000 B/op   0.000 allocs/op    480ms
  [1/2]  bench  BloomFilterSet                        103 ns/op   0.000 B/op   0.000 allocs/op
  [2/2]  bench  BloomFilterSet                        103 ns/op ±0%   0.000 B/op   0.000 allocs/op    1.81s
  [1/2]  bench  BloomFilterTest                       101 ns/op   0.000 B/op   0.000 allocs/op
  [2/2]  bench  BloomFilterTest                       100 ns/op ±0%   0.000 B/op   0.000 allocs/op    2.11s
  [1/2]  bench  TagCounter                            18.1 ns/op   0.000 B/op   0.000 allocs/op
  [2/2]  bench  TagCounter                            18.5 ns/op ±2%   0.000 B/op   0.000 allocs/op    390ms
