  [1/2]  bench  VoteVerify                            462,863 ns/op   6,752 B/op   63.0 allocs/op
  [2/2]  bench  VoteVerify                            466,736 ns/op ±1%   6,752 B/op   63.0 allocs/op    540ms
  [1/2]  bench  CryptoVerifierVoteVertification       210,934 ns/op   23,624 B/op   69.0 allocs/op
  [2/2]  bench  CryptoVerifierVoteVertification       207,747 ns/op ±2%   23,618 B/op ±0%   69.0 allocs/op    520ms
  [1/2]  bench  CryptoVerifierProposalVertification   279,970 ns/op   11,005 B/op   54.0 allocs/op
  [2/2]  bench  CryptoVerifierProposalVertification   285,349 ns/op ±2%   11,004 B/op ±0%   54.0 allocs/op    540ms
  [1/2]  bench  VoteDecoding                          439 ns/op   1,152 B/op   2.00 allocs/op
  [2/2]  bench  VoteDecoding                          438 ns/op ±0%   1,152 B/op   2.00 allocs/op    780ms
  [1/2]  bench  NoiseSentinelHash                     41,283 ns/op   1,587 MB/s   0.000 B/op   0.000 allocs/op
  [2/2]  bench  NoiseSentinelHash                     41,319 ns/op ±0%   1,586 MB/s ±0%   0.000 B/op   0.000 allocs/op    350ms
  [1/2]  bench  NoiseSentinelLoop                     7,647 ns/op   0.000 B/op   0.000 allocs/op
  [2/2]  bench  NoiseSentinelLoop                     7,647 ns/op   0.000 B/op   0.000 allocs/op    430ms
  [1/2]  bench  FalconVerify                          51,374 ns/op   0.000 B/op   0.000 allocs/op
  [2/2]  bench  FalconVerify                          52,094 ns/op ±1%   0.000 B/op   0.000 allocs/op    490ms
  [1/2]  bench  FalconSign                            9,889,873 ns/op   3,080 B/op   3.00 allocs/op
  [2/2]  bench  FalconSign                            9,895,163 ns/op ±0%   3,080 B/op   3.00 allocs/op    470ms
  [1/2]  bench  MultisigVerify                        187,241 ns/op   2,648 B/op   21.0 allocs/op
  [2/2]  bench  MultisigVerify                        190,426 ns/op ±2%   2,649 B/op ±0%   21.0 allocs/op    380ms
  [1/2]  bench  VrfProve                              167,950 ns/op   224 B/op   5.00 allocs/op
  [2/2]  bench  VrfProve                              172,093 ns/op ±2%   224 B/op   5.00 allocs/op    400ms
  [1/2]  bench  Hash                                  237 ns/op   0.000 B/op   0.000 allocs/op
  [2/2]  bench  Hash                                  237 ns/op ±0%   0.000 B/op   0.000 allocs/op    600ms
  [1/2]  bench  SignVerify                            80,345 ns/op   336 B/op   10.0 allocs/op
  [2/2]  bench  SignVerify                            80,507 ns/op ±0%   336 B/op   10.0 allocs/op    360ms
  [1/2]  bench  Verify25519                           63,776 ns/op   152 B/op   5.00 allocs/op
  [2/2]  bench  Verify25519                           64,129 ns/op ±1%   152 B/op   5.00 allocs/op    480ms
  [1/2]  bench  MerkleSignatureVerify                 100,896 ns/op   9,472 B/op   42.0 allocs/op
  [2/2]  bench  MerkleSignatureVerify                 101,803 ns/op ±1%   9,472 B/op   42.0 allocs/op    560ms
  [1/2]  bench  OneTimeSigBatchVerification/batch=false  193,908 ns/op   783 B/op   17.0 allocs/op
  [2/2]  bench  OneTimeSigBatchVerification/batch=false  193,302 ns/op ±0%   784 B/op ±0%   17.0 allocs/op    640ms
  [1/2]  bench  OneTimeSigBatchVerification/batch=true  193,543 ns/op   783 B/op   17.0 allocs/op
  [2/2]  bench  OneTimeSigBatchVerification/batch=true  193,246 ns/op ±0%   783 B/op   17.0 allocs/op    630ms
  [1/2]  bench  VrfVerify                             223,569 ns/op   176 B/op   3.00 allocs/op
  [2/2]  bench  VrfVerify                             224,480 ns/op ±0%   176 B/op   3.00 allocs/op    720ms
  [1/2]  bench  AppRateLimiter_TxgroupToKeys          19,913 ns/op   3,097 B/op   2.00 allocs/op
  [2/2]  bench  AppRateLimiter_TxgroupToKeys          19,740 ns/op ±1%   3,097 B/op   2.00 allocs/op    780ms
  [1/2]  bench  AddressFormatting                     363 ns/op   128 B/op   2.00 allocs/op
  [2/2]  bench  AddressFormatting                     363 ns/op ±0%   128 B/op   2.00 allocs/op    340ms
  [1/2]  bench  UnmarshalChecksumAddress              862 ns/op   192 B/op   3.00 allocs/op
  [2/2]  bench  UnmarshalChecksumAddress              860 ns/op ±0%   192 B/op   3.00 allocs/op    360ms
  [1/2]  bench  AppendMsgBlockHeader                  60.2 ns/op   16.6 MB/s   0.000 B/op   0.000 allocs/op
  [2/2]  bench  AppendMsgBlockHeader                  60.0 ns/op ±0%   16.7 MB/s ±0%   0.000 B/op   0.000 allocs/op    410ms
  [1/2]  bench  Sortition                             2,107,996 ns/op   2,217 B/op   26.0 allocs/op
  [2/2]  bench  Sortition                             2,131,836 ns/op ±1%   2,219 B/op ±0%   26.0 allocs/op    590ms
  [1/2]  bench  TxnIDs/signed-txn-id                  813 ns/op   0.000 B/op   0.000 allocs/op
  [2/2]  bench  TxnIDs/signed-txn-id                  826 ns/op ±2%   0.000 B/op   0.000 allocs/op    380ms
  [1/2]  bench  TxnIDs/group-id                       19,110 ns/op   2,269 B/op   4.00 allocs/op
  [2/2]  bench  TxnIDs/group-id                       19,216 ns/op ±1%   2,269 B/op   4.00 allocs/op    560ms
  [1/2]  bench  WellFormed/pay                        205 ns/op   0.000 B/op   0.000 allocs/op
  [2/2]  bench  WellFormed/pay                        208 ns/op ±2%   0.000 B/op   0.000 allocs/op    580ms
  [1/2]  bench  WellFormed/axfer                      184 ns/op   0.000 B/op   0.000 allocs/op
  [2/2]  bench  WellFormed/axfer                      184 ns/op ±0%   0.000 B/op   0.000 allocs/op    550ms
  [1/2]  bench  WellFormed/acfg                       173 ns/op   0.000 B/op   0.000 allocs/op
  [2/2]  bench  WellFormed/acfg                       173 ns/op ±0%   0.000 B/op   0.000 allocs/op    530ms
  [1/2]  bench  WellFormed/appl                       213 ns/op   0.000 B/op   0.000 allocs/op
  [2/2]  bench  WellFormed/appl                       214 ns/op ±0%   0.000 B/op   0.000 allocs/op    580ms
  [1/2]  bench  WellFormed/keyreg                     255 ns/op   0.000 B/op   0.000 allocs/op
  [2/2]  bench  WellFormed/keyreg                     255 ns/op ±0%   0.000 B/op   0.000 allocs/op    620ms
  [1/2]  bench  Verify/pop                            57.7 ns/op   3.00 extra/op   6.00 B/op   0.000 allocs/op
  [2/2]  bench  Verify/pop                            58.3 ns/op ±1%   3.00 extra/op   6.00 B/op   0.000 allocs/op    530ms
  [1/2]  bench  Verify/add                            65.1 ns/op   3.00 extra/op   6.00 B/op   0.000 allocs/op
  [2/2]  bench  Verify/add                            62.7 ns/op ±4%   3.00 extra/op   6.00 B/op   0.000 allocs/op    530ms
  [1/2]  bench  Verify/ed25519verify_bare             63,829 ns/op   7.00 extra/op   102 B/op   2.00 allocs/op
  [2/2]  bench  Verify/ed25519verify_bare             63,269 ns/op ±1%   7.00 extra/op   102 B/op   2.00 allocs/op    510ms
  [1/2]  bench  Verify/ecdsa_verify_k1                61,124 ns/op   7.00 extra/op   342 B/op   6.00 allocs/op
  [2/2]  bench  Verify/ecdsa_verify_k1                61,487 ns/op ±1%   7.00 extra/op   342 B/op   6.00 allocs/op    590ms
  [1/2]  bench  Verify/ecdsa_verify_r1                81,320 ns/op   7.00 extra/op   1,273 B/op   26.0 allocs/op
  [2/2]  bench  Verify/ecdsa_verify_r1                81,535 ns/op ±0%   7.00 extra/op   1,273 B/op   26.0 allocs/op    560ms
  [1/2]  bench  Verify/falcon_verify                  51,463 ns/op   7.00 extra/op   2,055 B/op   1.00 allocs/op
  [2/2]  bench  Verify/falcon_verify                  52,253 ns/op ±2%   7.00 extra/op   2,056 B/op ±0%   1.00 allocs/op    830ms
  [1/2]  bench  Verify/vrf_verify                     224,180 ns/op   5.00 extra/op   280 B/op   6.00 allocs/op
  [2/2]  bench  Verify/vrf_verify                     224,284 ns/op ±0%   5.00 extra/op   280 B/op   6.00 allocs/op    540ms
  [1/2]  bench  CheckSignature                        8,925 ns/op   12,320 B/op   9.00 allocs/op
  [2/2]  bench  CheckSignature                        8,957 ns/op ±0%   12,320 B/op   9.00 allocs/op    450ms
  [1/2]  bench  Addx64/add_long_stack                 6,768 ns/op   16,648 B/op   11.0 allocs/op
  [2/2]  bench  Addx64/add_long_stack                 6,945 ns/op ±3%   16,648 B/op   11.0 allocs/op    430ms
  [1/2]  bench  Addx64/add_small_stack                5,925 ns/op   13,192 B/op   9.00 allocs/op
  [2/2]  bench  Addx64/add_small_stack                5,993 ns/op ±1%   13,192 B/op   9.00 allocs/op    430ms
  [1/2]  bench  NopPassx1                             3,135 ns/op   13,192 B/op   9.00 allocs/op
  [2/2]  bench  NopPassx1                             3,172 ns/op ±1%   13,192 B/op   9.00 allocs/op    380ms
  [1/2]  bench  Checkx5                               142,470 ns/op   105,100 B/op   950 allocs/op
  [2/2]  bench  Checkx5                               142,015 ns/op ±0%   105,100 B/op   950 allocs/op    360ms
  [1/2]  bench  AppendMsgSignedTxn                    138 ns/op   7.27 MB/s   0.000 B/op   0.000 allocs/op
  [2/2]  bench  AppendMsgSignedTxn                    138 ns/op ±0%   7.28 MB/s ±0%   0.000 B/op   0.000 allocs/op    500ms
  [1/2]  bench  TinyMan/eval-lsig-signature           20,706 ns/op   36,680 B/op   86.0 allocs/op
  [2/2]  bench  TinyMan/eval-lsig-signature           20,569 ns/op ±1%   36,680 B/op   86.0 allocs/op    570ms
  [1/2]  bench  TinyMan/group-check-actual            181,506 ns/op   80,576 B/op   136 allocs/op
  [2/2]  bench  TinyMan/group-check-actual            182,142 ns/op ±0%   80,576 B/op   136 allocs/op    1.32s
  [1/2]  bench  TinyMan/group-check-all-crypto        263,597 ns/op   33,884 B/op   37.0 allocs/op
  [2/2]  bench  TinyMan/group-check-all-crypto        263,925 ns/op ±0%   33,882 B/op ±0%   37.0 allocs/op    370ms
  [1/2]  bench  LogicSigSanityCheck                   11,462 ns/op   15,112 B/op   15.0 allocs/op
  [2/2]  bench  LogicSigSanityCheck                   11,632 ns/op ±1%   15,112 B/op   15.0 allocs/op    480ms
  [1/2]  bench  PaysetGroups                          34,293 ns/op   12,480 B/op   8.00 allocs/op
  [2/2]  bench  PaysetGroups                          34,111 ns/op ±1%   12,412 B/op ±1%   8.00 allocs/op    750ms
  [1/2]  bench  Txn                                   69,357 ns/op   9,426 B/op   12.0 allocs/op
  [2/2]  bench  Txn                                   69,535 ns/op ±0%   9,425 B/op ±0%   12.0 allocs/op    1.07s
  [1/2]  bench  TxHandlerProcessing/processDecoded    15,187 ns/op   3,760 B/op   32.0 allocs/op
  [2/2]  bench  TxHandlerProcessing/processDecoded    15,021 ns/op ±1%   3,760 B/op   32.0 allocs/op    1.25s
  [1/2]  bench  TxHandlerProcessing/verify.TxnGroup   70,379 ns/op   11,328 B/op   16.0 allocs/op
  [2/2]  bench  TxHandlerProcessing/verify.TxnGroup   70,094 ns/op ±0%   11,328 B/op   16.0 allocs/op    510ms
  [1/2]  bench  TxHandlerDecoderMsgp                  20,006,482 ns/op   10,642,561 B/op   9,376 allocs/op
  [2/2]  bench  TxHandlerDecoderMsgp                  20,560,366 ns/op ±3%   10,997,313 B/op ±3%   9,689 allocs/op ±3%    1.23s
  [1/2]  bench  CompactDeltas/account-deltas          2,108,547 ns/op   4,096,358 B/op   0.000 allocs/op
  [2/2]  bench  CompactDeltas/account-deltas          2,164,319 ns/op ±3%   4,096,358 B/op   0.000 allocs/op    2.82s
  [1/2]  bench  CompactResourceDeltas                 6,532,149 ns/op   9,416,283 B/op   16.0 allocs/op
  [2/2]  bench  CompactResourceDeltas                 6,557,454 ns/op ±0%   9,416,238 B/op ±0%   16.0 allocs/op    470ms
  [1/2]  bench  TxTailCheckDup/hit                    85.5 ns/op   48.0 B/op   1.00 allocs/op
  [2/2]  bench  TxTailCheckDup/hit                    85.6 ns/op ±0%   48.0 B/op   1.00 allocs/op    440ms
  [1/2]  bench  TxTailCheckDup/miss                   43.2 ns/op   0.000 B/op   0.000 allocs/op
  [2/2]  bench  TxTailCheckDup/miss                   43.2 ns/op ±0%   0.000 B/op   0.000 allocs/op    410ms
  [1/2]  bench  CowChild                              54.9 ns/op   0.000 B/op   0.000 allocs/op
  [2/2]  bench  CowChild                              54.9 ns/op ±0%   0.000 B/op   0.000 allocs/op    420ms
  [1/2]  bench  PrefetcherApps                        211 ns/op   224 B/op   0.000 allocs/op
  [2/2]  bench  PrefetcherApps                        212 ns/op ±0%   221 B/op ±2%   0.000 allocs/op    2.6s
  [1/2]  bench  PrefetcherPayment                     385 ns/op   224 B/op   0.000 allocs/op
  [2/2]  bench  PrefetcherPayment                     392 ns/op ±2%   224 B/op   0.000 allocs/op    750ms
  [1/2]  bench  BlockEvaluatorRAMNoCrypto             653,913,518 ns/op   13,080 ns/eval_validate_tx   544,879,020 B/op   1,543,506 allocs/op
  [2/2]  bench  BlockEvaluatorRAMNoCrypto             658,126,895 ns/op ±1%   13,165 ns/eval_validate_tx ±1%   544,854,730 B/op ±0%   1,543,037 allocs/op ±0%    11.47s
  [1/2]  bench  BlockValidationMix                    2,474,090,175 ns/op   1,767,213,272 B/op   7,597,835 allocs/op
  [2/2]  bench  BlockValidationMix                    2,400,215,837 ns/op ±3%   1,770,163,964 B/op ±0%   7,608,342 allocs/op ±0%    11.78s
  [1/2]  bench  AppInt1                               815,916,383 ns/op   1,742,039,984 B/op   2,584,006 allocs/op
  [2/2]  bench  AppInt1                               810,753,569 ns/op ±1%   1,741,979,868 B/op ±0%   2,583,984 allocs/op ±0%    1.87s
  [1/2]  bench  AccountDeltasOps/upsert               688,140 ns/op   3,489,880 B/op   4.00 allocs/op
  [2/2]  bench  AccountDeltasOps/upsert               688,662 ns/op ±0%   3,489,880 B/op   4.00 allocs/op    430ms
  [1/2]  bench  AccountDeltasOps/merge                774,295 ns/op   829,267 B/op   165 allocs/op
  [2/2]  bench  AccountDeltasOps/merge                756,619 ns/op ±2%   829,243 B/op ±0%   165 allocs/op    750ms
  [1/2]  bench  AccountDeltasOps/optimize             112,222 ns/op   442,586 B/op   9.00 allocs/op
  [2/2]  bench  AccountDeltasOps/optimize             108,691 ns/op ±3%   442,538 B/op ±0%   8.00 allocs/op ±12%    470ms
  [1/2]  bench  MakeStateDelta                        1,677,723 ns/op   20,496,534 B/op   7.00 allocs/op
  [2/2]  bench  MakeStateDelta                        1,622,501 ns/op ±3%   20,496,535 B/op ±0%   7.00 allocs/op    490ms
  [1/2]  bench  OnlineAccountsCacheRead320            3,374,966 ns/op   705,555 B/op   4,021 allocs/op
  [2/2]  bench  OnlineAccountsCacheRead320            3,331,905 ns/op ±1%   705,553 B/op ±0%   4,021 allocs/op    330ms
  [1/2]  bench  MessageFilterCheck/hit                6,099 ns/op   1,248 B/op   9.00 allocs/op
  [2/2]  bench  MessageFilterCheck/hit                6,096 ns/op ±0%   1,248 B/op   9.00 allocs/op    420ms
  [1/2]  bench  MessageFilterCheck/miss               6,048 ns/op   1,248 B/op   9.00 allocs/op
  [2/2]  bench  MessageFilterCheck/miss               6,127 ns/op ±1%   1,248 B/op   9.00 allocs/op    410ms
  [1/2]  bench  GenerateMessageDigest                 505 ns/op   0.000 B/op   0.000 allocs/op
  [2/2]  bench  GenerateMessageDigest                 504 ns/op ±0%   0.000 B/op   0.000 allocs/op    360ms
  [1/2]  bench  VpackVote/compress                    332 ns/op   1,890 MB/s   0.000 B/op   0.000 allocs/op
  [2/2]  bench  VpackVote/compress                    332 ns/op ±0%   1,890 MB/s ±0%   0.000 B/op   0.000 allocs/op    330ms
  [1/2]  bench  VpackVote/decompress                  123 ns/op   3,837 MB/s   0.000 B/op   0.000 allocs/op
  [2/2]  bench  VpackVote/decompress                  123 ns/op ±0%   3,852 MB/s ±0%   0.000 B/op   0.000 allocs/op    480ms
  [1/2]  bench  BloomFilterSet                        103 ns/op   0.000 B/op   0.000 allocs/op
  [2/2]  bench  BloomFilterSet                        102 ns/op ±0%   0.000 B/op   0.000 allocs/op    1.81s
  [1/2]  bench  BloomFilterTest                       100 ns/op   0.000 B/op   0.000 allocs/op
  [2/2]  bench  BloomFilterTest                       99.9 ns/op ±0%   0.000 B/op   0.000 allocs/op    2.11s
  [1/2]  bench  TagCounter                            17.3 ns/op   0.000 B/op   0.000 allocs/op
  [2/2]  bench  TagCounter                            17.5 ns/op ±1%   0.000 B/op   0.000 allocs/op    360ms
