  [1/2]  bench  VoteVerify                            458,387 ns/op   6,753 B/op   63.0 allocs/op
  [2/2]  bench  VoteVerify                            468,007 ns/op ±2%   6,753 B/op ±0%   63.0 allocs/op    570ms
  [1/2]  bench  CryptoVerifierVoteVertification       207,923 ns/op   23,620 B/op   69.0 allocs/op
  [2/2]  bench  CryptoVerifierVoteVertification       209,749 ns/op ±1%   23,619 B/op ±0%   69.0 allocs/op    530ms
  [1/2]  bench  CryptoVerifierProposalVertification   286,630 ns/op   11,004 B/op   54.0 allocs/op
  [2/2]  bench  CryptoVerifierProposalVertification   283,817 ns/op ±1%   11,003 B/op ±0%   54.0 allocs/op    540ms
  [1/2]  bench  VoteDecoding                          433 ns/op   1,152 B/op   2.00 allocs/op
  [2/2]  bench  VoteDecoding                          438 ns/op ±1%   1,152 B/op   2.00 allocs/op    780ms
  [1/2]  bench  NoiseSentinelHash                     41,303 ns/op   1,587 MB/s   0.000 B/op   0.000 allocs/op
  [2/2]  bench  NoiseSentinelHash                     41,293 ns/op ±0%   1,587 MB/s ±0%   0.000 B/op   0.000 allocs/op    360ms
  [1/2]  bench  NoiseSentinelLoop                     7,645 ns/op   0.000 B/op   0.000 allocs/op
  [2/2]  bench  NoiseSentinelLoop                     7,734 ns/op ±1%   0.000 B/op   0.000 allocs/op    440ms
  [1/2]  bench  FalconVerify                          51,388 ns/op   0.000 B/op   0.000 allocs/op
  [2/2]  bench  FalconVerify                          52,527 ns/op ±2%   0.000 B/op   0.000 allocs/op    530ms
  [1/2]  bench  FalconSign                            9,922,507 ns/op   3,080 B/op   3.00 allocs/op
  [2/2]  bench  FalconSign                            9,904,275 ns/op ±0%   3,080 B/op   3.00 allocs/op    470ms
  [1/2]  bench  MultisigVerify                        187,196 ns/op   2,650 B/op   21.0 allocs/op
  [2/2]  bench  MultisigVerify                        187,398 ns/op ±0%   2,649 B/op ±0%   21.0 allocs/op    370ms
  [1/2]  bench  VrfProve                              167,782 ns/op   224 B/op   5.00 allocs/op
  [2/2]  bench  VrfProve                              167,604 ns/op ±0%   224 B/op   5.00 allocs/op    370ms
  [1/2]  bench  Hash                                  237 ns/op   0.000 B/op   0.000 allocs/op
  [2/2]  bench  Hash                                  237 ns/op ±0%   0.000 B/op   0.000 allocs/op    600ms
  [1/2]  bench  SignVerify                            80,840 ns/op   336 B/op   10.0 allocs/op
  [2/2]  bench  SignVerify                            81,065 ns/op ±0%   336 B/op   10.0 allocs/op    360ms
  [1/2]  bench  Verify25519                           67,046 ns/op   152 B/op   5.00 allocs/op
  [2/2]  bench  Verify25519                           65,452 ns/op ±2%   152 B/op   5.00 allocs/op    470ms
  [1/2]  bench  MerkleSignatureVerify                 100,629 ns/op   9,472 B/op   42.0 allocs/op
  [2/2]  bench  MerkleSignatureVerify                 101,396 ns/op ±1%   9,472 B/op   42.0 allocs/op    650ms
  [1/2]  bench  OneTimeSigBatchVerification/batch=false  193,958 ns/op   784 B/op   17.0 allocs/op
  [2/2]  bench  OneTimeSigBatchVerification/batch=false  194,297 ns/op ±0%   784 B/op   17.0 allocs/op    640ms
  [1/2]  bench  OneTimeSigBatchVerification/batch=true  206,191 ns/op   783 B/op   17.0 allocs/op
  [2/2]  bench  OneTimeSigBatchVerification/batch=true  201,294 ns/op ±2%   784 B/op ±0%   17.0 allocs/op    640ms
  [1/2]  bench  VrfVerify                             226,600 ns/op   176 B/op   3.00 allocs/op
  [2/2]  bench  VrfVerify                             224,740 ns/op ±1%   176 B/op   3.00 allocs/op    700ms
  [1/2]  bench  AppRateLimiter_TxgroupToKeys          20,220 ns/op   3,097 B/op   2.00 allocs/op
  [2/2]  bench  AppRateLimiter_TxgroupToKeys          19,957 ns/op ±1%   3,097 B/op   2.00 allocs/op    780ms
  [1/2]  bench  AddressFormatting                     367 ns/op   128 B/op   2.00 allocs/op
  [2/2]  bench  AddressFormatting                     367 ns/op ±0%   128 B/op   2.00 allocs/op    340ms
  [1/2]  bench  UnmarshalChecksumAddress              865 ns/op   192 B/op   3.00 allocs/op
  [2/2]  bench  UnmarshalChecksumAddress              865 ns/op ±0%   192 B/op   3.00 allocs/op    360ms
  [1/2]  bench  AppendMsgBlockHeader                  60.4 ns/op   16.6 MB/s   0.000 B/op   0.000 allocs/op
  [2/2]  bench  AppendMsgBlockHeader                  60.4 ns/op ±0%   16.6 MB/s ±0%   0.000 B/op   0.000 allocs/op    420ms
  [1/2]  bench  Sortition                             2,124,684 ns/op   2,217 B/op   26.0 allocs/op
  [2/2]  bench  Sortition                             2,142,225 ns/op ±1%   2,217 B/op   26.0 allocs/op    590ms
  [1/2]  bench  TxnIDs/signed-txn-id                  811 ns/op   0.000 B/op   0.000 allocs/op
  [2/2]  bench  TxnIDs/signed-txn-id                  811 ns/op ±0%   0.000 B/op   0.000 allocs/op    370ms
  [1/2]  bench  TxnIDs/group-id                       19,318 ns/op   2,271 B/op   4.00 allocs/op
  [2/2]  bench  TxnIDs/group-id                       19,350 ns/op ±0%   2,271 B/op   4.00 allocs/op    560ms
  [1/2]  bench  WellFormed/pay                        209 ns/op   0.000 B/op   0.000 allocs/op
  [2/2]  bench  WellFormed/pay                        208 ns/op ±0%   0.000 B/op   0.000 allocs/op    570ms
  [1/2]  bench  WellFormed/axfer                      185 ns/op   0.000 B/op   0.000 allocs/op
  [2/2]  bench  WellFormed/axfer                      185 ns/op ±0%   0.000 B/op   0.000 allocs/op    550ms
  [1/2]  bench  WellFormed/acfg                       187 ns/op   0.000 B/op   0.000 allocs/op
  [2/2]  bench  WellFormed/acfg                       180 ns/op ±4%   0.000 B/op   0.000 allocs/op    540ms
  [1/2]  bench  WellFormed/appl                       215 ns/op   0.000 B/op   0.000 allocs/op
  [2/2]  bench  WellFormed/appl                       215 ns/op ±0%   0.000 B/op   0.000 allocs/op    570ms
  [1/2]  bench  WellFormed/keyreg                     254 ns/op   0.000 B/op   0.000 allocs/op
  [2/2]  bench  WellFormed/keyreg                     255 ns/op ±0%   0.000 B/op   0.000 allocs/op    620ms
  [1/2]  bench  Verify/pop                            57.8 ns/op   3.00 extra/op   6.00 B/op   0.000 allocs/op
  [2/2]  bench  Verify/pop                            57.9 ns/op ±0%   3.00 extra/op   6.00 B/op   0.000 allocs/op    520ms
  [1/2]  bench  Verify/add                            60.4 ns/op   3.00 extra/op   6.00 B/op   0.000 allocs/op
  [2/2]  bench  Verify/add                            60.5 ns/op ±0%   3.00 extra/op   6.00 B/op   0.000 allocs/op    530ms
  [1/2]  bench  Verify/ed25519verify_bare             63,477 ns/op   7.00 extra/op   102 B/op   2.00 allocs/op
  [2/2]  bench  Verify/ed25519verify_bare             62,714 ns/op ±1%   7.00 extra/op   102 B/op   2.00 allocs/op    520ms
  [1/2]  bench  Verify/ecdsa_verify_k1                60,957 ns/op   7.00 extra/op   342 B/op   6.00 allocs/op
  [2/2]  bench  Verify/ecdsa_verify_k1                61,578 ns/op ±1%   7.00 extra/op   342 B/op   6.00 allocs/op    600ms
  [1/2]  bench  Verify/ecdsa_verify_r1                81,763 ns/op   7.00 extra/op   1,273 B/op   26.0 allocs/op
  [2/2]  bench  Verify/ecdsa_verify_r1                81,966 ns/op ±0%   7.00 extra/op   1,273 B/op   26.0 allocs/op    560ms
  [1/2]  bench  Verify/falcon_verify                  54,650 ns/op   7.00 extra/op   2,056 B/op   1.00 allocs/op
  [2/2]  bench  Verify/falcon_verify                  53,235 ns/op ±3%   7.00 extra/op   2,056 B/op ±0%   1.00 allocs/op    940ms
  [1/2]  bench  Verify/vrf_verify                     223,806 ns/op   5.00 extra/op   280 B/op   6.00 allocs/op
  [2/2]  bench  Verify/vrf_verify                     223,406 ns/op ±0%   5.00 extra/op   280 B/op   6.00 allocs/op    540ms
  [1/2]  bench  CheckSignature                        9,345 ns/op   12,320 B/op   9.00 allocs/op
  [2/2]  bench  CheckSignature                        9,388 ns/op ±0%   12,320 B/op   9.00 allocs/op    450ms
  [1/2]  bench  Addx64/add_long_stack                 6,939 ns/op   16,648 B/op   11.0 allocs/op
  [2/2]  bench  Addx64/add_long_stack                 7,010 ns/op ±1%   16,648 B/op   11.0 allocs/op    430ms
  [1/2]  bench  Addx64/add_small_stack                6,293 ns/op   13,192 B/op   9.00 allocs/op
  [2/2]  bench  Addx64/add_small_stack                6,257 ns/op ±1%   13,192 B/op   9.00 allocs/op    410ms
  [1/2]  bench  NopPassx1                             3,131 ns/op   13,192 B/op   9.00 allocs/op
  [2/2]  bench  NopPassx1                             3,190 ns/op ±2%   13,192 B/op   9.00 allocs/op    370ms
  [1/2]  bench  Checkx5                               147,478 ns/op   105,100 B/op   950 allocs/op
  [2/2]  bench  Checkx5                               147,523 ns/op ±0%   105,100 B/op   950 allocs/op    370ms
  [1/2]  bench  AppendMsgSignedTxn                    138 ns/op   7.27 MB/s   0.000 B/op   0.000 allocs/op
  [2/2]  bench  AppendMsgSignedTxn                    137 ns/op ±0%   7.28 MB/s ±0%   0.000 B/op   0.000 allocs/op    500ms
  [1/2]  bench  TinyMan/eval-lsig-signature           21,206 ns/op   36,680 B/op   86.0 allocs/op
  [2/2]  bench  TinyMan/eval-lsig-signature           21,273 ns/op ±0%   36,680 B/op   86.0 allocs/op    580ms
  [1/2]  bench  TinyMan/group-check-actual            178,520 ns/op   80,576 B/op   136 allocs/op
  [2/2]  bench  TinyMan/group-check-actual            178,649 ns/op ±0%   80,576 B/op   136 allocs/op    1.39s
  [1/2]  bench  TinyMan/group-check-all-crypto        264,672 ns/op   33,884 B/op   37.0 allocs/op
  [2/2]  bench  TinyMan/group-check-all-crypto        266,703 ns/op ±1%   33,882 B/op ±0%   37.0 allocs/op    370ms
  [1/2]  bench  LogicSigSanityCheck                   11,792 ns/op   15,112 B/op   15.0 allocs/op
  [2/2]  bench  LogicSigSanityCheck                   11,875 ns/op ±1%   15,112 B/op   15.0 allocs/op    480ms
  [1/2]  bench  PaysetGroups                          34,324 ns/op   12,482 B/op   8.00 allocs/op
  [2/2]  bench  PaysetGroups                          34,451 ns/op ±0%   12,400 B/op ±1%   8.00 allocs/op    800ms
  [1/2]  bench  Txn                                   69,176 ns/op   9,427 B/op   12.0 allocs/op
  [2/2]  bench  Txn                                   69,116 ns/op ±0%   9,430 B/op ±0%   12.0 allocs/op    1.07s
  [1/2]  bench  TxHandlerProcessing/processDecoded    18,966 ns/op   3,760 B/op   32.0 allocs/op
  [2/2]  bench  TxHandlerProcessing/processDecoded    17,150 ns/op ±11%   3,760 B/op   32.0 allocs/op    2.13s
  [1/2]  bench  TxHandlerProcessing/verify.TxnGroup   68,640 ns/op   11,328 B/op   16.0 allocs/op
  [2/2]  bench  TxHandlerProcessing/verify.TxnGroup   69,135 ns/op ±1%   11,328 B/op   16.0 allocs/op    500ms
  [1/2]  bench  TxHandlerDecoderMsgp                  22,187,419 ns/op   12,162,924 B/op   10,715 allocs/op
  [2/2]  bench  TxHandlerDecoderMsgp                  22,245,696 ns/op ±0%   12,162,926 B/op ±0%   10,715 allocs/op    1.26s
  [1/2]  bench  CompactDeltas/account-deltas          2,215,364 ns/op   4,096,358 B/op   0.000 allocs/op
  [2/2]  bench  CompactDeltas/account-deltas          2,276,164 ns/op ±3%   4,096,358 B/op   0.000 allocs/op    2.87s
  [1/2]  bench  CompactResourceDeltas                 6,834,464 ns/op   9,415,475 B/op   14.0 allocs/op
  [2/2]  bench  CompactResourceDeltas                 6,850,446 ns/op ±0%   9,415,486 B/op ±0%   14.0 allocs/op    470ms
  [1/2]  bench  TxTailCheckDup/hit                    82.3 ns/op   48.0 B/op   1.00 allocs/op
  [2/2]  bench  TxTailCheckDup/hit                    81.8 ns/op ±1%   48.0 B/op   1.00 allocs/op    440ms
  [1/2]  bench  TxTailCheckDup/miss                   47.9 ns/op   0.000 B/op   0.000 allocs/op
  [2/2]  bench  TxTailCheckDup/miss                   48.1 ns/op ±0%   0.000 B/op   0.000 allocs/op    410ms
  [1/2]  bench  CowChild                              55.1 ns/op   0.000 B/op   0.000 allocs/op
  [2/2]  bench  CowChild                              55.3 ns/op ±0%   0.000 B/op   0.000 allocs/op    410ms
  [1/2]  bench  PrefetcherApps                        285 ns/op   217 B/op   0.000 allocs/op
  [2/2]  bench  PrefetcherApps                        250 ns/op ±14%   212 B/op ±2%   0.000 allocs/op    1.73s
  [1/2]  bench  PrefetcherPayment                     399 ns/op   224 B/op   0.000 allocs/op
  [2/2]  bench  PrefetcherPayment                     391 ns/op ±2%   224 B/op   0.000 allocs/op    710ms
  [1/2]  bench  BlockEvaluatorRAMNoCrypto             636,307,481 ns/op   12,728 ns/eval_validate_tx   544,563,232 B/op   1,545,349 allocs/op
  [2/2]  bench  BlockEvaluatorRAMNoCrypto             630,268,587 ns/op ±1%   12,607 ns/eval_validate_tx ±1%   544,775,946 B/op ±0%   1,544,540 allocs/op ±0%    11.18s
  [1/2]  bench  BlockValidationMix                    2,236,780,922 ns/op   1,770,454,120 B/op   7,607,903 allocs/op
  [2/2]  bench  BlockValidationMix                    2,265,751,395 ns/op ±1%   1,771,256,568 B/op ±0%   7,613,079 allocs/op ±0%    11.48s
  [1/2]  bench  AppInt1                               795,098,688 ns/op   1,742,005,672 B/op   2,583,950 allocs/op
  [2/2]  bench  AppInt1                               789,048,697 ns/op ±1%   1,741,933,412 B/op ±0%   2,583,914 allocs/op ±0%    1.84s
  [1/2]  bench  AccountDeltasOps/upsert               685,762 ns/op   3,489,878 B/op   4.00 allocs/op
  [2/2]  bench  AccountDeltasOps/upsert               676,474 ns/op ±1%   3,489,879 B/op ±0%   4.00 allocs/op    420ms
  [1/2]  bench  AccountDeltasOps/merge                724,608 ns/op   829,210 B/op   165 allocs/op
  [2/2]  bench  AccountDeltasOps/merge                710,418 ns/op ±2%   829,255 B/op ±0%   165 allocs/op ±0%    760ms
  [1/2]  bench  AccountDeltasOps/optimize             104,550 ns/op   442,586 B/op   9.00 allocs/op
  [2/2]  bench  AccountDeltasOps/optimize             103,433 ns/op ±1%   442,586 B/op ±0%   9.00 allocs/op    520ms
  [1/2]  bench  MakeStateDelta                        1,381,561 ns/op   20,496,534 B/op   7.00 allocs/op
  [2/2]  bench  MakeStateDelta                        1,390,040 ns/op ±1%   20,496,535 B/op ±0%   7.00 allocs/op    500ms
  [1/2]  bench  OnlineAccountsCacheRead320            3,005,563 ns/op   705,558 B/op   4,021 allocs/op
  [2/2]  bench  OnlineAccountsCacheRead320            2,965,562 ns/op ±1%   639,589 B/op ±10%   3,645 allocs/op ±10%    950ms
  [1/2]  bench  MessageFilterCheck/hit                5,958 ns/op   1,248 B/op   9.00 allocs/op
  [2/2]  bench  MessageFilterCheck/hit                6,009 ns/op ±1%   1,248 B/op   9.00 allocs/op    410ms
  [1/2]  bench  MessageFilterCheck/miss               5,937 ns/op   1,248 B/op   9.00 allocs/op
  [2/2]  bench  MessageFilterCheck/miss               5,991 ns/op ±1%   1,248 B/op   9.00 allocs/op    390ms
  [1/2]  bench  GenerateMessageDigest                 505 ns/op   0.000 B/op   0.000 allocs/op
  [2/2]  bench  GenerateMessageDigest                 504 ns/op ±0%   0.000 B/op   0.000 allocs/op    360ms
  [1/2]  bench  VpackVote/compress                    334 ns/op   1,878 MB/s   0.000 B/op   0.000 allocs/op
  [2/2]  bench  VpackVote/compress                    342 ns/op ±2%   1,836 MB/s ±2%   0.000 B/op   0.000 allocs/op    350ms
  [1/2]  bench  VpackVote/decompress                  122 ns/op   3,867 MB/s   0.000 B/op   0.000 allocs/op
  [2/2]  bench  VpackVote/decompress                  122 ns/op ±0%   3,865 MB/s ±0%   0.000 B/op   0.000 allocs/op    480ms
  [1/2]  bench  BloomFilterSet                        103 ns/op   0.000 B/op   0.000 allocs/op
  [2/2]  bench  BloomFilterSet                        103 ns/op ±0%   0.000 B/op   0.000 allocs/op    1.82s
  [1/2]  bench  BloomFilterTest                       101 ns/op   0.000 B/op   0.000 allocs/op
  [2/2]  bench  BloomFilterTest                       100 ns/op ±0%   0.000 B/op   0.000 allocs/op    2.12s
  [1/2]  bench  TagCounter                            17.6 ns/op   0.000 B/op   0.000 allocs/op
  [2/2]  bench  TagCounter                            17.7 ns/op ±1%   0.000 B/op   0.000 allocs/op    370ms
