  [1/2]  bench  VoteVerify                            509,140 ns/op   6,752 B/op   63.0 allocs/op
  [2/2]  bench  VoteVerify                            496,206 ns/op ±3%   6,752 B/op   63.0 allocs/op    560ms
  [1/2]  bench  CryptoVerifierVoteVertification       217,252 ns/op   23,877 B/op   69.0 allocs/op
  [2/2]  bench  CryptoVerifierVoteVertification       213,995 ns/op ±2%   23,873 B/op ±0%   69.0 allocs/op    510ms
  [1/2]  bench  CryptoVerifierProposalVertification   284,842 ns/op   12,346 B/op   54.0 allocs/op
  [2/2]  bench  CryptoVerifierProposalVertification   283,459 ns/op ±0%   12,346 B/op   54.0 allocs/op    560ms
  [1/2]  bench  VoteDecoding                          438 ns/op   1,152 B/op   2.00 allocs/op
  [2/2]  bench  VoteDecoding                          438 ns/op ±0%   1,152 B/op   2.00 allocs/op    800ms
  [1/2]  bench  NoiseSentinelHash                     41,257 ns/op   1,588 MB/s   0.000 B/op   0.000 allocs/op
  [2/2]  bench  NoiseSentinelHash                     41,253 ns/op ±0%   1,589 MB/s ±0%   0.000 B/op   0.000 allocs/op    360ms
  [1/2]  bench  NoiseSentinelLoop                     7,645 ns/op   0.000 B/op   0.000 allocs/op
  [2/2]  bench  NoiseSentinelLoop                     7,642 ns/op ±0%   0.000 B/op   0.000 allocs/op    430ms
  [1/2]  bench  FalconVerify                          53,722 ns/op   0.000 B/op   0.000 allocs/op
  [2/2]  bench  FalconVerify                          53,067 ns/op ±1%   0.000 B/op   0.000 allocs/op    530ms
  [1/2]  bench  FalconSign                            9,887,376 ns/op   3,080 B/op   3.00 allocs/op
  [2/2]  bench  FalconSign                            9,917,672 ns/op ±0%   3,080 B/op   3.00 allocs/op    470ms
  [1/2]  bench  MultisigVerify                        191,227 ns/op   2,650 B/op   21.0 allocs/op
  [2/2]  bench  MultisigVerify                        191,255 ns/op ±0%   2,649 B/op ±0%   21.0 allocs/op    380ms
  [1/2]  bench  VrfProve                              168,973 ns/op   224 B/op   5.00 allocs/op
  [2/2]  bench  VrfProve                              169,102 ns/op ±0%   224 B/op   5.00 allocs/op    380ms
  [1/2]  bench  Hash                                  238 ns/op   0.000 B/op   0.000 allocs/op
  [2/2]  bench  Hash                                  238 ns/op ±0%   0.000 B/op   0.000 allocs/op    600ms
  [1/2]  bench  SignVerify                            82,799 ns/op   336 B/op   10.0 allocs/op
  [2/2]  bench  SignVerify                            83,076 ns/op ±0%   336 B/op   10.0 allocs/op    370ms
  [1/2]  bench  Verify25519                           63,743 ns/op   152 B/op   5.00 allocs/op
  [2/2]  bench  Verify25519                           64,013 ns/op ±0%   152 B/op   5.00 allocs/op    450ms
  [1/2]  bench  MerkleSignatureVerify                 103,826 ns/op   9,473 B/op   42.0 allocs/op
  [2/2]  bench  MerkleSignatureVerify                 103,542 ns/op ±0%   9,473 B/op ±0%   42.0 allocs/op    610ms
  [1/2]  bench  OneTimeSigBatchVerification/batch=false  202,562 ns/op   787 B/op   17.0 allocs/op
  [2/2]  bench  OneTimeSigBatchVerification/batch=false  199,661 ns/op ±1%   785 B/op ±0%   17.0 allocs/op    640ms
  [1/2]  bench  OneTimeSigBatchVerification/batch=true  192,213 ns/op   783 B/op   17.0 allocs/op
  [2/2]  bench  OneTimeSigBatchVerification/batch=true  193,127 ns/op ±0%   784 B/op ±0%   17.0 allocs/op    630ms
  [1/2]  bench  VrfVerify                             223,254 ns/op   176 B/op   3.00 allocs/op
  [2/2]  bench  VrfVerify                             229,281 ns/op ±3%   176 B/op   3.00 allocs/op    710ms
  [1/2]  bench  AppRateLimiter_TxgroupToKeys          19,039 ns/op   3,097 B/op   2.00 allocs/op
  [2/2]  bench  AppRateLimiter_TxgroupToKeys          18,783 ns/op ±1%   3,097 B/op   2.00 allocs/op    750ms
  [1/2]  bench  AddressFormatting                     350 ns/op   128 B/op   2.00 allocs/op
  [2/2]  bench  AddressFormatting                     352 ns/op ±1%   128 B/op   2.00 allocs/op    350ms
  [1/2]  bench  UnmarshalChecksumAddress              851 ns/op   192 B/op   3.00 allocs/op
  [2/2]  bench  UnmarshalChecksumAddress              852 ns/op ±0%   192 B/op   3.00 allocs/op    350ms
  [1/2]  bench  CodecRealistic/encode-signed-pay      955 ns/op   2,688 B/op   1.00 allocs/op
  [2/2]  bench  CodecRealistic/encode-signed-pay      947 ns/op ±1%   2,688 B/op   1.00 allocs/op    320ms
  [1/2]  bench  CodecRealistic/decode-signed-pay      312 ns/op   64.0 B/op   3.00 allocs/op
  [2/2]  bench  CodecRealistic/decode-signed-pay      313 ns/op ±0%   64.0 B/op   3.00 allocs/op    310ms
  [1/2]  bench  CodecRealistic/encode-signed-appl     1,086 ns/op   3,072 B/op   1.00 allocs/op
  [2/2]  bench  CodecRealistic/encode-signed-appl     1,081 ns/op ±0%   3,072 B/op   1.00 allocs/op    340ms
  [1/2]  bench  CodecRealistic/decode-signed-appl     848 ns/op   376 B/op   13.0 allocs/op
  [2/2]  bench  CodecRealistic/decode-signed-appl     916 ns/op ±7%   376 B/op   13.0 allocs/op    370ms
  [1/2]  bench  CodecRealistic/encode-block-header    953 ns/op   1,824 B/op   3.00 allocs/op
  [2/2]  bench  CodecRealistic/encode-block-header    941 ns/op ±1%   1,824 B/op   3.00 allocs/op    320ms
  [1/2]  bench  CodecRealistic/decode-block-header    1,030 ns/op   720 B/op   9.00 allocs/op
  [2/2]  bench  CodecRealistic/decode-block-header    1,027 ns/op ±0%   720 B/op   9.00 allocs/op    320ms
  [1/2]  bench  HashObj/txn                           1,720 ns/op   3,936 B/op   3.00 allocs/op
  [2/2]  bench  HashObj/txn                           1,729 ns/op ±0%   3,936 B/op   3.00 allocs/op    360ms
  [1/2]  bench  HashObj/block-header                  3,081 ns/op   3,488 B/op   5.00 allocs/op
  [2/2]  bench  HashObj/block-header                  3,087 ns/op ±0%   3,488 B/op   5.00 allocs/op    370ms
  [1/2]  bench  AppendMsgBlockHeader                  64.1 ns/op   15.6 MB/s   0.000 B/op   0.000 allocs/op
  [2/2]  bench  AppendMsgBlockHeader                  64.0 ns/op ±0%   15.6 MB/s ±0%   0.000 B/op   0.000 allocs/op    420ms
  [1/2]  bench  Sortition                             2,110,333 ns/op   2,217 B/op   26.0 allocs/op
  [2/2]  bench  Sortition                             2,116,446 ns/op ±0%   2,220 B/op ±0%   26.0 allocs/op    590ms
  [1/2]  bench  TxnIDs/signed-txn-id                  816 ns/op   0.000 B/op   0.000 allocs/op
  [2/2]  bench  TxnIDs/signed-txn-id                  816 ns/op ±0%   0.000 B/op   0.000 allocs/op    370ms
  [1/2]  bench  TxnIDs/group-id                       19,389 ns/op   2,267 B/op   4.00 allocs/op
  [2/2]  bench  TxnIDs/group-id                       20,172 ns/op ±4%   2,269 B/op ±0%   4.00 allocs/op    580ms
  [1/2]  bench  WellFormed/pay                        210 ns/op   0.000 B/op   0.000 allocs/op
  [2/2]  bench  WellFormed/pay                        210 ns/op ±0%   0.000 B/op   0.000 allocs/op    570ms
  [1/2]  bench  WellFormed/axfer                      182 ns/op   0.000 B/op   0.000 allocs/op
  [2/2]  bench  WellFormed/axfer                      181 ns/op ±0%   0.000 B/op   0.000 allocs/op    540ms
  [1/2]  bench  WellFormed/acfg                       170 ns/op   0.000 B/op   0.000 allocs/op
  [2/2]  bench  WellFormed/acfg                       170 ns/op ±0%   0.000 B/op   0.000 allocs/op    530ms
  [1/2]  bench  WellFormed/appl                       219 ns/op   0.000 B/op   0.000 allocs/op
  [2/2]  bench  WellFormed/appl                       219 ns/op   0.000 B/op   0.000 allocs/op    580ms
  [1/2]  bench  WellFormed/keyreg                     262 ns/op   0.000 B/op   0.000 allocs/op
  [2/2]  bench  WellFormed/keyreg                     262 ns/op ±0%   0.000 B/op   0.000 allocs/op    620ms
  [1/2]  bench  Verify/pop                            57.5 ns/op   3.00 extra/op   6.00 B/op   0.000 allocs/op
  [2/2]  bench  Verify/pop                            57.7 ns/op ±0%   3.00 extra/op   6.00 B/op   0.000 allocs/op    520ms
  [1/2]  bench  Verify/add                            60.4 ns/op   3.00 extra/op   6.00 B/op   0.000 allocs/op
  [2/2]  bench  Verify/add                            60.3 ns/op ±0%   3.00 extra/op   6.00 B/op   0.000 allocs/op    520ms
  [1/2]  bench  Verify/ed25519verify_bare             63,686 ns/op   7.00 extra/op   102 B/op   2.00 allocs/op
  [2/2]  bench  Verify/ed25519verify_bare             64,839 ns/op ±2%   7.00 extra/op   102 B/op   2.00 allocs/op    520ms
  [1/2]  bench  Verify/ecdsa_verify_k1                60,944 ns/op   7.00 extra/op   342 B/op   6.00 allocs/op
  [2/2]  bench  Verify/ecdsa_verify_k1                61,224 ns/op ±0%   7.00 extra/op   342 B/op   6.00 allocs/op    590ms
  [1/2]  bench  Verify/ecdsa_verify_r1                81,511 ns/op   7.00 extra/op   1,273 B/op   26.0 allocs/op
  [2/2]  bench  Verify/ecdsa_verify_r1                81,513 ns/op ±0%   7.00 extra/op   1,273 B/op   26.0 allocs/op    540ms
  [1/2]  bench  Verify/falcon_verify                  51,759 ns/op   7.00 extra/op   2,055 B/op   1.00 allocs/op
  [2/2]  bench  Verify/falcon_verify                  52,232 ns/op ±1%   7.00 extra/op   2,055 B/op   1.00 allocs/op    890ms
  [1/2]  bench  Verify/vrf_verify                     236,141 ns/op   5.00 extra/op   280 B/op   6.00 allocs/op
  [2/2]  bench  Verify/vrf_verify                     229,960 ns/op ±3%   5.00 extra/op   280 B/op   6.00 allocs/op    510ms
  [1/2]  bench  CheckSignature                        8,762 ns/op   12,320 B/op   9.00 allocs/op
  [2/2]  bench  CheckSignature                        9,969 ns/op ±12%   12,320 B/op   9.00 allocs/op    460ms
  [1/2]  bench  Addx64/add_long_stack                 6,591 ns/op   16,648 B/op   11.0 allocs/op
  [2/2]  bench  Addx64/add_long_stack                 6,563 ns/op ±0%   16,648 B/op   11.0 allocs/op    430ms
  [1/2]  bench  Addx64/add_small_stack                5,898 ns/op   13,192 B/op   9.00 allocs/op
  [2/2]  bench  Addx64/add_small_stack                5,811 ns/op ±2%   13,192 B/op   9.00 allocs/op    410ms
  [1/2]  bench  NopPassx1                             3,088 ns/op   13,192 B/op   9.00 allocs/op
  [2/2]  bench  NopPassx1                             3,089 ns/op ±0%   13,192 B/op   9.00 allocs/op    380ms
  [1/2]  bench  Checkx5                               141,561 ns/op   105,100 B/op   950 allocs/op
  [2/2]  bench  Checkx5                               141,396 ns/op ±0%   105,100 B/op   950 allocs/op    370ms
  [1/2]  bench  AppendMsgSignedTxn                    135 ns/op   7.43 MB/s   0.000 B/op   0.000 allocs/op
  [2/2]  bench  AppendMsgSignedTxn                    135 ns/op ±0%   7.42 MB/s ±0%   0.000 B/op   0.000 allocs/op    500ms
  [1/2]  bench  TinyMan/eval-lsig-signature           19,868 ns/op   36,680 B/op   86.0 allocs/op
  [2/2]  bench  TinyMan/eval-lsig-signature           19,873 ns/op ±0%   36,680 B/op   86.0 allocs/op    560ms
  [1/2]  bench  TinyMan/group-check-actual            173,334 ns/op   80,576 B/op   136 allocs/op
  [2/2]  bench  TinyMan/group-check-actual            174,996 ns/op ±1%   80,576 B/op   136 allocs/op    1.33s
  [1/2]  bench  TinyMan/group-check-all-crypto        264,645 ns/op   33,884 B/op   37.0 allocs/op
  [2/2]  bench  TinyMan/group-check-all-crypto        263,539 ns/op ±0%   33,882 B/op ±0%   37.0 allocs/op    360ms
  [1/2]  bench  LogicSigSanityCheck                   11,143 ns/op   15,112 B/op   15.0 allocs/op
  [2/2]  bench  LogicSigSanityCheck                   11,141 ns/op ±0%   15,112 B/op   15.0 allocs/op    470ms
  [1/2]  bench  PaysetGroups                          33,660 ns/op   12,531 B/op   8.00 allocs/op
  [2/2]  bench  PaysetGroups                          33,827 ns/op ±0%   12,506 B/op ±0%   8.00 allocs/op    750ms
  [1/2]  bench  Txn                                   69,462 ns/op   9,425 B/op   12.0 allocs/op
  [2/2]  bench  Txn                                   68,965 ns/op ±1%   9,422 B/op ±0%   12.0 allocs/op    1.06s
  [1/2]  bench  TxHandlerProcessing/processDecoded    15,719 ns/op   3,760 B/op   32.0 allocs/op
  [2/2]  bench  TxHandlerProcessing/processDecoded    15,016 ns/op ±5%   3,760 B/op   32.0 allocs/op    1.23s
  [1/2]  bench  TxHandlerProcessing/verify.TxnGroup   69,621 ns/op   11,328 B/op   16.0 allocs/op
  [2/2]  bench  TxHandlerProcessing/verify.TxnGroup   69,590 ns/op ±0%   11,328 B/op   16.0 allocs/op    510ms
  [1/2]  bench  TxHandlerDecoderMsgp                  19,169,094 ns/op   10,642,560 B/op   9,376 allocs/op
  [2/2]  bench  TxHandlerDecoderMsgp                  19,217,689 ns/op ±0%   10,642,560 B/op   9,376 allocs/op    1.19s
  [1/2]  bench  CompactDeltas/account-deltas          3,865,741 ns/op   4,096,358 B/op   0.000 allocs/op
  [2/2]  bench  CompactDeltas/account-deltas          3,391,271 ns/op ±14%   4,096,358 B/op   0.000 allocs/op    3.08s
  [1/2]  bench  CompactResourceDeltas                 6,494,288 ns/op   9,415,444 B/op   14.0 allocs/op
  [2/2]  bench  CompactResourceDeltas                 6,529,317 ns/op ±1%   9,415,545 B/op ±0%   14.5 allocs/op ±3%    420ms
  [1/2]  bench  TxTailCheckDup/hit                    81.4 ns/op   48.0 B/op   1.00 allocs/op
  [2/2]  bench  TxTailCheckDup/hit                    81.2 ns/op ±0%   48.0 B/op   1.00 allocs/op    440ms
  [1/2]  bench  TxTailCheckDup/miss                   43.3 ns/op   0.000 B/op   0.000 allocs/op
  [2/2]  bench  TxTailCheckDup/miss                   43.2 ns/op ±0%   0.000 B/op   0.000 allocs/op    400ms
  [1/2]  bench  CowChild                              54.8 ns/op   0.000 B/op   0.000 allocs/op
  [2/2]  bench  CowChild                              55.0 ns/op ±0%   0.000 B/op   0.000 allocs/op    420ms
  [1/2]  bench  PrefetcherApps                        274 ns/op   217 B/op   0.000 allocs/op
  [2/2]  bench  PrefetcherApps                        279 ns/op ±2%   218 B/op ±0%   0.000 allocs/op    1.75s
  [1/2]  bench  PrefetcherPayment                     378 ns/op   224 B/op   0.000 allocs/op
  [2/2]  bench  PrefetcherPayment                     386 ns/op ±2%   224 B/op   0.000 allocs/op    710ms
  [1/2]  bench  BlockEvaluatorRAMNoCrypto             590,289,604 ns/op   11,807 ns/eval_validate_tx   544,885,672 B/op   1,542,729 allocs/op
  [2/2]  bench  BlockEvaluatorRAMNoCrypto             595,075,975 ns/op ±1%   11,903 ns/eval_validate_tx ±1%   544,871,564 B/op ±0%   1,542,568 allocs/op ±0%    10.96s
  [1/2]  bench  BlockValidationMix                    2,467,100,203 ns/op   1,877,836,368 B/op   7,902,295 allocs/op
  [2/2]  bench  BlockValidationMix                    2,350,011,472 ns/op ±5%   1,872,478,732 B/op ±0%   7,910,519 allocs/op ±0%    11.74s
  [1/2]  bench  AppInt1                               835,577,753 ns/op   1,865,126,384 B/op   2,877,436 allocs/op
  [2/2]  bench  AppInt1                               853,584,785 ns/op ±2%   1,865,059,408 B/op ±0%   2,877,424 allocs/op ±0%    1.99s
  [1/2]  bench  AccountDeltasOps/upsert               684,466 ns/op   3,489,879 B/op   4.00 allocs/op
  [2/2]  bench  AccountDeltasOps/upsert               689,051 ns/op ±1%   3,489,879 B/op   4.00 allocs/op    430ms
  [1/2]  bench  AccountDeltasOps/merge                718,217 ns/op   829,365 B/op   165 allocs/op
  [2/2]  bench  AccountDeltasOps/merge                716,738 ns/op ±0%   829,305 B/op ±0%   165 allocs/op    780ms
  [1/2]  bench  AccountDeltasOps/optimize             103,734 ns/op   442,488 B/op   7.00 allocs/op
  [2/2]  bench  AccountDeltasOps/optimize             101,928 ns/op ±2%   442,536 B/op ±0%   8.00 allocs/op ±12%    560ms
  [1/2]  bench  MakeStateDelta                        1,429,236 ns/op   20,496,535 B/op   7.00 allocs/op
  [2/2]  bench  MakeStateDelta                        1,399,157 ns/op ±2%   20,496,535 B/op   7.00 allocs/op    510ms
  [1/2]  bench  OnlineAccountsCacheRead320            2,838,384 ns/op   583,097 B/op   3,323 allocs/op
  [2/2]  bench  OnlineAccountsCacheRead320            2,799,958 ns/op ±1%   580,712 B/op ±0%   3,310 allocs/op ±0%    930ms
  [1/2]  bench  MessageFilterCheck/hit                5,912 ns/op   1,248 B/op   9.00 allocs/op
  [2/2]  bench  MessageFilterCheck/hit                5,915 ns/op ±0%   1,248 B/op   9.00 allocs/op    400ms
  [1/2]  bench  MessageFilterCheck/miss               5,923 ns/op   1,248 B/op   9.00 allocs/op
  [2/2]  bench  MessageFilterCheck/miss               5,921 ns/op ±0%   1,248 B/op   9.00 allocs/op    410ms
  [1/2]  bench  GenerateMessageDigest                 503 ns/op   0.000 B/op   0.000 allocs/op
  [2/2]  bench  GenerateMessageDigest                 503 ns/op ±0%   0.000 B/op   0.000 allocs/op    360ms
  [1/2]  bench  VpackVote/compress                    335 ns/op   1,875 MB/s   0.000 B/op   0.000 allocs/op
  [2/2]  bench  VpackVote/compress                    334 ns/op ±0%   1,879 MB/s ±0%   0.000 B/op   0.000 allocs/op    330ms
  [1/2]  bench  VpackVote/decompress                  125 ns/op   3,785 MB/s   0.000 B/op   0.000 allocs/op
  [2/2]  bench  VpackVote/decompress                  124 ns/op ±1%   3,816 MB/s ±1%   0.000 B/op   0.000 allocs/op    480ms
  [1/2]  bench  BloomFilterSet                        102 ns/op   0.000 B/op   0.000 allocs/op
  [2/2]  bench  BloomFilterSet                        102 ns/op ±0%   0.000 B/op   0.000 allocs/op    1.85s
  [1/2]  bench  BloomFilterTest                       99.5 ns/op   0.000 B/op   0.000 allocs/op
  [2/2]  bench  BloomFilterTest                       99.4 ns/op ±0%   0.000 B/op   0.000 allocs/op    2.14s
  [1/2]  bench  TagCounter                            17.4 ns/op   0.000 B/op   0.000 allocs/op
  [2/2]  bench  TagCounter                            17.6 ns/op ±1%   0.000 B/op   0.000 allocs/op    380ms
