make: Entering directory '/home/runner/.cache/go-algorand-bench/checkout'
go: downloading golang.org/x/crypto v0.37.0
go: downloading golang.org/x/sys v0.32.0
go: downloading github.com/labstack/echo/v4 v4.13.3
go: downloading golang.org/x/sync v0.13.0
go: downloading github.com/stretchr/testify v1.10.0
go: downloading github.com/oapi-codegen/runtime v1.1.1
go: downloading github.com/getkin/kin-openapi v0.131.0
go: downloading golang.org/x/net v0.39.0
go: downloading github.com/labstack/gommon v0.4.2
go: downloading golang.org/x/term v0.31.0
go: downloading github.com/valyala/fasttemplate v1.2.2
go: downloading golang.org/x/time v0.8.0
go: downloading golang.org/x/text v0.24.0
go: downloading github.com/go-openapi/jsonpointer v0.21.0
go: downloading github.com/oasdiff/yaml v0.0.0-20250309154309-f31be36b4037
go: downloading github.com/perimeterx/marshmallow v1.1.5
go: downloading github.com/mattn/go-colorable v0.1.13
go: downloading github.com/pion/logging v0.2.3
go: downloading github.com/go-openapi/swag v0.23.0
go: downloading github.com/oasdiff/yaml3 v0.0.0-20250309153720-d2182401db90
go: downloading github.com/pion/interceptor v0.1.39
go: downloading github.com/pion/rtcp v1.2.15
go: downloading github.com/pion/rtp v1.8.18
go: downloading github.com/rogpeppe/go-internal v1.12.0
make: 'crypto/libs/linux/amd64/lib/libsodium.a' is up to date.
make: Leaving directory '/home/runner/.cache/go-algorand-bench/checkout'
