  [1/4]  bench  AppendMsgBlockHeader                  58.9 ns/op   17.0 MB/s   0.000 B/op   0.000 allocs/op
  [2/4]  bench  AppendMsgBlockHeader                  58.9 ns/op   17.0 MB/s   0.000 B/op   0.000 allocs/op
  [3/4]  bench  AppendMsgBlockHeader                  59.0 ns/op   17.0 MB/s   0.000 B/op   0.000 allocs/op
  [4/4]  bench  AppendMsgBlockHeader                  59.0 ns/op ±0%   16.9 MB/s ±0%   0.000 B/op   0.000 allocs/op    3.79s
  [1/4]  bench  AppendMsgSignedTxn                    141 ns/op   7.09 MB/s   0.000 B/op   0.000 allocs/op
  [2/4]  bench  AppendMsgSignedTxn                    142 ns/op   7.05 MB/s   0.000 B/op   0.000 allocs/op
  [3/4]  bench  AppendMsgSignedTxn                    142 ns/op   7.06 MB/s   0.000 B/op   0.000 allocs/op
  [4/4]  bench  AppendMsgSignedTxn                    141 ns/op ±1%   7.07 MB/s ±1%   0.000 B/op   0.000 allocs/op    3.96s
  [1/4]  bench  PaysetGroups                          20,807 ns/op   108,145 B/op   6.00 allocs/op
  [2/4]  bench  PaysetGroups                          20,503 ns/op   107,068 B/op   6.00 allocs/op
  [3/4]  bench  PaysetGroups                          20,608 ns/op   106,858 B/op   6.00 allocs/op
  [4/4]  bench  PaysetGroups                          20,578 ns/op ±2%   106,319 B/op ±2%   6.00 allocs/op    16.77s
  [1/4]  bench  Txn                                   37,788 ns/op   12,269 B/op   6.00 allocs/op
  [2/4]  bench  Txn                                   37,862 ns/op   12,272 B/op   6.00 allocs/op
  [3/4]  bench  Txn                                   37,940 ns/op   12,272 B/op   6.00 allocs/op
  [4/4]  bench  Txn                                   37,914 ns/op ±0%   12,272 B/op ±0%   6.00 allocs/op    11.51s
  [1/4]  bench  TxHandlerProcessing/processDecoded    18,747 ns/op   3,912 B/op   44.0 allocs/op
  [2/4]  bench  TxHandlerProcessing/processDecoded    17,642 ns/op   3,912 B/op   44.0 allocs/op
  [3/4]  bench  TxHandlerProcessing/processDecoded    17,244 ns/op   3,912 B/op   44.0 allocs/op
  [4/4]  bench  TxHandlerProcessing/processDecoded    17,036 ns/op ±7%   3,912 B/op   44.0 allocs/op    9.6s
  [1/4]  bench  TxHandlerProcessing/verify.TxnGroup   71,084 ns/op   11,872 B/op   16.0 allocs/op
  [2/4]  bench  TxHandlerProcessing/verify.TxnGroup   70,892 ns/op   11,872 B/op   16.0 allocs/op
  [3/4]  bench  TxHandlerProcessing/verify.TxnGroup   70,502 ns/op   11,872 B/op   16.0 allocs/op
  [4/4]  bench  TxHandlerProcessing/verify.TxnGroup   70,199 ns/op ±1%   11,872 B/op   16.0 allocs/op    7.58s
  [1/4]  bench  CompactDeltas/account-deltas          2,099,156 ns/op   4,123,001 B/op   16.0 allocs/op
  [2/4]  bench  CompactDeltas/account-deltas          2,122,171 ns/op   4,123,001 B/op   16.0 allocs/op
  [3/4]  bench  CompactDeltas/account-deltas          2,127,638 ns/op   4,123,000 B/op   16.0 allocs/op
  [4/4]  bench  CompactDeltas/account-deltas          2,153,273 ns/op ±3%   4,123,000 B/op ±0%   16.0 allocs/op    8.32s
