make: Entering directory '/home/runner/.cache/go-algorand-bench/checkout'
go: downloading github.com/spf13/cobra v1.5.0
go: downloading github.com/algorand/go-deadlock v0.2.3
go: downloading golang.org/x/crypto v0.14.0
go: downloading golang.org/x/sys v0.13.0
go: downloading github.com/algorand/msgp v1.1.60
go: downloading github.com/consensys/gnark-crypto v0.12.0
go: downloading github.com/libp2p/go-libp2p-pubsub v0.9.3
go: downloading github.com/libp2p/go-yamux/v4 v4.0.1
go: downloading github.com/cpuguy83/go-md2man/v2 v2.0.2
go: downloading github.com/aws/aws-sdk-go v1.34.0
go: downloading golang.org/x/net v0.17.0
go: downloading golang.org/x/term v0.13.0
go: downloading golang.org/x/text v0.13.0
go: downloading github.com/bits-and-blooms/bitset v1.7.0
go: downloading go.uber.org/fx v1.20.0
go: downloading github.com/libp2p/go-reuseport v0.3.0
go: downloading github.com/marten-seemann/tcp v0.0.0-20210406111302-dfbc87cc63fd
go: downloading github.com/mikioh/tcpinfo v0.0.0-20190314235526-30a79bb1804b
go: downloading github.com/libp2p/go-msgio v0.3.0
go: downloading github.com/quic-go/quic-go v0.36.3
go: downloading github.com/libp2p/go-flow-metrics v0.1.0
go: downloading golang.org/x/sync v0.3.0
go: downloading github.com/libp2p/go-netroute v0.2.1
go: downloading github.com/pbnjay/memory v0.0.0-20210728143218-7b4eea64cf58
go: downloading github.com/benbjohnson/clock v1.3.5
go: downloading github.com/raulk/go-watchdog v1.3.0
go: downloading github.com/jbenet/go-temp-err-catcher v0.1.0
go: downloading github.com/libp2p/go-libp2p-asn-util v0.3.0
go: downloading github.com/flynn/noise v1.0.0
go: downloading github.com/google/gopacket v1.1.19
go: downloading github.com/klauspost/compress v1.16.7
go: downloading github.com/gorilla/websocket v1.5.0
go: downloading github.com/quic-go/webtransport-go v0.5.3
go: downloading go.uber.org/dig v1.17.0
go: downloading github.com/mikioh/tcpopt v0.0.0-20190314235656-172688c1accc
go: downloading github.com/hashicorp/golang-lru/v2 v2.0.2
go: downloading github.com/consensys/bavard v0.1.13
go: downloading github.com/kr/pretty v0.3.1
go: downloading github.com/libp2p/go-nat v0.2.0
go: downloading github.com/containerd/cgroups v1.1.0
go: downloading github.com/elastic/gosigar v0.14.2
go: downloading github.com/libp2p/go-cidranger v1.1.0
go: downloading github.com/francoispqt/gojay v1.2.13
go: downloading github.com/quic-go/qpack v0.4.0
go: downloading rsc.io/tmplfunc v0.0.3
go: downloading github.com/rogpeppe/go-internal v1.9.0
go: downloading github.com/huin/goupnp v1.2.0
go: downloading github.com/jackpal/go-nat-pmp v1.0.2
go: downloading github.com/koron/go-ssdp v0.0.4
go: downloading github.com/coreos/go-systemd/v22 v22.5.0
go: downloading github.com/docker/go-units v0.5.0
go: downloading github.com/godbus/dbus/v5 v5.1.0
go: downloading github.com/opencontainers/runtime-spec v1.0.2
go: downloading github.com/quic-go/qtls-go1-20 v0.2.3
make: 'crypto/libs/linux/amd64/lib/libsodium.a' is up to date.
make: Leaving directory '/home/runner/.cache/go-algorand-bench/checkout'
