  [1/2]  bench  VoteVerify                            421,279 ns/op   6,384 B/op   56.0 allocs/op
  [2/2]  bench  VoteVerify                            427,413 ns/op ±1%   6,385 B/op ±0%   56.0 allocs/op    540ms
  [1/2]  bench  CryptoVerifierVoteVertification       194,830 ns/op   21,329 B/op   62.0 allocs/op
  [2/2]  bench  CryptoVerifierVoteVertification       201,356 ns/op ±3%   21,328 B/op ±0%   62.0 allocs/op    540ms
  [1/2]  bench  CryptoVerifierProposalVertification   271,633 ns/op   11,466 B/op   59.0 allocs/op
  [2/2]  bench  CryptoVerifierProposalVertification   271,708 ns/op ±0%   11,466 B/op   59.0 allocs/op    550ms
  [1/2]  bench  VoteDecoding                          612 ns/op   1,152 B/op   2.00 allocs/op
  [2/2]  bench  VoteDecoding                          570 ns/op ±7%   1,152 B/op   2.00 allocs/op    840ms
  [1/2]  bench  NoiseSentinelHash                     168,247 ns/op   390 MB/s   0.000 B/op   0.000 allocs/op
  [2/2]  bench  NoiseSentinelHash                     168,263 ns/op ±0%   389 MB/s ±0%   0.000 B/op   0.000 allocs/op    350ms
  [1/2]  bench  NoiseSentinelLoop                     7,112 ns/op   0.000 B/op   0.000 allocs/op
  [2/2]  bench  NoiseSentinelLoop                     7,111 ns/op ±0%   0.000 B/op   0.000 allocs/op    420ms
  [1/2]  bench  FalconVerify                          51,689 ns/op   48.0 B/op   2.00 allocs/op
  [2/2]  bench  FalconVerify                          52,024 ns/op ±1%   48.0 B/op   2.00 allocs/op    520ms
  [1/2]  bench  FalconSign                            10,399,372 ns/op   3,104 B/op   4.00 allocs/op
  [2/2]  bench  FalconSign                            10,403,250 ns/op ±0%   3,104 B/op   4.00 allocs/op    460ms
  [1/2]  bench  MultisigVerify                        160,184 ns/op   2,360 B/op   15.0 allocs/op
  [2/2]  bench  MultisigVerify                        160,785 ns/op ±0%   2,360 B/op   15.0 allocs/op    380ms
  [1/2]  bench  VrfProve                              169,590 ns/op   224 B/op   5.00 allocs/op
  [2/2]  bench  VrfProve                              170,363 ns/op ±0%   224 B/op   5.00 allocs/op    390ms
  [1/2]  bench  Hash                                  261 ns/op   0.000 B/op   0.000 allocs/op
  [2/2]  bench  Hash                                  265 ns/op ±1%   0.000 B/op   0.000 allocs/op    630ms
  [1/2]  bench  SignVerify                            77,268 ns/op   336 B/op   10.0 allocs/op
  [2/2]  bench  SignVerify                            77,694 ns/op ±1%   336 B/op   10.0 allocs/op    360ms
  [1/2]  bench  Verify25519                           60,987 ns/op   152 B/op   5.00 allocs/op
  [2/2]  bench  Verify25519                           60,663 ns/op ±1%   152 B/op   5.00 allocs/op    470ms
  [1/2]  bench  MerkleSignatureVerify                 109,480 ns/op   9,648 B/op   46.0 allocs/op
  [2/2]  bench  MerkleSignatureVerify                 109,591 ns/op ±0%   9,648 B/op   46.0 allocs/op    580ms
  [1/2]  bench  OneTimeSigBatchVerification/batch=false  165,120 ns/op   459 B/op   8.00 allocs/op
  [2/2]  bench  OneTimeSigBatchVerification/batch=false  163,214 ns/op ±1%   459 B/op   8.00 allocs/op    660ms
  [1/2]  bench  OneTimeSigBatchVerification/batch=true  163,164 ns/op   459 B/op   8.00 allocs/op
  [2/2]  bench  OneTimeSigBatchVerification/batch=true  161,055 ns/op ±1%   459 B/op   8.00 allocs/op    670ms
  [1/2]  bench  VrfVerify                             229,993 ns/op   176 B/op   3.00 allocs/op
  [2/2]  bench  VrfVerify                             228,775 ns/op ±1%   176 B/op   3.00 allocs/op    690ms
  [1/2]  bench  AddressFormatting                     406 ns/op   128 B/op   2.00 allocs/op
  [2/2]  bench  AddressFormatting                     407 ns/op ±0%   128 B/op   2.00 allocs/op    350ms
  [1/2]  bench  UnmarshalChecksumAddress              930 ns/op   192 B/op   3.00 allocs/op
  [2/2]  bench  UnmarshalChecksumAddress              932 ns/op ±0%   192 B/op   3.00 allocs/op    350ms
  [1/2]  bench  AppendMsgBlockHeader                  51.4 ns/op   19.5 MB/s   0.000 B/op   0.000 allocs/op
  [2/2]  bench  AppendMsgBlockHeader                  51.3 ns/op ±0%   19.5 MB/s ±0%   0.000 B/op   0.000 allocs/op    400ms
  [1/2]  bench  Sortition                             1,721,164 ns/op   2,327 B/op   27.0 allocs/op
  [2/2]  bench  Sortition                             1,644,339 ns/op ±5%   2,327 B/op   27.0 allocs/op    740ms
  [1/2]  bench  TxnIDs/signed-txn-id                  802 ns/op   0.000 B/op   0.000 allocs/op
  [2/2]  bench  TxnIDs/signed-txn-id                  801 ns/op ±0%   0.000 B/op   0.000 allocs/op    360ms
  [1/2]  bench  TxnIDs/group-id                       20,015 ns/op   2,291 B/op   5.00 allocs/op
  [2/2]  bench  TxnIDs/group-id                       20,015 ns/op ±0%   2,292 B/op ±0%   5.00 allocs/op    560ms
  [1/2]  bench  WellFormed/pay                        182 ns/op   0.000 B/op   0.000 allocs/op
  [2/2]  bench  WellFormed/pay                        182 ns/op ±0%   0.000 B/op   0.000 allocs/op    540ms
  [1/2]  bench  WellFormed/axfer                      154 ns/op   0.000 B/op   0.000 allocs/op
  [2/2]  bench  WellFormed/axfer                      154 ns/op ±0%   0.000 B/op   0.000 allocs/op    510ms
  [1/2]  bench  WellFormed/acfg                       145 ns/op   0.000 B/op   0.000 allocs/op
  [2/2]  bench  WellFormed/acfg                       145 ns/op ±0%   0.000 B/op   0.000 allocs/op    510ms
  [1/2]  bench  WellFormed/appl                       172 ns/op   0.000 B/op   0.000 allocs/op
  [2/2]  bench  WellFormed/appl                       172 ns/op ±0%   0.000 B/op   0.000 allocs/op    530ms
  [1/2]  bench  WellFormed/keyreg                     220 ns/op   0.000 B/op   0.000 allocs/op
  [2/2]  bench  WellFormed/keyreg                     217 ns/op ±1%   0.000 B/op   0.000 allocs/op    580ms
  [1/2]  bench  CheckSignature                        8,987 ns/op   12,320 B/op   9.00 allocs/op
  [2/2]  bench  CheckSignature                        8,878 ns/op ±1%   12,320 B/op   9.00 allocs/op    440ms
  [1/2]  bench  Verify/pop                            55.9 ns/op   3.00 extra/op   6.00 B/op   0.000 allocs/op
  [2/2]  bench  Verify/pop                            55.6 ns/op ±0%   3.00 extra/op   6.00 B/op   0.000 allocs/op    510ms
  [1/2]  bench  Verify/add                            59.0 ns/op   3.00 extra/op   6.00 B/op   0.000 allocs/op
  [2/2]  bench  Verify/add                            59.0 ns/op ±0%   3.00 extra/op   6.00 B/op   0.000 allocs/op    510ms
  [1/2]  bench  Verify/ed25519verify_bare             58,659 ns/op   7.00 extra/op   104 B/op   2.00 allocs/op
  [2/2]  bench  Verify/ed25519verify_bare             59,742 ns/op ±2%   7.00 extra/op   104 B/op   2.00 allocs/op    490ms
  [1/2]  bench  Verify/ecdsa_verify_k1                53,974 ns/op   7.00 extra/op   343 B/op   6.00 allocs/op
  [2/2]  bench  Verify/ecdsa_verify_k1                54,063 ns/op ±0%   7.00 extra/op   344 B/op ±0%   6.00 allocs/op    530ms
  [1/2]  bench  Verify/ecdsa_verify_r1                81,231 ns/op   7.00 extra/op   1,320 B/op   28.0 allocs/op
  [2/2]  bench  Verify/ecdsa_verify_r1                81,317 ns/op ±0%   7.00 extra/op   1,320 B/op   28.0 allocs/op    550ms
  [1/2]  bench  Verify/vrf_verify                     226,561 ns/op   5.00 extra/op   280 B/op   6.00 allocs/op
  [2/2]  bench  Verify/vrf_verify                     226,531 ns/op ±0%   5.00 extra/op   280 B/op   6.00 allocs/op    540ms
  [1/2]  bench  Hash/sha256-0w                        274 ns/op   2.00 extra/op   38.0 B/op   1.00 allocs/op
  [2/2]  bench  Hash/sha256-0w                        274 ns/op ±0%   2.00 extra/op   38.0 B/op   1.00 allocs/op    710ms
  [1/2]  bench  Hash/sha256-32                        256 ns/op   0.000 extra/op   38.0 B/op   1.00 allocs/op
  [2/2]  bench  Hash/sha256-32                        257 ns/op ±0%   0.000 extra/op   38.0 B/op   1.00 allocs/op    640ms
  [1/2]  bench  Hash/sha256-128                       769 ns/op   4.00 extra/op   230 B/op   3.00 allocs/op
  [2/2]  bench  Hash/sha256-128                       767 ns/op ±0%   4.00 extra/op   230 B/op   3.00 allocs/op    430ms
  [1/2]  bench  Hash/sha256-512                       2,097 ns/op   8.00 extra/op   998 B/op   5.00 allocs/op
  [2/2]  bench  Hash/sha256-512                       2,096 ns/op ±0%   8.00 extra/op   998 B/op   5.00 allocs/op    570ms
  [1/2]  bench  Hash/sha256-4096                      14,131 ns/op   14.0 extra/op   8,166 B/op   8.00 allocs/op
  [2/2]  bench  Hash/sha256-4096                      14,094 ns/op ±0%   14.0 extra/op   8,166 B/op   8.00 allocs/op    870ms
  [1/2]  bench  Hash/keccak256-0w                     925 ns/op   2.00 extra/op   934 B/op   3.00 allocs/op
  [2/2]  bench  Hash/keccak256-0w                     929 ns/op ±0%   2.00 extra/op   934 B/op   3.00 allocs/op    400ms
  [1/2]  bench  Hash/keccak256-32                     885 ns/op   0.000 extra/op   934 B/op   3.00 allocs/op
  [2/2]  bench  Hash/keccak256-32                     885 ns/op ±0%   0.000 extra/op   934 B/op   3.00 allocs/op    360ms
  [1/2]  bench  Hash/keccak256-128                    1,019 ns/op   4.00 extra/op   1,126 B/op   5.00 allocs/op
  [2/2]  bench  Hash/keccak256-128                    1,022 ns/op ±0%   4.00 extra/op   1,126 B/op   5.00 allocs/op    450ms
  [1/2]  bench  Hash/keccak256-512                    2,679 ns/op   8.00 extra/op   1,894 B/op   7.00 allocs/op
  [2/2]  bench  Hash/keccak256-512                    2,677 ns/op ±0%   8.00 extra/op   1,894 B/op   7.00 allocs/op    560ms
  [1/2]  bench  Hash/keccak256-4096                   16,475 ns/op   14.0 extra/op   9,062 B/op   10.0 allocs/op
  [2/2]  bench  Hash/keccak256-4096                   16,548 ns/op ±0%   14.0 extra/op   9,062 B/op   10.0 allocs/op    910ms
  [1/2]  bench  Hash/sha512_256-0w                    337 ns/op   2.00 extra/op   38.0 B/op   1.00 allocs/op
  [2/2]  bench  Hash/sha512_256-0w                    338 ns/op ±0%   2.00 extra/op   38.0 B/op   1.00 allocs/op    390ms
  [1/2]  bench  Hash/sha512_256-32                    314 ns/op   0.000 extra/op   38.0 B/op   1.00 allocs/op
  [2/2]  bench  Hash/sha512_256-32                    313 ns/op ±0%   0.000 extra/op   38.0 B/op   1.00 allocs/op    330ms
  [1/2]  bench  Hash/sha512_256-128                   721 ns/op   4.00 extra/op   230 B/op   3.00 allocs/op
  [2/2]  bench  Hash/sha512_256-128                   722 ns/op ±0%   4.00 extra/op   230 B/op   3.00 allocs/op    490ms
  [1/2]  bench  Hash/sha512_256-512                   1,721 ns/op   8.00 extra/op   998 B/op   5.00 allocs/op
  [2/2]  bench  Hash/sha512_256-512                   1,720 ns/op ±0%   8.00 extra/op   998 B/op   5.00 allocs/op    560ms
  [1/2]  bench  Hash/sha512_256-4096                  10,604 ns/op   14.0 extra/op   8,166 B/op   8.00 allocs/op
  [2/2]  bench  Hash/sha512_256-4096                  10,592 ns/op ±0%   14.0 extra/op   8,166 B/op   8.00 allocs/op    860ms
  [1/2]  bench  Addx64/add_long_stack                 7,199 ns/op   16,040 B/op   11.0 allocs/op
  [2/2]  bench  Addx64/add_long_stack                 7,228 ns/op ±0%   16,040 B/op   11.0 allocs/op    440ms
  [1/2]  bench  Addx64/add_small_stack                6,466 ns/op   12,968 B/op   9.00 allocs/op
  [2/2]  bench  Addx64/add_small_stack                6,457 ns/op ±0%   12,968 B/op   9.00 allocs/op    420ms
  [1/2]  bench  NopPassx1                             3,351 ns/op   12,968 B/op   9.00 allocs/op
  [2/2]  bench  NopPassx1                             3,405 ns/op ±2%   12,968 B/op   9.00 allocs/op    380ms
  [1/2]  bench  Checkx5                               137,295 ns/op   103,085 B/op   950 allocs/op
  [2/2]  bench  Checkx5                               137,816 ns/op ±0%   103,086 B/op ±0%   950 allocs/op    360ms
  [1/2]  bench  AppendMsgSignedTxn                    150 ns/op   6.65 MB/s   0.000 B/op   0.000 allocs/op
  [2/2]  bench  AppendMsgSignedTxn                    150 ns/op ±0%   6.65 MB/s   0.000 B/op   0.000 allocs/op    510ms
  [1/2]  bench  TinyMan/eval-lsig-signature           21,787 ns/op   35,168 B/op   85.0 allocs/op
  [2/2]  bench  TinyMan/eval-lsig-signature           21,219 ns/op ±3%   35,168 B/op   85.0 allocs/op    570ms
  [1/2]  bench  TinyMan/group-check-actual            184,117 ns/op   78,552 B/op   129 allocs/op
  [2/2]  bench  TinyMan/group-check-actual            184,659 ns/op ±0%   78,552 B/op   129 allocs/op    1.2s
  [1/2]  bench  TinyMan/group-check-all-crypto        200,325 ns/op   31,881 B/op   29.0 allocs/op
  [2/2]  bench  TinyMan/group-check-all-crypto        199,676 ns/op ±0%   31,881 B/op ±0%   29.0 allocs/op    370ms
  [1/2]  bench  LogicSigSanityCheck                   11,848 ns/op   15,032 B/op   14.0 allocs/op
  [2/2]  bench  LogicSigSanityCheck                   11,806 ns/op ±0%   15,032 B/op   14.0 allocs/op    480ms
  [1/2]  bench  PaysetGroups                          18,928 ns/op   12,416 B/op   6.00 allocs/op
  [2/2]  bench  PaysetGroups                          18,985 ns/op ±0%   12,410 B/op ±0%   6.00 allocs/op    1.02s
  [1/2]  bench  Txn                                   65,652 ns/op   9,209 B/op   10.0 allocs/op
  [2/2]  bench  Txn                                   65,464 ns/op ±0%   9,211 B/op ±0%   10.0 allocs/op    1.08s
  [1/2]  bench  TxHandlerProcessing/processDecoded    14,690 ns/op   4,064 B/op   33.0 allocs/op
  [2/2]  bench  TxHandlerProcessing/processDecoded    15,521 ns/op ±5%   4,064 B/op   33.0 allocs/op    1.3s
  [1/2]  bench  TxHandlerProcessing/verify.TxnGroup   65,993 ns/op   10,824 B/op   14.0 allocs/op
  [2/2]  bench  TxHandlerProcessing/verify.TxnGroup   65,799 ns/op ±0%   10,824 B/op   14.0 allocs/op    530ms
  [1/2]  bench  TxHandlerDecoderMsgp                  21,967,390 ns/op   12,105,580 B/op   10,715 allocs/op
  [2/2]  bench  TxHandlerDecoderMsgp                  22,442,523 ns/op ±2%   12,105,580 B/op   10,715 allocs/op    1.23s
  [1/2]  bench  CompactDeltas/account-deltas          2,439,522 ns/op   3,856,689 B/op   0.000 allocs/op
  [2/2]  bench  CompactDeltas/account-deltas          2,636,251 ns/op ±7%   3,856,689 B/op   0.000 allocs/op    3.42s
  [1/2]  bench  CompactResourceDeltas                 6,840,949 ns/op   9,253,212 B/op   16.0 allocs/op
  [2/2]  bench  CompactResourceDeltas                 6,881,307 ns/op ±1%   9,252,931 B/op ±0%   15.5 allocs/op ±3%    410ms
  [1/2]  bench  TxTailCheckDup/hit                    82.6 ns/op   48.0 B/op   1.00 allocs/op
  [2/2]  bench  TxTailCheckDup/hit                    82.9 ns/op ±0%   48.0 B/op   1.00 allocs/op    440ms
  [1/2]  bench  TxTailCheckDup/miss                   38.7 ns/op   0.000 B/op   0.000 allocs/op
  [2/2]  bench  TxTailCheckDup/miss                   38.8 ns/op ±0%   0.000 B/op   0.000 allocs/op    400ms
  [1/2]  bench  CowChild                              61.7 ns/op   0.000 B/op   0.000 allocs/op
  [2/2]  bench  CowChild                              57.8 ns/op ±7%   0.000 B/op   0.000 allocs/op    380ms
  [1/2]  bench  PrefetcherApps                        274 ns/op   209 B/op   0.000 allocs/op
  [2/2]  bench  PrefetcherApps                        248 ns/op ±11%   207 B/op ±1%   0.000 allocs/op    2.14s
  [1/2]  bench  PrefetcherPayment                     349 ns/op   222 B/op   0.000 allocs/op
  [2/2]  bench  PrefetcherPayment                     350 ns/op ±0%   222 B/op   0.000 allocs/op    840ms
  [1/2]  bench  BlockEvaluatorRAMNoCrypto             590,803,379 ns/op   11,817 ns/eval_validate_tx   537,010,232 B/op   2,109,139 allocs/op
  [2/2]  bench  BlockEvaluatorRAMNoCrypto             606,253,926 ns/op ±3%   12,126 ns/eval_validate_tx ±3%   536,997,540 B/op ±0%   2,109,286 allocs/op ±0%    11.28s
  [1/2]  bench  BlockValidationMix                    2,153,429,684 ns/op   1,768,538,456 B/op   9,243,385 allocs/op
  [2/2]  bench  BlockValidationMix                    2,097,296,968 ns/op ±3%   1,770,229,180 B/op ±0%   9,255,495 allocs/op ±0%    11.41s
  [1/2]  bench  AppInt1                               826,561,195 ns/op   1,756,304,160 B/op   2,777,920 allocs/op
  [2/2]  bench  AppInt1                               816,008,747 ns/op ±1%   1,756,506,788 B/op ±0%   2,778,124 allocs/op ±0%    1.96s
  [1/2]  bench  AccountDeltasOps/upsert               737,124 ns/op   3,301,462 B/op   4.00 allocs/op
  [2/2]  bench  AccountDeltasOps/upsert               765,253 ns/op ±4%   3,301,463 B/op ±0%   4.00 allocs/op    440ms
  [1/2]  bench  AccountDeltasOps/merge                734,150 ns/op   969,607 B/op   166 allocs/op
  [2/2]  bench  AccountDeltasOps/merge                740,558 ns/op ±1%   969,513 B/op ±0%   166 allocs/op    840ms
  [1/2]  bench  AccountDeltasOps/optimize             149,416 ns/op   426,169 B/op   8.00 allocs/op
  [2/2]  bench  AccountDeltasOps/optimize             150,814 ns/op ±1%   426,169 B/op   8.00 allocs/op    440ms
  [1/2]  bench  MakeStateDelta                        2,098,340 ns/op   19,390,615 B/op   7.00 allocs/op
  [2/2]  bench  MakeStateDelta                        2,146,979 ns/op ±2%   19,390,615 B/op ±0%   7.00 allocs/op    570ms
  [1/2]  bench  OnlineAccountsCacheRead320            5,274,182 ns/op   603,140 B/op   4,021 allocs/op
  [2/2]  bench  OnlineAccountsCacheRead320            5,373,793 ns/op ±2%   603,144 B/op ±0%   4,021 allocs/op    550ms
  [1/2]  bench  MessageFilterCheck/hit                9,135 ns/op   1,184 B/op   9.00 allocs/op
  [2/2]  bench  MessageFilterCheck/hit                8,604 ns/op ±6%   1,184 B/op   9.00 allocs/op    410ms
  [1/2]  bench  MessageFilterCheck/miss               9,100 ns/op   1,184 B/op   9.00 allocs/op
  [2/2]  bench  MessageFilterCheck/miss               8,407 ns/op ±8%   1,184 B/op   9.00 allocs/op    420ms
  [1/2]  bench  GenerateMessageDigest                 541 ns/op   0.000 B/op   0.000 allocs/op
  [2/2]  bench  GenerateMessageDigest                 541 ns/op ±0%   0.000 B/op   0.000 allocs/op    320ms
  [1/2]  bench  BloomFilterSet                        110 ns/op   0.000 B/op   0.000 allocs/op
  [2/2]  bench  BloomFilterSet                        111 ns/op ±1%   0.000 B/op   0.000 allocs/op    2.01s
  [1/2]  bench  BloomFilterTest                       111 ns/op   0.000 B/op   0.000 allocs/op
  [2/2]  bench  BloomFilterTest                       112 ns/op ±1%   0.000 B/op   0.000 allocs/op    2.27s
  [1/2]  bench  TagCounter                            18.1 ns/op   0.000 B/op   0.000 allocs/op
  [2/2]  bench  TagCounter                            17.9 ns/op ±1%   0.000 B/op   0.000 allocs/op    350ms
