  [1/2]  bench  VoteVerify                            432,495 ns/op   6,560 B/op   63.0 allocs/op
  [2/2]  bench  VoteVerify                            432,909 ns/op ±0%   6,560 B/op   63.0 allocs/op    530ms
  [1/2]  bench  CryptoVerifierVoteVertification       216,866 ns/op   23,427 B/op   69.0 allocs/op
  [2/2]  bench  CryptoVerifierVoteVertification       216,915 ns/op ±0%   23,424 B/op ±0%   69.0 allocs/op    520ms
  [1/2]  bench  CryptoVerifierProposalVertification   292,496 ns/op   10,810 B/op   54.0 allocs/op
  [2/2]  bench  CryptoVerifierProposalVertification   284,342 ns/op ±3%   10,810 B/op   54.0 allocs/op    550ms
  [1/2]  bench  VoteDecoding                          513 ns/op   1,152 B/op   2.00 allocs/op
  [2/2]  bench  VoteDecoding                          509 ns/op ±1%   1,152 B/op   2.00 allocs/op    840ms
  [1/2]  bench  NoiseSentinelHash                     49,153 ns/op   1,333 MB/s   0.000 B/op   0.000 allocs/op
  [2/2]  bench  NoiseSentinelHash                     49,274 ns/op ±0%   1,330 MB/s ±0%   0.000 B/op   0.000 allocs/op    650ms
  [1/2]  bench  NoiseSentinelLoop                     7,442 ns/op   0.000 B/op   0.000 allocs/op
  [2/2]  bench  NoiseSentinelLoop                     7,375 ns/op ±1%   0.000 B/op   0.000 allocs/op    430ms
  [1/2]  bench  FalconVerify                          51,751 ns/op   48.0 B/op   2.00 allocs/op
  [2/2]  bench  FalconVerify                          51,662 ns/op ±0%   48.0 B/op   2.00 allocs/op    520ms
  [1/2]  bench  FalconSign                            10,401,316 ns/op   3,104 B/op   4.00 allocs/op
  [2/2]  bench  FalconSign                            10,405,037 ns/op ±0%   3,104 B/op   4.00 allocs/op    460ms
  [1/2]  bench  MultisigVerify                        179,630 ns/op   2,649 B/op   21.0 allocs/op
  [2/2]  bench  MultisigVerify                        179,865 ns/op ±0%   2,649 B/op ±0%   21.0 allocs/op    370ms
  [1/2]  bench  VrfProve                              166,166 ns/op   224 B/op   5.00 allocs/op
  [2/2]  bench  VrfProve                              166,228 ns/op ±0%   224 B/op   5.00 allocs/op    370ms
  [1/2]  bench  Hash                                  260 ns/op   0.000 B/op   0.000 allocs/op
  [2/2]  bench  Hash                                  261 ns/op ±0%   0.000 B/op   0.000 allocs/op    620ms
  [1/2]  bench  SignVerify                            78,139 ns/op   336 B/op   10.0 allocs/op
  [2/2]  bench  SignVerify                            77,931 ns/op ±0%   336 B/op   10.0 allocs/op    320ms
  [1/2]  bench  Verify25519                           63,051 ns/op   152 B/op   5.00 allocs/op
  [2/2]  bench  Verify25519                           61,795 ns/op ±2%   152 B/op   5.00 allocs/op    460ms
  [1/2]  bench  MerkleSignatureVerify                 108,312 ns/op   9,520 B/op   44.0 allocs/op
  [2/2]  bench  MerkleSignatureVerify                 109,077 ns/op ±1%   9,520 B/op   44.0 allocs/op    600ms
  [1/2]  bench  OneTimeSigBatchVerification/batch=false  182,323 ns/op   783 B/op   17.0 allocs/op
  [2/2]  bench  OneTimeSigBatchVerification/batch=false  185,536 ns/op ±2%   783 B/op   17.0 allocs/op    610ms
  [1/2]  bench  OneTimeSigBatchVerification/batch=true  182,578 ns/op   784 B/op   17.0 allocs/op
  [2/2]  bench  OneTimeSigBatchVerification/batch=true  182,186 ns/op ±0%   784 B/op   17.0 allocs/op    650ms
  [1/2]  bench  VrfVerify                             228,450 ns/op   176 B/op   3.00 allocs/op
  [2/2]  bench  VrfVerify                             226,684 ns/op ±1%   176 B/op   3.00 allocs/op    710ms
  [1/2]  bench  AppRateLimiter_TxgroupToKeys          16,887 ns/op   3,097 B/op   2.00 allocs/op
  [2/2]  bench  AppRateLimiter_TxgroupToKeys          16,759 ns/op ±1%   3,097 B/op   2.00 allocs/op    820ms
  [1/2]  bench  AddressFormatting                     393 ns/op   128 B/op   2.00 allocs/op
  [2/2]  bench  AddressFormatting                     395 ns/op ±1%   128 B/op   2.00 allocs/op    350ms
  [1/2]  bench  UnmarshalChecksumAddress              904 ns/op   192 B/op   3.00 allocs/op
  [2/2]  bench  UnmarshalChecksumAddress              903 ns/op ±0%   192 B/op   3.00 allocs/op    350ms
  [1/2]  bench  AppendMsgBlockHeader                  56.3 ns/op   17.8 MB/s   0.000 B/op   0.000 allocs/op
  [2/2]  bench  AppendMsgBlockHeader                  56.2 ns/op ±0%   17.8 MB/s ±0%   0.000 B/op   0.000 allocs/op    420ms
  [1/2]  bench  Sortition                             1,569,095 ns/op   2,215 B/op   26.0 allocs/op
  [2/2]  bench  Sortition                             1,567,563 ns/op ±0%   2,215 B/op   26.0 allocs/op    730ms
  [1/2]  bench  TxnIDs/signed-txn-id                  799 ns/op   0.000 B/op   0.000 allocs/op
  [2/2]  bench  TxnIDs/signed-txn-id                  799 ns/op ±0%   0.000 B/op   0.000 allocs/op    330ms
  [1/2]  bench  TxnIDs/group-id                       19,766 ns/op   2,273 B/op   4.00 allocs/op
  [2/2]  bench  TxnIDs/group-id                       19,802 ns/op ±0%   2,272 B/op ±0%   4.00 allocs/op    560ms
  [1/2]  bench  WellFormed/pay                        192 ns/op   0.000 B/op   0.000 allocs/op
  [2/2]  bench  WellFormed/pay                        192 ns/op ±0%   0.000 B/op   0.000 allocs/op    550ms
  [1/2]  bench  WellFormed/axfer                      155 ns/op   0.000 B/op   0.000 allocs/op
  [2/2]  bench  WellFormed/axfer                      154 ns/op ±0%   0.000 B/op   0.000 allocs/op    510ms
  [1/2]  bench  WellFormed/acfg                       147 ns/op   0.000 B/op   0.000 allocs/op
  [2/2]  bench  WellFormed/acfg                       147 ns/op ±0%   0.000 B/op   0.000 allocs/op    510ms
  [1/2]  bench  WellFormed/appl                       174 ns/op   0.000 B/op   0.000 allocs/op
  [2/2]  bench  WellFormed/appl                       173 ns/op ±1%   0.000 B/op   0.000 allocs/op    530ms
  [1/2]  bench  WellFormed/keyreg                     215 ns/op   0.000 B/op   0.000 allocs/op
  [2/2]  bench  WellFormed/keyreg                     215 ns/op ±0%   0.000 B/op   0.000 allocs/op    570ms
  [1/2]  bench  Verify/pop                            56.0 ns/op   3.00 extra/op   6.00 B/op   0.000 allocs/op
  [2/2]  bench  Verify/pop                            56.1 ns/op ±0%   3.00 extra/op   6.00 B/op   0.000 allocs/op    510ms
  [1/2]  bench  Verify/add                            58.6 ns/op   3.00 extra/op   6.00 B/op   0.000 allocs/op
  [2/2]  bench  Verify/add                            58.7 ns/op ±0%   3.00 extra/op   6.00 B/op   0.000 allocs/op    520ms
  [1/2]  bench  Verify/ed25519verify_bare             61,831 ns/op   7.00 extra/op   104 B/op   2.00 allocs/op
  [2/2]  bench  Verify/ed25519verify_bare             61,747 ns/op ±0%   7.00 extra/op   104 B/op   2.00 allocs/op    490ms
  [1/2]  bench  Verify/ecdsa_verify_k1                55,380 ns/op   7.00 extra/op   343 B/op   6.00 allocs/op
  [2/2]  bench  Verify/ecdsa_verify_k1                55,162 ns/op ±0%   7.00 extra/op   344 B/op ±0%   6.00 allocs/op    550ms
  [1/2]  bench  Verify/ecdsa_verify_r1                81,854 ns/op   7.00 extra/op   1,273 B/op   26.0 allocs/op
  [2/2]  bench  Verify/ecdsa_verify_r1                81,797 ns/op ±0%   7.00 extra/op   1,273 B/op   26.0 allocs/op    540ms
  [1/2]  bench  Verify/falcon_verify                  52,150 ns/op   7.00 extra/op   2,103 B/op   3.00 allocs/op
  [2/2]  bench  Verify/falcon_verify                  51,911 ns/op ±0%   7.00 extra/op   2,103 B/op   3.00 allocs/op    910ms
  [1/2]  bench  Verify/vrf_verify                     219,648 ns/op   5.00 extra/op   280 B/op   6.00 allocs/op
  [2/2]  bench  Verify/vrf_verify                     220,544 ns/op ±0%   5.00 extra/op   280 B/op   6.00 allocs/op    520ms
  [1/2]  bench  CheckSignature                        8,318 ns/op   12,320 B/op   9.00 allocs/op
  [2/2]  bench  CheckSignature                        8,320 ns/op ±0%   12,320 B/op   9.00 allocs/op    410ms
  [1/2]  bench  Addx64/add_long_stack                 6,418 ns/op   16,264 B/op   11.0 allocs/op
  [2/2]  bench  Addx64/add_long_stack                 6,616 ns/op ±3%   16,264 B/op   11.0 allocs/op    440ms
  [1/2]  bench  Addx64/add_small_stack                5,699 ns/op   13,192 B/op   9.00 allocs/op
  [2/2]  bench  Addx64/add_small_stack                5,634 ns/op ±1%   13,192 B/op   9.00 allocs/op    410ms
  [1/2]  bench  NopPassx1                             3,040 ns/op   13,192 B/op   9.00 allocs/op
  [2/2]  bench  NopPassx1                             3,009 ns/op ±1%   13,192 B/op   9.00 allocs/op    370ms
  [1/2]  bench  Checkx5                               129,876 ns/op   104,206 B/op   950 allocs/op
  [2/2]  bench  Checkx5                               129,509 ns/op ±0%   104,207 B/op ±0%   950 allocs/op    370ms
  [1/2]  bench  AppendMsgSignedTxn                    149 ns/op   6.73 MB/s   0.000 B/op   0.000 allocs/op
  [2/2]  bench  AppendMsgSignedTxn                    150 ns/op ±1%   6.69 MB/s ±1%   0.000 B/op   0.000 allocs/op    510ms
  [1/2]  bench  TinyMan/eval-lsig-signature           19,285 ns/op   35,400 B/op   86.0 allocs/op
  [2/2]  bench  TinyMan/eval-lsig-signature           19,232 ns/op ±0%   35,400 B/op   86.0 allocs/op    550ms
  [1/2]  bench  TinyMan/group-check-actual            167,674 ns/op   79,296 B/op   136 allocs/op
  [2/2]  bench  TinyMan/group-check-actual            168,263 ns/op ±0%   79,296 B/op   136 allocs/op    1.34s
  [1/2]  bench  TinyMan/group-check-all-crypto        250,171 ns/op   32,601 B/op   37.0 allocs/op
  [2/2]  bench  TinyMan/group-check-all-crypto        249,803 ns/op ±0%   32,601 B/op ±0%   37.0 allocs/op    380ms
  [1/2]  bench  LogicSigSanityCheck                   10,749 ns/op   15,112 B/op   15.0 allocs/op
  [2/2]  bench  LogicSigSanityCheck                   10,726 ns/op ±0%   15,112 B/op   15.0 allocs/op    470ms
  [1/2]  bench  PaysetGroups                          34,915 ns/op   16,128 B/op   8.00 allocs/op
  [2/2]  bench  PaysetGroups                          35,075 ns/op ±0%   16,048 B/op ±0%   8.00 allocs/op    770ms
  [1/2]  bench  Txn                                   64,627 ns/op   9,407 B/op   12.0 allocs/op
  [2/2]  bench  Txn                                   64,689 ns/op ±0%   9,412 B/op ±0%   12.0 allocs/op    1.07s
  [1/2]  bench  TxHandlerProcessing/processDecoded    17,380 ns/op   4,192 B/op   33.0 allocs/op
  [2/2]  bench  TxHandlerProcessing/processDecoded    16,613 ns/op ±5%   4,192 B/op   33.0 allocs/op    1.25s
  [1/2]  bench  TxHandlerProcessing/verify.TxnGroup   67,166 ns/op   11,328 B/op   16.0 allocs/op
  [2/2]  bench  TxHandlerProcessing/verify.TxnGroup   66,964 ns/op ±0%   11,328 B/op   16.0 allocs/op    540ms
  [1/2]  bench  TxHandlerDecoderMsgp                  25,423,133 ns/op   14,123,177 B/op   12,501 allocs/op
  [2/2]  bench  TxHandlerDecoderMsgp                  25,881,376 ns/op ±2%   14,123,177 B/op ±0%   12,501 allocs/op    1.25s
  [1/2]  bench  CompactDeltas/account-deltas          2,509,172 ns/op   4,096,682 B/op   0.000 allocs/op
  [2/2]  bench  CompactDeltas/account-deltas          2,760,640 ns/op ±9%   4,096,682 B/op   0.000 allocs/op    3.6s
  [1/2]  bench  CompactResourceDeltas                 6,611,475 ns/op   9,252,922 B/op   15.0 allocs/op
  [2/2]  bench  CompactResourceDeltas                 6,596,877 ns/op ±0%   9,253,078 B/op ±0%   15.5 allocs/op ±3%    410ms
  [1/2]  bench  TxTailCheckDup/hit                    82.8 ns/op   48.0 B/op   1.00 allocs/op
  [2/2]  bench  TxTailCheckDup/hit                    82.7 ns/op ±0%   48.0 B/op   1.00 allocs/op    440ms
  [1/2]  bench  TxTailCheckDup/miss                   40.0 ns/op   0.000 B/op   0.000 allocs/op
  [2/2]  bench  TxTailCheckDup/miss                   40.0 ns/op ±0%   0.000 B/op   0.000 allocs/op    400ms
  [1/2]  bench  CowChild                              58.9 ns/op   0.000 B/op   0.000 allocs/op
  [2/2]  bench  CowChild                              58.8 ns/op ±0%   0.000 B/op   0.000 allocs/op    410ms
  [1/2]  bench  PrefetcherApps                        264 ns/op   224 B/op   0.000 allocs/op
  [2/2]  bench  PrefetcherApps                        247 ns/op ±7%   219 B/op ±3%   0.000 allocs/op    1.97s
  [1/2]  bench  PrefetcherPayment                     409 ns/op   224 B/op   0.000 allocs/op
  [2/2]  bench  PrefetcherPayment                     376 ns/op ±9%   224 B/op   0.000 allocs/op    830ms
  [1/2]  bench  BlockEvaluatorRAMNoCrypto             587,940,936 ns/op   11,760 ns/eval_validate_tx   569,112,892 B/op   2,049,526 allocs/op
  [2/2]  bench  BlockEvaluatorRAMNoCrypto             604,193,673 ns/op ±3%   12,085 ns/eval_validate_tx ±3%   569,120,346 B/op ±0%   2,049,595 allocs/op ±0%    11.12s
  [1/2]  bench  BlockValidationMix                    2,078,773,995 ns/op   1,814,924,976 B/op   9,139,967 allocs/op
  [2/2]  bench  BlockValidationMix                    2,106,451,756 ns/op ±1%   1,811,674,924 B/op ±0%   9,156,973 allocs/op ±0%    11.45s
  [1/2]  bench  AppInt1                               765,738,500 ns/op   1,769,342,280 B/op   2,648,067 allocs/op
  [2/2]  bench  AppInt1                               761,113,507 ns/op ±1%   1,769,294,880 B/op ±0%   2,648,056 allocs/op ±0%    1.87s
  [1/2]  bench  AccountDeltasOps/upsert               745,617 ns/op   3,489,879 B/op   4.00 allocs/op
  [2/2]  bench  AccountDeltasOps/upsert               750,270 ns/op ±1%   3,489,880 B/op ±0%   4.00 allocs/op    730ms
  [1/2]  bench  AccountDeltasOps/merge                663,217 ns/op   957,347 B/op   132 allocs/op
  [2/2]  bench  AccountDeltasOps/merge                667,652 ns/op ±1%   957,436 B/op ±0%   132 allocs/op    790ms
  [1/2]  bench  AccountDeltasOps/optimize             141,495 ns/op   442,554 B/op   8.00 allocs/op
  [2/2]  bench  AccountDeltasOps/optimize             137,273 ns/op ±3%   442,553 B/op ±0%   8.00 allocs/op    420ms
  [1/2]  bench  MakeStateDelta                        2,184,392 ns/op   20,496,541 B/op   7.00 allocs/op
  [2/2]  bench  MakeStateDelta                        2,171,754 ns/op ±1%   20,496,536 B/op ±0%   7.00 allocs/op    560ms
  [1/2]  bench  OnlineAccountsCacheRead320            2,876,427 ns/op   481,133 B/op   2,957 allocs/op
  [2/2]  bench  OnlineAccountsCacheRead320            2,783,039 ns/op ±3%   500,224 B/op ±4%   3,074 allocs/op ±4%    900ms
  [1/2]  bench  MessageFilterCheck/hit                10,267 ns/op   1,184 B/op   9.00 allocs/op
  [2/2]  bench  MessageFilterCheck/hit                10,001 ns/op ±3%   1,184 B/op   9.00 allocs/op    440ms
  [1/2]  bench  MessageFilterCheck/miss               9,676 ns/op   1,184 B/op   9.00 allocs/op
  [2/2]  bench  MessageFilterCheck/miss               9,941 ns/op ±3%   1,184 B/op   9.00 allocs/op    450ms
  [1/2]  bench  GenerateMessageDigest                 538 ns/op   0.000 B/op   0.000 allocs/op
  [2/2]  bench  GenerateMessageDigest                 538 ns/op ±0%   0.000 B/op   0.000 allocs/op    360ms
  [1/2]  bench  BloomFilterSet                        109 ns/op   0.000 B/op   0.000 allocs/op
  [2/2]  bench  BloomFilterSet                        110 ns/op ±1%   0.000 B/op   0.000 allocs/op    2.01s
  [1/2]  bench  BloomFilterTest                       109 ns/op   0.000 B/op   0.000 allocs/op
  [2/2]  bench  BloomFilterTest                       107 ns/op ±1%   0.000 B/op   0.000 allocs/op    2.27s
  [1/2]  bench  TagCounter                            17.5 ns/op   0.000 B/op   0.000 allocs/op
  [2/2]  bench  TagCounter                            17.4 ns/op ±1%   0.000 B/op   0.000 allocs/op    370ms
