  [1/2]  bench  VoteVerify                            424,359 ns/op   6,729 B/op   63.0 allocs/op
  [2/2]  bench  VoteVerify                            424,101 ns/op ±0%   6,729 B/op ±0%   63.0 allocs/op    550ms
  [1/2]  bench  CryptoVerifierVoteVertification       202,549 ns/op   21,674 B/op   69.0 allocs/op
  [2/2]  bench  CryptoVerifierVoteVertification       203,938 ns/op ±1%   21,673 B/op ±0%   69.0 allocs/op    530ms
  [1/2]  bench  CryptoVerifierProposalVertification   272,811 ns/op   9,898 B/op   54.0 allocs/op
  [2/2]  bench  CryptoVerifierProposalVertification   270,783 ns/op ±1%   9,898 B/op   54.0 allocs/op    520ms
  [1/2]  bench  VoteDecoding                          552 ns/op   1,152 B/op   2.00 allocs/op
  [2/2]  bench  VoteDecoding                          584 ns/op ±6%   1,152 B/op   2.00 allocs/op    480ms
  [1/2]  bench  NoiseSentinelHash                     168,603 ns/op   389 MB/s   0.000 B/op   0.000 allocs/op
  [2/2]  bench  NoiseSentinelHash                     168,729 ns/op ±0%   388 MB/s ±0%   0.000 B/op   0.000 allocs/op    370ms
  [1/2]  bench  NoiseSentinelLoop                     7,110 ns/op   0.000 B/op   0.000 allocs/op
  [2/2]  bench  NoiseSentinelLoop                     7,121 ns/op ±0%   0.000 B/op   0.000 allocs/op    430ms
  [1/2]  bench  FalconVerify                          51,331 ns/op   48.0 B/op   2.00 allocs/op
  [2/2]  bench  FalconVerify                          51,915 ns/op ±1%   48.0 B/op   2.00 allocs/op    530ms
  [1/2]  bench  FalconSign                            10,418,954 ns/op   3,104 B/op   4.00 allocs/op
  [2/2]  bench  FalconSign                            10,401,818 ns/op ±0%   3,104 B/op   4.00 allocs/op    460ms
  [1/2]  bench  MultisigVerify                        159,870 ns/op   2,528 B/op   17.0 allocs/op
  [2/2]  bench  MultisigVerify                        159,981 ns/op ±0%   2,528 B/op   17.0 allocs/op    360ms
  [1/2]  bench  VrfProve                              167,436 ns/op   224 B/op   5.00 allocs/op
  [2/2]  bench  VrfProve                              169,541 ns/op ±1%   224 B/op   5.00 allocs/op    390ms
  [1/2]  bench  Hash                                  261 ns/op   0.000 B/op   0.000 allocs/op
  [2/2]  bench  Hash                                  261 ns/op   0.000 B/op   0.000 allocs/op    620ms
  [1/2]  bench  SignVerify                            77,857 ns/op   336 B/op   10.0 allocs/op
  [2/2]  bench  SignVerify                            77,992 ns/op ±0%   336 B/op   10.0 allocs/op    370ms
  [1/2]  bench  Verify25519                           60,254 ns/op   152 B/op   5.00 allocs/op
  [2/2]  bench  Verify25519                           60,727 ns/op ±1%   152 B/op   5.00 allocs/op    480ms
  [1/2]  bench  MerkleSignatureVerify                 111,151 ns/op   9,520 B/op   44.0 allocs/op
  [2/2]  bench  MerkleSignatureVerify                 112,729 ns/op ±1%   9,520 B/op   44.0 allocs/op    630ms
  [1/2]  bench  OneTimeSigBatchVerification/batch=false  161,934 ns/op   1,056 B/op   17.0 allocs/op
  [2/2]  bench  OneTimeSigBatchVerification/batch=false  163,633 ns/op ±1%   1,056 B/op   17.0 allocs/op    670ms
  [1/2]  bench  OneTimeSigBatchVerification/batch=true  157,983 ns/op   1,056 B/op   17.0 allocs/op
  [2/2]  bench  OneTimeSigBatchVerification/batch=true  158,427 ns/op ±0%   1,056 B/op   17.0 allocs/op    660ms
  [1/2]  bench  VrfVerify                             223,148 ns/op   176 B/op   3.00 allocs/op
  [2/2]  bench  VrfVerify                             226,770 ns/op ±2%   176 B/op   3.00 allocs/op    700ms
  [1/2]  bench  AppRateLimiter_TxgroupToKeys          17,153 ns/op   3,097 B/op   2.00 allocs/op
  [2/2]  bench  AppRateLimiter_TxgroupToKeys          16,813 ns/op ±2%   3,097 B/op   2.00 allocs/op    780ms
  [1/2]  bench  AddressFormatting                     405 ns/op   128 B/op   2.00 allocs/op
  [2/2]  bench  AddressFormatting                     406 ns/op ±0%   128 B/op   2.00 allocs/op    350ms
  [1/2]  bench  UnmarshalChecksumAddress              921 ns/op   192 B/op   3.00 allocs/op
  [2/2]  bench  UnmarshalChecksumAddress              923 ns/op ±0%   192 B/op   3.00 allocs/op    350ms
  [1/2]  bench  AppendMsgBlockHeader                  50.9 ns/op   19.6 MB/s   0.000 B/op   0.000 allocs/op
  [2/2]  bench  AppendMsgBlockHeader                  50.8 ns/op ±0%   19.7 MB/s ±0%   0.000 B/op   0.000 allocs/op    410ms
  [1/2]  bench  Sortition                             1,593,577 ns/op   2,215 B/op   26.0 allocs/op
  [2/2]  bench  Sortition                             1,577,755 ns/op ±1%   2,215 B/op   26.0 allocs/op    740ms
  [1/2]  bench  TxnIDs/signed-txn-id                  803 ns/op   0.000 B/op   0.000 allocs/op
  [2/2]  bench  TxnIDs/signed-txn-id                  803 ns/op ±0%   0.000 B/op   0.000 allocs/op    330ms
  [1/2]  bench  TxnIDs/group-id                       19,797 ns/op   2,266 B/op   4.00 allocs/op
  [2/2]  bench  TxnIDs/group-id                       19,806 ns/op ±0%   2,267 B/op ±0%   4.00 allocs/op    560ms
  [1/2]  bench  WellFormed/pay                        182 ns/op   0.000 B/op   0.000 allocs/op
  [2/2]  bench  WellFormed/pay                        182 ns/op ±0%   0.000 B/op   0.000 allocs/op    540ms
  [1/2]  bench  WellFormed/axfer                      153 ns/op   0.000 B/op   0.000 allocs/op
  [2/2]  bench  WellFormed/axfer                      153 ns/op ±0%   0.000 B/op   0.000 allocs/op    510ms
  [1/2]  bench  WellFormed/acfg                       144 ns/op   0.000 B/op   0.000 allocs/op
  [2/2]  bench  WellFormed/acfg                       144 ns/op ±0%   0.000 B/op   0.000 allocs/op    510ms
  [1/2]  bench  WellFormed/appl                       172 ns/op   0.000 B/op   0.000 allocs/op
  [2/2]  bench  WellFormed/appl                       171 ns/op ±0%   0.000 B/op   0.000 allocs/op    530ms
  [1/2]  bench  WellFormed/keyreg                     212 ns/op   0.000 B/op   0.000 allocs/op
  [2/2]  bench  WellFormed/keyreg                     212 ns/op ±0%   0.000 B/op   0.000 allocs/op    570ms
  [1/2]  bench  Verify/pop                            55.5 ns/op   3.00 extra/op   6.00 B/op   0.000 allocs/op
  [2/2]  bench  Verify/pop                            55.5 ns/op ±0%   3.00 extra/op   6.00 B/op   0.000 allocs/op    520ms
  [1/2]  bench  Verify/add                            59.7 ns/op   3.00 extra/op   6.00 B/op   0.000 allocs/op
  [2/2]  bench  Verify/add                            60.0 ns/op ±1%   3.00 extra/op   6.00 B/op   0.000 allocs/op    520ms
  [1/2]  bench  Verify/ed25519verify_bare             60,047 ns/op   7.00 extra/op   104 B/op   2.00 allocs/op
  [2/2]  bench  Verify/ed25519verify_bare             59,307 ns/op ±1%   7.00 extra/op   104 B/op   2.00 allocs/op    480ms
  [1/2]  bench  Verify/ecdsa_verify_k1                54,789 ns/op   7.00 extra/op   344 B/op   6.00 allocs/op
  [2/2]  bench  Verify/ecdsa_verify_k1                55,336 ns/op ±1%   7.00 extra/op   344 B/op   6.00 allocs/op    540ms
  [1/2]  bench  Verify/ecdsa_verify_r1                81,086 ns/op   7.00 extra/op   1,321 B/op   28.0 allocs/op
  [2/2]  bench  Verify/ecdsa_verify_r1                81,011 ns/op ±0%   7.00 extra/op   1,321 B/op   28.0 allocs/op    520ms
  [1/2]  bench  Verify/falcon_verify                  52,839 ns/op   7.00 extra/op   2,103 B/op   3.00 allocs/op
  [2/2]  bench  Verify/falcon_verify                  52,237 ns/op ±1%   7.00 extra/op   2,103 B/op   3.00 allocs/op    930ms
  [1/2]  bench  Verify/vrf_verify                     222,516 ns/op   5.00 extra/op   280 B/op   6.00 allocs/op
  [2/2]  bench  Verify/vrf_verify                     222,882 ns/op ±0%   5.00 extra/op   280 B/op   6.00 allocs/op    530ms
  [1/2]  bench  CheckSignature                        8,319 ns/op   12,320 B/op   9.00 allocs/op
  [2/2]  bench  CheckSignature                        8,336 ns/op ±0%   12,320 B/op   9.00 allocs/op    440ms
  [1/2]  bench  Addx64/add_long_stack                 6,739 ns/op   16,264 B/op   11.0 allocs/op
  [2/2]  bench  Addx64/add_long_stack                 6,767 ns/op ±0%   16,264 B/op   11.0 allocs/op    430ms
  [1/2]  bench  Addx64/add_small_stack                5,954 ns/op   13,192 B/op   9.00 allocs/op
  [2/2]  bench  Addx64/add_small_stack                5,912 ns/op ±1%   13,192 B/op   9.00 allocs/op    410ms
  [1/2]  bench  NopPassx1                             3,189 ns/op   13,192 B/op   9.00 allocs/op
  [2/2]  bench  NopPassx1                             3,206 ns/op ±1%   13,192 B/op   9.00 allocs/op    410ms
  [1/2]  bench  Checkx5                               133,339 ns/op   104,205 B/op   950 allocs/op
  [2/2]  bench  Checkx5                               133,544 ns/op ±0%   104,205 B/op   950 allocs/op    360ms
  [1/2]  bench  AppendMsgSignedTxn                    155 ns/op   6.46 MB/s   0.000 B/op   0.000 allocs/op
  [2/2]  bench  AppendMsgSignedTxn                    155 ns/op ±0%   6.45 MB/s ±0%   0.000 B/op   0.000 allocs/op    520ms
  [1/2]  bench  TinyMan/eval-lsig-signature           19,702 ns/op   35,400 B/op   86.0 allocs/op
  [2/2]  bench  TinyMan/eval-lsig-signature           19,620 ns/op ±0%   35,400 B/op   86.0 allocs/op    560ms
  [1/2]  bench  TinyMan/group-check-actual            183,168 ns/op   79,440 B/op   136 allocs/op
  [2/2]  bench  TinyMan/group-check-actual            183,354 ns/op ±0%   79,440 B/op   136 allocs/op    1.24s
  [1/2]  bench  TinyMan/group-check-all-crypto        197,708 ns/op   33,245 B/op   31.0 allocs/op
  [2/2]  bench  TinyMan/group-check-all-crypto        197,285 ns/op ±0%   33,245 B/op ±0%   31.0 allocs/op    360ms
  [1/2]  bench  LogicSigSanityCheck                   10,782 ns/op   15,032 B/op   14.0 allocs/op
  [2/2]  bench  LogicSigSanityCheck                   10,884 ns/op ±1%   15,032 B/op   14.0 allocs/op    470ms
  [1/2]  bench  PaysetGroups                          19,466 ns/op   13,389 B/op   4.00 allocs/op
  [2/2]  bench  PaysetGroups                          20,111 ns/op ±3%   13,634 B/op ±2%   4.00 allocs/op    1.04s
  [1/2]  bench  Txn                                   65,708 ns/op   9,374 B/op   17.0 allocs/op
  [2/2]  bench  Txn                                   65,701 ns/op ±0%   9,371 B/op ±0%   17.0 allocs/op    1.08s
  [1/2]  bench  TxHandlerProcessing/processDecoded    17,899 ns/op   4,064 B/op   33.0 allocs/op
  [2/2]  bench  TxHandlerProcessing/processDecoded    16,851 ns/op ±6%   4,064 B/op   33.0 allocs/op    1.33s
  [1/2]  bench  TxHandlerProcessing/verify.TxnGroup   66,484 ns/op   11,184 B/op   21.0 allocs/op
  [2/2]  bench  TxHandlerProcessing/verify.TxnGroup   66,323 ns/op ±0%   11,184 B/op   21.0 allocs/op    520ms
  [1/2]  bench  TxHandlerDecoderMsgp                  21,145,687 ns/op   11,298,542 B/op   10,001 allocs/op
  [2/2]  bench  TxHandlerDecoderMsgp                  21,240,678 ns/op ±0%   11,298,542 B/op   10,001 allocs/op    1.25s
  [1/2]  bench  CompactDeltas/account-deltas          2,397,826 ns/op   3,856,689 B/op   0.000 allocs/op
  [2/2]  bench  CompactDeltas/account-deltas          2,605,420 ns/op ±8%   3,856,689 B/op   0.000 allocs/op    3.4s
  [1/2]  bench  CompactResourceDeltas                 6,663,353 ns/op   9,253,479 B/op   16.0 allocs/op
  [2/2]  bench  CompactResourceDeltas                 6,718,848 ns/op ±1%   9,253,137 B/op ±0%   15.5 allocs/op ±3%    430ms
  [1/2]  bench  TxTailCheckDup/hit                    80.8 ns/op   48.0 B/op   1.00 allocs/op
  [2/2]  bench  TxTailCheckDup/hit                    81.2 ns/op ±0%   48.0 B/op   1.00 allocs/op    440ms
  [1/2]  bench  TxTailCheckDup/miss                   39.2 ns/op   0.000 B/op   0.000 allocs/op
  [2/2]  bench  TxTailCheckDup/miss                   39.1 ns/op ±0%   0.000 B/op   0.000 allocs/op    400ms
  [1/2]  bench  CowChild                              53.4 ns/op   0.000 B/op   0.000 allocs/op
  [2/2]  bench  CowChild                              54.5 ns/op ±2%   0.000 B/op   0.000 allocs/op    420ms
  [1/2]  bench  PrefetcherApps                        290 ns/op   212 B/op   0.000 allocs/op
  [2/2]  bench  PrefetcherApps                        253 ns/op ±14%   209 B/op ±2%   0.000 allocs/op    2.01s
  [1/2]  bench  PrefetcherPayment                     345 ns/op   222 B/op   0.000 allocs/op
  [2/2]  bench  PrefetcherPayment                     344 ns/op ±0%   222 B/op   0.000 allocs/op    830ms
  [1/2]  bench  BlockEvaluatorRAMNoCrypto             585,767,150 ns/op   11,717 ns/eval_validate_tx   541,441,016 B/op   2,060,178 allocs/op
  [2/2]  bench  BlockEvaluatorRAMNoCrypto             598,461,844 ns/op ±2%   11,971 ns/eval_validate_tx ±2%   541,424,112 B/op ±0%   2,059,776 allocs/op ±0%    11.08s
  [1/2]  bench  BlockValidationMix                    1,982,740,682 ns/op   1,775,563,248 B/op   9,179,869 allocs/op
  [2/2]  bench  BlockValidationMix                    2,014,811,866 ns/op ±2%   1,772,681,284 B/op ±0%   9,173,536 allocs/op ±0%    11.44s
  [1/2]  bench  AppInt1                               836,217,327 ns/op   1,758,100,008 B/op   2,648,569 allocs/op
  [2/2]  bench  AppInt1                               856,597,040 ns/op ±2%   1,758,106,988 B/op ±0%   2,648,544 allocs/op ±0%    2.16s
  [1/2]  bench  AccountDeltasOps/upsert               727,466 ns/op   3,301,465 B/op   4.00 allocs/op
  [2/2]  bench  AccountDeltasOps/upsert               721,570 ns/op ±1%   3,301,464 B/op ±0%   4.00 allocs/op    420ms
  [1/2]  bench  AccountDeltasOps/merge                741,984 ns/op   969,597 B/op   166 allocs/op
  [2/2]  bench  AccountDeltasOps/merge                734,351 ns/op ±1%   969,654 B/op ±0%   167 allocs/op ±0%    820ms
  [1/2]  bench  AccountDeltasOps/optimize             138,909 ns/op   426,170 B/op   8.00 allocs/op
  [2/2]  bench  AccountDeltasOps/optimize             142,219 ns/op ±2%   426,170 B/op ±0%   8.00 allocs/op    900ms
  [1/2]  bench  MakeStateDelta                        1,979,408 ns/op   19,390,626 B/op   7.00 allocs/op
  [2/2]  bench  MakeStateDelta                        1,923,385 ns/op ±3%   19,390,619 B/op ±0%   7.00 allocs/op    560ms
  [1/2]  bench  OnlineAccountsCacheRead320            3,636,153 ns/op   603,144 B/op   4,021 allocs/op
  [2/2]  bench  OnlineAccountsCacheRead320            3,520,534 ns/op ±3%   603,148 B/op ±0%   4,021 allocs/op    340ms
  [1/2]  bench  MessageFilterCheck/hit                7,682 ns/op   1,184 B/op   9.00 allocs/op
  [2/2]  bench  MessageFilterCheck/hit                7,785 ns/op ±1%   1,184 B/op   9.00 allocs/op    440ms
  [1/2]  bench  MessageFilterCheck/miss               8,113 ns/op   1,184 B/op   9.00 allocs/op
  [2/2]  bench  MessageFilterCheck/miss               8,446 ns/op ±4%   1,184 B/op   9.00 allocs/op    470ms
  [1/2]  bench  GenerateMessageDigest                 542 ns/op   0.000 B/op   0.000 allocs/op
  [2/2]  bench  GenerateMessageDigest                 541 ns/op ±0%   0.000 B/op   0.000 allocs/op    330ms
  [1/2]  bench  BloomFilterSet                        109 ns/op   0.000 B/op   0.000 allocs/op
  [2/2]  bench  BloomFilterSet                        109 ns/op ±0%   0.000 B/op   0.000 allocs/op    2s
  [1/2]  bench  BloomFilterTest                       106 ns/op   0.000 B/op   0.000 allocs/op
  [2/2]  bench  BloomFilterTest                       106 ns/op ±0%   0.000 B/op   0.000 allocs/op    2.27s
  [1/2]  bench  TagCounter                            17.4 ns/op   0.000 B/op   0.000 allocs/op
  [2/2]  bench  TagCounter                            17.7 ns/op ±2%   0.000 B/op   0.000 allocs/op    340ms
