  [1/2]  bench  VoteVerify                            430,648 ns/op   6,730 B/op   63.0 allocs/op
  [2/2]  bench  VoteVerify                            427,759 ns/op ±1%   6,729 B/op ±0%   63.0 allocs/op    520ms
  [1/2]  bench  CryptoVerifierVoteVertification       206,960 ns/op   21,677 B/op   69.0 allocs/op
  [2/2]  bench  CryptoVerifierVoteVertification       204,935 ns/op ±1%   21,672 B/op ±0%   69.0 allocs/op    520ms
  [1/2]  bench  CryptoVerifierProposalVertification   268,688 ns/op   9,898 B/op   54.0 allocs/op
  [2/2]  bench  CryptoVerifierProposalVertification   269,774 ns/op ±0%   9,898 B/op   54.0 allocs/op    530ms
  [1/2]  bench  VoteDecoding                          496 ns/op   1,152 B/op   2.00 allocs/op
  [2/2]  bench  VoteDecoding                          526 ns/op ±6%   1,152 B/op   2.00 allocs/op    870ms
  [1/2]  bench  NoiseSentinelHash                     168,137 ns/op   390 MB/s   0.000 B/op   0.000 allocs/op
  [2/2]  bench  NoiseSentinelHash                     168,127 ns/op ±0%   390 MB/s ±0%   0.000 B/op   0.000 allocs/op    370ms
  [1/2]  bench  NoiseSentinelLoop                     7,154 ns/op   0.000 B/op   0.000 allocs/op
  [2/2]  bench  NoiseSentinelLoop                     7,143 ns/op ±0%   0.000 B/op   0.000 allocs/op    430ms
  [1/2]  bench  FalconVerify                          51,405 ns/op   48.0 B/op   2.00 allocs/op
  [2/2]  bench  FalconVerify                          51,383 ns/op ±0%   48.0 B/op   2.00 allocs/op    520ms
  [1/2]  bench  FalconSign                            10,391,303 ns/op   3,104 B/op   4.00 allocs/op
  [2/2]  bench  FalconSign                            10,387,197 ns/op ±0%   3,104 B/op   4.00 allocs/op    460ms
  [1/2]  bench  MultisigVerify                        160,969 ns/op   2,528 B/op   17.0 allocs/op
  [2/2]  bench  MultisigVerify                        161,498 ns/op ±0%   2,528 B/op   17.0 allocs/op    380ms
  [1/2]  bench  VrfProve                              169,114 ns/op   224 B/op   5.00 allocs/op
  [2/2]  bench  VrfProve                              169,702 ns/op ±0%   224 B/op   5.00 allocs/op    390ms
  [1/2]  bench  Hash                                  265 ns/op   0.000 B/op   0.000 allocs/op
  [2/2]  bench  Hash                                  265 ns/op ±0%   0.000 B/op   0.000 allocs/op    630ms
  [1/2]  bench  SignVerify                            80,014 ns/op   336 B/op   10.0 allocs/op
  [2/2]  bench  SignVerify                            78,877 ns/op ±1%   336 B/op   10.0 allocs/op    360ms
  [1/2]  bench  Verify25519                           60,229 ns/op   152 B/op   5.00 allocs/op
  [2/2]  bench  Verify25519                           60,231 ns/op ±0%   152 B/op   5.00 allocs/op    450ms
  [1/2]  bench  MerkleSignatureVerify                 108,206 ns/op   9,520 B/op   44.0 allocs/op
  [2/2]  bench  MerkleSignatureVerify                 112,845 ns/op ±4%   9,520 B/op   44.0 allocs/op    590ms
  [1/2]  bench  OneTimeSigBatchVerification/batch=false  158,469 ns/op   1,056 B/op   17.0 allocs/op
  [2/2]  bench  OneTimeSigBatchVerification/batch=false  159,376 ns/op ±1%   1,056 B/op   17.0 allocs/op    660ms
  [1/2]  bench  OneTimeSigBatchVerification/batch=true  158,265 ns/op   1,056 B/op   17.0 allocs/op
  [2/2]  bench  OneTimeSigBatchVerification/batch=true  158,203 ns/op ±0%   1,056 B/op   17.0 allocs/op    660ms
  [1/2]  bench  VrfVerify                             221,594 ns/op   176 B/op   3.00 allocs/op
  [2/2]  bench  VrfVerify                             226,475 ns/op ±2%   176 B/op   3.00 allocs/op    750ms
  [1/2]  bench  AppRateLimiter_TxgroupToKeys          16,949 ns/op   3,097 B/op   2.00 allocs/op
  [2/2]  bench  AppRateLimiter_TxgroupToKeys          16,845 ns/op ±1%   3,097 B/op   2.00 allocs/op    800ms
  [1/2]  bench  AddressFormatting                     399 ns/op   128 B/op   2.00 allocs/op
  [2/2]  bench  AddressFormatting                     402 ns/op ±1%   128 B/op   2.00 allocs/op    350ms
  [1/2]  bench  UnmarshalChecksumAddress              921 ns/op   192 B/op   3.00 allocs/op
  [2/2]  bench  UnmarshalChecksumAddress              921 ns/op ±0%   192 B/op   3.00 allocs/op    350ms
  [1/2]  bench  AppendMsgBlockHeader                  50.9 ns/op   19.6 MB/s   0.000 B/op   0.000 allocs/op
  [2/2]  bench  AppendMsgBlockHeader                  51.1 ns/op ±0%   19.6 MB/s ±0%   0.000 B/op   0.000 allocs/op    410ms
  [1/2]  bench  Sortition                             1,572,913 ns/op   2,215 B/op   26.0 allocs/op
  [2/2]  bench  Sortition                             1,567,513 ns/op ±0%   2,215 B/op   26.0 allocs/op    740ms
  [1/2]  bench  TxnIDs/signed-txn-id                  800 ns/op   0.000 B/op   0.000 allocs/op
  [2/2]  bench  TxnIDs/signed-txn-id                  801 ns/op ±0%   0.000 B/op   0.000 allocs/op    370ms
  [1/2]  bench  TxnIDs/group-id                       19,980 ns/op   2,267 B/op   4.00 allocs/op
  [2/2]  bench  TxnIDs/group-id                       19,949 ns/op ±0%   2,269 B/op ±0%   4.00 allocs/op    560ms
  [1/2]  bench  WellFormed/pay                        179 ns/op   0.000 B/op   0.000 allocs/op
  [2/2]  bench  WellFormed/pay                        180 ns/op ±0%   0.000 B/op   0.000 allocs/op    540ms
  [1/2]  bench  WellFormed/axfer                      150 ns/op   0.000 B/op   0.000 allocs/op
  [2/2]  bench  WellFormed/axfer                      150 ns/op ±0%   0.000 B/op   0.000 allocs/op    510ms
  [1/2]  bench  WellFormed/acfg                       143 ns/op   0.000 B/op   0.000 allocs/op
  [2/2]  bench  WellFormed/acfg                       142 ns/op ±0%   0.000 B/op   0.000 allocs/op    500ms
  [1/2]  bench  WellFormed/appl                       170 ns/op   0.000 B/op   0.000 allocs/op
  [2/2]  bench  WellFormed/appl                       170 ns/op ±0%   0.000 B/op   0.000 allocs/op    530ms
  [1/2]  bench  WellFormed/keyreg                     204 ns/op   0.000 B/op   0.000 allocs/op
  [2/2]  bench  WellFormed/keyreg                     205 ns/op ±0%   0.000 B/op   0.000 allocs/op    570ms
  [1/2]  bench  Verify/pop                            56.1 ns/op   3.00 extra/op   6.00 B/op   0.000 allocs/op
  [2/2]  bench  Verify/pop                            56.1 ns/op ±0%   3.00 extra/op   6.00 B/op   0.000 allocs/op    500ms
  [1/2]  bench  Verify/add                            60.1 ns/op   3.00 extra/op   6.00 B/op   0.000 allocs/op
  [2/2]  bench  Verify/add                            61.0 ns/op ±1%   3.00 extra/op   6.00 B/op   0.000 allocs/op    540ms
  [1/2]  bench  Verify/ed25519verify_bare             60,842 ns/op   7.00 extra/op   104 B/op   2.00 allocs/op
  [2/2]  bench  Verify/ed25519verify_bare             59,837 ns/op ±2%   7.00 extra/op   104 B/op   2.00 allocs/op    480ms
  [1/2]  bench  Verify/ecdsa_verify_k1                55,885 ns/op   7.00 extra/op   344 B/op   6.00 allocs/op
  [2/2]  bench  Verify/ecdsa_verify_k1                55,342 ns/op ±1%   7.00 extra/op   344 B/op ±0%   6.00 allocs/op    560ms
  [1/2]  bench  Verify/ecdsa_verify_r1                81,231 ns/op   7.00 extra/op   1,321 B/op   28.0 allocs/op
  [2/2]  bench  Verify/ecdsa_verify_r1                81,347 ns/op ±0%   7.00 extra/op   1,321 B/op   28.0 allocs/op    540ms
  [1/2]  bench  Verify/falcon_verify                  52,981 ns/op   7.00 extra/op   2,103 B/op   3.00 allocs/op
  [2/2]  bench  Verify/falcon_verify                  52,813 ns/op ±0%   7.00 extra/op   2,103 B/op   3.00 allocs/op    930ms
  [1/2]  bench  Verify/vrf_verify                     221,817 ns/op   5.00 extra/op   280 B/op   6.00 allocs/op
  [2/2]  bench  Verify/vrf_verify                     220,778 ns/op ±0%   5.00 extra/op   280 B/op   6.00 allocs/op    530ms
  [1/2]  bench  CheckSignature                        8,544 ns/op   12,320 B/op   9.00 allocs/op
  [2/2]  bench  CheckSignature                        8,600 ns/op ±1%   12,320 B/op   9.00 allocs/op    450ms
  [1/2]  bench  Addx64/add_long_stack                 6,692 ns/op   16,264 B/op   11.0 allocs/op
  [2/2]  bench  Addx64/add_long_stack                 6,683 ns/op ±0%   16,264 B/op   11.0 allocs/op    420ms
  [1/2]  bench  Addx64/add_small_stack                6,454 ns/op   13,192 B/op   9.00 allocs/op
  [2/2]  bench  Addx64/add_small_stack                7,099 ns/op ±9%   13,192 B/op   9.00 allocs/op    440ms
  [1/2]  bench  NopPassx1                             3,291 ns/op   13,192 B/op   9.00 allocs/op
  [2/2]  bench  NopPassx1                             3,283 ns/op ±0%   13,192 B/op   9.00 allocs/op    380ms
  [1/2]  bench  Checkx5                               140,477 ns/op   104,207 B/op   950 allocs/op
  [2/2]  bench  Checkx5                               139,840 ns/op ±0%   104,206 B/op ±0%   950 allocs/op    370ms
  [1/2]  bench  AppendMsgSignedTxn                    147 ns/op   6.83 MB/s   0.000 B/op   0.000 allocs/op
  [2/2]  bench  AppendMsgSignedTxn                    147 ns/op ±0%   6.81 MB/s ±0%   0.000 B/op   0.000 allocs/op    510ms
  [1/2]  bench  TinyMan/eval-lsig-signature           20,283 ns/op   35,400 B/op   86.0 allocs/op
  [2/2]  bench  TinyMan/eval-lsig-signature           20,182 ns/op ±1%   35,400 B/op   86.0 allocs/op    560ms
  [1/2]  bench  TinyMan/group-check-actual            184,728 ns/op   79,440 B/op   136 allocs/op
  [2/2]  bench  TinyMan/group-check-actual            184,639 ns/op ±0%   79,440 B/op   136 allocs/op    2.16s
  [1/2]  bench  TinyMan/group-check-all-crypto        197,059 ns/op   33,245 B/op   31.0 allocs/op
  [2/2]  bench  TinyMan/group-check-all-crypto        196,786 ns/op ±0%   33,245 B/op ±0%   31.0 allocs/op    360ms
  [1/2]  bench  LogicSigSanityCheck                   10,948 ns/op   15,032 B/op   14.0 allocs/op
  [2/2]  bench  LogicSigSanityCheck                   10,966 ns/op ±0%   15,032 B/op   14.0 allocs/op    470ms
  [1/2]  bench  PaysetGroups                          18,964 ns/op   13,099 B/op   4.00 allocs/op
  [2/2]  bench  PaysetGroups                          18,840 ns/op ±1%   13,092 B/op ±0%   4.00 allocs/op    1.01s
  [1/2]  bench  Txn                                   67,730 ns/op   9,365 B/op   17.0 allocs/op
  [2/2]  bench  Txn                                   66,756 ns/op ±1%   9,368 B/op ±0%   17.0 allocs/op    1.11s
  [1/2]  bench  TxHandlerProcessing/processDecoded    16,656 ns/op   4,064 B/op   33.0 allocs/op
  [2/2]  bench  TxHandlerProcessing/processDecoded    17,706 ns/op ±6%   4,064 B/op   33.0 allocs/op    1.42s
  [1/2]  bench  TxHandlerProcessing/verify.TxnGroup   65,191 ns/op   11,184 B/op   21.0 allocs/op
  [2/2]  bench  TxHandlerProcessing/verify.TxnGroup   65,088 ns/op ±0%   11,184 B/op   21.0 allocs/op    530ms
  [1/2]  bench  TxHandlerDecoderMsgp                  21,678,809 ns/op   11,298,544 B/op   10,001 allocs/op
  [2/2]  bench  TxHandlerDecoderMsgp                  22,069,182 ns/op ±2%   11,702,062 B/op ±3%   10,358 allocs/op ±3%    1.22s
  [1/2]  bench  CompactDeltas/account-deltas          2,457,322 ns/op   3,856,689 B/op   0.000 allocs/op
  [2/2]  bench  CompactDeltas/account-deltas          2,698,922 ns/op ±9%   3,856,689 B/op   0.000 allocs/op    3.47s
  [1/2]  bench  CompactResourceDeltas                 6,666,764 ns/op   9,252,967 B/op   16.0 allocs/op
  [2/2]  bench  CompactResourceDeltas                 6,636,778 ns/op ±0%   9,252,944 B/op ±0%   15.5 allocs/op ±3%    410ms
  [1/2]  bench  TxTailCheckDup/hit                    82.9 ns/op   48.0 B/op   1.00 allocs/op
  [2/2]  bench  TxTailCheckDup/hit                    83.0 ns/op ±0%   48.0 B/op   1.00 allocs/op    440ms
  [1/2]  bench  TxTailCheckDup/miss                   38.8 ns/op   0.000 B/op   0.000 allocs/op
  [2/2]  bench  TxTailCheckDup/miss                   38.9 ns/op ±0%   0.000 B/op   0.000 allocs/op    400ms
  [1/2]  bench  CowChild                              54.3 ns/op   0.000 B/op   0.000 allocs/op
  [2/2]  bench  CowChild                              54.3 ns/op ±0%   0.000 B/op   0.000 allocs/op    400ms
  [1/2]  bench  PrefetcherApps                        215 ns/op   204 B/op   0.000 allocs/op
  [2/2]  bench  PrefetcherApps                        231 ns/op ±7%   207 B/op ±1%   0.000 allocs/op    2.06s
  [1/2]  bench  PrefetcherPayment                     343 ns/op   222 B/op   0.000 allocs/op
  [2/2]  bench  PrefetcherPayment                     351 ns/op ±2%   223 B/op ±0%   0.000 allocs/op    810ms
  [1/2]  bench  BlockEvaluatorRAMNoCrypto             608,981,256 ns/op   12,181 ns/eval_validate_tx   541,227,732 B/op   2,051,014 allocs/op
  [2/2]  bench  BlockEvaluatorRAMNoCrypto             604,188,039 ns/op ±1%   12,085 ns/eval_validate_tx ±1%   541,363,212 B/op ±0%   2,056,976 allocs/op ±0%    11.18s
  [1/2]  bench  BlockValidationMix                    2,060,924,573 ns/op   1,776,558,808 B/op   9,177,918 allocs/op
  [2/2]  bench  BlockValidationMix                    2,021,847,705 ns/op ±2%   1,771,703,628 B/op ±0%   9,166,923 allocs/op ±0%    11.47s
  [1/2]  bench  AppInt1                               803,424,219 ns/op   1,758,108,176 B/op   2,648,523 allocs/op
  [2/2]  bench  AppInt1                               853,873,399 ns/op ±6%   1,758,137,240 B/op ±0%   2,648,549 allocs/op ±0%    2.01s
  [1/2]  bench  AccountDeltasOps/upsert               691,267 ns/op   3,301,468 B/op   4.00 allocs/op
  [2/2]  bench  AccountDeltasOps/upsert               695,865 ns/op ±1%   3,301,467 B/op ±0%   4.00 allocs/op    420ms
  [1/2]  bench  AccountDeltasOps/merge                717,093 ns/op   969,699 B/op   167 allocs/op
  [2/2]  bench  AccountDeltasOps/merge                706,098 ns/op ±2%   969,634 B/op ±0%   167 allocs/op ±0%    820ms
  [1/2]  bench  AccountDeltasOps/optimize             132,948 ns/op   426,168 B/op   8.00 allocs/op
  [2/2]  bench  AccountDeltasOps/optimize             132,759 ns/op ±0%   426,170 B/op ±0%   8.00 allocs/op    440ms
  [1/2]  bench  MakeStateDelta                        1,900,552 ns/op   19,390,616 B/op   7.00 allocs/op
  [2/2]  bench  MakeStateDelta                        2,054,901 ns/op ±8%   19,390,617 B/op ±0%   7.00 allocs/op    590ms
  [1/2]  bench  OnlineAccountsCacheRead320            3,609,015 ns/op   603,159 B/op   4,021 allocs/op
  [2/2]  bench  OnlineAccountsCacheRead320            3,577,732 ns/op ±1%   603,156 B/op ±0%   4,021 allocs/op    350ms
  [1/2]  bench  MessageFilterCheck/hit                7,738 ns/op   1,184 B/op   9.00 allocs/op
  [2/2]  bench  MessageFilterCheck/hit                7,594 ns/op ±2%   1,184 B/op   9.00 allocs/op    430ms
  [1/2]  bench  MessageFilterCheck/miss               7,962 ns/op   1,184 B/op   9.00 allocs/op
  [2/2]  bench  MessageFilterCheck/miss               8,113 ns/op ±2%   1,184 B/op   9.00 allocs/op    780ms
  [1/2]  bench  GenerateMessageDigest                 542 ns/op   0.000 B/op   0.000 allocs/op
  [2/2]  bench  GenerateMessageDigest                 542 ns/op ±0%   0.000 B/op   0.000 allocs/op    360ms
  [1/2]  bench  BloomFilterSet                        110 ns/op   0.000 B/op   0.000 allocs/op
  [2/2]  bench  BloomFilterSet                        110 ns/op ±0%   0.000 B/op   0.000 allocs/op    2.02s
  [1/2]  bench  BloomFilterTest                       109 ns/op   0.000 B/op   0.000 allocs/op
  [2/2]  bench  BloomFilterTest                       108 ns/op ±1%   0.000 B/op   0.000 allocs/op    2.26s
  [1/2]  bench  TagCounter                            17.9 ns/op   0.000 B/op   0.000 allocs/op
  [2/2]  bench  TagCounter                            17.8 ns/op ±1%   0.000 B/op   0.000 allocs/op    350ms
