  [1/2]  bench  VoteVerify                            408,619 ns/op   6,728 B/op   63.0 allocs/op
  [2/2]  bench  VoteVerify                            431,859 ns/op ±5%   6,729 B/op ±0%   63.0 allocs/op    560ms
  [1/2]  bench  CryptoVerifierVoteVertification       202,838 ns/op   21,673 B/op   69.0 allocs/op
  [2/2]  bench  CryptoVerifierVoteVertification       202,738 ns/op ±0%   21,672 B/op ±0%   69.0 allocs/op    510ms
  [1/2]  bench  CryptoVerifierProposalVertification   282,488 ns/op   9,898 B/op   54.0 allocs/op
  [2/2]  bench  CryptoVerifierProposalVertification   277,418 ns/op ±2%   9,898 B/op   54.0 allocs/op    840ms
  [1/2]  bench  VoteDecoding                          520 ns/op   1,152 B/op   2.00 allocs/op
  [2/2]  bench  VoteDecoding                          518 ns/op ±0%   1,152 B/op   2.00 allocs/op    830ms
  [1/2]  bench  NoiseSentinelHash                     168,387 ns/op   389 MB/s   0.000 B/op   0.000 allocs/op
  [2/2]  bench  NoiseSentinelHash                     168,281 ns/op ±0%   389 MB/s ±0%   0.000 B/op   0.000 allocs/op    350ms
  [1/2]  bench  NoiseSentinelLoop                     7,112 ns/op   0.000 B/op   0.000 allocs/op
  [2/2]  bench  NoiseSentinelLoop                     7,118 ns/op ±0%   0.000 B/op   0.000 allocs/op    420ms
  [1/2]  bench  FalconVerify                          51,650 ns/op   48.0 B/op   2.00 allocs/op
  [2/2]  bench  FalconVerify                          51,626 ns/op ±0%   48.0 B/op   2.00 allocs/op    480ms
  [1/2]  bench  FalconSign                            10,439,313 ns/op   3,104 B/op   4.00 allocs/op
  [2/2]  bench  FalconSign                            10,442,307 ns/op ±0%   3,104 B/op   4.00 allocs/op    460ms
  [1/2]  bench  MultisigVerify                        162,420 ns/op   2,528 B/op   17.0 allocs/op
  [2/2]  bench  MultisigVerify                        160,569 ns/op ±1%   2,528 B/op   17.0 allocs/op    370ms
  [1/2]  bench  VrfProve                              166,660 ns/op   224 B/op   5.00 allocs/op
  [2/2]  bench  VrfProve                              171,097 ns/op ±3%   224 B/op   5.00 allocs/op    390ms
  [1/2]  bench  Hash                                  261 ns/op   0.000 B/op   0.000 allocs/op
  [2/2]  bench  Hash                                  262 ns/op ±0%   0.000 B/op   0.000 allocs/op    620ms
  [1/2]  bench  SignVerify                            78,401 ns/op   336 B/op   10.0 allocs/op
  [2/2]  bench  SignVerify                            78,228 ns/op ±0%   336 B/op   10.0 allocs/op    360ms
  [1/2]  bench  Verify25519                           60,472 ns/op   152 B/op   5.00 allocs/op
  [2/2]  bench  Verify25519                           60,485 ns/op ±0%   152 B/op   5.00 allocs/op    480ms
  [1/2]  bench  MerkleSignatureVerify                 110,870 ns/op   9,520 B/op   44.0 allocs/op
  [2/2]  bench  MerkleSignatureVerify                 111,659 ns/op ±1%   9,520 B/op   44.0 allocs/op    680ms
  [1/2]  bench  OneTimeSigBatchVerification/batch=false  163,182 ns/op   1,056 B/op   17.0 allocs/op
  [2/2]  bench  OneTimeSigBatchVerification/batch=false  161,621 ns/op ±1%   1,056 B/op   17.0 allocs/op    660ms
  [1/2]  bench  OneTimeSigBatchVerification/batch=true  161,014 ns/op   1,056 B/op   17.0 allocs/op
  [2/2]  bench  OneTimeSigBatchVerification/batch=true  161,435 ns/op ±0%   1,056 B/op   17.0 allocs/op    670ms
  [1/2]  bench  VrfVerify                             222,050 ns/op   176 B/op   3.00 allocs/op
  [2/2]  bench  VrfVerify                             223,591 ns/op ±1%   176 B/op   3.00 allocs/op    690ms
  [1/2]  bench  AppRateLimiter_TxgroupToKeys          18,105 ns/op   3,097 B/op   2.00 allocs/op
  [2/2]  bench  AppRateLimiter_TxgroupToKeys          17,674 ns/op ±2%   3,097 B/op   2.00 allocs/op    800ms
  [1/2]  bench  AddressFormatting                     446 ns/op   128 B/op   2.00 allocs/op
  [2/2]  bench  AddressFormatting                     454 ns/op ±2%   128 B/op   2.00 allocs/op    570ms
  [1/2]  bench  UnmarshalChecksumAddress              926 ns/op   192 B/op   3.00 allocs/op
  [2/2]  bench  UnmarshalChecksumAddress              926 ns/op ±0%   192 B/op   3.00 allocs/op    350ms
  [1/2]  bench  AppendMsgBlockHeader                  51.0 ns/op   19.6 MB/s   0.000 B/op   0.000 allocs/op
  [2/2]  bench  AppendMsgBlockHeader                  51.1 ns/op ±0%   19.6 MB/s ±0%   0.000 B/op   0.000 allocs/op    400ms
  [1/2]  bench  Sortition                             1,592,262 ns/op   2,215 B/op   26.0 allocs/op
  [2/2]  bench  Sortition                             1,577,638 ns/op ±1%   2,216 B/op ±0%   26.0 allocs/op    730ms
  [1/2]  bench  TxnIDs/signed-txn-id                  804 ns/op   0.000 B/op   0.000 allocs/op
  [2/2]  bench  TxnIDs/signed-txn-id                  804 ns/op ±0%   0.000 B/op   0.000 allocs/op    330ms
  [1/2]  bench  TxnIDs/group-id                       19,937 ns/op   2,269 B/op   4.00 allocs/op
  [2/2]  bench  TxnIDs/group-id                       19,920 ns/op ±0%   2,269 B/op   4.00 allocs/op    560ms
  [1/2]  bench  WellFormed/pay                        189 ns/op   0.000 B/op   0.000 allocs/op
  [2/2]  bench  WellFormed/pay                        189 ns/op ±0%   0.000 B/op   0.000 allocs/op    550ms
  [1/2]  bench  WellFormed/axfer                      158 ns/op   0.000 B/op   0.000 allocs/op
  [2/2]  bench  WellFormed/axfer                      158 ns/op ±0%   0.000 B/op   0.000 allocs/op    520ms
  [1/2]  bench  WellFormed/acfg                       150 ns/op   0.000 B/op   0.000 allocs/op
  [2/2]  bench  WellFormed/acfg                       150 ns/op ±0%   0.000 B/op   0.000 allocs/op    510ms
  [1/2]  bench  WellFormed/appl                       179 ns/op   0.000 B/op   0.000 allocs/op
  [2/2]  bench  WellFormed/appl                       179 ns/op ±0%   0.000 B/op   0.000 allocs/op    540ms
  [1/2]  bench  WellFormed/keyreg                     214 ns/op   0.000 B/op   0.000 allocs/op
  [2/2]  bench  WellFormed/keyreg                     214 ns/op ±0%   0.000 B/op   0.000 allocs/op    580ms
  [1/2]  bench  Verify/pop                            56.0 ns/op   3.00 extra/op   6.00 B/op   0.000 allocs/op
  [2/2]  bench  Verify/pop                            55.9 ns/op ±0%   3.00 extra/op   6.00 B/op   0.000 allocs/op    520ms
  [1/2]  bench  Verify/add                            59.9 ns/op   3.00 extra/op   6.00 B/op   0.000 allocs/op
  [2/2]  bench  Verify/add                            60.0 ns/op ±0%   3.00 extra/op   6.00 B/op   0.000 allocs/op    540ms
  [1/2]  bench  Verify/ed25519verify_bare             61,106 ns/op   7.00 extra/op   104 B/op   2.00 allocs/op
  [2/2]  bench  Verify/ed25519verify_bare             61,169 ns/op ±0%   7.00 extra/op   104 B/op   2.00 allocs/op    490ms
  [1/2]  bench  Verify/ecdsa_verify_k1                57,294 ns/op   7.00 extra/op   343 B/op   6.00 allocs/op
  [2/2]  bench  Verify/ecdsa_verify_k1                56,572 ns/op ±1%   7.00 extra/op   343 B/op   6.00 allocs/op    560ms
  [1/2]  bench  Verify/ecdsa_verify_r1                81,804 ns/op   7.00 extra/op   1,321 B/op   28.0 allocs/op
  [2/2]  bench  Verify/ecdsa_verify_r1                81,467 ns/op ±0%   7.00 extra/op   1,321 B/op   28.0 allocs/op    540ms
  [1/2]  bench  Verify/vrf_verify                     220,194 ns/op   5.00 extra/op   280 B/op   6.00 allocs/op
  [2/2]  bench  Verify/vrf_verify                     223,142 ns/op ±1%   5.00 extra/op   280 B/op ±0%   6.00 allocs/op    540ms
  [1/2]  bench  Hash/sha256-0w                        275 ns/op   2.00 extra/op   38.0 B/op   1.00 allocs/op
  [2/2]  bench  Hash/sha256-0w                        276 ns/op ±0%   2.00 extra/op   38.0 B/op   1.00 allocs/op    710ms
  [1/2]  bench  Hash/sha256-32                        251 ns/op   0.000 extra/op   38.0 B/op   1.00 allocs/op
  [2/2]  bench  Hash/sha256-32                        251 ns/op ±0%   0.000 extra/op   38.0 B/op   1.00 allocs/op    640ms
  [1/2]  bench  Hash/sha256-128                       760 ns/op   4.00 extra/op   230 B/op   3.00 allocs/op
  [2/2]  bench  Hash/sha256-128                       760 ns/op ±0%   4.00 extra/op   230 B/op   3.00 allocs/op    480ms
  [1/2]  bench  Hash/sha256-512                       2,079 ns/op   8.00 extra/op   998 B/op   5.00 allocs/op
  [2/2]  bench  Hash/sha256-512                       2,077 ns/op ±0%   8.00 extra/op   998 B/op   5.00 allocs/op    550ms
  [1/2]  bench  Hash/sha256-4096                      13,809 ns/op   14.0 extra/op   8,166 B/op   8.00 allocs/op
  [2/2]  bench  Hash/sha256-4096                      15,053 ns/op ±8%   14.0 extra/op   8,166 B/op   8.00 allocs/op    870ms
  [1/2]  bench  Hash/keccak256-0w                     907 ns/op   2.00 extra/op   934 B/op   3.00 allocs/op
  [2/2]  bench  Hash/keccak256-0w                     906 ns/op ±0%   2.00 extra/op   934 B/op   3.00 allocs/op    390ms
  [1/2]  bench  Hash/keccak256-32                     854 ns/op   0.000 extra/op   934 B/op   3.00 allocs/op
  [2/2]  bench  Hash/keccak256-32                     852 ns/op ±0%   0.000 extra/op   934 B/op   3.00 allocs/op    340ms
  [1/2]  bench  Hash/keccak256-128                    1,001 ns/op   4.00 extra/op   1,126 B/op   5.00 allocs/op
  [2/2]  bench  Hash/keccak256-128                    1,003 ns/op ±0%   4.00 extra/op   1,126 B/op   5.00 allocs/op    470ms
  [1/2]  bench  Hash/keccak256-512                    2,628 ns/op   8.00 extra/op   1,894 B/op   7.00 allocs/op
  [2/2]  bench  Hash/keccak256-512                    2,616 ns/op ±0%   8.00 extra/op   1,894 B/op   7.00 allocs/op    560ms
  [1/2]  bench  Hash/keccak256-4096                   16,346 ns/op   14.0 extra/op   9,062 B/op   10.0 allocs/op
  [2/2]  bench  Hash/keccak256-4096                   16,493 ns/op ±1%   14.0 extra/op   9,063 B/op ±0%   10.0 allocs/op    840ms
  [1/2]  bench  Hash/sha512_256-0w                    334 ns/op   2.00 extra/op   38.0 B/op   1.00 allocs/op
  [2/2]  bench  Hash/sha512_256-0w                    333 ns/op ±0%   2.00 extra/op   38.0 B/op   1.00 allocs/op    380ms
  [1/2]  bench  Hash/sha512_256-32                    312 ns/op   0.000 extra/op   38.0 B/op   1.00 allocs/op
  [2/2]  bench  Hash/sha512_256-32                    312 ns/op ±0%   0.000 extra/op   38.0 B/op   1.00 allocs/op    330ms
  [1/2]  bench  Hash/sha512_256-128                   716 ns/op   4.00 extra/op   230 B/op   3.00 allocs/op
  [2/2]  bench  Hash/sha512_256-128                   717 ns/op ±0%   4.00 extra/op   230 B/op   3.00 allocs/op    490ms
  [1/2]  bench  Hash/sha512_256-512                   1,703 ns/op   8.00 extra/op   998 B/op   5.00 allocs/op
  [2/2]  bench  Hash/sha512_256-512                   1,706 ns/op ±0%   8.00 extra/op   998 B/op   5.00 allocs/op    570ms
  [1/2]  bench  Hash/sha512_256-4096                  10,292 ns/op   14.0 extra/op   8,166 B/op   8.00 allocs/op
  [2/2]  bench  Hash/sha512_256-4096                  10,248 ns/op ±0%   14.0 extra/op   8,166 B/op   8.00 allocs/op    800ms
  [1/2]  bench  CheckSignature                        8,364 ns/op   12,320 B/op   9.00 allocs/op
  [2/2]  bench  CheckSignature                        8,515 ns/op ±2%   12,320 B/op   9.00 allocs/op    450ms
  [1/2]  bench  Addx64/add_long_stack                 6,385 ns/op   16,040 B/op   11.0 allocs/op
  [2/2]  bench  Addx64/add_long_stack                 6,495 ns/op ±2%   16,040 B/op   11.0 allocs/op    430ms
  [1/2]  bench  Addx64/add_small_stack                5,813 ns/op   12,968 B/op   9.00 allocs/op
  [2/2]  bench  Addx64/add_small_stack                5,860 ns/op ±1%   12,968 B/op   9.00 allocs/op    430ms
  [1/2]  bench  NopPassx1                             3,171 ns/op   12,968 B/op   9.00 allocs/op
  [2/2]  bench  NopPassx1                             3,141 ns/op ±1%   12,968 B/op   9.00 allocs/op    370ms
  [1/2]  bench  Checkx5                               134,548 ns/op   103,086 B/op   950 allocs/op
  [2/2]  bench  Checkx5                               135,293 ns/op ±1%   103,086 B/op   950 allocs/op    360ms
  [1/2]  bench  AppendMsgSignedTxn                    149 ns/op   6.71 MB/s   0.000 B/op   0.000 allocs/op
  [2/2]  bench  AppendMsgSignedTxn                    149 ns/op ±0%   6.71 MB/s ±0%   0.000 B/op   0.000 allocs/op    510ms
  [1/2]  bench  TinyMan/eval-lsig-signature           19,946 ns/op   35,168 B/op   85.0 allocs/op
  [2/2]  bench  TinyMan/eval-lsig-signature           19,898 ns/op ±0%   35,168 B/op   85.0 allocs/op    560ms
  [1/2]  bench  TinyMan/group-check-actual            184,326 ns/op   79,208 B/op   135 allocs/op
  [2/2]  bench  TinyMan/group-check-actual            183,437 ns/op ±0%   79,208 B/op   135 allocs/op    1.22s
  [1/2]  bench  TinyMan/group-check-all-crypto        197,569 ns/op   33,020 B/op   31.0 allocs/op
  [2/2]  bench  TinyMan/group-check-all-crypto        197,493 ns/op ±0%   33,020 B/op   31.0 allocs/op    370ms
  [1/2]  bench  LogicSigSanityCheck                   10,931 ns/op   15,032 B/op   14.0 allocs/op
  [2/2]  bench  LogicSigSanityCheck                   10,966 ns/op ±0%   15,032 B/op   14.0 allocs/op    470ms
  [1/2]  bench  PaysetGroups                          19,498 ns/op   13,468 B/op   4.00 allocs/op
  [2/2]  bench  PaysetGroups                          19,685 ns/op ±1%   13,373 B/op ±1%   4.00 allocs/op    1.02s
  [1/2]  bench  Txn                                   64,683 ns/op   9,338 B/op   17.0 allocs/op
  [2/2]  bench  Txn                                   64,890 ns/op ±0%   9,341 B/op ±0%   17.0 allocs/op    1.06s
  [1/2]  bench  TxHandlerProcessing/processDecoded    16,212 ns/op   4,064 B/op   33.0 allocs/op
  [2/2]  bench  TxHandlerProcessing/processDecoded    18,408 ns/op ±12%   4,064 B/op   33.0 allocs/op    1.41s
  [1/2]  bench  TxHandlerProcessing/verify.TxnGroup   65,882 ns/op   10,960 B/op   21.0 allocs/op
  [2/2]  bench  TxHandlerProcessing/verify.TxnGroup   66,393 ns/op ±1%   10,960 B/op   21.0 allocs/op    540ms
  [1/2]  bench  TxHandlerDecoderMsgp                  21,379,581 ns/op   11,298,542 B/op   10,001 allocs/op
  [2/2]  bench  TxHandlerDecoderMsgp                  21,627,077 ns/op ±1%   11,702,061 B/op ±3%   10,358 allocs/op ±3%    1.23s
  [1/2]  bench  CompactDeltas/account-deltas          2,415,584 ns/op   3,856,690 B/op   0.000 allocs/op
  [2/2]  bench  CompactDeltas/account-deltas          2,591,727 ns/op ±7%   3,856,690 B/op ±0%   0.000 allocs/op    3.36s
  [1/2]  bench  CompactResourceDeltas                 6,583,517 ns/op   9,252,538 B/op   15.0 allocs/op
  [2/2]  bench  CompactResourceDeltas                 6,578,614 ns/op ±0%   9,252,729 B/op ±0%   15.0 allocs/op    410ms
  [1/2]  bench  TxTailCheckDup/hit                    85.3 ns/op   48.0 B/op   1.00 allocs/op
  [2/2]  bench  TxTailCheckDup/hit                    85.5 ns/op ±0%   48.0 B/op   1.00 allocs/op    450ms
  [1/2]  bench  TxTailCheckDup/miss                   38.7 ns/op   0.000 B/op   0.000 allocs/op
  [2/2]  bench  TxTailCheckDup/miss                   38.7 ns/op ±0%   0.000 B/op   0.000 allocs/op    400ms
  [1/2]  bench  CowChild                              55.1 ns/op   0.000 B/op   0.000 allocs/op
  [2/2]  bench  CowChild                              55.8 ns/op ±1%   0.000 B/op   0.000 allocs/op    380ms
  [1/2]  bench  PrefetcherApps                        215 ns/op   224 B/op   0.000 allocs/op
  [2/2]  bench  PrefetcherApps                        216 ns/op ±0%   213 B/op ±5%   0.000 allocs/op    1.95s
  [1/2]  bench  PrefetcherPayment                     340 ns/op   222 B/op   0.000 allocs/op
  [2/2]  bench  PrefetcherPayment                     343 ns/op ±1%   222 B/op   0.000 allocs/op    850ms
  [1/2]  bench  BlockEvaluatorRAMNoCrypto             577,012,697 ns/op   11,542 ns/eval_validate_tx   537,519,716 B/op   2,111,828 allocs/op
  [2/2]  bench  BlockEvaluatorRAMNoCrypto             576,797,653 ns/op ±0%   11,537 ns/eval_validate_tx ±0%   537,261,418 B/op ±0%   2,110,549 allocs/op ±0%    11.06s
  [1/2]  bench  BlockValidationMix                    2,008,031,298 ns/op   1,764,729,472 B/op   9,224,492 allocs/op
  [2/2]  bench  BlockValidationMix                    1,970,859,807 ns/op ±2%   1,765,809,120 B/op ±0%   9,206,289 allocs/op ±0%    11.33s
  [1/2]  bench  AppInt1                               787,376,452 ns/op   1,752,139,936 B/op   2,712,896 allocs/op
  [2/2]  bench  AppInt1                               794,592,102 ns/op ±1%   1,752,139,488 B/op ±0%   2,712,897 allocs/op ±0%    1.88s
  [1/2]  bench  AccountDeltasOps/upsert               693,975 ns/op   3,301,467 B/op   4.00 allocs/op
  [2/2]  bench  AccountDeltasOps/upsert               701,960 ns/op ±1%   3,301,466 B/op ±0%   4.00 allocs/op    420ms
  [1/2]  bench  AccountDeltasOps/merge                693,853 ns/op   969,615 B/op   166 allocs/op
  [2/2]  bench  AccountDeltasOps/merge                698,224 ns/op ±1%   969,694 B/op ±0%   167 allocs/op ±0%    790ms
  [1/2]  bench  AccountDeltasOps/optimize             136,124 ns/op   426,170 B/op   8.00 allocs/op
  [2/2]  bench  AccountDeltasOps/optimize             136,934 ns/op ±1%   426,171 B/op ±0%   8.00 allocs/op    440ms
  [1/2]  bench  MakeStateDelta                        1,824,093 ns/op   19,390,616 B/op   7.00 allocs/op
  [2/2]  bench  MakeStateDelta                        1,844,561 ns/op ±1%   19,390,614 B/op ±0%   7.00 allocs/op    530ms
  [1/2]  bench  OnlineAccountsCacheRead320            3,027,101 ns/op   474,925 B/op   3,166 allocs/op
  [2/2]  bench  OnlineAccountsCacheRead320            3,331,805 ns/op ±9%   539,044 B/op ±12%   3,594 allocs/op ±12%    360ms
  [1/2]  bench  MessageFilterCheck/hit                9,117 ns/op   1,184 B/op   9.00 allocs/op
  [2/2]  bench  MessageFilterCheck/hit                8,956 ns/op ±2%   1,184 B/op   9.00 allocs/op    440ms
  [1/2]  bench  MessageFilterCheck/miss               7,781 ns/op   1,184 B/op   9.00 allocs/op
  [2/2]  bench  MessageFilterCheck/miss               8,195 ns/op ±5%   1,184 B/op   9.00 allocs/op    460ms
  [1/2]  bench  GenerateMessageDigest                 542 ns/op   0.000 B/op   0.000 allocs/op
  [2/2]  bench  GenerateMessageDigest                 545 ns/op ±0%   0.000 B/op   0.000 allocs/op    340ms
  [1/2]  bench  BloomFilterSet                        114 ns/op   0.000 B/op   0.000 allocs/op
  [2/2]  bench  BloomFilterSet                        113 ns/op ±0%   0.000 B/op   0.000 allocs/op    2.01s
  [1/2]  bench  BloomFilterTest                       108 ns/op   0.000 B/op   0.000 allocs/op
  [2/2]  bench  BloomFilterTest                       107 ns/op ±1%   0.000 B/op   0.000 allocs/op    2.27s
  [1/2]  bench  TagCounter                            17.9 ns/op   0.000 B/op   0.000 allocs/op
  [2/2]  bench  TagCounter                            17.8 ns/op ±0%   0.000 B/op   0.000 allocs/op    350ms
