make: Entering directory '/home/runner/.cache/go-algorand-bench/checkout'
go: downloading golang.org/x/exp v0.0.0-20240213143201-ec583247a57a
go: downloading github.com/multiformats/go-multiaddr v0.12.3
go: downloading golang.org/x/crypto v0.19.0
go: downloading golang.org/x/sys v0.17.0
go: downloading golang.org/x/sync v0.6.0
go: downloading github.com/libp2p/go-libp2p-pubsub v0.10.0
go: downloading github.com/libp2p/go-libp2p v0.33.2
go: downloading github.com/google/go-cmp v0.6.0
go: downloading golang.org/x/net v0.21.0
go: downloading golang.org/x/term v0.17.0
go: downloading golang.org/x/time v0.5.0
go: downloading golang.org/x/text v0.14.0
go: downloading github.com/google/uuid v1.4.0
go: downloading github.com/miekg/dns v1.1.58
go: downloading github.com/prometheus/client_golang v1.18.0
go: downloading google.golang.org/protobuf v1.33.0
go: downloading github.com/libp2p/go-reuseport v0.4.0
go: downloading go.uber.org/fx v1.20.1
go: downloading github.com/mattn/go-isatty v0.0.20
go: downloading go.uber.org/zap v1.27.0
go: downloading github.com/multiformats/go-multistream v0.5.0
go: downloading github.com/hashicorp/golang-lru/v2 v2.0.5
go: downloading github.com/prometheus/client_model v0.6.0
go: downloading github.com/prometheus/common v0.47.0
go: downloading github.com/prometheus/procfs v0.12.0
go: downloading github.com/quic-go/quic-go v0.42.0
go: downloading github.com/libp2p/go-libp2p-asn-util v0.4.1
go: downloading github.com/flynn/noise v1.1.0
go: downloading github.com/klauspost/compress v1.17.6
go: downloading github.com/gorilla/websocket v1.5.1
go: downloading github.com/quic-go/webtransport-go v0.6.0
go: downloading go.uber.org/dig v1.17.1
go: downloading github.com/rogpeppe/go-internal v1.10.0
go: downloading github.com/huin/goupnp v1.3.0
go: downloading github.com/opencontainers/runtime-spec v1.2.0
go: downloading github.com/klauspost/cpuid/v2 v2.2.7
make: 'crypto/libs/linux/amd64/lib/libsodium.a' is up to date.
make: Leaving directory '/home/runner/.cache/go-algorand-bench/checkout'
