  [1/2]  bench  VoteVerify                            421,313 ns/op   6,729 B/op   63.0 allocs/op
  [2/2]  bench  VoteVerify                            419,741 ns/op ±0%   6,729 B/op ±0%   63.0 allocs/op    540ms
  [1/2]  bench  CryptoVerifierVoteVertification       199,064 ns/op   21,670 B/op   69.0 allocs/op
  [2/2]  bench  CryptoVerifierVoteVertification       204,316 ns/op ±3%   21,671 B/op ±0%   69.0 allocs/op    530ms
  [1/2]  bench  CryptoVerifierProposalVertification   273,317 ns/op   9,898 B/op   54.0 allocs/op
  [2/2]  bench  CryptoVerifierProposalVertification   272,635 ns/op ±0%   9,898 B/op   54.0 allocs/op    540ms
  [1/2]  bench  VoteDecoding                          519 ns/op   1,152 B/op   2.00 allocs/op
  [2/2]  bench  VoteDecoding                          520 ns/op ±0%   1,152 B/op   2.00 allocs/op    820ms
  [1/2]  bench  NoiseSentinelHash                     168,350 ns/op   389 MB/s   0.000 B/op   0.000 allocs/op
  [2/2]  bench  NoiseSentinelHash                     168,613 ns/op ±0%   389 MB/s ±0%   0.000 B/op   0.000 allocs/op    370ms
  [1/2]  bench  NoiseSentinelLoop                     7,127 ns/op   0.000 B/op   0.000 allocs/op
  [2/2]  bench  NoiseSentinelLoop                     7,119 ns/op ±0%   0.000 B/op   0.000 allocs/op    420ms
  [1/2]  bench  FalconVerify                          51,731 ns/op   48.0 B/op   2.00 allocs/op
  [2/2]  bench  FalconVerify                          52,321 ns/op ±1%   48.0 B/op   2.00 allocs/op    530ms
  [1/2]  bench  FalconSign                            10,420,390 ns/op   3,104 B/op   4.00 allocs/op
  [2/2]  bench  FalconSign                            10,414,291 ns/op ±0%   3,104 B/op   4.00 allocs/op    460ms
  [1/2]  bench  MultisigVerify                        162,263 ns/op   2,528 B/op   17.0 allocs/op
  [2/2]  bench  MultisigVerify                        161,040 ns/op ±1%   2,529 B/op ±0%   17.0 allocs/op    340ms
  [1/2]  bench  VrfProve                              174,370 ns/op   224 B/op   5.00 allocs/op
  [2/2]  bench  VrfProve                              171,119 ns/op ±2%   224 B/op   5.00 allocs/op    360ms
  [1/2]  bench  Hash                                  261 ns/op   0.000 B/op   0.000 allocs/op
  [2/2]  bench  Hash                                  262 ns/op ±0%   0.000 B/op   0.000 allocs/op    620ms
  [1/2]  bench  SignVerify                            78,008 ns/op   336 B/op   10.0 allocs/op
  [2/2]  bench  SignVerify                            79,106 ns/op ±1%   336 B/op   10.0 allocs/op    380ms
  [1/2]  bench  Verify25519                           60,970 ns/op   152 B/op   5.00 allocs/op
  [2/2]  bench  Verify25519                           61,056 ns/op ±0%   152 B/op   5.00 allocs/op    480ms
  [1/2]  bench  MerkleSignatureVerify                 112,995 ns/op   9,520 B/op   44.0 allocs/op
  [2/2]  bench  MerkleSignatureVerify                 112,986 ns/op ±0%   9,520 B/op   44.0 allocs/op    600ms
  [1/2]  bench  OneTimeSigBatchVerification/batch=false  164,151 ns/op   1,056 B/op   17.0 allocs/op
  [2/2]  bench  OneTimeSigBatchVerification/batch=false  163,012 ns/op ±1%   1,056 B/op   17.0 allocs/op    690ms
  [1/2]  bench  OneTimeSigBatchVerification/batch=true  158,430 ns/op   1,056 B/op   17.0 allocs/op
  [2/2]  bench  OneTimeSigBatchVerification/batch=true  159,681 ns/op ±1%   1,056 B/op   17.0 allocs/op    670ms
  [1/2]  bench  VrfVerify                             229,901 ns/op   176 B/op   3.00 allocs/op
  [2/2]  bench  VrfVerify                             232,484 ns/op ±1%   176 B/op   3.00 allocs/op    730ms
  [1/2]  bench  AppRateLimiter_TxgroupToKeys          16,864 ns/op   3,097 B/op   2.00 allocs/op
  [2/2]  bench  AppRateLimiter_TxgroupToKeys          16,636 ns/op ±1%   3,097 B/op   2.00 allocs/op    790ms
  [1/2]  bench  AddressFormatting                     404 ns/op   128 B/op   2.00 allocs/op
  [2/2]  bench  AddressFormatting                     406 ns/op ±0%   128 B/op   2.00 allocs/op    350ms
  [1/2]  bench  UnmarshalChecksumAddress              923 ns/op   192 B/op   3.00 allocs/op
  [2/2]  bench  UnmarshalChecksumAddress              923 ns/op ±0%   192 B/op   3.00 allocs/op    350ms
  [1/2]  bench  AppendMsgBlockHeader                  51.1 ns/op   19.6 MB/s   0.000 B/op   0.000 allocs/op
  [2/2]  bench  AppendMsgBlockHeader                  51.1 ns/op ±0%   19.6 MB/s ±0%   0.000 B/op   0.000 allocs/op    400ms
  [1/2]  bench  Sortition                             1,559,379 ns/op   2,215 B/op   26.0 allocs/op
  [2/2]  bench  Sortition                             1,560,159 ns/op ±0%   2,215 B/op   26.0 allocs/op    730ms
  [1/2]  bench  TxnIDs/signed-txn-id                  802 ns/op   0.000 B/op   0.000 allocs/op
  [2/2]  bench  TxnIDs/signed-txn-id                  802 ns/op   0.000 B/op   0.000 allocs/op    320ms
  [1/2]  bench  TxnIDs/group-id                       19,918 ns/op   2,273 B/op   4.00 allocs/op
  [2/2]  bench  TxnIDs/group-id                       19,881 ns/op ±0%   2,272 B/op ±0%   4.00 allocs/op    560ms
  [1/2]  bench  WellFormed/pay                        189 ns/op   0.000 B/op   0.000 allocs/op
  [2/2]  bench  WellFormed/pay                        189 ns/op   0.000 B/op   0.000 allocs/op    550ms
  [1/2]  bench  WellFormed/axfer                      159 ns/op   0.000 B/op   0.000 allocs/op
  [2/2]  bench  WellFormed/axfer                      159 ns/op ±0%   0.000 B/op   0.000 allocs/op    520ms
  [1/2]  bench  WellFormed/acfg                       150 ns/op   0.000 B/op   0.000 allocs/op
  [2/2]  bench  WellFormed/acfg                       150 ns/op ±0%   0.000 B/op   0.000 allocs/op    510ms
  [1/2]  bench  WellFormed/appl                       180 ns/op   0.000 B/op   0.000 allocs/op
  [2/2]  bench  WellFormed/appl                       180 ns/op ±0%   0.000 B/op   0.000 allocs/op    540ms
  [1/2]  bench  WellFormed/keyreg                     215 ns/op   0.000 B/op   0.000 allocs/op
  [2/2]  bench  WellFormed/keyreg                     214 ns/op ±0%   0.000 B/op   0.000 allocs/op    580ms
  [1/2]  bench  Verify/pop                            55.6 ns/op   3.00 extra/op   6.00 B/op   0.000 allocs/op
  [2/2]  bench  Verify/pop                            55.5 ns/op ±0%   3.00 extra/op   6.00 B/op   0.000 allocs/op    510ms
  [1/2]  bench  Verify/add                            59.6 ns/op   3.00 extra/op   6.00 B/op   0.000 allocs/op
  [2/2]  bench  Verify/add                            59.3 ns/op ±0%   3.00 extra/op   6.00 B/op   0.000 allocs/op    520ms
  [1/2]  bench  Verify/ed25519verify_bare             58,873 ns/op   7.00 extra/op   104 B/op   2.00 allocs/op
  [2/2]  bench  Verify/ed25519verify_bare             58,966 ns/op ±0%   7.00 extra/op   104 B/op   2.00 allocs/op    480ms
  [1/2]  bench  Verify/ecdsa_verify_k1                55,573 ns/op   7.00 extra/op   343 B/op   6.00 allocs/op
  [2/2]  bench  Verify/ecdsa_verify_k1                54,671 ns/op ±2%   7.00 extra/op   343 B/op   6.00 allocs/op    550ms
  [1/2]  bench  Verify/ecdsa_verify_r1                81,196 ns/op   7.00 extra/op   1,321 B/op   28.0 allocs/op
  [2/2]  bench  Verify/ecdsa_verify_r1                81,240 ns/op ±0%   7.00 extra/op   1,321 B/op ±0%   28.0 allocs/op    550ms
  [1/2]  bench  Verify/vrf_verify                     220,436 ns/op   5.00 extra/op   280 B/op   6.00 allocs/op
  [2/2]  bench  Verify/vrf_verify                     221,320 ns/op ±0%   5.00 extra/op   280 B/op ±0%   6.00 allocs/op    530ms
  [1/2]  bench  Hash/sha256-0w                        275 ns/op   2.00 extra/op   38.0 B/op   1.00 allocs/op
  [2/2]  bench  Hash/sha256-0w                        276 ns/op ±0%   2.00 extra/op   38.0 B/op   1.00 allocs/op    710ms
  [1/2]  bench  Hash/sha256-32                        251 ns/op   0.000 extra/op   38.0 B/op   1.00 allocs/op
  [2/2]  bench  Hash/sha256-32                        251 ns/op ±0%   0.000 extra/op   38.0 B/op   1.00 allocs/op    640ms
  [1/2]  bench  Hash/sha256-128                       761 ns/op   4.00 extra/op   230 B/op   3.00 allocs/op
  [2/2]  bench  Hash/sha256-128                       761 ns/op ±0%   4.00 extra/op   230 B/op   3.00 allocs/op    430ms
  [1/2]  bench  Hash/sha256-512                       2,075 ns/op   8.00 extra/op   998 B/op   5.00 allocs/op
  [2/2]  bench  Hash/sha256-512                       2,072 ns/op ±0%   8.00 extra/op   998 B/op   5.00 allocs/op    550ms
  [1/2]  bench  Hash/sha256-4096                      13,856 ns/op   14.0 extra/op   8,167 B/op   8.00 allocs/op
  [2/2]  bench  Hash/sha256-4096                      15,263 ns/op ±9%   14.0 extra/op   8,167 B/op ±0%   8.00 allocs/op    890ms
  [1/2]  bench  Hash/keccak256-0w                     894 ns/op   2.00 extra/op   934 B/op   3.00 allocs/op
  [2/2]  bench  Hash/keccak256-0w                     894 ns/op ±0%   2.00 extra/op   934 B/op   3.00 allocs/op    390ms
  [1/2]  bench  Hash/keccak256-32                     853 ns/op   0.000 extra/op   934 B/op   3.00 allocs/op
  [2/2]  bench  Hash/keccak256-32                     847 ns/op ±1%   0.000 extra/op   934 B/op   3.00 allocs/op    350ms
  [1/2]  bench  Hash/keccak256-128                    978 ns/op   4.00 extra/op   1,126 B/op   5.00 allocs/op
  [2/2]  bench  Hash/keccak256-128                    980 ns/op ±0%   4.00 extra/op   1,126 B/op   5.00 allocs/op    470ms
  [1/2]  bench  Hash/keccak256-512                    2,644 ns/op   8.00 extra/op   1,894 B/op   7.00 allocs/op
  [2/2]  bench  Hash/keccak256-512                    2,629 ns/op ±1%   8.00 extra/op   1,894 B/op   7.00 allocs/op    560ms
  [1/2]  bench  Hash/keccak256-4096                   16,307 ns/op   14.0 extra/op   9,062 B/op   10.0 allocs/op
  [2/2]  bench  Hash/keccak256-4096                   16,353 ns/op ±0%   14.0 extra/op   9,062 B/op   10.0 allocs/op    900ms
  [1/2]  bench  Hash/sha512_256-0w                    334 ns/op   2.00 extra/op   38.0 B/op   1.00 allocs/op
  [2/2]  bench  Hash/sha512_256-0w                    333 ns/op ±0%   2.00 extra/op   38.0 B/op   1.00 allocs/op    390ms
  [1/2]  bench  Hash/sha512_256-32                    329 ns/op   0.000 extra/op   38.0 B/op   1.00 allocs/op
  [2/2]  bench  Hash/sha512_256-32                    321 ns/op ±3%   0.000 extra/op   38.0 B/op   1.00 allocs/op    340ms
  [1/2]  bench  Hash/sha512_256-128                   722 ns/op   4.00 extra/op   230 B/op   3.00 allocs/op
  [2/2]  bench  Hash/sha512_256-128                   721 ns/op ±0%   4.00 extra/op   230 B/op   3.00 allocs/op    490ms
  [1/2]  bench  Hash/sha512_256-512                   1,702 ns/op   8.00 extra/op   998 B/op   5.00 allocs/op
  [2/2]  bench  Hash/sha512_256-512                   1,704 ns/op ±0%   8.00 extra/op   998 B/op   5.00 allocs/op    560ms
  [1/2]  bench  Hash/sha512_256-4096                  10,367 ns/op   14.0 extra/op   8,166 B/op   8.00 allocs/op
  [2/2]  bench  Hash/sha512_256-4096                  10,238 ns/op ±1%   14.0 extra/op   8,166 B/op   8.00 allocs/op    770ms
  [1/2]  bench  CheckSignature                        8,518 ns/op   12,320 B/op   9.00 allocs/op
  [2/2]  bench  CheckSignature                        8,573 ns/op ±1%   12,320 B/op   9.00 allocs/op    440ms
  [1/2]  bench  Addx64/add_long_stack                 6,659 ns/op   16,040 B/op   11.0 allocs/op
  [2/2]  bench  Addx64/add_long_stack                 6,751 ns/op ±1%   16,040 B/op   11.0 allocs/op    430ms
  [1/2]  bench  Addx64/add_small_stack                5,649 ns/op   12,968 B/op   9.00 allocs/op
  [2/2]  bench  Addx64/add_small_stack                5,717 ns/op ±1%   12,968 B/op   9.00 allocs/op    420ms
  [1/2]  bench  NopPassx1                             3,105 ns/op   12,968 B/op   9.00 allocs/op
  [2/2]  bench  NopPassx1                             3,126 ns/op ±1%   12,968 B/op   9.00 allocs/op    390ms
  [1/2]  bench  Checkx5                               134,431 ns/op   103,086 B/op   950 allocs/op
  [2/2]  bench  Checkx5                               134,154 ns/op ±0%   103,086 B/op   950 allocs/op    350ms
  [1/2]  bench  AppendMsgSignedTxn                    149 ns/op   6.71 MB/s   0.000 B/op   0.000 allocs/op
  [2/2]  bench  AppendMsgSignedTxn                    149 ns/op ±0%   6.72 MB/s ±0%   0.000 B/op   0.000 allocs/op    510ms
  [1/2]  bench  TinyMan/eval-lsig-signature           20,372 ns/op   35,168 B/op   85.0 allocs/op
  [2/2]  bench  TinyMan/eval-lsig-signature           20,286 ns/op ±0%   35,168 B/op   85.0 allocs/op    560ms
  [1/2]  bench  TinyMan/group-check-actual            183,888 ns/op   79,208 B/op   135 allocs/op
  [2/2]  bench  TinyMan/group-check-actual            183,630 ns/op ±0%   79,208 B/op   135 allocs/op    1.24s
  [1/2]  bench  TinyMan/group-check-all-crypto        197,498 ns/op   33,020 B/op   31.0 allocs/op
  [2/2]  bench  TinyMan/group-check-all-crypto        197,444 ns/op ±0%   33,020 B/op   31.0 allocs/op    360ms
  [1/2]  bench  LogicSigSanityCheck                   10,920 ns/op   15,032 B/op   14.0 allocs/op
  [2/2]  bench  LogicSigSanityCheck                   10,949 ns/op ±0%   15,032 B/op   14.0 allocs/op    470ms
  [1/2]  bench  PaysetGroups                          19,951 ns/op   13,302 B/op   4.00 allocs/op
  [2/2]  bench  PaysetGroups                          19,692 ns/op ±1%   13,389 B/op ±1%   4.00 allocs/op    1.01s
  [1/2]  bench  Txn                                   65,189 ns/op   9,346 B/op   17.0 allocs/op
  [2/2]  bench  Txn                                   65,049 ns/op ±0%   9,344 B/op ±0%   17.0 allocs/op    1.06s
  [1/2]  bench  TxHandlerProcessing/processDecoded    16,708 ns/op   4,064 B/op   33.0 allocs/op
  [2/2]  bench  TxHandlerProcessing/processDecoded    18,004 ns/op ±7%   4,064 B/op   33.0 allocs/op    1.34s
  [1/2]  bench  TxHandlerProcessing/verify.TxnGroup   65,399 ns/op   10,960 B/op   21.0 allocs/op
  [2/2]  bench  TxHandlerProcessing/verify.TxnGroup   65,165 ns/op ±0%   10,960 B/op   21.0 allocs/op    510ms
  [1/2]  bench  TxHandlerDecoderMsgp                  22,065,620 ns/op   12,105,580 B/op   10,715 allocs/op
  [2/2]  bench  TxHandlerDecoderMsgp                  21,685,865 ns/op ±2%   11,702,061 B/op ±3%   10,358 allocs/op ±3%    1.24s
  [1/2]  bench  CompactDeltas/account-deltas          2,429,598 ns/op   3,856,689 B/op   0.000 allocs/op
  [2/2]  bench  CompactDeltas/account-deltas          2,637,801 ns/op ±8%   3,856,689 B/op   0.000 allocs/op    3.42s
  [1/2]  bench  CompactResourceDeltas                 6,664,376 ns/op   9,252,582 B/op   15.0 allocs/op
  [2/2]  bench  CompactResourceDeltas                 6,695,313 ns/op ±0%   9,252,626 B/op ±0%   15.0 allocs/op    430ms
  [1/2]  bench  TxTailCheckDup/hit                    85.1 ns/op   48.0 B/op   1.00 allocs/op
  [2/2]  bench  TxTailCheckDup/hit                    85.2 ns/op ±0%   48.0 B/op   1.00 allocs/op    450ms
  [1/2]  bench  TxTailCheckDup/miss                   44.7 ns/op   0.000 B/op   0.000 allocs/op
  [2/2]  bench  TxTailCheckDup/miss                   44.7 ns/op ±0%   0.000 B/op   0.000 allocs/op    410ms
  [1/2]  bench  CowChild                              56.5 ns/op   0.000 B/op   0.000 allocs/op
  [2/2]  bench  CowChild                              58.3 ns/op ±3%   0.000 B/op   0.000 allocs/op    440ms
  [1/2]  bench  PrefetcherApps                        322 ns/op   210 B/op   0.000 allocs/op
  [2/2]  bench  PrefetcherApps                        269 ns/op ±20%   208 B/op ±1%   0.000 allocs/op    2.01s
  [1/2]  bench  PrefetcherPayment                     404 ns/op   222 B/op   0.000 allocs/op
  [2/2]  bench  PrefetcherPayment                     373 ns/op ±8%   222 B/op   0.000 allocs/op    850ms
  [1/2]  bench  BlockEvaluatorRAMNoCrypto             596,195,780 ns/op   11,925 ns/eval_validate_tx   537,035,384 B/op   2,110,051 allocs/op
  [2/2]  bench  BlockEvaluatorRAMNoCrypto             591,329,942 ns/op ±1%   11,828 ns/eval_validate_tx ±1%   536,888,698 B/op ±0%   2,109,902 allocs/op ±0%    11.05s
  [1/2]  bench  BlockValidationMix                    2,027,183,068 ns/op   1,764,920,528 B/op   9,182,022 allocs/op
  [2/2]  bench  BlockValidationMix                    1,991,832,547 ns/op ±2%   1,765,466,220 B/op ±0%   9,195,455 allocs/op ±0%    11.42s
  [1/2]  bench  AppInt1                               792,560,320 ns/op   1,752,168,984 B/op   2,712,889 allocs/op
  [2/2]  bench  AppInt1                               797,866,321 ns/op ±1%   1,752,104,092 B/op ±0%   2,712,860 allocs/op ±0%    2.08s
  [1/2]  bench  AccountDeltasOps/upsert               696,253 ns/op   3,301,464 B/op   4.00 allocs/op
  [2/2]  bench  AccountDeltasOps/upsert               695,411 ns/op ±0%   3,301,464 B/op ±0%   4.00 allocs/op    410ms
  [1/2]  bench  AccountDeltasOps/merge                703,248 ns/op   969,570 B/op   166 allocs/op
  [2/2]  bench  AccountDeltasOps/merge                692,725 ns/op ±2%   969,711 B/op ±0%   167 allocs/op ±0%    740ms
  [1/2]  bench  AccountDeltasOps/optimize             137,422 ns/op   426,171 B/op   8.00 allocs/op
  [2/2]  bench  AccountDeltasOps/optimize             136,096 ns/op ±1%   426,170 B/op ±0%   8.00 allocs/op    420ms
  [1/2]  bench  MakeStateDelta                        1,761,880 ns/op   19,390,615 B/op   7.00 allocs/op
  [2/2]  bench  MakeStateDelta                        1,858,818 ns/op ±5%   19,390,615 B/op   7.00 allocs/op    560ms
  [1/2]  bench  OnlineAccountsCacheRead320            3,541,371 ns/op   603,155 B/op   4,021 allocs/op
  [2/2]  bench  OnlineAccountsCacheRead320            3,650,948 ns/op ±3%   603,148 B/op ±0%   4,021 allocs/op    370ms
  [1/2]  bench  MessageFilterCheck/hit                9,015 ns/op   1,184 B/op   9.00 allocs/op
  [2/2]  bench  MessageFilterCheck/hit                8,306 ns/op ±9%   1,184 B/op   9.00 allocs/op    440ms
  [1/2]  bench  MessageFilterCheck/miss               8,185 ns/op   1,184 B/op   9.00 allocs/op
  [2/2]  bench  MessageFilterCheck/miss               8,044 ns/op ±2%   1,184 B/op   9.00 allocs/op    410ms
  [1/2]  bench  GenerateMessageDigest                 542 ns/op   0.000 B/op   0.000 allocs/op
  [2/2]  bench  GenerateMessageDigest                 542 ns/op ±0%   0.000 B/op   0.000 allocs/op    650ms
  [1/2]  bench  BloomFilterSet                        112 ns/op   0.000 B/op   0.000 allocs/op
  [2/2]  bench  BloomFilterSet                        112 ns/op ±0%   0.000 B/op   0.000 allocs/op    1.99s
  [1/2]  bench  BloomFilterTest                       108 ns/op   0.000 B/op   0.000 allocs/op
  [2/2]  bench  BloomFilterTest                       107 ns/op ±1%   0.000 B/op   0.000 allocs/op    2.25s
  [1/2]  bench  TagCounter                            17.4 ns/op   0.000 B/op   0.000 allocs/op
  [2/2]  bench  TagCounter                            17.9 ns/op ±2%   0.000 B/op   0.000 allocs/op    390ms
