  [1/2]  bench  VoteVerify                            446,542 ns/op   6,561 B/op   63.0 allocs/op
  [2/2]  bench  VoteVerify                            445,498 ns/op ±0%   6,561 B/op ±0%   63.0 allocs/op    550ms
  [1/2]  bench  CryptoVerifierVoteVertification       215,866 ns/op   23,425 B/op   69.0 allocs/op
  [2/2]  bench  CryptoVerifierVoteVertification       216,480 ns/op ±0%   23,424 B/op ±0%   69.0 allocs/op    520ms
  [1/2]  bench  CryptoVerifierProposalVertification   270,251 ns/op   10,810 B/op   54.0 allocs/op
  [2/2]  bench  CryptoVerifierProposalVertification   273,261 ns/op ±1%   10,810 B/op   54.0 allocs/op    530ms
  [1/2]  bench  VoteDecoding                          500 ns/op   1,152 B/op   2.00 allocs/op
  [2/2]  bench  VoteDecoding                          497 ns/op ±1%   1,152 B/op   2.00 allocs/op    830ms
  [1/2]  bench  NoiseSentinelHash                     49,138 ns/op   1,334 MB/s   0.000 B/op   0.000 allocs/op
  [2/2]  bench  NoiseSentinelHash                     49,220 ns/op ±0%   1,332 MB/s ±0%   0.000 B/op   0.000 allocs/op    360ms
  [1/2]  bench  NoiseSentinelLoop                     7,327 ns/op   0.000 B/op   0.000 allocs/op
  [2/2]  bench  NoiseSentinelLoop                     7,333 ns/op ±0%   0.000 B/op   0.000 allocs/op    430ms
  [1/2]  bench  FalconVerify                          51,916 ns/op   48.0 B/op   2.00 allocs/op
  [2/2]  bench  FalconVerify                          51,642 ns/op ±1%   48.0 B/op   2.00 allocs/op    520ms
  [1/2]  bench  FalconSign                            10,407,992 ns/op   3,104 B/op   4.00 allocs/op
  [2/2]  bench  FalconSign                            10,404,923 ns/op ±0%   3,104 B/op   4.00 allocs/op    460ms
  [1/2]  bench  MultisigVerify                        177,473 ns/op   2,648 B/op   21.0 allocs/op
  [2/2]  bench  MultisigVerify                        178,726 ns/op ±1%   2,648 B/op   21.0 allocs/op    370ms
  [1/2]  bench  VrfProve                              171,962 ns/op   224 B/op   5.00 allocs/op
  [2/2]  bench  VrfProve                              169,323 ns/op ±2%   224 B/op   5.00 allocs/op    380ms
  [1/2]  bench  Hash                                  261 ns/op   0.000 B/op   0.000 allocs/op
  [2/2]  bench  Hash                                  261 ns/op ±0%   0.000 B/op   0.000 allocs/op    620ms
  [1/2]  bench  SignVerify                            78,023 ns/op   336 B/op   10.0 allocs/op
  [2/2]  bench  SignVerify                            77,446 ns/op ±1%   336 B/op   10.0 allocs/op    360ms
  [1/2]  bench  Verify25519                           60,260 ns/op   152 B/op   5.00 allocs/op
  [2/2]  bench  Verify25519                           61,096 ns/op ±1%   152 B/op   5.00 allocs/op    490ms
  [1/2]  bench  MerkleSignatureVerify                 109,008 ns/op   9,520 B/op   44.0 allocs/op
  [2/2]  bench  MerkleSignatureVerify                 108,903 ns/op ±0%   9,520 B/op   44.0 allocs/op    600ms
  [1/2]  bench  OneTimeSigBatchVerification/batch=false  185,300 ns/op   784 B/op   17.0 allocs/op
  [2/2]  bench  OneTimeSigBatchVerification/batch=false  184,727 ns/op ±0%   784 B/op ±0%   17.0 allocs/op    640ms
  [1/2]  bench  OneTimeSigBatchVerification/batch=true  182,552 ns/op   784 B/op   17.0 allocs/op
  [2/2]  bench  OneTimeSigBatchVerification/batch=true  182,017 ns/op ±0%   784 B/op   17.0 allocs/op    630ms
  [1/2]  bench  VrfVerify                             232,990 ns/op   176 B/op   3.00 allocs/op
  [2/2]  bench  VrfVerify                             229,736 ns/op ±1%   176 B/op   3.00 allocs/op    720ms
  [1/2]  bench  AppRateLimiter_TxgroupToKeys          17,074 ns/op   3,097 B/op   2.00 allocs/op
  [2/2]  bench  AppRateLimiter_TxgroupToKeys          16,942 ns/op ±1%   3,097 B/op   2.00 allocs/op    820ms
  [1/2]  bench  AddressFormatting                     394 ns/op   128 B/op   2.00 allocs/op
  [2/2]  bench  AddressFormatting                     395 ns/op ±0%   128 B/op   2.00 allocs/op    340ms
  [1/2]  bench  UnmarshalChecksumAddress              905 ns/op   192 B/op   3.00 allocs/op
  [2/2]  bench  UnmarshalChecksumAddress              906 ns/op ±0%   192 B/op   3.00 allocs/op    360ms
  [1/2]  bench  AppendMsgBlockHeader                  58.4 ns/op   17.1 MB/s   0.000 B/op   0.000 allocs/op
  [2/2]  bench  AppendMsgBlockHeader                  57.4 ns/op ±2%   17.4 MB/s ±2%   0.000 B/op   0.000 allocs/op    410ms
  [1/2]  bench  Sortition                             1,551,123 ns/op   2,215 B/op   26.0 allocs/op
  [2/2]  bench  Sortition                             1,554,210 ns/op ±0%   2,216 B/op ±0%   26.0 allocs/op    730ms
  [1/2]  bench  TxnIDs/signed-txn-id                  805 ns/op   0.000 B/op   0.000 allocs/op
  [2/2]  bench  TxnIDs/signed-txn-id                  805 ns/op ±0%   0.000 B/op   0.000 allocs/op    340ms
  [1/2]  bench  TxnIDs/group-id                       19,833 ns/op   2,269 B/op   4.00 allocs/op
  [2/2]  bench  TxnIDs/group-id                       19,839 ns/op ±0%   2,268 B/op ±0%   4.00 allocs/op    560ms
  [1/2]  bench  WellFormed/pay                        185 ns/op   0.000 B/op   0.000 allocs/op
  [2/2]  bench  WellFormed/pay                        185 ns/op ±0%   0.000 B/op   0.000 allocs/op    550ms
  [1/2]  bench  WellFormed/axfer                      150 ns/op   0.000 B/op   0.000 allocs/op
  [2/2]  bench  WellFormed/axfer                      149 ns/op ±1%   0.000 B/op   0.000 allocs/op    510ms
  [1/2]  bench  WellFormed/acfg                       143 ns/op   0.000 B/op   0.000 allocs/op
  [2/2]  bench  WellFormed/acfg                       143 ns/op ±0%   0.000 B/op   0.000 allocs/op    500ms
  [1/2]  bench  WellFormed/appl                       170 ns/op   0.000 B/op   0.000 allocs/op
  [2/2]  bench  WellFormed/appl                       171 ns/op ±1%   0.000 B/op   0.000 allocs/op    540ms
  [1/2]  bench  WellFormed/keyreg                     211 ns/op   0.000 B/op   0.000 allocs/op
  [2/2]  bench  WellFormed/keyreg                     217 ns/op ±3%   0.000 B/op   0.000 allocs/op    590ms
  [1/2]  bench  Verify/pop                            56.3 ns/op   3.00 extra/op   6.00 B/op   0.000 allocs/op
  [2/2]  bench  Verify/pop                            56.2 ns/op ±0%   3.00 extra/op   6.00 B/op   0.000 allocs/op    510ms
  [1/2]  bench  Verify/add                            58.0 ns/op   3.00 extra/op   6.00 B/op   0.000 allocs/op
  [2/2]  bench  Verify/add                            58.0 ns/op ±0%   3.00 extra/op   6.00 B/op   0.000 allocs/op    510ms
  [1/2]  bench  Verify/ed25519verify_bare             58,725 ns/op   7.00 extra/op   104 B/op   2.00 allocs/op
  [2/2]  bench  Verify/ed25519verify_bare             59,805 ns/op ±2%   7.00 extra/op   104 B/op   2.00 allocs/op    480ms
  [1/2]  bench  Verify/ecdsa_verify_k1                55,605 ns/op   7.00 extra/op   344 B/op   6.00 allocs/op
  [2/2]  bench  Verify/ecdsa_verify_k1                55,013 ns/op ±1%   7.00 extra/op   344 B/op   6.00 allocs/op    550ms
  [1/2]  bench  Verify/ecdsa_verify_r1                81,611 ns/op   7.00 extra/op   1,273 B/op   26.0 allocs/op
  [2/2]  bench  Verify/ecdsa_verify_r1                81,721 ns/op ±0%   7.00 extra/op   1,273 B/op   26.0 allocs/op    540ms
  [1/2]  bench  Verify/falcon_verify                  51,943 ns/op   7.00 extra/op   2,103 B/op   3.00 allocs/op
  [2/2]  bench  Verify/falcon_verify                  51,894 ns/op ±0%   7.00 extra/op   2,103 B/op   3.00 allocs/op    920ms
  [1/2]  bench  Verify/vrf_verify                     221,592 ns/op   5.00 extra/op   280 B/op   6.00 allocs/op
  [2/2]  bench  Verify/vrf_verify                     225,016 ns/op ±2%   5.00 extra/op   280 B/op   6.00 allocs/op    540ms
  [1/2]  bench  CheckSignature                        8,714 ns/op   12,320 B/op   9.00 allocs/op
  [2/2]  bench  CheckSignature                        8,725 ns/op ±0%   12,320 B/op   9.00 allocs/op    440ms
  [1/2]  bench  Addx64/add_long_stack                 6,476 ns/op   16,264 B/op   11.0 allocs/op
  [2/2]  bench  Addx64/add_long_stack                 6,443 ns/op ±1%   16,264 B/op   11.0 allocs/op    420ms
  [1/2]  bench  Addx64/add_small_stack                5,695 ns/op   13,192 B/op   9.00 allocs/op
  [2/2]  bench  Addx64/add_small_stack                5,709 ns/op ±0%   13,192 B/op   9.00 allocs/op    410ms
  [1/2]  bench  NopPassx1                             2,832 ns/op   13,192 B/op   9.00 allocs/op
  [2/2]  bench  NopPassx1                             2,857 ns/op ±1%   13,192 B/op   9.00 allocs/op    390ms
  [1/2]  bench  Checkx5                               124,847 ns/op   104,207 B/op   950 allocs/op
  [2/2]  bench  Checkx5                               125,571 ns/op ±1%   104,207 B/op ±0%   950 allocs/op    380ms
  [1/2]  bench  AppendMsgSignedTxn                    148 ns/op   6.76 MB/s   0.000 B/op   0.000 allocs/op
  [2/2]  bench  AppendMsgSignedTxn                    148 ns/op ±0%   6.77 MB/s ±0%   0.000 B/op   0.000 allocs/op    510ms
  [1/2]  bench  TinyMan/eval-lsig-signature           19,505 ns/op   35,400 B/op   86.0 allocs/op
  [2/2]  bench  TinyMan/eval-lsig-signature           19,252 ns/op ±1%   35,400 B/op   86.0 allocs/op    550ms
  [1/2]  bench  TinyMan/group-check-actual            167,975 ns/op   79,296 B/op   136 allocs/op
  [2/2]  bench  TinyMan/group-check-actual            167,865 ns/op ±0%   79,296 B/op   136 allocs/op    1.28s
  [1/2]  bench  TinyMan/group-check-all-crypto        252,919 ns/op   32,600 B/op   37.0 allocs/op
  [2/2]  bench  TinyMan/group-check-all-crypto        250,886 ns/op ±1%   32,600 B/op   37.0 allocs/op    370ms
  [1/2]  bench  LogicSigSanityCheck                   10,462 ns/op   15,112 B/op   15.0 allocs/op
  [2/2]  bench  LogicSigSanityCheck                   10,484 ns/op ±0%   15,112 B/op   15.0 allocs/op    470ms
  [1/2]  bench  PaysetGroups                          35,315 ns/op   15,997 B/op   8.00 allocs/op
  [2/2]  bench  PaysetGroups                          35,151 ns/op ±0%   15,982 B/op ±0%   8.00 allocs/op    770ms
  [1/2]  bench  Txn                                   65,452 ns/op   9,402 B/op   12.0 allocs/op
  [2/2]  bench  Txn                                   65,281 ns/op ±0%   9,405 B/op ±0%   12.0 allocs/op    1.08s
  [1/2]  bench  TxHandlerProcessing/processDecoded    17,726 ns/op   4,192 B/op   33.0 allocs/op
  [2/2]  bench  TxHandlerProcessing/processDecoded    16,454 ns/op ±8%   4,192 B/op   33.0 allocs/op    1.26s
  [1/2]  bench  TxHandlerProcessing/verify.TxnGroup   65,743 ns/op   11,328 B/op   16.0 allocs/op
  [2/2]  bench  TxHandlerProcessing/verify.TxnGroup   66,191 ns/op ±1%   11,328 B/op   16.0 allocs/op    520ms
  [1/2]  bench  TxHandlerDecoderMsgp                  25,119,592 ns/op   14,123,360 B/op   12,501 allocs/op
  [2/2]  bench  TxHandlerDecoderMsgp                  25,262,656 ns/op ±1%   14,123,269 B/op ±0%   12,501 allocs/op    950ms
  [1/2]  bench  CompactDeltas/account-deltas          2,446,247 ns/op   4,096,682 B/op   0.000 allocs/op
  [2/2]  bench  CompactDeltas/account-deltas          2,719,611 ns/op ±10%   4,096,682 B/op   0.000 allocs/op    3.55s
  [1/2]  bench  CompactResourceDeltas                 6,548,755 ns/op   9,252,801 B/op   15.0 allocs/op
  [2/2]  bench  CompactResourceDeltas                 6,477,715 ns/op ±1%   9,252,973 B/op ±0%   15.5 allocs/op ±3%    410ms
  [1/2]  bench  TxTailCheckDup/hit                    90.7 ns/op   48.0 B/op   1.00 allocs/op
  [2/2]  bench  TxTailCheckDup/hit                    90.7 ns/op ±0%   48.0 B/op   1.00 allocs/op    450ms
  [1/2]  bench  TxTailCheckDup/miss                   40.3 ns/op   0.000 B/op   0.000 allocs/op
  [2/2]  bench  TxTailCheckDup/miss                   40.4 ns/op ±0%   0.000 B/op   0.000 allocs/op    400ms
  [1/2]  bench  CowChild                              64.7 ns/op   0.000 B/op   0.000 allocs/op
  [2/2]  bench  CowChild                              61.8 ns/op ±5%   0.000 B/op   0.000 allocs/op    390ms
  [1/2]  bench  PrefetcherApps                        201 ns/op   212 B/op   0.000 allocs/op
  [2/2]  bench  PrefetcherApps                        205 ns/op ±2%   220 B/op ±4%   0.000 allocs/op    1.96s
  [1/2]  bench  PrefetcherPayment                     322 ns/op   224 B/op   0.000 allocs/op
  [2/2]  bench  PrefetcherPayment                     323 ns/op ±0%   224 B/op   0.000 allocs/op    810ms
  [1/2]  bench  BlockEvaluatorRAMNoCrypto             601,265,732 ns/op   12,026 ns/eval_validate_tx   569,182,532 B/op   2,052,619 allocs/op
  [2/2]  bench  BlockEvaluatorRAMNoCrypto             577,726,765 ns/op ±4%   11,556 ns/eval_validate_tx ±4%   569,170,588 B/op ±0%   2,052,082 allocs/op ±0%    10.86s
  [1/2]  bench  BlockValidationMix                    2,044,938,310 ns/op   1,812,662,992 B/op   9,128,016 allocs/op
  [2/2]  bench  BlockValidationMix                    1,964,141,566 ns/op ±4%   1,813,009,936 B/op ±0%   9,146,458 allocs/op ±0%    11.16s
  [1/2]  bench  AppInt1                               788,900,930 ns/op   1,769,375,696 B/op   2,648,080 allocs/op
  [2/2]  bench  AppInt1                               793,373,673 ns/op ±1%   1,769,374,892 B/op ±0%   2,648,075 allocs/op ±0%    1.82s
  [1/2]  bench  AccountDeltasOps/upsert               736,513 ns/op   3,489,884 B/op   4.00 allocs/op
  [2/2]  bench  AccountDeltasOps/upsert               736,517 ns/op ±0%   3,489,881 B/op ±0%   4.00 allocs/op    420ms
  [1/2]  bench  AccountDeltasOps/merge                656,346 ns/op   957,358 B/op   132 allocs/op
  [2/2]  bench  AccountDeltasOps/merge                651,668 ns/op ±1%   957,448 B/op ±0%   132 allocs/op    750ms
  [1/2]  bench  AccountDeltasOps/optimize             129,850 ns/op   442,554 B/op   8.00 allocs/op
  [2/2]  bench  AccountDeltasOps/optimize             130,126 ns/op ±0%   442,554 B/op ±0%   8.00 allocs/op    460ms
  [1/2]  bench  MakeStateDelta                        1,557,817 ns/op   20,496,533 B/op   7.00 allocs/op
  [2/2]  bench  MakeStateDelta                        1,529,953 ns/op ±2%   20,496,534 B/op ±0%   7.00 allocs/op    510ms
  [1/2]  bench  OnlineAccountsCacheRead320            2,424,365 ns/op   433,333 B/op   2,663 allocs/op
  [2/2]  bench  OnlineAccountsCacheRead320            2,675,473 ns/op ±9%   489,303 B/op ±11%   3,007 allocs/op ±11%    950ms
  [1/2]  bench  MessageFilterCheck/hit                9,221 ns/op   1,184 B/op   9.00 allocs/op
  [2/2]  bench  MessageFilterCheck/hit                9,814 ns/op ±6%   1,184 B/op   9.00 allocs/op    470ms
  [1/2]  bench  MessageFilterCheck/miss               9,374 ns/op   1,184 B/op   9.00 allocs/op
  [2/2]  bench  MessageFilterCheck/miss               9,721 ns/op ±4%   1,184 B/op   9.00 allocs/op    440ms
  [1/2]  bench  GenerateMessageDigest                 539 ns/op   0.000 B/op   0.000 allocs/op
  [2/2]  bench  GenerateMessageDigest                 538 ns/op ±0%   0.000 B/op   0.000 allocs/op    310ms
  [1/2]  bench  BloomFilterSet                        110 ns/op   0.000 B/op   0.000 allocs/op
  [2/2]  bench  BloomFilterSet                        110 ns/op ±0%   0.000 B/op   0.000 allocs/op    2s
  [1/2]  bench  BloomFilterTest                       106 ns/op   0.000 B/op   0.000 allocs/op
  [2/2]  bench  BloomFilterTest                       106 ns/op   0.000 B/op   0.000 allocs/op    2.24s
  [1/2]  bench  TagCounter                            17.5 ns/op   0.000 B/op   0.000 allocs/op
  [2/2]  bench  TagCounter                            17.4 ns/op ±1%   0.000 B/op   0.000 allocs/op    340ms
