  [1/2]  bench  VoteVerify                            480,980 ns/op   6,560 B/op   63.0 allocs/op
  [2/2]  bench  VoteVerify                            461,513 ns/op ±4%   6,560 B/op   63.0 allocs/op    530ms
  [1/2]  bench  CryptoVerifierVoteVertification       214,841 ns/op   23,421 B/op   69.0 allocs/op
  [2/2]  bench  CryptoVerifierVoteVertification       216,836 ns/op ±1%   23,422 B/op ±0%   69.0 allocs/op    530ms
  [1/2]  bench  CryptoVerifierProposalVertification   276,065 ns/op   10,810 B/op   54.0 allocs/op
  [2/2]  bench  CryptoVerifierProposalVertification   272,657 ns/op ±1%   10,811 B/op ±0%   54.0 allocs/op    530ms
  [1/2]  bench  VoteDecoding                          501 ns/op   1,152 B/op   2.00 allocs/op
  [2/2]  bench  VoteDecoding                          505 ns/op ±1%   1,152 B/op   2.00 allocs/op    830ms
  [1/2]  bench  NoiseSentinelHash                     49,164 ns/op   1,333 MB/s   0.000 B/op   0.000 allocs/op
  [2/2]  bench  NoiseSentinelHash                     49,214 ns/op ±0%   1,332 MB/s ±0%   0.000 B/op   0.000 allocs/op    360ms
  [1/2]  bench  NoiseSentinelLoop                     7,331 ns/op   0.000 B/op   0.000 allocs/op
  [2/2]  bench  NoiseSentinelLoop                     7,316 ns/op ±0%   0.000 B/op   0.000 allocs/op    430ms
  [1/2]  bench  FalconVerify                          52,656 ns/op   48.0 B/op   2.00 allocs/op
  [2/2]  bench  FalconVerify                          52,660 ns/op ±0%   48.0 B/op   2.00 allocs/op    500ms
  [1/2]  bench  FalconSign                            10,409,238 ns/op   3,104 B/op   4.00 allocs/op
  [2/2]  bench  FalconSign                            10,406,232 ns/op ±0%   3,104 B/op   4.00 allocs/op    450ms
  [1/2]  bench  MultisigVerify                        183,768 ns/op   2,648 B/op   21.0 allocs/op
  [2/2]  bench  MultisigVerify                        183,668 ns/op ±0%   2,649 B/op ±0%   21.0 allocs/op    360ms
  [1/2]  bench  VrfProve                              169,391 ns/op   224 B/op   5.00 allocs/op
  [2/2]  bench  VrfProve                              168,013 ns/op ±1%   224 B/op   5.00 allocs/op    360ms
  [1/2]  bench  Hash                                  262 ns/op   0.000 B/op   0.000 allocs/op
  [2/2]  bench  Hash                                  261 ns/op ±0%   0.000 B/op   0.000 allocs/op    620ms
  [1/2]  bench  SignVerify                            77,539 ns/op   336 B/op   10.0 allocs/op
  [2/2]  bench  SignVerify                            77,307 ns/op ±0%   336 B/op   10.0 allocs/op    360ms
  [1/2]  bench  Verify25519                           61,106 ns/op   152 B/op   5.00 allocs/op
  [2/2]  bench  Verify25519                           60,712 ns/op ±1%   152 B/op   5.00 allocs/op    480ms
  [1/2]  bench  MerkleSignatureVerify                 109,523 ns/op   9,520 B/op   44.0 allocs/op
  [2/2]  bench  MerkleSignatureVerify                 115,256 ns/op ±5%   9,520 B/op   44.0 allocs/op    680ms
  [1/2]  bench  OneTimeSigBatchVerification/batch=false  186,149 ns/op   784 B/op   17.0 allocs/op
  [2/2]  bench  OneTimeSigBatchVerification/batch=false  185,765 ns/op ±0%   784 B/op ±0%   17.0 allocs/op    650ms
  [1/2]  bench  OneTimeSigBatchVerification/batch=true  187,760 ns/op   784 B/op   17.0 allocs/op
  [2/2]  bench  OneTimeSigBatchVerification/batch=true  184,699 ns/op ±2%   784 B/op   17.0 allocs/op    620ms
  [1/2]  bench  VrfVerify                             221,166 ns/op   176 B/op   3.00 allocs/op
  [2/2]  bench  VrfVerify                             223,173 ns/op ±1%   176 B/op   3.00 allocs/op    710ms
  [1/2]  bench  AppRateLimiter_TxgroupToKeys          16,778 ns/op   3,097 B/op   2.00 allocs/op
  [2/2]  bench  AppRateLimiter_TxgroupToKeys          16,661 ns/op ±1%   3,097 B/op   2.00 allocs/op    820ms
  [1/2]  bench  AddressFormatting                     393 ns/op   128 B/op   2.00 allocs/op
  [2/2]  bench  AddressFormatting                     395 ns/op ±0%   128 B/op   2.00 allocs/op    350ms
  [1/2]  bench  UnmarshalChecksumAddress              906 ns/op   192 B/op   3.00 allocs/op
  [2/2]  bench  UnmarshalChecksumAddress              906 ns/op   192 B/op   3.00 allocs/op    360ms
  [1/2]  bench  AppendMsgBlockHeader                  56.6 ns/op   17.7 MB/s   0.000 B/op   0.000 allocs/op
  [2/2]  bench  AppendMsgBlockHeader                  56.6 ns/op ±0%   17.7 MB/s ±0%   0.000 B/op   0.000 allocs/op    410ms
  [1/2]  bench  Sortition                             1,583,541 ns/op   2,215 B/op   26.0 allocs/op
  [2/2]  bench  Sortition                             1,579,910 ns/op ±0%   2,215 B/op   26.0 allocs/op    730ms
  [1/2]  bench  TxnIDs/signed-txn-id                  798 ns/op   0.000 B/op   0.000 allocs/op
  [2/2]  bench  TxnIDs/signed-txn-id                  798 ns/op ±0%   0.000 B/op   0.000 allocs/op    360ms
  [1/2]  bench  TxnIDs/group-id                       19,865 ns/op   2,271 B/op   4.00 allocs/op
  [2/2]  bench  TxnIDs/group-id                       19,833 ns/op ±0%   2,271 B/op   4.00 allocs/op    560ms
  [1/2]  bench  WellFormed/pay                        191 ns/op   0.000 B/op   0.000 allocs/op
  [2/2]  bench  WellFormed/pay                        197 ns/op ±3%   0.000 B/op   0.000 allocs/op    570ms
  [1/2]  bench  WellFormed/axfer                      154 ns/op   0.000 B/op   0.000 allocs/op
  [2/2]  bench  WellFormed/axfer                      155 ns/op ±1%   0.000 B/op   0.000 allocs/op    520ms
  [1/2]  bench  WellFormed/acfg                       148 ns/op   0.000 B/op   0.000 allocs/op
  [2/2]  bench  WellFormed/acfg                       148 ns/op ±0%   0.000 B/op   0.000 allocs/op    510ms
  [1/2]  bench  WellFormed/appl                       172 ns/op   0.000 B/op   0.000 allocs/op
  [2/2]  bench  WellFormed/appl                       172 ns/op ±0%   0.000 B/op   0.000 allocs/op    530ms
  [1/2]  bench  WellFormed/keyreg                     216 ns/op   0.000 B/op   0.000 allocs/op
  [2/2]  bench  WellFormed/keyreg                     216 ns/op ±0%   0.000 B/op   0.000 allocs/op    580ms
  [1/2]  bench  Verify/pop                            55.9 ns/op   3.00 extra/op   6.00 B/op   0.000 allocs/op
  [2/2]  bench  Verify/pop                            56.0 ns/op ±0%   3.00 extra/op   6.00 B/op   0.000 allocs/op    510ms
  [1/2]  bench  Verify/add                            58.4 ns/op   3.00 extra/op   6.00 B/op   0.000 allocs/op
  [2/2]  bench  Verify/add                            58.5 ns/op ±0%   3.00 extra/op   6.00 B/op   0.000 allocs/op    530ms
  [1/2]  bench  Verify/ed25519verify_bare             59,296 ns/op   7.00 extra/op   104 B/op   2.00 allocs/op
  [2/2]  bench  Verify/ed25519verify_bare             58,980 ns/op ±1%   7.00 extra/op   104 B/op   2.00 allocs/op    480ms
  [1/2]  bench  Verify/ecdsa_verify_k1                57,652 ns/op   7.00 extra/op   344 B/op   6.00 allocs/op
  [2/2]  bench  Verify/ecdsa_verify_k1                56,121 ns/op ±3%   7.00 extra/op   344 B/op   6.00 allocs/op    590ms
  [1/2]  bench  Verify/ecdsa_verify_r1                81,822 ns/op   7.00 extra/op   1,273 B/op   26.0 allocs/op
  [2/2]  bench  Verify/ecdsa_verify_r1                82,619 ns/op ±1%   7.00 extra/op   1,273 B/op   26.0 allocs/op    550ms
  [1/2]  bench  Verify/falcon_verify                  52,487 ns/op   7.00 extra/op   2,103 B/op   3.00 allocs/op
  [2/2]  bench  Verify/falcon_verify                  52,934 ns/op ±1%   7.00 extra/op   2,103 B/op   3.00 allocs/op    920ms
  [1/2]  bench  Verify/vrf_verify                     222,372 ns/op   5.00 extra/op   280 B/op   6.00 allocs/op
  [2/2]  bench  Verify/vrf_verify                     221,943 ns/op ±0%   5.00 extra/op   280 B/op   6.00 allocs/op    530ms
  [1/2]  bench  CheckSignature                        8,454 ns/op   12,320 B/op   9.00 allocs/op
  [2/2]  bench  CheckSignature                        8,396 ns/op ±1%   12,320 B/op   9.00 allocs/op    440ms
  [1/2]  bench  Addx64/add_long_stack                 6,304 ns/op   16,264 B/op   11.0 allocs/op
  [2/2]  bench  Addx64/add_long_stack                 6,257 ns/op ±1%   16,264 B/op   11.0 allocs/op    430ms
  [1/2]  bench  Addx64/add_small_stack                5,549 ns/op   13,192 B/op   9.00 allocs/op
  [2/2]  bench  Addx64/add_small_stack                5,551 ns/op ±0%   13,192 B/op   9.00 allocs/op    420ms
  [1/2]  bench  NopPassx1                             2,832 ns/op   13,192 B/op   9.00 allocs/op
  [2/2]  bench  NopPassx1                             2,865 ns/op ±1%   13,192 B/op   9.00 allocs/op    350ms
  [1/2]  bench  Checkx5                               141,878 ns/op   104,207 B/op   950 allocs/op
  [2/2]  bench  Checkx5                               157,051 ns/op ±10%   104,206 B/op ±0%   950 allocs/op    450ms
  [1/2]  bench  AppendMsgSignedTxn                    148 ns/op   6.75 MB/s   0.000 B/op   0.000 allocs/op
  [2/2]  bench  AppendMsgSignedTxn                    148 ns/op ±0%   6.75 MB/s ±0%   0.000 B/op   0.000 allocs/op    510ms
  [1/2]  bench  TinyMan/eval-lsig-signature           19,683 ns/op   35,400 B/op   86.0 allocs/op
  [2/2]  bench  TinyMan/eval-lsig-signature           19,351 ns/op ±2%   35,400 B/op   86.0 allocs/op    550ms
  [1/2]  bench  TinyMan/group-check-actual            169,147 ns/op   79,296 B/op   136 allocs/op
  [2/2]  bench  TinyMan/group-check-actual            168,540 ns/op ±0%   79,296 B/op   136 allocs/op    1.28s
  [1/2]  bench  TinyMan/group-check-all-crypto        249,997 ns/op   32,601 B/op   37.0 allocs/op
  [2/2]  bench  TinyMan/group-check-all-crypto        249,662 ns/op ±0%   32,601 B/op ±0%   37.0 allocs/op    370ms
  [1/2]  bench  LogicSigSanityCheck                   11,529 ns/op   15,112 B/op   15.0 allocs/op
  [2/2]  bench  LogicSigSanityCheck                   12,897 ns/op ±11%   15,112 B/op   15.0 allocs/op    500ms
  [1/2]  bench  PaysetGroups                          35,702 ns/op   15,964 B/op   8.00 allocs/op
  [2/2]  bench  PaysetGroups                          35,485 ns/op ±1%   15,956 B/op ±0%   8.00 allocs/op    770ms
  [1/2]  bench  Txn                                   65,874 ns/op   9,409 B/op   12.0 allocs/op
  [2/2]  bench  Txn                                   65,431 ns/op ±1%   9,405 B/op ±0%   12.0 allocs/op    1.06s
  [1/2]  bench  TxHandlerProcessing/processDecoded    21,378 ns/op   4,192 B/op   33.0 allocs/op
  [2/2]  bench  TxHandlerProcessing/processDecoded    18,264 ns/op ±17%   4,192 B/op   33.0 allocs/op    1.27s
  [1/2]  bench  TxHandlerProcessing/verify.TxnGroup   67,388 ns/op   11,328 B/op   16.0 allocs/op
  [2/2]  bench  TxHandlerProcessing/verify.TxnGroup   66,818 ns/op ±1%   11,328 B/op   16.0 allocs/op    520ms
  [1/2]  bench  TxHandlerDecoderMsgp                  25,951,419 ns/op   14,123,184 B/op   12,501 allocs/op
  [2/2]  bench  TxHandlerDecoderMsgp                  25,659,311 ns/op ±1%   14,123,180 B/op ±0%   12,501 allocs/op    960ms
  [1/2]  bench  CompactDeltas/account-deltas          2,562,250 ns/op   4,096,682 B/op   0.000 allocs/op
  [2/2]  bench  CompactDeltas/account-deltas          2,749,858 ns/op ±7%   4,096,682 B/op   0.000 allocs/op    3.58s
  [1/2]  bench  CompactResourceDeltas                 6,482,625 ns/op   9,252,984 B/op   15.0 allocs/op
  [2/2]  bench  CompactResourceDeltas                 6,518,014 ns/op ±1%   9,253,055 B/op ±0%   15.0 allocs/op    420ms
  [1/2]  bench  TxTailCheckDup/hit                    80.9 ns/op   48.0 B/op   1.00 allocs/op
  [2/2]  bench  TxTailCheckDup/hit                    80.8 ns/op ±0%   48.0 B/op   1.00 allocs/op    440ms
  [1/2]  bench  TxTailCheckDup/miss                   40.5 ns/op   0.000 B/op   0.000 allocs/op
  [2/2]  bench  TxTailCheckDup/miss                   40.5 ns/op ±0%   0.000 B/op   0.000 allocs/op    400ms
  [1/2]  bench  CowChild                              58.6 ns/op   0.000 B/op   0.000 allocs/op
  [2/2]  bench  CowChild                              58.7 ns/op ±0%   0.000 B/op   0.000 allocs/op    410ms
  [1/2]  bench  PrefetcherApps                        223 ns/op   226 B/op   0.000 allocs/op
  [2/2]  bench  PrefetcherApps                        226 ns/op ±1%   217 B/op ±4%   0.000 allocs/op    1.97s
  [1/2]  bench  PrefetcherPayment                     338 ns/op   224 B/op   0.000 allocs/op
  [2/2]  bench  PrefetcherPayment                     371 ns/op ±9%   224 B/op   0.000 allocs/op    900ms
  [1/2]  bench  BlockEvaluatorRAMNoCrypto             609,582,446 ns/op   12,193 ns/eval_validate_tx   568,835,140 B/op   2,047,840 allocs/op
  [2/2]  bench  BlockEvaluatorRAMNoCrypto             612,548,599 ns/op ±0%   12,252 ns/eval_validate_tx ±0%   569,028,730 B/op ±0%   2,051,123 allocs/op ±0%    11.14s
  [1/2]  bench  BlockValidationMix                    2,137,444,021 ns/op   1,812,958,984 B/op   9,139,982 allocs/op
  [2/2]  bench  BlockValidationMix                    2,055,983,452 ns/op ±4%   1,813,798,556 B/op ±0%   9,142,182 allocs/op ±0%    11.22s
  [1/2]  bench  AppInt1                               790,328,474 ns/op   1,769,383,392 B/op   2,648,124 allocs/op
  [2/2]  bench  AppInt1                               800,274,606 ns/op ±1%   1,769,338,516 B/op ±0%   2,648,105 allocs/op ±0%    1.88s
  [1/2]  bench  AccountDeltasOps/upsert               746,171 ns/op   3,489,884 B/op   4.00 allocs/op
  [2/2]  bench  AccountDeltasOps/upsert               776,899 ns/op ±4%   3,489,883 B/op ±0%   4.00 allocs/op    450ms
  [1/2]  bench  AccountDeltasOps/merge                665,016 ns/op   957,460 B/op   132 allocs/op
  [2/2]  bench  AccountDeltasOps/merge                675,033 ns/op ±1%   957,472 B/op ±0%   132 allocs/op    820ms
  [1/2]  bench  AccountDeltasOps/optimize             141,878 ns/op   442,555 B/op   8.00 allocs/op
  [2/2]  bench  AccountDeltasOps/optimize             145,468 ns/op ±2%   442,555 B/op ±0%   8.00 allocs/op    460ms
  [1/2]  bench  MakeStateDelta                        2,074,665 ns/op   20,496,531 B/op   7.00 allocs/op
  [2/2]  bench  MakeStateDelta                        2,131,332 ns/op ±3%   20,496,532 B/op ±0%   7.00 allocs/op    580ms
  [1/2]  bench  OnlineAccountsCacheRead320            2,696,377 ns/op   536,339 B/op   3,296 allocs/op
  [2/2]  bench  OnlineAccountsCacheRead320            2,669,063 ns/op ±1%   521,789 B/op ±3%   3,207 allocs/op ±3%    910ms
  [1/2]  bench  MessageFilterCheck/hit                10,148 ns/op   1,184 B/op   9.00 allocs/op
  [2/2]  bench  MessageFilterCheck/hit                9,810 ns/op ±3%   1,184 B/op   9.00 allocs/op    450ms
  [1/2]  bench  MessageFilterCheck/miss               9,956 ns/op   1,184 B/op   9.00 allocs/op
  [2/2]  bench  MessageFilterCheck/miss               9,839 ns/op ±1%   1,184 B/op   9.00 allocs/op    450ms
  [1/2]  bench  GenerateMessageDigest                 539 ns/op   0.000 B/op   0.000 allocs/op
  [2/2]  bench  GenerateMessageDigest                 539 ns/op ±0%   0.000 B/op   0.000 allocs/op    650ms
  [1/2]  bench  BloomFilterSet                        109 ns/op   0.000 B/op   0.000 allocs/op
  [2/2]  bench  BloomFilterSet                        110 ns/op ±1%   0.000 B/op   0.000 allocs/op    2.01s
  [1/2]  bench  BloomFilterTest                       107 ns/op   0.000 B/op   0.000 allocs/op
  [2/2]  bench  BloomFilterTest                       107 ns/op   0.000 B/op   0.000 allocs/op    2.25s
  [1/2]  bench  TagCounter                            17.1 ns/op   0.000 B/op   0.000 allocs/op
  [2/2]  bench  TagCounter                            17.1 ns/op ±0%   0.000 B/op   0.000 allocs/op    330ms
