  [1/2]  bench  VoteVerify                            452,988 ns/op   6,888 B/op   65.0 allocs/op
  [2/2]  bench  VoteVerify                            455,216 ns/op ±0%   6,888 B/op   65.0 allocs/op    540ms
  [1/2]  bench  CryptoVerifierVoteVertification       215,366 ns/op   24,013 B/op   71.0 allocs/op
  [2/2]  bench  CryptoVerifierVoteVertification       212,706 ns/op ±1%   24,009 B/op ±0%   71.0 allocs/op    520ms
  [1/2]  bench  CryptoVerifierProposalVertification   288,523 ns/op   12,474 B/op   54.0 allocs/op
  [2/2]  bench  CryptoVerifierProposalVertification   289,750 ns/op ±0%   12,475 B/op ±0%   54.0 allocs/op    560ms
  [1/2]  bench  VoteDecoding                          435 ns/op   1,152 B/op   2.00 allocs/op
  [2/2]  bench  VoteDecoding                          507 ns/op ±14%   1,152 B/op   2.00 allocs/op    900ms
  [1/2]  bench  RouterUpdate/root                     142 ns/op   0.000 B/op   0.000 allocs/op
  [2/2]  bench  RouterUpdate/root                     141 ns/op ±1%   0.000 B/op   0.000 allocs/op    500ms
  [1/2]  bench  RouterUpdate/round                    71.0 ns/op   0.000 B/op   0.000 allocs/op
  [2/2]  bench  RouterUpdate/round                    71.9 ns/op ±1%   0.000 B/op   0.000 allocs/op    440ms
  [1/2]  bench  NoiseSentinelHash                     41,288 ns/op   1,587 MB/s   0.000 B/op   0.000 allocs/op
  [2/2]  bench  NoiseSentinelHash                     41,301 ns/op ±0%   1,587 MB/s ±0%   0.000 B/op   0.000 allocs/op    360ms
  [1/2]  bench  NoiseSentinelLoop                     7,643 ns/op   0.000 B/op   0.000 allocs/op
  [2/2]  bench  NoiseSentinelLoop                     7,651 ns/op ±0%   0.000 B/op   0.000 allocs/op    430ms
  [1/2]  bench  BatchVerifierImpls/libsodium_single   4,117,990 ns/op   21,264 B/op   261 allocs/op
  [2/2]  bench  BatchVerifierImpls/libsodium_single   4,235,284 ns/op ±3%   21,264 B/op   261 allocs/op    380ms
  [1/2]  bench  BatchVerifierImpls/libsodium_batch    1,767,454 ns/op   26,064 B/op   12.0 allocs/op
  [2/2]  bench  BatchVerifierImpls/libsodium_batch    1,746,075 ns/op ±1%   26,064 B/op   12.0 allocs/op    530ms
  [1/2]  bench  BatchVerifierImpls/ed25519consensus   1,901,941 ns/op   270,017 B/op   137 allocs/op
  [2/2]  bench  BatchVerifierImpls/ed25519consensus   1,917,502 ns/op ±1%   270,017 B/op ±0%   137 allocs/op    550ms
  [1/2]  bench  BatchVerify/size=1                    61,784 ns/op   336 B/op   9.00 allocs/op
  [2/2]  bench  BatchVerify/size=1                    62,067 ns/op ±0%   336 B/op   9.00 allocs/op    370ms
  [1/2]  bench  BatchVerify/size=64                   4,083,910 ns/op   16,144 B/op   261 allocs/op
  [2/2]  bench  BatchVerify/size=64                   4,214,744 ns/op ±3%   16,144 B/op   261 allocs/op    380ms
  [1/2]  bench  BatchVerify/size=256                  16,954,559 ns/op   64,592 B/op   1,029 allocs/op
  [2/2]  bench  BatchVerify/size=256                  16,854,730 ns/op ±1%   64,592 B/op   1,029 allocs/op    380ms
  [1/2]  bench  FalconVerify                          54,099 ns/op   0.000 B/op   0.000 allocs/op
  [2/2]  bench  FalconVerify                          53,495 ns/op ±1%   0.000 B/op   0.000 allocs/op    500ms
  [1/2]  bench  FalconSign                            9,960,467 ns/op   3,080 B/op   3.00 allocs/op
  [2/2]  bench  FalconSign                            9,955,647 ns/op ±0%   3,080 B/op   3.00 allocs/op    460ms
  [1/2]  bench  MultisigVerify                        189,752 ns/op   2,650 B/op   21.0 allocs/op
  [2/2]  bench  MultisigVerify                        188,821 ns/op ±0%   2,649 B/op ±0%   21.0 allocs/op    360ms
  [1/2]  bench  VrfProve                              172,011 ns/op   224 B/op   5.00 allocs/op
  [2/2]  bench  VrfProve                              175,450 ns/op ±2%   224 B/op   5.00 allocs/op    400ms
  [1/2]  bench  Hash                                  257 ns/op   0.000 B/op   0.000 allocs/op
  [2/2]  bench  Hash                                  260 ns/op ±1%   0.000 B/op   0.000 allocs/op    630ms
  [1/2]  bench  SignVerify                            81,991 ns/op   336 B/op   10.0 allocs/op
  [2/2]  bench  SignVerify                            85,271 ns/op ±4%   336 B/op   10.0 allocs/op    390ms
  [1/2]  bench  Verify25519/libsodium                 63,835 ns/op   128 B/op   4.00 allocs/op
  [2/2]  bench  Verify25519/libsodium                 63,860 ns/op ±0%   128 B/op   4.00 allocs/op    420ms
  [1/2]  bench  Verify25519/ed25519consensus          62,675 ns/op   32.0 B/op   2.00 allocs/op
  [2/2]  bench  Verify25519/ed25519consensus          62,602 ns/op ±0%   32.0 B/op   2.00 allocs/op    470ms
  [1/2]  bench  MerkleSignatureVerify                 102,228 ns/op   9,473 B/op   42.0 allocs/op
  [2/2]  bench  MerkleSignatureVerify                 102,801 ns/op ±1%   9,473 B/op ±0%   42.0 allocs/op    540ms
  [1/2]  bench  OneTimeSigBatchVerification/libsodium_singles  198,803 ns/op   1,303 B/op   24.0 allocs/op
  [2/2]  bench  OneTimeSigBatchVerification/libsodium_singles  197,873 ns/op ±0%   1,304 B/op ±0%   24.0 allocs/op    660ms
  [1/2]  bench  OneTimeSigBatchVerification/libsodium_batch  164,651 ns/op   1,144 B/op   17.0 allocs/op
  [2/2]  bench  OneTimeSigBatchVerification/libsodium_batch  163,259 ns/op ±1%   1,144 B/op   17.0 allocs/op    680ms
  [1/2]  bench  OneTimeSigBatchVerification/ed25519consensus_batch  141,601 ns/op   14,320 B/op   22.0 allocs/op
  [2/2]  bench  OneTimeSigBatchVerification/ed25519consensus_batch  138,334 ns/op ±2%   14,320 B/op ±0%   22.0 allocs/op    700ms
  [1/2]  bench  VrfVerify                             230,357 ns/op   176 B/op   3.00 allocs/op
  [2/2]  bench  VrfVerify                             234,749 ns/op ±2%   176 B/op   3.00 allocs/op    680ms
  [1/2]  bench  AppRateLimiter_TxgroupToKeys          19,479 ns/op   9,512 B/op   3.00 allocs/op
  [2/2]  bench  AppRateLimiter_TxgroupToKeys          19,541 ns/op ±0%   9,512 B/op   3.00 allocs/op    770ms
  [1/2]  bench  AddressFormatting                     387 ns/op   128 B/op   2.00 allocs/op
  [2/2]  bench  AddressFormatting                     387 ns/op ±0%   128 B/op   2.00 allocs/op    340ms
  [1/2]  bench  UnmarshalChecksumAddress              869 ns/op   192 B/op   3.00 allocs/op
  [2/2]  bench  UnmarshalChecksumAddress              873 ns/op ±0%   192 B/op   3.00 allocs/op    350ms
  [1/2]  bench  CodecRealistic/encode-signed-pay      933 ns/op   2,688 B/op   1.00 allocs/op
  [2/2]  bench  CodecRealistic/encode-signed-pay      924 ns/op ±1%   2,688 B/op   1.00 allocs/op    670ms
  [1/2]  bench  CodecRealistic/decode-signed-pay      335 ns/op   64.0 B/op   3.00 allocs/op
  [2/2]  bench  CodecRealistic/decode-signed-pay      336 ns/op ±0%   64.0 B/op   3.00 allocs/op    340ms
  [1/2]  bench  CodecRealistic/encode-signed-appl     1,044 ns/op   3,072 B/op   1.00 allocs/op
  [2/2]  bench  CodecRealistic/encode-signed-appl     1,055 ns/op ±1%   3,072 B/op   1.00 allocs/op    330ms
  [1/2]  bench  CodecRealistic/decode-signed-appl     878 ns/op   376 B/op   13.0 allocs/op
  [2/2]  bench  CodecRealistic/decode-signed-appl     875 ns/op ±0%   376 B/op   13.0 allocs/op    320ms
  [1/2]  bench  CodecRealistic/encode-block-header    926 ns/op   1,824 B/op   3.00 allocs/op
  [2/2]  bench  CodecRealistic/encode-block-header    934 ns/op ±1%   1,824 B/op   3.00 allocs/op    350ms
  [1/2]  bench  CodecRealistic/decode-block-header    1,054 ns/op   720 B/op   9.00 allocs/op
  [2/2]  bench  CodecRealistic/decode-block-header    1,125 ns/op ±6%   720 B/op   9.00 allocs/op    360ms
  [1/2]  bench  HashObj/txn                           2,187 ns/op   3,936 B/op   3.00 allocs/op
  [2/2]  bench  HashObj/txn                           1,953 ns/op ±12%   3,936 B/op   3.00 allocs/op    360ms
  [1/2]  bench  HashObj/block-header                  3,223 ns/op   3,552 B/op   5.00 allocs/op
  [2/2]  bench  HashObj/block-header                  3,251 ns/op ±1%   3,552 B/op   5.00 allocs/op    380ms
  [1/2]  bench  AppendMsgBlockHeader                  59.0 ns/op   17.0 MB/s   0.000 B/op   0.000 allocs/op
  [2/2]  bench  AppendMsgBlockHeader                  58.9 ns/op ±0%   17.0 MB/s ±0%   0.000 B/op   0.000 allocs/op    420ms
  [1/2]  bench  Sortition                             504,629 ns/op   1,825 B/op   21.0 allocs/op
  [2/2]  bench  Sortition                             503,437 ns/op ±0%   1,825 B/op   21.0 allocs/op    410ms
  [1/2]  bench  StatusCachePut                        1,318 ns/op   221 B/op   1.00 allocs/op
  [2/2]  bench  StatusCachePut                        1,331 ns/op ±1%   221 B/op ±0%   1.00 allocs/op    360ms
  [1/2]  bench  StatusCacheCheckHit                   344 ns/op   19.0 B/op   2.00 allocs/op
  [2/2]  bench  StatusCacheCheckHit                   345 ns/op ±0%   19.0 B/op   2.00 allocs/op    360ms
  [1/2]  bench  StatusCacheCheckMiss                  136 ns/op   0.000 B/op   0.000 allocs/op
  [2/2]  bench  StatusCacheCheckMiss                  136 ns/op   0.000 B/op   0.000 allocs/op    510ms
  [1/2]  bench  TransactionPoolRecompute              1,231,152,531 ns/op   42,972 ns/txn   1,121,526,792 B/op   2,397,974 allocs/op
  [2/2]  bench  TransactionPoolRecompute              1,244,882,651 ns/op ±1%   43,452 ns/txn ±1%   1,121,660,820 B/op ±0%   2,397,975 allocs/op ±0%    3.94s
  [1/2]  bench  TxnIDs/signed-txn-id                  779 ns/op   0.000 B/op   0.000 allocs/op
  [2/2]  bench  TxnIDs/signed-txn-id                  780 ns/op ±0%   0.000 B/op   0.000 allocs/op    370ms
  [1/2]  bench  TxnIDs/group-id                       18,707 ns/op   2,279 B/op   4.00 allocs/op
  [2/2]  bench  TxnIDs/group-id                       18,724 ns/op ±0%   2,281 B/op ±0%   4.00 allocs/op    550ms
  [1/2]  bench  WellFormed/pay                        195 ns/op   0.000 B/op   0.000 allocs/op
  [2/2]  bench  WellFormed/pay                        202 ns/op ±3%   0.000 B/op   0.000 allocs/op    580ms
  [1/2]  bench  WellFormed/axfer                      181 ns/op   0.000 B/op   0.000 allocs/op
  [2/2]  bench  WellFormed/axfer                      184 ns/op ±1%   0.000 B/op   0.000 allocs/op    550ms
  [1/2]  bench  WellFormed/acfg                       188 ns/op   0.000 B/op   0.000 allocs/op
  [2/2]  bench  WellFormed/acfg                       186 ns/op ±1%   0.000 B/op   0.000 allocs/op    550ms
  [1/2]  bench  WellFormed/appl                       243 ns/op   0.000 B/op   0.000 allocs/op
  [2/2]  bench  WellFormed/appl                       244 ns/op ±0%   0.000 B/op   0.000 allocs/op    610ms
  [1/2]  bench  WellFormed/keyreg                     247 ns/op   0.000 B/op   0.000 allocs/op
  [2/2]  bench  WellFormed/keyreg                     247 ns/op ±0%   0.000 B/op   0.000 allocs/op    610ms
  [1/2]  bench  Assemble                              371,695 ns/op   329,242 B/op   3,263 allocs/op
  [2/2]  bench  Assemble                              372,028 ns/op ±0%   329,243 B/op ±0%   3,263 allocs/op    390ms
  [1/2]  bench  Disassemble                           73,366 ns/op   49,985 B/op   888 allocs/op
  [2/2]  bench  Disassemble                           73,172 ns/op ±0%   49,984 B/op ±0%   888 allocs/op    400ms
  [1/2]  bench  BoxOps/box_get                        3,544 ns/op   3.00 extra/op   3,364 B/op   33.0 allocs/op
  [2/2]  bench  BoxOps/box_get                        3,542 ns/op ±0%   3.00 extra/op   3,363 B/op ±0%   33.0 allocs/op    440ms
  [1/2]  bench  BoxOps/box_len                        2,951 ns/op   3.00 extra/op   1,023 B/op   31.0 allocs/op
  [2/2]  bench  BoxOps/box_len                        2,967 ns/op ±1%   3.00 extra/op   1,023 B/op   31.0 allocs/op    440ms
  [1/2]  bench  BoxOps/box_extract                    3,509 ns/op   4.00 extra/op   1,520 B/op   37.0 allocs/op
  [2/2]  bench  BoxOps/box_extract                    3,507 ns/op ±0%   4.00 extra/op   1,521 B/op ±0%   37.0 allocs/op    420ms
  [1/2]  bench  BoxOps/box_replace                    3,242 ns/op   3.00 extra/op   1,308 B/op   34.0 allocs/op
  [2/2]  bench  BoxOps/box_replace                    3,257 ns/op ±0%   3.00 extra/op   1,308 B/op   34.0 allocs/op    450ms
  [1/2]  bench  BoxOps/box_splice                     4,011 ns/op   4.00 extra/op   1,625 B/op   42.0 allocs/op
  [2/2]  bench  BoxOps/box_splice                     3,995 ns/op ±0%   4.00 extra/op   1,626 B/op ±0%   42.0 allocs/op    450ms
  [1/2]  bench  BoxOps/box_put                        3,235 ns/op   3.00 extra/op   2,087 B/op   31.0 allocs/op
  [2/2]  bench  BoxOps/box_put                        3,399 ns/op ±5%   3.00 extra/op   2,087 B/op   31.0 allocs/op    470ms
  [1/2]  bench  BoxOps/box_resize                     6,293 ns/op   5.00 extra/op   1,722 B/op   52.0 allocs/op
  [2/2]  bench  BoxOps/box_resize                     6,306 ns/op ±0%   5.00 extra/op   1,722 B/op   52.0 allocs/op    500ms
  [1/2]  bench  BoxOps/box_create_del                 6,010 ns/op   6.00 extra/op   1,780 B/op   54.0 allocs/op
  [2/2]  bench  BoxOps/box_create_del                 5,997 ns/op ±0%   6.00 extra/op   1,779 B/op ±0%   54.0 allocs/op    490ms
  [1/2]  bench  InnerTxn/pay                          23,553 ns/op   24,582 B/op   127 allocs/op
  [2/2]  bench  InnerTxn/pay                          23,655 ns/op ±0%   24,582 B/op   127 allocs/op    600ms
  [1/2]  bench  InnerTxn/axfer                        25,197 ns/op   25,182 B/op   134 allocs/op
  [2/2]  bench  InnerTxn/axfer                        25,561 ns/op ±1%   25,182 B/op   134 allocs/op    630ms
  [1/2]  bench  InnerTxn/appl                         23,378 ns/op   33,111 B/op   100 allocs/op
  [2/2]  bench  InnerTxn/appl                         23,270 ns/op ±0%   33,111 B/op   100 allocs/op    590ms
  [1/2]  bench  StateOps/app_global_get               1,802 ns/op   2.00 extra/op   677 B/op   21.0 allocs/op
  [2/2]  bench  StateOps/app_global_get               1,805 ns/op ±0%   2.00 extra/op   677 B/op   21.0 allocs/op    380ms
  [1/2]  bench  StateOps/app_global_put               2,676 ns/op   2.00 extra/op   1,354 B/op   27.0 allocs/op
  [2/2]  bench  StateOps/app_global_put               2,671 ns/op ±0%   2.00 extra/op   1,354 B/op ±0%   27.0 allocs/op    410ms
  [1/2]  bench  StateOps/app_global_del               1,304 ns/op   1.00 extra/op   499 B/op   15.0 allocs/op
  [2/2]  bench  StateOps/app_global_del               1,303 ns/op ±0%   1.00 extra/op   499 B/op   15.0 allocs/op    370ms
  [1/2]  bench  StateOps/app_local_get                2,622 ns/op   3.00 extra/op   912 B/op   29.0 allocs/op
  [2/2]  bench  StateOps/app_local_get                2,612 ns/op ±0%   3.00 extra/op   912 B/op   29.0 allocs/op    430ms
  [1/2]  bench  StateOps/app_local_put                3,030 ns/op   3.00 extra/op   1,166 B/op   33.0 allocs/op
  [2/2]  bench  StateOps/app_local_put                3,034 ns/op ±0%   3.00 extra/op   1,166 B/op ±0%   33.0 allocs/op    440ms
  [1/2]  bench  StateOps/app_local_del                2,144 ns/op   2.00 extra/op   702 B/op   23.0 allocs/op
  [2/2]  bench  StateOps/app_local_del                2,146 ns/op ±0%   2.00 extra/op   702 B/op   23.0 allocs/op    410ms
  [1/2]  bench  StateOps/asset_holding_get            3,906 ns/op   4.00 extra/op   1,276 B/op   36.0 allocs/op
  [2/2]  bench  StateOps/asset_holding_get            3,763 ns/op ±4%   4.00 extra/op   1,276 B/op   36.0 allocs/op    450ms
  [1/2]  bench  StateOps/asset_params_get             3,099 ns/op   3.00 extra/op   1,509 B/op   34.0 allocs/op
  [2/2]  bench  StateOps/asset_params_get             3,097 ns/op ±0%   3.00 extra/op   1,509 B/op   34.0 allocs/op    430ms
  [1/2]  bench  StateOps/app_params_get               3,226 ns/op   3.00 extra/op   1,325 B/op   30.0 allocs/op
  [2/2]  bench  StateOps/app_params_get               3,337 ns/op ±3%   3.00 extra/op   1,324 B/op ±0%   30.0 allocs/op    430ms
  [1/2]  bench  StateOps/acct_params_get              4,232 ns/op   3.00 extra/op   1,709 B/op   36.0 allocs/op
  [2/2]  bench  StateOps/acct_params_get              4,247 ns/op ±0%   3.00 extra/op   1,709 B/op   36.0 allocs/op    450ms
  [1/2]  bench  Verify/pop                            57.0 ns/op   3.00 extra/op   6.00 B/op   0.000 allocs/op
  [2/2]  bench  Verify/pop                            57.4 ns/op ±1%   3.00 extra/op   6.00 B/op   0.000 allocs/op    530ms
  [1/2]  bench  Verify/add                            60.8 ns/op   3.00 extra/op   6.00 B/op   0.000 allocs/op
  [2/2]  bench  Verify/add                            60.6 ns/op ±0%   3.00 extra/op   6.00 B/op   0.000 allocs/op    540ms
  [1/2]  bench  Verify/ed25519verify_bare             63,729 ns/op   7.00 extra/op   103 B/op   2.00 allocs/op
  [2/2]  bench  Verify/ed25519verify_bare             63,267 ns/op ±1%   7.00 extra/op   103 B/op   2.00 allocs/op    520ms
  [1/2]  bench  Verify/ecdsa_verify_k1                62,349 ns/op   7.00 extra/op   342 B/op   6.00 allocs/op
  [2/2]  bench  Verify/ecdsa_verify_k1                61,664 ns/op ±1%   7.00 extra/op   342 B/op   6.00 allocs/op    600ms
  [1/2]  bench  Verify/ecdsa_verify_r1                81,805 ns/op   7.00 extra/op   1,417 B/op   25.0 allocs/op
  [2/2]  bench  Verify/ecdsa_verify_r1                81,928 ns/op ±0%   7.00 extra/op   1,417 B/op   25.0 allocs/op    550ms
  [1/2]  bench  Verify/falcon_verify                  52,305 ns/op   7.00 extra/op   2,055 B/op   1.00 allocs/op
  [2/2]  bench  Verify/falcon_verify                  53,710 ns/op ±3%   7.00 extra/op   2,056 B/op ±0%   1.00 allocs/op    870ms
  [1/2]  bench  Verify/vrf_verify                     239,104 ns/op   5.00 extra/op   281 B/op   6.00 allocs/op
  [2/2]  bench  Verify/vrf_verify                     231,936 ns/op ±3%   5.00 extra/op   281 B/op ±0%   6.00 allocs/op    540ms
  [1/2]  bench  CheckSignature                        9,578 ns/op   12,320 B/op   9.00 allocs/op
  [2/2]  bench  CheckSignature                        9,376 ns/op ±2%   12,320 B/op   9.00 allocs/op    450ms
  [1/2]  bench  Addx64/add_long_stack                 7,168 ns/op   17,072 B/op   12.0 allocs/op
  [2/2]  bench  Addx64/add_long_stack                 7,251 ns/op ±1%   17,072 B/op   12.0 allocs/op    440ms
  [1/2]  bench  Addx64/add_small_stack                6,360 ns/op   13,616 B/op   10.0 allocs/op
  [2/2]  bench  Addx64/add_small_stack                6,380 ns/op ±0%   13,616 B/op   10.0 allocs/op    420ms
  [1/2]  bench  NopPassx1                             3,537 ns/op   13,616 B/op   10.0 allocs/op
  [2/2]  bench  NopPassx1                             3,494 ns/op ±1%   13,616 B/op   10.0 allocs/op    370ms
  [1/2]  bench  Checkx5                               124,463 ns/op   107,270 B/op   957 allocs/op
  [2/2]  bench  Checkx5                               125,298 ns/op ±1%   107,269 B/op ±0%   957 allocs/op    340ms
  [1/2]  bench  AppendMsgSignedTxn                    131 ns/op   7.66 MB/s   0.000 B/op   0.000 allocs/op
  [2/2]  bench  AppendMsgSignedTxn                    131 ns/op ±1%   7.61 MB/s ±1%   0.000 B/op   0.000 allocs/op    500ms
  [1/2]  bench  TinyMan/eval-lsig-signature           18,966 ns/op   36,840 B/op   86.0 allocs/op
  [2/2]  bench  TinyMan/eval-lsig-signature           19,175 ns/op ±1%   36,840 B/op   86.0 allocs/op    560ms
  [1/2]  bench  TinyMan/group-check-actual            156,972 ns/op   99,516 B/op   135 allocs/op
  [2/2]  bench  TinyMan/group-check-actual            158,802 ns/op ±1%   99,761 B/op ±0%   135 allocs/op    1.31s
  [1/2]  bench  TinyMan/group-check-all-crypto        181,447 ns/op   54,758 B/op   34.0 allocs/op
  [2/2]  bench  TinyMan/group-check-all-crypto        182,099 ns/op ±0%   54,636 B/op ±0%   34.0 allocs/op    380ms
  [1/2]  bench  LogicSigSanityCheck                   12,403 ns/op   18,296 B/op   14.0 allocs/op
  [2/2]  bench  LogicSigSanityCheck                   12,312 ns/op ±1%   18,296 B/op   14.0 allocs/op    480ms
  [1/2]  bench  PaysetGroups                          19,249 ns/op   29,259 B/op   6.00 allocs/op
  [2/2]  bench  PaysetGroups                          19,354 ns/op ±1%   29,482 B/op ±1%   6.00 allocs/op    1.02s
  [1/2]  bench  Txn                                   38,765 ns/op   12,372 B/op   6.00 allocs/op
  [2/2]  bench  Txn                                   38,640 ns/op ±0%   12,336 B/op ±0%   6.00 allocs/op    1.14s
  [1/2]  bench  TxHandlerProcessing/processDecoded    16,954 ns/op   3,912 B/op   44.0 allocs/op
  [2/2]  bench  TxHandlerProcessing/processDecoded    16,793 ns/op ±1%   3,912 B/op   44.0 allocs/op    1.26s
  [1/2]  bench  TxHandlerProcessing/verify.TxnGroup   70,444 ns/op   11,872 B/op   16.0 allocs/op
  [2/2]  bench  TxHandlerProcessing/verify.TxnGroup   69,596 ns/op ±1%   11,872 B/op   16.0 allocs/op    510ms
  [1/2]  bench  TxHandlerDecoderMsgp                  14,494,115 ns/op   7,875,258 B/op   28,126 allocs/op
  [2/2]  bench  TxHandlerDecoderMsgp                  14,425,194 ns/op ±0%   7,875,258 B/op   28,126 allocs/op    790ms
  [1/2]  bench  CompactDeltas/account-deltas          2,111,697 ns/op   4,123,000 B/op   16.0 allocs/op
  [2/2]  bench  CompactDeltas/account-deltas          2,135,856 ns/op ±1%   4,123,000 B/op   16.0 allocs/op    2.77s
  [1/2]  bench  Apply/asset-transfer                  765 ns/op   512 B/op   4.00 allocs/op
  [2/2]  bench  Apply/asset-transfer                  765 ns/op ±0%   512 B/op   4.00 allocs/op    360ms
  [1/2]  bench  Apply/keyreg                          490 ns/op   0.000 B/op   0.000 allocs/op
  [2/2]  bench  Apply/keyreg                          490 ns/op ±0%   0.000 B/op   0.000 allocs/op    360ms
  [1/2]  bench  Apply/app-call                        201 ns/op   0.000 B/op   0.000 allocs/op
  [2/2]  bench  Apply/app-call                        201 ns/op ±0%   0.000 B/op   0.000 allocs/op    560ms
  [1/2]  bench  CompactResourceDeltas                 6,899,022 ns/op   10,273,457 B/op   36.0 allocs/op
  [2/2]  bench  CompactResourceDeltas                 6,859,871 ns/op ±1%   10,273,457 B/op   36.0 allocs/op    430ms
  [1/2]  bench  TxTailCheckDup/hit                    82.6 ns/op   48.0 B/op   1.00 allocs/op
  [2/2]  bench  TxTailCheckDup/hit                    83.0 ns/op ±0%   48.0 B/op   1.00 allocs/op    440ms
  [1/2]  bench  TxTailCheckDup/miss                   40.1 ns/op   0.000 B/op   0.000 allocs/op
  [2/2]  bench  TxTailCheckDup/miss                   40.8 ns/op ±2%   0.000 B/op   0.000 allocs/op    410ms
  [1/2]  bench  CowChild                              68.7 ns/op   0.000 B/op   0.000 allocs/op
  [2/2]  bench  CowChild                              68.6 ns/op ±0%   0.000 B/op   0.000 allocs/op    430ms
  [1/2]  bench  PrefetcherApps                        352 ns/op   111 B/op   1.00 allocs/op
  [2/2]  bench  PrefetcherApps                        364 ns/op ±3%   111 B/op   1.00 allocs/op    910ms
  [1/2]  bench  PrefetcherPayment                     283 ns/op   84.0 B/op   0.000 allocs/op
  [2/2]  bench  PrefetcherPayment                     281 ns/op ±1%   84.0 B/op   0.000 allocs/op    1.53s
  [1/2]  bench  BlockEvaluatorRAMNoCrypto             619,529,646 ns/op   12,392 ns/eval_validate_tx   589,610,548 B/op   1,351,148 allocs/op
  [2/2]  bench  BlockEvaluatorRAMNoCrypto             637,414,367 ns/op ±3%   12,750 ns/eval_validate_tx ±3%   589,644,556 B/op ±0%   1,351,137 allocs/op ±0%    11.37s
  [1/2]  bench  BlockValidationMix                    2,119,068,534 ns/op   1,929,626,464 B/op   7,457,478 allocs/op
  [2/2]  bench  BlockValidationMix                    2,135,125,083 ns/op ±1%   1,926,599,048 B/op ±0%   7,448,035 allocs/op ±0%    12.62s
  [1/2]  bench  AppInt1                               1,091,248,424 ns/op   1,974,003,424 B/op   2,941,486 allocs/op
  [2/2]  bench  AppInt1                               1,046,659,203 ns/op ±4%   1,973,831,292 B/op ±0%   2,941,473 allocs/op ±0%    2.25s
  [1/2]  bench  AccountDeltasOps/upsert               737,399 ns/op   3,539,640 B/op   35.0 allocs/op
  [2/2]  bench  AccountDeltasOps/upsert               737,974 ns/op ±0%   3,539,639 B/op ±0%   35.0 allocs/op    430ms
  [1/2]  bench  AccountDeltasOps/merge                669,982 ns/op   800,529 B/op   66.0 allocs/op
  [2/2]  bench  AccountDeltasOps/merge                687,787 ns/op ±3%   800,529 B/op   66.0 allocs/op    820ms
  [1/2]  bench  AccountDeltasOps/optimize             154,585 ns/op   1,131,185 B/op   35.0 allocs/op
  [2/2]  bench  AccountDeltasOps/optimize             153,990 ns/op ±0%   1,131,185 B/op   35.0 allocs/op    510ms
  [1/2]  bench  MakeStateDelta                        1,343,883 ns/op   20,811,626 B/op   197 allocs/op
  [2/2]  bench  MakeStateDelta                        1,358,545 ns/op ±1%   20,811,626 B/op ±0%   197 allocs/op    490ms
  [1/2]  bench  OnlineAccountsCacheRead320            3,107,251 ns/op   705,478 B/op   4,021 allocs/op
  [2/2]  bench  OnlineAccountsCacheRead320            3,169,044 ns/op ±2%   705,479 B/op ±0%   4,021 allocs/op    320ms
  [1/2]  bench  MessageFilterCheck/hit                5,910 ns/op   1,248 B/op   9.00 allocs/op
  [2/2]  bench  MessageFilterCheck/hit                5,994 ns/op ±1%   1,248 B/op   9.00 allocs/op    420ms
  [1/2]  bench  MessageFilterCheck/miss               6,083 ns/op   1,248 B/op   9.00 allocs/op
  [2/2]  bench  MessageFilterCheck/miss               6,094 ns/op ±0%   1,248 B/op   9.00 allocs/op    410ms
  [1/2]  bench  GenerateMessageDigest                 524 ns/op   0.000 B/op   0.000 allocs/op
  [2/2]  bench  GenerateMessageDigest                 525 ns/op ±0%   0.000 B/op   0.000 allocs/op    360ms
  [1/2]  bench  VpackVote/compress                    480 ns/op   1,308 MB/s   0.000 B/op   0.000 allocs/op
  [2/2]  bench  VpackVote/compress                    485 ns/op ±1%   1,296 MB/s ±1%   0.000 B/op   0.000 allocs/op    370ms
  [1/2]  bench  VpackVote/decompress                  138 ns/op   3,432 MB/s   0.000 B/op   0.000 allocs/op
  [2/2]  bench  VpackVote/decompress                  137 ns/op ±0%   3,436 MB/s ±0%   0.000 B/op   0.000 allocs/op    500ms
  [1/2]  bench  BloomFilterSet                        101 ns/op   0.000 B/op   0.000 allocs/op
  [2/2]  bench  BloomFilterSet                        101 ns/op ±0%   0.000 B/op   0.000 allocs/op    1.9s
  [1/2]  bench  BloomFilterTest                       98.4 ns/op   0.000 B/op   0.000 allocs/op
  [2/2]  bench  BloomFilterTest                       98.3 ns/op ±0%   0.000 B/op   0.000 allocs/op    2.2s
  [1/2]  bench  TagCounter                            17.0 ns/op   0.000 B/op   0.000 allocs/op
  [2/2]  bench  TagCounter                            16.7 ns/op ±2%   0.000 B/op   0.000 allocs/op    370ms
