  [1/2]  bench  VoteVerify                            476,937 ns/op   6,889 B/op   65.0 allocs/op
  [2/2]  bench  VoteVerify                            463,524 ns/op ±3%   6,889 B/op ±0%   65.0 allocs/op    530ms
  [1/2]  bench  CryptoVerifierVoteVertification       209,997 ns/op   24,015 B/op   71.0 allocs/op
  [2/2]  bench  CryptoVerifierVoteVertification       208,274 ns/op ±1%   24,009 B/op ±0%   71.0 allocs/op    510ms
  [1/2]  bench  CryptoVerifierProposalVertification   281,877 ns/op   12,474 B/op   54.0 allocs/op
  [2/2]  bench  CryptoVerifierProposalVertification   279,220 ns/op ±1%   12,474 B/op   54.0 allocs/op    530ms
  [1/2]  bench  VoteDecoding                          407 ns/op   1,152 B/op   2.00 allocs/op
  [2/2]  bench  VoteDecoding                          407 ns/op ±0%   1,152 B/op   2.00 allocs/op    770ms
  [1/2]  bench  RouterUpdate/root                     138 ns/op   0.000 B/op   0.000 allocs/op
  [2/2]  bench  RouterUpdate/root                     135 ns/op ±2%   0.000 B/op   0.000 allocs/op    500ms
  [1/2]  bench  RouterUpdate/round                    71.3 ns/op   0.000 B/op   0.000 allocs/op
  [2/2]  bench  RouterUpdate/round                    71.0 ns/op ±0%   0.000 B/op   0.000 allocs/op    430ms
  [1/2]  bench  NoiseSentinelHash                     41,307 ns/op   1,587 MB/s   0.000 B/op   0.000 allocs/op
  [2/2]  bench  NoiseSentinelHash                     41,294 ns/op ±0%   1,587 MB/s ±0%   0.000 B/op   0.000 allocs/op    350ms
  [1/2]  bench  NoiseSentinelLoop                     7,643 ns/op   0.000 B/op   0.000 allocs/op
  [2/2]  bench  NoiseSentinelLoop                     7,639 ns/op ±0%   0.000 B/op   0.000 allocs/op    430ms
  [1/2]  bench  BatchVerifierImpls/libsodium_single   4,164,868 ns/op   21,264 B/op   261 allocs/op
  [2/2]  bench  BatchVerifierImpls/libsodium_single   4,174,862 ns/op ±0%   21,264 B/op   261 allocs/op    360ms
  [1/2]  bench  BatchVerifierImpls/libsodium_batch    1,760,013 ns/op   26,090 B/op   12.0 allocs/op
  [2/2]  bench  BatchVerifierImpls/libsodium_batch    1,737,148 ns/op ±1%   26,077 B/op ±0%   12.0 allocs/op    530ms
  [1/2]  bench  BatchVerifierImpls/ed25519consensus   1,895,762 ns/op   270,016 B/op   137 allocs/op
  [2/2]  bench  BatchVerifierImpls/ed25519consensus   1,893,215 ns/op ±0%   270,017 B/op ±0%   137 allocs/op    550ms
  [1/2]  bench  BatchVerify/size=1                    63,635 ns/op   336 B/op   9.00 allocs/op
  [2/2]  bench  BatchVerify/size=1                    63,565 ns/op ±0%   336 B/op   9.00 allocs/op    370ms
  [1/2]  bench  BatchVerify/size=64                   4,088,651 ns/op   16,144 B/op   261 allocs/op
  [2/2]  bench  BatchVerify/size=64                   4,080,757 ns/op ±0%   16,144 B/op   261 allocs/op    360ms
  [1/2]  bench  BatchVerify/size=256                  16,960,365 ns/op   64,592 B/op   1,029 allocs/op
  [2/2]  bench  BatchVerify/size=256                  17,025,112 ns/op ±0%   64,592 B/op   1,029 allocs/op    390ms
  [1/2]  bench  FalconVerify                          54,606 ns/op   0.000 B/op   0.000 allocs/op
  [2/2]  bench  FalconVerify                          53,466 ns/op ±2%   0.000 B/op   0.000 allocs/op    460ms
  [1/2]  bench  FalconSign                            9,908,791 ns/op   3,080 B/op   3.00 allocs/op
  [2/2]  bench  FalconSign                            9,902,103 ns/op ±0%   3,080 B/op   3.00 allocs/op    450ms
  [1/2]  bench  MultisigVerify                        193,228 ns/op   2,650 B/op   21.0 allocs/op
  [2/2]  bench  MultisigVerify                        192,909 ns/op ±0%   2,649 B/op ±0%   21.0 allocs/op    390ms
  [1/2]  bench  VrfProve                              169,370 ns/op   224 B/op   5.00 allocs/op
  [2/2]  bench  VrfProve                              171,873 ns/op ±1%   224 B/op   5.00 allocs/op    380ms
  [1/2]  bench  Hash                                  256 ns/op   0.000 B/op   0.000 allocs/op
  [2/2]  bench  Hash                                  256 ns/op ±0%   0.000 B/op   0.000 allocs/op    620ms
  [1/2]  bench  SignVerify                            81,001 ns/op   336 B/op   10.0 allocs/op
  [2/2]  bench  SignVerify                            82,241 ns/op ±2%   336 B/op   10.0 allocs/op    380ms
  [1/2]  bench  Verify25519/libsodium                 63,784 ns/op   128 B/op   4.00 allocs/op
  [2/2]  bench  Verify25519/libsodium                 64,098 ns/op ±0%   128 B/op   4.00 allocs/op    500ms
  [1/2]  bench  Verify25519/ed25519consensus          62,437 ns/op   32.0 B/op   2.00 allocs/op
  [2/2]  bench  Verify25519/ed25519consensus          62,448 ns/op ±0%   32.0 B/op   2.00 allocs/op    470ms
  [1/2]  bench  MerkleSignatureVerify                 101,323 ns/op   9,472 B/op   42.0 allocs/op
  [2/2]  bench  MerkleSignatureVerify                 101,299 ns/op ±0%   9,472 B/op   42.0 allocs/op    530ms
  [1/2]  bench  OneTimeSigBatchVerification/libsodium_singles  192,805 ns/op   1,303 B/op   24.0 allocs/op
  [2/2]  bench  OneTimeSigBatchVerification/libsodium_singles  192,928 ns/op ±0%   1,303 B/op   24.0 allocs/op    640ms
  [1/2]  bench  OneTimeSigBatchVerification/libsodium_batch  166,382 ns/op   1,144 B/op   17.0 allocs/op
  [2/2]  bench  OneTimeSigBatchVerification/libsodium_batch  165,150 ns/op ±1%   1,144 B/op   17.0 allocs/op    650ms
  [1/2]  bench  OneTimeSigBatchVerification/ed25519consensus_batch  133,991 ns/op   14,320 B/op   22.0 allocs/op
  [2/2]  bench  OneTimeSigBatchVerification/ed25519consensus_batch  142,000 ns/op ±6%   14,320 B/op   22.0 allocs/op    730ms
  [1/2]  bench  VrfVerify                             229,854 ns/op   176 B/op   3.00 allocs/op
  [2/2]  bench  VrfVerify                             229,594 ns/op ±0%   176 B/op   3.00 allocs/op    730ms
  [1/2]  bench  AppRateLimiter_TxgroupToKeys          19,140 ns/op   9,512 B/op   3.00 allocs/op
  [2/2]  bench  AppRateLimiter_TxgroupToKeys          19,137 ns/op ±0%   9,512 B/op   3.00 allocs/op    780ms
  [1/2]  bench  AddressFormatting                     381 ns/op   128 B/op   2.00 allocs/op
  [2/2]  bench  AddressFormatting                     383 ns/op ±0%   128 B/op   2.00 allocs/op    340ms
  [1/2]  bench  UnmarshalChecksumAddress              865 ns/op   192 B/op   3.00 allocs/op
  [2/2]  bench  UnmarshalChecksumAddress              865 ns/op ±0%   192 B/op   3.00 allocs/op    350ms
  [1/2]  bench  CodecRealistic/encode-signed-pay      867 ns/op   2,688 B/op   1.00 allocs/op
  [2/2]  bench  CodecRealistic/encode-signed-pay      938 ns/op ±8%   2,688 B/op   1.00 allocs/op    410ms
  [1/2]  bench  CodecRealistic/decode-signed-pay      315 ns/op   64.0 B/op   3.00 allocs/op
  [2/2]  bench  CodecRealistic/decode-signed-pay      316 ns/op ±0%   64.0 B/op   3.00 allocs/op    320ms
  [1/2]  bench  CodecRealistic/encode-signed-appl     1,022 ns/op   3,072 B/op   1.00 allocs/op
  [2/2]  bench  CodecRealistic/encode-signed-appl     1,022 ns/op   3,072 B/op   1.00 allocs/op    310ms
  [1/2]  bench  CodecRealistic/decode-signed-appl     848 ns/op   376 B/op   13.0 allocs/op
  [2/2]  bench  CodecRealistic/decode-signed-appl     847 ns/op ±0%   376 B/op   13.0 allocs/op    320ms
  [1/2]  bench  CodecRealistic/encode-block-header    896 ns/op   1,824 B/op   3.00 allocs/op
  [2/2]  bench  CodecRealistic/encode-block-header    907 ns/op ±1%   1,824 B/op   3.00 allocs/op    320ms
  [1/2]  bench  CodecRealistic/decode-block-header    997 ns/op   720 B/op   9.00 allocs/op
  [2/2]  bench  CodecRealistic/decode-block-header    998 ns/op ±0%   720 B/op   9.00 allocs/op    330ms
  [1/2]  bench  HashObj/txn                           1,642 ns/op   3,936 B/op   3.00 allocs/op
  [2/2]  bench  HashObj/txn                           1,643 ns/op ±0%   3,936 B/op   3.00 allocs/op    340ms
  [1/2]  bench  HashObj/block-header                  3,075 ns/op   3,552 B/op   5.00 allocs/op
  [2/2]  bench  HashObj/block-header                  3,067 ns/op ±0%   3,552 B/op   5.00 allocs/op    370ms
  [1/2]  bench  AppendMsgBlockHeader                  59.0 ns/op   16.9 MB/s   0.000 B/op   0.000 allocs/op
  [2/2]  bench  AppendMsgBlockHeader                  59.0 ns/op ±0%   16.9 MB/s ±0%   0.000 B/op   0.000 allocs/op    420ms
  [1/2]  bench  Sortition                             500,017 ns/op   1,825 B/op   21.0 allocs/op
  [2/2]  bench  Sortition                             500,012 ns/op ±0%   1,825 B/op   21.0 allocs/op    420ms
  [1/2]  bench  StatusCachePut                        1,334 ns/op   220 B/op   1.00 allocs/op
  [2/2]  bench  StatusCachePut                        1,330 ns/op ±0%   220 B/op   1.00 allocs/op    360ms
  [1/2]  bench  StatusCacheCheckHit                   343 ns/op   19.0 B/op   2.00 allocs/op
  [2/2]  bench  StatusCacheCheckHit                   344 ns/op ±0%   19.0 B/op   2.00 allocs/op    360ms
  [1/2]  bench  StatusCacheCheckMiss                  136 ns/op   0.000 B/op   0.000 allocs/op
  [2/2]  bench  StatusCacheCheckMiss                  136 ns/op ±0%   0.000 B/op   0.000 allocs/op    510ms
  [1/2]  bench  TransactionPoolRecompute              1,259,594,860 ns/op   43,965 ns/txn   1,121,703,528 B/op   2,398,000 allocs/op
  [2/2]  bench  TransactionPoolRecompute              1,405,261,640 ns/op ±10%   49,050 ns/txn ±10%   1,121,793,696 B/op ±0%   2,397,974 allocs/op ±0%    4.08s
  [1/2]  bench  TxnIDs/signed-txn-id                  778 ns/op   0.000 B/op   0.000 allocs/op
  [2/2]  bench  TxnIDs/signed-txn-id                  780 ns/op ±0%   0.000 B/op   0.000 allocs/op    370ms
  [1/2]  bench  TxnIDs/group-id                       18,603 ns/op   2,283 B/op   4.00 allocs/op
  [2/2]  bench  TxnIDs/group-id                       18,625 ns/op ±0%   2,285 B/op ±0%   4.00 allocs/op    550ms
  [1/2]  bench  WellFormed/pay                        197 ns/op   0.000 B/op   0.000 allocs/op
  [2/2]  bench  WellFormed/pay                        196 ns/op ±0%   0.000 B/op   0.000 allocs/op    560ms
  [1/2]  bench  WellFormed/axfer                      185 ns/op   0.000 B/op   0.000 allocs/op
  [2/2]  bench  WellFormed/axfer                      184 ns/op ±1%   0.000 B/op   0.000 allocs/op    540ms
  [1/2]  bench  WellFormed/acfg                       185 ns/op   0.000 B/op   0.000 allocs/op
  [2/2]  bench  WellFormed/acfg                       185 ns/op ±0%   0.000 B/op   0.000 allocs/op    550ms
  [1/2]  bench  WellFormed/appl                       242 ns/op   0.000 B/op   0.000 allocs/op
  [2/2]  bench  WellFormed/appl                       242 ns/op ±0%   0.000 B/op   0.000 allocs/op    600ms
  [1/2]  bench  WellFormed/keyreg                     248 ns/op   0.000 B/op   0.000 allocs/op
  [2/2]  bench  WellFormed/keyreg                     248 ns/op ±0%   0.000 B/op   0.000 allocs/op    610ms
  [1/2]  bench  Assemble                              352,962 ns/op   329,243 B/op   3,263 allocs/op
  [2/2]  bench  Assemble                              351,271 ns/op ±0%   329,241 B/op ±0%   3,263 allocs/op    380ms
  [1/2]  bench  Disassemble                           70,391 ns/op   49,983 B/op   888 allocs/op
  [2/2]  bench  Disassemble                           70,264 ns/op ±0%   49,983 B/op   888 allocs/op    370ms
  [1/2]  bench  BoxOps/box_get                        3,434 ns/op   3.00 extra/op   3,363 B/op   33.0 allocs/op
  [2/2]  bench  BoxOps/box_get                        3,545 ns/op ±3%   3.00 extra/op   3,364 B/op ±0%   33.0 allocs/op    460ms
  [1/2]  bench  BoxOps/box_len                        2,919 ns/op   3.00 extra/op   1,023 B/op   31.0 allocs/op
  [2/2]  bench  BoxOps/box_len                        2,925 ns/op ±0%   3.00 extra/op   1,023 B/op   31.0 allocs/op    430ms
  [1/2]  bench  BoxOps/box_extract                    3,500 ns/op   4.00 extra/op   1,521 B/op   37.0 allocs/op
  [2/2]  bench  BoxOps/box_extract                    3,582 ns/op ±2%   4.00 extra/op   1,521 B/op   37.0 allocs/op    460ms
  [1/2]  bench  BoxOps/box_replace                    3,132 ns/op   3.00 extra/op   1,308 B/op   34.0 allocs/op
  [2/2]  bench  BoxOps/box_replace                    3,117 ns/op ±0%   3.00 extra/op   1,308 B/op   34.0 allocs/op    430ms
  [1/2]  bench  BoxOps/box_splice                     3,845 ns/op   4.00 extra/op   1,624 B/op   42.0 allocs/op
  [2/2]  bench  BoxOps/box_splice                     3,853 ns/op ±0%   4.00 extra/op   1,625 B/op ±0%   42.0 allocs/op    460ms
  [1/2]  bench  BoxOps/box_put                        3,136 ns/op   3.00 extra/op   2,087 B/op   31.0 allocs/op
  [2/2]  bench  BoxOps/box_put                        3,128 ns/op ±0%   3.00 extra/op   2,087 B/op   31.0 allocs/op    430ms
  [1/2]  bench  BoxOps/box_resize                     6,167 ns/op   5.00 extra/op   1,721 B/op   52.0 allocs/op
  [2/2]  bench  BoxOps/box_resize                     6,518 ns/op ±5%   5.00 extra/op   1,722 B/op ±0%   52.0 allocs/op    520ms
  [1/2]  bench  BoxOps/box_create_del                 5,908 ns/op   6.00 extra/op   1,778 B/op   54.0 allocs/op
  [2/2]  bench  BoxOps/box_create_del                 6,200 ns/op ±5%   6.00 extra/op   1,779 B/op ±0%   54.0 allocs/op    530ms
  [1/2]  bench  InnerTxn/pay                          22,190 ns/op   24,582 B/op   127 allocs/op
  [2/2]  bench  InnerTxn/pay                          22,425 ns/op ±1%   24,582 B/op   127 allocs/op    590ms
  [1/2]  bench  InnerTxn/axfer                        23,233 ns/op   25,182 B/op   134 allocs/op
  [2/2]  bench  InnerTxn/axfer                        23,294 ns/op ±0%   25,182 B/op   134 allocs/op    600ms
  [1/2]  bench  InnerTxn/appl                         22,392 ns/op   33,111 B/op   100 allocs/op
  [2/2]  bench  InnerTxn/appl                         22,339 ns/op ±0%   33,111 B/op   100 allocs/op    580ms
  [1/2]  bench  StateOps/app_global_get               1,785 ns/op   2.00 extra/op   677 B/op   21.0 allocs/op
  [2/2]  bench  StateOps/app_global_get               1,859 ns/op ±4%   2.00 extra/op   677 B/op   21.0 allocs/op    440ms
  [1/2]  bench  StateOps/app_global_put               2,619 ns/op   2.00 extra/op   1,353 B/op   27.0 allocs/op
  [2/2]  bench  StateOps/app_global_put               2,603 ns/op ±1%   2.00 extra/op   1,353 B/op   27.0 allocs/op    400ms
  [1/2]  bench  StateOps/app_global_del               1,282 ns/op   1.00 extra/op   499 B/op   15.0 allocs/op
  [2/2]  bench  StateOps/app_global_del               1,285 ns/op ±0%   1.00 extra/op   499 B/op   15.0 allocs/op    380ms
  [1/2]  bench  StateOps/app_local_get                2,555 ns/op   3.00 extra/op   912 B/op   29.0 allocs/op
  [2/2]  bench  StateOps/app_local_get                2,560 ns/op ±0%   3.00 extra/op   912 B/op   29.0 allocs/op    430ms
  [1/2]  bench  StateOps/app_local_put                2,982 ns/op   3.00 extra/op   1,166 B/op   33.0 allocs/op
  [2/2]  bench  StateOps/app_local_put                2,992 ns/op ±0%   3.00 extra/op   1,166 B/op   33.0 allocs/op    430ms
  [1/2]  bench  StateOps/app_local_del                2,102 ns/op   2.00 extra/op   702 B/op   23.0 allocs/op
  [2/2]  bench  StateOps/app_local_del                2,093 ns/op ±0%   2.00 extra/op   702 B/op   23.0 allocs/op    410ms
  [1/2]  bench  StateOps/asset_holding_get            3,622 ns/op   4.00 extra/op   1,277 B/op   36.0 allocs/op
  [2/2]  bench  StateOps/asset_holding_get            3,580 ns/op ±1%   4.00 extra/op   1,277 B/op   36.0 allocs/op    450ms
  [1/2]  bench  StateOps/asset_params_get             3,015 ns/op   3.00 extra/op   1,509 B/op   34.0 allocs/op
  [2/2]  bench  StateOps/asset_params_get             3,016 ns/op ±0%   3.00 extra/op   1,509 B/op   34.0 allocs/op    430ms
  [1/2]  bench  StateOps/app_params_get               2,887 ns/op   3.00 extra/op   1,324 B/op   30.0 allocs/op
  [2/2]  bench  StateOps/app_params_get               2,896 ns/op ±0%   3.00 extra/op   1,325 B/op ±0%   30.0 allocs/op    430ms
  [1/2]  bench  StateOps/acct_params_get              4,180 ns/op   3.00 extra/op   1,708 B/op   36.0 allocs/op
  [2/2]  bench  StateOps/acct_params_get              4,348 ns/op ±4%   3.00 extra/op   1,708 B/op   36.0 allocs/op    480ms
  [1/2]  bench  Verify/pop                            56.5 ns/op   3.00 extra/op   6.00 B/op   0.000 allocs/op
  [2/2]  bench  Verify/pop                            56.6 ns/op ±0%   3.00 extra/op   6.00 B/op   0.000 allocs/op    520ms
  [1/2]  bench  Verify/add                            60.2 ns/op   3.00 extra/op   6.00 B/op   0.000 allocs/op
  [2/2]  bench  Verify/add                            61.9 ns/op ±3%   3.00 extra/op   6.00 B/op   0.000 allocs/op    530ms
  [1/2]  bench  Verify/ed25519verify_bare             64,899 ns/op   7.00 extra/op   103 B/op   2.00 allocs/op
  [2/2]  bench  Verify/ed25519verify_bare             63,523 ns/op ±2%   7.00 extra/op   103 B/op   2.00 allocs/op    510ms
  [1/2]  bench  Verify/ecdsa_verify_k1                60,142 ns/op   7.00 extra/op   342 B/op   6.00 allocs/op
  [2/2]  bench  Verify/ecdsa_verify_k1                60,162 ns/op ±0%   7.00 extra/op   343 B/op ±0%   6.00 allocs/op    580ms
  [1/2]  bench  Verify/ecdsa_verify_r1                81,450 ns/op   7.00 extra/op   1,417 B/op   25.0 allocs/op
  [2/2]  bench  Verify/ecdsa_verify_r1                81,776 ns/op ±0%   7.00 extra/op   1,417 B/op   25.0 allocs/op    540ms
  [1/2]  bench  Verify/falcon_verify                  51,215 ns/op   7.00 extra/op   2,055 B/op   1.00 allocs/op
  [2/2]  bench  Verify/falcon_verify                  51,733 ns/op ±1%   7.00 extra/op   2,056 B/op ±0%   1.00 allocs/op    850ms
  [1/2]  bench  Verify/vrf_verify                     225,827 ns/op   5.00 extra/op   280 B/op   6.00 allocs/op
  [2/2]  bench  Verify/vrf_verify                     225,179 ns/op ±0%   5.00 extra/op   280 B/op   6.00 allocs/op    540ms
  [1/2]  bench  CheckSignature                        8,949 ns/op   12,320 B/op   9.00 allocs/op
  [2/2]  bench  CheckSignature                        8,978 ns/op ±0%   12,320 B/op   9.00 allocs/op    440ms
  [1/2]  bench  Addx64/add_long_stack                 6,995 ns/op   17,072 B/op   12.0 allocs/op
  [2/2]  bench  Addx64/add_long_stack                 6,990 ns/op ±0%   17,072 B/op   12.0 allocs/op    420ms
  [1/2]  bench  Addx64/add_small_stack                7,592 ns/op   13,616 B/op   10.0 allocs/op
  [2/2]  bench  Addx64/add_small_stack                7,632 ns/op ±1%   13,616 B/op   10.0 allocs/op    420ms
  [1/2]  bench  NopPassx1                             3,203 ns/op   13,616 B/op   10.0 allocs/op
  [2/2]  bench  NopPassx1                             3,344 ns/op ±4%   13,616 B/op   10.0 allocs/op    400ms
  [1/2]  bench  Checkx5                               120,287 ns/op   107,269 B/op   957 allocs/op
  [2/2]  bench  Checkx5                               120,781 ns/op ±0%   107,269 B/op   957 allocs/op    340ms
  [1/2]  bench  AppendMsgSignedTxn                    131 ns/op   7.66 MB/s   0.000 B/op   0.000 allocs/op
  [2/2]  bench  AppendMsgSignedTxn                    131 ns/op   7.66 MB/s   0.000 B/op   0.000 allocs/op    490ms
  [1/2]  bench  TinyMan/eval-lsig-signature           18,338 ns/op   36,840 B/op   86.0 allocs/op
  [2/2]  bench  TinyMan/eval-lsig-signature           18,356 ns/op ±0%   36,840 B/op   86.0 allocs/op    550ms
  [1/2]  bench  TinyMan/group-check-actual            167,690 ns/op   99,676 B/op   135 allocs/op
  [2/2]  bench  TinyMan/group-check-actual            161,434 ns/op ±4%   99,653 B/op ±0%   135 allocs/op    2.44s
  [1/2]  bench  TinyMan/group-check-all-crypto        181,032 ns/op   54,325 B/op   34.0 allocs/op
  [2/2]  bench  TinyMan/group-check-all-crypto        180,465 ns/op ±0%   54,296 B/op ±0%   34.0 allocs/op    360ms
  [1/2]  bench  LogicSigSanityCheck                   11,619 ns/op   18,296 B/op   14.0 allocs/op
  [2/2]  bench  LogicSigSanityCheck                   11,638 ns/op ±0%   18,296 B/op   14.0 allocs/op    480ms
  [1/2]  bench  PaysetGroups                          18,488 ns/op   28,867 B/op   6.00 allocs/op
  [2/2]  bench  PaysetGroups                          18,581 ns/op ±0%   28,698 B/op ±1%   6.00 allocs/op    1s
  [1/2]  bench  Txn                                   38,677 ns/op   12,296 B/op   6.00 allocs/op
  [2/2]  bench  Txn                                   38,440 ns/op ±1%   12,298 B/op ±0%   6.00 allocs/op    1.15s
  [1/2]  bench  TxHandlerProcessing/processDecoded    16,549 ns/op   3,912 B/op   44.0 allocs/op
  [2/2]  bench  TxHandlerProcessing/processDecoded    16,659 ns/op ±1%   3,912 B/op   44.0 allocs/op    1.25s
  [1/2]  bench  TxHandlerProcessing/verify.TxnGroup   69,334 ns/op   11,872 B/op   16.0 allocs/op
  [2/2]  bench  TxHandlerProcessing/verify.TxnGroup   69,903 ns/op ±1%   11,872 B/op   16.0 allocs/op    520ms
  [1/2]  bench  TxHandlerDecoderMsgp                  12,959,850 ns/op   7,275,624 B/op   27,885 allocs/op
  [2/2]  bench  TxHandlerDecoderMsgp                  13,507,461 ns/op ±4%   7,142,372 B/op ±2%   27,832 allocs/op ±0%    790ms
  [1/2]  bench  CompactDeltas/account-deltas          2,122,734 ns/op   4,123,000 B/op   16.0 allocs/op
  [2/2]  bench  CompactDeltas/account-deltas          2,169,991 ns/op ±2%   4,123,000 B/op   16.0 allocs/op    2.79s
  [1/2]  bench  Apply/asset-transfer                  760 ns/op   512 B/op   4.00 allocs/op
  [2/2]  bench  Apply/asset-transfer                  764 ns/op ±1%   512 B/op   4.00 allocs/op    650ms
  [1/2]  bench  Apply/keyreg                          493 ns/op   0.000 B/op   0.000 allocs/op
  [2/2]  bench  Apply/keyreg                          492 ns/op ±0%   0.000 B/op   0.000 allocs/op    360ms
  [1/2]  bench  Apply/app-call                        200 ns/op   0.000 B/op   0.000 allocs/op
  [2/2]  bench  Apply/app-call                        200 ns/op ±0%   0.000 B/op   0.000 allocs/op    560ms
  [1/2]  bench  CompactResourceDeltas                 6,684,445 ns/op   10,273,456 B/op   36.0 allocs/op
  [2/2]  bench  CompactResourceDeltas                 6,622,363 ns/op ±1%   10,273,457 B/op ±0%   36.0 allocs/op    420ms
  [1/2]  bench  TxTailCheckDup/hit                    91.1 ns/op   48.0 B/op   1.00 allocs/op
  [2/2]  bench  TxTailCheckDup/hit                    90.8 ns/op ±0%   48.0 B/op   1.00 allocs/op    470ms
  [1/2]  bench  TxTailCheckDup/miss                   42.0 ns/op   0.000 B/op   0.000 allocs/op
  [2/2]  bench  TxTailCheckDup/miss                   42.0 ns/op ±0%   0.000 B/op   0.000 allocs/op    400ms
  [1/2]  bench  CowChild                              68.3 ns/op   0.000 B/op   0.000 allocs/op
  [2/2]  bench  CowChild                              68.2 ns/op ±0%   0.000 B/op   0.000 allocs/op    430ms
  [1/2]  bench  PrefetcherApps                        298 ns/op   109 B/op   1.00 allocs/op
  [2/2]  bench  PrefetcherApps                        300 ns/op ±1%   110 B/op ±1%   1.00 allocs/op    840ms
  [1/2]  bench  PrefetcherPayment                     272 ns/op   84.0 B/op   0.000 allocs/op
  [2/2]  bench  PrefetcherPayment                     271 ns/op ±0%   84.0 B/op   0.000 allocs/op    1.58s
  [1/2]  bench  BlockEvaluatorRAMNoCrypto             638,259,814 ns/op   12,767 ns/eval_validate_tx   589,528,436 B/op   1,351,127 allocs/op
  [2/2]  bench  BlockEvaluatorRAMNoCrypto             634,175,219 ns/op ±1%   12,685 ns/eval_validate_tx ±1%   589,529,092 B/op ±0%   1,351,127 allocs/op ±0%    11.26s
  [1/2]  bench  BlockValidationMix                    2,172,917,261 ns/op   1,933,702,600 B/op   7,488,010 allocs/op
  [2/2]  bench  BlockValidationMix                    2,163,166,753 ns/op ±0%   1,932,199,608 B/op ±0%   7,467,807 allocs/op ±0%    12.22s
  [1/2]  bench  AppInt1                               985,476,374 ns/op   1,973,924,904 B/op   2,941,505 allocs/op
  [2/2]  bench  AppInt1                               980,523,100 ns/op ±1%   1,973,801,040 B/op ±0%   2,941,500 allocs/op ±0%    2.27s
  [1/2]  bench  AccountDeltasOps/upsert               800,896 ns/op   3,539,641 B/op   35.0 allocs/op
  [2/2]  bench  AccountDeltasOps/upsert               806,526 ns/op ±1%   3,539,640 B/op ±0%   35.0 allocs/op    420ms
  [1/2]  bench  AccountDeltasOps/merge                714,620 ns/op   800,528 B/op   66.0 allocs/op
  [2/2]  bench  AccountDeltasOps/merge                744,685 ns/op ±4%   800,529 B/op ±0%   66.0 allocs/op    900ms
  [1/2]  bench  AccountDeltasOps/optimize             168,327 ns/op   1,131,185 B/op   35.0 allocs/op
  [2/2]  bench  AccountDeltasOps/optimize             164,951 ns/op ±2%   1,131,185 B/op ±0%   35.0 allocs/op    460ms
  [1/2]  bench  MakeStateDelta                        1,495,911 ns/op   20,811,628 B/op   197 allocs/op
  [2/2]  bench  MakeStateDelta                        1,491,268 ns/op ±0%   20,811,627 B/op ±0%   197 allocs/op    510ms
  [1/2]  bench  OnlineAccountsCacheRead320            3,626,643 ns/op   705,478 B/op   4,021 allocs/op
  [2/2]  bench  OnlineAccountsCacheRead320            3,756,970 ns/op ±3%   705,478 B/op   4,021 allocs/op    390ms
  [1/2]  bench  MessageFilterCheck/hit                5,888 ns/op   1,248 B/op   9.00 allocs/op
  [2/2]  bench  MessageFilterCheck/hit                5,977 ns/op ±1%   1,248 B/op   9.00 allocs/op    410ms
  [1/2]  bench  MessageFilterCheck/miss               6,189 ns/op   1,248 B/op   9.00 allocs/op
  [2/2]  bench  MessageFilterCheck/miss               6,208 ns/op ±0%   1,248 B/op   9.00 allocs/op    430ms
  [1/2]  bench  GenerateMessageDigest                 523 ns/op   0.000 B/op   0.000 allocs/op
  [2/2]  bench  GenerateMessageDigest                 522 ns/op ±0%   0.000 B/op   0.000 allocs/op    360ms
  [1/2]  bench  VpackVote/compress                    479 ns/op   1,310 MB/s   0.000 B/op   0.000 allocs/op
  [2/2]  bench  VpackVote/compress                    480 ns/op ±0%   1,308 MB/s ±0%   0.000 B/op   0.000 allocs/op    360ms
  [1/2]  bench  VpackVote/decompress                  138 ns/op   3,420 MB/s   0.000 B/op   0.000 allocs/op
  [2/2]  bench  VpackVote/decompress                  138 ns/op ±0%   3,429 MB/s ±0%   0.000 B/op   0.000 allocs/op    500ms
  [1/2]  bench  BloomFilterSet                        102 ns/op   0.000 B/op   0.000 allocs/op
  [2/2]  bench  BloomFilterSet                        102 ns/op ±0%   0.000 B/op   0.000 allocs/op    1.9s
  [1/2]  bench  BloomFilterTest                       98.2 ns/op   0.000 B/op   0.000 allocs/op
  [2/2]  bench  BloomFilterTest                       98.6 ns/op ±0%   0.000 B/op   0.000 allocs/op    2.19s
  [1/2]  bench  TagCounter                            16.4 ns/op   0.000 B/op   0.000 allocs/op
  [2/2]  bench  TagCounter                            16.2 ns/op ±1%   0.000 B/op   0.000 allocs/op    350ms
