  [1/2]  bench  VoteVerify                            476,108 ns/op   6,888 B/op   65.0 allocs/op
  [2/2]  bench  VoteVerify                            462,117 ns/op ±3%   6,888 B/op   65.0 allocs/op    540ms
  [1/2]  bench  CryptoVerifierVoteVertification       210,071 ns/op   24,010 B/op   71.0 allocs/op
  [2/2]  bench  CryptoVerifierVoteVertification       210,977 ns/op ±0%   24,007 B/op ±0%   71.0 allocs/op    530ms
  [1/2]  bench  CryptoVerifierProposalVertification   306,457 ns/op   12,475 B/op   54.0 allocs/op
  [2/2]  bench  CryptoVerifierProposalVertification   300,508 ns/op ±2%   12,475 B/op   54.0 allocs/op    550ms
  [1/2]  bench  VoteDecoding                          411 ns/op   1,152 B/op   2.00 allocs/op
  [2/2]  bench  VoteDecoding                          412 ns/op ±0%   1,152 B/op   2.00 allocs/op    800ms
  [1/2]  bench  RouterUpdate/root                     142 ns/op   0.000 B/op   0.000 allocs/op
  [2/2]  bench  RouterUpdate/root                     139 ns/op ±2%   0.000 B/op   0.000 allocs/op    500ms
  [1/2]  bench  RouterUpdate/round                    71.7 ns/op   0.000 B/op   0.000 allocs/op
  [2/2]  bench  RouterUpdate/round                    71.9 ns/op ±0%   0.000 B/op   0.000 allocs/op    440ms
  [1/2]  bench  NoiseSentinelHash                     41,266 ns/op   1,588 MB/s   0.000 B/op   0.000 allocs/op
  [2/2]  bench  NoiseSentinelHash                     41,273 ns/op ±0%   1,588 MB/s ±0%   0.000 B/op   0.000 allocs/op    360ms
  [1/2]  bench  NoiseSentinelLoop                     7,636 ns/op   0.000 B/op   0.000 allocs/op
  [2/2]  bench  NoiseSentinelLoop                     7,642 ns/op ±0%   0.000 B/op   0.000 allocs/op    430ms
  [1/2]  bench  BatchVerifierImpls/libsodium_single   4,293,405 ns/op   21,264 B/op   261 allocs/op
  [2/2]  bench  BatchVerifierImpls/libsodium_single   4,223,838 ns/op ±2%   21,264 B/op   261 allocs/op    360ms
  [1/2]  bench  BatchVerifierImpls/libsodium_batch    1,758,235 ns/op   26,090 B/op   12.0 allocs/op
  [2/2]  bench  BatchVerifierImpls/libsodium_batch    1,736,797 ns/op ±1%   26,077 B/op ±0%   12.0 allocs/op    520ms
  [1/2]  bench  BatchVerifierImpls/ed25519consensus   1,897,903 ns/op   270,016 B/op   137 allocs/op
  [2/2]  bench  BatchVerifierImpls/ed25519consensus   1,892,430 ns/op ±0%   270,016 B/op   137 allocs/op    540ms
  [1/2]  bench  BatchVerify/size=1                    63,986 ns/op   336 B/op   9.00 allocs/op
  [2/2]  bench  BatchVerify/size=1                    62,818 ns/op ±2%   336 B/op   9.00 allocs/op    360ms
  [1/2]  bench  BatchVerify/size=64                   4,149,907 ns/op   16,144 B/op   261 allocs/op
  [2/2]  bench  BatchVerify/size=64                   4,160,160 ns/op ±0%   16,144 B/op   261 allocs/op    370ms
  [1/2]  bench  BatchVerify/size=256                  16,733,108 ns/op   64,592 B/op   1,029 allocs/op
  [2/2]  bench  BatchVerify/size=256                  16,706,876 ns/op ±0%   64,592 B/op   1,029 allocs/op    380ms
  [1/2]  bench  FalconVerify                          52,969 ns/op   0.000 B/op   0.000 allocs/op
  [2/2]  bench  FalconVerify                          52,588 ns/op ±1%   0.000 B/op   0.000 allocs/op    470ms
  [1/2]  bench  FalconSign                            9,898,975 ns/op   3,080 B/op   3.00 allocs/op
  [2/2]  bench  FalconSign                            9,916,032 ns/op ±0%   3,080 B/op   3.00 allocs/op    450ms
  [1/2]  bench  MultisigVerify                        191,515 ns/op   2,648 B/op   21.0 allocs/op
  [2/2]  bench  MultisigVerify                        190,871 ns/op ±0%   2,648 B/op   21.0 allocs/op    380ms
  [1/2]  bench  VrfProve                              167,315 ns/op   224 B/op   5.00 allocs/op
  [2/2]  bench  VrfProve                              172,045 ns/op ±3%   224 B/op   5.00 allocs/op    390ms
  [1/2]  bench  Hash                                  256 ns/op   0.000 B/op   0.000 allocs/op
  [2/2]  bench  Hash                                  256 ns/op ±0%   0.000 B/op   0.000 allocs/op    620ms
  [1/2]  bench  SignVerify                            82,368 ns/op   336 B/op   10.0 allocs/op
  [2/2]  bench  SignVerify                            83,102 ns/op ±1%   336 B/op   10.0 allocs/op    370ms
  [1/2]  bench  Verify25519/libsodium                 66,102 ns/op   128 B/op   4.00 allocs/op
  [2/2]  bench  Verify25519/libsodium                 66,864 ns/op ±1%   128 B/op   4.00 allocs/op    490ms
  [1/2]  bench  Verify25519/ed25519consensus          62,454 ns/op   32.0 B/op   2.00 allocs/op
  [2/2]  bench  Verify25519/ed25519consensus          62,422 ns/op ±0%   32.0 B/op   2.00 allocs/op    470ms
  [1/2]  bench  MerkleSignatureVerify                 100,320 ns/op   9,472 B/op   42.0 allocs/op
  [2/2]  bench  MerkleSignatureVerify                 101,234 ns/op ±1%   9,472 B/op   42.0 allocs/op    590ms
  [1/2]  bench  OneTimeSigBatchVerification/libsodium_singles  197,083 ns/op   1,304 B/op   24.0 allocs/op
  [2/2]  bench  OneTimeSigBatchVerification/libsodium_singles  196,713 ns/op ±0%   1,304 B/op ±0%   24.0 allocs/op    640ms
  [1/2]  bench  OneTimeSigBatchVerification/libsodium_batch  165,224 ns/op   1,144 B/op   17.0 allocs/op
  [2/2]  bench  OneTimeSigBatchVerification/libsodium_batch  164,488 ns/op ±0%   1,144 B/op   17.0 allocs/op    670ms
  [1/2]  bench  OneTimeSigBatchVerification/ed25519consensus_batch  133,918 ns/op   14,319 B/op   22.0 allocs/op
  [2/2]  bench  OneTimeSigBatchVerification/ed25519consensus_batch  134,014 ns/op ±0%   14,320 B/op ±0%   22.0 allocs/op    670ms
  [1/2]  bench  VrfVerify                             238,894 ns/op   176 B/op   3.00 allocs/op
  [2/2]  bench  VrfVerify                             237,690 ns/op ±1%   176 B/op   3.00 allocs/op    730ms
  [1/2]  bench  AppRateLimiter_TxgroupToKeys          19,135 ns/op   9,512 B/op   3.00 allocs/op
  [2/2]  bench  AppRateLimiter_TxgroupToKeys          19,290 ns/op ±1%   9,512 B/op   3.00 allocs/op    770ms
  [1/2]  bench  AddressFormatting                     382 ns/op   128 B/op   2.00 allocs/op
  [2/2]  bench  AddressFormatting                     390 ns/op ±2%   128 B/op   2.00 allocs/op    340ms
  [1/2]  bench  UnmarshalChecksumAddress              867 ns/op   192 B/op   3.00 allocs/op
  [2/2]  bench  UnmarshalChecksumAddress              866 ns/op ±0%   192 B/op   3.00 allocs/op    340ms
  [1/2]  bench  CodecRealistic/encode-signed-pay      864 ns/op   2,688 B/op   1.00 allocs/op
  [2/2]  bench  CodecRealistic/encode-signed-pay      863 ns/op ±0%   2,688 B/op   1.00 allocs/op    310ms
  [1/2]  bench  CodecRealistic/decode-signed-pay      318 ns/op   64.0 B/op   3.00 allocs/op
  [2/2]  bench  CodecRealistic/decode-signed-pay      338 ns/op ±6%   64.0 B/op   3.00 allocs/op    360ms
  [1/2]  bench  CodecRealistic/encode-signed-appl     1,216 ns/op   3,072 B/op   1.00 allocs/op
  [2/2]  bench  CodecRealistic/encode-signed-appl     1,101 ns/op ±10%   3,072 B/op   1.00 allocs/op    350ms
  [1/2]  bench  CodecRealistic/decode-signed-appl     856 ns/op   376 B/op   13.0 allocs/op
  [2/2]  bench  CodecRealistic/decode-signed-appl     855 ns/op ±0%   376 B/op   13.0 allocs/op    670ms
  [1/2]  bench  CodecRealistic/encode-block-header    913 ns/op   1,824 B/op   3.00 allocs/op
  [2/2]  bench  CodecRealistic/encode-block-header    905 ns/op ±1%   1,824 B/op   3.00 allocs/op    320ms
  [1/2]  bench  CodecRealistic/decode-block-header    1,002 ns/op   720 B/op   9.00 allocs/op
  [2/2]  bench  CodecRealistic/decode-block-header    1,009 ns/op ±1%   720 B/op   9.00 allocs/op    330ms
  [1/2]  bench  HashObj/txn                           1,659 ns/op   3,936 B/op   3.00 allocs/op
  [2/2]  bench  HashObj/txn                           1,654 ns/op ±0%   3,936 B/op   3.00 allocs/op    360ms
  [1/2]  bench  HashObj/block-header                  3,074 ns/op   3,552 B/op   5.00 allocs/op
  [2/2]  bench  HashObj/block-header                  3,077 ns/op ±0%   3,552 B/op   5.00 allocs/op    370ms
  [1/2]  bench  AppendMsgBlockHeader                  58.9 ns/op   17.0 MB/s   0.000 B/op   0.000 allocs/op
  [2/2]  bench  AppendMsgBlockHeader                  59.1 ns/op ±0%   16.9 MB/s ±0%   0.000 B/op   0.000 allocs/op    420ms
  [1/2]  bench  Sortition                             511,477 ns/op   1,825 B/op   21.0 allocs/op
  [2/2]  bench  Sortition                             512,521 ns/op ±0%   1,825 B/op   21.0 allocs/op    430ms
  [1/2]  bench  StatusCachePut                        1,320 ns/op   220 B/op   1.00 allocs/op
  [2/2]  bench  StatusCachePut                        1,314 ns/op ±0%   220 B/op   1.00 allocs/op    360ms
  [1/2]  bench  StatusCacheCheckHit                   342 ns/op   19.0 B/op   2.00 allocs/op
  [2/2]  bench  StatusCacheCheckHit                   342 ns/op ±0%   19.0 B/op   2.00 allocs/op    360ms
  [1/2]  bench  StatusCacheCheckMiss                  136 ns/op   0.000 B/op   0.000 allocs/op
  [2/2]  bench  StatusCacheCheckMiss                  136 ns/op   0.000 B/op   0.000 allocs/op    510ms
  [1/2]  bench  TransactionPoolRecompute              1,429,410,388 ns/op   49,892 ns/txn   1,122,041,024 B/op   2,398,058 allocs/op
  [2/2]  bench  TransactionPoolRecompute              1,329,409,654 ns/op ±8%   46,402 ns/txn ±8%   1,122,041,284 B/op ±0%   2,398,024 allocs/op ±0%    3.68s
  [1/2]  bench  TxnIDs/signed-txn-id                  783 ns/op   0.000 B/op   0.000 allocs/op
  [2/2]  bench  TxnIDs/signed-txn-id                  781 ns/op ±0%   0.000 B/op   0.000 allocs/op    370ms
  [1/2]  bench  TxnIDs/group-id                       18,703 ns/op   2,283 B/op   4.00 allocs/op
  [2/2]  bench  TxnIDs/group-id                       18,625 ns/op ±0%   2,279 B/op ±0%   4.00 allocs/op    550ms
  [1/2]  bench  WellFormed/pay                        195 ns/op   0.000 B/op   0.000 allocs/op
  [2/2]  bench  WellFormed/pay                        195 ns/op ±0%   0.000 B/op   0.000 allocs/op    560ms
  [1/2]  bench  WellFormed/axfer                      182 ns/op   0.000 B/op   0.000 allocs/op
  [2/2]  bench  WellFormed/axfer                      182 ns/op ±0%   0.000 B/op   0.000 allocs/op    540ms
  [1/2]  bench  WellFormed/acfg                       184 ns/op   0.000 B/op   0.000 allocs/op
  [2/2]  bench  WellFormed/acfg                       184 ns/op ±0%   0.000 B/op   0.000 allocs/op    550ms
  [1/2]  bench  WellFormed/appl                       243 ns/op   0.000 B/op   0.000 allocs/op
  [2/2]  bench  WellFormed/appl                       243 ns/op ±0%   0.000 B/op   0.000 allocs/op    610ms
  [1/2]  bench  WellFormed/keyreg                     249 ns/op   0.000 B/op   0.000 allocs/op
  [2/2]  bench  WellFormed/keyreg                     249 ns/op ±0%   0.000 B/op   0.000 allocs/op    610ms
  [1/2]  bench  Assemble                              351,198 ns/op   329,240 B/op   3,263 allocs/op
  [2/2]  bench  Assemble                              353,390 ns/op ±1%   329,241 B/op ±0%   3,263 allocs/op    380ms
  [1/2]  bench  Disassemble                           71,299 ns/op   49,983 B/op   888 allocs/op
  [2/2]  bench  Disassemble                           71,090 ns/op ±0%   49,983 B/op   888 allocs/op    350ms
  [1/2]  bench  BoxOps/box_get                        3,403 ns/op   3.00 extra/op   3,361 B/op   33.0 allocs/op
  [2/2]  bench  BoxOps/box_get                        3,401 ns/op ±0%   3.00 extra/op   3,363 B/op ±0%   33.0 allocs/op    430ms
  [1/2]  bench  BoxOps/box_len                        2,928 ns/op   3.00 extra/op   1,023 B/op   31.0 allocs/op
  [2/2]  bench  BoxOps/box_len                        2,926 ns/op ±0%   3.00 extra/op   1,023 B/op   31.0 allocs/op    430ms
  [1/2]  bench  BoxOps/box_extract                    3,426 ns/op   4.00 extra/op   1,521 B/op   37.0 allocs/op
  [2/2]  bench  BoxOps/box_extract                    3,635 ns/op ±6%   4.00 extra/op   1,521 B/op   37.0 allocs/op    490ms
  [1/2]  bench  BoxOps/box_replace                    3,110 ns/op   3.00 extra/op   1,308 B/op   34.0 allocs/op
  [2/2]  bench  BoxOps/box_replace                    3,108 ns/op ±0%   3.00 extra/op   1,308 B/op   34.0 allocs/op    430ms
  [1/2]  bench  BoxOps/box_splice                     3,879 ns/op   4.00 extra/op   1,624 B/op   42.0 allocs/op
  [2/2]  bench  BoxOps/box_splice                     3,872 ns/op ±0%   4.00 extra/op   1,625 B/op ±0%   42.0 allocs/op    450ms
  [1/2]  bench  BoxOps/box_put                        3,176 ns/op   3.00 extra/op   2,088 B/op   31.0 allocs/op
  [2/2]  bench  BoxOps/box_put                        3,163 ns/op ±0%   3.00 extra/op   2,088 B/op ±0%   31.0 allocs/op    430ms
  [1/2]  bench  BoxOps/box_resize                     6,214 ns/op   5.00 extra/op   1,723 B/op   52.0 allocs/op
  [2/2]  bench  BoxOps/box_resize                     6,204 ns/op ±0%   5.00 extra/op   1,724 B/op ±0%   52.0 allocs/op    490ms
  [1/2]  bench  BoxOps/box_create_del                 5,894 ns/op   6.00 extra/op   1,778 B/op   54.0 allocs/op
  [2/2]  bench  BoxOps/box_create_del                 5,911 ns/op ±0%   6.00 extra/op   1,779 B/op ±0%   54.0 allocs/op    500ms
  [1/2]  bench  InnerTxn/pay                          21,963 ns/op   24,581 B/op   127 allocs/op
  [2/2]  bench  InnerTxn/pay                          22,158 ns/op ±1%   24,582 B/op ±0%   127 allocs/op    590ms
  [1/2]  bench  InnerTxn/axfer                        23,008 ns/op   25,182 B/op   134 allocs/op
  [2/2]  bench  InnerTxn/axfer                        23,016 ns/op ±0%   25,182 B/op   134 allocs/op    590ms
  [1/2]  bench  InnerTxn/appl                         22,098 ns/op   33,111 B/op   100 allocs/op
  [2/2]  bench  InnerTxn/appl                         22,017 ns/op ±0%   33,111 B/op   100 allocs/op    580ms
  [1/2]  bench  StateOps/app_global_get               1,779 ns/op   2.00 extra/op   677 B/op   21.0 allocs/op
  [2/2]  bench  StateOps/app_global_get               1,787 ns/op ±0%   2.00 extra/op   677 B/op   21.0 allocs/op    410ms
  [1/2]  bench  StateOps/app_global_put               2,627 ns/op   2.00 extra/op   1,353 B/op   27.0 allocs/op
  [2/2]  bench  StateOps/app_global_put               2,611 ns/op ±1%   2.00 extra/op   1,353 B/op   27.0 allocs/op    400ms
  [1/2]  bench  StateOps/app_global_del               1,285 ns/op   1.00 extra/op   499 B/op   15.0 allocs/op
  [2/2]  bench  StateOps/app_global_del               1,277 ns/op ±1%   1.00 extra/op   499 B/op   15.0 allocs/op    690ms
  [1/2]  bench  StateOps/app_local_get                2,599 ns/op   3.00 extra/op   913 B/op   29.0 allocs/op
  [2/2]  bench  StateOps/app_local_get                2,588 ns/op ±0%   3.00 extra/op   913 B/op ±0%   29.0 allocs/op    430ms
  [1/2]  bench  StateOps/app_local_put                3,234 ns/op   3.00 extra/op   1,165 B/op   33.0 allocs/op
  [2/2]  bench  StateOps/app_local_put                3,125 ns/op ±3%   3.00 extra/op   1,165 B/op   33.0 allocs/op    430ms
  [1/2]  bench  StateOps/app_local_del                2,096 ns/op   2.00 extra/op   702 B/op   23.0 allocs/op
  [2/2]  bench  StateOps/app_local_del                2,092 ns/op ±0%   2.00 extra/op   702 B/op   23.0 allocs/op    410ms
  [1/2]  bench  StateOps/asset_holding_get            3,536 ns/op   4.00 extra/op   1,277 B/op   36.0 allocs/op
  [2/2]  bench  StateOps/asset_holding_get            3,531 ns/op ±0%   4.00 extra/op   1,277 B/op   36.0 allocs/op    450ms
  [1/2]  bench  StateOps/asset_params_get             3,023 ns/op   3.00 extra/op   1,509 B/op   34.0 allocs/op
  [2/2]  bench  StateOps/asset_params_get             3,028 ns/op ±0%   3.00 extra/op   1,509 B/op   34.0 allocs/op    430ms
  [1/2]  bench  StateOps/app_params_get               2,886 ns/op   3.00 extra/op   1,324 B/op   30.0 allocs/op
  [2/2]  bench  StateOps/app_params_get               2,886 ns/op   3.00 extra/op   1,324 B/op   30.0 allocs/op    430ms
  [1/2]  bench  StateOps/acct_params_get              4,166 ns/op   3.00 extra/op   1,709 B/op   36.0 allocs/op
  [2/2]  bench  StateOps/acct_params_get              4,158 ns/op ±0%   3.00 extra/op   1,709 B/op ±0%   36.0 allocs/op    440ms
  [1/2]  bench  Verify/pop                            56.9 ns/op   3.00 extra/op   6.00 B/op   0.000 allocs/op
  [2/2]  bench  Verify/pop                            59.8 ns/op ±5%   3.00 extra/op   6.00 B/op   0.000 allocs/op    540ms
  [1/2]  bench  Verify/add                            61.7 ns/op   3.00 extra/op   6.00 B/op   0.000 allocs/op
  [2/2]  bench  Verify/add                            60.8 ns/op ±2%   3.00 extra/op   6.00 B/op   0.000 allocs/op    520ms
  [1/2]  bench  Verify/ed25519verify_bare             63,992 ns/op   7.00 extra/op   103 B/op   2.00 allocs/op
  [2/2]  bench  Verify/ed25519verify_bare             64,576 ns/op ±1%   7.00 extra/op   103 B/op   2.00 allocs/op    530ms
  [1/2]  bench  Verify/ecdsa_verify_k1                60,231 ns/op   7.00 extra/op   342 B/op   6.00 allocs/op
  [2/2]  bench  Verify/ecdsa_verify_k1                60,460 ns/op ±0%   7.00 extra/op   342 B/op   6.00 allocs/op    580ms
  [1/2]  bench  Verify/ecdsa_verify_r1                81,858 ns/op   7.00 extra/op   1,417 B/op   25.0 allocs/op
  [2/2]  bench  Verify/ecdsa_verify_r1                81,664 ns/op ±0%   7.00 extra/op   1,417 B/op   25.0 allocs/op    540ms
  [1/2]  bench  Verify/falcon_verify                  51,267 ns/op   7.00 extra/op   2,055 B/op   1.00 allocs/op
  [2/2]  bench  Verify/falcon_verify                  52,242 ns/op ±2%   7.00 extra/op   2,055 B/op   1.00 allocs/op    860ms
  [1/2]  bench  Verify/vrf_verify                     229,569 ns/op   5.00 extra/op   280 B/op   6.00 allocs/op
  [2/2]  bench  Verify/vrf_verify                     227,097 ns/op ±1%   5.00 extra/op   280 B/op   6.00 allocs/op    530ms
  [1/2]  bench  CheckSignature                        8,671 ns/op   12,320 B/op   9.00 allocs/op
  [2/2]  bench  CheckSignature                        8,745 ns/op ±1%   12,320 B/op   9.00 allocs/op    450ms
  [1/2]  bench  Addx64/add_long_stack                 6,777 ns/op   17,072 B/op   12.0 allocs/op
  [2/2]  bench  Addx64/add_long_stack                 6,872 ns/op ±1%   17,072 B/op   12.0 allocs/op    430ms
  [1/2]  bench  Addx64/add_small_stack                6,604 ns/op   13,616 B/op   10.0 allocs/op
  [2/2]  bench  Addx64/add_small_stack                6,457 ns/op ±2%   13,616 B/op   10.0 allocs/op    430ms
  [1/2]  bench  NopPassx1                             3,153 ns/op   13,616 B/op   10.0 allocs/op
  [2/2]  bench  NopPassx1                             3,180 ns/op ±1%   13,616 B/op   10.0 allocs/op    370ms
  [1/2]  bench  Checkx5                               118,677 ns/op   107,269 B/op   957 allocs/op
  [2/2]  bench  Checkx5                               119,335 ns/op ±1%   107,269 B/op ±0%   957 allocs/op    330ms
  [1/2]  bench  AppendMsgSignedTxn                    131 ns/op   7.65 MB/s   0.000 B/op   0.000 allocs/op
  [2/2]  bench  AppendMsgSignedTxn                    131 ns/op ±0%   7.67 MB/s ±0%   0.000 B/op   0.000 allocs/op    490ms
  [1/2]  bench  TinyMan/eval-lsig-signature           19,009 ns/op   36,840 B/op   86.0 allocs/op
  [2/2]  bench  TinyMan/eval-lsig-signature           18,669 ns/op ±2%   36,840 B/op   86.0 allocs/op    550ms
  [1/2]  bench  TinyMan/group-check-actual            156,396 ns/op   99,798 B/op   135 allocs/op
  [2/2]  bench  TinyMan/group-check-actual            157,296 ns/op ±1%   99,765 B/op ±0%   135 allocs/op    1.38s
  [1/2]  bench  TinyMan/group-check-all-crypto        180,879 ns/op   54,450 B/op   34.0 allocs/op
  [2/2]  bench  TinyMan/group-check-all-crypto        180,959 ns/op ±0%   54,410 B/op ±0%   34.0 allocs/op    330ms
  [1/2]  bench  LogicSigSanityCheck                   11,616 ns/op   18,296 B/op   14.0 allocs/op
  [2/2]  bench  LogicSigSanityCheck                   11,655 ns/op ±0%   18,296 B/op   14.0 allocs/op    470ms
  [1/2]  bench  PaysetGroups                          18,357 ns/op   28,215 B/op   6.00 allocs/op
  [2/2]  bench  PaysetGroups                          18,779 ns/op ±2%   28,802 B/op ±2%   6.00 allocs/op    1.01s
  [1/2]  bench  Txn                                   38,095 ns/op   12,327 B/op   6.00 allocs/op
  [2/2]  bench  Txn                                   38,089 ns/op ±0%   12,320 B/op ±0%   6.00 allocs/op    1.11s
  [1/2]  bench  TxHandlerProcessing/processDecoded    16,441 ns/op   3,912 B/op   44.0 allocs/op
  [2/2]  bench  TxHandlerProcessing/processDecoded    16,452 ns/op ±0%   3,912 B/op   44.0 allocs/op    1.26s
  [1/2]  bench  TxHandlerProcessing/verify.TxnGroup   68,503 ns/op   11,872 B/op   16.0 allocs/op
  [2/2]  bench  TxHandlerProcessing/verify.TxnGroup   68,687 ns/op ±0%   11,872 B/op   16.0 allocs/op    480ms
  [1/2]  bench  TxHandlerDecoderMsgp                  12,908,632 ns/op   7,563,448 B/op   28,001 allocs/op
  [2/2]  bench  TxHandlerDecoderMsgp                  12,861,384 ns/op ±0%   7,719,353 B/op ±2%   28,064 allocs/op ±0%    750ms
  [1/2]  bench  CompactDeltas/account-deltas          2,050,661 ns/op   4,123,000 B/op   16.0 allocs/op
  [2/2]  bench  CompactDeltas/account-deltas          2,092,834 ns/op ±2%   4,123,000 B/op   16.0 allocs/op    2.73s
  [1/2]  bench  Apply/asset-transfer                  755 ns/op   512 B/op   4.00 allocs/op
  [2/2]  bench  Apply/asset-transfer                  753 ns/op ±0%   512 B/op   4.00 allocs/op    340ms
  [1/2]  bench  Apply/keyreg                          490 ns/op   0.000 B/op   0.000 allocs/op
  [2/2]  bench  Apply/keyreg                          491 ns/op ±0%   0.000 B/op   0.000 allocs/op    360ms
  [1/2]  bench  Apply/app-call                        200 ns/op   0.000 B/op   0.000 allocs/op
  [2/2]  bench  Apply/app-call                        199 ns/op ±0%   0.000 B/op   0.000 allocs/op    560ms
  [1/2]  bench  CompactResourceDeltas                 6,521,143 ns/op   10,273,456 B/op   36.0 allocs/op
  [2/2]  bench  CompactResourceDeltas                 6,550,377 ns/op ±0%   10,273,456 B/op   36.0 allocs/op    430ms
  [1/2]  bench  TxTailCheckDup/hit                    85.0 ns/op   48.0 B/op   1.00 allocs/op
  [2/2]  bench  TxTailCheckDup/hit                    85.5 ns/op ±1%   48.0 B/op   1.00 allocs/op    440ms
  [1/2]  bench  TxTailCheckDup/miss                   44.2 ns/op   0.000 B/op   0.000 allocs/op
  [2/2]  bench  TxTailCheckDup/miss                   44.2 ns/op   0.000 B/op   0.000 allocs/op    410ms
  [1/2]  bench  CowChild                              68.0 ns/op   0.000 B/op   0.000 allocs/op
  [2/2]  bench  CowChild                              69.5 ns/op ±2%   0.000 B/op   0.000 allocs/op    440ms
  [1/2]  bench  PrefetcherApps                        302 ns/op   111 B/op   1.00 allocs/op
  [2/2]  bench  PrefetcherApps                        302 ns/op ±0%   111 B/op   1.00 allocs/op    820ms
  [1/2]  bench  PrefetcherPayment                     274 ns/op   83.0 B/op   0.000 allocs/op
  [2/2]  bench  PrefetcherPayment                     284 ns/op ±4%   83.5 B/op ±1%   0.000 allocs/op    1.52s
  [1/2]  bench  BlockEvaluatorRAMNoCrypto             592,391,863 ns/op   11,849 ns/eval_validate_tx   589,537,284 B/op   1,351,131 allocs/op
  [2/2]  bench  BlockEvaluatorRAMNoCrypto             598,990,161 ns/op ±1%   11,982 ns/eval_validate_tx ±1%   589,569,176 B/op ±0%   1,351,134 allocs/op ±0%    10.94s
  [1/2]  bench  BlockValidationMix                    2,127,293,320 ns/op   1,933,803,680 B/op   7,472,600 allocs/op
  [2/2]  bench  BlockValidationMix                    2,167,738,009 ns/op ±2%   1,931,821,440 B/op ±0%   7,470,812 allocs/op ±0%    12.28s
  [1/2]  bench  AppInt1                               960,960,079 ns/op   1,973,786,304 B/op   2,941,522 allocs/op
  [2/2]  bench  AppInt1                               950,122,786 ns/op ±1%   1,973,692,284 B/op ±0%   2,941,499 allocs/op ±0%    2.17s
  [1/2]  bench  AccountDeltasOps/upsert               681,389 ns/op   3,539,638 B/op   35.0 allocs/op
  [2/2]  bench  AccountDeltasOps/upsert               702,121 ns/op ±3%   3,539,640 B/op ±0%   35.0 allocs/op    410ms
  [1/2]  bench  AccountDeltasOps/merge                629,896 ns/op   800,530 B/op   66.0 allocs/op
  [2/2]  bench  AccountDeltasOps/merge                630,616 ns/op ±0%   800,530 B/op ±0%   66.0 allocs/op    770ms
  [1/2]  bench  AccountDeltasOps/optimize             145,456 ns/op   1,131,185 B/op   35.0 allocs/op
  [2/2]  bench  AccountDeltasOps/optimize             142,907 ns/op ±2%   1,131,185 B/op   35.0 allocs/op    470ms
  [1/2]  bench  MakeStateDelta                        1,251,640 ns/op   20,811,627 B/op   197 allocs/op
  [2/2]  bench  MakeStateDelta                        1,275,303 ns/op ±2%   20,811,627 B/op   197 allocs/op    500ms
  [1/2]  bench  OnlineAccountsCacheRead320            2,845,162 ns/op   573,559 B/op   3,269 allocs/op
  [2/2]  bench  OnlineAccountsCacheRead320            2,964,556 ns/op ±4%   639,519 B/op ±10%   3,645 allocs/op ±10%    310ms
  [1/2]  bench  MessageFilterCheck/hit                5,788 ns/op   1,248 B/op   9.00 allocs/op
  [2/2]  bench  MessageFilterCheck/hit                5,837 ns/op ±1%   1,248 B/op   9.00 allocs/op    400ms
  [1/2]  bench  MessageFilterCheck/miss               6,340 ns/op   1,248 B/op   9.00 allocs/op
  [2/2]  bench  MessageFilterCheck/miss               6,178 ns/op ±3%   1,248 B/op   9.00 allocs/op    410ms
  [1/2]  bench  GenerateMessageDigest                 526 ns/op   0.000 B/op   0.000 allocs/op
  [2/2]  bench  GenerateMessageDigest                 526 ns/op ±0%   0.000 B/op   0.000 allocs/op    360ms
  [1/2]  bench  VpackVote/compress                    483 ns/op   1,300 MB/s   0.000 B/op   0.000 allocs/op
  [2/2]  bench  VpackVote/compress                    484 ns/op ±0%   1,297 MB/s ±0%   0.000 B/op   0.000 allocs/op    360ms
  [1/2]  bench  VpackVote/decompress                  136 ns/op   3,462 MB/s   0.000 B/op   0.000 allocs/op
  [2/2]  bench  VpackVote/decompress                  137 ns/op ±1%   3,442 MB/s ±1%   0.000 B/op   0.000 allocs/op    500ms
  [1/2]  bench  BloomFilterSet                        101 ns/op   0.000 B/op   0.000 allocs/op
  [2/2]  bench  BloomFilterSet                        101 ns/op   0.000 B/op   0.000 allocs/op    1.91s
  [1/2]  bench  BloomFilterTest                       97.6 ns/op   0.000 B/op   0.000 allocs/op
  [2/2]  bench  BloomFilterTest                       97.8 ns/op ±0%   0.000 B/op   0.000 allocs/op    2.18s
  [1/2]  bench  TagCounter                            16.9 ns/op   0.000 B/op   0.000 allocs/op
  [2/2]  bench  TagCounter                            16.5 ns/op ±3%   0.000 B/op   0.000 allocs/op    360ms
