  [1/4]  bench  AppendMsgBlockHeader                  58.9 ns/op   17.0 MB/s   0.000 B/op   0.000 allocs/op
  [2/4]  bench  AppendMsgBlockHeader                  58.8 ns/op   17.0 MB/s   0.000 B/op   0.000 allocs/op
  [3/4]  bench  AppendMsgBlockHeader                  58.9 ns/op   17.0 MB/s   0.000 B/op   0.000 allocs/op
  [4/4]  bench  AppendMsgBlockHeader                  58.9 ns/op ±0%   17.0 MB/s ±0%   0.000 B/op   0.000 allocs/op    3.78s
  [1/4]  bench  AppendMsgSignedTxn                    141 ns/op   7.10 MB/s   0.000 B/op   0.000 allocs/op
  [2/4]  bench  AppendMsgSignedTxn                    141 ns/op   7.12 MB/s   0.000 B/op   0.000 allocs/op
  [3/4]  bench  AppendMsgSignedTxn                    141 ns/op   7.11 MB/s   0.000 B/op   0.000 allocs/op
  [4/4]  bench  AppendMsgSignedTxn                    141 ns/op ±0%   7.11 MB/s ±0%   0.000 B/op   0.000 allocs/op    4.02s
  [1/4]  bench  PaysetGroups                          21,713 ns/op   105,981 B/op   6.00 allocs/op
  [2/4]  bench  PaysetGroups                          21,268 ns/op   105,929 B/op   6.00 allocs/op
  [3/4]  bench  PaysetGroups                          21,080 ns/op   105,946 B/op   6.00 allocs/op
  [4/4]  bench  PaysetGroups                          20,981 ns/op ±2%   105,533 B/op ±1%   6.00 allocs/op    16.87s
  [1/4]  bench  Txn                                   38,234 ns/op   12,278 B/op   6.00 allocs/op
  [2/4]  bench  Txn                                   38,237 ns/op   12,269 B/op   6.00 allocs/op
  [3/4]  bench  Txn                                   38,212 ns/op   12,271 B/op   6.00 allocs/op
  [4/4]  bench  Txn                                   38,256 ns/op ±0%   12,276 B/op ±0%   6.00 allocs/op    11.49s
  [1/4]  bench  TxHandlerProcessing/processDecoded    17,176 ns/op   3,912 B/op   44.0 allocs/op
  [2/4]  bench  TxHandlerProcessing/processDecoded    16,962 ns/op   3,912 B/op   44.0 allocs/op
  [3/4]  bench  TxHandlerProcessing/processDecoded    16,969 ns/op   3,912 B/op   44.0 allocs/op
  [4/4]  bench  TxHandlerProcessing/processDecoded    16,919 ns/op ±1%   3,912 B/op   44.0 allocs/op    9.5s
  [1/4]  bench  TxHandlerProcessing/verify.TxnGroup   70,136 ns/op   11,872 B/op   16.0 allocs/op
  [2/4]  bench  TxHandlerProcessing/verify.TxnGroup   70,327 ns/op   11,872 B/op   16.0 allocs/op
  [3/4]  bench  TxHandlerProcessing/verify.TxnGroup   70,170 ns/op   11,872 B/op   16.0 allocs/op
  [4/4]  bench  TxHandlerProcessing/verify.TxnGroup   70,051 ns/op ±1%   11,872 B/op ±0%   16.0 allocs/op    7.7s
  [1/4]  bench  CompactDeltas/account-deltas          2,216,144 ns/op   4,123,000 B/op   16.0 allocs/op
  [2/4]  bench  CompactDeltas/account-deltas          2,262,788 ns/op   4,123,000 B/op   16.0 allocs/op
  [3/4]  bench  CompactDeltas/account-deltas          2,259,559 ns/op   4,123,000 B/op   16.0 allocs/op
  [4/4]  bench  CompactDeltas/account-deltas          2,252,148 ns/op ±2%   4,123,000 B/op   16.0 allocs/op    8.54s
