  [1/2]  bench  VoteVerify                            376,455 ns/op   6,888 B/op   65.0 allocs/op
  [2/2]  bench  VoteVerify                            377,186 ns/op ±0%   6,888 B/op   65.0 allocs/op    510ms
  [1/2]  bench  CryptoVerifierVoteVertification       185,348 ns/op   24,008 B/op   71.0 allocs/op
  [2/2]  bench  CryptoVerifierVoteVertification       179,225 ns/op ±3%   24,006 B/op ±0%   71.0 allocs/op    510ms
  [1/2]  bench  CryptoVerifierProposalVertification   236,209 ns/op   12,474 B/op   54.0 allocs/op
  [2/2]  bench  CryptoVerifierProposalVertification   231,990 ns/op ±2%   12,474 B/op   54.0 allocs/op    520ms
  [1/2]  bench  VoteDecoding                          386 ns/op   1,152 B/op   2.00 allocs/op
  [2/2]  bench  VoteDecoding                          384 ns/op ±1%   1,152 B/op   2.00 allocs/op    780ms
  [1/2]  bench  RouterUpdate/root                     111 ns/op   0.000 B/op   0.000 allocs/op
  [2/2]  bench  RouterUpdate/root                     111 ns/op   0.000 B/op   0.000 allocs/op    470ms
  [1/2]  bench  RouterUpdate/round                    71.8 ns/op   0.000 B/op   0.000 allocs/op
  [2/2]  bench  RouterUpdate/round                    72.2 ns/op ±1%   0.000 B/op   0.000 allocs/op    430ms
  [1/2]  bench  NoiseSentinelHash                     42,496 ns/op   1,542 MB/s   0.000 B/op   0.000 allocs/op
  [2/2]  bench  NoiseSentinelHash                     42,411 ns/op ±0%   1,545 MB/s ±0%   0.000 B/op   0.000 allocs/op    340ms
  [1/2]  bench  NoiseSentinelLoop                     7,461 ns/op   0.000 B/op   0.000 allocs/op
  [2/2]  bench  NoiseSentinelLoop                     7,522 ns/op ±1%   0.000 B/op   0.000 allocs/op    430ms
  [1/2]  bench  BatchVerifierImpls/libsodium_single   3,474,758 ns/op   21,264 B/op   261 allocs/op
  [2/2]  bench  BatchVerifierImpls/libsodium_single   3,453,189 ns/op ±1%   21,264 B/op   261 allocs/op    340ms
  [1/2]  bench  BatchVerifierImpls/libsodium_batch    1,551,069 ns/op   26,064 B/op   12.0 allocs/op
  [2/2]  bench  BatchVerifierImpls/libsodium_batch    1,550,462 ns/op ±0%   26,064 B/op   12.0 allocs/op    500ms
  [1/2]  bench  BatchVerifierImpls/ed25519consensus   1,502,147 ns/op   270,016 B/op   137 allocs/op
  [2/2]  bench  BatchVerifierImpls/ed25519consensus   1,534,239 ns/op ±2%   270,016 B/op   137 allocs/op    530ms
  [1/2]  bench  FalconVerify                          47,814 ns/op   0.000 B/op   0.000 allocs/op
  [2/2]  bench  FalconVerify                          46,982 ns/op ±2%   0.000 B/op   0.000 allocs/op    430ms
  [1/2]  bench  FalconSign                            8,673,695 ns/op   3,080 B/op   3.00 allocs/op
  [2/2]  bench  FalconSign                            8,691,346 ns/op ±0%   3,080 B/op   3.00 allocs/op    420ms
  [1/2]  bench  MultisigVerify                        161,010 ns/op   2,650 B/op   21.0 allocs/op
  [2/2]  bench  MultisigVerify                        160,512 ns/op ±0%   2,649 B/op ±0%   21.0 allocs/op    380ms
  [1/2]  bench  VrfProve                              156,472 ns/op   224 B/op   5.00 allocs/op
  [2/2]  bench  VrfProve                              163,147 ns/op ±4%   224 B/op   5.00 allocs/op    390ms
  [1/2]  bench  Hash                                  261 ns/op   0.000 B/op   0.000 allocs/op
  [2/2]  bench  Hash                                  262 ns/op ±0%   0.000 B/op   0.000 allocs/op    630ms
  [1/2]  bench  SignVerify                            69,508 ns/op   336 B/op   10.0 allocs/op
  [2/2]  bench  SignVerify                            67,959 ns/op ±2%   336 B/op   10.0 allocs/op    350ms
  [1/2]  bench  Verify25519/libsodium                 53,899 ns/op   128 B/op   4.00 allocs/op
  [2/2]  bench  Verify25519/libsodium                 53,982 ns/op ±0%   128 B/op   4.00 allocs/op    460ms
  [1/2]  bench  Verify25519/ed25519consensus          49,196 ns/op   32.0 B/op   2.00 allocs/op
  [2/2]  bench  Verify25519/ed25519consensus          48,157 ns/op ±2%   32.0 B/op   2.00 allocs/op    470ms
  [1/2]  bench  MerkleSignatureVerify                 89,733 ns/op   9,472 B/op   42.0 allocs/op
  [2/2]  bench  MerkleSignatureVerify                 92,540 ns/op ±3%   9,472 B/op   42.0 allocs/op    600ms
  [1/2]  bench  OneTimeSigBatchVerification/libsodium_singles  159,541 ns/op   1,304 B/op   24.0 allocs/op
  [2/2]  bench  OneTimeSigBatchVerification/libsodium_singles  165,734 ns/op ±4%   1,304 B/op   24.0 allocs/op    640ms
  [1/2]  bench  OneTimeSigBatchVerification/libsodium_batch  149,894 ns/op   1,144 B/op   17.0 allocs/op
  [2/2]  bench  OneTimeSigBatchVerification/libsodium_batch  148,299 ns/op ±1%   1,144 B/op   17.0 allocs/op    630ms
  [1/2]  bench  OneTimeSigBatchVerification/ed25519consensus_batch  104,788 ns/op   14,320 B/op   22.0 allocs/op
  [2/2]  bench  OneTimeSigBatchVerification/ed25519consensus_batch  104,598 ns/op ±0%   14,320 B/op   22.0 allocs/op    720ms
  [1/2]  bench  VrfVerify                             202,320 ns/op   176 B/op   3.00 allocs/op
  [2/2]  bench  VrfVerify                             199,296 ns/op ±2%   176 B/op   3.00 allocs/op    660ms
  [1/2]  bench  AppRateLimiter_TxgroupToKeys          18,622 ns/op   9,512 B/op   3.00 allocs/op
  [2/2]  bench  AppRateLimiter_TxgroupToKeys          18,361 ns/op ±1%   9,512 B/op   3.00 allocs/op    760ms
  [1/2]  bench  AddressFormatting                     339 ns/op   128 B/op   2.00 allocs/op
  [2/2]  bench  AddressFormatting                     338 ns/op ±0%   128 B/op   2.00 allocs/op    330ms
  [1/2]  bench  UnmarshalChecksumAddress              785 ns/op   192 B/op   3.00 allocs/op
  [2/2]  bench  UnmarshalChecksumAddress              779 ns/op ±1%   192 B/op   3.00 allocs/op    360ms
  [1/2]  bench  CodecRealistic/encode-signed-pay      770 ns/op   2,688 B/op   1.00 allocs/op
  [2/2]  bench  CodecRealistic/encode-signed-pay      766 ns/op ±0%   2,688 B/op   1.00 allocs/op    660ms
  [1/2]  bench  CodecRealistic/decode-signed-pay      252 ns/op   64.0 B/op   3.00 allocs/op
  [2/2]  bench  CodecRealistic/decode-signed-pay      253 ns/op ±1%   64.0 B/op   3.00 allocs/op    620ms
  [1/2]  bench  CodecRealistic/encode-signed-appl     876 ns/op   3,072 B/op   1.00 allocs/op
  [2/2]  bench  CodecRealistic/encode-signed-appl     866 ns/op ±1%   3,072 B/op   1.00 allocs/op    330ms
  [1/2]  bench  CodecRealistic/decode-signed-appl     677 ns/op   376 B/op   13.0 allocs/op
  [2/2]  bench  CodecRealistic/decode-signed-appl     679 ns/op ±0%   376 B/op   13.0 allocs/op    340ms
  [1/2]  bench  CodecRealistic/encode-block-header    869 ns/op   1,824 B/op   3.00 allocs/op
  [2/2]  bench  CodecRealistic/encode-block-header    852 ns/op ±2%   1,824 B/op   3.00 allocs/op    350ms
  [1/2]  bench  CodecRealistic/decode-block-header    821 ns/op   720 B/op   9.00 allocs/op
  [2/2]  bench  CodecRealistic/decode-block-header    827 ns/op ±1%   720 B/op   9.00 allocs/op    370ms
  [1/2]  bench  HashObj/txn                           1,489 ns/op   3,936 B/op   3.00 allocs/op
  [2/2]  bench  HashObj/txn                           1,493 ns/op ±0%   3,936 B/op   3.00 allocs/op    340ms
  [1/2]  bench  HashObj/block-header                  3,045 ns/op   3,552 B/op   5.00 allocs/op
  [2/2]  bench  HashObj/block-header                  3,066 ns/op ±1%   3,552 B/op   5.00 allocs/op    390ms
  [1/2]  bench  AppendMsgBlockHeader                  65.6 ns/op   15.2 MB/s   0.000 B/op   0.000 allocs/op
  [2/2]  bench  AppendMsgBlockHeader                  65.5 ns/op ±0%   15.3 MB/s ±0%   0.000 B/op   0.000 allocs/op    410ms
  [1/2]  bench  Sortition                             466,646 ns/op   1,825 B/op   21.0 allocs/op
  [2/2]  bench  Sortition                             463,849 ns/op ±1%   1,825 B/op ±0%   21.0 allocs/op    410ms
  [1/2]  bench  StatusCachePut                        1,167 ns/op   220 B/op   1.00 allocs/op
  [2/2]  bench  StatusCachePut                        1,162 ns/op ±0%   220 B/op   1.00 allocs/op    360ms
  [1/2]  bench  StatusCacheCheckHit                   246 ns/op   19.0 B/op   2.00 allocs/op
  [2/2]  bench  StatusCacheCheckHit                   237 ns/op ±4%   19.0 B/op   2.00 allocs/op    600ms
  [1/2]  bench  StatusCacheCheckMiss                  62.4 ns/op   0.000 B/op   0.000 allocs/op
  [2/2]  bench  StatusCacheCheckMiss                  63.1 ns/op ±1%   0.000 B/op   0.000 allocs/op    440ms
  [1/2]  bench  TransactionPoolRecompute              1,253,223,261 ns/op   43,743 ns/txn   1,121,576,984 B/op   2,398,007 allocs/op
  [2/2]  bench  TransactionPoolRecompute              1,220,392,794 ns/op ±3%   42,597 ns/txn ±3%   1,121,642,332 B/op ±0%   2,398,001 allocs/op ±0%    3.58s
  [1/2]  bench  TxnIDs/signed-txn-id                  710 ns/op   0.000 B/op   0.000 allocs/op
  [2/2]  bench  TxnIDs/signed-txn-id                  715 ns/op ±1%   0.000 B/op   0.000 allocs/op    390ms
  [1/2]  bench  TxnIDs/group-id                       18,081 ns/op   2,279 B/op   4.00 allocs/op
  [2/2]  bench  TxnIDs/group-id                       17,878 ns/op ±1%   2,277 B/op ±0%   4.00 allocs/op    540ms
  [1/2]  bench  WellFormed/pay                        165 ns/op   0.000 B/op   0.000 allocs/op
  [2/2]  bench  WellFormed/pay                        165 ns/op ±0%   0.000 B/op   0.000 allocs/op    530ms
  [1/2]  bench  WellFormed/axfer                      148 ns/op   0.000 B/op   0.000 allocs/op
  [2/2]  bench  WellFormed/axfer                      148 ns/op ±0%   0.000 B/op   0.000 allocs/op    510ms
  [1/2]  bench  WellFormed/acfg                       146 ns/op   0.000 B/op   0.000 allocs/op
  [2/2]  bench  WellFormed/acfg                       144 ns/op ±1%   0.000 B/op   0.000 allocs/op    500ms
  [1/2]  bench  WellFormed/appl                       198 ns/op   0.000 B/op   0.000 allocs/op
  [2/2]  bench  WellFormed/appl                       201 ns/op ±2%   0.000 B/op   0.000 allocs/op    560ms
  [1/2]  bench  WellFormed/keyreg                     218 ns/op   0.000 B/op   0.000 allocs/op
  [2/2]  bench  WellFormed/keyreg                     218 ns/op ±0%   0.000 B/op   0.000 allocs/op    580ms
  [1/2]  bench  Assemble                              299,017 ns/op   329,246 B/op   3,263 allocs/op
  [2/2]  bench  Assemble                              297,937 ns/op ±0%   329,245 B/op ±0%   3,263 allocs/op    370ms
  [1/2]  bench  Disassemble                           60,752 ns/op   49,983 B/op   888 allocs/op
  [2/2]  bench  Disassemble                           61,093 ns/op ±1%   49,983 B/op   888 allocs/op    380ms
  [1/2]  bench  BoxOps/box_get                        3,267 ns/op   3.00 extra/op   3,363 B/op   33.0 allocs/op
  [2/2]  bench  BoxOps/box_get                        3,223 ns/op ±1%   3.00 extra/op   3,364 B/op ±0%   33.0 allocs/op    430ms
  [1/2]  bench  BoxOps/box_len                        2,775 ns/op   3.00 extra/op   1,023 B/op   31.0 allocs/op
  [2/2]  bench  BoxOps/box_len                        2,796 ns/op ±1%   3.00 extra/op   1,023 B/op   31.0 allocs/op    460ms
  [1/2]  bench  BoxOps/box_extract                    3,354 ns/op   4.00 extra/op   1,521 B/op   37.0 allocs/op
  [2/2]  bench  BoxOps/box_extract                    3,348 ns/op ±0%   4.00 extra/op   1,521 B/op   37.0 allocs/op    760ms
  [1/2]  bench  BoxOps/box_replace                    2,865 ns/op   3.00 extra/op   1,308 B/op   34.0 allocs/op
  [2/2]  bench  BoxOps/box_replace                    2,763 ns/op ±4%   3.00 extra/op   1,308 B/op   34.0 allocs/op    420ms
  [1/2]  bench  BoxOps/box_splice                     3,404 ns/op   4.00 extra/op   1,625 B/op   42.0 allocs/op
  [2/2]  bench  BoxOps/box_splice                     3,423 ns/op ±1%   4.00 extra/op   1,626 B/op ±0%   42.0 allocs/op    440ms
  [1/2]  bench  BoxOps/box_put                        2,723 ns/op   3.00 extra/op   2,087 B/op   31.0 allocs/op
  [2/2]  bench  BoxOps/box_put                        2,705 ns/op ±1%   3.00 extra/op   2,087 B/op   31.0 allocs/op    420ms
  [1/2]  bench  BoxOps/box_resize                     5,417 ns/op   5.00 extra/op   1,723 B/op   52.0 allocs/op
  [2/2]  bench  BoxOps/box_resize                     5,347 ns/op ±1%   5.00 extra/op   1,722 B/op ±0%   52.0 allocs/op    460ms
  [1/2]  bench  BoxOps/box_create_del                 5,269 ns/op   6.00 extra/op   1,779 B/op   54.0 allocs/op
  [2/2]  bench  BoxOps/box_create_del                 5,191 ns/op ±2%   6.00 extra/op   1,779 B/op ±0%   54.0 allocs/op    470ms
  [1/2]  bench  InnerTxn/pay                          18,745 ns/op   24,581 B/op   127 allocs/op
  [2/2]  bench  InnerTxn/pay                          18,869 ns/op ±1%   24,581 B/op   127 allocs/op    550ms
  [1/2]  bench  InnerTxn/axfer                        20,244 ns/op   25,181 B/op   134 allocs/op
  [2/2]  bench  InnerTxn/axfer                        20,377 ns/op ±1%   25,182 B/op ±0%   134 allocs/op    570ms
  [1/2]  bench  InnerTxn/appl                         19,537 ns/op   33,111 B/op   100 allocs/op
  [2/2]  bench  InnerTxn/appl                         19,485 ns/op ±0%   33,111 B/op   100 allocs/op    550ms
  [1/2]  bench  StateOps/app_global_get               1,616 ns/op   2.00 extra/op   677 B/op   21.0 allocs/op
  [2/2]  bench  StateOps/app_global_get               1,635 ns/op ±1%   2.00 extra/op   677 B/op   21.0 allocs/op    410ms
  [1/2]  bench  StateOps/app_global_put               2,282 ns/op   2.00 extra/op   1,353 B/op   27.0 allocs/op
  [2/2]  bench  StateOps/app_global_put               2,259 ns/op ±1%   2.00 extra/op   1,353 B/op   27.0 allocs/op    390ms
  [1/2]  bench  StateOps/app_global_del               1,137 ns/op   1.00 extra/op   499 B/op   15.0 allocs/op
  [2/2]  bench  StateOps/app_global_del               1,153 ns/op ±1%   1.00 extra/op   499 B/op   15.0 allocs/op    390ms
  [1/2]  bench  StateOps/app_local_get                2,402 ns/op   3.00 extra/op   912 B/op   29.0 allocs/op
  [2/2]  bench  StateOps/app_local_get                2,383 ns/op ±1%   3.00 extra/op   912 B/op   29.0 allocs/op    410ms
  [1/2]  bench  StateOps/app_local_put                2,667 ns/op   3.00 extra/op   1,166 B/op   33.0 allocs/op
  [2/2]  bench  StateOps/app_local_put                2,678 ns/op ±0%   3.00 extra/op   1,166 B/op ±0%   33.0 allocs/op    430ms
  [1/2]  bench  StateOps/app_local_del                1,897 ns/op   2.00 extra/op   702 B/op   23.0 allocs/op
  [2/2]  bench  StateOps/app_local_del                1,894 ns/op ±0%   2.00 extra/op   702 B/op   23.0 allocs/op    410ms
  [1/2]  bench  StateOps/asset_holding_get            3,377 ns/op   4.00 extra/op   1,277 B/op   36.0 allocs/op
  [2/2]  bench  StateOps/asset_holding_get            3,360 ns/op ±1%   4.00 extra/op   1,277 B/op ±0%   36.0 allocs/op    440ms
  [1/2]  bench  StateOps/asset_params_get             2,802 ns/op   3.00 extra/op   1,509 B/op   34.0 allocs/op
  [2/2]  bench  StateOps/asset_params_get             2,775 ns/op ±1%   3.00 extra/op   1,509 B/op   34.0 allocs/op    420ms
  [1/2]  bench  StateOps/app_params_get               2,730 ns/op   3.00 extra/op   1,325 B/op   30.0 allocs/op
  [2/2]  bench  StateOps/app_params_get               2,711 ns/op ±1%   3.00 extra/op   1,325 B/op   30.0 allocs/op    420ms
  [1/2]  bench  StateOps/acct_params_get              3,773 ns/op   3.00 extra/op   1,709 B/op   36.0 allocs/op
  [2/2]  bench  StateOps/acct_params_get              3,755 ns/op ±0%   3.00 extra/op   1,709 B/op ±0%   36.0 allocs/op    440ms
  [1/2]  bench  Verify/pop                            53.7 ns/op   3.00 extra/op   6.00 B/op   0.000 allocs/op
  [2/2]  bench  Verify/pop                            53.3 ns/op ±1%   3.00 extra/op   6.00 B/op   0.000 allocs/op    510ms
  [1/2]  bench  Verify/add                            55.3 ns/op   3.00 extra/op   6.00 B/op   0.000 allocs/op
  [2/2]  bench  Verify/add                            55.7 ns/op ±1%   3.00 extra/op   6.00 B/op   0.000 allocs/op    500ms
  [1/2]  bench  Verify/ed25519verify_bare             59,313 ns/op   7.00 extra/op   104 B/op   2.00 allocs/op
  [2/2]  bench  Verify/ed25519verify_bare             57,861 ns/op ±3%   7.00 extra/op   104 B/op   2.00 allocs/op    500ms
  [1/2]  bench  Verify/ecdsa_verify_k1                50,609 ns/op   7.00 extra/op   343 B/op   6.00 allocs/op
  [2/2]  bench  Verify/ecdsa_verify_k1                51,332 ns/op ±1%   7.00 extra/op   343 B/op   6.00 allocs/op    550ms
  [1/2]  bench  Verify/ecdsa_verify_r1                79,793 ns/op   7.00 extra/op   1,417 B/op   25.0 allocs/op
  [2/2]  bench  Verify/ecdsa_verify_r1                79,023 ns/op ±1%   7.00 extra/op   1,417 B/op   25.0 allocs/op    510ms
  [1/2]  bench  Verify/falcon_verify                  51,073 ns/op   7.00 extra/op   2,055 B/op   1.00 allocs/op
  [2/2]  bench  Verify/falcon_verify                  50,636 ns/op ±1%   7.00 extra/op   2,055 B/op   1.00 allocs/op    860ms
  [1/2]  bench  Verify/vrf_verify                     212,664 ns/op   5.00 extra/op   279 B/op   6.00 allocs/op
  [2/2]  bench  Verify/vrf_verify                     210,897 ns/op ±1%   5.00 extra/op   280 B/op ±0%   6.00 allocs/op    500ms
  [1/2]  bench  CheckSignature                        7,525 ns/op   12,320 B/op   9.00 allocs/op
  [2/2]  bench  CheckSignature                        7,468 ns/op ±1%   12,320 B/op   9.00 allocs/op    430ms
  [1/2]  bench  Addx64/add_long_stack                 6,266 ns/op   17,072 B/op   12.0 allocs/op
  [2/2]  bench  Addx64/add_long_stack                 6,210 ns/op ±1%   17,072 B/op   12.0 allocs/op    410ms
  [1/2]  bench  Addx64/add_small_stack                5,734 ns/op   13,616 B/op   10.0 allocs/op
  [2/2]  bench  Addx64/add_small_stack                5,700 ns/op ±1%   13,616 B/op   10.0 allocs/op    410ms
  [1/2]  bench  NopPassx1                             3,232 ns/op   13,616 B/op   10.0 allocs/op
  [2/2]  bench  NopPassx1                             3,176 ns/op ±2%   13,616 B/op   10.0 allocs/op    350ms
  [1/2]  bench  Checkx5                               113,392 ns/op   107,270 B/op   957 allocs/op
  [2/2]  bench  Checkx5                               112,538 ns/op ±1%   107,270 B/op   957 allocs/op    340ms
  [1/2]  bench  AppendMsgSignedTxn                    165 ns/op   6.08 MB/s   0.000 B/op   0.000 allocs/op
  [2/2]  bench  AppendMsgSignedTxn                    164 ns/op ±0%   6.08 MB/s ±0%   0.000 B/op   0.000 allocs/op    530ms
  [1/2]  bench  TinyMan/eval-lsig-signature           16,698 ns/op   36,840 B/op   86.0 allocs/op
  [2/2]  bench  TinyMan/eval-lsig-signature           16,215 ns/op ±3%   36,840 B/op   86.0 allocs/op    510ms
  [1/2]  bench  TinyMan/group-check-actual            137,470 ns/op   99,532 B/op   135 allocs/op
  [2/2]  bench  TinyMan/group-check-actual            143,553 ns/op ±4%   99,568 B/op ±0%   135 allocs/op    1.28s
  [1/2]  bench  TinyMan/group-check-all-crypto        148,854 ns/op   54,494 B/op   34.0 allocs/op
  [2/2]  bench  TinyMan/group-check-all-crypto        150,551 ns/op ±1%   54,554 B/op ±0%   34.0 allocs/op    350ms
  [1/2]  bench  LogicSigSanityCheck                   10,518 ns/op   18,296 B/op   14.0 allocs/op
  [2/2]  bench  LogicSigSanityCheck                   10,541 ns/op ±0%   18,296 B/op   14.0 allocs/op    460ms
  [1/2]  bench  PaysetGroups                          17,098 ns/op   29,656 B/op   6.00 allocs/op
  [2/2]  bench  PaysetGroups                          17,692 ns/op ±3%   30,386 B/op ±2%   6.50 allocs/op ±8%    990ms
  [1/2]  bench  Txn                                   32,534 ns/op   12,328 B/op   6.00 allocs/op
  [2/2]  bench  Txn                                   33,193 ns/op ±2%   12,349 B/op ±0%   6.00 allocs/op    1.11s
  [1/2]  bench  TxHandlerProcessing/processDecoded    18,845 ns/op   3,912 B/op   44.0 allocs/op
  [2/2]  bench  TxHandlerProcessing/processDecoded    18,358 ns/op ±3%   3,912 B/op   44.0 allocs/op    1.21s
  [1/2]  bench  TxHandlerProcessing/verify.TxnGroup   61,398 ns/op   11,872 B/op   16.0 allocs/op
  [2/2]  bench  TxHandlerProcessing/verify.TxnGroup   60,331 ns/op ±2%   11,872 B/op   16.0 allocs/op    490ms
  [1/2]  bench  TxHandlerDecoderMsgp                  9,840,581 ns/op   5,926,448 B/op   27,344 allocs/op
  [2/2]  bench  TxHandlerDecoderMsgp                  9,781,887 ns/op ±1%   5,837,866 B/op ±2%   27,309 allocs/op ±0%    700ms
  [1/2]  bench  CompactDeltas/account-deltas          4,847,261 ns/op   4,123,000 B/op   16.0 allocs/op
  [2/2]  bench  CompactDeltas/account-deltas          4,160,543 ns/op ±17%   4,123,000 B/op   16.0 allocs/op    3.56s
  [1/2]  bench  Apply/asset-transfer                  622 ns/op   512 B/op   4.00 allocs/op
  [2/2]  bench  Apply/asset-transfer                  628 ns/op ±1%   512 B/op   4.00 allocs/op    310ms
  [1/2]  bench  Apply/keyreg                          399 ns/op   0.000 B/op   0.000 allocs/op
  [2/2]  bench  Apply/keyreg                          405 ns/op ±2%   0.000 B/op   0.000 allocs/op    320ms
  [1/2]  bench  Apply/app-call                        162 ns/op   0.000 B/op   0.000 allocs/op
  [2/2]  bench  Apply/app-call                        162 ns/op ±0%   0.000 B/op   0.000 allocs/op    530ms
  [1/2]  bench  CompactResourceDeltas                 5,944,047 ns/op   10,273,456 B/op   36.0 allocs/op
  [2/2]  bench  CompactResourceDeltas                 5,966,063 ns/op ±0%   10,273,456 B/op   36.0 allocs/op    360ms
  [1/2]  bench  TxTailCheckDup/hit                    65.8 ns/op   48.0 B/op   1.00 allocs/op
  [2/2]  bench  TxTailCheckDup/hit                    66.9 ns/op ±2%   48.0 B/op   1.00 allocs/op    420ms
  [1/2]  bench  TxTailCheckDup/miss                   37.9 ns/op   0.000 B/op   0.000 allocs/op
  [2/2]  bench  TxTailCheckDup/miss                   37.6 ns/op ±1%   0.000 B/op   0.000 allocs/op    400ms
  [1/2]  bench  CowChild                              60.0 ns/op   0.000 B/op   0.000 allocs/op
  [2/2]  bench  CowChild                              59.8 ns/op ±0%   0.000 B/op   0.000 allocs/op    410ms
  [1/2]  bench  PrefetcherApps                        282 ns/op   107 B/op   1.00 allocs/op
  [2/2]  bench  PrefetcherApps                        287 ns/op ±2%   107 B/op   1.00 allocs/op    2.09s
  [1/2]  bench  PrefetcherPayment                     242 ns/op   84.0 B/op   0.000 allocs/op
  [2/2]  bench  PrefetcherPayment                     238 ns/op ±2%   83.0 B/op ±1%   0.000 allocs/op    2.16s
  [1/2]  bench  BlockEvaluatorRAMNoCrypto             472,433,169 ns/op   9,450 ns/eval_validate_tx   589,545,728 B/op   1,351,120 allocs/op
  [2/2]  bench  BlockEvaluatorRAMNoCrypto             464,008,011 ns/op ±2%   9,281 ns/eval_validate_tx ±2%   589,542,234 B/op ±0%   1,351,117 allocs/op ±0%    9.6s
  [1/2]  bench  BlockValidationMix                    1,797,440,541 ns/op   1,931,516,280 B/op   7,442,451 allocs/op
  [2/2]  bench  BlockValidationMix                    1,769,371,594 ns/op ±2%   1,932,733,172 B/op ±0%   7,467,341 allocs/op ±0%    11.46s
  [1/2]  bench  AppInt1                               917,748,491 ns/op   1,974,001,224 B/op   2,941,541 allocs/op
  [2/2]  bench  AppInt1                               905,829,477 ns/op ±1%   1,973,987,368 B/op ±0%   2,941,526 allocs/op ±0%    2.21s
  [1/2]  bench  AccountDeltasOps/upsert               629,318 ns/op   3,539,642 B/op   35.0 allocs/op
  [2/2]  bench  AccountDeltasOps/upsert               635,417 ns/op ±1%   3,539,640 B/op ±0%   35.0 allocs/op    410ms
  [1/2]  bench  AccountDeltasOps/merge                524,223 ns/op   800,530 B/op   66.0 allocs/op
  [2/2]  bench  AccountDeltasOps/merge                526,536 ns/op ±0%   800,530 B/op   66.0 allocs/op    760ms
  [1/2]  bench  AccountDeltasOps/optimize             146,592 ns/op   1,131,184 B/op   35.0 allocs/op
  [2/2]  bench  AccountDeltasOps/optimize             147,939 ns/op ±1%   1,131,185 B/op ±0%   35.0 allocs/op    500ms
  [1/2]  bench  MakeStateDelta                        1,099,577 ns/op   20,811,622 B/op   197 allocs/op
  [2/2]  bench  MakeStateDelta                        1,109,656 ns/op ±1%   20,811,622 B/op   197 allocs/op    470ms
  [1/2]  bench  OnlineAccountsCacheRead320            3,539,848 ns/op   705,478 B/op   4,021 allocs/op
  [2/2]  bench  OnlineAccountsCacheRead320            3,717,561 ns/op ±5%   705,478 B/op   4,021 allocs/op    390ms
  [1/2]  bench  MessageFilterCheck/hit                8,616 ns/op   1,248 B/op   9.00 allocs/op
  [2/2]  bench  MessageFilterCheck/hit                8,656 ns/op ±0%   1,248 B/op   9.00 allocs/op    460ms
  [1/2]  bench  MessageFilterCheck/miss               8,271 ns/op   1,248 B/op   9.00 allocs/op
  [2/2]  bench  MessageFilterCheck/miss               8,532 ns/op ±3%   1,248 B/op   9.00 allocs/op    490ms
  [1/2]  bench  GenerateMessageDigest                 565 ns/op   0.000 B/op   0.000 allocs/op
  [2/2]  bench  GenerateMessageDigest                 565 ns/op ±0%   0.000 B/op   0.000 allocs/op    390ms
  [1/2]  bench  VpackVote/compress                    349 ns/op   1,798 MB/s   0.000 B/op   0.000 allocs/op
  [2/2]  bench  VpackVote/compress                    346 ns/op ±1%   1,817 MB/s ±1%   0.000 B/op   0.000 allocs/op    340ms
  [1/2]  bench  VpackVote/decompress                  124 ns/op   3,799 MB/s   0.000 B/op   0.000 allocs/op
  [2/2]  bench  VpackVote/decompress                  124 ns/op ±0%   3,804 MB/s ±0%   0.000 B/op   0.000 allocs/op    490ms
  [1/2]  bench  BloomFilterSet                        93.7 ns/op   0.000 B/op   0.000 allocs/op
  [2/2]  bench  BloomFilterSet                        94.3 ns/op ±1%   0.000 B/op   0.000 allocs/op    1.99s
  [1/2]  bench  BloomFilterTest                       94.4 ns/op   0.000 B/op   0.000 allocs/op
  [2/2]  bench  BloomFilterTest                       97.5 ns/op ±3%   0.000 B/op   0.000 allocs/op    2.29s
  [1/2]  bench  TagCounter                            14.9 ns/op   0.000 B/op   0.000 allocs/op
  [2/2]  bench  TagCounter                            15.0 ns/op ±1%   0.000 B/op   0.000 allocs/op    360ms
