  [1/4]  bench  AppendMsgBlockHeader                  58.9 ns/op   17.0 MB/s   0.000 B/op   0.000 allocs/op
  [2/4]  bench  AppendMsgBlockHeader                  59.0 ns/op   16.9 MB/s   0.000 B/op   0.000 allocs/op
  [3/4]  bench  AppendMsgBlockHeader                  58.9 ns/op   17.0 MB/s   0.000 B/op   0.000 allocs/op
  [4/4]  bench  AppendMsgBlockHeader                  58.9 ns/op ±0%   17.0 MB/s ±0%   0.000 B/op   0.000 allocs/op    3.79s
  [1/4]  bench  AppendMsgSignedTxn                    118 ns/op   8.49 MB/s   0.000 B/op   0.000 allocs/op
  [2/4]  bench  AppendMsgSignedTxn                    118 ns/op   8.50 MB/s   0.000 B/op   0.000 allocs/op
  [3/4]  bench  AppendMsgSignedTxn                    118 ns/op   8.50 MB/s   0.000 B/op   0.000 allocs/op
  [4/4]  bench  AppendMsgSignedTxn                    118 ns/op ±0%   8.50 MB/s ±0%   0.000 B/op   0.000 allocs/op    3.97s
  [1/4]  bench  PaysetGroups                          33,033 ns/op   26,696 B/op   8.00 allocs/op
  [2/4]  bench  PaysetGroups                          33,002 ns/op   26,635 B/op   8.00 allocs/op
  [3/4]  bench  PaysetGroups                          32,934 ns/op   26,599 B/op   8.00 allocs/op
  [4/4]  bench  PaysetGroups                          32,909 ns/op ±0%   26,818 B/op ±2%   8.00 allocs/op    11.95s
  [1/4]  bench  Txn                                   68,986 ns/op   9,507 B/op   12.0 allocs/op
  [2/4]  bench  Txn                                   69,087 ns/op   9,505 B/op   12.0 allocs/op
  [3/4]  bench  Txn                                   68,567 ns/op   9,506 B/op   12.0 allocs/op
  [4/4]  bench  Txn                                   68,345 ns/op ±1%   9,508 B/op ±0%   12.0 allocs/op    10.84s
  [1/4]  bench  TxHandlerProcessing/processDecoded    16,890 ns/op   3,888 B/op   43.0 allocs/op
  [2/4]  bench  TxHandlerProcessing/processDecoded    16,882 ns/op   3,888 B/op   43.0 allocs/op
  [3/4]  bench  TxHandlerProcessing/processDecoded    16,785 ns/op   3,888 B/op   43.0 allocs/op
  [4/4]  bench  TxHandlerProcessing/processDecoded    16,720 ns/op ±1%   3,888 B/op   43.0 allocs/op    9.96s
  [1/4]  bench  TxHandlerProcessing/verify.TxnGroup   68,824 ns/op   11,744 B/op   16.0 allocs/op
  [2/4]  bench  TxHandlerProcessing/verify.TxnGroup   69,181 ns/op   11,744 B/op   16.0 allocs/op
  [3/4]  bench  TxHandlerProcessing/verify.TxnGroup   69,072 ns/op   11,744 B/op   16.0 allocs/op
  [4/4]  bench  TxHandlerProcessing/verify.TxnGroup   68,793 ns/op ±1%   11,744 B/op   16.0 allocs/op    7.67s
  [1/4]  bench  CompactDeltas/account-deltas          2,000,469 ns/op   4,123,000 B/op   16.0 allocs/op
  [2/4]  bench  CompactDeltas/account-deltas          2,044,243 ns/op   4,123,000 B/op   16.0 allocs/op
  [3/4]  bench  CompactDeltas/account-deltas          2,057,518 ns/op   4,123,000 B/op   16.0 allocs/op
  [4/4]  bench  CompactDeltas/account-deltas          2,068,986 ns/op ±2%   4,123,000 B/op ±0%   16.0 allocs/op    8.17s
