  [1/4]  bench  AppendMsgBlockHeader                  58.6 ns/op   17.1 MB/s   0.000 B/op   0.000 allocs/op
  [2/4]  bench  AppendMsgBlockHeader                  59.1 ns/op   16.9 MB/s   0.000 B/op   0.000 allocs/op
  [3/4]  bench  AppendMsgBlockHeader                  59.0 ns/op   16.9 MB/s   0.000 B/op   0.000 allocs/op
  [4/4]  bench  AppendMsgBlockHeader                  59.0 ns/op ±1%   17.0 MB/s ±1%   0.000 B/op   0.000 allocs/op    3.8s
  [1/4]  bench  AppendMsgSignedTxn                    118 ns/op   8.49 MB/s   0.000 B/op   0.000 allocs/op
  [2/4]  bench  AppendMsgSignedTxn                    118 ns/op   8.49 MB/s   0.000 B/op   0.000 allocs/op
  [3/4]  bench  AppendMsgSignedTxn                    118 ns/op   8.49 MB/s   0.000 B/op   0.000 allocs/op
  [4/4]  bench  AppendMsgSignedTxn                    118 ns/op ±0%   8.49 MB/s ±0%   0.000 B/op   0.000 allocs/op    3.97s
  [1/4]  bench  PaysetGroups                          32,954 ns/op   27,395 B/op   8.00 allocs/op
  [2/4]  bench  PaysetGroups                          33,134 ns/op   27,411 B/op   8.00 allocs/op
  [3/4]  bench  PaysetGroups                          33,096 ns/op   27,428 B/op   8.00 allocs/op
  [4/4]  bench  PaysetGroups                          33,095 ns/op ±1%   27,436 B/op ±0%   8.00 allocs/op    12.05s
  [1/4]  bench  Txn                                   67,559 ns/op   7,872 B/op   8.00 allocs/op
  [2/4]  bench  Txn                                   67,379 ns/op   7,871 B/op   8.00 allocs/op
  [3/4]  bench  Txn                                   67,290 ns/op   7,869 B/op   8.00 allocs/op
  [4/4]  bench  Txn                                   67,250 ns/op ±0%   7,869 B/op ±0%   8.00 allocs/op    10.81s
  [1/4]  bench  TxHandlerProcessing/processDecoded    17,974 ns/op   3,912 B/op   44.0 allocs/op
  [2/4]  bench  TxHandlerProcessing/processDecoded    17,811 ns/op   3,912 B/op   44.0 allocs/op
  [3/4]  bench  TxHandlerProcessing/processDecoded    17,791 ns/op   3,912 B/op   44.0 allocs/op
  [4/4]  bench  TxHandlerProcessing/processDecoded    17,741 ns/op ±1%   3,912 B/op   44.0 allocs/op    9.58s
  [1/4]  bench  TxHandlerProcessing/verify.TxnGroup   69,059 ns/op   11,743 B/op   16.0 allocs/op
  [2/4]  bench  TxHandlerProcessing/verify.TxnGroup   69,401 ns/op   11,743 B/op   16.0 allocs/op
  [3/4]  bench  TxHandlerProcessing/verify.TxnGroup   69,158 ns/op   11,743 B/op   16.0 allocs/op
  [4/4]  bench  TxHandlerProcessing/verify.TxnGroup   69,028 ns/op ±1%   11,744 B/op ±0%   16.0 allocs/op    7.63s
  [1/4]  bench  CompactDeltas/account-deltas          2,028,070 ns/op   4,123,000 B/op   16.0 allocs/op
  [2/4]  bench  CompactDeltas/account-deltas          2,053,003 ns/op   4,123,000 B/op   16.0 allocs/op
  [3/4]  bench  CompactDeltas/account-deltas          2,065,668 ns/op   4,123,000 B/op   16.0 allocs/op
  [4/4]  bench  CompactDeltas/account-deltas          2,073,858 ns/op ±2%   4,123,000 B/op   16.0 allocs/op    8.14s
