  [1/4]  bench  AppendMsgBlockHeader                  62.7 ns/op   15.9 MB/s   0.000 B/op   0.000 allocs/op
  [2/4]  bench  AppendMsgBlockHeader                  62.6 ns/op   16.0 MB/s   0.000 B/op   0.000 allocs/op
  [3/4]  bench  AppendMsgBlockHeader                  62.7 ns/op   16.0 MB/s   0.000 B/op   0.000 allocs/op
  [4/4]  bench  AppendMsgBlockHeader                  62.7 ns/op ±0%   16.0 MB/s ±0%   0.000 B/op   0.000 allocs/op    3.78s
  [1/4]  bench  AppendMsgSignedTxn                    122 ns/op   8.18 MB/s   0.000 B/op   0.000 allocs/op
  [2/4]  bench  AppendMsgSignedTxn                    122 ns/op   8.21 MB/s   0.000 B/op   0.000 allocs/op
  [3/4]  bench  AppendMsgSignedTxn                    122 ns/op   8.17 MB/s   0.000 B/op   0.000 allocs/op
  [4/4]  bench  AppendMsgSignedTxn                    122 ns/op ±1%   8.18 MB/s ±1%   0.000 B/op   0.000 allocs/op    3.99s
  [1/4]  bench  PaysetGroups                          33,482 ns/op   26,373 B/op   8.00 allocs/op
  [2/4]  bench  PaysetGroups                          33,473 ns/op   26,545 B/op   8.00 allocs/op
  [3/4]  bench  PaysetGroups                          33,479 ns/op   26,530 B/op   8.00 allocs/op
  [4/4]  bench  PaysetGroups                          33,495 ns/op ±0%   26,491 B/op ±1%   8.00 allocs/op    11.94s
  [1/4]  bench  Txn                                   69,586 ns/op   7,913 B/op   8.00 allocs/op
  [2/4]  bench  Txn                                   68,917 ns/op   7,917 B/op   8.00 allocs/op
  [3/4]  bench  Txn                                   68,789 ns/op   7,915 B/op   8.00 allocs/op
  [4/4]  bench  Txn                                   68,706 ns/op ±1%   7,914 B/op ±0%   8.00 allocs/op    10.87s
  [1/4]  bench  TxHandlerProcessing/processDecoded    18,024 ns/op   3,912 B/op   44.0 allocs/op
  [2/4]  bench  TxHandlerProcessing/processDecoded    17,684 ns/op   3,912 B/op   44.0 allocs/op
  [3/4]  bench  TxHandlerProcessing/processDecoded    17,612 ns/op   3,912 B/op   44.0 allocs/op
  [4/4]  bench  TxHandlerProcessing/processDecoded    17,453 ns/op ±3%   3,912 B/op   44.0 allocs/op    9.43s
  [1/4]  bench  TxHandlerProcessing/verify.TxnGroup   68,887 ns/op   11,744 B/op   16.0 allocs/op
  [2/4]  bench  TxHandlerProcessing/verify.TxnGroup   68,874 ns/op   11,744 B/op   16.0 allocs/op
  [3/4]  bench  TxHandlerProcessing/verify.TxnGroup   68,714 ns/op   11,744 B/op   16.0 allocs/op
  [4/4]  bench  TxHandlerProcessing/verify.TxnGroup   68,704 ns/op ±0%   11,744 B/op   16.0 allocs/op    7.58s
  [1/4]  bench  CompactDeltas/account-deltas          2,035,242 ns/op   4,123,000 B/op   16.0 allocs/op
  [2/4]  bench  CompactDeltas/account-deltas          2,059,690 ns/op   4,123,000 B/op   16.0 allocs/op
  [3/4]  bench  CompactDeltas/account-deltas          2,077,480 ns/op   4,123,000 B/op   16.0 allocs/op
  [4/4]  bench  CompactDeltas/account-deltas          2,086,534 ns/op ±2%   4,123,000 B/op   16.0 allocs/op    8.26s
