  [1/4]  bench  AppendMsgBlockHeader                  58.7 ns/op   17.0 MB/s   0.000 B/op   0.000 allocs/op
  [2/4]  bench  AppendMsgBlockHeader                  59.5 ns/op   16.8 MB/s   0.000 B/op   0.000 allocs/op
  [3/4]  bench  AppendMsgBlockHeader                  59.3 ns/op   16.9 MB/s   0.000 B/op   0.000 allocs/op
  [4/4]  bench  AppendMsgBlockHeader                  59.2 ns/op ±1%   16.9 MB/s ±1%   0.000 B/op   0.000 allocs/op    3.78s
  [1/4]  bench  AppendMsgSignedTxn                    118 ns/op   8.49 MB/s   0.000 B/op   0.000 allocs/op
  [2/4]  bench  AppendMsgSignedTxn                    118 ns/op   8.50 MB/s   0.000 B/op   0.000 allocs/op
  [3/4]  bench  AppendMsgSignedTxn                    118 ns/op   8.50 MB/s   0.000 B/op   0.000 allocs/op
  [4/4]  bench  AppendMsgSignedTxn                    118 ns/op ±0%   8.50 MB/s ±0%   0.000 B/op   0.000 allocs/op    3.96s
  [1/4]  bench  PaysetGroups                          33,281 ns/op   27,539 B/op   8.00 allocs/op
  [2/4]  bench  PaysetGroups                          33,133 ns/op   27,514 B/op   8.00 allocs/op
  [3/4]  bench  PaysetGroups                          33,102 ns/op   27,505 B/op   8.00 allocs/op
  [4/4]  bench  PaysetGroups                          33,139 ns/op ±0%   27,507 B/op ±0%   8.00 allocs/op    12.21s
  [1/4]  bench  Txn                                   70,542 ns/op   9,517 B/op   12.0 allocs/op
  [2/4]  bench  Txn                                   69,505 ns/op   9,517 B/op   12.0 allocs/op
  [3/4]  bench  Txn                                   69,049 ns/op   9,515 B/op   12.0 allocs/op
  [4/4]  bench  Txn                                   68,727 ns/op ±2%   9,515 B/op ±0%   12.0 allocs/op    10.84s
  [1/4]  bench  TxHandlerProcessing/processDecoded    16,530 ns/op   3,888 B/op   43.0 allocs/op
  [2/4]  bench  TxHandlerProcessing/processDecoded    16,504 ns/op   3,888 B/op   43.0 allocs/op
  [3/4]  bench  TxHandlerProcessing/processDecoded    16,489 ns/op   3,888 B/op   43.0 allocs/op
  [4/4]  bench  TxHandlerProcessing/processDecoded    16,482 ns/op ±0%   3,888 B/op   43.0 allocs/op    9.82s
  [1/4]  bench  TxHandlerProcessing/verify.TxnGroup   68,184 ns/op   11,744 B/op   16.0 allocs/op
  [2/4]  bench  TxHandlerProcessing/verify.TxnGroup   68,390 ns/op   11,744 B/op   16.0 allocs/op
  [3/4]  bench  TxHandlerProcessing/verify.TxnGroup   68,520 ns/op   11,744 B/op   16.0 allocs/op
  [4/4]  bench  TxHandlerProcessing/verify.TxnGroup   68,499 ns/op ±0%   11,744 B/op   16.0 allocs/op    7.58s
  [1/4]  bench  CompactDeltas/account-deltas          2,037,194 ns/op   4,123,000 B/op   16.0 allocs/op
  [2/4]  bench  CompactDeltas/account-deltas          2,089,226 ns/op   4,123,000 B/op   16.0 allocs/op
  [3/4]  bench  CompactDeltas/account-deltas          2,079,958 ns/op   4,123,000 B/op   16.0 allocs/op
  [4/4]  bench  CompactDeltas/account-deltas          2,070,692 ns/op ±3%   4,123,000 B/op   16.0 allocs/op    8.12s
