  [1/4]  bench  AppendMsgBlockHeader                  58.8 ns/op   17.0 MB/s   0.000 B/op   0.000 allocs/op
  [2/4]  bench  AppendMsgBlockHeader                  58.8 ns/op   17.0 MB/s   0.000 B/op   0.000 allocs/op
  [3/4]  bench  AppendMsgBlockHeader                  58.9 ns/op   17.0 MB/s   0.000 B/op   0.000 allocs/op
  [4/4]  bench  AppendMsgBlockHeader                  58.9 ns/op ±0%   17.0 MB/s ±0%   0.000 B/op   0.000 allocs/op    3.78s
  [1/4]  bench  AppendMsgSignedTxn                    142 ns/op   7.03 MB/s   0.000 B/op   0.000 allocs/op
  [2/4]  bench  AppendMsgSignedTxn                    142 ns/op   7.03 MB/s   0.000 B/op   0.000 allocs/op
  [3/4]  bench  AppendMsgSignedTxn                    142 ns/op   7.02 MB/s   0.000 B/op   0.000 allocs/op
  [4/4]  bench  AppendMsgSignedTxn                    142 ns/op ±0%   7.03 MB/s ±0%   0.000 B/op   0.000 allocs/op    4.03s
  [1/4]  bench  PaysetGroups                          19,261 ns/op   107,496 B/op   6.00 allocs/op
  [2/4]  bench  PaysetGroups                          19,387 ns/op   107,410 B/op   6.00 allocs/op
  [3/4]  bench  PaysetGroups                          19,427 ns/op   107,367 B/op   6.00 allocs/op
  [4/4]  bench  PaysetGroups                          19,447 ns/op ±1%   107,516 B/op ±0%   6.00 allocs/op    16.6s
  [1/4]  bench  Txn                                   37,836 ns/op   12,273 B/op   6.00 allocs/op
  [2/4]  bench  Txn                                   37,828 ns/op   12,268 B/op   6.00 allocs/op
  [3/4]  bench  Txn                                   37,861 ns/op   12,268 B/op   6.00 allocs/op
  [4/4]  bench  Txn                                   37,835 ns/op ±0%   12,266 B/op ±0%   6.00 allocs/op    11.48s
  [1/4]  bench  TxHandlerProcessing/processDecoded    19,264 ns/op   3,912 B/op   44.0 allocs/op
  [2/4]  bench  TxHandlerProcessing/processDecoded    18,424 ns/op   3,912 B/op   44.0 allocs/op
  [3/4]  bench  TxHandlerProcessing/processDecoded    18,161 ns/op   3,912 B/op   44.0 allocs/op
  [4/4]  bench  TxHandlerProcessing/processDecoded    18,043 ns/op ±5%   3,912 B/op   44.0 allocs/op    9.58s
  [1/4]  bench  TxHandlerProcessing/verify.TxnGroup   70,166 ns/op   11,872 B/op   16.0 allocs/op
  [2/4]  bench  TxHandlerProcessing/verify.TxnGroup   69,864 ns/op   11,872 B/op   16.0 allocs/op
  [3/4]  bench  TxHandlerProcessing/verify.TxnGroup   69,361 ns/op   11,872 B/op   16.0 allocs/op
  [4/4]  bench  TxHandlerProcessing/verify.TxnGroup   70,072 ns/op ±3%   11,872 B/op ±0%   16.0 allocs/op    7.68s
  [1/4]  bench  CompactDeltas/account-deltas          2,046,736 ns/op   4,123,000 B/op   16.0 allocs/op
  [2/4]  bench  CompactDeltas/account-deltas          2,076,796 ns/op   4,123,000 B/op   16.0 allocs/op
  [3/4]  bench  CompactDeltas/account-deltas          2,076,475 ns/op   4,123,000 B/op   16.0 allocs/op
  [4/4]  bench  CompactDeltas/account-deltas          2,108,983 ns/op ±4%   4,123,000 B/op   16.0 allocs/op    8.26s
