  [1/4]  bench  AppendMsgBlockHeader                  60.6 ns/op   16.5 MB/s   0.000 B/op   0.000 allocs/op
  [2/4]  bench  AppendMsgBlockHeader                  59.8 ns/op   16.7 MB/s   0.000 B/op   0.000 allocs/op
  [3/4]  bench  AppendMsgBlockHeader                  59.5 ns/op   16.8 MB/s   0.000 B/op   0.000 allocs/op
  [4/4]  bench  AppendMsgBlockHeader                  59.4 ns/op ±1%   16.8 MB/s ±1%   0.000 B/op   0.000 allocs/op    3.78s
  [1/4]  bench  AppendMsgSignedTxn                    140 ns/op   7.16 MB/s   0.000 B/op   0.000 allocs/op
  [2/4]  bench  AppendMsgSignedTxn                    140 ns/op   7.17 MB/s   0.000 B/op   0.000 allocs/op
  [3/4]  bench  AppendMsgSignedTxn                    139 ns/op   7.17 MB/s   0.000 B/op   0.000 allocs/op
  [4/4]  bench  AppendMsgSignedTxn                    140 ns/op ±1%   7.15 MB/s ±0%   0.000 B/op   0.000 allocs/op    4.04s
  [1/4]  bench  PaysetGroups                          19,433 ns/op   108,435 B/op   6.00 allocs/op
  [2/4]  bench  PaysetGroups                          19,342 ns/op   107,117 B/op   6.00 allocs/op
  [3/4]  bench  PaysetGroups                          19,360 ns/op   107,223 B/op   6.00 allocs/op
  [4/4]  bench  PaysetGroups                          19,417 ns/op ±1%   107,086 B/op ±1%   6.00 allocs/op    16.58s
  [1/4]  bench  Txn                                   37,859 ns/op   12,252 B/op   6.00 allocs/op
  [2/4]  bench  Txn                                   38,090 ns/op   12,268 B/op   6.00 allocs/op
  [3/4]  bench  Txn                                   38,050 ns/op   12,271 B/op   6.00 allocs/op
  [4/4]  bench  Txn                                   38,027 ns/op ±1%   12,271 B/op ±0%   6.00 allocs/op    11.52s
  [1/4]  bench  TxHandlerProcessing/processDecoded    18,039 ns/op   3,912 B/op   44.0 allocs/op
  [2/4]  bench  TxHandlerProcessing/processDecoded    17,836 ns/op   3,912 B/op   44.0 allocs/op
  [3/4]  bench  TxHandlerProcessing/processDecoded    17,683 ns/op   3,912 B/op   44.0 allocs/op
  [4/4]  bench  TxHandlerProcessing/processDecoded    17,642 ns/op ±2%   3,912 B/op   44.0 allocs/op    9.48s
  [1/4]  bench  TxHandlerProcessing/verify.TxnGroup   69,058 ns/op   11,872 B/op   16.0 allocs/op
  [2/4]  bench  TxHandlerProcessing/verify.TxnGroup   68,769 ns/op   11,872 B/op   16.0 allocs/op
  [3/4]  bench  TxHandlerProcessing/verify.TxnGroup   69,575 ns/op   11,872 B/op   16.0 allocs/op
  [4/4]  bench  TxHandlerProcessing/verify.TxnGroup   69,383 ns/op ±2%   11,872 B/op   16.0 allocs/op    7.61s
  [1/4]  bench  CompactDeltas/account-deltas          2,017,573 ns/op   4,123,000 B/op   16.0 allocs/op
  [2/4]  bench  CompactDeltas/account-deltas          2,045,303 ns/op   4,123,000 B/op   16.0 allocs/op
  [3/4]  bench  CompactDeltas/account-deltas          2,059,095 ns/op   4,123,000 B/op   16.0 allocs/op
  [4/4]  bench  CompactDeltas/account-deltas          2,083,222 ns/op ±3%   4,123,000 B/op   16.0 allocs/op    8.2s
