  [1/4]  bench  AppendMsgBlockHeader                  58.7 ns/op   17.0 MB/s   0.000 B/op   0.000 allocs/op
  [2/4]  bench  AppendMsgBlockHeader                  58.8 ns/op   17.0 MB/s   0.000 B/op   0.000 allocs/op
  [3/4]  bench  AppendMsgBlockHeader                  59.0 ns/op   16.9 MB/s   0.000 B/op   0.000 allocs/op
  [4/4]  bench  AppendMsgBlockHeader                  59.0 ns/op ±1%   17.0 MB/s ±1%   0.000 B/op   0.000 allocs/op    3.8s
  [1/4]  bench  AppendMsgSignedTxn                    143 ns/op   7.01 MB/s   0.000 B/op   0.000 allocs/op
  [2/4]  bench  AppendMsgSignedTxn                    144 ns/op   6.96 MB/s   0.000 B/op   0.000 allocs/op
  [3/4]  bench  AppendMsgSignedTxn                    143 ns/op   6.98 MB/s   0.000 B/op   0.000 allocs/op
  [4/4]  bench  AppendMsgSignedTxn                    143 ns/op ±1%   7.00 MB/s ±1%   0.000 B/op   0.000 allocs/op    4.06s
  [1/4]  bench  PaysetGroups                          19,363 ns/op   107,328 B/op   6.00 allocs/op
  [2/4]  bench  PaysetGroups                          19,113 ns/op   97,319 B/op   6.00 allocs/op
  [3/4]  bench  PaysetGroups                          19,180 ns/op   99,991 B/op   6.00 allocs/op
  [4/4]  bench  PaysetGroups                          19,244 ns/op ±1%   101,688 B/op ±10%   6.00 allocs/op    15.49s
  [1/4]  bench  Txn                                   37,936 ns/op   12,265 B/op   6.00 allocs/op
  [2/4]  bench  Txn                                   37,909 ns/op   12,268 B/op   6.00 allocs/op
  [3/4]  bench  Txn                                   37,926 ns/op   12,270 B/op   6.00 allocs/op
  [4/4]  bench  Txn                                   37,910 ns/op ±0%   12,264 B/op ±0%   6.00 allocs/op    11.28s
  [1/4]  bench  TxHandlerProcessing/processDecoded    17,440 ns/op   3,912 B/op   44.0 allocs/op
  [2/4]  bench  TxHandlerProcessing/processDecoded    17,395 ns/op   3,912 B/op   44.0 allocs/op
  [3/4]  bench  TxHandlerProcessing/processDecoded    17,827 ns/op   3,912 B/op   44.0 allocs/op
  [4/4]  bench  TxHandlerProcessing/processDecoded    17,832 ns/op ±4%   3,912 B/op   44.0 allocs/op    9.57s
  [1/4]  bench  TxHandlerProcessing/verify.TxnGroup   68,478 ns/op   11,872 B/op   16.0 allocs/op
  [2/4]  bench  TxHandlerProcessing/verify.TxnGroup   68,772 ns/op   11,872 B/op   16.0 allocs/op
  [3/4]  bench  TxHandlerProcessing/verify.TxnGroup   68,792 ns/op   11,872 B/op   16.0 allocs/op
  [4/4]  bench  TxHandlerProcessing/verify.TxnGroup   68,752 ns/op ±0%   11,872 B/op ±0%   16.0 allocs/op    7.54s
  [1/4]  bench  CompactDeltas/account-deltas          2,017,353 ns/op   4,123,000 B/op   16.0 allocs/op
  [2/4]  bench  CompactDeltas/account-deltas          2,049,693 ns/op   4,123,000 B/op   16.0 allocs/op
  [3/4]  bench  CompactDeltas/account-deltas          2,060,143 ns/op   4,123,000 B/op   16.0 allocs/op
  [4/4]  bench  CompactDeltas/account-deltas          2,056,662 ns/op ±2%   4,123,000 B/op   16.0 allocs/op    8.1s
