  [1/2]  bench  VoteVerify                            448,778 ns/op   6,888 B/op   65.0 allocs/op
  [2/2]  bench  VoteVerify                            452,059 ns/op ±1%   6,888 B/op   65.0 allocs/op    540ms
  [1/2]  bench  CryptoVerifierVoteVertification       209,965 ns/op   24,015 B/op   71.0 allocs/op
  [2/2]  bench  CryptoVerifierVoteVertification       210,031 ns/op ±0%   24,010 B/op ±0%   71.0 allocs/op    530ms
  [1/2]  bench  CryptoVerifierProposalVertification   280,279 ns/op   12,475 B/op   54.0 allocs/op
  [2/2]  bench  CryptoVerifierProposalVertification   285,865 ns/op ±2%   12,475 B/op ±0%   54.0 allocs/op    550ms
  [1/2]  bench  VoteDecoding                          425 ns/op   1,152 B/op   2.00 allocs/op
  [2/2]  bench  VoteDecoding                          415 ns/op ±2%   1,152 B/op   2.00 allocs/op    780ms
  [1/2]  bench  RouterUpdate/root                     131 ns/op   0.000 B/op   0.000 allocs/op
  [2/2]  bench  RouterUpdate/root                     135 ns/op ±3%   0.000 B/op   0.000 allocs/op    500ms
  [1/2]  bench  RouterUpdate/round                    76.3 ns/op   0.000 B/op   0.000 allocs/op
  [2/2]  bench  RouterUpdate/round                    76.4 ns/op ±0%   0.000 B/op   0.000 allocs/op    440ms
  [1/2]  bench  NoiseSentinelHash                     41,270 ns/op   1,588 MB/s   0.000 B/op   0.000 allocs/op
  [2/2]  bench  NoiseSentinelHash                     41,283 ns/op ±0%   1,588 MB/s ±0%   0.000 B/op   0.000 allocs/op    350ms
  [1/2]  bench  NoiseSentinelLoop                     7,642 ns/op   0.000 B/op   0.000 allocs/op
  [2/2]  bench  NoiseSentinelLoop                     7,639 ns/op ±0%   0.000 B/op   0.000 allocs/op    430ms
  [1/2]  bench  BatchVerifierImpls/libsodium_single   4,169,140 ns/op   21,264 B/op   261 allocs/op
  [2/2]  bench  BatchVerifierImpls/libsodium_single   4,272,604 ns/op ±2%   21,264 B/op   261 allocs/op    380ms
  [1/2]  bench  BatchVerifierImpls/libsodium_batch    1,754,500 ns/op   26,090 B/op   12.0 allocs/op
  [2/2]  bench  BatchVerifierImpls/libsodium_batch    1,735,303 ns/op ±1%   26,077 B/op ±0%   12.0 allocs/op    530ms
  [1/2]  bench  BatchVerifierImpls/ed25519consensus   1,882,182 ns/op   270,016 B/op   137 allocs/op
  [2/2]  bench  BatchVerifierImpls/ed25519consensus   1,882,514 ns/op ±0%   270,031 B/op ±0%   137 allocs/op    550ms
  [1/2]  bench  BatchVerify/size=1                    63,000 ns/op   336 B/op   9.00 allocs/op
  [2/2]  bench  BatchVerify/size=1                    62,347 ns/op ±1%   336 B/op   9.00 allocs/op    350ms
  [1/2]  bench  BatchVerify/size=64                   4,180,651 ns/op   16,144 B/op   261 allocs/op
  [2/2]  bench  BatchVerify/size=64                   4,184,939 ns/op ±0%   16,144 B/op   261 allocs/op    370ms
  [1/2]  bench  BatchVerify/size=256                  16,842,546 ns/op   64,592 B/op   1,029 allocs/op
  [2/2]  bench  BatchVerify/size=256                  17,535,439 ns/op ±4%   64,592 B/op   1,029 allocs/op    410ms
  [1/2]  bench  FalconVerify                          51,896 ns/op   0.000 B/op   0.000 allocs/op
  [2/2]  bench  FalconVerify                          53,006 ns/op ±2%   0.000 B/op   0.000 allocs/op    510ms
  [1/2]  bench  FalconSign                            9,908,965 ns/op   3,080 B/op   3.00 allocs/op
  [2/2]  bench  FalconSign                            9,910,485 ns/op ±0%   3,080 B/op   3.00 allocs/op    450ms
  [1/2]  bench  MultisigVerify                        195,387 ns/op   2,650 B/op   21.0 allocs/op
  [2/2]  bench  MultisigVerify                        193,262 ns/op ±1%   2,649 B/op ±0%   21.0 allocs/op    370ms
  [1/2]  bench  VrfProve                              178,386 ns/op   224 B/op   5.00 allocs/op
  [2/2]  bench  VrfProve                              174,744 ns/op ±2%   224 B/op   5.00 allocs/op    390ms
  [1/2]  bench  Hash                                  256 ns/op   0.000 B/op   0.000 allocs/op
  [2/2]  bench  Hash                                  256 ns/op ±0%   0.000 B/op   0.000 allocs/op    620ms
  [1/2]  bench  SignVerify                            84,389 ns/op   336 B/op   10.0 allocs/op
  [2/2]  bench  SignVerify                            84,712 ns/op ±0%   336 B/op   10.0 allocs/op    380ms
  [1/2]  bench  Verify25519/libsodium                 65,010 ns/op   128 B/op   4.00 allocs/op
  [2/2]  bench  Verify25519/libsodium                 65,781 ns/op ±1%   128 B/op   4.00 allocs/op    490ms
  [1/2]  bench  Verify25519/ed25519consensus          74,322 ns/op   32.0 B/op   2.00 allocs/op
  [2/2]  bench  Verify25519/ed25519consensus          68,434 ns/op ±9%   32.0 B/op   2.00 allocs/op    510ms
  [1/2]  bench  MerkleSignatureVerify                 99,126 ns/op   9,473 B/op   42.0 allocs/op
  [2/2]  bench  MerkleSignatureVerify                 98,659 ns/op ±0%   9,473 B/op ±0%   42.0 allocs/op    640ms
  [1/2]  bench  OneTimeSigBatchVerification/libsodium_singles  198,616 ns/op   1,303 B/op   24.0 allocs/op
  [2/2]  bench  OneTimeSigBatchVerification/libsodium_singles  196,506 ns/op ±1%   1,303 B/op   24.0 allocs/op    650ms
  [1/2]  bench  OneTimeSigBatchVerification/libsodium_batch  162,260 ns/op   1,144 B/op   17.0 allocs/op
  [2/2]  bench  OneTimeSigBatchVerification/libsodium_batch  161,465 ns/op ±0%   1,144 B/op   17.0 allocs/op    610ms
  [1/2]  bench  OneTimeSigBatchVerification/ed25519consensus_batch  133,543 ns/op   14,320 B/op   22.0 allocs/op
  [2/2]  bench  OneTimeSigBatchVerification/ed25519consensus_batch  133,642 ns/op ±0%   14,320 B/op ±0%   22.0 allocs/op    660ms
  [1/2]  bench  VrfVerify                             222,587 ns/op   176 B/op   3.00 allocs/op
  [2/2]  bench  VrfVerify                             224,944 ns/op ±1%   176 B/op   3.00 allocs/op    710ms
  [1/2]  bench  AppRateLimiter_TxgroupToKeys          19,155 ns/op   9,512 B/op   3.00 allocs/op
  [2/2]  bench  AppRateLimiter_TxgroupToKeys          19,220 ns/op ±0%   9,512 B/op   3.00 allocs/op    780ms
  [1/2]  bench  AddressFormatting                     377 ns/op   128 B/op   2.00 allocs/op
  [2/2]  bench  AddressFormatting                     377 ns/op ±0%   128 B/op   2.00 allocs/op    330ms
  [1/2]  bench  UnmarshalChecksumAddress              872 ns/op   192 B/op   3.00 allocs/op
  [2/2]  bench  UnmarshalChecksumAddress              872 ns/op ±0%   192 B/op   3.00 allocs/op    350ms
  [1/2]  bench  CodecRealistic/encode-signed-pay      838 ns/op   2,688 B/op   1.00 allocs/op
  [2/2]  bench  CodecRealistic/encode-signed-pay      879 ns/op ±5%   2,688 B/op   1.00 allocs/op    350ms
  [1/2]  bench  CodecRealistic/decode-signed-pay      315 ns/op   64.0 B/op   3.00 allocs/op
  [2/2]  bench  CodecRealistic/decode-signed-pay      314 ns/op ±0%   64.0 B/op   3.00 allocs/op    310ms
  [1/2]  bench  CodecRealistic/encode-signed-appl     974 ns/op   3,072 B/op   1.00 allocs/op
  [2/2]  bench  CodecRealistic/encode-signed-appl     976 ns/op ±0%   3,072 B/op   1.00 allocs/op    670ms
  [1/2]  bench  CodecRealistic/decode-signed-appl     858 ns/op   376 B/op   13.0 allocs/op
  [2/2]  bench  CodecRealistic/decode-signed-appl     860 ns/op ±0%   376 B/op   13.0 allocs/op    320ms
  [1/2]  bench  CodecRealistic/encode-block-header    910 ns/op   1,824 B/op   3.00 allocs/op
  [2/2]  bench  CodecRealistic/encode-block-header    898 ns/op ±1%   1,824 B/op   3.00 allocs/op    320ms
  [1/2]  bench  CodecRealistic/decode-block-header    1,073 ns/op   720 B/op   9.00 allocs/op
  [2/2]  bench  CodecRealistic/decode-block-header    1,038 ns/op ±3%   720 B/op   9.00 allocs/op    330ms
  [1/2]  bench  HashObj/txn                           1,626 ns/op   3,936 B/op   3.00 allocs/op
  [2/2]  bench  HashObj/txn                           1,650 ns/op ±1%   3,936 B/op   3.00 allocs/op    350ms
  [1/2]  bench  HashObj/block-header                  3,049 ns/op   3,552 B/op   5.00 allocs/op
  [2/2]  bench  HashObj/block-header                  3,060 ns/op ±0%   3,552 B/op   5.00 allocs/op    380ms
  [1/2]  bench  AppendMsgBlockHeader                  59.1 ns/op   16.9 MB/s   0.000 B/op   0.000 allocs/op
  [2/2]  bench  AppendMsgBlockHeader                  59.1 ns/op ±0%   16.9 MB/s ±0%   0.000 B/op   0.000 allocs/op    420ms
  [1/2]  bench  Sortition                             503,550 ns/op   1,824 B/op   21.0 allocs/op
  [2/2]  bench  Sortition                             502,588 ns/op ±0%   1,825 B/op ±0%   21.0 allocs/op    420ms
  [1/2]  bench  StatusCachePut                        1,319 ns/op   220 B/op   1.00 allocs/op
  [2/2]  bench  StatusCachePut                        1,325 ns/op ±0%   220 B/op   1.00 allocs/op    350ms
  [1/2]  bench  StatusCacheCheckHit                   340 ns/op   19.0 B/op   2.00 allocs/op
  [2/2]  bench  StatusCacheCheckHit                   341 ns/op ±0%   19.0 B/op   2.00 allocs/op    360ms
  [1/2]  bench  StatusCacheCheckMiss                  136 ns/op   0.000 B/op   0.000 allocs/op
  [2/2]  bench  StatusCacheCheckMiss                  136 ns/op ±0%   0.000 B/op   0.000 allocs/op    510ms
  [1/2]  bench  TransactionPoolRecompute              1,318,016,553 ns/op   46,004 ns/txn   1,121,539,352 B/op   2,398,013 allocs/op
  [2/2]  bench  TransactionPoolRecompute              1,443,269,929 ns/op ±9%   50,376 ns/txn ±9%   1,121,532,488 B/op ±0%   2,397,987 allocs/op ±0%    3.98s
  [1/2]  bench  TxnIDs/signed-txn-id                  785 ns/op   0.000 B/op   0.000 allocs/op
  [2/2]  bench  TxnIDs/signed-txn-id                  785 ns/op ±0%   0.000 B/op   0.000 allocs/op    360ms
  [1/2]  bench  TxnIDs/group-id                       18,369 ns/op   2,271 B/op   4.00 allocs/op
  [2/2]  bench  TxnIDs/group-id                       18,421 ns/op ±0%   2,277 B/op ±0%   4.00 allocs/op    550ms
  [1/2]  bench  WellFormed/pay                        196 ns/op   0.000 B/op   0.000 allocs/op
  [2/2]  bench  WellFormed/pay                        197 ns/op ±0%   0.000 B/op   0.000 allocs/op    560ms
  [1/2]  bench  WellFormed/axfer                      175 ns/op   0.000 B/op   0.000 allocs/op
  [2/2]  bench  WellFormed/axfer                      175 ns/op ±0%   0.000 B/op   0.000 allocs/op    540ms
  [1/2]  bench  WellFormed/acfg                       182 ns/op   0.000 B/op   0.000 allocs/op
  [2/2]  bench  WellFormed/acfg                       181 ns/op ±0%   0.000 B/op   0.000 allocs/op    540ms
  [1/2]  bench  WellFormed/appl                       242 ns/op   0.000 B/op   0.000 allocs/op
  [2/2]  bench  WellFormed/appl                       242 ns/op ±0%   0.000 B/op   0.000 allocs/op    600ms
  [1/2]  bench  WellFormed/keyreg                     245 ns/op   0.000 B/op   0.000 allocs/op
  [2/2]  bench  WellFormed/keyreg                     245 ns/op ±0%   0.000 B/op   0.000 allocs/op    610ms
  [1/2]  bench  Assemble                              357,756 ns/op   329,240 B/op   3,263 allocs/op
  [2/2]  bench  Assemble                              357,484 ns/op ±0%   329,240 B/op   3,263 allocs/op    390ms
  [1/2]  bench  Disassemble                           68,814 ns/op   49,983 B/op   888 allocs/op
  [2/2]  bench  Disassemble                           68,927 ns/op ±0%   49,983 B/op   888 allocs/op    410ms
  [1/2]  bench  BoxOps/box_get                        3,406 ns/op   3.00 extra/op   3,364 B/op   33.0 allocs/op
  [2/2]  bench  BoxOps/box_get                        3,402 ns/op ±0%   3.00 extra/op   3,365 B/op ±0%   33.0 allocs/op    440ms
  [1/2]  bench  BoxOps/box_len                        2,877 ns/op   3.00 extra/op   1,023 B/op   31.0 allocs/op
  [2/2]  bench  BoxOps/box_len                        2,886 ns/op ±0%   3.00 extra/op   1,023 B/op   31.0 allocs/op    430ms
  [1/2]  bench  BoxOps/box_extract                    3,375 ns/op   4.00 extra/op   1,521 B/op   37.0 allocs/op
  [2/2]  bench  BoxOps/box_extract                    3,631 ns/op ±7%   4.00 extra/op   1,521 B/op   37.0 allocs/op    500ms
  [1/2]  bench  BoxOps/box_replace                    3,100 ns/op   3.00 extra/op   1,308 B/op   34.0 allocs/op
  [2/2]  bench  BoxOps/box_replace                    3,100 ns/op   3.00 extra/op   1,308 B/op   34.0 allocs/op    430ms
  [1/2]  bench  BoxOps/box_splice                     3,814 ns/op   4.00 extra/op   1,626 B/op   42.0 allocs/op
  [2/2]  bench  BoxOps/box_splice                     3,806 ns/op ±0%   4.00 extra/op   1,626 B/op ±0%   42.0 allocs/op    450ms
  [1/2]  bench  BoxOps/box_put                        3,132 ns/op   3.00 extra/op   2,087 B/op   31.0 allocs/op
  [2/2]  bench  BoxOps/box_put                        3,113 ns/op ±1%   3.00 extra/op   2,087 B/op ±0%   31.0 allocs/op    440ms
  [1/2]  bench  BoxOps/box_resize                     6,221 ns/op   5.00 extra/op   1,723 B/op   52.0 allocs/op
  [2/2]  bench  BoxOps/box_resize                     6,190 ns/op ±1%   5.00 extra/op   1,723 B/op   52.0 allocs/op    490ms
  [1/2]  bench  BoxOps/box_create_del                 5,908 ns/op   6.00 extra/op   1,778 B/op   54.0 allocs/op
  [2/2]  bench  BoxOps/box_create_del                 5,974 ns/op ±1%   6.00 extra/op   1,780 B/op ±0%   54.0 allocs/op    510ms
  [1/2]  bench  InnerTxn/pay                          22,992 ns/op   24,582 B/op   127 allocs/op
  [2/2]  bench  InnerTxn/pay                          22,624 ns/op ±2%   24,582 B/op ±0%   127 allocs/op    580ms
  [1/2]  bench  InnerTxn/axfer                        24,272 ns/op   25,182 B/op   134 allocs/op
  [2/2]  bench  InnerTxn/axfer                        23,851 ns/op ±2%   25,182 B/op ±0%   134 allocs/op    570ms
  [1/2]  bench  InnerTxn/appl                         22,240 ns/op   33,111 B/op   100 allocs/op
  [2/2]  bench  InnerTxn/appl                         22,203 ns/op ±0%   33,111 B/op   100 allocs/op    580ms
  [1/2]  bench  StateOps/app_global_get               1,780 ns/op   2.00 extra/op   677 B/op   21.0 allocs/op
  [2/2]  bench  StateOps/app_global_get               1,773 ns/op ±0%   2.00 extra/op   677 B/op   21.0 allocs/op    400ms
  [1/2]  bench  StateOps/app_global_put               2,604 ns/op   2.00 extra/op   1,353 B/op   27.0 allocs/op
  [2/2]  bench  StateOps/app_global_put               2,597 ns/op ±0%   2.00 extra/op   1,353 B/op   27.0 allocs/op    420ms
  [1/2]  bench  StateOps/app_global_del               1,272 ns/op   1.00 extra/op   499 B/op   15.0 allocs/op
  [2/2]  bench  StateOps/app_global_del               1,280 ns/op ±1%   1.00 extra/op   499 B/op   15.0 allocs/op    370ms
  [1/2]  bench  StateOps/app_local_get                2,582 ns/op   3.00 extra/op   913 B/op   29.0 allocs/op
  [2/2]  bench  StateOps/app_local_get                2,591 ns/op ±0%   3.00 extra/op   913 B/op ±0%   29.0 allocs/op    430ms
  [1/2]  bench  StateOps/app_local_put                3,001 ns/op   3.00 extra/op   1,166 B/op   33.0 allocs/op
  [2/2]  bench  StateOps/app_local_put                2,996 ns/op ±0%   3.00 extra/op   1,166 B/op ±0%   33.0 allocs/op    440ms
  [1/2]  bench  StateOps/app_local_del                2,107 ns/op   2.00 extra/op   702 B/op   23.0 allocs/op
  [2/2]  bench  StateOps/app_local_del                2,113 ns/op ±0%   2.00 extra/op   702 B/op   23.0 allocs/op    420ms
  [1/2]  bench  StateOps/asset_holding_get            3,655 ns/op   4.00 extra/op   1,276 B/op   36.0 allocs/op
  [2/2]  bench  StateOps/asset_holding_get            3,603 ns/op ±1%   4.00 extra/op   1,276 B/op   36.0 allocs/op    450ms
  [1/2]  bench  StateOps/asset_params_get             3,032 ns/op   3.00 extra/op   1,509 B/op   34.0 allocs/op
  [2/2]  bench  StateOps/asset_params_get             3,027 ns/op ±0%   3.00 extra/op   1,509 B/op   34.0 allocs/op    430ms
  [1/2]  bench  StateOps/app_params_get               2,896 ns/op   3.00 extra/op   1,324 B/op   30.0 allocs/op
  [2/2]  bench  StateOps/app_params_get               2,904 ns/op ±0%   3.00 extra/op   1,324 B/op   30.0 allocs/op    430ms
  [1/2]  bench  StateOps/acct_params_get              4,221 ns/op   3.00 extra/op   1,709 B/op   36.0 allocs/op
  [2/2]  bench  StateOps/acct_params_get              4,224 ns/op ±0%   3.00 extra/op   1,709 B/op ±0%   36.0 allocs/op    450ms
  [1/2]  bench  Verify/pop                            55.3 ns/op   3.00 extra/op   6.00 B/op   0.000 allocs/op
  [2/2]  bench  Verify/pop                            55.2 ns/op ±0%   3.00 extra/op   6.00 B/op   0.000 allocs/op    530ms
  [1/2]  bench  Verify/add                            62.6 ns/op   3.00 extra/op   6.00 B/op   0.000 allocs/op
  [2/2]  bench  Verify/add                            65.2 ns/op ±4%   3.00 extra/op   6.00 B/op   0.000 allocs/op    540ms
  [1/2]  bench  Verify/ed25519verify_bare             65,104 ns/op   7.00 extra/op   103 B/op   2.00 allocs/op
  [2/2]  bench  Verify/ed25519verify_bare             63,816 ns/op ±2%   7.00 extra/op   103 B/op   2.00 allocs/op    500ms
  [1/2]  bench  Verify/ecdsa_verify_k1                60,135 ns/op   7.00 extra/op   342 B/op   6.00 allocs/op
  [2/2]  bench  Verify/ecdsa_verify_k1                60,568 ns/op ±1%   7.00 extra/op   343 B/op ±0%   6.00 allocs/op    580ms
  [1/2]  bench  Verify/ecdsa_verify_r1                82,041 ns/op   7.00 extra/op   1,417 B/op   25.0 allocs/op
  [2/2]  bench  Verify/ecdsa_verify_r1                81,978 ns/op ±0%   7.00 extra/op   1,417 B/op   25.0 allocs/op    540ms
  [1/2]  bench  Verify/falcon_verify                  51,701 ns/op   7.00 extra/op   2,055 B/op   1.00 allocs/op
  [2/2]  bench  Verify/falcon_verify                  51,625 ns/op ±0%   7.00 extra/op   2,055 B/op   1.00 allocs/op    850ms
  [1/2]  bench  Verify/vrf_verify                     231,140 ns/op   5.00 extra/op   280 B/op   6.00 allocs/op
  [2/2]  bench  Verify/vrf_verify                     229,343 ns/op ±1%   5.00 extra/op   280 B/op   6.00 allocs/op    540ms
  [1/2]  bench  CheckSignature                        8,731 ns/op   12,320 B/op   9.00 allocs/op
  [2/2]  bench  CheckSignature                        8,798 ns/op ±1%   12,320 B/op   9.00 allocs/op    450ms
  [1/2]  bench  Addx64/add_long_stack                 6,953 ns/op   17,072 B/op   12.0 allocs/op
  [2/2]  bench  Addx64/add_long_stack                 7,657 ns/op ±9%   17,072 B/op   12.0 allocs/op    480ms
  [1/2]  bench  Addx64/add_small_stack                8,345 ns/op   13,616 B/op   10.0 allocs/op
  [2/2]  bench  Addx64/add_small_stack                7,294 ns/op ±14%   13,616 B/op   10.0 allocs/op    730ms
  [1/2]  bench  NopPassx1                             3,215 ns/op   13,616 B/op   10.0 allocs/op
  [2/2]  bench  NopPassx1                             3,260 ns/op ±1%   13,616 B/op   10.0 allocs/op    390ms
  [1/2]  bench  Checkx5                               118,774 ns/op   107,269 B/op   957 allocs/op
  [2/2]  bench  Checkx5                               120,176 ns/op ±1%   107,269 B/op ±0%   957 allocs/op    330ms
  [1/2]  bench  AppendMsgSignedTxn                    137 ns/op   7.32 MB/s   0.000 B/op   0.000 allocs/op
  [2/2]  bench  AppendMsgSignedTxn                    137 ns/op ±0%   7.31 MB/s ±0%   0.000 B/op   0.000 allocs/op    500ms
  [1/2]  bench  TinyMan/eval-lsig-signature           18,367 ns/op   36,840 B/op   86.0 allocs/op
  [2/2]  bench  TinyMan/eval-lsig-signature           18,285 ns/op ±0%   36,840 B/op   86.0 allocs/op    540ms
  [1/2]  bench  TinyMan/group-check-actual            156,443 ns/op   99,635 B/op   135 allocs/op
  [2/2]  bench  TinyMan/group-check-actual            156,874 ns/op ±0%   99,692 B/op ±0%   135 allocs/op    1.36s
  [1/2]  bench  TinyMan/group-check-all-crypto        181,454 ns/op   54,698 B/op   34.0 allocs/op
  [2/2]  bench  TinyMan/group-check-all-crypto        181,254 ns/op ±0%   54,693 B/op ±0%   34.0 allocs/op    350ms
  [1/2]  bench  LogicSigSanityCheck                   11,531 ns/op   18,296 B/op   14.0 allocs/op
  [2/2]  bench  LogicSigSanityCheck                   11,667 ns/op ±1%   18,296 B/op   14.0 allocs/op    480ms
  [1/2]  bench  PaysetGroups                          18,740 ns/op   29,234 B/op   6.00 allocs/op
  [2/2]  bench  PaysetGroups                          19,311 ns/op ±3%   29,699 B/op ±2%   6.50 allocs/op ±8%    1.02s
  [1/2]  bench  Txn                                   38,623 ns/op   12,383 B/op   6.00 allocs/op
  [2/2]  bench  Txn                                   38,374 ns/op ±1%   12,329 B/op ±0%   6.00 allocs/op    1.13s
  [1/2]  bench  TxHandlerProcessing/processDecoded    16,507 ns/op   3,912 B/op   44.0 allocs/op
  [2/2]  bench  TxHandlerProcessing/processDecoded    16,570 ns/op ±0%   3,912 B/op   44.0 allocs/op    1.26s
  [1/2]  bench  TxHandlerProcessing/verify.TxnGroup   68,142 ns/op   11,872 B/op   16.0 allocs/op
  [2/2]  bench  TxHandlerProcessing/verify.TxnGroup   68,192 ns/op ±0%   11,872 B/op   16.0 allocs/op    500ms
  [1/2]  bench  TxHandlerDecoderMsgp                  10,675,567 ns/op   6,115,045 B/op   27,420 allocs/op
  [2/2]  bench  TxHandlerDecoderMsgp                  10,590,018 ns/op ±1%   6,115,044 B/op ±0%   27,420 allocs/op    710ms
  [1/2]  bench  CompactDeltas/account-deltas          2,034,424 ns/op   4,123,001 B/op   16.0 allocs/op
  [2/2]  bench  CompactDeltas/account-deltas          2,053,061 ns/op ±1%   4,123,001 B/op ±0%   16.0 allocs/op    2.69s
  [1/2]  bench  Apply/asset-transfer                  760 ns/op   512 B/op   4.00 allocs/op
  [2/2]  bench  Apply/asset-transfer                  761 ns/op ±0%   512 B/op   4.00 allocs/op    320ms
  [1/2]  bench  Apply/keyreg                          489 ns/op   0.000 B/op   0.000 allocs/op
  [2/2]  bench  Apply/keyreg                          489 ns/op ±0%   0.000 B/op   0.000 allocs/op    360ms
  [1/2]  bench  Apply/app-call                        199 ns/op   0.000 B/op   0.000 allocs/op
  [2/2]  bench  Apply/app-call                        198 ns/op ±0%   0.000 B/op   0.000 allocs/op    560ms
  [1/2]  bench  CompactResourceDeltas                 6,422,214 ns/op   10,273,456 B/op   36.0 allocs/op
  [2/2]  bench  CompactResourceDeltas                 6,454,070 ns/op ±0%   10,273,456 B/op   36.0 allocs/op    420ms
  [1/2]  bench  TxTailCheckDup/hit                    82.0 ns/op   48.0 B/op   1.00 allocs/op
  [2/2]  bench  TxTailCheckDup/hit                    82.0 ns/op ±0%   48.0 B/op   1.00 allocs/op    430ms
  [1/2]  bench  TxTailCheckDup/miss                   40.3 ns/op   0.000 B/op   0.000 allocs/op
  [2/2]  bench  TxTailCheckDup/miss                   40.2 ns/op ±0%   0.000 B/op   0.000 allocs/op    400ms
  [1/2]  bench  CowChild                              68.8 ns/op   0.000 B/op   0.000 allocs/op
  [2/2]  bench  CowChild                              68.8 ns/op ±0%   0.000 B/op   0.000 allocs/op    430ms
  [1/2]  bench  PrefetcherApps                        303 ns/op   108 B/op   1.00 allocs/op
  [2/2]  bench  PrefetcherApps                        302 ns/op ±0%   110 B/op ±1%   1.00 allocs/op    810ms
  [1/2]  bench  PrefetcherPayment                     306 ns/op   87.0 B/op   0.000 allocs/op
  [2/2]  bench  PrefetcherPayment                     290 ns/op ±5%   85.5 B/op ±2%   0.000 allocs/op    1.57s
  [1/2]  bench  BlockEvaluatorRAMNoCrypto             581,018,648 ns/op   11,622 ns/eval_validate_tx   589,536,452 B/op   1,351,108 allocs/op
  [2/2]  bench  BlockEvaluatorRAMNoCrypto             586,301,304 ns/op ±1%   11,728 ns/eval_validate_tx ±1%   589,532,608 B/op ±0%   1,351,117 allocs/op ±0%    10.78s
  [1/2]  bench  BlockValidationMix                    2,168,046,108 ns/op   1,933,747,136 B/op   7,475,736 allocs/op
  [2/2]  bench  BlockValidationMix                    2,149,895,456 ns/op ±1%   1,929,828,932 B/op ±0%   7,462,226 allocs/op ±0%    12.46s
  [1/2]  bench  AppInt1                               952,439,719 ns/op   1,973,784,000 B/op   2,941,497 allocs/op
  [2/2]  bench  AppInt1                               949,867,085 ns/op ±0%   1,973,780,976 B/op ±0%   2,941,499 allocs/op ±0%    2.14s
  [1/2]  bench  AccountDeltasOps/upsert               663,767 ns/op   3,539,641 B/op   35.0 allocs/op
  [2/2]  bench  AccountDeltasOps/upsert               660,666 ns/op ±0%   3,539,646 B/op ±0%   35.0 allocs/op    420ms
  [1/2]  bench  AccountDeltasOps/merge                620,459 ns/op   800,529 B/op   66.0 allocs/op
  [2/2]  bench  AccountDeltasOps/merge                625,441 ns/op ±1%   800,529 B/op   66.0 allocs/op    790ms
  [1/2]  bench  AccountDeltasOps/optimize             142,456 ns/op   1,131,185 B/op   35.0 allocs/op
  [2/2]  bench  AccountDeltasOps/optimize             155,208 ns/op ±8%   1,131,186 B/op ±0%   35.0 allocs/op    630ms
  [1/2]  bench  MakeStateDelta                        1,195,863 ns/op   20,811,629 B/op   197 allocs/op
  [2/2]  bench  MakeStateDelta                        1,256,223 ns/op ±5%   20,811,627 B/op ±0%   197 allocs/op    510ms
  [1/2]  bench  OnlineAccountsCacheRead320            3,112,054 ns/op   705,479 B/op   4,021 allocs/op
  [2/2]  bench  OnlineAccountsCacheRead320            3,092,788 ns/op ±1%   705,479 B/op   4,021 allocs/op    310ms
  [1/2]  bench  MessageFilterCheck/hit                5,957 ns/op   1,248 B/op   9.00 allocs/op
  [2/2]  bench  MessageFilterCheck/hit                5,925 ns/op ±1%   1,248 B/op   9.00 allocs/op    400ms
  [1/2]  bench  MessageFilterCheck/miss               6,030 ns/op   1,248 B/op   9.00 allocs/op
  [2/2]  bench  MessageFilterCheck/miss               6,143 ns/op ±2%   1,248 B/op   9.00 allocs/op    400ms
  [1/2]  bench  GenerateMessageDigest                 529 ns/op   0.000 B/op   0.000 allocs/op
  [2/2]  bench  GenerateMessageDigest                 529 ns/op ±0%   0.000 B/op   0.000 allocs/op    350ms
  [1/2]  bench  VpackVote/compress                    479 ns/op   1,311 MB/s   0.000 B/op   0.000 allocs/op
  [2/2]  bench  VpackVote/compress                    479 ns/op ±0%   1,310 MB/s ±0%   0.000 B/op   0.000 allocs/op    360ms
  [1/2]  bench  VpackVote/decompress                  144 ns/op   3,277 MB/s   0.000 B/op   0.000 allocs/op
  [2/2]  bench  VpackVote/decompress                  144 ns/op ±0%   3,279 MB/s ±0%   0.000 B/op   0.000 allocs/op    500ms
  [1/2]  bench  BloomFilterSet                        102 ns/op   0.000 B/op   0.000 allocs/op
  [2/2]  bench  BloomFilterSet                        101 ns/op ±0%   0.000 B/op   0.000 allocs/op    1.92s
  [1/2]  bench  BloomFilterTest                       101 ns/op   0.000 B/op   0.000 allocs/op
  [2/2]  bench  BloomFilterTest                       99.0 ns/op ±2%   0.000 B/op   0.000 allocs/op    2.19s
  [1/2]  bench  TagCounter                            16.3 ns/op   0.000 B/op   0.000 allocs/op
  [2/2]  bench  TagCounter                            16.2 ns/op ±1%   0.000 B/op   0.000 allocs/op    370ms
