  [1/2]  bench  VoteVerify                            490,074 ns/op   6,888 B/op   65.0 allocs/op
  [2/2]  bench  VoteVerify                            491,469 ns/op ±0%   6,888 B/op   65.0 allocs/op    550ms
  [1/2]  bench  CryptoVerifierVoteVertification       230,495 ns/op   24,012 B/op   71.0 allocs/op
  [2/2]  bench  CryptoVerifierVoteVertification       232,314 ns/op ±1%   24,009 B/op ±0%   71.0 allocs/op    560ms
  [1/2]  bench  CryptoVerifierProposalVertification   305,710 ns/op   12,474 B/op   54.0 allocs/op
  [2/2]  bench  CryptoVerifierProposalVertification   303,635 ns/op ±1%   12,474 B/op   54.0 allocs/op    560ms
  [1/2]  bench  VoteDecoding                          409 ns/op   1,152 B/op   2.00 allocs/op
  [2/2]  bench  VoteDecoding                          407 ns/op ±0%   1,152 B/op   2.00 allocs/op    810ms
  [1/2]  bench  RouterUpdate/root                     120 ns/op   0.000 B/op   0.000 allocs/op
  [2/2]  bench  RouterUpdate/root                     123 ns/op ±2%   0.000 B/op   0.000 allocs/op    510ms
  [1/2]  bench  RouterUpdate/round                    71.8 ns/op   0.000 B/op   0.000 allocs/op
  [2/2]  bench  RouterUpdate/round                    72.6 ns/op ±1%   0.000 B/op   0.000 allocs/op    440ms
  [1/2]  bench  NoiseSentinelHash                     46,911 ns/op   1,397 MB/s   0.000 B/op   0.000 allocs/op
  [2/2]  bench  NoiseSentinelHash                     46,768 ns/op ±0%   1,401 MB/s ±0%   0.000 B/op   0.000 allocs/op    360ms
  [1/2]  bench  NoiseSentinelLoop                     8,624 ns/op   0.000 B/op   0.000 allocs/op
  [2/2]  bench  NoiseSentinelLoop                     8,636 ns/op ±0%   0.000 B/op   0.000 allocs/op    440ms
  [1/2]  bench  BatchVerifierImpls/libsodium_single   4,954,165 ns/op   21,264 B/op   261 allocs/op
  [2/2]  bench  BatchVerifierImpls/libsodium_single   4,773,796 ns/op ±4%   21,264 B/op   261 allocs/op    360ms
  [1/2]  bench  BatchVerifierImpls/libsodium_batch    1,890,681 ns/op   26,064 B/op   12.0 allocs/op
  [2/2]  bench  BatchVerifierImpls/libsodium_batch    1,891,635 ns/op ±0%   26,079 B/op ±0%   12.0 allocs/op    550ms
  [1/2]  bench  BatchVerifierImpls/ed25519consensus   2,058,013 ns/op   270,016 B/op   137 allocs/op
  [2/2]  bench  BatchVerifierImpls/ed25519consensus   2,052,489 ns/op ±0%   270,017 B/op ±0%   137 allocs/op    560ms
  [1/2]  bench  BatchVerify/size=1                    69,532 ns/op   336 B/op   9.00 allocs/op
  [2/2]  bench  BatchVerify/size=1                    70,853 ns/op ±2%   336 B/op   9.00 allocs/op    380ms
  [1/2]  bench  BatchVerify/size=64                   4,656,788 ns/op   16,144 B/op   261 allocs/op
  [2/2]  bench  BatchVerify/size=64                   4,566,147 ns/op ±2%   16,144 B/op   261 allocs/op    350ms
  [1/2]  bench  BatchVerify/size=256                  18,804,943 ns/op   64,592 B/op   1,029 allocs/op
  [2/2]  bench  BatchVerify/size=256                  18,942,978 ns/op ±1%   64,592 B/op   1,029 allocs/op    400ms
  [1/2]  bench  FalconVerify                          55,282 ns/op   0.000 B/op   0.000 allocs/op
  [2/2]  bench  FalconVerify                          54,788 ns/op ±1%   0.000 B/op   0.000 allocs/op    510ms
  [1/2]  bench  FalconSign                            10,895,130 ns/op   3,080 B/op   3.00 allocs/op
  [2/2]  bench  FalconSign                            10,901,616 ns/op ±0%   3,080 B/op   3.00 allocs/op    460ms
  [1/2]  bench  MultisigVerify                        206,904 ns/op   2,651 B/op   21.0 allocs/op
  [2/2]  bench  MultisigVerify                        211,250 ns/op ±2%   2,650 B/op ±0%   21.0 allocs/op    370ms
  [1/2]  bench  VrfProve                              184,730 ns/op   224 B/op   5.00 allocs/op
  [2/2]  bench  VrfProve                              184,867 ns/op ±0%   224 B/op   5.00 allocs/op    380ms
  [1/2]  bench  Hash                                  285 ns/op   0.000 B/op   0.000 allocs/op
  [2/2]  bench  Hash                                  285 ns/op ±0%   0.000 B/op   0.000 allocs/op    650ms
  [1/2]  bench  SignVerify                            96,370 ns/op   336 B/op   10.0 allocs/op
  [2/2]  bench  SignVerify                            101,864 ns/op ±5%   336 B/op   10.0 allocs/op    430ms
  [1/2]  bench  Verify25519/libsodium                 74,114 ns/op   128 B/op   4.00 allocs/op
  [2/2]  bench  Verify25519/libsodium                 74,313 ns/op ±0%   128 B/op   4.00 allocs/op    490ms
  [1/2]  bench  Verify25519/ed25519consensus          68,522 ns/op   32.0 B/op   2.00 allocs/op
  [2/2]  bench  Verify25519/ed25519consensus          68,453 ns/op ±0%   32.0 B/op   2.00 allocs/op    470ms
  [1/2]  bench  MerkleSignatureVerify                 105,866 ns/op   9,472 B/op   42.0 allocs/op
  [2/2]  bench  MerkleSignatureVerify                 106,581 ns/op ±1%   9,472 B/op   42.0 allocs/op    600ms
  [1/2]  bench  OneTimeSigBatchVerification/libsodium_singles  221,044 ns/op   1,307 B/op   24.0 allocs/op
  [2/2]  bench  OneTimeSigBatchVerification/libsodium_singles  218,501 ns/op ±1%   1,306 B/op ±0%   24.0 allocs/op    650ms
  [1/2]  bench  OneTimeSigBatchVerification/libsodium_batch  180,212 ns/op   1,144 B/op   17.0 allocs/op
  [2/2]  bench  OneTimeSigBatchVerification/libsodium_batch  181,482 ns/op ±1%   1,144 B/op   17.0 allocs/op    670ms
  [1/2]  bench  OneTimeSigBatchVerification/ed25519consensus_batch  146,460 ns/op   14,319 B/op   22.0 allocs/op
  [2/2]  bench  OneTimeSigBatchVerification/ed25519consensus_batch  146,397 ns/op ±0%   14,320 B/op ±0%   22.0 allocs/op    680ms
  [1/2]  bench  VrfVerify                             248,422 ns/op   176 B/op   3.00 allocs/op
  [2/2]  bench  VrfVerify                             248,544 ns/op ±0%   176 B/op   3.00 allocs/op    730ms
  [1/2]  bench  AppRateLimiter_TxgroupToKeys          20,029 ns/op   9,512 B/op   3.00 allocs/op
  [2/2]  bench  AppRateLimiter_TxgroupToKeys          19,757 ns/op ±1%   9,512 B/op   3.00 allocs/op    720ms
  [1/2]  bench  AddressFormatting                     390 ns/op   128 B/op   2.00 allocs/op
  [2/2]  bench  AddressFormatting                     381 ns/op ±3%   128 B/op   2.00 allocs/op    330ms
  [1/2]  bench  UnmarshalChecksumAddress              870 ns/op   192 B/op   3.00 allocs/op
  [2/2]  bench  UnmarshalChecksumAddress              870 ns/op ±0%   192 B/op   3.00 allocs/op    340ms
  [1/2]  bench  CodecRealistic/encode-signed-pay      812 ns/op   2,688 B/op   1.00 allocs/op
  [2/2]  bench  CodecRealistic/encode-signed-pay      846 ns/op ±4%   2,688 B/op   1.00 allocs/op    690ms
  [1/2]  bench  CodecRealistic/decode-signed-pay      277 ns/op   64.0 B/op   3.00 allocs/op
  [2/2]  bench  CodecRealistic/decode-signed-pay      276 ns/op ±0%   64.0 B/op   3.00 allocs/op    640ms
  [1/2]  bench  CodecRealistic/encode-signed-appl     904 ns/op   3,072 B/op   1.00 allocs/op
  [2/2]  bench  CodecRealistic/encode-signed-appl     895 ns/op ±1%   3,072 B/op   1.00 allocs/op    660ms
  [1/2]  bench  CodecRealistic/decode-signed-appl     784 ns/op   376 B/op   13.0 allocs/op
  [2/2]  bench  CodecRealistic/decode-signed-appl     784 ns/op ±0%   376 B/op   13.0 allocs/op    660ms
  [1/2]  bench  CodecRealistic/encode-block-header    852 ns/op   1,824 B/op   3.00 allocs/op
  [2/2]  bench  CodecRealistic/encode-block-header    850 ns/op ±0%   1,824 B/op   3.00 allocs/op    660ms
  [1/2]  bench  CodecRealistic/decode-block-header    881 ns/op   720 B/op   9.00 allocs/op
  [2/2]  bench  CodecRealistic/decode-block-header    888 ns/op ±1%   720 B/op   9.00 allocs/op    670ms
  [1/2]  bench  HashObj/txn                           1,640 ns/op   3,936 B/op   3.00 allocs/op
  [2/2]  bench  HashObj/txn                           1,669 ns/op ±2%   3,936 B/op   3.00 allocs/op    350ms
  [1/2]  bench  HashObj/block-header                  3,168 ns/op   3,552 B/op   5.00 allocs/op
  [2/2]  bench  HashObj/block-header                  3,235 ns/op ±2%   3,552 B/op   5.00 allocs/op    390ms
  [1/2]  bench  AppendMsgBlockHeader                  62.1 ns/op   16.1 MB/s   0.000 B/op   0.000 allocs/op
  [2/2]  bench  AppendMsgBlockHeader                  62.1 ns/op ±0%   16.1 MB/s ±0%   0.000 B/op   0.000 allocs/op    420ms
  [1/2]  bench  Sortition                             552,720 ns/op   1,825 B/op   21.0 allocs/op
  [2/2]  bench  Sortition                             554,483 ns/op ±0%   1,825 B/op   21.0 allocs/op    430ms
  [1/2]  bench  StatusCachePut                        1,280 ns/op   220 B/op   1.00 allocs/op
  [2/2]  bench  StatusCachePut                        1,283 ns/op ±0%   220 B/op   1.00 allocs/op    350ms
  [1/2]  bench  StatusCacheCheckHit                   294 ns/op   19.0 B/op   2.00 allocs/op
  [2/2]  bench  StatusCacheCheckHit                   295 ns/op ±0%   19.0 B/op   2.00 allocs/op    670ms
  [1/2]  bench  StatusCacheCheckMiss                  90.6 ns/op   0.000 B/op   0.000 allocs/op
  [2/2]  bench  StatusCacheCheckMiss                  91.2 ns/op ±1%   0.000 B/op   0.000 allocs/op    470ms
  [1/2]  bench  TransactionPoolRecompute              1,180,984,787 ns/op   41,221 ns/txn   1,121,481,352 B/op   2,398,004 allocs/op
  [2/2]  bench  TransactionPoolRecompute              1,157,010,351 ns/op ±2%   40,385 ns/txn ±2%   1,121,580,624 B/op ±0%   2,397,996 allocs/op ±0%    3.63s
  [1/2]  bench  TxnIDs/signed-txn-id                  784 ns/op   0.000 B/op   0.000 allocs/op
  [2/2]  bench  TxnIDs/signed-txn-id                  785 ns/op ±0%   0.000 B/op   0.000 allocs/op    370ms
  [1/2]  bench  TxnIDs/group-id                       19,206 ns/op   2,272 B/op   4.00 allocs/op
  [2/2]  bench  TxnIDs/group-id                       19,253 ns/op ±0%   2,274 B/op ±0%   4.00 allocs/op    550ms
  [1/2]  bench  WellFormed/pay                        187 ns/op   0.000 B/op   0.000 allocs/op
  [2/2]  bench  WellFormed/pay                        188 ns/op ±0%   0.000 B/op   0.000 allocs/op    550ms
  [1/2]  bench  WellFormed/axfer                      166 ns/op   0.000 B/op   0.000 allocs/op
  [2/2]  bench  WellFormed/axfer                      166 ns/op ±0%   0.000 B/op   0.000 allocs/op    530ms
  [1/2]  bench  WellFormed/acfg                       176 ns/op   0.000 B/op   0.000 allocs/op
  [2/2]  bench  WellFormed/acfg                       176 ns/op   0.000 B/op   0.000 allocs/op    540ms
  [1/2]  bench  WellFormed/appl                       240 ns/op   0.000 B/op   0.000 allocs/op
  [2/2]  bench  WellFormed/appl                       240 ns/op ±0%   0.000 B/op   0.000 allocs/op    600ms
  [1/2]  bench  WellFormed/keyreg                     253 ns/op   0.000 B/op   0.000 allocs/op
  [2/2]  bench  WellFormed/keyreg                     253 ns/op ±0%   0.000 B/op   0.000 allocs/op    610ms
  [1/2]  bench  Assemble                              342,588 ns/op   329,239 B/op   3,263 allocs/op
  [2/2]  bench  Assemble                              340,248 ns/op ±1%   329,241 B/op ±0%   3,263 allocs/op    370ms
  [1/2]  bench  Disassemble                           70,714 ns/op   49,984 B/op   888 allocs/op
  [2/2]  bench  Disassemble                           70,746 ns/op ±0%   49,984 B/op ±0%   888 allocs/op    390ms
  [1/2]  bench  BoxOps/box_get                        3,012 ns/op   3.00 extra/op   3,364 B/op   33.0 allocs/op
  [2/2]  bench  BoxOps/box_get                        2,991 ns/op ±1%   3.00 extra/op   3,364 B/op ±0%   33.0 allocs/op    420ms
  [1/2]  bench  BoxOps/box_len                        2,554 ns/op   3.00 extra/op   1,023 B/op   31.0 allocs/op
  [2/2]  bench  BoxOps/box_len                        2,555 ns/op ±0%   3.00 extra/op   1,023 B/op   31.0 allocs/op    420ms
  [1/2]  bench  BoxOps/box_extract                    2,984 ns/op   4.00 extra/op   1,521 B/op   37.0 allocs/op
  [2/2]  bench  BoxOps/box_extract                    3,002 ns/op ±1%   4.00 extra/op   1,521 B/op   37.0 allocs/op    440ms
  [1/2]  bench  BoxOps/box_replace                    2,836 ns/op   3.00 extra/op   1,308 B/op   34.0 allocs/op
  [2/2]  bench  BoxOps/box_replace                    2,773 ns/op ±2%   3.00 extra/op   1,308 B/op   34.0 allocs/op    420ms
  [1/2]  bench  BoxOps/box_splice                     3,376 ns/op   4.00 extra/op   1,626 B/op   42.0 allocs/op
  [2/2]  bench  BoxOps/box_splice                     3,373 ns/op ±0%   4.00 extra/op   1,626 B/op   42.0 allocs/op    450ms
  [1/2]  bench  BoxOps/box_put                        2,746 ns/op   3.00 extra/op   2,087 B/op   31.0 allocs/op
  [2/2]  bench  BoxOps/box_put                        2,820 ns/op ±3%   3.00 extra/op   2,087 B/op   31.0 allocs/op    440ms
  [1/2]  bench  BoxOps/box_resize                     6,018 ns/op   5.00 extra/op   1,724 B/op   52.0 allocs/op
  [2/2]  bench  BoxOps/box_resize                     5,987 ns/op ±1%   5.00 extra/op   1,723 B/op ±0%   52.0 allocs/op    480ms
  [1/2]  bench  BoxOps/box_create_del                 5,392 ns/op   6.00 extra/op   1,780 B/op   54.0 allocs/op
  [2/2]  bench  BoxOps/box_create_del                 5,424 ns/op ±1%   6.00 extra/op   1,779 B/op ±0%   54.0 allocs/op    490ms
  [1/2]  bench  InnerTxn/pay                          21,337 ns/op   24,582 B/op   127 allocs/op
  [2/2]  bench  InnerTxn/pay                          21,298 ns/op ±0%   24,582 B/op   127 allocs/op    570ms
  [1/2]  bench  InnerTxn/axfer                        23,067 ns/op   25,182 B/op   134 allocs/op
  [2/2]  bench  InnerTxn/axfer                        23,005 ns/op ±0%   25,182 B/op   134 allocs/op    590ms
  [1/2]  bench  InnerTxn/appl                         27,094 ns/op   33,110 B/op   100 allocs/op
  [2/2]  bench  InnerTxn/appl                         25,714 ns/op ±5%   33,110 B/op   100 allocs/op    600ms
  [1/2]  bench  StateOps/app_global_get               1,524 ns/op   2.00 extra/op   677 B/op   21.0 allocs/op
  [2/2]  bench  StateOps/app_global_get               1,523 ns/op ±0%   2.00 extra/op   677 B/op   21.0 allocs/op    390ms
  [1/2]  bench  StateOps/app_global_put               2,241 ns/op   2.00 extra/op   1,353 B/op   27.0 allocs/op
  [2/2]  bench  StateOps/app_global_put               2,256 ns/op ±1%   2.00 extra/op   1,353 B/op   27.0 allocs/op    390ms
  [1/2]  bench  StateOps/app_global_del               1,093 ns/op   1.00 extra/op   499 B/op   15.0 allocs/op
  [2/2]  bench  StateOps/app_global_del               1,096 ns/op ±0%   1.00 extra/op   499 B/op   15.0 allocs/op    360ms
  [1/2]  bench  StateOps/app_local_get                2,244 ns/op   3.00 extra/op   912 B/op   29.0 allocs/op
  [2/2]  bench  StateOps/app_local_get                2,245 ns/op ±0%   3.00 extra/op   912 B/op   29.0 allocs/op    430ms
  [1/2]  bench  StateOps/app_local_put                2,664 ns/op   3.00 extra/op   1,165 B/op   33.0 allocs/op
  [2/2]  bench  StateOps/app_local_put                2,661 ns/op ±0%   3.00 extra/op   1,165 B/op   33.0 allocs/op    420ms
  [1/2]  bench  StateOps/app_local_del                1,828 ns/op   2.00 extra/op   702 B/op   23.0 allocs/op
  [2/2]  bench  StateOps/app_local_del                1,826 ns/op ±0%   2.00 extra/op   702 B/op   23.0 allocs/op    410ms
  [1/2]  bench  StateOps/asset_holding_get            2,997 ns/op   4.00 extra/op   1,276 B/op   36.0 allocs/op
  [2/2]  bench  StateOps/asset_holding_get            3,004 ns/op ±0%   4.00 extra/op   1,276 B/op   36.0 allocs/op    430ms
  [1/2]  bench  StateOps/asset_params_get             2,615 ns/op   3.00 extra/op   1,509 B/op   34.0 allocs/op
  [2/2]  bench  StateOps/asset_params_get             2,617 ns/op ±0%   3.00 extra/op   1,509 B/op   34.0 allocs/op    420ms
  [1/2]  bench  StateOps/app_params_get               2,493 ns/op   3.00 extra/op   1,324 B/op   30.0 allocs/op
  [2/2]  bench  StateOps/app_params_get               2,493 ns/op ±0%   3.00 extra/op   1,324 B/op   30.0 allocs/op    420ms
  [1/2]  bench  StateOps/acct_params_get              3,918 ns/op   3.00 extra/op   1,708 B/op   36.0 allocs/op
  [2/2]  bench  StateOps/acct_params_get              3,911 ns/op ±0%   3.00 extra/op   1,709 B/op ±0%   36.0 allocs/op    440ms
  [1/2]  bench  Verify/pop                            56.9 ns/op   3.00 extra/op   6.00 B/op   0.000 allocs/op
  [2/2]  bench  Verify/pop                            56.8 ns/op ±0%   3.00 extra/op   6.00 B/op   0.000 allocs/op    510ms
  [1/2]  bench  Verify/add                            64.7 ns/op   3.00 extra/op   6.00 B/op   0.000 allocs/op
  [2/2]  bench  Verify/add                            64.5 ns/op ±0%   3.00 extra/op   6.00 B/op   0.000 allocs/op    520ms
  [1/2]  bench  Verify/ed25519verify_bare             70,954 ns/op   7.00 extra/op   103 B/op   2.00 allocs/op
  [2/2]  bench  Verify/ed25519verify_bare             70,085 ns/op ±1%   7.00 extra/op   103 B/op   2.00 allocs/op    500ms
  [1/2]  bench  Verify/ecdsa_verify_k1                68,860 ns/op   7.00 extra/op   343 B/op   6.00 allocs/op
  [2/2]  bench  Verify/ecdsa_verify_k1                68,466 ns/op ±1%   7.00 extra/op   343 B/op   6.00 allocs/op    550ms
  [1/2]  bench  Verify/ecdsa_verify_r1                89,981 ns/op   7.00 extra/op   1,414 B/op   25.0 allocs/op
  [2/2]  bench  Verify/ecdsa_verify_r1                90,175 ns/op ±0%   7.00 extra/op   1,414 B/op   25.0 allocs/op    570ms
  [1/2]  bench  Verify/falcon_verify                  54,099 ns/op   7.00 extra/op   2,056 B/op   1.00 allocs/op
  [2/2]  bench  Verify/falcon_verify                  54,830 ns/op ±1%   7.00 extra/op   2,056 B/op   1.00 allocs/op    830ms
  [1/2]  bench  Verify/vrf_verify                     259,005 ns/op   5.00 extra/op   281 B/op   6.00 allocs/op
  [2/2]  bench  Verify/vrf_verify                     270,452 ns/op ±4%   5.00 extra/op   281 B/op   6.00 allocs/op    600ms
  [1/2]  bench  CheckSignature                        8,445 ns/op   12,320 B/op   9.00 allocs/op
  [2/2]  bench  CheckSignature                        8,441 ns/op ±0%   12,320 B/op   9.00 allocs/op    440ms
  [1/2]  bench  Addx64/add_long_stack                 6,781 ns/op   17,072 B/op   12.0 allocs/op
  [2/2]  bench  Addx64/add_long_stack                 7,044 ns/op ±4%   17,072 B/op   12.0 allocs/op    440ms
  [1/2]  bench  Addx64/add_small_stack                5,998 ns/op   13,616 B/op   10.0 allocs/op
  [2/2]  bench  Addx64/add_small_stack                6,023 ns/op ±0%   13,616 B/op   10.0 allocs/op    410ms
  [1/2]  bench  NopPassx1                             3,138 ns/op   13,616 B/op   10.0 allocs/op
  [2/2]  bench  NopPassx1                             3,161 ns/op ±1%   13,616 B/op   10.0 allocs/op    370ms
  [1/2]  bench  Checkx5                               107,717 ns/op   107,269 B/op   957 allocs/op
  [2/2]  bench  Checkx5                               107,620 ns/op ±0%   107,269 B/op ±0%   957 allocs/op    350ms
  [1/2]  bench  AppendMsgSignedTxn                    127 ns/op   7.90 MB/s   0.000 B/op   0.000 allocs/op
  [2/2]  bench  AppendMsgSignedTxn                    126 ns/op ±1%   7.96 MB/s ±1%   0.000 B/op   0.000 allocs/op    480ms
  [1/2]  bench  TinyMan/eval-lsig-signature           21,370 ns/op   36,840 B/op   86.0 allocs/op
  [2/2]  bench  TinyMan/eval-lsig-signature           19,957 ns/op ±7%   36,840 B/op   86.0 allocs/op    550ms
  [1/2]  bench  TinyMan/group-check-actual            166,174 ns/op   99,691 B/op   135 allocs/op
  [2/2]  bench  TinyMan/group-check-actual            167,510 ns/op ±1%   99,841 B/op ±0%   135 allocs/op    1.28s
  [1/2]  bench  TinyMan/group-check-all-crypto        199,072 ns/op   54,645 B/op   34.0 allocs/op
  [2/2]  bench  TinyMan/group-check-all-crypto        197,132 ns/op ±1%   54,430 B/op ±0%   34.0 allocs/op    340ms
  [1/2]  bench  LogicSigSanityCheck                   11,230 ns/op   18,296 B/op   14.0 allocs/op
  [2/2]  bench  LogicSigSanityCheck                   11,209 ns/op ±0%   18,296 B/op   14.0 allocs/op    480ms
  [1/2]  bench  PaysetGroups                          20,180 ns/op   30,695 B/op   7.00 allocs/op
  [2/2]  bench  PaysetGroups                          20,638 ns/op ±2%   31,146 B/op ±1%   7.00 allocs/op    1.06s
  [1/2]  bench  Txn                                   41,091 ns/op   12,310 B/op   6.00 allocs/op
  [2/2]  bench  Txn                                   41,174 ns/op ±0%   12,316 B/op ±0%   6.00 allocs/op    1.17s
  [1/2]  bench  TxHandlerProcessing/processDecoded    22,392 ns/op   3,912 B/op   44.0 allocs/op
  [2/2]  bench  TxHandlerProcessing/processDecoded    21,087 ns/op ±6%   3,912 B/op   44.0 allocs/op    2.05s
  [1/2]  bench  TxHandlerProcessing/verify.TxnGroup   75,297 ns/op   11,872 B/op   16.0 allocs/op
  [2/2]  bench  TxHandlerProcessing/verify.TxnGroup   75,447 ns/op ±0%   11,872 B/op   16.0 allocs/op    480ms
  [1/2]  bench  TxHandlerDecoderMsgp                  13,037,696 ns/op   7,009,120 B/op   27,778 allocs/op
  [2/2]  bench  TxHandlerDecoderMsgp                  12,735,878 ns/op ±2%   7,142,372 B/op ±2%   27,832 allocs/op ±0%    770ms
  [1/2]  bench  CompactDeltas/account-deltas          3,885,567 ns/op   4,123,000 B/op   16.0 allocs/op
  [2/2]  bench  CompactDeltas/account-deltas          3,371,342 ns/op ±15%   4,123,000 B/op   16.0 allocs/op    3.02s
  [1/2]  bench  Apply/asset-transfer                  781 ns/op   512 B/op   4.00 allocs/op
  [2/2]  bench  Apply/asset-transfer                  782 ns/op ±0%   512 B/op   4.00 allocs/op    350ms
  [1/2]  bench  Apply/keyreg                          555 ns/op   0.000 B/op   0.000 allocs/op
  [2/2]  bench  Apply/keyreg                          554 ns/op ±0%   0.000 B/op   0.000 allocs/op    360ms
  [1/2]  bench  Apply/app-call                        221 ns/op   0.000 B/op   0.000 allocs/op
  [2/2]  bench  Apply/app-call                        221 ns/op ±0%   0.000 B/op   0.000 allocs/op    580ms
  [1/2]  bench  CompactResourceDeltas                 6,824,450 ns/op   10,273,456 B/op   36.0 allocs/op
  [2/2]  bench  CompactResourceDeltas                 6,844,065 ns/op ±0%   10,273,456 B/op   36.0 allocs/op    430ms
  [1/2]  bench  TxTailCheckDup/hit                    86.2 ns/op   48.0 B/op   1.00 allocs/op
  [2/2]  bench  TxTailCheckDup/hit                    86.9 ns/op ±1%   48.0 B/op   1.00 allocs/op    440ms
  [1/2]  bench  TxTailCheckDup/miss                   55.6 ns/op   0.000 B/op   0.000 allocs/op
  [2/2]  bench  TxTailCheckDup/miss                   55.6 ns/op ±0%   0.000 B/op   0.000 allocs/op    420ms
  [1/2]  bench  CowChild                              77.6 ns/op   0.000 B/op   0.000 allocs/op
  [2/2]  bench  CowChild                              82.7 ns/op ±6%   0.000 B/op   0.000 allocs/op    490ms
  [1/2]  bench  PrefetcherApps                        318 ns/op   111 B/op   1.00 allocs/op
  [2/2]  bench  PrefetcherApps                        323 ns/op ±1%   111 B/op   1.00 allocs/op    780ms
  [1/2]  bench  PrefetcherPayment                     264 ns/op   83.0 B/op   0.000 allocs/op
  [2/2]  bench  PrefetcherPayment                     290 ns/op ±9%   83.5 B/op ±1%   0.000 allocs/op    1.43s
  [1/2]  bench  BlockEvaluatorRAMNoCrypto             545,073,178 ns/op   10,902 ns/eval_validate_tx   589,564,624 B/op   1,351,128 allocs/op
  [2/2]  bench  BlockEvaluatorRAMNoCrypto             550,000,590 ns/op ±1%   11,001 ns/eval_validate_tx ±1%   589,568,972 B/op ±0%   1,351,125 allocs/op ±0%    10.75s
  [1/2]  bench  BlockValidationMix                    2,048,400,808 ns/op   1,937,452,984 B/op   7,457,505 allocs/op
  [2/2]  bench  BlockValidationMix                    1,996,904,763 ns/op ±3%   1,933,118,400 B/op ±0%   7,454,978 allocs/op ±0%    11.38s
  [1/2]  bench  AppInt1                               949,292,484 ns/op   1,973,710,520 B/op   2,941,494 allocs/op
  [2/2]  bench  AppInt1                               941,967,710 ns/op ±1%   1,973,732,380 B/op ±0%   2,941,499 allocs/op ±0%    2.13s
  [1/2]  bench  AccountDeltasOps/upsert               673,839 ns/op   3,539,639 B/op   35.0 allocs/op
  [2/2]  bench  AccountDeltasOps/upsert               767,795 ns/op ±12%   3,539,640 B/op ±0%   35.0 allocs/op    510ms
  [1/2]  bench  AccountDeltasOps/merge                620,671 ns/op   800,530 B/op   66.0 allocs/op
  [2/2]  bench  AccountDeltasOps/merge                618,729 ns/op ±0%   800,529 B/op ±0%   66.0 allocs/op    760ms
  [1/2]  bench  AccountDeltasOps/optimize             133,150 ns/op   1,131,185 B/op   35.0 allocs/op
  [2/2]  bench  AccountDeltasOps/optimize             134,576 ns/op ±1%   1,131,185 B/op   35.0 allocs/op    500ms
  [1/2]  bench  MakeStateDelta                        1,116,655 ns/op   20,811,624 B/op   197 allocs/op
  [2/2]  bench  MakeStateDelta                        1,150,478 ns/op ±3%   20,811,624 B/op ±0%   197 allocs/op    490ms
  [1/2]  bench  OnlineAccountsCacheRead320            3,505,702 ns/op   705,478 B/op   4,021 allocs/op
  [2/2]  bench  OnlineAccountsCacheRead320            3,567,368 ns/op ±2%   705,478 B/op   4,021 allocs/op    360ms
  [1/2]  bench  MessageFilterCheck/hit                6,781 ns/op   1,248 B/op   9.00 allocs/op
  [2/2]  bench  MessageFilterCheck/hit                6,794 ns/op ±0%   1,248 B/op   9.00 allocs/op    410ms
  [1/2]  bench  MessageFilterCheck/miss               6,667 ns/op   1,248 B/op   9.00 allocs/op
  [2/2]  bench  MessageFilterCheck/miss               6,712 ns/op ±1%   1,248 B/op   9.00 allocs/op    410ms
  [1/2]  bench  GenerateMessageDigest                 585 ns/op   0.000 B/op   0.000 allocs/op
  [2/2]  bench  GenerateMessageDigest                 586 ns/op ±0%   0.000 B/op   0.000 allocs/op    370ms
  [1/2]  bench  VpackVote/compress                    510 ns/op   1,233 MB/s   0.000 B/op   0.000 allocs/op
  [2/2]  bench  VpackVote/compress                    509 ns/op ±0%   1,234 MB/s ±0%   0.000 B/op   0.000 allocs/op    360ms
  [1/2]  bench  VpackVote/decompress                  132 ns/op   3,581 MB/s   0.000 B/op   0.000 allocs/op
  [2/2]  bench  VpackVote/decompress                  131 ns/op ±1%   3,603 MB/s ±1%   0.000 B/op   0.000 allocs/op    490ms
  [1/2]  bench  BloomFilterSet                        114 ns/op   0.000 B/op   0.000 allocs/op
  [2/2]  bench  BloomFilterSet                        114 ns/op ±0%   0.000 B/op   0.000 allocs/op    2.03s
  [1/2]  bench  BloomFilterTest                       112 ns/op   0.000 B/op   0.000 allocs/op
  [2/2]  bench  BloomFilterTest                       112 ns/op ±0%   0.000 B/op   0.000 allocs/op    2.38s
  [1/2]  bench  TagCounter                            17.5 ns/op   0.000 B/op   0.000 allocs/op
  [2/2]  bench  TagCounter                            17.8 ns/op ±2%   0.000 B/op   0.000 allocs/op    380ms
