  [1/2]  bench  VoteVerify                            494,731 ns/op   6,889 B/op   65.0 allocs/op
  [2/2]  bench  VoteVerify                            489,545 ns/op ±1%   6,889 B/op ±0%   65.0 allocs/op    550ms
  [1/2]  bench  CryptoVerifierVoteVertification       245,276 ns/op   24,014 B/op   71.0 allocs/op
  [2/2]  bench  CryptoVerifierVoteVertification       237,285 ns/op ±3%   24,011 B/op ±0%   71.0 allocs/op    840ms
  [1/2]  bench  CryptoVerifierProposalVertification   301,823 ns/op   12,474 B/op   54.0 allocs/op
  [2/2]  bench  CryptoVerifierProposalVertification   303,530 ns/op ±1%   12,474 B/op   54.0 allocs/op    560ms
  [1/2]  bench  VoteDecoding                          409 ns/op   1,152 B/op   2.00 allocs/op
  [2/2]  bench  VoteDecoding                          406 ns/op ±1%   1,152 B/op   2.00 allocs/op    790ms
  [1/2]  bench  RouterUpdate/root                     126 ns/op   0.000 B/op   0.000 allocs/op
  [2/2]  bench  RouterUpdate/root                     125 ns/op ±0%   0.000 B/op   0.000 allocs/op    490ms
  [1/2]  bench  RouterUpdate/round                    74.2 ns/op   0.000 B/op   0.000 allocs/op
  [2/2]  bench  RouterUpdate/round                    73.8 ns/op ±1%   0.000 B/op   0.000 allocs/op    440ms
  [1/2]  bench  NoiseSentinelHash                     46,582 ns/op   1,407 MB/s   0.000 B/op   0.000 allocs/op
  [2/2]  bench  NoiseSentinelHash                     46,577 ns/op ±0%   1,407 MB/s ±0%   0.000 B/op   0.000 allocs/op    360ms
  [1/2]  bench  NoiseSentinelLoop                     8,625 ns/op   0.000 B/op   0.000 allocs/op
  [2/2]  bench  NoiseSentinelLoop                     8,639 ns/op ±0%   0.000 B/op   0.000 allocs/op    440ms
  [1/2]  bench  BatchVerifierImpls/libsodium_single   4,598,720 ns/op   21,264 B/op   261 allocs/op
  [2/2]  bench  BatchVerifierImpls/libsodium_single   4,693,648 ns/op ±2%   21,264 B/op   261 allocs/op    330ms
  [1/2]  bench  BatchVerifierImpls/libsodium_batch    1,890,141 ns/op   26,093 B/op   12.0 allocs/op
  [2/2]  bench  BatchVerifierImpls/libsodium_batch    1,891,110 ns/op ±0%   26,079 B/op ±0%   12.0 allocs/op    550ms
  [1/2]  bench  BatchVerifierImpls/ed25519consensus   2,038,443 ns/op   270,016 B/op   137 allocs/op
  [2/2]  bench  BatchVerifierImpls/ed25519consensus   2,041,692 ns/op ±0%   270,016 B/op   137 allocs/op    560ms
  [1/2]  bench  BatchVerify/size=1                    70,065 ns/op   336 B/op   9.00 allocs/op
  [2/2]  bench  BatchVerify/size=1                    69,381 ns/op ±1%   336 B/op   9.00 allocs/op    360ms
  [1/2]  bench  BatchVerify/size=64                   4,789,511 ns/op   16,144 B/op   261 allocs/op
  [2/2]  bench  BatchVerify/size=64                   4,669,163 ns/op ±3%   16,144 B/op   261 allocs/op    370ms
  [1/2]  bench  BatchVerify/size=256                  18,431,356 ns/op   64,592 B/op   1,029 allocs/op
  [2/2]  bench  BatchVerify/size=256                  18,453,669 ns/op ±0%   64,592 B/op   1,029 allocs/op    390ms
  [1/2]  bench  FalconVerify                          54,812 ns/op   0.000 B/op   0.000 allocs/op
  [2/2]  bench  FalconVerify                          55,909 ns/op ±2%   0.000 B/op   0.000 allocs/op    480ms
  [1/2]  bench  FalconSign                            10,894,686 ns/op   3,080 B/op   3.00 allocs/op
  [2/2]  bench  FalconSign                            10,896,484 ns/op ±0%   3,080 B/op   3.00 allocs/op    460ms
  [1/2]  bench  MultisigVerify                        207,960 ns/op   2,648 B/op   21.0 allocs/op
  [2/2]  bench  MultisigVerify                        211,453 ns/op ±2%   2,650 B/op ±0%   21.0 allocs/op    390ms
  [1/2]  bench  VrfProve                              193,364 ns/op   224 B/op   5.00 allocs/op
  [2/2]  bench  VrfProve                              189,089 ns/op ±2%   224 B/op   5.00 allocs/op    380ms
  [1/2]  bench  Hash                                  286 ns/op   0.000 B/op   0.000 allocs/op
  [2/2]  bench  Hash                                  291 ns/op ±2%   0.000 B/op   0.000 allocs/op    660ms
  [1/2]  bench  SignVerify                            102,286 ns/op   336 B/op   10.0 allocs/op
  [2/2]  bench  SignVerify                            95,879 ns/op ±7%   336 B/op   10.0 allocs/op    610ms
  [1/2]  bench  Verify25519/libsodium                 71,045 ns/op   128 B/op   4.00 allocs/op
  [2/2]  bench  Verify25519/libsodium                 73,596 ns/op ±3%   128 B/op   4.00 allocs/op    510ms
  [1/2]  bench  Verify25519/ed25519consensus          68,381 ns/op   32.0 B/op   2.00 allocs/op
  [2/2]  bench  Verify25519/ed25519consensus          68,461 ns/op ±0%   32.0 B/op   2.00 allocs/op    470ms
  [1/2]  bench  MerkleSignatureVerify                 105,754 ns/op   9,473 B/op   42.0 allocs/op
  [2/2]  bench  MerkleSignatureVerify                 105,797 ns/op ±0%   9,473 B/op ±0%   42.0 allocs/op    610ms
  [1/2]  bench  OneTimeSigBatchVerification/libsodium_singles  216,095 ns/op   1,304 B/op   24.0 allocs/op
  [2/2]  bench  OneTimeSigBatchVerification/libsodium_singles  216,902 ns/op ±0%   1,304 B/op   24.0 allocs/op    650ms
  [1/2]  bench  OneTimeSigBatchVerification/libsodium_batch  181,143 ns/op   1,144 B/op   17.0 allocs/op
  [2/2]  bench  OneTimeSigBatchVerification/libsodium_batch  180,865 ns/op ±0%   1,144 B/op   17.0 allocs/op    630ms
  [1/2]  bench  OneTimeSigBatchVerification/ed25519consensus_batch  146,469 ns/op   14,320 B/op   22.0 allocs/op
  [2/2]  bench  OneTimeSigBatchVerification/ed25519consensus_batch  146,325 ns/op ±0%   14,320 B/op ±0%   22.0 allocs/op    680ms
  [1/2]  bench  VrfVerify                             257,541 ns/op   176 B/op   3.00 allocs/op
  [2/2]  bench  VrfVerify                             252,919 ns/op ±2%   176 B/op   3.00 allocs/op    700ms
  [1/2]  bench  AppRateLimiter_TxgroupToKeys          19,679 ns/op   9,512 B/op   3.00 allocs/op
  [2/2]  bench  AppRateLimiter_TxgroupToKeys          19,596 ns/op ±0%   9,512 B/op   3.00 allocs/op    730ms
  [1/2]  bench  AddressFormatting                     370 ns/op   128 B/op   2.00 allocs/op
  [2/2]  bench  AddressFormatting                     371 ns/op ±0%   128 B/op   2.00 allocs/op    320ms
  [1/2]  bench  UnmarshalChecksumAddress              867 ns/op   192 B/op   3.00 allocs/op
  [2/2]  bench  UnmarshalChecksumAddress              867 ns/op ±0%   192 B/op   3.00 allocs/op    340ms
  [1/2]  bench  CodecRealistic/encode-signed-pay      846 ns/op   2,688 B/op   1.00 allocs/op
  [2/2]  bench  CodecRealistic/encode-signed-pay      831 ns/op ±2%   2,688 B/op   1.00 allocs/op    670ms
  [1/2]  bench  CodecRealistic/decode-signed-pay      275 ns/op   64.0 B/op   3.00 allocs/op
  [2/2]  bench  CodecRealistic/decode-signed-pay      275 ns/op ±0%   64.0 B/op   3.00 allocs/op    640ms
  [1/2]  bench  CodecRealistic/encode-signed-appl     893 ns/op   3,072 B/op   1.00 allocs/op
  [2/2]  bench  CodecRealistic/encode-signed-appl     911 ns/op ±2%   3,072 B/op   1.00 allocs/op    320ms
  [1/2]  bench  CodecRealistic/decode-signed-appl     838 ns/op   376 B/op   13.0 allocs/op
  [2/2]  bench  CodecRealistic/decode-signed-appl     811 ns/op ±3%   376 B/op   13.0 allocs/op    660ms
  [1/2]  bench  CodecRealistic/encode-block-header    831 ns/op   1,824 B/op   3.00 allocs/op
  [2/2]  bench  CodecRealistic/encode-block-header    834 ns/op ±0%   1,824 B/op   3.00 allocs/op    340ms
  [1/2]  bench  CodecRealistic/decode-block-header    874 ns/op   720 B/op   9.00 allocs/op
  [2/2]  bench  CodecRealistic/decode-block-header    871 ns/op ±0%   720 B/op   9.00 allocs/op    660ms
  [1/2]  bench  HashObj/txn                           1,643 ns/op   3,936 B/op   3.00 allocs/op
  [2/2]  bench  HashObj/txn                           1,647 ns/op ±0%   3,936 B/op   3.00 allocs/op    350ms
  [1/2]  bench  HashObj/block-header                  3,138 ns/op   3,552 B/op   5.00 allocs/op
  [2/2]  bench  HashObj/block-header                  3,145 ns/op ±0%   3,552 B/op   5.00 allocs/op    370ms
  [1/2]  bench  AppendMsgBlockHeader                  62.0 ns/op   16.1 MB/s   0.000 B/op   0.000 allocs/op
  [2/2]  bench  AppendMsgBlockHeader                  62.1 ns/op ±0%   16.1 MB/s ±0%   0.000 B/op   0.000 allocs/op    420ms
  [1/2]  bench  Sortition                             551,222 ns/op   1,825 B/op   21.0 allocs/op
  [2/2]  bench  Sortition                             556,016 ns/op ±1%   1,825 B/op   21.0 allocs/op    410ms
  [1/2]  bench  StatusCachePut                        1,279 ns/op   220 B/op   1.00 allocs/op
  [2/2]  bench  StatusCachePut                        1,285 ns/op ±0%   221 B/op ±0%   1.00 allocs/op    350ms
  [1/2]  bench  StatusCacheCheckHit                   295 ns/op   19.0 B/op   2.00 allocs/op
  [2/2]  bench  StatusCacheCheckHit                   299 ns/op ±1%   19.0 B/op   2.00 allocs/op    320ms
  [1/2]  bench  StatusCacheCheckMiss                  91.3 ns/op   0.000 B/op   0.000 allocs/op
  [2/2]  bench  StatusCacheCheckMiss                  91.1 ns/op ±0%   0.000 B/op   0.000 allocs/op    460ms
  [1/2]  bench  TransactionPoolRecompute              1,206,502,004 ns/op   42,112 ns/txn   1,121,850,936 B/op   2,398,041 allocs/op
  [2/2]  bench  TransactionPoolRecompute              1,187,892,136 ns/op ±2%   41,463 ns/txn ±2%   1,121,862,572 B/op ±0%   2,398,031 allocs/op ±0%    3.4s
  [1/2]  bench  TxnIDs/signed-txn-id                  786 ns/op   0.000 B/op   0.000 allocs/op
  [2/2]  bench  TxnIDs/signed-txn-id                  786 ns/op ±0%   0.000 B/op   0.000 allocs/op    370ms
  [1/2]  bench  TxnIDs/group-id                       19,276 ns/op   2,276 B/op   4.00 allocs/op
  [2/2]  bench  TxnIDs/group-id                       19,303 ns/op ±0%   2,276 B/op   4.00 allocs/op    550ms
  [1/2]  bench  WellFormed/pay                        187 ns/op   0.000 B/op   0.000 allocs/op
  [2/2]  bench  WellFormed/pay                        188 ns/op ±0%   0.000 B/op   0.000 allocs/op    550ms
  [1/2]  bench  WellFormed/axfer                      164 ns/op   0.000 B/op   0.000 allocs/op
  [2/2]  bench  WellFormed/axfer                      164 ns/op ±0%   0.000 B/op   0.000 allocs/op    530ms
  [1/2]  bench  WellFormed/acfg                       179 ns/op   0.000 B/op   0.000 allocs/op
  [2/2]  bench  WellFormed/acfg                       178 ns/op ±1%   0.000 B/op   0.000 allocs/op    530ms
  [1/2]  bench  WellFormed/appl                       239 ns/op   0.000 B/op   0.000 allocs/op
  [2/2]  bench  WellFormed/appl                       239 ns/op   0.000 B/op   0.000 allocs/op    600ms
  [1/2]  bench  WellFormed/keyreg                     251 ns/op   0.000 B/op   0.000 allocs/op
  [2/2]  bench  WellFormed/keyreg                     251 ns/op ±0%   0.000 B/op   0.000 allocs/op    610ms
  [1/2]  bench  Assemble                              329,557 ns/op   329,239 B/op   3,263 allocs/op
  [2/2]  bench  Assemble                              330,068 ns/op ±0%   329,241 B/op ±0%   3,263 allocs/op    360ms
  [1/2]  bench  Disassemble                           67,872 ns/op   49,983 B/op   888 allocs/op
  [2/2]  bench  Disassemble                           67,582 ns/op ±0%   49,983 B/op   888 allocs/op    390ms
  [1/2]  bench  BoxOps/box_get                        2,969 ns/op   3.00 extra/op   3,364 B/op   33.0 allocs/op
  [2/2]  bench  BoxOps/box_get                        3,020 ns/op ±2%   3.00 extra/op   3,364 B/op   33.0 allocs/op    420ms
  [1/2]  bench  BoxOps/box_len                        2,503 ns/op   3.00 extra/op   1,023 B/op   31.0 allocs/op
  [2/2]  bench  BoxOps/box_len                        2,507 ns/op ±0%   3.00 extra/op   1,023 B/op   31.0 allocs/op    400ms
  [1/2]  bench  BoxOps/box_extract                    2,971 ns/op   4.00 extra/op   1,521 B/op   37.0 allocs/op
  [2/2]  bench  BoxOps/box_extract                    2,964 ns/op ±0%   4.00 extra/op   1,521 B/op ±0%   37.0 allocs/op    430ms
  [1/2]  bench  BoxOps/box_replace                    2,663 ns/op   3.00 extra/op   1,307 B/op   34.0 allocs/op
  [2/2]  bench  BoxOps/box_replace                    2,663 ns/op   3.00 extra/op   1,308 B/op ±0%   34.0 allocs/op    440ms
  [1/2]  bench  BoxOps/box_splice                     3,438 ns/op   4.00 extra/op   1,626 B/op   42.0 allocs/op
  [2/2]  bench  BoxOps/box_splice                     3,428 ns/op ±0%   4.00 extra/op   1,626 B/op   42.0 allocs/op    440ms
  [1/2]  bench  BoxOps/box_put                        2,746 ns/op   3.00 extra/op   2,087 B/op   31.0 allocs/op
  [2/2]  bench  BoxOps/box_put                        2,733 ns/op ±0%   3.00 extra/op   2,087 B/op   31.0 allocs/op    430ms
  [1/2]  bench  BoxOps/box_resize                     6,076 ns/op   5.00 extra/op   1,722 B/op   52.0 allocs/op
  [2/2]  bench  BoxOps/box_resize                     6,050 ns/op ±0%   5.00 extra/op   1,722 B/op   52.0 allocs/op    470ms
  [1/2]  bench  BoxOps/box_create_del                 5,343 ns/op   6.00 extra/op   1,778 B/op   54.0 allocs/op
  [2/2]  bench  BoxOps/box_create_del                 5,443 ns/op ±2%   6.00 extra/op   1,778 B/op   54.0 allocs/op    500ms
  [1/2]  bench  InnerTxn/pay                          20,445 ns/op   24,581 B/op   127 allocs/op
  [2/2]  bench  InnerTxn/pay                          20,348 ns/op ±0%   24,582 B/op ±0%   127 allocs/op    560ms
  [1/2]  bench  InnerTxn/axfer                        21,079 ns/op   25,181 B/op   134 allocs/op
  [2/2]  bench  InnerTxn/axfer                        21,088 ns/op ±0%   25,181 B/op   134 allocs/op    570ms
  [1/2]  bench  InnerTxn/appl                         20,644 ns/op   33,111 B/op   100 allocs/op
  [2/2]  bench  InnerTxn/appl                         20,740 ns/op ±0%   33,111 B/op   100 allocs/op    570ms
  [1/2]  bench  StateOps/app_global_get               1,515 ns/op   2.00 extra/op   677 B/op   21.0 allocs/op
  [2/2]  bench  StateOps/app_global_get               1,509 ns/op ±0%   2.00 extra/op   677 B/op   21.0 allocs/op    400ms
  [1/2]  bench  StateOps/app_global_put               2,190 ns/op   2.00 extra/op   1,353 B/op   27.0 allocs/op
  [2/2]  bench  StateOps/app_global_put               2,186 ns/op ±0%   2.00 extra/op   1,353 B/op   27.0 allocs/op    390ms
  [1/2]  bench  StateOps/app_global_del               1,086 ns/op   1.00 extra/op   499 B/op   15.0 allocs/op
  [2/2]  bench  StateOps/app_global_del               1,089 ns/op ±0%   1.00 extra/op   499 B/op   15.0 allocs/op    350ms
  [1/2]  bench  StateOps/app_local_get                2,192 ns/op   3.00 extra/op   912 B/op   29.0 allocs/op
  [2/2]  bench  StateOps/app_local_get                2,202 ns/op ±0%   3.00 extra/op   912 B/op   29.0 allocs/op    420ms
  [1/2]  bench  StateOps/app_local_put                2,576 ns/op   3.00 extra/op   1,165 B/op   33.0 allocs/op
  [2/2]  bench  StateOps/app_local_put                2,589 ns/op ±1%   3.00 extra/op   1,165 B/op   33.0 allocs/op    420ms
  [1/2]  bench  StateOps/app_local_del                1,795 ns/op   2.00 extra/op   702 B/op   23.0 allocs/op
  [2/2]  bench  StateOps/app_local_del                1,799 ns/op ±0%   2.00 extra/op   702 B/op   23.0 allocs/op    400ms
  [1/2]  bench  StateOps/asset_holding_get            2,999 ns/op   4.00 extra/op   1,277 B/op   36.0 allocs/op
  [2/2]  bench  StateOps/asset_holding_get            2,979 ns/op ±1%   4.00 extra/op   1,277 B/op ±0%   36.0 allocs/op    430ms
  [1/2]  bench  StateOps/asset_params_get             2,608 ns/op   3.00 extra/op   1,509 B/op   34.0 allocs/op
  [2/2]  bench  StateOps/asset_params_get             2,591 ns/op ±1%   3.00 extra/op   1,509 B/op   34.0 allocs/op    430ms
  [1/2]  bench  StateOps/app_params_get               2,574 ns/op   3.00 extra/op   1,325 B/op   30.0 allocs/op
  [2/2]  bench  StateOps/app_params_get               2,594 ns/op ±1%   3.00 extra/op   1,325 B/op   30.0 allocs/op    440ms
  [1/2]  bench  StateOps/acct_params_get              3,828 ns/op   3.00 extra/op   1,709 B/op   36.0 allocs/op
  [2/2]  bench  StateOps/acct_params_get              3,830 ns/op ±0%   3.00 extra/op   1,709 B/op   36.0 allocs/op    430ms
  [1/2]  bench  Verify/pop                            57.0 ns/op   3.00 extra/op   6.00 B/op   0.000 allocs/op
  [2/2]  bench  Verify/pop                            56.9 ns/op ±0%   3.00 extra/op   6.00 B/op   0.000 allocs/op    520ms
  [1/2]  bench  Verify/add                            64.8 ns/op   3.00 extra/op   6.00 B/op   0.000 allocs/op
  [2/2]  bench  Verify/add                            64.4 ns/op ±1%   3.00 extra/op   6.00 B/op   0.000 allocs/op    530ms
  [1/2]  bench  Verify/ed25519verify_bare             68,665 ns/op   7.00 extra/op   103 B/op   2.00 allocs/op
  [2/2]  bench  Verify/ed25519verify_bare             68,753 ns/op ±0%   7.00 extra/op   103 B/op   2.00 allocs/op    490ms
  [1/2]  bench  Verify/ecdsa_verify_k1                69,601 ns/op   7.00 extra/op   343 B/op   6.00 allocs/op
  [2/2]  bench  Verify/ecdsa_verify_k1                69,290 ns/op ±0%   7.00 extra/op   343 B/op   6.00 allocs/op    550ms
  [1/2]  bench  Verify/ecdsa_verify_r1                94,928 ns/op   7.00 extra/op   1,414 B/op   25.0 allocs/op
  [2/2]  bench  Verify/ecdsa_verify_r1                92,876 ns/op ±2%   7.00 extra/op   1,414 B/op   25.0 allocs/op    560ms
  [1/2]  bench  Verify/falcon_verify                  53,923 ns/op   7.00 extra/op   2,056 B/op   1.00 allocs/op
  [2/2]  bench  Verify/falcon_verify                  55,160 ns/op ±2%   7.00 extra/op   2,056 B/op   1.00 allocs/op    810ms
  [1/2]  bench  Verify/vrf_verify                     249,558 ns/op   5.00 extra/op   281 B/op   6.00 allocs/op
  [2/2]  bench  Verify/vrf_verify                     253,164 ns/op ±1%   5.00 extra/op   281 B/op   6.00 allocs/op    530ms
  [1/2]  bench  CheckSignature                        8,319 ns/op   12,320 B/op   9.00 allocs/op
  [2/2]  bench  CheckSignature                        8,257 ns/op ±1%   12,320 B/op   9.00 allocs/op    440ms
  [1/2]  bench  Addx64/add_long_stack                 6,651 ns/op   17,072 B/op   12.0 allocs/op
  [2/2]  bench  Addx64/add_long_stack                 6,689 ns/op ±1%   17,072 B/op   12.0 allocs/op    420ms
  [1/2]  bench  Addx64/add_small_stack                5,884 ns/op   13,616 B/op   10.0 allocs/op
  [2/2]  bench  Addx64/add_small_stack                5,892 ns/op ±0%   13,616 B/op   10.0 allocs/op    420ms
  [1/2]  bench  NopPassx1                             3,035 ns/op   13,616 B/op   10.0 allocs/op
  [2/2]  bench  NopPassx1                             3,371 ns/op ±10%   13,616 B/op   10.0 allocs/op    440ms
  [1/2]  bench  Checkx5                               108,738 ns/op   107,268 B/op   957 allocs/op
  [2/2]  bench  Checkx5                               108,192 ns/op ±1%   107,268 B/op   957 allocs/op    360ms
  [1/2]  bench  AppendMsgSignedTxn                    126 ns/op   7.93 MB/s   0.000 B/op   0.000 allocs/op
  [2/2]  bench  AppendMsgSignedTxn                    126 ns/op ±0%   7.95 MB/s ±0%   0.000 B/op   0.000 allocs/op    490ms
  [1/2]  bench  TinyMan/eval-lsig-signature           18,585 ns/op   36,840 B/op   86.0 allocs/op
  [2/2]  bench  TinyMan/eval-lsig-signature           18,503 ns/op ±0%   36,840 B/op   86.0 allocs/op    540ms
  [1/2]  bench  TinyMan/group-check-actual            165,108 ns/op   99,796 B/op   135 allocs/op
  [2/2]  bench  TinyMan/group-check-actual            168,380 ns/op ±2%   99,783 B/op ±0%   135 allocs/op    1.24s
  [1/2]  bench  TinyMan/group-check-all-crypto        194,611 ns/op   54,658 B/op   34.0 allocs/op
  [2/2]  bench  TinyMan/group-check-all-crypto        194,298 ns/op ±0%   54,534 B/op ±0%   34.0 allocs/op    360ms
  [1/2]  bench  LogicSigSanityCheck                   11,024 ns/op   18,296 B/op   14.0 allocs/op
  [2/2]  bench  LogicSigSanityCheck                   11,128 ns/op ±1%   18,296 B/op   14.0 allocs/op    470ms
  [1/2]  bench  PaysetGroups                          20,184 ns/op   29,026 B/op   6.00 allocs/op
  [2/2]  bench  PaysetGroups                          20,040 ns/op ±1%   29,371 B/op ±1%   6.00 allocs/op    1.05s
  [1/2]  bench  Txn                                   41,200 ns/op   12,312 B/op   6.00 allocs/op
  [2/2]  bench  Txn                                   41,256 ns/op ±0%   12,320 B/op ±0%   6.00 allocs/op    1.17s
  [1/2]  bench  TxHandlerProcessing/processDecoded    18,800 ns/op   3,912 B/op   44.0 allocs/op
  [2/2]  bench  TxHandlerProcessing/processDecoded    18,651 ns/op ±1%   3,912 B/op   44.0 allocs/op    1.32s
  [1/2]  bench  TxHandlerProcessing/verify.TxnGroup   76,105 ns/op   11,872 B/op   16.0 allocs/op
  [2/2]  bench  TxHandlerProcessing/verify.TxnGroup   75,756 ns/op ±0%   11,872 B/op   16.0 allocs/op    480ms
  [1/2]  bench  TxHandlerDecoderMsgp                  10,401,054 ns/op   5,749,284 B/op   27,273 allocs/op
  [2/2]  bench  TxHandlerDecoderMsgp                  10,414,558 ns/op ±0%   5,932,163 B/op ±3%   27,347 allocs/op ±0%    740ms
  [1/2]  bench  CompactDeltas/account-deltas          4,130,353 ns/op   4,123,000 B/op   16.0 allocs/op
  [2/2]  bench  CompactDeltas/account-deltas          3,579,203 ns/op ±15%   4,123,000 B/op   16.0 allocs/op    3.09s
  [1/2]  bench  Apply/asset-transfer                  773 ns/op   512 B/op   4.00 allocs/op
  [2/2]  bench  Apply/asset-transfer                  794 ns/op ±3%   512 B/op   4.00 allocs/op    670ms
  [1/2]  bench  Apply/keyreg                          562 ns/op   0.000 B/op   0.000 allocs/op
  [2/2]  bench  Apply/keyreg                          562 ns/op ±0%   0.000 B/op   0.000 allocs/op    360ms
  [1/2]  bench  Apply/app-call                        228 ns/op   0.000 B/op   0.000 allocs/op
  [2/2]  bench  Apply/app-call                        227 ns/op ±0%   0.000 B/op   0.000 allocs/op    590ms
  [1/2]  bench  CompactResourceDeltas                 6,971,956 ns/op   10,273,456 B/op   36.0 allocs/op
  [2/2]  bench  CompactResourceDeltas                 6,964,483 ns/op ±0%   10,273,457 B/op ±0%   36.0 allocs/op    440ms
  [1/2]  bench  TxTailCheckDup/hit                    87.1 ns/op   48.0 B/op   1.00 allocs/op
  [2/2]  bench  TxTailCheckDup/hit                    87.2 ns/op ±0%   48.0 B/op   1.00 allocs/op    440ms
  [1/2]  bench  TxTailCheckDup/miss                   48.7 ns/op   0.000 B/op   0.000 allocs/op
  [2/2]  bench  TxTailCheckDup/miss                   48.7 ns/op ±0%   0.000 B/op   0.000 allocs/op    410ms
  [1/2]  bench  CowChild                              77.9 ns/op   0.000 B/op   0.000 allocs/op
  [2/2]  bench  CowChild                              77.7 ns/op ±0%   0.000 B/op   0.000 allocs/op    440ms
  [1/2]  bench  PrefetcherApps                        330 ns/op   111 B/op   1.00 allocs/op
  [2/2]  bench  PrefetcherApps                        330 ns/op ±0%   111 B/op   1.00 allocs/op    770ms
  [1/2]  bench  PrefetcherPayment                     278 ns/op   84.0 B/op   0.000 allocs/op
  [2/2]  bench  PrefetcherPayment                     313 ns/op ±11%   85.5 B/op ±2%   0.000 allocs/op    720ms
  [1/2]  bench  BlockEvaluatorRAMNoCrypto             551,054,695 ns/op   11,022 ns/eval_validate_tx   589,526,712 B/op   1,351,111 allocs/op
  [2/2]  bench  BlockEvaluatorRAMNoCrypto             549,484,070 ns/op ±0%   10,991 ns/eval_validate_tx ±0%   589,532,306 B/op ±0%   1,351,113 allocs/op ±0%    10.74s
  [1/2]  bench  BlockValidationMix                    1,923,305,011 ns/op   1,934,290,480 B/op   7,475,647 allocs/op
  [2/2]  bench  BlockValidationMix                    1,905,837,672 ns/op ±1%   1,929,837,916 B/op ±0%   7,458,061 allocs/op ±0%    11.45s
  [1/2]  bench  AppInt1                               964,659,326 ns/op   1,974,014,872 B/op   2,941,508 allocs/op
  [2/2]  bench  AppInt1                               966,857,997 ns/op ±0%   1,973,867,768 B/op ±0%   2,941,497 allocs/op ±0%    2.19s
  [1/2]  bench  AccountDeltasOps/upsert               687,135 ns/op   3,539,639 B/op   35.0 allocs/op
  [2/2]  bench  AccountDeltasOps/upsert               709,031 ns/op ±3%   3,539,641 B/op ±0%   35.0 allocs/op    420ms
  [1/2]  bench  AccountDeltasOps/merge                627,337 ns/op   800,528 B/op   66.0 allocs/op
  [2/2]  bench  AccountDeltasOps/merge                626,596 ns/op ±0%   800,529 B/op ±0%   66.0 allocs/op    770ms
  [1/2]  bench  AccountDeltasOps/optimize             135,828 ns/op   1,131,185 B/op   35.0 allocs/op
  [2/2]  bench  AccountDeltasOps/optimize             135,730 ns/op ±0%   1,131,185 B/op   35.0 allocs/op    530ms
  [1/2]  bench  MakeStateDelta                        1,007,775 ns/op   20,811,624 B/op   197 allocs/op
  [2/2]  bench  MakeStateDelta                        1,000,324 ns/op ±1%   20,811,624 B/op ±0%   197 allocs/op    450ms
  [1/2]  bench  OnlineAccountsCacheRead320            3,776,672 ns/op   705,478 B/op   4,021 allocs/op
  [2/2]  bench  OnlineAccountsCacheRead320            3,799,501 ns/op ±1%   705,478 B/op   4,021 allocs/op    380ms
  [1/2]  bench  MessageFilterCheck/hit                6,570 ns/op   1,248 B/op   9.00 allocs/op
  [2/2]  bench  MessageFilterCheck/hit                6,596 ns/op ±0%   1,248 B/op   9.00 allocs/op    410ms
  [1/2]  bench  MessageFilterCheck/miss               6,733 ns/op   1,248 B/op   9.00 allocs/op
  [2/2]  bench  MessageFilterCheck/miss               6,679 ns/op ±1%   1,248 B/op   9.00 allocs/op    390ms
  [1/2]  bench  GenerateMessageDigest                 585 ns/op   0.000 B/op   0.000 allocs/op
  [2/2]  bench  GenerateMessageDigest                 585 ns/op ±0%   0.000 B/op   0.000 allocs/op    360ms
  [1/2]  bench  VpackVote/compress                    511 ns/op   1,230 MB/s   0.000 B/op   0.000 allocs/op
  [2/2]  bench  VpackVote/compress                    510 ns/op ±0%   1,231 MB/s ±0%   0.000 B/op   0.000 allocs/op    360ms
  [1/2]  bench  VpackVote/decompress                  135 ns/op   3,500 MB/s   0.000 B/op   0.000 allocs/op
  [2/2]  bench  VpackVote/decompress                  132 ns/op ±2%   3,572 MB/s ±2%   0.000 B/op   0.000 allocs/op    490ms
  [1/2]  bench  BloomFilterSet                        113 ns/op   0.000 B/op   0.000 allocs/op
  [2/2]  bench  BloomFilterSet                        114 ns/op ±0%   0.000 B/op   0.000 allocs/op    2.04s
  [1/2]  bench  BloomFilterTest                       109 ns/op   0.000 B/op   0.000 allocs/op
  [2/2]  bench  BloomFilterTest                       109 ns/op ±0%   0.000 B/op   0.000 allocs/op    2.37s
  [1/2]  bench  TagCounter                            17.2 ns/op   0.000 B/op   0.000 allocs/op
  [2/2]  bench  TagCounter                            17.2 ns/op ±0%   0.000 B/op   0.000 allocs/op    360ms
