  [1/2]  bench  VoteVerify                            481,290 ns/op   6,888 B/op   65.0 allocs/op
  [2/2]  bench  VoteVerify                            470,146 ns/op ±2%   6,888 B/op   65.0 allocs/op    550ms
  [1/2]  bench  CryptoVerifierVoteVertification       216,051 ns/op   24,015 B/op   71.0 allocs/op
  [2/2]  bench  CryptoVerifierVoteVertification       210,736 ns/op ±3%   24,010 B/op ±0%   71.0 allocs/op    530ms
  [1/2]  bench  CryptoVerifierProposalVertification   313,093 ns/op   12,475 B/op   54.0 allocs/op
  [2/2]  bench  CryptoVerifierProposalVertification   297,994 ns/op ±5%   12,475 B/op ±0%   54.0 allocs/op    540ms
  [1/2]  bench  VoteDecoding                          412 ns/op   1,152 B/op   2.00 allocs/op
  [2/2]  bench  VoteDecoding                          409 ns/op ±1%   1,152 B/op   2.00 allocs/op    750ms
  [1/2]  bench  RouterUpdate/root                     140 ns/op   0.000 B/op   0.000 allocs/op
  [2/2]  bench  RouterUpdate/root                     140 ns/op ±0%   0.000 B/op   0.000 allocs/op    510ms
  [1/2]  bench  RouterUpdate/round                    70.9 ns/op   0.000 B/op   0.000 allocs/op
  [2/2]  bench  RouterUpdate/round                    70.5 ns/op ±1%   0.000 B/op   0.000 allocs/op    430ms
  [1/2]  bench  NoiseSentinelHash                     41,258 ns/op   1,588 MB/s   0.000 B/op   0.000 allocs/op
  [2/2]  bench  NoiseSentinelHash                     41,271 ns/op ±0%   1,588 MB/s ±0%   0.000 B/op   0.000 allocs/op    360ms
  [1/2]  bench  NoiseSentinelLoop                     7,636 ns/op   0.000 B/op   0.000 allocs/op
  [2/2]  bench  NoiseSentinelLoop                     7,636 ns/op ±0%   0.000 B/op   0.000 allocs/op    430ms
  [1/2]  bench  BatchVerifierImpls/libsodium_single   4,112,391 ns/op   21,264 B/op   261 allocs/op
  [2/2]  bench  BatchVerifierImpls/libsodium_single   4,109,169 ns/op ±0%   21,264 B/op   261 allocs/op    350ms
  [1/2]  bench  BatchVerifierImpls/libsodium_batch    1,722,468 ns/op   26,064 B/op   12.0 allocs/op
  [2/2]  bench  BatchVerifierImpls/libsodium_batch    1,737,185 ns/op ±1%   26,077 B/op ±0%   12.0 allocs/op    530ms
  [1/2]  bench  BatchVerifierImpls/ed25519consensus   1,909,305 ns/op   270,017 B/op   137 allocs/op
  [2/2]  bench  BatchVerifierImpls/ed25519consensus   1,912,278 ns/op ±0%   270,017 B/op   137 allocs/op    550ms
  [1/2]  bench  Hash                                  264 ns/op   0.000 B/op   0.000 allocs/op
  [2/2]  bench  Hash                                  264 ns/op ±0%   0.000 B/op   0.000 allocs/op    630ms
  [1/2]  bench  SignVerify                            80,864 ns/op   336 B/op   10.0 allocs/op
  [2/2]  bench  SignVerify                            82,061 ns/op ±1%   336 B/op   10.0 allocs/op    350ms
  [1/2]  bench  Verify25519/libsodium                 63,557 ns/op   128 B/op   4.00 allocs/op
  [2/2]  bench  Verify25519/libsodium                 64,244 ns/op ±1%   128 B/op   4.00 allocs/op    480ms
  [1/2]  bench  Verify25519/ed25519consensus          62,793 ns/op   32.0 B/op   2.00 allocs/op
  [2/2]  bench  Verify25519/ed25519consensus          62,694 ns/op ±0%   32.0 B/op   2.00 allocs/op    470ms
  [1/2]  bench  OneTimeSigBatchVerification/libsodium_singles  192,665 ns/op   1,303 B/op   24.0 allocs/op
  [2/2]  bench  OneTimeSigBatchVerification/libsodium_singles  193,560 ns/op ±0%   1,303 B/op   24.0 allocs/op    640ms
  [1/2]  bench  OneTimeSigBatchVerification/libsodium_batch  162,008 ns/op   1,144 B/op   17.0 allocs/op
  [2/2]  bench  OneTimeSigBatchVerification/libsodium_batch  162,419 ns/op ±0%   1,144 B/op   17.0 allocs/op    670ms
  [1/2]  bench  OneTimeSigBatchVerification/ed25519consensus_batch  135,010 ns/op   14,319 B/op   22.0 allocs/op
  [2/2]  bench  OneTimeSigBatchVerification/ed25519consensus_batch  135,213 ns/op ±0%   14,320 B/op ±0%   22.0 allocs/op    660ms
  [1/2]  bench  VrfVerify                             236,033 ns/op   176 B/op   3.00 allocs/op
  [2/2]  bench  VrfVerify                             234,304 ns/op ±1%   176 B/op   3.00 allocs/op    710ms
  [1/2]  bench  AppRateLimiter_TxgroupToKeys          19,205 ns/op   9,512 B/op   3.00 allocs/op
  [2/2]  bench  AppRateLimiter_TxgroupToKeys          19,299 ns/op ±0%   9,512 B/op   3.00 allocs/op    760ms
  [1/2]  bench  AddressFormatting                     368 ns/op   128 B/op   2.00 allocs/op
  [2/2]  bench  AddressFormatting                     368 ns/op ±0%   128 B/op   2.00 allocs/op    340ms
  [1/2]  bench  UnmarshalChecksumAddress              873 ns/op   192 B/op   3.00 allocs/op
  [2/2]  bench  UnmarshalChecksumAddress              878 ns/op ±1%   192 B/op   3.00 allocs/op    350ms
  [1/2]  bench  CodecRealistic/encode-signed-pay      963 ns/op   2,688 B/op   1.00 allocs/op
  [2/2]  bench  CodecRealistic/encode-signed-pay      900 ns/op ±7%   2,688 B/op   1.00 allocs/op    660ms
  [1/2]  bench  CodecRealistic/decode-signed-pay      322 ns/op   64.0 B/op   3.00 allocs/op
  [2/2]  bench  CodecRealistic/decode-signed-pay      322 ns/op ±0%   64.0 B/op   3.00 allocs/op    320ms
  [1/2]  bench  CodecRealistic/encode-signed-appl     974 ns/op   3,072 B/op   1.00 allocs/op
  [2/2]  bench  CodecRealistic/encode-signed-appl     971 ns/op ±0%   3,072 B/op   1.00 allocs/op    660ms
  [1/2]  bench  CodecRealistic/decode-signed-appl     793 ns/op   376 B/op   13.0 allocs/op
  [2/2]  bench  CodecRealistic/decode-signed-appl     791 ns/op ±0%   376 B/op   13.0 allocs/op    310ms
  [1/2]  bench  CodecRealistic/encode-block-header    884 ns/op   1,824 B/op   3.00 allocs/op
  [2/2]  bench  CodecRealistic/encode-block-header    889 ns/op ±1%   1,824 B/op   3.00 allocs/op    330ms
  [1/2]  bench  CodecRealistic/decode-block-header    976 ns/op   720 B/op   9.00 allocs/op
  [2/2]  bench  CodecRealistic/decode-block-header    975 ns/op ±0%   720 B/op   9.00 allocs/op    660ms
  [1/2]  bench  HashObj/txn                           1,649 ns/op   3,936 B/op   3.00 allocs/op
  [2/2]  bench  HashObj/txn                           1,659 ns/op ±1%   3,936 B/op   3.00 allocs/op    350ms
  [1/2]  bench  HashObj/block-header                  3,042 ns/op   3,552 B/op   5.00 allocs/op
  [2/2]  bench  HashObj/block-header                  3,050 ns/op ±0%   3,552 B/op   5.00 allocs/op    380ms
  [1/2]  bench  AppendMsgBlockHeader                  59.0 ns/op   16.9 MB/s   0.000 B/op   0.000 allocs/op
  [2/2]  bench  AppendMsgBlockHeader                  59.0 ns/op ±0%   17.0 MB/s ±0%   0.000 B/op   0.000 allocs/op    420ms
  [1/2]  bench  Sortition                             512,419 ns/op   1,825 B/op   21.0 allocs/op
  [2/2]  bench  Sortition                             508,098 ns/op ±1%   1,825 B/op ±0%   21.0 allocs/op    420ms
  [1/2]  bench  StatusCachePut                        1,313 ns/op   221 B/op   1.00 allocs/op
  [2/2]  bench  StatusCachePut                        1,317 ns/op ±0%   221 B/op   1.00 allocs/op    370ms
  [1/2]  bench  StatusCacheCheckHit                   350 ns/op   19.0 B/op   2.00 allocs/op
  [2/2]  bench  StatusCacheCheckHit                   349 ns/op ±0%   19.0 B/op   2.00 allocs/op    360ms
  [1/2]  bench  StatusCacheCheckMiss                  137 ns/op   0.000 B/op   0.000 allocs/op
  [2/2]  bench  StatusCacheCheckMiss                  137 ns/op   0.000 B/op   0.000 allocs/op    510ms
  [1/2]  bench  TransactionPoolRecompute              1,338,963,587 ns/op   46,735 ns/txn   1,121,220,656 B/op   2,397,984 allocs/op
  [2/2]  bench  TransactionPoolRecompute              1,371,200,126 ns/op ±2%   47,861 ns/txn ±2%   1,121,285,224 B/op ±0%   2,397,966 allocs/op ±0%    4.47s
  [1/2]  bench  TxnIDs/signed-txn-id                  793 ns/op   0.000 B/op   0.000 allocs/op
  [2/2]  bench  TxnIDs/signed-txn-id                  793 ns/op ±0%   0.000 B/op   0.000 allocs/op    370ms
  [1/2]  bench  TxnIDs/group-id                       18,693 ns/op   2,275 B/op   4.00 allocs/op
  [2/2]  bench  TxnIDs/group-id                       18,698 ns/op ±0%   2,273 B/op ±0%   4.00 allocs/op    550ms
  [1/2]  bench  WellFormed/pay                        191 ns/op   0.000 B/op   0.000 allocs/op
  [2/2]  bench  WellFormed/pay                        191 ns/op ±0%   0.000 B/op   0.000 allocs/op    550ms
  [1/2]  bench  WellFormed/axfer                      170 ns/op   0.000 B/op   0.000 allocs/op
  [2/2]  bench  WellFormed/axfer                      170 ns/op ±0%   0.000 B/op   0.000 allocs/op    530ms
  [1/2]  bench  WellFormed/acfg                       175 ns/op   0.000 B/op   0.000 allocs/op
  [2/2]  bench  WellFormed/acfg                       175 ns/op ±0%   0.000 B/op   0.000 allocs/op    540ms
  [1/2]  bench  WellFormed/appl                       243 ns/op   0.000 B/op   0.000 allocs/op
  [2/2]  bench  WellFormed/appl                       243 ns/op ±0%   0.000 B/op   0.000 allocs/op    610ms
  [1/2]  bench  WellFormed/keyreg                     253 ns/op   0.000 B/op   0.000 allocs/op
  [2/2]  bench  WellFormed/keyreg                     250 ns/op ±1%   0.000 B/op   0.000 allocs/op    610ms
  [1/2]  bench  Assemble                              359,790 ns/op   329,241 B/op   3,263 allocs/op
  [2/2]  bench  Assemble                              358,607 ns/op ±0%   329,242 B/op ±0%   3,263 allocs/op    380ms
  [1/2]  bench  Disassemble                           70,737 ns/op   49,983 B/op   888 allocs/op
  [2/2]  bench  Disassemble                           70,524 ns/op ±0%   49,983 B/op   888 allocs/op    350ms
  [1/2]  bench  BoxOps/box_get                        3,423 ns/op   3.00 extra/op   3,361 B/op   33.0 allocs/op
  [2/2]  bench  BoxOps/box_get                        3,418 ns/op ±0%   3.00 extra/op   3,362 B/op ±0%   33.0 allocs/op    430ms
  [1/2]  bench  BoxOps/box_len                        2,938 ns/op   3.00 extra/op   1,023 B/op   31.0 allocs/op
  [2/2]  bench  BoxOps/box_len                        2,941 ns/op ±0%   3.00 extra/op   1,023 B/op   31.0 allocs/op    430ms
  [1/2]  bench  BoxOps/box_extract                    3,519 ns/op   4.00 extra/op   1,522 B/op   37.0 allocs/op
  [2/2]  bench  BoxOps/box_extract                    3,551 ns/op ±1%   4.00 extra/op   1,521 B/op ±0%   37.0 allocs/op    470ms
  [1/2]  bench  BoxOps/box_replace                    3,126 ns/op   3.00 extra/op   1,308 B/op   34.0 allocs/op
  [2/2]  bench  BoxOps/box_replace                    3,125 ns/op ±0%   3.00 extra/op   1,308 B/op   34.0 allocs/op    440ms
  [1/2]  bench  BoxOps/box_splice                     3,852 ns/op   4.00 extra/op   1,626 B/op   42.0 allocs/op
  [2/2]  bench  BoxOps/box_splice                     3,867 ns/op ±0%   4.00 extra/op   1,626 B/op ±0%   42.0 allocs/op    450ms
  [1/2]  bench  BoxOps/box_put                        3,094 ns/op   3.00 extra/op   2,087 B/op   31.0 allocs/op
  [2/2]  bench  BoxOps/box_put                        3,095 ns/op ±0%   3.00 extra/op   2,088 B/op ±0%   31.0 allocs/op    440ms
  [1/2]  bench  BoxOps/box_resize                     6,234 ns/op   5.00 extra/op   1,723 B/op   52.0 allocs/op
  [2/2]  bench  BoxOps/box_resize                     6,179 ns/op ±1%   5.00 extra/op   1,723 B/op ±0%   52.0 allocs/op    490ms
  [1/2]  bench  BoxOps/box_create_del                 5,922 ns/op   6.00 extra/op   1,778 B/op   54.0 allocs/op
  [2/2]  bench  BoxOps/box_create_del                 5,992 ns/op ±1%   6.00 extra/op   1,778 B/op ±0%   54.0 allocs/op    500ms
  [1/2]  bench  InnerTxn/pay                          22,593 ns/op   24,581 B/op   127 allocs/op
  [2/2]  bench  InnerTxn/pay                          22,549 ns/op ±0%   24,582 B/op ±0%   127 allocs/op    590ms
  [1/2]  bench  InnerTxn/axfer                        22,716 ns/op   25,181 B/op   134 allocs/op
  [2/2]  bench  InnerTxn/axfer                        22,885 ns/op ±1%   25,182 B/op ±0%   134 allocs/op    590ms
  [1/2]  bench  InnerTxn/appl                         21,925 ns/op   33,111 B/op   100 allocs/op
  [2/2]  bench  InnerTxn/appl                         22,333 ns/op ±2%   33,111 B/op   100 allocs/op    590ms
  [1/2]  bench  StateOps/app_global_get               1,787 ns/op   2.00 extra/op   677 B/op   21.0 allocs/op
  [2/2]  bench  StateOps/app_global_get               1,798 ns/op ±1%   2.00 extra/op   677 B/op   21.0 allocs/op    410ms
  [1/2]  bench  StateOps/app_global_put               2,565 ns/op   2.00 extra/op   1,353 B/op   27.0 allocs/op
  [2/2]  bench  StateOps/app_global_put               2,559 ns/op ±0%   2.00 extra/op   1,353 B/op   27.0 allocs/op    400ms
  [1/2]  bench  StateOps/app_global_del               1,278 ns/op   1.00 extra/op   499 B/op   15.0 allocs/op
  [2/2]  bench  StateOps/app_global_del               1,287 ns/op ±1%   1.00 extra/op   499 B/op   15.0 allocs/op    380ms
  [1/2]  bench  StateOps/app_local_get                2,632 ns/op   3.00 extra/op   912 B/op   29.0 allocs/op
  [2/2]  bench  StateOps/app_local_get                2,621 ns/op ±0%   3.00 extra/op   912 B/op   29.0 allocs/op    430ms
  [1/2]  bench  StateOps/app_local_put                2,998 ns/op   3.00 extra/op   1,166 B/op   33.0 allocs/op
  [2/2]  bench  StateOps/app_local_put                3,003 ns/op ±0%   3.00 extra/op   1,166 B/op   33.0 allocs/op    430ms
  [1/2]  bench  StateOps/app_local_del                2,139 ns/op   2.00 extra/op   702 B/op   23.0 allocs/op
  [2/2]  bench  StateOps/app_local_del                2,141 ns/op ±0%   2.00 extra/op   702 B/op   23.0 allocs/op    420ms
  [1/2]  bench  StateOps/asset_holding_get            3,582 ns/op   4.00 extra/op   1,277 B/op   36.0 allocs/op
  [2/2]  bench  StateOps/asset_holding_get            3,578 ns/op ±0%   4.00 extra/op   1,277 B/op ±0%   36.0 allocs/op    450ms
  [1/2]  bench  StateOps/asset_params_get             3,075 ns/op   3.00 extra/op   1,508 B/op   34.0 allocs/op
  [2/2]  bench  StateOps/asset_params_get             3,068 ns/op ±0%   3.00 extra/op   1,509 B/op ±0%   34.0 allocs/op    430ms
  [1/2]  bench  StateOps/app_params_get               2,953 ns/op   3.00 extra/op   1,324 B/op   30.0 allocs/op
  [2/2]  bench  StateOps/app_params_get               2,933 ns/op ±1%   3.00 extra/op   1,324 B/op   30.0 allocs/op    430ms
  [1/2]  bench  StateOps/acct_params_get              4,161 ns/op   3.00 extra/op   1,709 B/op   36.0 allocs/op
  [2/2]  bench  StateOps/acct_params_get              4,174 ns/op ±0%   3.00 extra/op   1,709 B/op   36.0 allocs/op    440ms
  [1/2]  bench  Verify/pop                            57.4 ns/op   3.00 extra/op   6.00 B/op   0.000 allocs/op
  [2/2]  bench  Verify/pop                            57.5 ns/op ±0%   3.00 extra/op   6.00 B/op   0.000 allocs/op    520ms
  [1/2]  bench  Verify/add                            60.0 ns/op   3.00 extra/op   6.00 B/op   0.000 allocs/op
  [2/2]  bench  Verify/add                            60.3 ns/op ±1%   3.00 extra/op   6.00 B/op   0.000 allocs/op    530ms
  [1/2]  bench  Verify/ed25519verify_bare             61,854 ns/op   7.00 extra/op   103 B/op   2.00 allocs/op
  [2/2]  bench  Verify/ed25519verify_bare             63,177 ns/op ±2%   7.00 extra/op   103 B/op   2.00 allocs/op    520ms
  [1/2]  bench  Verify/ecdsa_verify_k1                60,499 ns/op   7.00 extra/op   342 B/op   6.00 allocs/op
  [2/2]  bench  Verify/ecdsa_verify_k1                60,458 ns/op ±0%   7.00 extra/op   342 B/op   6.00 allocs/op    610ms
  [1/2]  bench  Verify/ecdsa_verify_r1                81,891 ns/op   7.00 extra/op   1,417 B/op   25.0 allocs/op
  [2/2]  bench  Verify/ecdsa_verify_r1                81,884 ns/op ±0%   7.00 extra/op   1,417 B/op   25.0 allocs/op    540ms
  [1/2]  bench  Verify/falcon_verify_FalconDet1024    52,277 ns/op   4.00 extra/op   2,056 B/op   1.00 allocs/op
  [2/2]  bench  Verify/falcon_verify_FalconDet1024    51,908 ns/op ±1%   4.00 extra/op   2,056 B/op ±0%   1.00 allocs/op    850ms
  [1/2]  bench  Verify/falcon_verify_FalconDet512     25,944 ns/op   4.00 extra/op   1,031 B/op   1.00 allocs/op
  [2/2]  bench  Verify/falcon_verify_FalconDet512     25,737 ns/op ±1%   4.00 extra/op   1,031 B/op   1.00 allocs/op    1.07s
  [1/2]  bench  Verify/vrf_verify                     230,846 ns/op   5.00 extra/op   280 B/op   6.00 allocs/op
  [2/2]  bench  Verify/vrf_verify                     234,153 ns/op ±1%   5.00 extra/op   280 B/op   6.00 allocs/op    550ms
  [1/2]  bench  CheckSignature                        8,693 ns/op   12,320 B/op   9.00 allocs/op
  [2/2]  bench  CheckSignature                        8,739 ns/op ±1%   12,320 B/op   9.00 allocs/op    450ms
  [1/2]  bench  Addx64/add_long_stack                 6,790 ns/op   17,072 B/op   12.0 allocs/op
  [2/2]  bench  Addx64/add_long_stack                 6,890 ns/op ±1%   17,072 B/op   12.0 allocs/op    430ms
  [1/2]  bench  Addx64/add_small_stack                6,088 ns/op   13,616 B/op   10.0 allocs/op
  [2/2]  bench  Addx64/add_small_stack                6,132 ns/op ±1%   13,616 B/op   10.0 allocs/op    430ms
  [1/2]  bench  NopPassx1                             3,230 ns/op   13,616 B/op   10.0 allocs/op
  [2/2]  bench  NopPassx1                             3,274 ns/op ±1%   13,616 B/op   10.0 allocs/op    390ms
  [1/2]  bench  Checkx5                               125,520 ns/op   107,269 B/op   957 allocs/op
  [2/2]  bench  Checkx5                               124,634 ns/op ±1%   107,269 B/op   957 allocs/op    340ms
  [1/2]  bench  AppendMsgSignedTxn                    136 ns/op   7.34 MB/s   0.000 B/op   0.000 allocs/op
  [2/2]  bench  AppendMsgSignedTxn                    137 ns/op ±0%   7.30 MB/s ±0%   0.000 B/op   0.000 allocs/op    500ms
  [1/2]  bench  TinyMan/eval-lsig-signature           20,070 ns/op   36,840 B/op   86.0 allocs/op
  [2/2]  bench  TinyMan/eval-lsig-signature           19,954 ns/op ±1%   36,840 B/op   86.0 allocs/op    560ms
  [1/2]  bench  TinyMan/group-check-actual            155,919 ns/op   99,709 B/op   135 allocs/op
  [2/2]  bench  TinyMan/group-check-actual            156,232 ns/op ±0%   99,715 B/op ±0%   135 allocs/op    1.32s
  [1/2]  bench  TinyMan/group-check-all-crypto        182,357 ns/op   54,471 B/op   34.0 allocs/op
  [2/2]  bench  TinyMan/group-check-all-crypto        182,267 ns/op ±0%   54,641 B/op ±0%   34.0 allocs/op    360ms
  [1/2]  bench  LogicSigSanityCheck                   11,822 ns/op   18,296 B/op   14.0 allocs/op
  [2/2]  bench  LogicSigSanityCheck                   11,861 ns/op ±0%   18,296 B/op   14.0 allocs/op    480ms
  [1/2]  bench  PaysetGroups                          18,338 ns/op   28,444 B/op   6.00 allocs/op
  [2/2]  bench  PaysetGroups                          19,157 ns/op ±4%   29,486 B/op ±4%   6.50 allocs/op ±8%    1.06s
  [1/2]  bench  Txn                                   38,155 ns/op   12,330 B/op   6.00 allocs/op
  [2/2]  bench  Txn                                   38,182 ns/op ±0%   12,317 B/op ±0%   6.00 allocs/op    1.12s
  [1/2]  bench  TxHandlerProcessing/processDecoded    17,677 ns/op   3,912 B/op   44.0 allocs/op
  [2/2]  bench  TxHandlerProcessing/processDecoded    18,352 ns/op ±4%   3,912 B/op   44.0 allocs/op    1.3s
  [1/2]  bench  TxHandlerProcessing/verify.TxnGroup   68,680 ns/op   11,872 B/op   16.0 allocs/op
  [2/2]  bench  TxHandlerProcessing/verify.TxnGroup   69,008 ns/op ±0%   11,872 B/op   16.0 allocs/op    520ms
  [1/2]  bench  TxHandlerDecoderMsgp                  12,173,895 ns/op   7,009,120 B/op   27,778 allocs/op
  [2/2]  bench  TxHandlerDecoderMsgp                  13,011,791 ns/op ±6%   7,286,284 B/op ±4%   27,890 allocs/op ±0%    780ms
  [1/2]  bench  CompactDeltas/account-deltas          2,138,094 ns/op   4,123,000 B/op   16.0 allocs/op
  [2/2]  bench  CompactDeltas/account-deltas          2,151,198 ns/op ±1%   4,123,000 B/op   16.0 allocs/op    2.78s
  [1/2]  bench  Apply/asset-transfer                  760 ns/op   512 B/op   4.00 allocs/op
  [2/2]  bench  Apply/asset-transfer                  754 ns/op ±1%   512 B/op   4.00 allocs/op    650ms
  [1/2]  bench  Apply/keyreg                          490 ns/op   0.000 B/op   0.000 allocs/op
  [2/2]  bench  Apply/keyreg                          490 ns/op ±0%   0.000 B/op   0.000 allocs/op    360ms
  [1/2]  bench  Apply/app-call                        200 ns/op   0.000 B/op   0.000 allocs/op
  [2/2]  bench  Apply/app-call                        200 ns/op ±0%   0.000 B/op   0.000 allocs/op    560ms
  [1/2]  bench  CompactResourceDeltas                 6,864,067 ns/op   10,273,456 B/op   36.0 allocs/op
  [2/2]  bench  CompactResourceDeltas                 6,834,848 ns/op ±0%   10,273,457 B/op ±0%   36.0 allocs/op    410ms
  [1/2]  bench  TxTailCheckDup/hit                    82.2 ns/op   48.0 B/op   1.00 allocs/op
  [2/2]  bench  TxTailCheckDup/hit                    82.2 ns/op ±0%   48.0 B/op   1.00 allocs/op    440ms
  [1/2]  bench  TxTailCheckDup/miss                   40.8 ns/op   0.000 B/op   0.000 allocs/op
  [2/2]  bench  TxTailCheckDup/miss                   40.8 ns/op ±0%   0.000 B/op   0.000 allocs/op    400ms
  [1/2]  bench  CowChild                              68.8 ns/op   0.000 B/op   0.000 allocs/op
  [2/2]  bench  CowChild                              68.4 ns/op ±0%   0.000 B/op   0.000 allocs/op    430ms
  [1/2]  bench  PrefetcherApps                        311 ns/op   111 B/op   1.00 allocs/op
  [2/2]  bench  PrefetcherApps                        322 ns/op ±3%   111 B/op   1.00 allocs/op    890ms
  [1/2]  bench  PrefetcherPayment                     277 ns/op   84.0 B/op   0.000 allocs/op
  [2/2]  bench  PrefetcherPayment                     278 ns/op ±0%   84.0 B/op   0.000 allocs/op    1.51s
  [1/2]  bench  BlockEvaluatorRAMNoCrypto             613,452,620 ns/op   12,271 ns/eval_validate_tx   589,611,692 B/op   1,351,133 allocs/op
  [2/2]  bench  BlockEvaluatorRAMNoCrypto             609,589,982 ns/op ±1%   12,193 ns/eval_validate_tx ±1%   589,579,360 B/op ±0%   1,351,133 allocs/op ±0%    11s
  [1/2]  bench  BlockValidationMix                    2,116,646,325 ns/op   1,936,997,832 B/op   7,483,862 allocs/op
  [2/2]  bench  BlockValidationMix                    2,143,669,532 ns/op ±1%   1,936,490,100 B/op ±0%   7,476,721 allocs/op ±0%    11.42s
  [1/2]  bench  AppInt1                               983,651,445 ns/op   1,973,940,776 B/op   2,941,506 allocs/op
  [2/2]  bench  AppInt1                               966,628,099 ns/op ±2%   1,973,807,768 B/op ±0%   2,941,490 allocs/op ±0%    2.22s
  [1/2]  bench  AccountDeltasOps/upsert               691,895 ns/op   3,539,639 B/op   35.0 allocs/op
  [2/2]  bench  AccountDeltasOps/upsert               690,201 ns/op ±0%   3,539,638 B/op ±0%   35.0 allocs/op    410ms
  [1/2]  bench  AccountDeltasOps/merge                628,434 ns/op   800,529 B/op   66.0 allocs/op
  [2/2]  bench  AccountDeltasOps/merge                642,317 ns/op ±2%   800,529 B/op ±0%   66.0 allocs/op    790ms
  [1/2]  bench  AccountDeltasOps/optimize             143,275 ns/op   1,131,188 B/op   35.0 allocs/op
  [2/2]  bench  AccountDeltasOps/optimize             145,132 ns/op ±1%   1,131,187 B/op ±0%   35.0 allocs/op    490ms
  [1/2]  bench  MakeStateDelta                        1,193,183 ns/op   20,811,643 B/op   197 allocs/op
  [2/2]  bench  MakeStateDelta                        1,207,883 ns/op ±1%   20,811,634 B/op ±0%   197 allocs/op    480ms
  [1/2]  bench  OnlineAccountsCacheRead320            3,008,464 ns/op   705,478 B/op   4,021 allocs/op
  [2/2]  bench  OnlineAccountsCacheRead320            3,059,410 ns/op ±2%   705,479 B/op ±0%   4,021 allocs/op    310ms
  [1/2]  bench  MessageFilterCheck/hit                5,763 ns/op   1,248 B/op   9.00 allocs/op
  [2/2]  bench  MessageFilterCheck/hit                5,766 ns/op ±0%   1,248 B/op   9.00 allocs/op    400ms
  [1/2]  bench  MessageFilterCheck/miss               5,773 ns/op   1,248 B/op   9.00 allocs/op
  [2/2]  bench  MessageFilterCheck/miss               5,857 ns/op ±1%   1,248 B/op   9.00 allocs/op    410ms
  [1/2]  bench  GenerateMessageDigest                 524 ns/op   0.000 B/op   0.000 allocs/op
  [2/2]  bench  GenerateMessageDigest                 525 ns/op ±0%   0.000 B/op   0.000 allocs/op    360ms
  [1/2]  bench  VpackVote/compress                    488 ns/op   1,286 MB/s   0.000 B/op   0.000 allocs/op
  [2/2]  bench  VpackVote/compress                    489 ns/op ±0%   1,285 MB/s ±0%   0.000 B/op   0.000 allocs/op    360ms
  [1/2]  bench  VpackVote/decompress                  137 ns/op   3,451 MB/s   0.000 B/op   0.000 allocs/op
  [2/2]  bench  VpackVote/decompress                  137 ns/op ±0%   3,446 MB/s ±0%   0.000 B/op   0.000 allocs/op    500ms
  [1/2]  bench  BloomFilterSet                        101 ns/op   0.000 B/op   0.000 allocs/op
  [2/2]  bench  BloomFilterSet                        101 ns/op ±0%   0.000 B/op   0.000 allocs/op    1.92s
  [1/2]  bench  BloomFilterTest                       97.5 ns/op   0.000 B/op   0.000 allocs/op
  [2/2]  bench  BloomFilterTest                       97.4 ns/op ±0%   0.000 B/op   0.000 allocs/op    2.19s
  [1/2]  bench  TagCounter                            16.3 ns/op   0.000 B/op   0.000 allocs/op
  [2/2]  bench  TagCounter                            16.3 ns/op ±0%   0.000 B/op   0.000 allocs/op    370ms
