  [1/2]  bench  VoteVerify                            383,392 ns/op   6,888 B/op   65.0 allocs/op
  [2/2]  bench  VoteVerify                            384,469 ns/op ±0%   6,888 B/op   65.0 allocs/op    500ms
  [1/2]  bench  CryptoVerifierVoteVertification       177,785 ns/op   24,013 B/op   71.0 allocs/op
  [2/2]  bench  CryptoVerifierVoteVertification       172,118 ns/op ±3%   24,007 B/op ±0%   71.0 allocs/op    490ms
  [1/2]  bench  CryptoVerifierProposalVertification   234,517 ns/op   12,474 B/op   54.0 allocs/op
  [2/2]  bench  CryptoVerifierProposalVertification   233,985 ns/op ±0%   12,474 B/op   54.0 allocs/op    500ms
  [1/2]  bench  VoteDecoding                          334 ns/op   1,152 B/op   2.00 allocs/op
  [2/2]  bench  VoteDecoding                          332 ns/op ±1%   1,152 B/op   2.00 allocs/op    790ms
  [1/2]  bench  RouterUpdate/root                     97.1 ns/op   0.000 B/op   0.000 allocs/op
  [2/2]  bench  RouterUpdate/root                     96.9 ns/op ±0%   0.000 B/op   0.000 allocs/op    460ms
  [1/2]  bench  RouterUpdate/round                    57.0 ns/op   0.000 B/op   0.000 allocs/op
  [2/2]  bench  RouterUpdate/round                    56.7 ns/op ±0%   0.000 B/op   0.000 allocs/op    420ms
  [1/2]  bench  NoiseSentinelHash                     36,293 ns/op   1,806 MB/s   0.000 B/op   0.000 allocs/op
  [2/2]  bench  NoiseSentinelHash                     36,224 ns/op ±0%   1,809 MB/s ±0%   0.000 B/op   0.000 allocs/op    360ms
  [1/2]  bench  NoiseSentinelLoop                     6,702 ns/op   0.000 B/op   0.000 allocs/op
  [2/2]  bench  NoiseSentinelLoop                     6,698 ns/op ±0%   0.000 B/op   0.000 allocs/op    420ms
  [1/2]  bench  BatchVerifierImpls/libsodium_single   3,544,546 ns/op   21,264 B/op   261 allocs/op
  [2/2]  bench  BatchVerifierImpls/libsodium_single   3,613,138 ns/op ±2%   21,264 B/op   261 allocs/op    360ms
  [1/2]  bench  BatchVerifierImpls/libsodium_batch    1,519,328 ns/op   26,086 B/op   12.0 allocs/op
  [2/2]  bench  BatchVerifierImpls/libsodium_batch    1,503,906 ns/op ±1%   26,075 B/op ±0%   12.0 allocs/op    510ms
  [1/2]  bench  BatchVerifierImpls/ed25519consensus   1,616,612 ns/op   270,016 B/op   137 allocs/op
  [2/2]  bench  BatchVerifierImpls/ed25519consensus   1,607,021 ns/op ±1%   270,016 B/op   137 allocs/op    520ms
  [1/2]  bench  BatchVerify/size=1                    53,231 ns/op   336 B/op   9.00 allocs/op
  [2/2]  bench  BatchVerify/size=1                    53,604 ns/op ±1%   336 B/op   9.00 allocs/op    370ms
  [1/2]  bench  BatchVerify/size=64                   3,468,150 ns/op   16,144 B/op   261 allocs/op
  [2/2]  bench  BatchVerify/size=64                   3,517,266 ns/op ±1%   16,144 B/op   261 allocs/op    360ms
  [1/2]  bench  BatchVerify/size=256                  14,218,767 ns/op   64,592 B/op   1,029 allocs/op
  [2/2]  bench  BatchVerify/size=256                  14,164,588 ns/op ±0%   64,592 B/op   1,029 allocs/op    370ms
  [1/2]  bench  FalconVerify                          42,189 ns/op   0.000 B/op   0.000 allocs/op
  [2/2]  bench  FalconVerify                          43,141 ns/op ±2%   0.000 B/op   0.000 allocs/op    490ms
  [1/2]  bench  FalconSign                            8,456,443 ns/op   3,080 B/op   3.00 allocs/op
  [2/2]  bench  FalconSign                            8,458,184 ns/op ±0%   3,080 B/op   3.00 allocs/op    440ms
  [1/2]  bench  MultisigVerify                        160,739 ns/op   2,650 B/op   21.0 allocs/op
  [2/2]  bench  MultisigVerify                        163,440 ns/op ±2%   2,649 B/op ±0%   21.0 allocs/op    380ms
  [1/2]  bench  VrfProve                              143,277 ns/op   224 B/op   5.00 allocs/op
  [2/2]  bench  VrfProve                              145,918 ns/op ±2%   224 B/op   5.00 allocs/op    380ms
  [1/2]  bench  Hash                                  221 ns/op   0.000 B/op   0.000 allocs/op
  [2/2]  bench  Hash                                  221 ns/op ±0%   0.000 B/op   0.000 allocs/op    580ms
  [1/2]  bench  SignVerify                            71,408 ns/op   336 B/op   10.0 allocs/op
  [2/2]  bench  SignVerify                            72,174 ns/op ±1%   336 B/op   10.0 allocs/op    380ms
  [1/2]  bench  Verify25519/libsodium                 54,953 ns/op   128 B/op   4.00 allocs/op
  [2/2]  bench  Verify25519/libsodium                 55,290 ns/op ±1%   128 B/op   4.00 allocs/op    480ms
  [1/2]  bench  Verify25519/ed25519consensus          53,027 ns/op   32.0 B/op   2.00 allocs/op
  [2/2]  bench  Verify25519/ed25519consensus          53,080 ns/op ±0%   32.0 B/op   2.00 allocs/op    470ms
  [1/2]  bench  MerkleSignatureVerify                 84,384 ns/op   9,473 B/op   42.0 allocs/op
  [2/2]  bench  MerkleSignatureVerify                 84,521 ns/op ±0%   9,473 B/op ±0%   42.0 allocs/op    540ms
  [1/2]  bench  OneTimeSigBatchVerification/libsodium_singles  169,992 ns/op   1,303 B/op   24.0 allocs/op
  [2/2]  bench  OneTimeSigBatchVerification/libsodium_singles  169,643 ns/op ±0%   1,303 B/op   24.0 allocs/op    590ms
  [1/2]  bench  OneTimeSigBatchVerification/libsodium_batch  143,197 ns/op   1,144 B/op   17.0 allocs/op
  [2/2]  bench  OneTimeSigBatchVerification/libsodium_batch  141,395 ns/op ±1%   1,144 B/op   17.0 allocs/op    600ms
  [1/2]  bench  OneTimeSigBatchVerification/ed25519consensus_batch  114,695 ns/op   14,320 B/op   22.0 allocs/op
  [2/2]  bench  OneTimeSigBatchVerification/ed25519consensus_batch  114,494 ns/op ±0%   14,320 B/op   22.0 allocs/op    640ms
  [1/2]  bench  VrfVerify                             192,472 ns/op   176 B/op   3.00 allocs/op
  [2/2]  bench  VrfVerify                             193,632 ns/op ±1%   176 B/op   3.00 allocs/op    690ms
  [1/2]  bench  AppRateLimiter_TxgroupToKeys          17,553 ns/op   9,512 B/op   3.00 allocs/op
  [2/2]  bench  AppRateLimiter_TxgroupToKeys          17,312 ns/op ±1%   9,512 B/op   3.00 allocs/op    700ms
  [1/2]  bench  AddressFormatting                     291 ns/op   128 B/op   2.00 allocs/op
  [2/2]  bench  AddressFormatting                     291 ns/op ±0%   128 B/op   2.00 allocs/op    650ms
  [1/2]  bench  UnmarshalChecksumAddress              678 ns/op   192 B/op   3.00 allocs/op
  [2/2]  bench  UnmarshalChecksumAddress              678 ns/op ±0%   192 B/op   3.00 allocs/op    660ms
  [1/2]  bench  CodecRealistic/encode-signed-pay      642 ns/op   2,688 B/op   1.00 allocs/op
  [2/2]  bench  CodecRealistic/encode-signed-pay      645 ns/op ±1%   2,688 B/op   1.00 allocs/op    360ms
  [1/2]  bench  CodecRealistic/decode-signed-pay      217 ns/op   64.0 B/op   3.00 allocs/op
  [2/2]  bench  CodecRealistic/decode-signed-pay      238 ns/op ±9%   64.0 B/op   3.00 allocs/op    640ms
  [1/2]  bench  CodecRealistic/encode-signed-appl     717 ns/op   3,072 B/op   1.00 allocs/op
  [2/2]  bench  CodecRealistic/encode-signed-appl     721 ns/op ±1%   3,072 B/op   1.00 allocs/op    660ms
  [1/2]  bench  CodecRealistic/decode-signed-appl     658 ns/op   376 B/op   13.0 allocs/op
  [2/2]  bench  CodecRealistic/decode-signed-appl     642 ns/op ±2%   376 B/op   13.0 allocs/op    660ms
  [1/2]  bench  CodecRealistic/encode-block-header    656 ns/op   1,824 B/op   3.00 allocs/op
  [2/2]  bench  CodecRealistic/encode-block-header    659 ns/op ±0%   1,824 B/op   3.00 allocs/op    350ms
  [1/2]  bench  CodecRealistic/decode-block-header    681 ns/op   720 B/op   9.00 allocs/op
  [2/2]  bench  CodecRealistic/decode-block-header    678 ns/op ±0%   720 B/op   9.00 allocs/op    660ms
  [1/2]  bench  HashObj/txn                           1,323 ns/op   3,936 B/op   3.00 allocs/op
  [2/2]  bench  HashObj/txn                           1,308 ns/op ±1%   3,936 B/op   3.00 allocs/op    330ms
  [1/2]  bench  HashObj/block-header                  2,543 ns/op   3,552 B/op   5.00 allocs/op
  [2/2]  bench  HashObj/block-header                  2,581 ns/op ±1%   3,552 B/op   5.00 allocs/op    350ms
  [1/2]  bench  AppendMsgBlockHeader                  48.1 ns/op   20.8 MB/s   0.000 B/op   0.000 allocs/op
  [2/2]  bench  AppendMsgBlockHeader                  48.2 ns/op ±0%   20.7 MB/s ±0%   0.000 B/op   0.000 allocs/op    410ms
  [1/2]  bench  Sortition                             428,107 ns/op   1,825 B/op   21.0 allocs/op
  [2/2]  bench  Sortition                             428,305 ns/op ±0%   1,825 B/op   21.0 allocs/op    410ms
  [1/2]  bench  StatusCachePut                        993 ns/op   220 B/op   1.00 allocs/op
  [2/2]  bench  StatusCachePut                        998 ns/op ±0%   220 B/op   1.00 allocs/op    360ms
  [1/2]  bench  StatusCacheCheckHit                   232 ns/op   19.0 B/op   2.00 allocs/op
  [2/2]  bench  StatusCacheCheckHit                   232 ns/op ±0%   19.0 B/op   2.00 allocs/op    610ms
  [1/2]  bench  StatusCacheCheckMiss                  70.2 ns/op   0.000 B/op   0.000 allocs/op
  [2/2]  bench  StatusCacheCheckMiss                  70.3 ns/op ±0%   0.000 B/op   0.000 allocs/op    440ms
  [1/2]  bench  TransactionPoolRecompute              1,053,289,709 ns/op   36,764 ns/txn   1,121,489,880 B/op   2,398,004 allocs/op
  [2/2]  bench  TransactionPoolRecompute              1,026,530,011 ns/op ±3%   35,830 ns/txn ±3%   1,121,240,168 B/op ±0%   2,397,983 allocs/op ±0%    2.79s
  [1/2]  bench  TxnIDs/signed-txn-id                  609 ns/op   0.000 B/op   0.000 allocs/op
  [2/2]  bench  TxnIDs/signed-txn-id                  609 ns/op ±0%   0.000 B/op   0.000 allocs/op    360ms
  [1/2]  bench  TxnIDs/group-id                       14,890 ns/op   2,276 B/op   4.00 allocs/op
  [2/2]  bench  TxnIDs/group-id                       14,912 ns/op ±0%   2,275 B/op ±0%   4.00 allocs/op    510ms
  [1/2]  bench  WellFormed/pay                        146 ns/op   0.000 B/op   0.000 allocs/op
  [2/2]  bench  WellFormed/pay                        146 ns/op ±0%   0.000 B/op   0.000 allocs/op    510ms
  [1/2]  bench  WellFormed/axfer                      127 ns/op   0.000 B/op   0.000 allocs/op
  [2/2]  bench  WellFormed/axfer                      128 ns/op ±0%   0.000 B/op   0.000 allocs/op    490ms
  [1/2]  bench  WellFormed/acfg                       140 ns/op   0.000 B/op   0.000 allocs/op
  [2/2]  bench  WellFormed/acfg                       139 ns/op ±1%   0.000 B/op   0.000 allocs/op    500ms
  [1/2]  bench  WellFormed/appl                       188 ns/op   0.000 B/op   0.000 allocs/op
  [2/2]  bench  WellFormed/appl                       187 ns/op ±0%   0.000 B/op   0.000 allocs/op    550ms
  [1/2]  bench  WellFormed/keyreg                     196 ns/op   0.000 B/op   0.000 allocs/op
  [2/2]  bench  WellFormed/keyreg                     196 ns/op ±0%   0.000 B/op   0.000 allocs/op    560ms
  [1/2]  bench  Assemble                              269,392 ns/op   329,242 B/op   3,263 allocs/op
  [2/2]  bench  Assemble                              268,930 ns/op ±0%   329,241 B/op ±0%   3,263 allocs/op    370ms
  [1/2]  bench  Disassemble                           52,246 ns/op   49,983 B/op   888 allocs/op
  [2/2]  bench  Disassemble                           52,347 ns/op ±0%   49,983 B/op   888 allocs/op    350ms
  [1/2]  bench  BoxOps/box_get                        2,380 ns/op   3.00 extra/op   3,364 B/op   33.0 allocs/op
  [2/2]  bench  BoxOps/box_get                        2,396 ns/op ±1%   3.00 extra/op   3,364 B/op ±0%   33.0 allocs/op    410ms
  [1/2]  bench  BoxOps/box_len                        1,981 ns/op   3.00 extra/op   1,023 B/op   31.0 allocs/op
  [2/2]  bench  BoxOps/box_len                        1,978 ns/op ±0%   3.00 extra/op   1,023 B/op   31.0 allocs/op    410ms
  [1/2]  bench  BoxOps/box_extract                    2,352 ns/op   4.00 extra/op   1,521 B/op   37.0 allocs/op
  [2/2]  bench  BoxOps/box_extract                    2,359 ns/op ±0%   4.00 extra/op   1,521 B/op   37.0 allocs/op    420ms
  [1/2]  bench  BoxOps/box_replace                    2,186 ns/op   3.00 extra/op   1,308 B/op   34.0 allocs/op
  [2/2]  bench  BoxOps/box_replace                    2,160 ns/op ±1%   3.00 extra/op   1,308 B/op   34.0 allocs/op    410ms
  [1/2]  bench  BoxOps/box_splice                     2,645 ns/op   4.00 extra/op   1,625 B/op   42.0 allocs/op
  [2/2]  bench  BoxOps/box_splice                     2,649 ns/op ±0%   4.00 extra/op   1,625 B/op   42.0 allocs/op    420ms
  [1/2]  bench  BoxOps/box_put                        2,164 ns/op   3.00 extra/op   2,087 B/op   31.0 allocs/op
  [2/2]  bench  BoxOps/box_put                        2,200 ns/op ±2%   3.00 extra/op   2,088 B/op ±0%   31.0 allocs/op    420ms
  [1/2]  bench  BoxOps/box_resize                     4,645 ns/op   5.00 extra/op   1,722 B/op   52.0 allocs/op
  [2/2]  bench  BoxOps/box_resize                     4,648 ns/op ±0%   5.00 extra/op   1,723 B/op ±0%   52.0 allocs/op    450ms
  [1/2]  bench  BoxOps/box_create_del                 4,194 ns/op   6.00 extra/op   1,778 B/op   54.0 allocs/op
  [2/2]  bench  BoxOps/box_create_del                 4,231 ns/op ±1%   6.00 extra/op   1,778 B/op   54.0 allocs/op    460ms
  [1/2]  bench  InnerTxn/pay                          17,388 ns/op   24,582 B/op   127 allocs/op
  [2/2]  bench  InnerTxn/pay                          17,511 ns/op ±1%   24,582 B/op   127 allocs/op    530ms
  [1/2]  bench  InnerTxn/axfer                        18,336 ns/op   25,182 B/op   134 allocs/op
  [2/2]  bench  InnerTxn/axfer                        18,535 ns/op ±1%   25,182 B/op   134 allocs/op    550ms
  [1/2]  bench  InnerTxn/appl                         17,582 ns/op   33,111 B/op   100 allocs/op
  [2/2]  bench  InnerTxn/appl                         17,477 ns/op ±1%   33,111 B/op   100 allocs/op    530ms
  [1/2]  bench  StateOps/app_global_get               1,205 ns/op   2.00 extra/op   677 B/op   21.0 allocs/op
  [2/2]  bench  StateOps/app_global_get               1,207 ns/op ±0%   2.00 extra/op   677 B/op   21.0 allocs/op    390ms
  [1/2]  bench  StateOps/app_global_put               1,792 ns/op   2.00 extra/op   1,353 B/op   27.0 allocs/op
  [2/2]  bench  StateOps/app_global_put               1,793 ns/op ±0%   2.00 extra/op   1,353 B/op   27.0 allocs/op    390ms
  [1/2]  bench  StateOps/app_global_del               855 ns/op   1.00 extra/op   499 B/op   15.0 allocs/op
  [2/2]  bench  StateOps/app_global_del               854 ns/op ±0%   1.00 extra/op   499 B/op   15.0 allocs/op    350ms
  [1/2]  bench  StateOps/app_local_get                1,750 ns/op   3.00 extra/op   912 B/op   29.0 allocs/op
  [2/2]  bench  StateOps/app_local_get                1,748 ns/op ±0%   3.00 extra/op   912 B/op   29.0 allocs/op    410ms
  [1/2]  bench  StateOps/app_local_put                2,047 ns/op   3.00 extra/op   1,166 B/op   33.0 allocs/op
  [2/2]  bench  StateOps/app_local_put                2,042 ns/op ±0%   3.00 extra/op   1,166 B/op   33.0 allocs/op    410ms
  [1/2]  bench  StateOps/app_local_del                1,426 ns/op   2.00 extra/op   702 B/op   23.0 allocs/op
  [2/2]  bench  StateOps/app_local_del                1,426 ns/op   2.00 extra/op   702 B/op   23.0 allocs/op    400ms
  [1/2]  bench  StateOps/asset_holding_get            2,378 ns/op   4.00 extra/op   1,276 B/op   36.0 allocs/op
  [2/2]  bench  StateOps/asset_holding_get            2,380 ns/op ±0%   4.00 extra/op   1,276 B/op   36.0 allocs/op    400ms
  [1/2]  bench  StateOps/asset_params_get             2,079 ns/op   3.00 extra/op   1,509 B/op   34.0 allocs/op
  [2/2]  bench  StateOps/asset_params_get             2,079 ns/op   3.00 extra/op   1,509 B/op   34.0 allocs/op    410ms
  [1/2]  bench  StateOps/app_params_get               1,945 ns/op   3.00 extra/op   1,324 B/op   30.0 allocs/op
  [2/2]  bench  StateOps/app_params_get               1,946 ns/op ±0%   3.00 extra/op   1,324 B/op   30.0 allocs/op    400ms
  [1/2]  bench  StateOps/acct_params_get              3,078 ns/op   3.00 extra/op   1,708 B/op   36.0 allocs/op
  [2/2]  bench  StateOps/acct_params_get              3,085 ns/op ±0%   3.00 extra/op   1,709 B/op ±0%   36.0 allocs/op    420ms
  [1/2]  bench  Verify/pop                            44.8 ns/op   3.00 extra/op   6.00 B/op   0.000 allocs/op
  [2/2]  bench  Verify/pop                            44.8 ns/op ±0%   3.00 extra/op   6.00 B/op   0.000 allocs/op    490ms
  [1/2]  bench  Verify/add                            50.1 ns/op   3.00 extra/op   6.00 B/op   0.000 allocs/op
  [2/2]  bench  Verify/add                            50.9 ns/op ±2%   3.00 extra/op   6.00 B/op   0.000 allocs/op    500ms
  [1/2]  bench  Verify/ed25519verify_bare             55,244 ns/op   7.00 extra/op   104 B/op   2.00 allocs/op
  [2/2]  bench  Verify/ed25519verify_bare             54,857 ns/op ±1%   7.00 extra/op   104 B/op   2.00 allocs/op    470ms
  [1/2]  bench  Verify/ecdsa_verify_k1                52,763 ns/op   7.00 extra/op   344 B/op   6.00 allocs/op
  [2/2]  bench  Verify/ecdsa_verify_k1                52,763 ns/op   7.00 extra/op   344 B/op   6.00 allocs/op    500ms
  [1/2]  bench  Verify/ecdsa_verify_r1                70,136 ns/op   7.00 extra/op   1,416 B/op   25.0 allocs/op
  [2/2]  bench  Verify/ecdsa_verify_r1                70,081 ns/op ±0%   7.00 extra/op   1,416 B/op   25.0 allocs/op    510ms
  [1/2]  bench  Verify/falcon_verify                  44,173 ns/op   7.00 extra/op   2,056 B/op   1.00 allocs/op
  [2/2]  bench  Verify/falcon_verify                  43,081 ns/op ±3%   7.00 extra/op   2,056 B/op   1.00 allocs/op    770ms
  [1/2]  bench  Verify/vrf_verify                     201,531 ns/op   5.00 extra/op   279 B/op   6.00 allocs/op
  [2/2]  bench  Verify/vrf_verify                     198,806 ns/op ±1%   5.00 extra/op   279 B/op   6.00 allocs/op    500ms
  [1/2]  bench  CheckSignature                        6,763 ns/op   12,320 B/op   9.00 allocs/op
  [2/2]  bench  CheckSignature                        6,867 ns/op ±2%   12,320 B/op   9.00 allocs/op    440ms
  [1/2]  bench  Addx64/add_long_stack                 5,281 ns/op   17,072 B/op   12.0 allocs/op
  [2/2]  bench  Addx64/add_long_stack                 5,374 ns/op ±2%   17,072 B/op   12.0 allocs/op    430ms
  [1/2]  bench  Addx64/add_small_stack                4,633 ns/op   13,616 B/op   10.0 allocs/op
  [2/2]  bench  Addx64/add_small_stack                4,636 ns/op ±0%   13,616 B/op   10.0 allocs/op    400ms
  [1/2]  bench  NopPassx1                             2,582 ns/op   13,616 B/op   10.0 allocs/op
  [2/2]  bench  NopPassx1                             2,565 ns/op ±1%   13,616 B/op   10.0 allocs/op    360ms
  [1/2]  bench  Checkx5                               91,915 ns/op   107,269 B/op   957 allocs/op
  [2/2]  bench  Checkx5                               91,802 ns/op ±0%   107,269 B/op ±0%   957 allocs/op    360ms
  [1/2]  bench  AppendMsgSignedTxn                    97.4 ns/op   10.3 MB/s   0.000 B/op   0.000 allocs/op
  [2/2]  bench  AppendMsgSignedTxn                    97.3 ns/op ±0%   10.3 MB/s ±0%   0.000 B/op   0.000 allocs/op    460ms
  [1/2]  bench  TinyMan/eval-lsig-signature           15,816 ns/op   36,840 B/op   86.0 allocs/op
  [2/2]  bench  TinyMan/eval-lsig-signature           15,530 ns/op ±2%   36,840 B/op   86.0 allocs/op    500ms
  [1/2]  bench  TinyMan/group-check-actual            132,425 ns/op   99,731 B/op   135 allocs/op
  [2/2]  bench  TinyMan/group-check-actual            134,120 ns/op ±1%   99,788 B/op ±0%   135 allocs/op    1.26s
  [1/2]  bench  TinyMan/group-check-all-crypto        153,708 ns/op   54,602 B/op   34.0 allocs/op
  [2/2]  bench  TinyMan/group-check-all-crypto        153,747 ns/op ±0%   54,403 B/op ±0%   34.0 allocs/op    340ms
  [1/2]  bench  LogicSigSanityCheck                   9,067 ns/op   18,296 B/op   14.0 allocs/op
  [2/2]  bench  LogicSigSanityCheck                   9,155 ns/op ±1%   18,296 B/op   14.0 allocs/op    440ms
  [1/2]  bench  PaysetGroups                          15,154 ns/op   28,410 B/op   6.00 allocs/op
  [2/2]  bench  PaysetGroups                          16,083 ns/op ±6%   29,228 B/op ±3%   6.50 allocs/op ±8%    930ms
  [1/2]  bench  Txn                                   32,494 ns/op   12,323 B/op   6.00 allocs/op
  [2/2]  bench  Txn                                   32,602 ns/op ±0%   12,304 B/op ±0%   6.00 allocs/op    1.02s
  [1/2]  bench  TxHandlerProcessing/processDecoded    15,429 ns/op   3,912 B/op   44.0 allocs/op
  [2/2]  bench  TxHandlerProcessing/processDecoded    15,853 ns/op ±3%   3,912 B/op   44.0 allocs/op    1.29s
  [1/2]  bench  TxHandlerProcessing/verify.TxnGroup   59,176 ns/op   11,872 B/op   16.0 allocs/op
  [2/2]  bench  TxHandlerProcessing/verify.TxnGroup   59,245 ns/op ±0%   11,872 B/op   16.0 allocs/op    490ms
  [1/2]  bench  TxHandlerDecoderMsgp                  13,180,906 ns/op   7,275,624 B/op   27,885 allocs/op
  [2/2]  bench  TxHandlerDecoderMsgp                  13,137,031 ns/op ±0%   7,575,441 B/op ±4%   28,006 allocs/op ±0%    470ms
  [1/2]  bench  CompactDeltas/account-deltas          3,274,284 ns/op   4,123,000 B/op   16.0 allocs/op
  [2/2]  bench  CompactDeltas/account-deltas          2,967,101 ns/op ±10%   4,123,000 B/op   16.0 allocs/op    2.64s
  [1/2]  bench  Apply/asset-transfer                  604 ns/op   512 B/op   4.00 allocs/op
  [2/2]  bench  Apply/asset-transfer                  605 ns/op ±0%   512 B/op   4.00 allocs/op    320ms
  [1/2]  bench  Apply/keyreg                          439 ns/op   0.000 B/op   0.000 allocs/op
  [2/2]  bench  Apply/keyreg                          435 ns/op ±1%   0.000 B/op   0.000 allocs/op    360ms
  [1/2]  bench  Apply/app-call                        172 ns/op   0.000 B/op   0.000 allocs/op
  [2/2]  bench  Apply/app-call                        172 ns/op ±0%   0.000 B/op   0.000 allocs/op    530ms
  [1/2]  bench  CompactResourceDeltas                 5,729,424 ns/op   10,273,457 B/op   36.0 allocs/op
  [2/2]  bench  CompactResourceDeltas                 5,915,316 ns/op ±3%   10,273,457 B/op ±0%   36.0 allocs/op    460ms
  [1/2]  bench  TxTailCheckDup/hit                    67.3 ns/op   48.0 B/op   1.00 allocs/op
  [2/2]  bench  TxTailCheckDup/hit                    67.7 ns/op ±1%   48.0 B/op   1.00 allocs/op    410ms
  [1/2]  bench  TxTailCheckDup/miss                   34.1 ns/op   0.000 B/op   0.000 allocs/op
  [2/2]  bench  TxTailCheckDup/miss                   34.1 ns/op ±0%   0.000 B/op   0.000 allocs/op    400ms
  [1/2]  bench  CowChild                              60.4 ns/op   0.000 B/op   0.000 allocs/op
  [2/2]  bench  CowChild                              60.6 ns/op ±0%   0.000 B/op   0.000 allocs/op    420ms
  [1/2]  bench  PrefetcherApps                        307 ns/op   108 B/op   1.00 allocs/op
  [2/2]  bench  PrefetcherApps                        302 ns/op ±2%   109 B/op ±0%   1.00 allocs/op    1.54s
  [1/2]  bench  PrefetcherPayment                     299 ns/op   84.0 B/op   0.000 allocs/op
  [2/2]  bench  PrefetcherPayment                     279 ns/op ±7%   83.5 B/op ±1%   0.000 allocs/op    1.31s
  [1/2]  bench  BlockEvaluatorRAMNoCrypto             480,434,312 ns/op   9,610 ns/eval_validate_tx   589,528,468 B/op   1,351,117 allocs/op
  [2/2]  bench  BlockEvaluatorRAMNoCrypto             469,722,515 ns/op ±2%   9,396 ns/eval_validate_tx ±2%   589,533,308 B/op ±0%   1,351,118 allocs/op ±0%    8.84s
  [1/2]  bench  BlockValidationMix                    1,594,953,424 ns/op   1,928,519,704 B/op   7,454,349 allocs/op
  [2/2]  bench  BlockValidationMix                    1,591,680,233 ns/op ±0%   1,930,496,960 B/op ±0%   7,451,934 allocs/op ±0%    10.57s
  [1/2]  bench  AppInt1                               786,741,128 ns/op   1,973,871,784 B/op   2,941,498 allocs/op
  [2/2]  bench  AppInt1                               787,965,727 ns/op ±0%   1,973,894,292 B/op ±0%   2,941,498 allocs/op    1.78s
  [1/2]  bench  AccountDeltasOps/upsert               534,239 ns/op   3,539,637 B/op   35.0 allocs/op
  [2/2]  bench  AccountDeltasOps/upsert               567,652 ns/op ±6%   3,539,640 B/op ±0%   35.0 allocs/op    430ms
  [1/2]  bench  AccountDeltasOps/merge                525,650 ns/op   800,529 B/op   66.0 allocs/op
  [2/2]  bench  AccountDeltasOps/merge                521,924 ns/op ±1%   800,529 B/op ±0%   66.0 allocs/op    790ms
  [1/2]  bench  AccountDeltasOps/optimize             110,249 ns/op   1,131,185 B/op   35.0 allocs/op
  [2/2]  bench  AccountDeltasOps/optimize             109,690 ns/op ±1%   1,131,185 B/op   35.0 allocs/op    500ms
  [1/2]  bench  MakeStateDelta                        910,685 ns/op   20,811,632 B/op   197 allocs/op
  [2/2]  bench  MakeStateDelta                        921,567 ns/op ±1%   20,811,628 B/op ±0%   197 allocs/op    450ms
  [1/2]  bench  OnlineAccountsCacheRead320            3,018,691 ns/op   573,560 B/op   3,269 allocs/op
  [2/2]  bench  OnlineAccountsCacheRead320            2,891,383 ns/op ±4%   564,527 B/op ±2%   3,218 allocs/op ±2%    920ms
  [1/2]  bench  MessageFilterCheck/hit                4,946 ns/op   1,248 B/op   9.00 allocs/op
  [2/2]  bench  MessageFilterCheck/hit                5,028 ns/op ±2%   1,248 B/op   9.00 allocs/op    390ms
  [1/2]  bench  MessageFilterCheck/miss               5,049 ns/op   1,248 B/op   9.00 allocs/op
  [2/2]  bench  MessageFilterCheck/miss               5,120 ns/op ±1%   1,248 B/op   9.00 allocs/op    400ms
  [1/2]  bench  GenerateMessageDigest                 454 ns/op   0.000 B/op   0.000 allocs/op
  [2/2]  bench  GenerateMessageDigest                 454 ns/op ±0%   0.000 B/op   0.000 allocs/op    360ms
  [1/2]  bench  VpackVote/compress                    395 ns/op   1,588 MB/s   0.000 B/op   0.000 allocs/op
  [2/2]  bench  VpackVote/compress                    396 ns/op ±0%   1,585 MB/s ±0%   0.000 B/op   0.000 allocs/op    360ms
  [1/2]  bench  VpackVote/decompress                  102 ns/op   4,625 MB/s   0.000 B/op   0.000 allocs/op
  [2/2]  bench  VpackVote/decompress                  101 ns/op ±1%   4,680 MB/s ±1%   0.000 B/op   0.000 allocs/op    460ms
  [1/2]  bench  BloomFilterSet                        88.8 ns/op   0.000 B/op   0.000 allocs/op
  [2/2]  bench  BloomFilterSet                        88.9 ns/op ±0%   0.000 B/op   0.000 allocs/op    1.67s
  [1/2]  bench  BloomFilterTest                       85.9 ns/op   0.000 B/op   0.000 allocs/op
  [2/2]  bench  BloomFilterTest                       92.0 ns/op ±7%   0.000 B/op   0.000 allocs/op    1.93s
  [1/2]  bench  TagCounter                            13.4 ns/op   0.000 B/op   0.000 allocs/op
  [2/2]  bench  TagCounter                            13.3 ns/op ±1%   0.000 B/op   0.000 allocs/op    350ms
