storage:   /Users/steve/GitHub/algorand/go-algorand-benchspotter-results
logs:      /Users/steve/GitHub/algorand/go-algorand-benchspotter-results/sweep-logs/20260914-165937
count:     4
runs:      3
toolchain: pinned
tags (20): v3.24.0-stable v3.25.0-stable v3.26.0-stable v3.27.0-stable v4.0.1-stable v4.0.2-stable v4.0.3-stable v4.1.1-stable v4.1.2-stable v4.2.1-stable v4.3.0-stable v4.4.1-stable v4.5.1-stable v4.6.0-stable v4.7.0-stable v4.7.2-stable v4.7.3-stable v4.7.4-stable v5.0.0-stable v5.0.1-stable

=== v3.24.0-stable (2024-05-15)
  toolchain: go1.21.10 (go.mod directive: go1.21.10)
  libsodium built (50s elapsed)
  run 1: session 01a0a0a6-0202-706d-adfb-95913df3886a done in 426s
  run 2: session 01a0a0ac-80de-70ee-aa25-47e4ccecad32 done in 440s
  run 3: session 01a0a0b3-3649-763d-a177-805d0059ed3d done in 454s
  v3.24.0-stable finished in 1370s
=== v3.25.0-stable (2024-06-13)
  toolchain: go1.21.10 (go.mod directive: go1.21.10)
  libsodium built (48s elapsed)
  run 1: session 01a0a0ba-e09c-701b-917e-159d0163dcad done in 446s
  run 2: session 01a0a0c1-aec2-7de2-8434-c6f450d65d63 done in 440s
  run 3: session 01a0a0c8-6518-7b89-8d89-c35b654d0dc7 done in 454s
  v3.25.0-stable finished in 1388s
=== v3.26.0-stable (2024-09-27)
  toolchain: go1.21.10 (go.mod directive: go1.21.10)
  libsodium built (46s elapsed)
  run 1: session 01a0a0d0-06de-73d0-9136-1d475818b2ff done in 473s
  run 2: session 01a0a0d7-3f27-7d61-a027-4df80d304ebc done in 451s
  run 3: session 01a0a0de-1f20-7249-b314-1b4910de5c51 done in 461s
  v3.26.0-stable finished in 1431s
=== v3.27.0-stable (2024-11-25)
  toolchain: go1.23.3 (go.mod directive: go1.23.3)
  libsodium built (60s elapsed)
  run 1: session 01a0a0e6-146c-7d98-8c30-df287729cc7f done in 503s
  run 2: session 01a0a0ed-bff6-7ad5-b4be-3eac4bb3f5f4 done in 426s
  run 3: session 01a0a0f4-4062-7eb5-b930-80508fb2bc51 done in 417s
  v3.27.0-stable finished in 1406s
=== v4.0.1-stable (2025-01-10)
  toolchain: go1.23.3 (go.mod directive: go1.23.3)
  libsodium built (39s elapsed)
  run 1: session 01a0a0fb-341e-79ac-bc8a-e48e34c541e4 done in 423s
  run 2: session 01a0a101-a73f-7ee8-b802-4e5668068e00 done in 415s
  run 3: session 01a0a107-fe79-767c-8932-eb48cc0f95e3 done in 414s
  v4.0.1-stable finished in 1291s
=== v4.0.2-stable (2025-02-14)
  toolchain: go1.23.3 (go.mod directive: go1.23.3)
  libsodium built (38s elapsed)
  run 1: session 01a0a10e-e20d-745d-818e-02fac8224c09 done in 419s
  run 2: session 01a0a115-469c-72fd-aa11-670c2b540a70 done in 413s
  run 3: session 01a0a11b-940d-7e30-8b46-769eeb182fff done in 413s
  v4.0.2-stable finished in 1283s
=== v4.0.3-stable (2025-04-10)
  toolchain: go1.23.3 (go.mod directive: go1.23.3)
  libsodium built (38s elapsed)
  run 1: session 01a0a122-76ef-7cd1-8785-bcb76d09d8a6 done in 415s
  run 2: session 01a0a128-cdd5-7c06-a4dd-b957472332c1 done in 414s
  run 3: session 01a0a12f-1ef1-72ca-81f2-3246e90df384 done in 411s
  v4.0.3-stable finished in 1278s
=== v4.1.1-stable (2025-05-22)
  toolchain: go1.23.3 (go.mod directive: go1.23.3)
  libsodium built (39s elapsed)
  run 1: session 01a0a135-fd24-7efb-9abc-f673b332b0dc done in 425s
  run 2: session 01a0a13c-7993-7b89-af31-8ed4f6358a00 done in 416s
  run 3: session 01a0a142-cfea-7b23-8197-cd0a534761c0 done in 412s
  v4.1.1-stable finished in 1292s
=== v4.1.2-stable (2025-05-29)
  toolchain: go1.23.3 (go.mod directive: go1.23.3)
  libsodium built (38s elapsed)
  run 1: session 01a0a149-aef0-7a4c-9482-deff6e48e24e done in 419s
  run 2: session 01a0a150-12a9-743d-8d88-5300f0c74a20 done in 418s
  run 3: session 01a0a156-760d-79cb-a8cd-70e66705792c done in 417s
  v4.1.2-stable finished in 1292s
=== v4.2.1-stable (2025-08-04)
  toolchain: go1.23.9 (go.mod directive: go1.23.9)
  libsodium built (51s elapsed)
  run 1: session 01a0a15d-97cf-772b-af47-5ecd9f0044fc done in 453s
  run 2: session 01a0a164-8122-7c3c-861b-03d380da0bd1 done in 414s
  run 3: session 01a0a16a-d292-7084-8b4b-ce5cd6ea2ce1 done in 413s
  v4.2.1-stable finished in 1331s
=== v4.3.0-stable (2025-09-10)
  toolchain: go1.23.9 (go.mod directive: go1.23.9)
  libsodium built (38s elapsed)
  run 1: session 01a0a171-b644-7416-a8bf-3c75a3059614 done in 417s
  run 2: session 01a0a178-129e-7714-9acb-7118b732347a done in 414s
  run 3: session 01a0a17e-6218-751c-a2c9-6c451bf36ecf done in 414s
  v4.3.0-stable finished in 1283s
=== v4.4.1-stable (2025-11-07)
  toolchain: go1.25.3 (go.mod directive: go1.25.3)
  libsodium built (39s elapsed)
  run 1: session 01a0a185-4da5-7298-96d7-bbeee00b3cb9 done in 429s
  run 2: session 01a0a18b-d90d-7ebd-8769-3bfe77893af3 done in 410s
  run 3: session 01a0a192-1b7a-7ad1-8abd-c80a7c1b57d1 done in 413s
  v4.4.1-stable finished in 1291s
=== v4.5.1-stable (2026-02-09)
  toolchain: go1.25.3 (go.mod directive: go1.25.3)
  libsodium built (39s elapsed)
  run 1: session 01a0a198-ff95-7f23-bb7b-9e133674bfe3 done in 422s
  run 2: session 01a0a19f-6e48-7e82-a814-5e81faeb09b4 done in 410s
  run 3: session 01a0a1a5-b33a-7115-a23d-f3b43c83b4a3 done in 411s
  v4.5.1-stable finished in 1282s
=== v4.6.0-stable (2026-03-16)
  toolchain: go1.25.3 (go.mod directive: go1.25.3)
  libsodium built (38s elapsed)
  run 1: session 01a0a1ac-8b77-75b8-9b3c-d2dda425be1d done in 413s
  run 2: session 01a0a1b2-d8d4-7d59-b263-c4a5b16e7f7d done in 410s
  run 3: session 01a0a1b9-1863-7042-85f3-846f10f0d796 done in 409s
  v4.6.0-stable finished in 1270s
=== v4.7.0-stable (2026-05-01)
  toolchain: go1.25.3 (go.mod directive: go1.25.3)
  libsodium built (38s elapsed)
  run 1: session 01a0a1bf-ed2a-775e-8eba-1cb27ef7bdab done in 416s
  run 2: session 01a0a1c6-4484-78a2-a8cc-6fc0f1b99354 done in 410s
  run 3: session 01a0a1cc-87c9-7d1f-ae17-c1d6a67eb87b done in 413s
  v4.7.0-stable finished in 1277s
=== v4.7.2-stable (2026-06-07)
  toolchain: go1.25.3 (go.mod directive: go1.25.3)
  libsodium built (38s elapsed)
  run 1: session 01a0a1d3-69cb-7687-8301-e5530ec3b96b done in 417s
  run 2: session 01a0a1d9-c3d1-7816-b964-4c3b9f17f803 done in 411s
  run 3: session 01a0a1e0-0c90-7c77-9391-f147c9555f16 done in 413s
  v4.7.2-stable finished in 1279s
=== v4.7.3-stable (2026-06-11)
  toolchain: go1.25.3 (go.mod directive: go1.25.3)
  libsodium built (38s elapsed)
  run 1: session 01a0a1e6-ece6-760e-bedb-5d542721de2f done in 415s
  run 2: session 01a0a1ed-439c-7c1d-8e27-adf20420a922 done in 412s
  run 3: session 01a0a1f3-89ad-7484-b5fe-5a0f2480bfd0 done in 410s
  v4.7.3-stable finished in 1275s
=== v4.7.4-stable (2026-07-14)
  toolchain: go1.25.3 (go.mod directive: go1.25.3)
  libsodium built (38s elapsed)
  run 1: session 01a0a1fa-6253-74de-b409-1e3a0fd38d55 done in 408s
  run 2: session 01a0a200-9bf1-79d7-85a1-229e858d6e12 done in 409s
  run 3: session 01a0a206-d76b-7478-b27a-7508f2443182 done in 410s
  v4.7.4-stable finished in 1265s
=== v5.0.0-stable (2026-08-10)
  toolchain: go1.25.3 (go.mod directive: go1.25.3)
  libsodium built (39s elapsed)
  run 1: session 01a0a20d-b1e6-749b-8a76-41b9ddefe884 done in 422s
  run 2: session 01a0a214-242d-7cb2-9952-6d7f48de227d done in 424s
  run 3: session 01a0a21a-9c55-73a1-86c5-4ef4dace3c89 done in 411s
  v5.0.0-stable finished in 1296s
=== v5.0.1-stable (2026-08-26)
  toolchain: go1.25.3 (go.mod directive: go1.25.3)
  libsodium built (38s elapsed)
  run 1: session 01a0a221-750e-768b-8daf-aa655689b157 done in 424s
  run 2: session 01a0a227-ed79-7766-b916-c69bf9d76e09 done in 419s
  run 3: session 01a0a22e-51ba-7687-b06b-467423093d5f done in 421s
  v5.0.1-stable finished in 1302s

=== summary
tag             commit_date  toolchain  run  session                               seconds  status
v3.24.0-stable  2024-05-15   go1.21.10  1    01a0a0a6-0202-706d-adfb-95913df3886a  426      ok
v3.24.0-stable  2024-05-15   go1.21.10  2    01a0a0ac-80de-70ee-aa25-47e4ccecad32  440      ok
v3.24.0-stable  2024-05-15   go1.21.10  3    01a0a0b3-3649-763d-a177-805d0059ed3d  454      ok
v3.25.0-stable  2024-06-13   go1.21.10  1    01a0a0ba-e09c-701b-917e-159d0163dcad  446      ok
v3.25.0-stable  2024-06-13   go1.21.10  2    01a0a0c1-aec2-7de2-8434-c6f450d65d63  440      ok
v3.25.0-stable  2024-06-13   go1.21.10  3    01a0a0c8-6518-7b89-8d89-c35b654d0dc7  454      ok
v3.26.0-stable  2024-09-27   go1.21.10  1    01a0a0d0-06de-73d0-9136-1d475818b2ff  473      ok
v3.26.0-stable  2024-09-27   go1.21.10  2    01a0a0d7-3f27-7d61-a027-4df80d304ebc  451      ok
v3.26.0-stable  2024-09-27   go1.21.10  3    01a0a0de-1f20-7249-b314-1b4910de5c51  461      ok
v3.27.0-stable  2024-11-25   go1.23.3   1    01a0a0e6-146c-7d98-8c30-df287729cc7f  503      ok
v3.27.0-stable  2024-11-25   go1.23.3   2    01a0a0ed-bff6-7ad5-b4be-3eac4bb3f5f4  426      ok
v3.27.0-stable  2024-11-25   go1.23.3   3    01a0a0f4-4062-7eb5-b930-80508fb2bc51  417      ok
v4.0.1-stable   2025-01-10   go1.23.3   1    01a0a0fb-341e-79ac-bc8a-e48e34c541e4  423      ok
v4.0.1-stable   2025-01-10   go1.23.3   2    01a0a101-a73f-7ee8-b802-4e5668068e00  415      ok
v4.0.1-stable   2025-01-10   go1.23.3   3    01a0a107-fe79-767c-8932-eb48cc0f95e3  414      ok
v4.0.2-stable   2025-02-14   go1.23.3   1    01a0a10e-e20d-745d-818e-02fac8224c09  419      ok
v4.0.2-stable   2025-02-14   go1.23.3   2    01a0a115-469c-72fd-aa11-670c2b540a70  413      ok
v4.0.2-stable   2025-02-14   go1.23.3   3    01a0a11b-940d-7e30-8b46-769eeb182fff  413      ok
v4.0.3-stable   2025-04-10   go1.23.3   1    01a0a122-76ef-7cd1-8785-bcb76d09d8a6  415      ok
v4.0.3-stable   2025-04-10   go1.23.3   2    01a0a128-cdd5-7c06-a4dd-b957472332c1  414      ok
v4.0.3-stable   2025-04-10   go1.23.3   3    01a0a12f-1ef1-72ca-81f2-3246e90df384  411      ok
v4.1.1-stable   2025-05-22   go1.23.3   1    01a0a135-fd24-7efb-9abc-f673b332b0dc  425      ok
v4.1.1-stable   2025-05-22   go1.23.3   2    01a0a13c-7993-7b89-af31-8ed4f6358a00  416      ok
v4.1.1-stable   2025-05-22   go1.23.3   3    01a0a142-cfea-7b23-8197-cd0a534761c0  412      ok
v4.1.2-stable   2025-05-29   go1.23.3   1    01a0a149-aef0-7a4c-9482-deff6e48e24e  419      ok
v4.1.2-stable   2025-05-29   go1.23.3   2    01a0a150-12a9-743d-8d88-5300f0c74a20  418      ok
v4.1.2-stable   2025-05-29   go1.23.3   3    01a0a156-760d-79cb-a8cd-70e66705792c  417      ok
v4.2.1-stable   2025-08-04   go1.23.9   1    01a0a15d-97cf-772b-af47-5ecd9f0044fc  453      ok
v4.2.1-stable   2025-08-04   go1.23.9   2    01a0a164-8122-7c3c-861b-03d380da0bd1  414      ok
v4.2.1-stable   2025-08-04   go1.23.9   3    01a0a16a-d292-7084-8b4b-ce5cd6ea2ce1  413      ok
v4.3.0-stable   2025-09-10   go1.23.9   1    01a0a171-b644-7416-a8bf-3c75a3059614  417      ok
v4.3.0-stable   2025-09-10   go1.23.9   2    01a0a178-129e-7714-9acb-7118b732347a  414      ok
v4.3.0-stable   2025-09-10   go1.23.9   3    01a0a17e-6218-751c-a2c9-6c451bf36ecf  414      ok
v4.4.1-stable   2025-11-07   go1.25.3   1    01a0a185-4da5-7298-96d7-bbeee00b3cb9  429      ok
v4.4.1-stable   2025-11-07   go1.25.3   2    01a0a18b-d90d-7ebd-8769-3bfe77893af3  410      ok
v4.4.1-stable   2025-11-07   go1.25.3   3    01a0a192-1b7a-7ad1-8abd-c80a7c1b57d1  413      ok
v4.5.1-stable   2026-02-09   go1.25.3   1    01a0a198-ff95-7f23-bb7b-9e133674bfe3  422      ok
v4.5.1-stable   2026-02-09   go1.25.3   2    01a0a19f-6e48-7e82-a814-5e81faeb09b4  410      ok
v4.5.1-stable   2026-02-09   go1.25.3   3    01a0a1a5-b33a-7115-a23d-f3b43c83b4a3  411      ok
v4.6.0-stable   2026-03-16   go1.25.3   1    01a0a1ac-8b77-75b8-9b3c-d2dda425be1d  413      ok
v4.6.0-stable   2026-03-16   go1.25.3   2    01a0a1b2-d8d4-7d59-b263-c4a5b16e7f7d  410      ok
v4.6.0-stable   2026-03-16   go1.25.3   3    01a0a1b9-1863-7042-85f3-846f10f0d796  409      ok
v4.7.0-stable   2026-05-01   go1.25.3   1    01a0a1bf-ed2a-775e-8eba-1cb27ef7bdab  416      ok
v4.7.0-stable   2026-05-01   go1.25.3   2    01a0a1c6-4484-78a2-a8cc-6fc0f1b99354  410      ok
v4.7.0-stable   2026-05-01   go1.25.3   3    01a0a1cc-87c9-7d1f-ae17-c1d6a67eb87b  413      ok
v4.7.2-stable   2026-06-07   go1.25.3   1    01a0a1d3-69cb-7687-8301-e5530ec3b96b  417      ok
v4.7.2-stable   2026-06-07   go1.25.3   2    01a0a1d9-c3d1-7816-b964-4c3b9f17f803  411      ok
v4.7.2-stable   2026-06-07   go1.25.3   3    01a0a1e0-0c90-7c77-9391-f147c9555f16  413      ok
v4.7.3-stable   2026-06-11   go1.25.3   1    01a0a1e6-ece6-760e-bedb-5d542721de2f  415      ok
v4.7.3-stable   2026-06-11   go1.25.3   2    01a0a1ed-439c-7c1d-8e27-adf20420a922  412      ok
v4.7.3-stable   2026-06-11   go1.25.3   3    01a0a1f3-89ad-7484-b5fe-5a0f2480bfd0  410      ok
v4.7.4-stable   2026-07-14   go1.25.3   1    01a0a1fa-6253-74de-b409-1e3a0fd38d55  408      ok
v4.7.4-stable   2026-07-14   go1.25.3   2    01a0a200-9bf1-79d7-85a1-229e858d6e12  409      ok
v4.7.4-stable   2026-07-14   go1.25.3   3    01a0a206-d76b-7478-b27a-7508f2443182  410      ok
v5.0.0-stable   2026-08-10   go1.25.3   1    01a0a20d-b1e6-749b-8a76-41b9ddefe884  422      ok
v5.0.0-stable   2026-08-10   go1.25.3   2    01a0a214-242d-7cb2-9952-6d7f48de227d  424      ok
v5.0.0-stable   2026-08-10   go1.25.3   3    01a0a21a-9c55-73a1-86c5-4ef4dace3c89  411      ok
v5.0.1-stable   2026-08-26   go1.25.3   1    01a0a221-750e-768b-8daf-aa655689b157  424      ok
v5.0.1-stable   2026-08-26   go1.25.3   2    01a0a227-ed79-7766-b916-c69bf9d76e09  419      ok
v5.0.1-stable   2026-08-26   go1.25.3   3    01a0a22e-51ba-7687-b06b-467423093d5f  421      ok

restoring worktree to go-algorand-benchspotter
logs and summary: /Users/steve/GitHub/algorand/go-algorand-benchspotter-results/sweep-logs/20260914-165937
