  [1/4]  bench  MerkleCommit/sha512_256/Item10/Count10  14,065 ns/op   6,040 B/op   107 allocs/op
  [2/4]  bench  MerkleCommit/sha512_256/Item10/Count10  13,766 ns/op   6,042 B/op   107 allocs/op
  [3/4]  bench  MerkleCommit/sha512_256/Item10/Count10  14,042 ns/op   6,037 B/op   107 allocs/op
  [4/4]  bench  MerkleCommit/sha512_256/Item10/Count10  13,897 ns/op ±4%   6,044 B/op ±0%   107 allocs/op    3.92s
  [1/4]  bench  MerkleCommit/sha512_256/Item10/Count100  52,395 ns/op   34,620 B/op   760 allocs/op
  [2/4]  bench  MerkleCommit/sha512_256/Item10/Count100  51,819 ns/op   34,624 B/op   760 allocs/op
  [3/4]  bench  MerkleCommit/sha512_256/Item10/Count100  51,497 ns/op   34,631 B/op   760 allocs/op
  [4/4]  bench  MerkleCommit/sha512_256/Item10/Count100  51,664 ns/op ±1%   34,628 B/op ±0%   760 allocs/op    5.17s
  [1/4]  bench  MerkleCommit/sha512_256/Item10/Count1000  262,425 ns/op   298,963 B/op   7,090 allocs/op
  [2/4]  bench  MerkleCommit/sha512_256/Item10/Count1000  263,907 ns/op   298,938 B/op   7,090 allocs/op
  [3/4]  bench  MerkleCommit/sha512_256/Item10/Count1000  263,137 ns/op   298,952 B/op   7,090 allocs/op
  [4/4]  bench  MerkleCommit/sha512_256/Item10/Count1000  263,981 ns/op ±1%   298,943 B/op ±0%   7,090 allocs/op    3.75s
  [1/4]  bench  MerkleCommit/sha512_256/Item10/Count10000  1,342,285 ns/op   2,920,122 B/op   70,180 allocs/op
  [2/4]  bench  MerkleCommit/sha512_256/Item10/Count10000  1,347,319 ns/op   2,919,932 B/op   70,179 allocs/op
  [3/4]  bench  MerkleCommit/sha512_256/Item10/Count10000  1,345,447 ns/op   2,920,023 B/op   70,179 allocs/op
  [4/4]  bench  MerkleCommit/sha512_256/Item10/Count10000  1,347,991 ns/op ±1%   2,919,987 B/op ±0%   70,179 allocs/op ±0%    4.05s
  [1/4]  bench  MerkleCommit/sha512_256/Item10/Count100000  8,422,858 ns/op   28,865,813 B/op   700,278 allocs/op
  [2/4]  bench  MerkleCommit/sha512_256/Item10/Count100000  8,485,882 ns/op   28,865,748 B/op   700,278 allocs/op
  [3/4]  bench  MerkleCommit/sha512_256/Item10/Count100000  8,611,209 ns/op   28,865,499 B/op   700,276 allocs/op
  [4/4]  bench  MerkleCommit/sha512_256/Item10/Count100000  8,622,267 ns/op ±3%   28,865,416 B/op ±0%   700,275 allocs/op ±0%    6.21s
  [1/4]  bench  MerkleCommit/sha512_256/Item1000/Count10  20,640 ns/op   16,257 B/op   108 allocs/op
  [2/4]  bench  MerkleCommit/sha512_256/Item1000/Count10  21,062 ns/op   16,243 B/op   108 allocs/op
  [3/4]  bench  MerkleCommit/sha512_256/Item1000/Count10  21,335 ns/op   16,237 B/op   108 allocs/op
  [4/4]  bench  MerkleCommit/sha512_256/Item1000/Count10  21,433 ns/op ±3%   16,233 B/op ±0%   108 allocs/op    4.26s
  [1/4]  bench  MerkleCommit/sha512_256/Item1000/Count100  101,156 ns/op   135,742 B/op   762 allocs/op
  [2/4]  bench  MerkleCommit/sha512_256/Item1000/Count100  101,442 ns/op   135,737 B/op   762 allocs/op
  [3/4]  bench  MerkleCommit/sha512_256/Item1000/Count100  101,951 ns/op   135,734 B/op   762 allocs/op
  [4/4]  bench  MerkleCommit/sha512_256/Item1000/Count100  100,221 ns/op ±4%   135,749 B/op ±0%   762 allocs/op ±0%    6.64s
  [1/4]  bench  MerkleCommit/sha512_256/Item1000/Count1000  500,889 ns/op   1,308,367 B/op   7,100 allocs/op
  [2/4]  bench  MerkleCommit/sha512_256/Item1000/Count1000  498,112 ns/op   1,308,425 B/op   7,100 allocs/op
  [3/4]  bench  MerkleCommit/sha512_256/Item1000/Count1000  498,188 ns/op   1,308,422 B/op   7,100 allocs/op
  [4/4]  bench  MerkleCommit/sha512_256/Item1000/Count1000  496,474 ns/op ±1%   1,308,441 B/op ±0%   7,100 allocs/op    3.76s
  [1/4]  bench  MerkleCommit/sha512_256/Item1000/Count10000  3,368,894 ns/op   13,000,978 B/op   70,185 allocs/op
  [2/4]  bench  MerkleCommit/sha512_256/Item1000/Count10000  3,358,270 ns/op   13,001,072 B/op   70,186 allocs/op
  [3/4]  bench  MerkleCommit/sha512_256/Item1000/Count10000  3,360,742 ns/op   13,001,039 B/op   70,185 allocs/op
  [4/4]  bench  MerkleCommit/sha512_256/Item1000/Count10000  3,345,945 ns/op ±1%   13,001,050 B/op ±0%   70,186 allocs/op ±0%    4.58s
  [1/4]  bench  MerkleCommit/sha512_256/Item1000/Count100000  29,201,330 ns/op   129,665,351 B/op   700,273 allocs/op
  [2/4]  bench  MerkleCommit/sha512_256/Item1000/Count100000  29,126,412 ns/op   129,665,664 B/op   700,275 allocs/op
  [3/4]  bench  MerkleCommit/sha512_256/Item1000/Count100000  29,099,997 ns/op   129,665,601 B/op   700,275 allocs/op
  [4/4]  bench  MerkleCommit/sha512_256/Item1000/Count100000  28,973,965 ns/op ±1%   129,665,737 B/op ±0%   700,276 allocs/op ±0%    3.62s
  [1/4]  bench  MerkleCommit/sha512_256/Item100000/Count10  327,909 ns/op   1,072,387 B/op   117 allocs/op
  [2/4]  bench  MerkleCommit/sha512_256/Item100000/Count10  325,670 ns/op   1,072,390 B/op   117 allocs/op
  [3/4]  bench  MerkleCommit/sha512_256/Item100000/Count10  327,042 ns/op   1,072,391 B/op   117 allocs/op
  [4/4]  bench  MerkleCommit/sha512_256/Item100000/Count10  326,634 ns/op ±1%   1,072,394 B/op ±0%   117 allocs/op    3.53s
  [1/4]  bench  MerkleCommit/sha512_256/Item100000/Count100  1,916,386 ns/op   10,685,834 B/op   781 allocs/op
  [2/4]  bench  MerkleCommit/sha512_256/Item100000/Count100  1,925,964 ns/op   10,685,835 B/op   781 allocs/op
  [3/4]  bench  MerkleCommit/sha512_256/Item100000/Count100  1,927,208 ns/op   10,685,844 B/op   781 allocs/op
  [4/4]  bench  MerkleCommit/sha512_256/Item100000/Count100  1,935,650 ns/op ±1%   10,685,840 B/op ±0%   781 allocs/op    4.14s
  [1/4]  bench  MerkleCommit/sha512_256/Item100000/Count1000  17,647,752 ns/op   106,782,867 B/op   7,115 allocs/op
  [2/4]  bench  MerkleCommit/sha512_256/Item100000/Count1000  17,711,429 ns/op   106,782,649 B/op   7,113 allocs/op
  [3/4]  bench  MerkleCommit/sha512_256/Item100000/Count1000  17,655,907 ns/op   106,782,723 B/op   7,113 allocs/op
  [4/4]  bench  MerkleCommit/sha512_256/Item100000/Count1000  17,709,009 ns/op ±1%   106,782,646 B/op ±0%   7,113 allocs/op ±0%    3.58s
  [1/4]  bench  MerkleCommit/sha512_256/Item100000/Count10000  160,433,250 ns/op   1,067,730,899 B/op   70,226 allocs/op
  [2/4]  bench  MerkleCommit/sha512_256/Item100000/Count10000  163,513,030 ns/op   1,067,731,074 B/op   70,227 allocs/op
  [3/4]  bench  MerkleCommit/sha512_256/Item100000/Count10000  161,968,171 ns/op   1,067,731,247 B/op   70,229 allocs/op
  [4/4]  bench  MerkleCommit/sha512_256/Item100000/Count10000  162,166,359 ns/op ±2%   1,067,731,406 B/op ±0%   70,232 allocs/op ±0%    3.89s
  [1/4]  bench  MerkleCommit/sha512_256/Item100000/Count100000  1,340,666,459 ns/op   10,676,928,264 B/op   700,536 allocs/op
  [2/4]  bench  MerkleCommit/sha512_256/Item100000/Count100000  1,362,722,625 ns/op   10,676,938,008 B/op   700,623 allocs/op
  [3/4]  bench  MerkleCommit/sha512_256/Item100000/Count100000  1,365,396,083 ns/op   10,676,937,352 B/op   700,616 allocs/op
  [4/4]  bench  MerkleCommit/sha512_256/Item100000/Count100000  1,362,937,792 ns/op ±2%   10,676,936,832 B/op ±0%   700,616 allocs/op ±0%    4.11s
  [1/4]  bench  MerkleCommit/sumhash/Item10/Count10   52,149 ns/op   16,779 B/op   217 allocs/op
  [2/4]  bench  MerkleCommit/sumhash/Item10/Count10   52,553 ns/op   16,784 B/op   217 allocs/op
  [3/4]  bench  MerkleCommit/sumhash/Item10/Count10   52,580 ns/op   16,780 B/op   217 allocs/op
  [4/4]  bench  MerkleCommit/sumhash/Item10/Count10   52,501 ns/op ±1%   16,781 B/op ±0%   217 allocs/op ±0%    5.21s
  [1/4]  bench  MerkleCommit/sumhash/Item10/Count100  242,207 ns/op   134,838 B/op   1,723 allocs/op
  [2/4]  bench  MerkleCommit/sumhash/Item10/Count100  240,093 ns/op   134,863 B/op   1,723 allocs/op
  [3/4]  bench  MerkleCommit/sumhash/Item10/Count100  240,016 ns/op   134,853 B/op   1,723 allocs/op
  [4/4]  bench  MerkleCommit/sumhash/Item10/Count100  239,851 ns/op ±1%   134,859 B/op ±0%   1,723 allocs/op    3.63s
  [1/4]  bench  MerkleCommit/sumhash/Item10/Count1000  1,087,556 ns/op   1,268,750 B/op   16,241 allocs/op
  [2/4]  bench  MerkleCommit/sumhash/Item10/Count1000  1,082,087 ns/op   1,268,826 B/op   16,242 allocs/op
  [3/4]  bench  MerkleCommit/sumhash/Item10/Count1000  1,084,878 ns/op   1,268,784 B/op   16,241 allocs/op
  [4/4]  bench  MerkleCommit/sumhash/Item10/Count1000  1,083,133 ns/op ±1%   1,268,790 B/op ±0%   16,241 allocs/op ±0%    3.94s
  [1/4]  bench  MerkleCommit/sumhash/Item10/Count10000  12,056,397 ns/op   12,534,562 B/op   160,425 allocs/op
  [2/4]  bench  MerkleCommit/sumhash/Item10/Count10000  10,120,647 ns/op   12,534,483 B/op   160,425 allocs/op
  [3/4]  bench  MerkleCommit/sumhash/Item10/Count10000  10,716,566 ns/op   12,532,952 B/op   160,406 allocs/op
  [4/4]  bench  MerkleCommit/sumhash/Item10/Count10000  9,797,366 ns/op ±26%   12,533,759 B/op ±0%   160,416 allocs/op ±0%    6.22s
  [1/4]  bench  MerkleCommit/sumhash/Item10/Count100000  63,603,012 ns/op   124,882,068 B/op   1,600,609 allocs/op
  [2/4]  bench  MerkleCommit/sumhash/Item10/Count100000  61,005,654 ns/op   124,882,723 B/op   1,600,617 allocs/op
  [3/4]  bench  MerkleCommit/sumhash/Item10/Count100000  60,197,254 ns/op   124,882,727 B/op   1,600,617 allocs/op
  [4/4]  bench  MerkleCommit/sumhash/Item10/Count100000  65,992,053 ns/op ±19%   124,880,832 B/op ±0%   1,600,595 allocs/op ±0%    4.25s
  [1/4]  bench  MerkleCommit/sumhash/Item1000/Count10  117,138 ns/op   28,483 B/op   231 allocs/op
  [2/4]  bench  MerkleCommit/sumhash/Item1000/Count10  113,658 ns/op   28,497 B/op   231 allocs/op
  [3/4]  bench  MerkleCommit/sumhash/Item1000/Count10  115,448 ns/op   28,505 B/op   231 allocs/op
  [4/4]  bench  MerkleCommit/sumhash/Item1000/Count10  114,603 ns/op ±4%   28,504 B/op ±0%   231 allocs/op    3.45s
  [1/4]  bench  MerkleCommit/sumhash/Item1000/Count100  492,679 ns/op   249,442 B/op   1,835 allocs/op
  [2/4]  bench  MerkleCommit/sumhash/Item1000/Count100  481,435 ns/op   249,581 B/op   1,837 allocs/op
  [3/4]  bench  MerkleCommit/sumhash/Item1000/Count100  478,290 ns/op   249,688 B/op   1,838 allocs/op
  [4/4]  bench  MerkleCommit/sumhash/Item1000/Count100  475,928 ns/op ±3%   249,750 B/op ±0%   1,838 allocs/op ±0%    3.55s
  [1/4]  bench  MerkleCommit/sumhash/Item1000/Count1000  2,598,598 ns/op   2,405,809 B/op   17,253 allocs/op
  [2/4]  bench  MerkleCommit/sumhash/Item1000/Count1000  2,615,438 ns/op   2,405,868 B/op   17,254 allocs/op
  [3/4]  bench  MerkleCommit/sumhash/Item1000/Count1000  2,616,909 ns/op   2,405,860 B/op   17,254 allocs/op
  [4/4]  bench  MerkleCommit/sumhash/Item1000/Count1000  2,620,474 ns/op ±1%   2,405,869 B/op ±0%   17,254 allocs/op ±0%    4.2s
  [1/4]  bench  MerkleCommit/sumhash/Item1000/Count10000  20,715,552 ns/op   23,897,392 B/op   170,458 allocs/op
  [2/4]  bench  MerkleCommit/sumhash/Item1000/Count10000  21,177,289 ns/op   23,897,264 B/op   170,457 allocs/op
  [3/4]  bench  MerkleCommit/sumhash/Item1000/Count10000  21,024,244 ns/op   23,897,449 B/op   170,459 allocs/op
  [4/4]  bench  MerkleCommit/sumhash/Item1000/Count10000  21,176,356 ns/op ±2%   23,897,287 B/op ±0%   170,457 allocs/op ±0%    3.71s
  [1/4]  bench  MerkleCommit/sumhash/Item1000/Count100000  188,279,493 ns/op   238,484,765 B/op   1,700,638 allocs/op
  [2/4]  bench  MerkleCommit/sumhash/Item1000/Count100000  196,966,445 ns/op   238,483,753 B/op   1,700,627 allocs/op
  [3/4]  bench  MerkleCommit/sumhash/Item1000/Count100000  194,971,484 ns/op   238,484,224 B/op   1,700,632 allocs/op
  [4/4]  bench  MerkleCommit/sumhash/Item1000/Count100000  195,644,089 ns/op ±4%   238,484,191 B/op ±0%   1,700,632 allocs/op ±0%    4.14s
  [1/4]  bench  MerkleCommit/sumhash/Item100000/Count10  2,137,799 ns/op   1,085,603 B/op   259 allocs/op
  [2/4]  bench  MerkleCommit/sumhash/Item100000/Count10  2,185,152 ns/op   1,085,591 B/op   259 allocs/op
  [3/4]  bench  MerkleCommit/sumhash/Item100000/Count10  2,168,044 ns/op   1,085,601 B/op   259 allocs/op
  [4/4]  bench  MerkleCommit/sumhash/Item100000/Count10  2,213,188 ns/op ±5%   1,085,582 B/op ±0%   259 allocs/op ±0%    4.41s
  [1/4]  bench  MerkleCommit/sumhash/Item100000/Count100  15,945,164 ns/op   10,798,496 B/op   1,856 allocs/op
  [2/4]  bench  MerkleCommit/sumhash/Item100000/Count100  16,316,986 ns/op   10,798,423 B/op   1,855 allocs/op
  [3/4]  bench  MerkleCommit/sumhash/Item100000/Count100  16,330,924 ns/op   10,798,418 B/op   1,855 allocs/op
  [4/4]  bench  MerkleCommit/sumhash/Item100000/Count100  16,695,251 ns/op ±6%   10,798,417 B/op ±0%   1,855 allocs/op ±0%    3.66s
  [1/4]  bench  MerkleCommit/sumhash/Item100000/Count1000  155,275,274 ns/op   107,877,528 B/op   17,246 allocs/op
  [2/4]  bench  MerkleCommit/sumhash/Item100000/Count1000  157,038,057 ns/op   107,877,461 B/op   17,246 allocs/op
  [3/4]  bench  MerkleCommit/sumhash/Item100000/Count1000  154,091,069 ns/op   107,877,535 B/op   17,246 allocs/op
  [4/4]  bench  MerkleCommit/sumhash/Item100000/Count1000  152,991,329 ns/op ±3%   107,877,660 B/op ±0%   17,247 allocs/op ±0%    4.59s
  [1/4]  bench  MerkleCommit/sumhash/Item100000/Count10000  1,468,720,834 ns/op   1,078,621,272 B/op   170,463 allocs/op
  [2/4]  bench  MerkleCommit/sumhash/Item100000/Count10000  1,488,311,771 ns/op   1,078,621,952 B/op   170,475 allocs/op
  [3/4]  bench  MerkleCommit/sumhash/Item100000/Count10000  1,511,059,070 ns/op   1,078,621,405 B/op   170,472 allocs/op
  [4/4]  bench  MerkleCommit/sumhash/Item100000/Count10000  1,509,975,854 ns/op ±3%   1,078,621,432 B/op ±0%   170,472 allocs/op ±0%    4.57s
  [1/4]  bench  MerkleCommit/sumhash/Item100000/Count100000  15,345,786,875 ns/op   10,785,704,424 B/op   1,700,589 allocs/op
  [2/4]  bench  MerkleCommit/sumhash/Item100000/Count100000  15,409,527,688 ns/op   10,785,705,904 B/op   1,700,645 allocs/op
  [3/4]  bench  MerkleCommit/sumhash/Item100000/Count100000  15,154,807,264 ns/op   10,785,706,936 B/op   1,700,666 allocs/op
  [4/4]  bench  MerkleCommit/sumhash/Item100000/Count100000  14,871,973,271 ns/op ±5%   10,785,705,900 B/op ±0%   1,700,658 allocs/op ±0%    44.14s
  [1/4]  bench  MerkleCommit/sha256/Item10/Count10    7,886 ns/op   5,513 B/op   107 allocs/op
  [2/4]  bench  MerkleCommit/sha256/Item10/Count10    8,012 ns/op   5,513 B/op   107 allocs/op
  [3/4]  bench  MerkleCommit/sha256/Item10/Count10    8,011 ns/op   5,512 B/op   107 allocs/op
  [4/4]  bench  MerkleCommit/sha256/Item10/Count10    8,047 ns/op ±2%   5,512 B/op ±0%   107 allocs/op    3.91s
  [1/4]  bench  MerkleCommit/sha256/Item10/Count100   39,817 ns/op   33,509 B/op   759 allocs/op
  [2/4]  bench  MerkleCommit/sha256/Item10/Count100   39,941 ns/op   33,503 B/op   759 allocs/op
  [3/4]  bench  MerkleCommit/sha256/Item10/Count100   40,023 ns/op   33,503 B/op   759 allocs/op
  [4/4]  bench  MerkleCommit/sha256/Item10/Count100   40,115 ns/op ±1%   33,493 B/op ±0%   759 allocs/op    4.78s
  [1/4]  bench  MerkleCommit/sha256/Item10/Count1000  230,127 ns/op   296,241 B/op   7,085 allocs/op
  [2/4]  bench  MerkleCommit/sha256/Item10/Count1000  227,618 ns/op   296,260 B/op   7,085 allocs/op
  [3/4]  bench  MerkleCommit/sha256/Item10/Count1000  226,417 ns/op   296,271 B/op   7,085 allocs/op
  [4/4]  bench  MerkleCommit/sha256/Item10/Count1000  225,877 ns/op ±1%   296,270 B/op ±0%   7,085 allocs/op    3.65s
  [1/4]  bench  MerkleCommit/sha256/Item10/Count10000  1,224,426 ns/op   2,913,860 B/op   70,168 allocs/op
  [2/4]  bench  MerkleCommit/sha256/Item10/Count10000  1,246,535 ns/op   2,913,698 B/op   70,167 allocs/op
  [3/4]  bench  MerkleCommit/sha256/Item10/Count10000  1,213,568 ns/op   2,913,901 B/op   70,169 allocs/op
  [4/4]  bench  MerkleCommit/sha256/Item10/Count10000  1,201,874 ns/op ±5%   2,913,935 B/op ±0%   70,169 allocs/op ±0%    3.99s
  [1/4]  bench  MerkleCommit/sha256/Item10/Count100000  7,189,849 ns/op   28,856,086 B/op   700,271 allocs/op
  [2/4]  bench  MerkleCommit/sha256/Item10/Count100000  7,090,135 ns/op   28,856,175 B/op   700,273 allocs/op
  [3/4]  bench  MerkleCommit/sha256/Item10/Count100000  7,086,241 ns/op   28,856,091 B/op   700,272 allocs/op
  [4/4]  bench  MerkleCommit/sha256/Item10/Count100000  7,089,573 ns/op ±1%   28,856,033 B/op ±0%   700,271 allocs/op ±0%    5.73s
  [1/4]  bench  MerkleCommit/sha256/Item1000/Count10  15,549 ns/op   15,656 B/op   107 allocs/op
  [2/4]  bench  MerkleCommit/sha256/Item1000/Count10  15,358 ns/op   15,656 B/op   107 allocs/op
  [3/4]  bench  MerkleCommit/sha256/Item1000/Count10  15,370 ns/op   15,656 B/op   107 allocs/op
  [4/4]  bench  MerkleCommit/sha256/Item1000/Count10  15,286 ns/op ±2%   15,656 B/op ±0%   107 allocs/op    4.07s
  [1/4]  bench  MerkleCommit/sha256/Item1000/Count100  75,581 ns/op   134,556 B/op   761 allocs/op
  [2/4]  bench  MerkleCommit/sha256/Item1000/Count100  76,568 ns/op   134,556 B/op   761 allocs/op
  [3/4]  bench  MerkleCommit/sha256/Item1000/Count100  76,988 ns/op   134,553 B/op   761 allocs/op
  [4/4]  bench  MerkleCommit/sha256/Item1000/Count100  76,139 ns/op ±3%   134,554 B/op ±0%   761 allocs/op    5.91s
  [1/4]  bench  MerkleCommit/sha256/Item1000/Count1000  424,143 ns/op   1,305,437 B/op   7,096 allocs/op
  [2/4]  bench  MerkleCommit/sha256/Item1000/Count1000  422,028 ns/op   1,305,462 B/op   7,097 allocs/op
  [3/4]  bench  MerkleCommit/sha256/Item1000/Count1000  424,237 ns/op   1,305,454 B/op   7,096 allocs/op
  [4/4]  bench  MerkleCommit/sha256/Item1000/Count1000  423,073 ns/op ±1%   1,305,465 B/op ±0%   7,097 allocs/op ±0%    3.74s
  [1/4]  bench  MerkleCommit/sha256/Item1000/Count10000  2,929,813 ns/op   12,995,140 B/op   70,180 allocs/op
  [2/4]  bench  MerkleCommit/sha256/Item1000/Count10000  2,900,481 ns/op   12,995,181 B/op   70,181 allocs/op
  [3/4]  bench  MerkleCommit/sha256/Item1000/Count10000  2,908,389 ns/op   12,995,155 B/op   70,180 allocs/op
  [4/4]  bench  MerkleCommit/sha256/Item1000/Count10000  2,925,008 ns/op ±2%   12,995,197 B/op ±0%   70,181 allocs/op ±0%    4.59s
  [1/4]  bench  MerkleCommit/sha256/Item1000/Count100000  27,433,549 ns/op   129,656,002 B/op   700,269 allocs/op
  [2/4]  bench  MerkleCommit/sha256/Item1000/Count100000  27,295,613 ns/op   129,656,054 B/op   700,270 allocs/op
  [3/4]  bench  MerkleCommit/sha256/Item1000/Count100000  27,268,783 ns/op   129,655,955 B/op   700,268 allocs/op
  [4/4]  bench  MerkleCommit/sha256/Item1000/Count100000  27,242,430 ns/op ±1%   129,656,003 B/op ±0%   700,269 allocs/op ±0%    3.78s
  [1/4]  bench  MerkleCommit/sha256/Item100000/Count10  233,914 ns/op   1,071,210 B/op   115 allocs/op
  [2/4]  bench  MerkleCommit/sha256/Item100000/Count10  231,664 ns/op   1,071,214 B/op   115 allocs/op
  [3/4]  bench  MerkleCommit/sha256/Item100000/Count10  232,269 ns/op   1,071,214 B/op   115 allocs/op
  [4/4]  bench  MerkleCommit/sha256/Item100000/Count10  231,651 ns/op ±1%   1,071,216 B/op ±0%   115 allocs/op    3.67s
  [1/4]  bench  MerkleCommit/sha256/Item100000/Count100  1,499,286 ns/op   10,683,717 B/op   780 allocs/op
  [2/4]  bench  MerkleCommit/sha256/Item100000/Count100  1,494,719 ns/op   10,683,709 B/op   780 allocs/op
  [3/4]  bench  MerkleCommit/sha256/Item100000/Count100  1,491,064 ns/op   10,683,707 B/op   779 allocs/op
  [4/4]  bench  MerkleCommit/sha256/Item100000/Count100  1,500,282 ns/op ±1%   10,683,707 B/op ±0%   780 allocs/op ±0%    3.97s
  [1/4]  bench  MerkleCommit/sha256/Item100000/Count1000  14,300,736 ns/op   106,779,528 B/op   7,110 allocs/op
  [2/4]  bench  MerkleCommit/sha256/Item100000/Count1000  14,437,813 ns/op   106,779,499 B/op   7,110 allocs/op
  [3/4]  bench  MerkleCommit/sha256/Item100000/Count1000  14,422,921 ns/op   106,779,567 B/op   7,110 allocs/op
  [4/4]  bench  MerkleCommit/sha256/Item100000/Count1000  14,491,993 ns/op ±1%   106,779,536 B/op ±0%   7,110 allocs/op ±0%    3.59s
  [1/4]  bench  MerkleCommit/sha256/Item100000/Count10000  132,466,188 ns/op   1,067,729,846 B/op   70,266 allocs/op
  [2/4]  bench  MerkleCommit/sha256/Item100000/Count10000  134,231,526 ns/op   1,067,728,190 B/op   70,249 allocs/op
  [3/4]  bench  MerkleCommit/sha256/Item100000/Count10000  134,197,392 ns/op   1,067,728,267 B/op   70,249 allocs/op
  [4/4]  bench  MerkleCommit/sha256/Item100000/Count10000  133,495,151 ns/op ±2%   1,067,728,038 B/op ±0%   70,247 allocs/op ±0%    3.61s
  [1/4]  bench  MerkleCommit/sha256/Item100000/Count100000  1,138,473,209 ns/op   10,676,924,504 B/op   700,574 allocs/op
  [2/4]  bench  MerkleCommit/sha256/Item100000/Count100000  1,138,219,938 ns/op   10,676,919,048 B/op   700,504 allocs/op
  [3/4]  bench  MerkleCommit/sha256/Item100000/Count100000  1,147,984,708 ns/op   10,676,923,832 B/op   700,544 allocs/op
  [4/4]  bench  MerkleCommit/sha256/Item100000/Count100000  1,145,196,115 ns/op ±1%   10,676,923,024 B/op ±0%   700,532 allocs/op ±0%    3.44s
  [1/4]  bench  AppendMsgBlockHeader                  31.9 ns/op   31.4 MB/s   0.000 B/op   0.000 allocs/op
  [2/4]  bench  AppendMsgBlockHeader                  32.0 ns/op   31.2 MB/s   0.000 B/op   0.000 allocs/op
  [3/4]  bench  AppendMsgBlockHeader                  32.0 ns/op   31.3 MB/s   0.000 B/op   0.000 allocs/op
  [4/4]  bench  AppendMsgBlockHeader                  32.0 ns/op ±0%   31.2 MB/s ±0%   0.000 B/op   0.000 allocs/op    3.72s
  [1/4]  bench  AppendMsgSignedTxn                    74.2 ns/op   13.5 MB/s   0.000 B/op   0.000 allocs/op
  [2/4]  bench  AppendMsgSignedTxn                    73.8 ns/op   13.6 MB/s   0.000 B/op   0.000 allocs/op
  [3/4]  bench  AppendMsgSignedTxn                    73.8 ns/op   13.6 MB/s   0.000 B/op   0.000 allocs/op
  [4/4]  bench  AppendMsgSignedTxn                    73.7 ns/op ±1%   13.6 MB/s ±1%   0.000 B/op   0.000 allocs/op    3.79s
  [1/4]  bench  PaysetGroups                          5,657 ns/op   128,622 B/op   8.00 allocs/op
  [2/4]  bench  PaysetGroups                          5,709 ns/op   130,534 B/op   8.00 allocs/op
  [3/4]  bench  PaysetGroups                          5,708 ns/op   129,422 B/op   8.00 allocs/op
  [4/4]  bench  PaysetGroups                          5,711 ns/op ±1%   129,726 B/op ±2%   8.00 allocs/op    26.03s
  [1/4]  bench  Txn                                   41,283 ns/op   9,405 B/op   12.0 allocs/op
  [2/4]  bench  Txn                                   41,275 ns/op   9,405 B/op   12.0 allocs/op
  [3/4]  bench  Txn                                   41,641 ns/op   9,404 B/op   12.0 allocs/op
  [4/4]  bench  Txn                                   41,500 ns/op ±2%   9,405 B/op ±0%   12.0 allocs/op    9.1s
  [1/4]  bench  TxHandlerProcessing/processDecoded    9,625 ns/op   4,336 B/op   33.0 allocs/op
  [2/4]  bench  TxHandlerProcessing/processDecoded    9,739 ns/op   4,336 B/op   33.0 allocs/op
  [3/4]  bench  TxHandlerProcessing/processDecoded    9,761 ns/op   4,336 B/op   33.0 allocs/op
  [4/4]  bench  TxHandlerProcessing/processDecoded    9,752 ns/op ±1%   4,336 B/op   33.0 allocs/op    9.51s
  [1/4]  bench  TxHandlerProcessing/verify.TxnGroup   41,245 ns/op   11,328 B/op   16.0 allocs/op
  [2/4]  bench  TxHandlerProcessing/verify.TxnGroup   41,044 ns/op   11,328 B/op   16.0 allocs/op
  [3/4]  bench  TxHandlerProcessing/verify.TxnGroup   41,137 ns/op   11,328 B/op   16.0 allocs/op
  [4/4]  bench  TxHandlerProcessing/verify.TxnGroup   41,155 ns/op ±1%   11,328 B/op   16.0 allocs/op    6.52s
  [1/4]  bench  CompactDeltas/account-deltas          1,489,971 ns/op   4,135,545 B/op   0.000 allocs/op
  [2/4]  bench  CompactDeltas/account-deltas          1,432,201 ns/op   4,131,485 B/op   0.000 allocs/op
  [3/4]  bench  CompactDeltas/account-deltas          1,420,205 ns/op   4,129,832 B/op   0.000 allocs/op
  [4/4]  bench  CompactDeltas/account-deltas          1,410,704 ns/op ±4%   4,131,721 B/op ±0%   0.000 allocs/op    17.48s
