  [1/4]  bench  MerkleCommit/sha512_256/Item10/Count10  18,653 ns/op   5,901 B/op   107 allocs/op
  [2/4]  bench  MerkleCommit/sha512_256/Item10/Count10  18,415 ns/op   5,901 B/op   107 allocs/op
  [3/4]  bench  MerkleCommit/sha512_256/Item10/Count10  18,836 ns/op   5,901 B/op   107 allocs/op
  [4/4]  bench  MerkleCommit/sha512_256/Item10/Count10  19,055 ns/op ±4%   5,901 B/op ±0%   107 allocs/op    4.22s
  [1/4]  bench  MerkleCommit/sha512_256/Item10/Count100  84,874 ns/op   34,038 B/op   757 allocs/op
  [2/4]  bench  MerkleCommit/sha512_256/Item10/Count100  82,384 ns/op   34,048 B/op   757 allocs/op
  [3/4]  bench  MerkleCommit/sha512_256/Item10/Count100  82,403 ns/op   34,049 B/op   757 allocs/op
  [4/4]  bench  MerkleCommit/sha512_256/Item10/Count100  81,168 ns/op ±5%   34,056 B/op ±0%   757 allocs/op ±0%    6.03s
  [1/4]  bench  MerkleCommit/sha512_256/Item10/Count1000  370,607 ns/op   297,433 B/op   7,082 allocs/op
  [2/4]  bench  MerkleCommit/sha512_256/Item10/Count1000  365,495 ns/op   297,438 B/op   7,082 allocs/op
  [3/4]  bench  MerkleCommit/sha512_256/Item10/Count1000  372,775 ns/op   297,390 B/op   7,082 allocs/op
  [4/4]  bench  MerkleCommit/sha512_256/Item10/Count1000  378,355 ns/op ±5%   297,377 B/op ±0%   7,082 allocs/op ±0%    3.92s
  [1/4]  bench  MerkleCommit/sha512_256/Item10/Count10000  2,008,716 ns/op   2,916,128 B/op   70,155 allocs/op
  [2/4]  bench  MerkleCommit/sha512_256/Item10/Count10000  2,004,813 ns/op   2,916,273 B/op   70,156 allocs/op
  [3/4]  bench  MerkleCommit/sha512_256/Item10/Count10000  2,022,280 ns/op   2,916,239 B/op   70,156 allocs/op
  [4/4]  bench  MerkleCommit/sha512_256/Item10/Count10000  2,009,034 ns/op ±2%   2,916,322 B/op ±0%   70,156 allocs/op ±0%    4.08s
  [1/4]  bench  MerkleCommit/sha512_256/Item10/Count100000  13,805,422 ns/op   28,858,243 B/op   700,231 allocs/op
  [2/4]  bench  MerkleCommit/sha512_256/Item10/Count100000  13,430,331 ns/op   28,858,414 B/op   700,232 allocs/op
  [3/4]  bench  MerkleCommit/sha512_256/Item10/Count100000  13,483,211 ns/op   28,858,296 B/op   700,231 allocs/op
  [4/4]  bench  MerkleCommit/sha512_256/Item10/Count100000  13,266,035 ns/op ±4%   28,858,413 B/op ±0%   700,232 allocs/op ±0%    3.33s
  [1/4]  bench  MerkleCommit/sha512_256/Item1000/Count10  27,875 ns/op   16,019 B/op   107 allocs/op
  [2/4]  bench  MerkleCommit/sha512_256/Item1000/Count10  29,647 ns/op   16,016 B/op   107 allocs/op
  [3/4]  bench  MerkleCommit/sha512_256/Item1000/Count10  30,571 ns/op   16,016 B/op   107 allocs/op
  [4/4]  bench  MerkleCommit/sha512_256/Item1000/Count10  30,465 ns/op ±7%   16,016 B/op ±0%   107 allocs/op    4.59s
  [1/4]  bench  MerkleCommit/sha512_256/Item1000/Count100  147,273 ns/op   135,230 B/op   760 allocs/op
  [2/4]  bench  MerkleCommit/sha512_256/Item1000/Count100  143,657 ns/op   135,235 B/op   760 allocs/op
  [3/4]  bench  MerkleCommit/sha512_256/Item1000/Count100  143,610 ns/op   135,235 B/op   760 allocs/op
  [4/4]  bench  MerkleCommit/sha512_256/Item1000/Count100  139,135 ns/op ±8%   135,244 B/op ±0%   760 allocs/op    4.38s
  [1/4]  bench  MerkleCommit/sha512_256/Item1000/Count1000  790,868 ns/op   1,306,408 B/op   7,089 allocs/op
  [2/4]  bench  MerkleCommit/sha512_256/Item1000/Count1000  754,083 ns/op   1,306,449 B/op   7,089 allocs/op
  [3/4]  bench  MerkleCommit/sha512_256/Item1000/Count1000  780,064 ns/op   1,306,412 B/op   7,089 allocs/op
  [4/4]  bench  MerkleCommit/sha512_256/Item1000/Count1000  769,911 ns/op ±7%   1,306,426 B/op ±0%   7,089 allocs/op ±0%    3.8s
  [1/4]  bench  MerkleCommit/sha512_256/Item1000/Count10000  6,940,879 ns/op   12,996,678 B/op   70,159 allocs/op
  [2/4]  bench  MerkleCommit/sha512_256/Item1000/Count10000  6,147,435 ns/op   12,996,821 B/op   70,160 allocs/op
  [3/4]  bench  MerkleCommit/sha512_256/Item1000/Count10000  5,658,968 ns/op   12,996,830 B/op   70,160 allocs/op
  [4/4]  bench  MerkleCommit/sha512_256/Item1000/Count10000  5,426,758 ns/op ±21%   12,996,872 B/op ±0%   70,160 allocs/op ±0%    5.19s
  [1/4]  bench  MerkleCommit/sha512_256/Item1000/Count100000  36,382,361 ns/op   129,659,226 B/op   700,237 allocs/op
  [2/4]  bench  MerkleCommit/sha512_256/Item1000/Count100000  38,126,022 ns/op   129,659,326 B/op   700,238 allocs/op
  [3/4]  bench  MerkleCommit/sha512_256/Item1000/Count100000  37,940,151 ns/op   129,659,350 B/op   700,238 allocs/op
  [4/4]  bench  MerkleCommit/sha512_256/Item1000/Count100000  38,646,271 ns/op ±6%   129,659,382 B/op ±0%   700,238 allocs/op ±0%    3.87s
  [1/4]  bench  MerkleCommit/sha512_256/Item100000/Count10  529,675 ns/op   1,071,860 B/op   114 allocs/op
  [2/4]  bench  MerkleCommit/sha512_256/Item100000/Count10  617,481 ns/op   1,071,783 B/op   114 allocs/op
  [3/4]  bench  MerkleCommit/sha512_256/Item100000/Count10  599,025 ns/op   1,071,804 B/op   114 allocs/op
  [4/4]  bench  MerkleCommit/sha512_256/Item100000/Count10  604,076 ns/op ±15%   1,071,807 B/op ±0%   114 allocs/op ±0%    3.96s
  [1/4]  bench  MerkleCommit/sha512_256/Item100000/Count100  3,193,496 ns/op   10,685,028 B/op   777 allocs/op
  [2/4]  bench  MerkleCommit/sha512_256/Item100000/Count100  3,164,710 ns/op   10,685,001 B/op   777 allocs/op
  [3/4]  bench  MerkleCommit/sha512_256/Item100000/Count100  3,120,108 ns/op   10,685,045 B/op   777 allocs/op
  [4/4]  bench  MerkleCommit/sha512_256/Item100000/Count100  3,130,336 ns/op ±3%   10,685,074 B/op ±0%   777 allocs/op ±0%    4.48s
  [1/4]  bench  MerkleCommit/sha512_256/Item100000/Count1000  20,127,198 ns/op   106,780,098 B/op   7,099 allocs/op
  [2/4]  bench  MerkleCommit/sha512_256/Item100000/Count1000  21,249,769 ns/op   106,780,148 B/op   7,099 allocs/op
  [3/4]  bench  MerkleCommit/sha512_256/Item100000/Count1000  21,388,190 ns/op   106,780,146 B/op   7,099 allocs/op
  [4/4]  bench  MerkleCommit/sha512_256/Item100000/Count1000  22,016,913 ns/op ±9%   106,780,126 B/op ±0%   7,099 allocs/op ±0%    5.4s
  [1/4]  bench  MerkleCommit/sha512_256/Item100000/Count10000  186,493,264 ns/op   1,067,720,973 B/op   70,177 allocs/op
  [2/4]  bench  MerkleCommit/sha512_256/Item100000/Count10000  191,428,368 ns/op   1,067,719,755 B/op   70,170 allocs/op
  [3/4]  bench  MerkleCommit/sha512_256/Item100000/Count10000  182,700,593 ns/op   1,067,719,719 B/op   70,170 allocs/op
  [4/4]  bench  MerkleCommit/sha512_256/Item100000/Count10000  180,733,893 ns/op ±9%   1,067,719,749 B/op ±0%   70,170 allocs/op ±0%    6.51s
  [1/4]  bench  MerkleCommit/sha512_256/Item100000/Count100000  1,592,946,042 ns/op   10,676,872,392 B/op   700,295 allocs/op
  [2/4]  bench  MerkleCommit/sha512_256/Item100000/Count100000  2,693,819,000 ns/op   10,676,867,832 B/op   700,280 allocs/op
  [3/4]  bench  MerkleCommit/sha512_256/Item100000/Count100000  2,477,357,944 ns/op   10,676,864,355 B/op   700,260 allocs/op
  [4/4]  bench  MerkleCommit/sha512_256/Item100000/Count100000  2,414,985,511 ns/op ±46%   10,676,862,728 B/op ±0%   700,252 allocs/op ±0%    8.08s
  [1/4]  bench  MerkleCommit/sumhash/Item10/Count10   101,088 ns/op   16,432 B/op   214 allocs/op
  [2/4]  bench  MerkleCommit/sumhash/Item10/Count10   100,849 ns/op   16,417 B/op   214 allocs/op
  [3/4]  bench  MerkleCommit/sumhash/Item10/Count10   98,262 ns/op   16,414 B/op   213 allocs/op
  [4/4]  bench  MerkleCommit/sumhash/Item10/Count10   102,768 ns/op ±11%   16,407 B/op ±0%   213 allocs/op ±0%    4.35s
  [1/4]  bench  MerkleCommit/sumhash/Item10/Count100  640,270 ns/op   133,017 B/op   1,703 allocs/op
  [2/4]  bench  MerkleCommit/sumhash/Item10/Count100  583,099 ns/op   133,153 B/op   1,705 allocs/op
  [3/4]  bench  MerkleCommit/sumhash/Item10/Count100  567,162 ns/op   133,202 B/op   1,705 allocs/op
  [4/4]  bench  MerkleCommit/sumhash/Item10/Count100  568,434 ns/op ±10%   133,225 B/op ±0%   1,705 allocs/op ±0%    3.95s
  [1/4]  bench  MerkleCommit/sumhash/Item10/Count1000  2,703,452 ns/op   1,263,272 B/op   16,179 allocs/op
  [2/4]  bench  MerkleCommit/sumhash/Item10/Count1000  2,536,049 ns/op   1,263,599 B/op   16,183 allocs/op
  [3/4]  bench  MerkleCommit/sumhash/Item10/Count1000  2,368,220 ns/op   1,263,981 B/op   16,188 allocs/op
  [4/4]  bench  MerkleCommit/sumhash/Item10/Count1000  2,236,404 ns/op ±19%   1,264,129 B/op ±0%   16,190 allocs/op ±0%    4.08s
  [1/4]  bench  MerkleCommit/sumhash/Item10/Count10000  11,589,178 ns/op   12,528,512 B/op   160,356 allocs/op
  [2/4]  bench  MerkleCommit/sumhash/Item10/Count10000  11,426,265 ns/op   12,528,720 B/op   160,358 allocs/op
  [3/4]  bench  MerkleCommit/sumhash/Item10/Count10000  11,627,244 ns/op   12,528,626 B/op   160,357 allocs/op
  [4/4]  bench  MerkleCommit/sumhash/Item10/Count10000  11,464,971 ns/op ±5%   12,528,612 B/op ±0%   160,357 allocs/op ±0%    3.46s
  [1/4]  bench  MerkleCommit/sumhash/Item10/Count100000  89,682,926 ns/op   124,874,057 B/op   1,600,516 allocs/op
  [2/4]  bench  MerkleCommit/sumhash/Item10/Count100000  89,693,261 ns/op   124,874,450 B/op   1,600,521 allocs/op
  [3/4]  bench  MerkleCommit/sumhash/Item10/Count100000  88,923,660 ns/op   124,873,871 B/op   1,600,515 allocs/op
  [4/4]  bench  MerkleCommit/sumhash/Item10/Count100000  87,881,711 ns/op ±3%   124,873,554 B/op ±0%   1,600,512 allocs/op ±0%    4.73s
  [1/4]  bench  MerkleCommit/sumhash/Item1000/Count10  182,707 ns/op   28,308 B/op   230 allocs/op
  [2/4]  bench  MerkleCommit/sumhash/Item1000/Count10  174,471 ns/op   28,323 B/op   230 allocs/op
  [3/4]  bench  MerkleCommit/sumhash/Item1000/Count10  172,684 ns/op   28,314 B/op   230 allocs/op
  [4/4]  bench  MerkleCommit/sumhash/Item1000/Count10  176,378 ns/op ±6%   28,311 B/op ±0%   230 allocs/op    3.95s
  [1/4]  bench  MerkleCommit/sumhash/Item1000/Count100  896,778 ns/op   248,062 B/op   1,820 allocs/op
  [2/4]  bench  MerkleCommit/sumhash/Item1000/Count100  872,644 ns/op   248,175 B/op   1,822 allocs/op
  [3/4]  bench  MerkleCommit/sumhash/Item1000/Count100  867,616 ns/op   248,200 B/op   1,822 allocs/op
  [4/4]  bench  MerkleCommit/sumhash/Item1000/Count100  842,036 ns/op ±8%   248,189 B/op ±0%   1,822 allocs/op ±0%    3.66s
  [1/4]  bench  MerkleCommit/sumhash/Item1000/Count1000  5,269,920 ns/op   2,400,499 B/op   17,194 allocs/op
  [2/4]  bench  MerkleCommit/sumhash/Item1000/Count1000  4,751,229 ns/op   2,400,433 B/op   17,193 allocs/op
  [3/4]  bench  MerkleCommit/sumhash/Item1000/Count1000  4,896,193 ns/op   2,400,414 B/op   17,193 allocs/op
  [4/4]  bench  MerkleCommit/sumhash/Item1000/Count1000  5,083,413 ns/op ±14%   2,400,253 B/op ±0%   17,191 allocs/op ±0%    5.14s
  [1/4]  bench  MerkleCommit/sumhash/Item1000/Count10000  37,335,293 ns/op   23,887,404 B/op   170,343 allocs/op
  [2/4]  bench  MerkleCommit/sumhash/Item1000/Count10000  35,505,669 ns/op   23,886,850 B/op   170,337 allocs/op
  [3/4]  bench  MerkleCommit/sumhash/Item1000/Count10000  35,501,989 ns/op   23,886,865 B/op   170,337 allocs/op
  [4/4]  bench  MerkleCommit/sumhash/Item1000/Count10000  35,225,212 ns/op ±5%   23,887,125 B/op ±0%   170,340 allocs/op ±0%    5.37s
  [1/4]  bench  MerkleCommit/sumhash/Item1000/Count100000  299,224,438 ns/op   238,471,780 B/op   1,700,491 allocs/op
  [2/4]  bench  MerkleCommit/sumhash/Item1000/Count100000  293,027,454 ns/op   238,472,028 B/op   1,700,494 allocs/op
  [3/4]  bench  MerkleCommit/sumhash/Item1000/Count100000  294,788,636 ns/op   238,471,865 B/op   1,700,492 allocs/op
  [4/4]  bench  MerkleCommit/sumhash/Item1000/Count100000  286,297,117 ns/op ±7%   238,471,905 B/op ±0%   1,700,493 allocs/op ±0%    8.06s
  [1/4]  bench  MerkleCommit/sumhash/Item100000/Count10  3,833,792 ns/op   1,084,784 B/op   251 allocs/op
  [2/4]  bench  MerkleCommit/sumhash/Item100000/Count10  3,593,277 ns/op   1,084,880 B/op   252 allocs/op
  [3/4]  bench  MerkleCommit/sumhash/Item100000/Count10  3,534,049 ns/op   1,084,900 B/op   252 allocs/op
  [4/4]  bench  MerkleCommit/sumhash/Item100000/Count10  3,472,558 ns/op ±8%   1,084,902 B/op ±0%   252 allocs/op ±0%    4.51s
  [1/4]  bench  MerkleCommit/sumhash/Item100000/Count100  21,564,334 ns/op   10,796,595 B/op   1,835 allocs/op
  [2/4]  bench  MerkleCommit/sumhash/Item100000/Count100  21,416,868 ns/op   10,796,536 B/op   1,835 allocs/op
  [3/4]  bench  MerkleCommit/sumhash/Item100000/Count100  21,837,726 ns/op   10,796,498 B/op   1,834 allocs/op
  [4/4]  bench  MerkleCommit/sumhash/Item100000/Count100  21,943,857 ns/op ±3%   10,796,507 B/op ±0%   1,834 allocs/op ±0%    3.49s
  [1/4]  bench  MerkleCommit/sumhash/Item100000/Count1000  190,956,750 ns/op   107,872,754 B/op   17,195 allocs/op
  [2/4]  bench  MerkleCommit/sumhash/Item100000/Count1000  184,804,281 ns/op   107,872,654 B/op   17,194 allocs/op
  [3/4]  bench  MerkleCommit/sumhash/Item100000/Count1000  185,750,032 ns/op   107,872,303 B/op   17,190 allocs/op
  [4/4]  bench  MerkleCommit/sumhash/Item100000/Count1000  185,665,767 ns/op ±3%   107,872,796 B/op ±0%   17,196 allocs/op ±0%    3.86s
  [1/4]  bench  MerkleCommit/sumhash/Item100000/Count10000  1,837,070,459 ns/op   1,078,613,832 B/op   170,403 allocs/op
  [2/4]  bench  MerkleCommit/sumhash/Item100000/Count10000  1,799,179,688 ns/op   1,078,610,760 B/op   170,367 allocs/op
  [3/4]  bench  MerkleCommit/sumhash/Item100000/Count10000  1,739,167,764 ns/op   1,078,610,851 B/op   170,368 allocs/op
  [4/4]  bench  MerkleCommit/sumhash/Item100000/Count10000  1,748,143,761 ns/op ±6%   1,078,611,056 B/op ±0%   170,368 allocs/op ±0%    5.16s
  [1/4]  bench  MerkleCommit/sumhash/Item100000/Count100000  17,147,477,417 ns/op   10,785,693,208 B/op   1,700,598 allocs/op
  [2/4]  bench  MerkleCommit/sumhash/Item100000/Count100000  17,201,446,855 ns/op   10,785,695,204 B/op   1,700,632 allocs/op
  [3/4]  bench  MerkleCommit/sumhash/Item100000/Count100000  17,153,555,709 ns/op   10,785,695,669 B/op   1,700,642 allocs/op
  [4/4]  bench  MerkleCommit/sumhash/Item100000/Count100000  17,132,294,292 ns/op ±1%   10,785,693,370 B/op ±0%   1,700,621 allocs/op ±0%    51.38s
  [1/4]  bench  MerkleCommit/sha256/Item10/Count10    10,719 ns/op   5,412 B/op   107 allocs/op
  [2/4]  bench  MerkleCommit/sha256/Item10/Count10    10,740 ns/op   5,412 B/op   107 allocs/op
  [3/4]  bench  MerkleCommit/sha256/Item10/Count10    11,272 ns/op   5,412 B/op   107 allocs/op
  [4/4]  bench  MerkleCommit/sha256/Item10/Count10    11,285 ns/op ±7%   5,412 B/op ±0%   107 allocs/op    4.06s
  [1/4]  bench  MerkleCommit/sha256/Item10/Count100   69,941 ns/op   33,147 B/op   757 allocs/op
  [2/4]  bench  MerkleCommit/sha256/Item10/Count100   62,204 ns/op   33,146 B/op   757 allocs/op
  [3/4]  bench  MerkleCommit/sha256/Item10/Count100   59,378 ns/op   33,148 B/op   757 allocs/op
  [4/4]  bench  MerkleCommit/sha256/Item10/Count100   58,091 ns/op ±14%   33,152 B/op ±0%   757 allocs/op    5.2s
  [1/4]  bench  MerkleCommit/sha256/Item10/Count1000  286,758 ns/op   295,386 B/op   7,080 allocs/op
  [2/4]  bench  MerkleCommit/sha256/Item10/Count1000  298,370 ns/op   295,357 B/op   7,080 allocs/op
  [3/4]  bench  MerkleCommit/sha256/Item10/Count1000  298,590 ns/op   295,355 B/op   7,079 allocs/op
  [4/4]  bench  MerkleCommit/sha256/Item10/Count1000  310,903 ns/op ±10%   295,337 B/op ±0%   7,079 allocs/op ±0%    3.74s
  [1/4]  bench  MerkleCommit/sha256/Item10/Count10000  1,746,202 ns/op   2,912,115 B/op   70,154 allocs/op
  [2/4]  bench  MerkleCommit/sha256/Item10/Count10000  1,853,067 ns/op   2,912,042 B/op   70,154 allocs/op
  [3/4]  bench  MerkleCommit/sha256/Item10/Count10000  1,814,478 ns/op   2,912,133 B/op   70,154 allocs/op
  [4/4]  bench  MerkleCommit/sha256/Item10/Count10000  1,830,508 ns/op ±6%   2,912,069 B/op ±0%   70,154 allocs/op ±0%    4.11s
  [1/4]  bench  MerkleCommit/sha256/Item10/Count100000  11,661,686 ns/op   28,851,893 B/op   700,236 allocs/op
  [2/4]  bench  MerkleCommit/sha256/Item10/Count100000  11,551,340 ns/op   28,851,716 B/op   700,234 allocs/op
  [3/4]  bench  MerkleCommit/sha256/Item10/Count100000  11,489,215 ns/op   28,851,646 B/op   700,233 allocs/op
  [4/4]  bench  MerkleCommit/sha256/Item10/Count100000  11,387,499 ns/op ±3%   28,851,569 B/op ±0%   700,233 allocs/op ±0%    4.36s
  [1/4]  bench  MerkleCommit/sha256/Item1000/Count10  21,330 ns/op   15,500 B/op   107 allocs/op
  [2/4]  bench  MerkleCommit/sha256/Item1000/Count10  20,757 ns/op   15,501 B/op   107 allocs/op
  [3/4]  bench  MerkleCommit/sha256/Item1000/Count10  20,150 ns/op   15,501 B/op   107 allocs/op
  [4/4]  bench  MerkleCommit/sha256/Item1000/Count10  20,628 ns/op ±8%   15,501 B/op ±0%   107 allocs/op    4.23s
  [1/4]  bench  MerkleCommit/sha256/Item1000/Count100  110,514 ns/op   134,139 B/op   759 allocs/op
  [2/4]  bench  MerkleCommit/sha256/Item1000/Count100  115,959 ns/op   134,128 B/op   759 allocs/op
  [3/4]  bench  MerkleCommit/sha256/Item1000/Count100  114,551 ns/op   134,130 B/op   759 allocs/op
  [4/4]  bench  MerkleCommit/sha256/Item1000/Count100  116,242 ns/op ±5%   134,131 B/op ±0%   759 allocs/op    4.62s
  [1/4]  bench  MerkleCommit/sha256/Item1000/Count1000  670,367 ns/op   1,304,129 B/op   7,087 allocs/op
  [2/4]  bench  MerkleCommit/sha256/Item1000/Count1000  723,224 ns/op   1,304,015 B/op   7,086 allocs/op
  [3/4]  bench  MerkleCommit/sha256/Item1000/Count1000  731,153 ns/op   1,303,990 B/op   7,086 allocs/op
  [4/4]  bench  MerkleCommit/sha256/Item1000/Count1000  701,273 ns/op ±12%   1,304,035 B/op ±0%   7,086 allocs/op ±0%    4.97s
  [1/4]  bench  MerkleCommit/sha256/Item1000/Count10000  4,361,097 ns/op   12,992,806 B/op   70,161 allocs/op
  [2/4]  bench  MerkleCommit/sha256/Item1000/Count10000  4,271,184 ns/op   12,992,871 B/op   70,162 allocs/op
  [3/4]  bench  MerkleCommit/sha256/Item1000/Count10000  4,397,962 ns/op   12,992,819 B/op   70,161 allocs/op
  [4/4]  bench  MerkleCommit/sha256/Item1000/Count10000  4,348,224 ns/op ±5%   12,992,842 B/op ±0%   70,161 allocs/op ±0%    4.94s
  [1/4]  bench  MerkleCommit/sha256/Item1000/Count100000  34,367,020 ns/op   129,652,076 B/op   700,236 allocs/op
  [2/4]  bench  MerkleCommit/sha256/Item1000/Count100000  35,643,358 ns/op   129,651,926 B/op   700,235 allocs/op
  [3/4]  bench  MerkleCommit/sha256/Item1000/Count100000  35,853,393 ns/op   129,651,859 B/op   700,234 allocs/op
  [4/4]  bench  MerkleCommit/sha256/Item1000/Count100000  35,789,808 ns/op ±4%   129,651,908 B/op ±0%   700,235 allocs/op ±0%    4.3s
  [1/4]  bench  MerkleCommit/sha256/Item100000/Count10  368,264 ns/op   1,070,942 B/op   113 allocs/op
  [2/4]  bench  MerkleCommit/sha256/Item100000/Count10  356,685 ns/op   1,070,957 B/op   114 allocs/op
  [3/4]  bench  MerkleCommit/sha256/Item100000/Count10  387,365 ns/op   1,070,933 B/op   113 allocs/op
  [4/4]  bench  MerkleCommit/sha256/Item100000/Count10  381,027 ns/op ±14%   1,070,936 B/op ±0%   114 allocs/op ±0%    4.24s
  [1/4]  bench  MerkleCommit/sha256/Item100000/Count100  2,331,830 ns/op   10,683,192 B/op   776 allocs/op
  [2/4]  bench  MerkleCommit/sha256/Item100000/Count100  2,319,527 ns/op   10,683,246 B/op   777 allocs/op
  [3/4]  bench  MerkleCommit/sha256/Item100000/Count100  2,293,428 ns/op   10,683,248 B/op   777 allocs/op
  [4/4]  bench  MerkleCommit/sha256/Item100000/Count100  2,253,302 ns/op ±4%   10,683,253 B/op ±0%   777 allocs/op ±0%    4.31s
  [1/4]  bench  MerkleCommit/sha256/Item100000/Count1000  18,370,467 ns/op   106,777,731 B/op   7,099 allocs/op
  [2/4]  bench  MerkleCommit/sha256/Item100000/Count1000  18,615,392 ns/op   106,777,764 B/op   7,099 allocs/op
  [3/4]  bench  MerkleCommit/sha256/Item100000/Count1000  18,541,917 ns/op   106,777,789 B/op   7,099 allocs/op
  [4/4]  bench  MerkleCommit/sha256/Item100000/Count1000  18,618,095 ns/op ±1%   106,777,778 B/op ±0%   7,099 allocs/op    4.58s
  [1/4]  bench  MerkleCommit/sha256/Item100000/Count10000  138,284,426 ns/op   1,067,714,671 B/op   70,158 allocs/op
  [2/4]  bench  MerkleCommit/sha256/Item100000/Count10000  138,078,997 ns/op   1,067,715,000 B/op   70,163 allocs/op
  [3/4]  bench  MerkleCommit/sha256/Item100000/Count10000  151,644,463 ns/op   1,067,715,768 B/op   70,167 allocs/op
  [4/4]  bench  MerkleCommit/sha256/Item100000/Count10000  144,439,998 ns/op ±19%   1,067,715,275 B/op ±0%   70,165 allocs/op ±0%    4.36s
  [1/4]  bench  MerkleCommit/sha256/Item100000/Count100000  1,662,222,959 ns/op   10,676,888,408 B/op   700,368 allocs/op
  [2/4]  bench  MerkleCommit/sha256/Item100000/Count100000  1,489,216,522 ns/op   10,676,876,640 B/op   700,320 allocs/op
  [3/4]  bench  MerkleCommit/sha256/Item100000/Count100000  1,389,022,542 ns/op   10,676,874,056 B/op   700,321 allocs/op
  [4/4]  bench  MerkleCommit/sha256/Item100000/Count100000  1,361,891,396 ns/op ±17%   10,676,872,156 B/op ±0%   700,313 allocs/op ±0%    3.79s
  [1/4]  bench  AppendMsgBlockHeader                  33.4 ns/op   30.0 MB/s   0.000 B/op   0.000 allocs/op
  [2/4]  bench  AppendMsgBlockHeader                  33.2 ns/op   30.1 MB/s   0.000 B/op   0.000 allocs/op
  [3/4]  bench  AppendMsgBlockHeader                  33.3 ns/op   30.0 MB/s   0.000 B/op   0.000 allocs/op
  [4/4]  bench  AppendMsgBlockHeader                  33.3 ns/op ±1%   30.0 MB/s ±1%   0.000 B/op   0.000 allocs/op    3.77s
  [1/4]  bench  AppendMsgSignedTxn                    77.3 ns/op   12.9 MB/s   0.000 B/op   0.000 allocs/op
  [2/4]  bench  AppendMsgSignedTxn                    77.2 ns/op   13.0 MB/s   0.000 B/op   0.000 allocs/op
  [3/4]  bench  AppendMsgSignedTxn                    77.1 ns/op   13.0 MB/s   0.000 B/op   0.000 allocs/op
  [4/4]  bench  AppendMsgSignedTxn                    77.2 ns/op ±0%   13.0 MB/s ±0%   0.000 B/op   0.000 allocs/op    3.84s
  [1/4]  bench  PaysetGroups                          8,271 ns/op   89,053 B/op   8.00 allocs/op
  [2/4]  bench  PaysetGroups                          7,941 ns/op   85,955 B/op   8.00 allocs/op
  [3/4]  bench  PaysetGroups                          7,852 ns/op   89,517 B/op   8.00 allocs/op
  [4/4]  bench  PaysetGroups                          7,945 ns/op ±4%   93,891 B/op ±13%   8.00 allocs/op    25.94s
  [1/4]  bench  Txn                                   44,302 ns/op   9,406 B/op   12.0 allocs/op
  [2/4]  bench  Txn                                   44,463 ns/op   9,407 B/op   12.0 allocs/op
  [3/4]  bench  Txn                                   44,363 ns/op   9,405 B/op   12.0 allocs/op
  [4/4]  bench  Txn                                   44,253 ns/op ±1%   9,406 B/op ±0%   12.0 allocs/op    9.31s
  [1/4]  bench  TxHandlerProcessing/processDecoded    29,140 ns/op   4,320 B/op   35.0 allocs/op
  [2/4]  bench  TxHandlerProcessing/processDecoded    26,101 ns/op   4,320 B/op   35.0 allocs/op
  [3/4]  bench  TxHandlerProcessing/processDecoded    25,360 ns/op   4,320 B/op   35.0 allocs/op
  [4/4]  bench  TxHandlerProcessing/processDecoded    25,046 ns/op ±12%   4,320 B/op   35.0 allocs/op    7.24s
  [1/4]  bench  TxHandlerProcessing/verify.TxnGroup   43,567 ns/op   11,328 B/op   16.0 allocs/op
  [2/4]  bench  TxHandlerProcessing/verify.TxnGroup   44,718 ns/op   11,328 B/op   16.0 allocs/op
  [3/4]  bench  TxHandlerProcessing/verify.TxnGroup   44,824 ns/op   11,328 B/op   16.0 allocs/op
  [4/4]  bench  TxHandlerProcessing/verify.TxnGroup   44,551 ns/op ±3%   11,328 B/op   16.0 allocs/op    6.7s
  [1/4]  bench  CompactDeltas/account-deltas          1,703,913 ns/op   4,211,264 B/op   0.000 allocs/op
  [2/4]  bench  CompactDeltas/account-deltas          1,734,701 ns/op   4,220,531 B/op   0.000 allocs/op
  [3/4]  bench  CompactDeltas/account-deltas          1,702,769 ns/op   4,235,941 B/op   0.000 allocs/op
  [4/4]  bench  CompactDeltas/account-deltas          1,694,826 ns/op ±4%   4,237,756 B/op ±1%   0.000 allocs/op    17.96s
