  [1/4]  bench  MerkleCommit/sha512_256/Item10/Count10  14,436 ns/op   5,916 B/op   107 allocs/op
  [2/4]  bench  MerkleCommit/sha512_256/Item10/Count10  14,143 ns/op   5,917 B/op   107 allocs/op
  [3/4]  bench  MerkleCommit/sha512_256/Item10/Count10  14,294 ns/op   5,916 B/op   107 allocs/op
  [4/4]  bench  MerkleCommit/sha512_256/Item10/Count10  14,369 ns/op ±3%   5,915 B/op ±0%   107 allocs/op    4.22s
  [1/4]  bench  MerkleCommit/sha512_256/Item10/Count100  79,989 ns/op   34,095 B/op   758 allocs/op
  [2/4]  bench  MerkleCommit/sha512_256/Item10/Count100  70,472 ns/op   34,140 B/op   758 allocs/op
  [3/4]  bench  MerkleCommit/sha512_256/Item10/Count100  67,722 ns/op   34,166 B/op   758 allocs/op
  [4/4]  bench  MerkleCommit/sha512_256/Item10/Count100  66,228 ns/op ±14%   34,178 B/op ±0%   758 allocs/op    6.62s
  [1/4]  bench  MerkleCommit/sha512_256/Item10/Count1000  378,122 ns/op   297,477 B/op   7,083 allocs/op
  [2/4]  bench  MerkleCommit/sha512_256/Item10/Count1000  348,180 ns/op   297,528 B/op   7,083 allocs/op
  [3/4]  bench  MerkleCommit/sha512_256/Item10/Count1000  348,016 ns/op   297,551 B/op   7,083 allocs/op
  [4/4]  bench  MerkleCommit/sha512_256/Item10/Count1000  344,788 ns/op ±9%   297,576 B/op ±0%   7,083 allocs/op ±0%    3.88s
  [1/4]  bench  MerkleCommit/sha512_256/Item10/Count10000  1,952,772 ns/op   2,916,635 B/op   70,158 allocs/op
  [2/4]  bench  MerkleCommit/sha512_256/Item10/Count10000  1,888,765 ns/op   2,916,790 B/op   70,159 allocs/op
  [3/4]  bench  MerkleCommit/sha512_256/Item10/Count10000  1,909,026 ns/op   2,916,728 B/op   70,159 allocs/op
  [4/4]  bench  MerkleCommit/sha512_256/Item10/Count10000  1,909,153 ns/op ±3%   2,916,793 B/op ±0%   70,159 allocs/op ±0%    4.16s
  [1/4]  bench  MerkleCommit/sha512_256/Item10/Count100000  12,772,310 ns/op   28,858,725 B/op   700,234 allocs/op
  [2/4]  bench  MerkleCommit/sha512_256/Item10/Count100000  12,780,396 ns/op   28,858,971 B/op   700,236 allocs/op
  [3/4]  bench  MerkleCommit/sha512_256/Item10/Count100000  13,066,224 ns/op   28,858,914 B/op   700,235 allocs/op
  [4/4]  bench  MerkleCommit/sha512_256/Item10/Count100000  12,807,223 ns/op ±6%   28,858,868 B/op ±0%   700,235 allocs/op ±0%    4.27s
  [1/4]  bench  MerkleCommit/sha512_256/Item1000/Count10  27,772 ns/op   16,034 B/op   107 allocs/op
  [2/4]  bench  MerkleCommit/sha512_256/Item1000/Count10  27,328 ns/op   16,031 B/op   107 allocs/op
  [3/4]  bench  MerkleCommit/sha512_256/Item1000/Count10  27,073 ns/op   16,034 B/op   107 allocs/op
  [4/4]  bench  MerkleCommit/sha512_256/Item1000/Count10  27,349 ns/op ±3%   16,032 B/op ±0%   107 allocs/op    4.64s
  [1/4]  bench  MerkleCommit/sha512_256/Item1000/Count100  135,224 ns/op   135,231 B/op   760 allocs/op
  [2/4]  bench  MerkleCommit/sha512_256/Item1000/Count100  132,823 ns/op   135,252 B/op   760 allocs/op
  [3/4]  bench  MerkleCommit/sha512_256/Item1000/Count100  131,570 ns/op   135,255 B/op   760 allocs/op
  [4/4]  bench  MerkleCommit/sha512_256/Item1000/Count100  132,699 ns/op ±3%   135,245 B/op ±0%   760 allocs/op    3.78s
  [1/4]  bench  MerkleCommit/sha512_256/Item1000/Count1000  819,899 ns/op   1,306,443 B/op   7,089 allocs/op
  [2/4]  bench  MerkleCommit/sha512_256/Item1000/Count1000  808,676 ns/op   1,306,458 B/op   7,089 allocs/op
  [3/4]  bench  MerkleCommit/sha512_256/Item1000/Count1000  823,259 ns/op   1,306,444 B/op   7,089 allocs/op
  [4/4]  bench  MerkleCommit/sha512_256/Item1000/Count1000  809,708 ns/op ±5%   1,306,485 B/op ±0%   7,089 allocs/op ±0%    3.9s
  [1/4]  bench  MerkleCommit/sha512_256/Item1000/Count10000  4,855,891 ns/op   12,997,461 B/op   70,164 allocs/op
  [2/4]  bench  MerkleCommit/sha512_256/Item1000/Count10000  4,802,797 ns/op   12,997,533 B/op   70,165 allocs/op
  [3/4]  bench  MerkleCommit/sha512_256/Item1000/Count10000  4,852,842 ns/op   12,997,659 B/op   70,165 allocs/op
  [4/4]  bench  MerkleCommit/sha512_256/Item1000/Count10000  4,914,403 ns/op ±4%   12,997,631 B/op ±0%   70,165 allocs/op ±0%    5.15s
  [1/4]  bench  MerkleCommit/sha512_256/Item1000/Count100000  38,051,060 ns/op   129,659,678 B/op   700,240 allocs/op
  [2/4]  bench  MerkleCommit/sha512_256/Item1000/Count100000  38,082,247 ns/op   129,659,577 B/op   700,239 allocs/op
  [3/4]  bench  MerkleCommit/sha512_256/Item1000/Count100000  37,557,018 ns/op   129,659,638 B/op   700,240 allocs/op
  [4/4]  bench  MerkleCommit/sha512_256/Item1000/Count100000  37,663,779 ns/op ±2%   129,659,650 B/op ±0%   700,240 allocs/op ±0%    4.78s
  [1/4]  bench  MerkleCommit/sha512_256/Item100000/Count10  468,681 ns/op   1,072,020 B/op   115 allocs/op
  [2/4]  bench  MerkleCommit/sha512_256/Item100000/Count10  458,619 ns/op   1,072,004 B/op   115 allocs/op
  [3/4]  bench  MerkleCommit/sha512_256/Item100000/Count10  466,731 ns/op   1,071,980 B/op   115 allocs/op
  [4/4]  bench  MerkleCommit/sha512_256/Item100000/Count10  476,279 ns/op ±6%   1,071,961 B/op ±0%   115 allocs/op ±0%    3.82s
  [1/4]  bench  MerkleCommit/sha512_256/Item100000/Count100  2,846,572 ns/op   10,685,103 B/op   777 allocs/op
  [2/4]  bench  MerkleCommit/sha512_256/Item100000/Count100  2,885,141 ns/op   10,685,058 B/op   777 allocs/op
  [3/4]  bench  MerkleCommit/sha512_256/Item100000/Count100  2,886,539 ns/op   10,685,093 B/op   777 allocs/op
  [4/4]  bench  MerkleCommit/sha512_256/Item100000/Count100  2,884,325 ns/op ±1%   10,685,068 B/op ±0%   777 allocs/op ±0%    4.51s
  [1/4]  bench  MerkleCommit/sha512_256/Item100000/Count1000  21,598,495 ns/op   106,780,380 B/op   7,100 allocs/op
  [2/4]  bench  MerkleCommit/sha512_256/Item100000/Count1000  22,366,245 ns/op   106,780,288 B/op   7,100 allocs/op
  [3/4]  bench  MerkleCommit/sha512_256/Item100000/Count1000  22,652,793 ns/op   106,780,344 B/op   7,100 allocs/op
  [4/4]  bench  MerkleCommit/sha512_256/Item100000/Count1000  22,970,039 ns/op ±5%   106,780,351 B/op ±0%   7,100 allocs/op ±0%    4.66s
  [1/4]  bench  MerkleCommit/sha512_256/Item100000/Count10000  186,332,917 ns/op   1,067,719,922 B/op   70,174 allocs/op
  [2/4]  bench  MerkleCommit/sha512_256/Item100000/Count10000  187,355,101 ns/op   1,067,720,142 B/op   70,173 allocs/op
  [3/4]  bench  MerkleCommit/sha512_256/Item100000/Count10000  194,516,287 ns/op   1,067,720,112 B/op   70,171 allocs/op
  [4/4]  bench  MerkleCommit/sha512_256/Item100000/Count10000  191,306,613 ns/op ±7%   1,067,719,790 B/op ±0%   70,170 allocs/op ±0%    4.95s
  [1/4]  bench  MerkleCommit/sha512_256/Item100000/Count100000  1,610,967,167 ns/op   10,676,871,208 B/op   700,308 allocs/op
  [2/4]  bench  MerkleCommit/sha512_256/Item100000/Count100000  1,640,781,604 ns/op   10,676,871,432 B/op   700,303 allocs/op
  [3/4]  bench  MerkleCommit/sha512_256/Item100000/Count100000  1,563,750,750 ns/op   10,676,868,280 B/op   700,284 allocs/op
  [4/4]  bench  MerkleCommit/sha512_256/Item100000/Count100000  1,542,867,500 ns/op ±8%   10,676,867,648 B/op ±0%   700,277 allocs/op ±0%    4.56s
  [1/4]  bench  MerkleCommit/sumhash/Item10/Count10   54,987 ns/op   16,492 B/op   214 allocs/op
  [2/4]  bench  MerkleCommit/sumhash/Item10/Count10   54,012 ns/op   16,483 B/op   214 allocs/op
  [3/4]  bench  MerkleCommit/sumhash/Item10/Count10   54,245 ns/op   16,469 B/op   214 allocs/op
  [4/4]  bench  MerkleCommit/sumhash/Item10/Count10   56,676 ns/op ±10%   16,458 B/op ±0%   214 allocs/op    5.4s
  [1/4]  bench  MerkleCommit/sumhash/Item10/Count100  306,207 ns/op   133,309 B/op   1,706 allocs/op
  [2/4]  bench  MerkleCommit/sumhash/Item10/Count100  310,350 ns/op   133,304 B/op   1,706 allocs/op
  [3/4]  bench  MerkleCommit/sumhash/Item10/Count100  305,184 ns/op   133,319 B/op   1,706 allocs/op
  [4/4]  bench  MerkleCommit/sumhash/Item10/Count100  307,390 ns/op ±3%   133,319 B/op ±0%   1,706 allocs/op ±0%    3.73s
  [1/4]  bench  MerkleCommit/sumhash/Item10/Count1000  1,811,603 ns/op   1,264,638 B/op   16,195 allocs/op
  [2/4]  bench  MerkleCommit/sumhash/Item10/Count1000  1,790,555 ns/op   1,264,693 B/op   16,196 allocs/op
  [3/4]  bench  MerkleCommit/sumhash/Item10/Count1000  1,721,699 ns/op   1,264,756 B/op   16,197 allocs/op
  [4/4]  bench  MerkleCommit/sumhash/Item10/Count1000  1,693,772 ns/op ±7%   1,264,701 B/op ±0%   16,196 allocs/op ±0%    4.1s
  [1/4]  bench  MerkleCommit/sumhash/Item10/Count10000  10,119,812 ns/op   12,529,631 B/op   160,370 allocs/op
  [2/4]  bench  MerkleCommit/sumhash/Item10/Count10000  10,175,623 ns/op   12,529,426 B/op   160,368 allocs/op
  [3/4]  bench  MerkleCommit/sumhash/Item10/Count10000  10,126,885 ns/op   12,529,645 B/op   160,370 allocs/op
  [4/4]  bench  MerkleCommit/sumhash/Item10/Count10000  10,302,777 ns/op ±4%   12,529,574 B/op ±0%   160,369 allocs/op ±0%    4.35s
  [1/4]  bench  MerkleCommit/sumhash/Item10/Count100000  74,986,827 ns/op   124,875,202 B/op   1,600,533 allocs/op
  [2/4]  bench  MerkleCommit/sumhash/Item10/Count100000  75,421,365 ns/op   124,875,024 B/op   1,600,531 allocs/op
  [3/4]  bench  MerkleCommit/sumhash/Item10/Count100000  75,349,792 ns/op   124,874,883 B/op   1,600,529 allocs/op
  [4/4]  bench  MerkleCommit/sumhash/Item10/Count100000  76,073,635 ns/op ±2%   124,875,273 B/op ±0%   1,600,534 allocs/op ±0%    3.38s
  [1/4]  bench  MerkleCommit/sumhash/Item1000/Count10  150,457 ns/op   28,253 B/op   229 allocs/op
  [2/4]  bench  MerkleCommit/sumhash/Item1000/Count10  143,052 ns/op   28,262 B/op   229 allocs/op
  [3/4]  bench  MerkleCommit/sumhash/Item1000/Count10  140,048 ns/op   28,278 B/op   229 allocs/op
  [4/4]  bench  MerkleCommit/sumhash/Item1000/Count10  139,065 ns/op ±6%   28,283 B/op ±0%   230 allocs/op ±0%    3.66s
  [1/4]  bench  MerkleCommit/sumhash/Item1000/Count100  763,098 ns/op   248,160 B/op   1,821 allocs/op
  [2/4]  bench  MerkleCommit/sumhash/Item1000/Count100  714,505 ns/op   248,190 B/op   1,822 allocs/op
  [3/4]  bench  MerkleCommit/sumhash/Item1000/Count100  737,465 ns/op   248,143 B/op   1,821 allocs/op
  [4/4]  bench  MerkleCommit/sumhash/Item1000/Count100  740,923 ns/op ±8%   248,119 B/op ±0%   1,821 allocs/op ±0%    4.35s
  [1/4]  bench  MerkleCommit/sumhash/Item1000/Count1000  4,451,572 ns/op   2,401,081 B/op   17,201 allocs/op
  [2/4]  bench  MerkleCommit/sumhash/Item1000/Count1000  4,682,287 ns/op   2,400,894 B/op   17,199 allocs/op
  [3/4]  bench  MerkleCommit/sumhash/Item1000/Count1000  4,496,191 ns/op   2,400,951 B/op   17,199 allocs/op
  [4/4]  bench  MerkleCommit/sumhash/Item1000/Count1000  4,441,381 ns/op ±9%   2,400,962 B/op ±0%   17,200 allocs/op ±0%    5.16s
  [1/4]  bench  MerkleCommit/sumhash/Item1000/Count10000  29,898,396 ns/op   23,889,773 B/op   170,371 allocs/op
  [2/4]  bench  MerkleCommit/sumhash/Item1000/Count10000  30,425,168 ns/op   23,889,475 B/op   170,368 allocs/op
  [3/4]  bench  MerkleCommit/sumhash/Item1000/Count10000  30,124,779 ns/op   23,889,739 B/op   170,371 allocs/op
  [4/4]  bench  MerkleCommit/sumhash/Item1000/Count10000  30,337,720 ns/op ±2%   23,889,845 B/op ±0%   170,372 allocs/op ±0%    3.51s
  [1/4]  bench  MerkleCommit/sumhash/Item1000/Count100000  255,334,625 ns/op   238,476,708 B/op   1,700,549 allocs/op
  [2/4]  bench  MerkleCommit/sumhash/Item1000/Count100000  255,567,360 ns/op   238,475,544 B/op   1,700,536 allocs/op
  [3/4]  bench  MerkleCommit/sumhash/Item1000/Count100000  258,834,903 ns/op   238,475,265 B/op   1,700,532 allocs/op
  [4/4]  bench  MerkleCommit/sumhash/Item1000/Count100000  255,534,163 ns/op ±4%   238,474,982 B/op ±0%   1,700,529 allocs/op ±0%    7.3s
  [1/4]  bench  MerkleCommit/sumhash/Item100000/Count10  3,604,417 ns/op   1,084,569 B/op   248 allocs/op
  [2/4]  bench  MerkleCommit/sumhash/Item100000/Count10  3,570,998 ns/op   1,084,570 B/op   248 allocs/op
  [3/4]  bench  MerkleCommit/sumhash/Item100000/Count10  3,535,067 ns/op   1,084,617 B/op   249 allocs/op
  [4/4]  bench  MerkleCommit/sumhash/Item100000/Count10  3,517,998 ns/op ±2%   1,084,640 B/op ±0%   249 allocs/op ±0%    4.7s
  [1/4]  bench  MerkleCommit/sumhash/Item100000/Count100  25,331,288 ns/op   10,796,755 B/op   1,837 allocs/op
  [2/4]  bench  MerkleCommit/sumhash/Item100000/Count100  26,138,880 ns/op   10,796,698 B/op   1,837 allocs/op
  [3/4]  bench  MerkleCommit/sumhash/Item100000/Count100  26,155,906 ns/op   10,796,761 B/op   1,837 allocs/op
  [4/4]  bench  MerkleCommit/sumhash/Item100000/Count100  26,481,511 ns/op ±4%   10,796,781 B/op ±0%   1,838 allocs/op ±0%    3.7s
  [1/4]  bench  MerkleCommit/sumhash/Item100000/Count1000  204,005,475 ns/op   107,872,587 B/op   17,192 allocs/op
  [2/4]  bench  MerkleCommit/sumhash/Item100000/Count1000  208,505,871 ns/op   107,872,850 B/op   17,196 allocs/op
  [3/4]  bench  MerkleCommit/sumhash/Item100000/Count1000  207,258,516 ns/op   107,872,951 B/op   17,197 allocs/op
  [4/4]  bench  MerkleCommit/sumhash/Item100000/Count1000  200,528,889 ns/op ±8%   107,872,939 B/op ±0%   17,197 allocs/op ±0%    4.87s
  [1/4]  bench  MerkleCommit/sumhash/Item100000/Count10000  1,798,974,500 ns/op   1,078,608,424 B/op   170,340 allocs/op
  [2/4]  bench  MerkleCommit/sumhash/Item100000/Count10000  1,899,896,250 ns/op   1,078,610,452 B/op   170,362 allocs/op
  [3/4]  bench  MerkleCommit/sumhash/Item100000/Count10000  1,954,408,861 ns/op   1,078,611,835 B/op   170,379 allocs/op
  [4/4]  bench  MerkleCommit/sumhash/Item100000/Count10000  1,995,880,062 ns/op ±8%   1,078,612,300 B/op ±0%   170,386 allocs/op ±0%    6.18s
  [1/4]  bench  MerkleCommit/sumhash/Item100000/Count100000  20,069,260,625 ns/op   10,785,690,128 B/op   1,700,569 allocs/op
  [2/4]  bench  MerkleCommit/sumhash/Item100000/Count100000  18,644,192,438 ns/op   10,785,693,884 B/op   1,700,590 allocs/op
  [3/4]  bench  MerkleCommit/sumhash/Item100000/Count100000  18,194,116,583 ns/op   10,785,694,427 B/op   1,700,600 allocs/op
  [4/4]  bench  MerkleCommit/sumhash/Item100000/Count100000  17,890,854,010 ns/op ±9%   10,785,694,450 B/op ±0%   1,700,612 allocs/op ±0%    51.5s
  [1/4]  bench  MerkleCommit/sha256/Item10/Count10    10,588 ns/op   5,411 B/op   107 allocs/op
  [2/4]  bench  MerkleCommit/sha256/Item10/Count10    10,768 ns/op   5,412 B/op   107 allocs/op
  [3/4]  bench  MerkleCommit/sha256/Item10/Count10    10,465 ns/op   5,411 B/op   107 allocs/op
  [4/4]  bench  MerkleCommit/sha256/Item10/Count10    10,235 ns/op ±7%   5,411 B/op ±0%   107 allocs/op    3.97s
  [1/4]  bench  MerkleCommit/sha256/Item10/Count100   49,698 ns/op   33,153 B/op   757 allocs/op
  [2/4]  bench  MerkleCommit/sha256/Item10/Count100   48,884 ns/op   33,167 B/op   757 allocs/op
  [3/4]  bench  MerkleCommit/sha256/Item10/Count100   47,906 ns/op   33,170 B/op   757 allocs/op
  [4/4]  bench  MerkleCommit/sha256/Item10/Count100   48,009 ns/op ±4%   33,172 B/op ±0%   757 allocs/op    5.02s
  [1/4]  bench  MerkleCommit/sha256/Item10/Count1000  274,067 ns/op   295,393 B/op   7,080 allocs/op
  [2/4]  bench  MerkleCommit/sha256/Item10/Count1000  275,501 ns/op   295,386 B/op   7,080 allocs/op
  [3/4]  bench  MerkleCommit/sha256/Item10/Count1000  279,004 ns/op   295,395 B/op   7,080 allocs/op
  [4/4]  bench  MerkleCommit/sha256/Item10/Count1000  283,344 ns/op ±4%   295,394 B/op ±0%   7,080 allocs/op    3.91s
  [1/4]  bench  MerkleCommit/sha256/Item10/Count10000  1,762,873 ns/op   2,912,092 B/op   70,154 allocs/op
  [2/4]  bench  MerkleCommit/sha256/Item10/Count10000  1,723,988 ns/op   2,911,962 B/op   70,153 allocs/op
  [3/4]  bench  MerkleCommit/sha256/Item10/Count10000  1,697,931 ns/op   2,911,933 B/op   70,153 allocs/op
  [4/4]  bench  MerkleCommit/sha256/Item10/Count10000  1,724,726 ns/op ±5%   2,911,852 B/op ±0%   70,152 allocs/op ±0%    3.97s
  [1/4]  bench  MerkleCommit/sha256/Item10/Count100000  11,055,945 ns/op   28,851,792 B/op   700,235 allocs/op
  [2/4]  bench  MerkleCommit/sha256/Item10/Count100000  11,135,430 ns/op   28,851,641 B/op   700,234 allocs/op
  [3/4]  bench  MerkleCommit/sha256/Item10/Count100000  11,416,099 ns/op   28,851,368 B/op   700,231 allocs/op
  [4/4]  bench  MerkleCommit/sha256/Item10/Count100000  11,946,272 ns/op ±10%   28,851,283 B/op ±0%   700,230 allocs/op ±0%    3.35s
  [1/4]  bench  MerkleCommit/sha256/Item1000/Count10  20,312 ns/op   15,504 B/op   107 allocs/op
  [2/4]  bench  MerkleCommit/sha256/Item1000/Count10  20,306 ns/op   15,504 B/op   107 allocs/op
  [3/4]  bench  MerkleCommit/sha256/Item1000/Count10  18,691 ns/op   15,507 B/op   107 allocs/op
  [4/4]  bench  MerkleCommit/sha256/Item1000/Count10  17,794 ns/op ±15%   15,508 B/op ±0%   107 allocs/op    4.06s
  [1/4]  bench  MerkleCommit/sha256/Item1000/Count100  103,666 ns/op   134,098 B/op   758 allocs/op
  [2/4]  bench  MerkleCommit/sha256/Item1000/Count100  107,200 ns/op   134,077 B/op   758 allocs/op
  [3/4]  bench  MerkleCommit/sha256/Item1000/Count100  111,492 ns/op   134,089 B/op   758 allocs/op
  [4/4]  bench  MerkleCommit/sha256/Item1000/Count100  114,294 ns/op ±8%   134,120 B/op ±0%   759 allocs/op ±0%    3.57s
  [1/4]  bench  MerkleCommit/sha256/Item1000/Count1000  736,398 ns/op   1,304,168 B/op   7,087 allocs/op
  [2/4]  bench  MerkleCommit/sha256/Item1000/Count1000  713,378 ns/op   1,304,211 B/op   7,088 allocs/op
  [3/4]  bench  MerkleCommit/sha256/Item1000/Count1000  688,993 ns/op   1,304,170 B/op   7,087 allocs/op
  [4/4]  bench  MerkleCommit/sha256/Item1000/Count1000  661,921 ns/op ±12%   1,304,176 B/op ±0%   7,087 allocs/op ±0%    3.86s
  [1/4]  bench  MerkleCommit/sha256/Item1000/Count10000  4,034,108 ns/op   12,993,077 B/op   70,163 allocs/op
  [2/4]  bench  MerkleCommit/sha256/Item1000/Count10000  3,922,911 ns/op   12,993,149 B/op   70,164 allocs/op
  [3/4]  bench  MerkleCommit/sha256/Item1000/Count10000  3,913,070 ns/op   12,993,135 B/op   70,164 allocs/op
  [4/4]  bench  MerkleCommit/sha256/Item1000/Count10000  3,894,400 ns/op ±3%   12,993,082 B/op ±0%   70,164 allocs/op ±0%    4.78s
  [1/4]  bench  MerkleCommit/sha256/Item1000/Count100000  36,059,705 ns/op   129,652,191 B/op   700,237 allocs/op
  [2/4]  bench  MerkleCommit/sha256/Item1000/Count100000  36,037,857 ns/op   129,651,982 B/op   700,235 allocs/op
  [3/4]  bench  MerkleCommit/sha256/Item1000/Count100000  35,185,031 ns/op   129,652,066 B/op   700,236 allocs/op
  [4/4]  bench  MerkleCommit/sha256/Item1000/Count100000  35,318,453 ns/op ±4%   129,651,957 B/op ±0%   700,235 allocs/op ±0%    3.73s
  [1/4]  bench  MerkleCommit/sha256/Item100000/Count10  334,360 ns/op   1,071,046 B/op   114 allocs/op
  [2/4]  bench  MerkleCommit/sha256/Item100000/Count10  338,260 ns/op   1,071,020 B/op   114 allocs/op
  [3/4]  bench  MerkleCommit/sha256/Item100000/Count10  325,877 ns/op   1,071,040 B/op   114 allocs/op
  [4/4]  bench  MerkleCommit/sha256/Item100000/Count10  322,914 ns/op ±6%   1,071,049 B/op ±0%   115 allocs/op ±0%    3.68s
  [1/4]  bench  MerkleCommit/sha256/Item100000/Count100  2,219,463 ns/op   10,683,241 B/op   777 allocs/op
  [2/4]  bench  MerkleCommit/sha256/Item100000/Count100  2,198,199 ns/op   10,683,205 B/op   777 allocs/op
  [3/4]  bench  MerkleCommit/sha256/Item100000/Count100  2,148,160 ns/op   10,683,222 B/op   777 allocs/op
  [4/4]  bench  MerkleCommit/sha256/Item100000/Count100  2,143,825 ns/op ±4%   10,683,222 B/op ±0%   777 allocs/op ±0%    4.09s
  [1/4]  bench  MerkleCommit/sha256/Item100000/Count1000  20,224,459 ns/op   106,777,990 B/op   7,101 allocs/op
  [2/4]  bench  MerkleCommit/sha256/Item100000/Count1000  18,321,718 ns/op   106,777,881 B/op   7,101 allocs/op
  [3/4]  bench  MerkleCommit/sha256/Item100000/Count1000  18,530,820 ns/op   106,777,840 B/op   7,100 allocs/op
  [4/4]  bench  MerkleCommit/sha256/Item100000/Count1000  18,232,701 ns/op ±10%   106,777,827 B/op ±0%   7,100 allocs/op ±0%    3.84s
  [1/4]  bench  MerkleCommit/sha256/Item100000/Count10000  144,976,816 ns/op   1,067,715,886 B/op   70,165 allocs/op
  [2/4]  bench  MerkleCommit/sha256/Item100000/Count10000  141,877,143 ns/op   1,067,715,439 B/op   70,164 allocs/op
  [3/4]  bench  MerkleCommit/sha256/Item100000/Count10000  145,178,093 ns/op   1,067,715,853 B/op   70,167 allocs/op
  [4/4]  bench  MerkleCommit/sha256/Item100000/Count10000  149,171,057 ns/op ±7%   1,067,716,212 B/op ±0%   70,169 allocs/op ±0%    7.3s
  [1/4]  bench  MerkleCommit/sha256/Item100000/Count100000  1,135,939,875 ns/op   10,676,861,016 B/op   700,271 allocs/op
  [2/4]  bench  MerkleCommit/sha256/Item100000/Count100000  1,192,259,042 ns/op   10,676,861,768 B/op   700,263 allocs/op
  [3/4]  bench  MerkleCommit/sha256/Item100000/Count100000  1,141,654,236 ns/op   10,676,861,064 B/op   700,266 allocs/op
  [4/4]  bench  MerkleCommit/sha256/Item100000/Count100000  1,148,917,386 ns/op ±9%   10,676,862,796 B/op ±0%   700,271 allocs/op ±0%    3.46s
  [1/4]  bench  AppendMsgBlockHeader                  32.4 ns/op   30.8 MB/s   0.000 B/op   0.000 allocs/op
  [2/4]  bench  AppendMsgBlockHeader                  32.4 ns/op   30.8 MB/s   0.000 B/op   0.000 allocs/op
  [3/4]  bench  AppendMsgBlockHeader                  32.4 ns/op   30.9 MB/s   0.000 B/op   0.000 allocs/op
  [4/4]  bench  AppendMsgBlockHeader                  32.4 ns/op ±0%   30.8 MB/s ±0%   0.000 B/op   0.000 allocs/op    3.63s
  [1/4]  bench  AppendMsgSignedTxn                    77.4 ns/op   12.9 MB/s   0.000 B/op   0.000 allocs/op
  [2/4]  bench  AppendMsgSignedTxn                    77.0 ns/op   13.0 MB/s   0.000 B/op   0.000 allocs/op
  [3/4]  bench  AppendMsgSignedTxn                    77.1 ns/op   13.0 MB/s   0.000 B/op   0.000 allocs/op
  [4/4]  bench  AppendMsgSignedTxn                    77.2 ns/op ±1%   12.9 MB/s ±1%   0.000 B/op   0.000 allocs/op    3.86s
  [1/4]  bench  PaysetGroups                          8,453 ns/op   78,009 B/op   8.00 allocs/op
  [2/4]  bench  PaysetGroups                          8,710 ns/op   81,270 B/op   8.00 allocs/op
  [3/4]  bench  PaysetGroups                          8,385 ns/op   81,095 B/op   8.00 allocs/op
  [4/4]  bench  PaysetGroups                          8,495 ns/op ±7%   81,941 B/op ±4%   8.00 allocs/op    18.63s
  [1/4]  bench  Txn                                   43,355 ns/op   9,405 B/op   12.0 allocs/op
  [2/4]  bench  Txn                                   43,319 ns/op   9,407 B/op   12.0 allocs/op
  [3/4]  bench  Txn                                   43,414 ns/op   9,406 B/op   12.0 allocs/op
  [4/4]  bench  Txn                                   43,340 ns/op ±1%   9,406 B/op ±0%   12.0 allocs/op    9.19s
  [1/4]  bench  TxHandlerProcessing/processDecoded    22,368 ns/op   4,320 B/op   35.0 allocs/op
  [2/4]  bench  TxHandlerProcessing/processDecoded    22,244 ns/op   4,320 B/op   35.0 allocs/op
  [3/4]  bench  TxHandlerProcessing/processDecoded    21,833 ns/op   4,320 B/op   35.0 allocs/op
  [4/4]  bench  TxHandlerProcessing/processDecoded    22,024 ns/op ±4%   4,320 B/op   35.0 allocs/op    6.93s
  [1/4]  bench  TxHandlerProcessing/verify.TxnGroup   43,098 ns/op   11,328 B/op   16.0 allocs/op
  [2/4]  bench  TxHandlerProcessing/verify.TxnGroup   43,033 ns/op   11,328 B/op   16.0 allocs/op
  [3/4]  bench  TxHandlerProcessing/verify.TxnGroup   43,110 ns/op   11,328 B/op   16.0 allocs/op
  [4/4]  bench  TxHandlerProcessing/verify.TxnGroup   43,295 ns/op ±1%   11,328 B/op   16.0 allocs/op    6.61s
  [1/4]  bench  CompactDeltas/account-deltas          1,739,638 ns/op   4,222,966 B/op   0.000 allocs/op
  [2/4]  bench  CompactDeltas/account-deltas          1,717,834 ns/op   4,226,382 B/op   0.000 allocs/op
  [3/4]  bench  CompactDeltas/account-deltas          1,711,708 ns/op   4,234,710 B/op   0.000 allocs/op
  [4/4]  bench  CompactDeltas/account-deltas          1,723,662 ns/op ±2%   4,238,874 B/op ±0%   0.000 allocs/op    18.27s
