  [1/4]  bench  MerkleCommit/sha512_256/Item10/Count10  15,843 ns/op   5,909 B/op   107 allocs/op
  [2/4]  bench  MerkleCommit/sha512_256/Item10/Count10  16,837 ns/op   5,908 B/op   107 allocs/op
  [3/4]  bench  MerkleCommit/sha512_256/Item10/Count10  16,808 ns/op   5,908 B/op   107 allocs/op
  [4/4]  bench  MerkleCommit/sha512_256/Item10/Count10  18,066 ns/op ±17%   5,908 B/op ±0%   107 allocs/op    4.25s
  [1/4]  bench  MerkleCommit/sha512_256/Item10/Count100  87,282 ns/op   34,101 B/op   758 allocs/op
  [2/4]  bench  MerkleCommit/sha512_256/Item10/Count100  82,826 ns/op   34,078 B/op   758 allocs/op
  [3/4]  bench  MerkleCommit/sha512_256/Item10/Count100  75,895 ns/op   34,090 B/op   758 allocs/op
  [4/4]  bench  MerkleCommit/sha512_256/Item10/Count100  73,607 ns/op ±17%   34,095 B/op ±0%   758 allocs/op ±0%    5.61s
  [1/4]  bench  MerkleCommit/sha512_256/Item10/Count1000  323,021 ns/op   297,527 B/op   7,083 allocs/op
  [2/4]  bench  MerkleCommit/sha512_256/Item10/Count1000  333,416 ns/op   297,470 B/op   7,083 allocs/op
  [3/4]  bench  MerkleCommit/sha512_256/Item10/Count1000  335,404 ns/op   297,483 B/op   7,083 allocs/op
  [4/4]  bench  MerkleCommit/sha512_256/Item10/Count1000  340,913 ns/op ±5%   297,450 B/op ±0%   7,083 allocs/op ±0%    3.85s
  [1/4]  bench  MerkleCommit/sha512_256/Item10/Count10000  1,989,532 ns/op   2,916,576 B/op   70,158 allocs/op
  [2/4]  bench  MerkleCommit/sha512_256/Item10/Count10000  2,060,178 ns/op   2,916,442 B/op   70,157 allocs/op
  [3/4]  bench  MerkleCommit/sha512_256/Item10/Count10000  2,038,809 ns/op   2,916,521 B/op   70,158 allocs/op
  [4/4]  bench  MerkleCommit/sha512_256/Item10/Count10000  2,054,735 ns/op ±3%   2,916,417 B/op ±0%   70,157 allocs/op ±0%    4.36s
  [1/4]  bench  MerkleCommit/sha512_256/Item10/Count100000  13,334,649 ns/op   28,858,380 B/op   700,232 allocs/op
  [2/4]  bench  MerkleCommit/sha512_256/Item10/Count100000  13,513,636 ns/op   28,858,106 B/op   700,230 allocs/op
  [3/4]  bench  MerkleCommit/sha512_256/Item10/Count100000  13,215,948 ns/op   28,858,264 B/op   700,231 allocs/op
  [4/4]  bench  MerkleCommit/sha512_256/Item10/Count100000  13,195,329 ns/op ±4%   28,858,075 B/op ±0%   700,230 allocs/op ±0%    3.8s
  [1/4]  bench  MerkleCommit/sha512_256/Item1000/Count10  25,793 ns/op   16,025 B/op   107 allocs/op
  [2/4]  bench  MerkleCommit/sha512_256/Item1000/Count10  27,017 ns/op   16,028 B/op   107 allocs/op
  [3/4]  bench  MerkleCommit/sha512_256/Item1000/Count10  27,228 ns/op   16,027 B/op   107 allocs/op
  [4/4]  bench  MerkleCommit/sha512_256/Item1000/Count10  27,513 ns/op ±5%   16,026 B/op ±0%   107 allocs/op    4.49s
  [1/4]  bench  MerkleCommit/sha512_256/Item1000/Count100  141,371 ns/op   135,305 B/op   760 allocs/op
  [2/4]  bench  MerkleCommit/sha512_256/Item1000/Count100  133,365 ns/op   135,296 B/op   760 allocs/op
  [3/4]  bench  MerkleCommit/sha512_256/Item1000/Count100  131,661 ns/op   135,278 B/op   760 allocs/op
  [4/4]  bench  MerkleCommit/sha512_256/Item1000/Count100  129,482 ns/op ±7%   135,278 B/op ±0%   760 allocs/op    3.72s
  [1/4]  bench  MerkleCommit/sha512_256/Item1000/Count1000  691,996 ns/op   1,306,752 B/op   7,091 allocs/op
  [2/4]  bench  MerkleCommit/sha512_256/Item1000/Count1000  701,079 ns/op   1,306,625 B/op   7,090 allocs/op
  [3/4]  bench  MerkleCommit/sha512_256/Item1000/Count1000  698,532 ns/op   1,306,627 B/op   7,090 allocs/op
  [4/4]  bench  MerkleCommit/sha512_256/Item1000/Count1000  712,910 ns/op ±4%   1,306,592 B/op ±0%   7,090 allocs/op ±0%    3.9s
  [1/4]  bench  MerkleCommit/sha512_256/Item1000/Count10000  5,344,042 ns/op   12,997,591 B/op   70,165 allocs/op
  [2/4]  bench  MerkleCommit/sha512_256/Item1000/Count10000  5,567,353 ns/op   12,997,809 B/op   70,166 allocs/op
  [3/4]  bench  MerkleCommit/sha512_256/Item1000/Count10000  5,436,943 ns/op   12,997,743 B/op   70,166 allocs/op
  [4/4]  bench  MerkleCommit/sha512_256/Item1000/Count10000  5,309,539 ns/op ±8%   12,997,806 B/op ±0%   70,166 allocs/op ±0%    5.16s
  [1/4]  bench  MerkleCommit/sha512_256/Item1000/Count100000  42,260,644 ns/op   129,659,924 B/op   700,241 allocs/op
  [2/4]  bench  MerkleCommit/sha512_256/Item1000/Count100000  39,161,775 ns/op   129,660,064 B/op   700,242 allocs/op
  [3/4]  bench  MerkleCommit/sha512_256/Item1000/Count100000  38,450,095 ns/op   129,659,769 B/op   700,240 allocs/op
  [4/4]  bench  MerkleCommit/sha512_256/Item1000/Count100000  38,611,360 ns/op ±8%   129,659,571 B/op ±0%   700,239 allocs/op ±0%    4.32s
  [1/4]  bench  MerkleCommit/sha512_256/Item100000/Count10  433,688 ns/op   1,071,966 B/op   115 allocs/op
  [2/4]  bench  MerkleCommit/sha512_256/Item100000/Count10  450,557 ns/op   1,071,962 B/op   115 allocs/op
  [3/4]  bench  MerkleCommit/sha512_256/Item100000/Count10  456,009 ns/op   1,071,943 B/op   115 allocs/op
  [4/4]  bench  MerkleCommit/sha512_256/Item100000/Count10  468,476 ns/op ±8%   1,071,925 B/op ±0%   115 allocs/op ±0%    5.15s
  [1/4]  bench  MerkleCommit/sha512_256/Item100000/Count100  3,042,758 ns/op   10,685,180 B/op   778 allocs/op
  [2/4]  bench  MerkleCommit/sha512_256/Item100000/Count100  3,045,676 ns/op   10,685,203 B/op   778 allocs/op
  [3/4]  bench  MerkleCommit/sha512_256/Item100000/Count100  2,950,066 ns/op   10,685,131 B/op   778 allocs/op
  [4/4]  bench  MerkleCommit/sha512_256/Item100000/Count100  2,909,101 ns/op ±5%   10,685,138 B/op ±0%   778 allocs/op ±0%    4.27s
  [1/4]  bench  MerkleCommit/sha512_256/Item100000/Count1000  24,096,615 ns/op   106,780,344 B/op   7,100 allocs/op
  [2/4]  bench  MerkleCommit/sha512_256/Item100000/Count1000  24,128,232 ns/op   106,780,379 B/op   7,101 allocs/op
  [3/4]  bench  MerkleCommit/sha512_256/Item100000/Count1000  24,203,627 ns/op   106,780,331 B/op   7,100 allocs/op
  [4/4]  bench  MerkleCommit/sha512_256/Item100000/Count1000  23,938,044 ns/op ±3%   106,780,368 B/op ±0%   7,100 allocs/op ±0%    4.29s
  [1/4]  bench  MerkleCommit/sha512_256/Item100000/Count10000  208,969,938 ns/op   1,067,719,141 B/op   70,166 allocs/op
  [2/4]  bench  MerkleCommit/sha512_256/Item100000/Count10000  192,748,622 ns/op   1,067,719,285 B/op   70,168 allocs/op
  [3/4]  bench  MerkleCommit/sha512_256/Item100000/Count10000  202,559,468 ns/op   1,067,720,093 B/op   70,170 allocs/op
  [4/4]  bench  MerkleCommit/sha512_256/Item100000/Count10000  202,663,770 ns/op ±11%   1,067,720,199 B/op ±0%   70,171 allocs/op ±0%    5.83s
  [1/4]  bench  MerkleCommit/sha512_256/Item100000/Count100000  1,645,816,167 ns/op   10,676,864,280 B/op   700,252 allocs/op
  [2/4]  bench  MerkleCommit/sha512_256/Item100000/Count100000  1,718,263,813 ns/op   10,676,867,712 B/op   700,256 allocs/op
  [3/4]  bench  MerkleCommit/sha512_256/Item100000/Count100000  1,737,518,944 ns/op   10,676,867,629 B/op   700,263 allocs/op
  [4/4]  bench  MerkleCommit/sha512_256/Item100000/Count100000  1,762,336,896 ns/op ±5%   10,676,867,348 B/op ±0%   700,263 allocs/op ±0%    5.41s
  [1/4]  bench  MerkleCommit/sumhash/Item10/Count10   68,792 ns/op   16,430 B/op   214 allocs/op
  [2/4]  bench  MerkleCommit/sumhash/Item10/Count10   61,591 ns/op   16,455 B/op   214 allocs/op
  [3/4]  bench  MerkleCommit/sumhash/Item10/Count10   60,540 ns/op   16,452 B/op   214 allocs/op
  [4/4]  bench  MerkleCommit/sumhash/Item10/Count10   60,012 ns/op ±12%   16,457 B/op ±0%   214 allocs/op    5.28s
  [1/4]  bench  MerkleCommit/sumhash/Item10/Count100  279,807 ns/op   133,672 B/op   1,710 allocs/op
  [2/4]  bench  MerkleCommit/sumhash/Item10/Count100  290,845 ns/op   133,562 B/op   1,709 allocs/op
  [3/4]  bench  MerkleCommit/sumhash/Item10/Count100  290,874 ns/op   133,558 B/op   1,709 allocs/op
  [4/4]  bench  MerkleCommit/sumhash/Item10/Count100  299,120 ns/op ±7%   133,535 B/op ±0%   1,709 allocs/op ±0%    4.01s
  [1/4]  bench  MerkleCommit/sumhash/Item10/Count1000  1,693,721 ns/op   1,264,932 B/op   16,199 allocs/op
  [2/4]  bench  MerkleCommit/sumhash/Item10/Count1000  1,701,464 ns/op   1,264,771 B/op   16,197 allocs/op
  [3/4]  bench  MerkleCommit/sumhash/Item10/Count1000  1,656,800 ns/op   1,264,809 B/op   16,198 allocs/op
  [4/4]  bench  MerkleCommit/sumhash/Item10/Count1000  1,658,424 ns/op ±4%   1,264,839 B/op ±0%   16,198 allocs/op ±0%    4.22s
  [1/4]  bench  MerkleCommit/sumhash/Item10/Count10000  10,758,981 ns/op   12,529,751 B/op   160,371 allocs/op
  [2/4]  bench  MerkleCommit/sumhash/Item10/Count10000  10,663,078 ns/op   12,529,911 B/op   160,373 allocs/op
  [3/4]  bench  MerkleCommit/sumhash/Item10/Count10000  10,845,438 ns/op   12,529,603 B/op   160,369 allocs/op
  [4/4]  bench  MerkleCommit/sumhash/Item10/Count10000  10,796,474 ns/op ±3%   12,529,686 B/op ±0%   160,370 allocs/op ±0%    3.27s
  [1/4]  bench  MerkleCommit/sumhash/Item10/Count100000  85,206,481 ns/op   124,875,137 B/op   1,600,533 allocs/op
  [2/4]  bench  MerkleCommit/sumhash/Item10/Count100000  81,620,516 ns/op   124,875,331 B/op   1,600,535 allocs/op
  [3/4]  bench  MerkleCommit/sumhash/Item10/Count100000  82,148,779 ns/op   124,875,360 B/op   1,600,535 allocs/op
  [4/4]  bench  MerkleCommit/sumhash/Item10/Count100000  81,340,067 ns/op ±4%   124,875,333 B/op ±0%   1,600,535 allocs/op ±0%    3.76s
  [1/4]  bench  MerkleCommit/sumhash/Item1000/Count10  131,532 ns/op   28,323 B/op   230 allocs/op
  [2/4]  bench  MerkleCommit/sumhash/Item1000/Count10  132,181 ns/op   28,309 B/op   230 allocs/op
  [3/4]  bench  MerkleCommit/sumhash/Item1000/Count10  136,559 ns/op   28,299 B/op   230 allocs/op
  [4/4]  bench  MerkleCommit/sumhash/Item1000/Count10  139,154 ns/op ±6%   28,291 B/op ±0%   230 allocs/op ±0%    4.17s
  [1/4]  bench  MerkleCommit/sumhash/Item1000/Count100  645,632 ns/op   248,301 B/op   1,823 allocs/op
  [2/4]  bench  MerkleCommit/sumhash/Item1000/Count100  686,333 ns/op   248,255 B/op   1,823 allocs/op
  [3/4]  bench  MerkleCommit/sumhash/Item1000/Count100  713,870 ns/op   248,269 B/op   1,823 allocs/op
  [4/4]  bench  MerkleCommit/sumhash/Item1000/Count100  712,081 ns/op ±9%   248,258 B/op ±0%   1,823 allocs/op ±0%    4.03s
  [1/4]  bench  MerkleCommit/sumhash/Item1000/Count1000  4,137,935 ns/op   2,401,046 B/op   17,200 allocs/op
  [2/4]  bench  MerkleCommit/sumhash/Item1000/Count1000  4,183,800 ns/op   2,401,252 B/op   17,203 allocs/op
  [3/4]  bench  MerkleCommit/sumhash/Item1000/Count1000  4,276,965 ns/op   2,401,163 B/op   17,202 allocs/op
  [4/4]  bench  MerkleCommit/sumhash/Item1000/Count1000  4,276,928 ns/op ±4%   2,401,345 B/op ±0%   17,204 allocs/op ±0%    5.03s
  [1/4]  bench  MerkleCommit/sumhash/Item1000/Count10000  33,648,744 ns/op   23,889,270 B/op   170,365 allocs/op
  [2/4]  bench  MerkleCommit/sumhash/Item1000/Count10000  32,013,605 ns/op   23,889,965 B/op   170,373 allocs/op
  [3/4]  bench  MerkleCommit/sumhash/Item1000/Count10000  31,914,411 ns/op   23,889,770 B/op   170,370 allocs/op
  [4/4]  bench  MerkleCommit/sumhash/Item1000/Count10000  31,628,181 ns/op ±5%   23,889,795 B/op ±0%   170,370 allocs/op ±0%    4.56s
  [1/4]  bench  MerkleCommit/sumhash/Item1000/Count100000  285,811,817 ns/op   238,476,968 B/op   1,700,552 allocs/op
  [2/4]  bench  MerkleCommit/sumhash/Item1000/Count100000  269,438,159 ns/op   238,475,806 B/op   1,700,539 allocs/op
  [3/4]  bench  MerkleCommit/sumhash/Item1000/Count100000  271,019,043 ns/op   238,475,668 B/op   1,700,537 allocs/op
  [4/4]  bench  MerkleCommit/sumhash/Item1000/Count100000  274,131,389 ns/op ±6%   238,475,340 B/op ±0%   1,700,533 allocs/op ±0%    6.59s
  [1/4]  bench  MerkleCommit/sumhash/Item100000/Count10  4,122,628 ns/op   1,084,274 B/op   244 allocs/op
  [2/4]  bench  MerkleCommit/sumhash/Item100000/Count10  3,837,040 ns/op   1,084,459 B/op   247 allocs/op
  [3/4]  bench  MerkleCommit/sumhash/Item100000/Count10  3,749,724 ns/op   1,084,525 B/op   247 allocs/op
  [4/4]  bench  MerkleCommit/sumhash/Item100000/Count10  3,731,077 ns/op ±8%   1,084,520 B/op ±0%   247 allocs/op ±1%    4.69s
  [1/4]  bench  MerkleCommit/sumhash/Item100000/Count100  23,693,422 ns/op   10,796,576 B/op   1,835 allocs/op
  [2/4]  bench  MerkleCommit/sumhash/Item100000/Count100  24,453,121 ns/op   10,796,670 B/op   1,836 allocs/op
  [3/4]  bench  MerkleCommit/sumhash/Item100000/Count100  25,585,799 ns/op   10,796,648 B/op   1,836 allocs/op
  [4/4]  bench  MerkleCommit/sumhash/Item100000/Count100  25,183,559 ns/op ±8%   10,796,630 B/op ±0%   1,836 allocs/op ±0%    3.86s
  [1/4]  bench  MerkleCommit/sumhash/Item100000/Count1000  195,477,417 ns/op   107,871,738 B/op   17,183 allocs/op
  [2/4]  bench  MerkleCommit/sumhash/Item100000/Count1000  197,449,358 ns/op   107,872,553 B/op   17,193 allocs/op
  [3/4]  bench  MerkleCommit/sumhash/Item100000/Count1000  207,087,211 ns/op   107,872,917 B/op   17,197 allocs/op
  [4/4]  bench  MerkleCommit/sumhash/Item100000/Count1000  202,826,337 ns/op ±9%   107,872,654 B/op ±0%   17,194 allocs/op ±0%    5.11s
  [1/4]  bench  MerkleCommit/sumhash/Item100000/Count10000  2,093,541,250 ns/op   1,078,615,032 B/op   170,413 allocs/op
  [2/4]  bench  MerkleCommit/sumhash/Item100000/Count10000  2,084,731,542 ns/op   1,078,611,984 B/op   170,378 allocs/op
  [3/4]  bench  MerkleCommit/sumhash/Item100000/Count10000  2,016,841,973 ns/op   1,078,612,021 B/op   170,379 allocs/op
  [4/4]  bench  MerkleCommit/sumhash/Item100000/Count10000  1,997,125,271 ns/op ±5%   1,078,610,770 B/op ±0%   170,367 allocs/op ±0%    5.89s
  [1/4]  bench  MerkleCommit/sumhash/Item100000/Count100000  18,146,051,792 ns/op   10,785,688,272 B/op   1,700,572 allocs/op
  [2/4]  bench  MerkleCommit/sumhash/Item100000/Count100000  18,436,729,292 ns/op   10,785,688,012 B/op   1,700,570 allocs/op
  [3/4]  bench  MerkleCommit/sumhash/Item100000/Count100000  18,659,903,472 ns/op   10,785,689,256 B/op   1,700,581 allocs/op
  [4/4]  bench  MerkleCommit/sumhash/Item100000/Count100000  18,627,009,802 ns/op ±3%   10,785,689,804 B/op ±0%   1,700,583 allocs/op ±0%    56.36s
  [1/4]  bench  MerkleCommit/sha256/Item10/Count10    9,001 ns/op   5,412 B/op   107 allocs/op
  [2/4]  bench  MerkleCommit/sha256/Item10/Count10    8,877 ns/op   5,412 B/op   107 allocs/op
  [3/4]  bench  MerkleCommit/sha256/Item10/Count10    8,812 ns/op   5,411 B/op   107 allocs/op
  [4/4]  bench  MerkleCommit/sha256/Item10/Count10    9,270 ns/op ±11%   5,411 B/op ±0%   107 allocs/op    4.92s
  [1/4]  bench  MerkleCommit/sha256/Item10/Count100   50,910 ns/op   33,159 B/op   757 allocs/op
  [2/4]  bench  MerkleCommit/sha256/Item10/Count100   47,498 ns/op   33,173 B/op   757 allocs/op
  [3/4]  bench  MerkleCommit/sha256/Item10/Count100   47,756 ns/op   33,173 B/op   757 allocs/op
  [4/4]  bench  MerkleCommit/sha256/Item10/Count100   47,064 ns/op ±7%   33,175 B/op ±0%   757 allocs/op    5.03s
  [1/4]  bench  MerkleCommit/sha256/Item10/Count1000  264,793 ns/op   295,429 B/op   7,080 allocs/op
  [2/4]  bench  MerkleCommit/sha256/Item10/Count1000  258,780 ns/op   295,462 B/op   7,081 allocs/op
  [3/4]  bench  MerkleCommit/sha256/Item10/Count1000  262,242 ns/op   295,448 B/op   7,080 allocs/op
  [4/4]  bench  MerkleCommit/sha256/Item10/Count1000  268,745 ns/op ±7%   295,444 B/op ±0%   7,080 allocs/op ±0%    3.75s
  [1/4]  bench  MerkleCommit/sha256/Item10/Count10000  1,585,906 ns/op   2,912,000 B/op   70,153 allocs/op
  [2/4]  bench  MerkleCommit/sha256/Item10/Count10000  1,659,164 ns/op   2,912,037 B/op   70,154 allocs/op
  [3/4]  bench  MerkleCommit/sha256/Item10/Count10000  1,665,195 ns/op   2,911,975 B/op   70,153 allocs/op
  [4/4]  bench  MerkleCommit/sha256/Item10/Count10000  1,642,511 ns/op ±5%   2,911,997 B/op ±0%   70,153 allocs/op ±0%    4.14s
  [1/4]  bench  MerkleCommit/sha256/Item10/Count100000  12,004,477 ns/op   28,851,091 B/op   700,228 allocs/op
  [2/4]  bench  MerkleCommit/sha256/Item10/Count100000  11,752,948 ns/op   28,851,201 B/op   700,229 allocs/op
  [3/4]  bench  MerkleCommit/sha256/Item10/Count100000  11,467,221 ns/op   28,851,151 B/op   700,229 allocs/op
  [4/4]  bench  MerkleCommit/sha256/Item10/Count100000  11,337,272 ns/op ±5%   28,851,210 B/op ±0%   700,229 allocs/op ±0%    5.41s
  [1/4]  bench  MerkleCommit/sha256/Item1000/Count10  15,395 ns/op   15,508 B/op   107 allocs/op
  [2/4]  bench  MerkleCommit/sha256/Item1000/Count10  15,148 ns/op   15,511 B/op   107 allocs/op
  [3/4]  bench  MerkleCommit/sha256/Item1000/Count10  15,532 ns/op   15,509 B/op   107 allocs/op
  [4/4]  bench  MerkleCommit/sha256/Item1000/Count10  15,715 ns/op ±4%   15,509 B/op ±0%   107 allocs/op    4.23s
  [1/4]  bench  MerkleCommit/sha256/Item1000/Count100  103,421 ns/op   134,143 B/op   759 allocs/op
  [2/4]  bench  MerkleCommit/sha256/Item1000/Count100  101,705 ns/op   134,144 B/op   759 allocs/op
  [3/4]  bench  MerkleCommit/sha256/Item1000/Count100  103,597 ns/op   134,143 B/op   759 allocs/op
  [4/4]  bench  MerkleCommit/sha256/Item1000/Count100  106,704 ns/op ±8%   134,145 B/op ±0%   759 allocs/op    4.54s
  [1/4]  bench  MerkleCommit/sha256/Item1000/Count1000  705,110 ns/op   1,304,033 B/op   7,086 allocs/op
  [2/4]  bench  MerkleCommit/sha256/Item1000/Count1000  702,726 ns/op   1,304,026 B/op   7,086 allocs/op
  [3/4]  bench  MerkleCommit/sha256/Item1000/Count1000  723,242 ns/op   1,304,028 B/op   7,086 allocs/op
  [4/4]  bench  MerkleCommit/sha256/Item1000/Count1000  714,299 ns/op ±5%   1,304,064 B/op ±0%   7,086 allocs/op ±0%    3.77s
  [1/4]  bench  MerkleCommit/sha256/Item1000/Count10000  4,719,171 ns/op   12,992,773 B/op   70,160 allocs/op
  [2/4]  bench  MerkleCommit/sha256/Item1000/Count10000  4,564,336 ns/op   12,992,785 B/op   70,160 allocs/op
  [3/4]  bench  MerkleCommit/sha256/Item1000/Count10000  4,550,152 ns/op   12,992,841 B/op   70,161 allocs/op
  [4/4]  bench  MerkleCommit/sha256/Item1000/Count10000  4,667,899 ns/op ±7%   12,992,821 B/op ±0%   70,161 allocs/op ±0%    5.03s
  [1/4]  bench  MerkleCommit/sha256/Item1000/Count100000  38,165,029 ns/op   129,651,796 B/op   700,233 allocs/op
  [2/4]  bench  MerkleCommit/sha256/Item1000/Count100000  39,555,434 ns/op   129,651,737 B/op   700,233 allocs/op
  [3/4]  bench  MerkleCommit/sha256/Item1000/Count100000  39,317,147 ns/op   129,652,001 B/op   700,235 allocs/op
  [4/4]  bench  MerkleCommit/sha256/Item1000/Count100000  39,473,545 ns/op ±4%   129,652,069 B/op ±0%   700,236 allocs/op ±0%    4.78s
  [1/4]  bench  MerkleCommit/sha256/Item100000/Count10  398,930 ns/op   1,070,980 B/op   114 allocs/op
  [2/4]  bench  MerkleCommit/sha256/Item100000/Count10  413,122 ns/op   1,070,936 B/op   114 allocs/op
  [3/4]  bench  MerkleCommit/sha256/Item100000/Count10  415,830 ns/op   1,070,921 B/op   113 allocs/op
  [4/4]  bench  MerkleCommit/sha256/Item100000/Count10  401,732 ns/op ±8%   1,070,919 B/op ±0%   113 allocs/op ±0%    3.9s
  [1/4]  bench  MerkleCommit/sha256/Item100000/Count100  2,042,582 ns/op   10,683,079 B/op   775 allocs/op
  [2/4]  bench  MerkleCommit/sha256/Item100000/Count100  2,175,152 ns/op   10,683,180 B/op   776 allocs/op
  [3/4]  bench  MerkleCommit/sha256/Item100000/Count100  2,188,993 ns/op   10,683,230 B/op   776 allocs/op
  [4/4]  bench  MerkleCommit/sha256/Item100000/Count100  2,253,054 ns/op ±9%   10,683,242 B/op ±0%   777 allocs/op ±0%    4.29s
  [1/4]  bench  MerkleCommit/sha256/Item100000/Count1000  22,207,808 ns/op   106,777,793 B/op   7,100 allocs/op
  [2/4]  bench  MerkleCommit/sha256/Item100000/Count1000  21,987,043 ns/op   106,777,773 B/op   7,099 allocs/op
  [3/4]  bench  MerkleCommit/sha256/Item100000/Count1000  21,218,359 ns/op   106,777,846 B/op   7,099 allocs/op
  [4/4]  bench  MerkleCommit/sha256/Item100000/Count1000  20,710,917 ns/op ±7%   106,777,838 B/op ±0%   7,099 allocs/op ±0%    5.21s
  [1/4]  bench  MerkleCommit/sha256/Item100000/Count10000  180,964,821 ns/op   1,067,716,593 B/op   70,158 allocs/op
  [2/4]  bench  MerkleCommit/sha256/Item100000/Count10000  175,984,275 ns/op   1,067,716,805 B/op   70,166 allocs/op
  [3/4]  bench  MerkleCommit/sha256/Item100000/Count10000  178,593,579 ns/op   1,067,717,624 B/op   70,171 allocs/op
  [4/4]  bench  MerkleCommit/sha256/Item100000/Count10000  180,986,435 ns/op ±5%   1,067,717,730 B/op ±0%   70,172 allocs/op ±0%    6.35s
  [1/4]  bench  MerkleCommit/sha256/Item100000/Count100000  1,356,143,791 ns/op   10,676,878,760 B/op   700,314 allocs/op
  [2/4]  bench  MerkleCommit/sha256/Item100000/Count100000  1,351,315,687 ns/op   10,676,875,888 B/op   700,307 allocs/op
  [3/4]  bench  MerkleCommit/sha256/Item100000/Count100000  1,409,162,750 ns/op   10,676,882,184 B/op   700,352 allocs/op
  [4/4]  bench  MerkleCommit/sha256/Item100000/Count100000  1,453,739,750 ns/op ±8%   10,676,881,640 B/op ±0%   700,348 allocs/op ±0%    4.46s
  [1/4]  bench  AppendMsgBlockHeader                  32.5 ns/op   30.8 MB/s   0.000 B/op   0.000 allocs/op
  [2/4]  bench  AppendMsgBlockHeader                  32.5 ns/op   30.8 MB/s   0.000 B/op   0.000 allocs/op
  [3/4]  bench  AppendMsgBlockHeader                  32.6 ns/op   30.7 MB/s   0.000 B/op   0.000 allocs/op
  [4/4]  bench  AppendMsgBlockHeader                  32.6 ns/op ±0%   30.7 MB/s ±0%   0.000 B/op   0.000 allocs/op    3.72s
  [1/4]  bench  AppendMsgSignedTxn                    76.5 ns/op   13.1 MB/s   0.000 B/op   0.000 allocs/op
  [2/4]  bench  AppendMsgSignedTxn                    77.0 ns/op   13.0 MB/s   0.000 B/op   0.000 allocs/op
  [3/4]  bench  AppendMsgSignedTxn                    77.1 ns/op   13.0 MB/s   0.000 B/op   0.000 allocs/op
  [4/4]  bench  AppendMsgSignedTxn                    77.0 ns/op ±1%   13.0 MB/s ±1%   0.000 B/op   0.000 allocs/op    3.87s
  [1/4]  bench  PaysetGroups                          9,496 ns/op   76,789 B/op   8.00 allocs/op
  [2/4]  bench  PaysetGroups                          9,368 ns/op   76,186 B/op   8.00 allocs/op
  [3/4]  bench  PaysetGroups                          9,502 ns/op   77,532 B/op   8.00 allocs/op
  [4/4]  bench  PaysetGroups                          9,613 ns/op ±4%   79,697 B/op ±7%   8.00 allocs/op    22.34s
  [1/4]  bench  Txn                                   42,994 ns/op   9,401 B/op   12.0 allocs/op
  [2/4]  bench  Txn                                   43,090 ns/op   9,403 B/op   12.0 allocs/op
  [3/4]  bench  Txn                                   43,037 ns/op   9,404 B/op   12.0 allocs/op
  [4/4]  bench  Txn                                   42,939 ns/op ±1%   9,405 B/op ±0%   12.0 allocs/op    9.17s
  [1/4]  bench  TxHandlerProcessing/processDecoded    21,989 ns/op   4,320 B/op   35.0 allocs/op
  [2/4]  bench  TxHandlerProcessing/processDecoded    22,294 ns/op   4,320 B/op   35.0 allocs/op
  [3/4]  bench  TxHandlerProcessing/processDecoded    22,386 ns/op   4,320 B/op   35.0 allocs/op
  [4/4]  bench  TxHandlerProcessing/processDecoded    22,584 ns/op ±3%   4,320 B/op   35.0 allocs/op    7.23s
  [1/4]  bench  TxHandlerProcessing/verify.TxnGroup   45,831 ns/op   11,328 B/op   16.0 allocs/op
  [2/4]  bench  TxHandlerProcessing/verify.TxnGroup   44,668 ns/op   11,328 B/op   16.0 allocs/op
  [3/4]  bench  TxHandlerProcessing/verify.TxnGroup   44,128 ns/op   11,328 B/op   16.0 allocs/op
  [4/4]  bench  TxHandlerProcessing/verify.TxnGroup   44,091 ns/op ±3%   11,328 B/op   16.0 allocs/op    6.6s
  [1/4]  bench  CompactDeltas/account-deltas          1,696,093 ns/op   4,213,206 B/op   0.000 allocs/op
  [2/4]  bench  CompactDeltas/account-deltas          1,656,821 ns/op   4,211,597 B/op   0.000 allocs/op
  [3/4]  bench  CompactDeltas/account-deltas          1,647,791 ns/op   4,214,713 B/op   0.000 allocs/op
  [4/4]  bench  CompactDeltas/account-deltas          1,653,590 ns/op ±2%   4,214,012 B/op ±0%   0.000 allocs/op    17.9s
