  [1/4]  bench  MerkleCommit/sha512_256/Item10/Count10  15,847 ns/op   5,906 B/op   107 allocs/op
  [2/4]  bench  MerkleCommit/sha512_256/Item10/Count10  15,625 ns/op   5,906 B/op   107 allocs/op
  [3/4]  bench  MerkleCommit/sha512_256/Item10/Count10  16,336 ns/op   5,904 B/op   107 allocs/op
  [4/4]  bench  MerkleCommit/sha512_256/Item10/Count10  16,464 ns/op ±7%   5,904 B/op ±0%   107 allocs/op    4.09s
  [1/4]  bench  MerkleCommit/sha512_256/Item10/Count100  77,341 ns/op   34,121 B/op   758 allocs/op
  [2/4]  bench  MerkleCommit/sha512_256/Item10/Count100  77,054 ns/op   34,120 B/op   758 allocs/op
  [3/4]  bench  MerkleCommit/sha512_256/Item10/Count100  74,859 ns/op   34,116 B/op   758 allocs/op
  [4/4]  bench  MerkleCommit/sha512_256/Item10/Count100  73,552 ns/op ±5%   34,109 B/op ±0%   758 allocs/op    5.79s
  [1/4]  bench  MerkleCommit/sha512_256/Item10/Count1000  374,171 ns/op   297,606 B/op   7,084 allocs/op
  [2/4]  bench  MerkleCommit/sha512_256/Item10/Count1000  363,212 ns/op   297,579 B/op   7,084 allocs/op
  [3/4]  bench  MerkleCommit/sha512_256/Item10/Count1000  353,412 ns/op   297,589 B/op   7,084 allocs/op
  [4/4]  bench  MerkleCommit/sha512_256/Item10/Count1000  355,498 ns/op ±6%   297,576 B/op ±0%   7,084 allocs/op ±0%    3.87s
  [1/4]  bench  MerkleCommit/sha512_256/Item10/Count10000  2,190,342 ns/op   2,916,458 B/op   70,157 allocs/op
  [2/4]  bench  MerkleCommit/sha512_256/Item10/Count10000  2,154,411 ns/op   2,916,605 B/op   70,158 allocs/op
  [3/4]  bench  MerkleCommit/sha512_256/Item10/Count10000  2,084,219 ns/op   2,916,474 B/op   70,157 allocs/op
  [4/4]  bench  MerkleCommit/sha512_256/Item10/Count10000  2,038,380 ns/op ±7%   2,916,517 B/op ±0%   70,158 allocs/op ±0%    5.21s
  [1/4]  bench  MerkleCommit/sha512_256/Item10/Count100000  12,853,894 ns/op   28,858,155 B/op   700,231 allocs/op
  [2/4]  bench  MerkleCommit/sha512_256/Item10/Count100000  13,011,802 ns/op   28,858,673 B/op   700,234 allocs/op
  [3/4]  bench  MerkleCommit/sha512_256/Item10/Count100000  13,206,385 ns/op   28,858,725 B/op   700,234 allocs/op
  [4/4]  bench  MerkleCommit/sha512_256/Item10/Count100000  13,119,028 ns/op ±3%   28,858,897 B/op ±0%   700,236 allocs/op ±0%    3.54s
  [1/4]  bench  MerkleCommit/sha512_256/Item1000/Count10  23,621 ns/op   16,069 B/op   107 allocs/op
  [2/4]  bench  MerkleCommit/sha512_256/Item1000/Count10  25,015 ns/op   16,056 B/op   107 allocs/op
  [3/4]  bench  MerkleCommit/sha512_256/Item1000/Count10  24,907 ns/op   16,060 B/op   107 allocs/op
  [4/4]  bench  MerkleCommit/sha512_256/Item1000/Count10  24,999 ns/op ±6%   16,058 B/op ±0%   107 allocs/op    4.31s
  [1/4]  bench  MerkleCommit/sha512_256/Item1000/Count100  150,298 ns/op   135,210 B/op   760 allocs/op
  [2/4]  bench  MerkleCommit/sha512_256/Item1000/Count100  142,380 ns/op   135,239 B/op   760 allocs/op
  [3/4]  bench  MerkleCommit/sha512_256/Item1000/Count100  145,497 ns/op   135,247 B/op   760 allocs/op
  [4/4]  bench  MerkleCommit/sha512_256/Item1000/Count100  145,783 ns/op ±6%   135,245 B/op ±0%   760 allocs/op    3.59s
  [1/4]  bench  MerkleCommit/sha512_256/Item1000/Count1000  735,319 ns/op   1,306,544 B/op   7,090 allocs/op
  [2/4]  bench  MerkleCommit/sha512_256/Item1000/Count1000  719,319 ns/op   1,306,597 B/op   7,090 allocs/op
  [3/4]  bench  MerkleCommit/sha512_256/Item1000/Count1000  729,875 ns/op   1,306,544 B/op   7,090 allocs/op
  [4/4]  bench  MerkleCommit/sha512_256/Item1000/Count1000  732,031 ns/op ±3%   1,306,602 B/op ±0%   7,090 allocs/op ±0%    3.63s
  [1/4]  bench  MerkleCommit/sha512_256/Item1000/Count10000  5,431,530 ns/op   12,997,591 B/op   70,165 allocs/op
  [2/4]  bench  MerkleCommit/sha512_256/Item1000/Count10000  5,181,008 ns/op   12,997,532 B/op   70,165 allocs/op
  [3/4]  bench  MerkleCommit/sha512_256/Item1000/Count10000  5,029,962 ns/op   12,997,575 B/op   70,165 allocs/op
  [4/4]  bench  MerkleCommit/sha512_256/Item1000/Count10000  5,077,287 ns/op ±7%   12,997,560 B/op ±0%   70,165 allocs/op ±0%    5.24s
  [1/4]  bench  MerkleCommit/sha512_256/Item1000/Count100000  36,720,821 ns/op   129,659,178 B/op   700,236 allocs/op
  [2/4]  bench  MerkleCommit/sha512_256/Item1000/Count100000  40,053,496 ns/op   129,658,941 B/op   700,235 allocs/op
  [3/4]  bench  MerkleCommit/sha512_256/Item1000/Count100000  39,450,852 ns/op   129,659,022 B/op   700,235 allocs/op
  [4/4]  bench  MerkleCommit/sha512_256/Item1000/Count100000  40,025,309 ns/op ±8%   129,658,968 B/op ±0%   700,235 allocs/op ±0%    3.87s
  [1/4]  bench  MerkleCommit/sha512_256/Item100000/Count10  458,177 ns/op   1,071,887 B/op   114 allocs/op
  [2/4]  bench  MerkleCommit/sha512_256/Item100000/Count10  452,505 ns/op   1,071,895 B/op   114 allocs/op
  [3/4]  bench  MerkleCommit/sha512_256/Item100000/Count10  446,223 ns/op   1,071,915 B/op   114 allocs/op
  [4/4]  bench  MerkleCommit/sha512_256/Item100000/Count10  457,134 ns/op ±6%   1,071,911 B/op ±0%   114 allocs/op ±0%    4.68s
  [1/4]  bench  MerkleCommit/sha512_256/Item100000/Count100  2,862,254 ns/op   10,685,117 B/op   777 allocs/op
  [2/4]  bench  MerkleCommit/sha512_256/Item100000/Count100  2,904,764 ns/op   10,685,069 B/op   777 allocs/op
  [3/4]  bench  MerkleCommit/sha512_256/Item100000/Count100  2,949,143 ns/op   10,685,103 B/op   777 allocs/op
  [4/4]  bench  MerkleCommit/sha512_256/Item100000/Count100  2,993,915 ns/op ±4%   10,685,141 B/op ±0%   778 allocs/op ±0%    4.57s
  [1/4]  bench  MerkleCommit/sha512_256/Item100000/Count1000  23,401,757 ns/op   106,779,763 B/op   7,097 allocs/op
  [2/4]  bench  MerkleCommit/sha512_256/Item100000/Count1000  23,202,113 ns/op   106,780,045 B/op   7,098 allocs/op
  [3/4]  bench  MerkleCommit/sha512_256/Item100000/Count1000  22,661,142 ns/op   106,780,079 B/op   7,098 allocs/op
  [4/4]  bench  MerkleCommit/sha512_256/Item100000/Count1000  22,937,701 ns/op ±5%   106,780,165 B/op ±0%   7,099 allocs/op ±0%    4.44s
  [1/4]  bench  MerkleCommit/sha512_256/Item100000/Count10000  175,854,680 ns/op   1,067,719,029 B/op   70,168 allocs/op
  [2/4]  bench  MerkleCommit/sha512_256/Item100000/Count10000  198,983,305 ns/op   1,067,720,023 B/op   70,171 allocs/op
  [3/4]  bench  MerkleCommit/sha512_256/Item100000/Count10000  201,374,864 ns/op   1,067,719,847 B/op   70,169 allocs/op
  [4/4]  bench  MerkleCommit/sha512_256/Item100000/Count10000  204,366,886 ns/op ±11%   1,067,720,259 B/op ±0%   70,171 allocs/op ±0%    5.23s
  [1/4]  bench  MerkleCommit/sha512_256/Item100000/Count100000  1,625,756,792 ns/op   10,676,865,832 B/op   700,241 allocs/op
  [2/4]  bench  MerkleCommit/sha512_256/Item100000/Count100000  1,579,899,542 ns/op   10,676,868,624 B/op   700,263 allocs/op
  [3/4]  bench  MerkleCommit/sha512_256/Item100000/Count100000  1,611,628,195 ns/op   10,676,871,741 B/op   700,290 allocs/op
  [4/4]  bench  MerkleCommit/sha512_256/Item100000/Count100000  1,631,329,250 ns/op ±5%   10,676,871,088 B/op ±0%   700,287 allocs/op ±0%    4.9s
  [1/4]  bench  MerkleCommit/sumhash/Item10/Count10   53,874 ns/op   16,478 B/op   214 allocs/op
  [2/4]  bench  MerkleCommit/sumhash/Item10/Count10   62,666 ns/op   16,452 B/op   214 allocs/op
  [3/4]  bench  MerkleCommit/sumhash/Item10/Count10   58,818 ns/op   16,468 B/op   214 allocs/op
  [4/4]  bench  MerkleCommit/sumhash/Item10/Count10   58,518 ns/op ±17%   16,472 B/op ±0%   214 allocs/op    5.48s
  [1/4]  bench  MerkleCommit/sumhash/Item10/Count100  308,100 ns/op   133,359 B/op   1,707 allocs/op
  [2/4]  bench  MerkleCommit/sumhash/Item10/Count100  317,394 ns/op   133,456 B/op   1,708 allocs/op
  [3/4]  bench  MerkleCommit/sumhash/Item10/Count100  327,611 ns/op   133,347 B/op   1,707 allocs/op
  [4/4]  bench  MerkleCommit/sumhash/Item10/Count100  318,410 ns/op ±9%   133,345 B/op ±0%   1,707 allocs/op ±0%    4.68s
  [1/4]  bench  MerkleCommit/sumhash/Item10/Count1000  1,649,996 ns/op   1,264,075 B/op   16,189 allocs/op
  [2/4]  bench  MerkleCommit/sumhash/Item10/Count1000  1,680,618 ns/op   1,264,180 B/op   16,190 allocs/op
  [3/4]  bench  MerkleCommit/sumhash/Item10/Count1000  1,707,068 ns/op   1,264,364 B/op   16,192 allocs/op
  [4/4]  bench  MerkleCommit/sumhash/Item10/Count1000  1,716,425 ns/op ±3%   1,264,363 B/op ±0%   16,192 allocs/op ±0%    4.24s
  [1/4]  bench  MerkleCommit/sumhash/Item10/Count10000  11,361,488 ns/op   12,529,060 B/op   160,363 allocs/op
  [2/4]  bench  MerkleCommit/sumhash/Item10/Count10000  11,232,194 ns/op   12,529,120 B/op   160,364 allocs/op
  [3/4]  bench  MerkleCommit/sumhash/Item10/Count10000  10,988,953 ns/op   12,529,388 B/op   160,367 allocs/op
  [4/4]  bench  MerkleCommit/sumhash/Item10/Count10000  11,277,048 ns/op ±7%   12,529,263 B/op ±0%   160,365 allocs/op ±0%    3.41s
  [1/4]  bench  MerkleCommit/sumhash/Item10/Count100000  102,446,570 ns/op   124,873,474 B/op   1,600,513 allocs/op
  [2/4]  bench  MerkleCommit/sumhash/Item10/Count100000  102,666,454 ns/op   124,873,771 B/op   1,600,517 allocs/op
  [3/4]  bench  MerkleCommit/sumhash/Item10/Count100000  98,785,699 ns/op   124,874,013 B/op   1,600,519 allocs/op
  [4/4]  bench  MerkleCommit/sumhash/Item10/Count100000  93,853,437 ns/op ±13%   124,874,436 B/op ±0%   1,600,524 allocs/op ±0%    4.39s
  [1/4]  bench  MerkleCommit/sumhash/Item1000/Count10  133,052 ns/op   28,312 B/op   230 allocs/op
  [2/4]  bench  MerkleCommit/sumhash/Item1000/Count10  146,105 ns/op   28,376 B/op   231 allocs/op
  [3/4]  bench  MerkleCommit/sumhash/Item1000/Count10  152,607 ns/op   28,336 B/op   230 allocs/op
  [4/4]  bench  MerkleCommit/sumhash/Item1000/Count10  154,022 ns/op ±11%   28,321 B/op ±0%   230 allocs/op ±0%    3.88s
  [1/4]  bench  MerkleCommit/sumhash/Item1000/Count100  854,776 ns/op   247,997 B/op   1,819 allocs/op
  [2/4]  bench  MerkleCommit/sumhash/Item1000/Count100  758,697 ns/op   248,155 B/op   1,821 allocs/op
  [3/4]  bench  MerkleCommit/sumhash/Item1000/Count100  717,651 ns/op   248,208 B/op   1,822 allocs/op
  [4/4]  bench  MerkleCommit/sumhash/Item1000/Count100  695,156 ns/op ±16%   248,241 B/op ±0%   1,822 allocs/op ±0%    4.81s
  [1/4]  bench  MerkleCommit/sumhash/Item1000/Count1000  4,176,167 ns/op   2,401,373 B/op   17,204 allocs/op
  [2/4]  bench  MerkleCommit/sumhash/Item1000/Count1000  4,237,604 ns/op   2,401,193 B/op   17,202 allocs/op
  [3/4]  bench  MerkleCommit/sumhash/Item1000/Count1000  4,176,262 ns/op   2,401,301 B/op   17,203 allocs/op
  [4/4]  bench  MerkleCommit/sumhash/Item1000/Count1000  4,231,815 ns/op ±4%   2,401,253 B/op ±0%   17,203 allocs/op ±0%    4.99s
  [1/4]  bench  MerkleCommit/sumhash/Item1000/Count10000  29,388,524 ns/op   23,889,667 B/op   170,370 allocs/op
  [2/4]  bench  MerkleCommit/sumhash/Item1000/Count10000  30,875,508 ns/op   23,889,656 B/op   170,370 allocs/op
  [3/4]  bench  MerkleCommit/sumhash/Item1000/Count10000  31,815,059 ns/op   23,890,033 B/op   170,374 allocs/op
  [4/4]  bench  MerkleCommit/sumhash/Item1000/Count10000  31,495,145 ns/op ±7%   23,889,908 B/op ±0%   170,373 allocs/op ±0%    3.95s
  [1/4]  bench  MerkleCommit/sumhash/Item1000/Count100000  256,059,334 ns/op   238,474,180 B/op   1,700,519 allocs/op
  [2/4]  bench  MerkleCommit/sumhash/Item1000/Count100000  254,898,672 ns/op   238,474,542 B/op   1,700,524 allocs/op
  [3/4]  bench  MerkleCommit/sumhash/Item1000/Count100000  261,263,354 ns/op   238,474,963 B/op   1,700,529 allocs/op
  [4/4]  bench  MerkleCommit/sumhash/Item1000/Count100000  269,025,287 ns/op ±7%   238,475,218 B/op ±0%   1,700,532 allocs/op ±0%    6.89s
  [1/4]  bench  MerkleCommit/sumhash/Item100000/Count10  3,576,998 ns/op   1,084,466 B/op   247 allocs/op
  [2/4]  bench  MerkleCommit/sumhash/Item100000/Count10  3,528,484 ns/op   1,084,576 B/op   248 allocs/op
  [3/4]  bench  MerkleCommit/sumhash/Item100000/Count10  3,479,564 ns/op   1,084,645 B/op   249 allocs/op
  [4/4]  bench  MerkleCommit/sumhash/Item100000/Count10  3,504,982 ns/op ±3%   1,084,706 B/op ±0%   250 allocs/op ±1%    4.65s
  [1/4]  bench  MerkleCommit/sumhash/Item100000/Count100  21,507,631 ns/op   10,796,505 B/op   1,834 allocs/op
  [2/4]  bench  MerkleCommit/sumhash/Item100000/Count100  22,246,413 ns/op   10,796,764 B/op   1,837 allocs/op
  [3/4]  bench  MerkleCommit/sumhash/Item100000/Count100  22,225,587 ns/op   10,796,759 B/op   1,837 allocs/op
  [4/4]  bench  MerkleCommit/sumhash/Item100000/Count100  22,171,961 ns/op ±3%   10,796,823 B/op ±0%   1,838 allocs/op ±0%    4.73s
  [1/4]  bench  MerkleCommit/sumhash/Item100000/Count1000  186,434,174 ns/op   107,874,400 B/op   17,215 allocs/op
  [2/4]  bench  MerkleCommit/sumhash/Item100000/Count1000  189,448,129 ns/op   107,874,568 B/op   17,217 allocs/op
  [3/4]  bench  MerkleCommit/sumhash/Item100000/Count1000  191,242,630 ns/op   107,874,405 B/op   17,214 allocs/op
  [4/4]  bench  MerkleCommit/sumhash/Item100000/Count1000  186,715,130 ns/op ±6%   107,874,303 B/op ±0%   17,213 allocs/op ±0%    3.92s
  [1/4]  bench  MerkleCommit/sumhash/Item100000/Count10000  1,843,574,459 ns/op   1,078,613,128 B/op   170,396 allocs/op
  [2/4]  bench  MerkleCommit/sumhash/Item100000/Count10000  1,868,798,917 ns/op   1,078,614,992 B/op   170,411 allocs/op
  [3/4]  bench  MerkleCommit/sumhash/Item100000/Count10000  1,825,232,653 ns/op   1,078,615,656 B/op   170,419 allocs/op
  [4/4]  bench  MerkleCommit/sumhash/Item100000/Count10000  1,819,335,073 ns/op ±4%   1,078,614,600 B/op ±0%   170,408 allocs/op ±0%    5.43s
  [1/4]  bench  MerkleCommit/sumhash/Item100000/Count100000  18,181,868,417 ns/op   10,785,680,208 B/op   1,700,450 allocs/op
  [2/4]  bench  MerkleCommit/sumhash/Item100000/Count100000  17,640,126,042 ns/op   10,785,684,524 B/op   1,700,523 allocs/op
  [3/4]  bench  MerkleCommit/sumhash/Item100000/Count100000  17,658,668,959 ns/op   10,785,687,475 B/op   1,700,555 allocs/op
  [4/4]  bench  MerkleCommit/sumhash/Item100000/Count100000  18,037,461,761 ns/op ±6%   10,785,687,998 B/op ±0%   1,700,560 allocs/op ±0%    53.97s
  [1/4]  bench  MerkleCommit/sha256/Item10/Count10    9,975 ns/op   5,411 B/op   107 allocs/op
  [2/4]  bench  MerkleCommit/sha256/Item10/Count10    9,858 ns/op   5,411 B/op   107 allocs/op
  [3/4]  bench  MerkleCommit/sha256/Item10/Count10    9,315 ns/op   5,411 B/op   107 allocs/op
  [4/4]  bench  MerkleCommit/sha256/Item10/Count10    9,161 ns/op ±10%   5,411 B/op ±0%   107 allocs/op    4.8s
  [1/4]  bench  MerkleCommit/sha256/Item10/Count100   44,591 ns/op   33,178 B/op   757 allocs/op
  [2/4]  bench  MerkleCommit/sha256/Item10/Count100   44,994 ns/op   33,179 B/op   757 allocs/op
  [3/4]  bench  MerkleCommit/sha256/Item10/Count100   44,339 ns/op   33,190 B/op   757 allocs/op
  [4/4]  bench  MerkleCommit/sha256/Item10/Count100   44,254 ns/op ±3%   33,189 B/op ±0%   757 allocs/op ±0%    4.86s
  [1/4]  bench  MerkleCommit/sha256/Item10/Count1000  257,373 ns/op   295,533 B/op   7,081 allocs/op
  [2/4]  bench  MerkleCommit/sha256/Item10/Count1000  250,971 ns/op   295,555 B/op   7,082 allocs/op
  [3/4]  bench  MerkleCommit/sha256/Item10/Count1000  251,208 ns/op   295,531 B/op   7,081 allocs/op
  [4/4]  bench  MerkleCommit/sha256/Item10/Count1000  251,833 ns/op ±3%   295,526 B/op ±0%   7,081 allocs/op ±0%    3.7s
  [1/4]  bench  MerkleCommit/sha256/Item10/Count10000  1,634,786 ns/op   2,911,856 B/op   70,152 allocs/op
  [2/4]  bench  MerkleCommit/sha256/Item10/Count10000  1,611,586 ns/op   2,912,005 B/op   70,154 allocs/op
  [3/4]  bench  MerkleCommit/sha256/Item10/Count10000  1,616,389 ns/op   2,911,994 B/op   70,153 allocs/op
  [4/4]  bench  MerkleCommit/sha256/Item10/Count10000  1,624,679 ns/op ±2%   2,912,041 B/op ±0%   70,154 allocs/op ±0%    3.91s
  [1/4]  bench  MerkleCommit/sha256/Item10/Count100000  10,828,354 ns/op   28,851,264 B/op   700,230 allocs/op
  [2/4]  bench  MerkleCommit/sha256/Item10/Count100000  10,745,620 ns/op   28,851,511 B/op   700,232 allocs/op
  [3/4]  bench  MerkleCommit/sha256/Item10/Count100000  10,982,176 ns/op   28,851,271 B/op   700,230 allocs/op
  [4/4]  bench  MerkleCommit/sha256/Item10/Count100000  10,891,868 ns/op ±4%   28,851,265 B/op ±0%   700,230 allocs/op ±0%    4.26s
  [1/4]  bench  MerkleCommit/sha256/Item1000/Count10  18,887 ns/op   15,506 B/op   107 allocs/op
  [2/4]  bench  MerkleCommit/sha256/Item1000/Count10  17,073 ns/op   15,507 B/op   107 allocs/op
  [3/4]  bench  MerkleCommit/sha256/Item1000/Count10  16,715 ns/op   15,507 B/op   107 allocs/op
  [4/4]  bench  MerkleCommit/sha256/Item1000/Count10  16,361 ns/op ±11%   15,508 B/op ±0%   107 allocs/op    4.08s
  [1/4]  bench  MerkleCommit/sha256/Item1000/Count100  99,084 ns/op   134,143 B/op   759 allocs/op
  [2/4]  bench  MerkleCommit/sha256/Item1000/Count100  101,329 ns/op   134,148 B/op   759 allocs/op
  [3/4]  bench  MerkleCommit/sha256/Item1000/Count100  101,987 ns/op   134,144 B/op   759 allocs/op
  [4/4]  bench  MerkleCommit/sha256/Item1000/Count100  99,302 ns/op ±6%   134,149 B/op ±0%   759 allocs/op    4.2s
  [1/4]  bench  MerkleCommit/sha256/Item1000/Count1000  577,094 ns/op   1,304,226 B/op   7,088 allocs/op
  [2/4]  bench  MerkleCommit/sha256/Item1000/Count1000  631,542 ns/op   1,304,193 B/op   7,088 allocs/op
  [3/4]  bench  MerkleCommit/sha256/Item1000/Count1000  649,116 ns/op   1,304,195 B/op   7,087 allocs/op
  [4/4]  bench  MerkleCommit/sha256/Item1000/Count1000  630,717 ns/op ±9%   1,304,178 B/op ±0%   7,087 allocs/op ±0%    4.1s
  [1/4]  bench  MerkleCommit/sha256/Item1000/Count10000  4,244,396 ns/op   12,993,294 B/op   70,165 allocs/op
  [2/4]  bench  MerkleCommit/sha256/Item1000/Count10000  4,308,847 ns/op   12,993,032 B/op   70,163 allocs/op
  [3/4]  bench  MerkleCommit/sha256/Item1000/Count10000  4,428,929 ns/op   12,993,029 B/op   70,162 allocs/op
  [4/4]  bench  MerkleCommit/sha256/Item1000/Count10000  4,849,578 ns/op ±19%   12,992,767 B/op ±0%   70,160 allocs/op ±0%    6.4s
  [1/4]  bench  MerkleCommit/sha256/Item1000/Count100000  36,740,626 ns/op   129,651,774 B/op   700,233 allocs/op
  [2/4]  bench  MerkleCommit/sha256/Item1000/Count100000  35,308,389 ns/op   129,651,960 B/op   700,235 allocs/op
  [3/4]  bench  MerkleCommit/sha256/Item1000/Count100000  35,948,852 ns/op   129,652,148 B/op   700,237 allocs/op
  [4/4]  bench  MerkleCommit/sha256/Item1000/Count100000  36,074,982 ns/op ±5%   129,652,195 B/op ±0%   700,237 allocs/op ±0%    3.8s
  [1/4]  bench  MerkleCommit/sha256/Item100000/Count10  390,711 ns/op   1,070,938 B/op   113 allocs/op
  [2/4]  bench  MerkleCommit/sha256/Item100000/Count10  354,452 ns/op   1,070,966 B/op   114 allocs/op
  [3/4]  bench  MerkleCommit/sha256/Item100000/Count10  371,779 ns/op   1,070,930 B/op   113 allocs/op
  [4/4]  bench  MerkleCommit/sha256/Item100000/Count10  382,641 ns/op ±13%   1,070,916 B/op ±0%   113 allocs/op ±0%    3.86s
  [1/4]  bench  MerkleCommit/sha256/Item100000/Count100  3,081,955 ns/op   10,683,067 B/op   775 allocs/op
  [2/4]  bench  MerkleCommit/sha256/Item100000/Count100  2,848,288 ns/op   10,683,132 B/op   776 allocs/op
  [3/4]  bench  MerkleCommit/sha256/Item100000/Count100  2,780,221 ns/op   10,683,130 B/op   776 allocs/op
  [4/4]  bench  MerkleCommit/sha256/Item100000/Count100  2,660,526 ns/op ±15%   10,683,161 B/op ±0%   776 allocs/op ±0%    4.3s
  [1/4]  bench  MerkleCommit/sha256/Item100000/Count1000  22,803,528 ns/op   106,777,659 B/op   7,098 allocs/op
  [2/4]  bench  MerkleCommit/sha256/Item100000/Count1000  22,338,570 ns/op   106,777,778 B/op   7,099 allocs/op
  [3/4]  bench  MerkleCommit/sha256/Item100000/Count1000  22,035,590 ns/op   106,777,753 B/op   7,098 allocs/op
  [4/4]  bench  MerkleCommit/sha256/Item100000/Count1000  21,937,885 ns/op ±3%   106,777,779 B/op ±0%   7,099 allocs/op ±0%    3.42s
  [1/4]  bench  MerkleCommit/sha256/Item100000/Count10000  155,797,703 ns/op   1,067,715,684 B/op   70,168 allocs/op
  [2/4]  bench  MerkleCommit/sha256/Item100000/Count10000  171,279,213 ns/op   1,067,716,499 B/op   70,172 allocs/op
  [3/4]  bench  MerkleCommit/sha256/Item100000/Count10000  175,592,257 ns/op   1,067,716,795 B/op   70,173 allocs/op
  [4/4]  bench  MerkleCommit/sha256/Item100000/Count10000  181,211,742 ns/op ±12%   1,067,717,183 B/op ±0%   70,175 allocs/op ±0%    6.39s
  [1/4]  bench  MerkleCommit/sha256/Item100000/Count100000  1,425,332,459 ns/op   10,676,874,776 B/op   700,326 allocs/op
  [2/4]  bench  MerkleCommit/sha256/Item100000/Count100000  1,389,621,001 ns/op   10,676,879,904 B/op   700,359 allocs/op
  [3/4]  bench  MerkleCommit/sha256/Item100000/Count100000  1,424,063,153 ns/op   10,676,877,827 B/op   700,336 allocs/op
  [4/4]  bench  MerkleCommit/sha256/Item100000/Count100000  1,412,814,354 ns/op ±5%   10,676,876,708 B/op ±0%   700,340 allocs/op ±0%    4.23s
  [1/4]  bench  AppendMsgBlockHeader                  32.4 ns/op   30.8 MB/s   0.000 B/op   0.000 allocs/op
  [2/4]  bench  AppendMsgBlockHeader                  32.5 ns/op   30.8 MB/s   0.000 B/op   0.000 allocs/op
  [3/4]  bench  AppendMsgBlockHeader                  32.5 ns/op   30.8 MB/s   0.000 B/op   0.000 allocs/op
  [4/4]  bench  AppendMsgBlockHeader                  32.5 ns/op ±0%   30.7 MB/s ±0%   0.000 B/op   0.000 allocs/op    3.73s
  [1/4]  bench  AppendMsgSignedTxn                    76.9 ns/op   13.0 MB/s   0.000 B/op   0.000 allocs/op
  [2/4]  bench  AppendMsgSignedTxn                    76.8 ns/op   13.0 MB/s   0.000 B/op   0.000 allocs/op
  [3/4]  bench  AppendMsgSignedTxn                    76.8 ns/op   13.0 MB/s   0.000 B/op   0.000 allocs/op
  [4/4]  bench  AppendMsgSignedTxn                    76.8 ns/op ±0%   13.0 MB/s ±0%   0.000 B/op   0.000 allocs/op    3.85s
  [1/4]  bench  PaysetGroups                          8,358 ns/op   74,095 B/op   8.00 allocs/op
  [2/4]  bench  PaysetGroups                          8,199 ns/op   82,274 B/op   8.00 allocs/op
  [3/4]  bench  PaysetGroups                          8,283 ns/op   86,364 B/op   8.00 allocs/op
  [4/4]  bench  PaysetGroups                          8,358 ns/op ±3%   89,467 B/op ±14%   8.00 allocs/op    21.16s
  [1/4]  bench  Txn                                   44,267 ns/op   9,404 B/op   12.0 allocs/op
  [2/4]  bench  Txn                                   43,749 ns/op   9,406 B/op   12.0 allocs/op
  [3/4]  bench  Txn                                   43,565 ns/op   9,404 B/op   12.0 allocs/op
  [4/4]  bench  Txn                                   43,460 ns/op ±1%   9,403 B/op ±0%   12.0 allocs/op    9.23s
  [1/4]  bench  TxHandlerProcessing/processDecoded    22,727 ns/op   4,320 B/op   35.0 allocs/op
  [2/4]  bench  TxHandlerProcessing/processDecoded    22,705 ns/op   4,320 B/op   35.0 allocs/op
  [3/4]  bench  TxHandlerProcessing/processDecoded    22,714 ns/op   4,320 B/op   35.0 allocs/op
  [4/4]  bench  TxHandlerProcessing/processDecoded    22,603 ns/op ±1%   4,320 B/op   35.0 allocs/op    6.98s
  [1/4]  bench  TxHandlerProcessing/verify.TxnGroup   43,243 ns/op   11,328 B/op   16.0 allocs/op
  [2/4]  bench  TxHandlerProcessing/verify.TxnGroup   43,542 ns/op   11,328 B/op   16.0 allocs/op
  [3/4]  bench  TxHandlerProcessing/verify.TxnGroup   43,516 ns/op   11,328 B/op   16.0 allocs/op
  [4/4]  bench  TxHandlerProcessing/verify.TxnGroup   43,554 ns/op ±1%   11,328 B/op   16.0 allocs/op    6.65s
  [1/4]  bench  CompactDeltas/account-deltas          1,705,641 ns/op   4,227,734 B/op   0.000 allocs/op
  [2/4]  bench  CompactDeltas/account-deltas          1,696,383 ns/op   4,221,691 B/op   0.000 allocs/op
  [3/4]  bench  CompactDeltas/account-deltas          1,673,832 ns/op   4,222,338 B/op   0.000 allocs/op
  [4/4]  bench  CompactDeltas/account-deltas          1,658,167 ns/op ±3%   4,220,665 B/op ±0%   0.000 allocs/op    18.18s
