  [1/4]  bench  MerkleCommit/sha512_256/Item10/Count10  14,263 ns/op   6,004 B/op   107 allocs/op
  [2/4]  bench  MerkleCommit/sha512_256/Item10/Count10  16,128 ns/op   6,002 B/op   107 allocs/op
  [3/4]  bench  MerkleCommit/sha512_256/Item10/Count10  16,666 ns/op   5,999 B/op   107 allocs/op
  [4/4]  bench  MerkleCommit/sha512_256/Item10/Count10  16,440 ns/op ±11%   6,000 B/op ±0%   107 allocs/op    4.38s
  [1/4]  bench  MerkleCommit/sha512_256/Item10/Count100  70,268 ns/op   34,214 B/op   757 allocs/op
  [2/4]  bench  MerkleCommit/sha512_256/Item10/Count100  69,196 ns/op   34,232 B/op   758 allocs/op
  [3/4]  bench  MerkleCommit/sha512_256/Item10/Count100  69,381 ns/op   34,232 B/op   758 allocs/op
  [4/4]  bench  MerkleCommit/sha512_256/Item10/Count100  68,678 ns/op ±3%   34,239 B/op ±0%   758 allocs/op ±0%    5.66s
  [1/4]  bench  MerkleCommit/sha512_256/Item10/Count1000  375,459 ns/op   297,761 B/op   7,082 allocs/op
  [2/4]  bench  MerkleCommit/sha512_256/Item10/Count1000  358,920 ns/op   297,747 B/op   7,082 allocs/op
  [3/4]  bench  MerkleCommit/sha512_256/Item10/Count1000  347,186 ns/op   297,861 B/op   7,083 allocs/op
  [4/4]  bench  MerkleCommit/sha512_256/Item10/Count1000  348,018 ns/op ±7%   297,842 B/op ±0%   7,083 allocs/op ±0%    4.17s
  [1/4]  bench  MerkleCommit/sha512_256/Item10/Count10000  2,206,560 ns/op   2,915,758 B/op   70,151 allocs/op
  [2/4]  bench  MerkleCommit/sha512_256/Item10/Count10000  2,325,941 ns/op   2,915,461 B/op   70,149 allocs/op
  [3/4]  bench  MerkleCommit/sha512_256/Item10/Count10000  2,294,271 ns/op   2,915,327 B/op   70,148 allocs/op
  [4/4]  bench  MerkleCommit/sha512_256/Item10/Count10000  2,221,621 ns/op ±10%   2,915,477 B/op ±0%   70,149 allocs/op ±0%    4.28s
  [1/4]  bench  MerkleCommit/sha512_256/Item10/Count100000  12,689,333 ns/op   28,859,402 B/op   700,235 allocs/op
  [2/4]  bench  MerkleCommit/sha512_256/Item10/Count100000  13,532,127 ns/op   28,858,730 B/op   700,231 allocs/op
  [3/4]  bench  MerkleCommit/sha512_256/Item10/Count100000  13,527,562 ns/op   28,858,527 B/op   700,230 allocs/op
  [4/4]  bench  MerkleCommit/sha512_256/Item10/Count100000  13,246,130 ns/op ±7%   28,858,612 B/op ±0%   700,230 allocs/op ±0%    3.37s
  [1/4]  bench  MerkleCommit/sha512_256/Item1000/Count10  29,428 ns/op   16,111 B/op   107 allocs/op
  [2/4]  bench  MerkleCommit/sha512_256/Item1000/Count10  29,268 ns/op   16,111 B/op   107 allocs/op
  [3/4]  bench  MerkleCommit/sha512_256/Item1000/Count10  28,762 ns/op   16,114 B/op   107 allocs/op
  [4/4]  bench  MerkleCommit/sha512_256/Item1000/Count10  28,645 ns/op ±3%   16,113 B/op ±0%   107 allocs/op    4.22s
  [1/4]  bench  MerkleCommit/sha512_256/Item1000/Count100  127,184 ns/op   135,391 B/op   760 allocs/op
  [2/4]  bench  MerkleCommit/sha512_256/Item1000/Count100  134,007 ns/op   135,396 B/op   760 allocs/op
  [3/4]  bench  MerkleCommit/sha512_256/Item1000/Count100  133,273 ns/op   135,394 B/op   760 allocs/op
  [4/4]  bench  MerkleCommit/sha512_256/Item1000/Count100  133,101 ns/op ±5%   135,387 B/op ±0%   760 allocs/op    3.82s
  [1/4]  bench  MerkleCommit/sha512_256/Item1000/Count1000  770,682 ns/op   1,306,672 B/op   7,088 allocs/op
  [2/4]  bench  MerkleCommit/sha512_256/Item1000/Count1000  780,077 ns/op   1,306,678 B/op   7,088 allocs/op
  [3/4]  bench  MerkleCommit/sha512_256/Item1000/Count1000  759,748 ns/op   1,306,750 B/op   7,089 allocs/op
  [4/4]  bench  MerkleCommit/sha512_256/Item1000/Count1000  768,653 ns/op ±5%   1,306,774 B/op ±0%   7,089 allocs/op ±0%    3.9s
  [1/4]  bench  MerkleCommit/sha512_256/Item1000/Count10000  4,729,642 ns/op   12,998,154 B/op   70,167 allocs/op
  [2/4]  bench  MerkleCommit/sha512_256/Item1000/Count10000  4,854,658 ns/op   12,997,957 B/op   70,166 allocs/op
  [3/4]  bench  MerkleCommit/sha512_256/Item1000/Count10000  5,448,953 ns/op   12,997,760 B/op   70,164 allocs/op
  [4/4]  bench  MerkleCommit/sha512_256/Item1000/Count10000  5,534,998 ns/op ±17%   12,997,737 B/op ±0%   70,164 allocs/op ±0%    5.33s
  [1/4]  bench  MerkleCommit/sha512_256/Item1000/Count100000  39,051,137 ns/op   129,660,187 B/op   700,240 allocs/op
  [2/4]  bench  MerkleCommit/sha512_256/Item1000/Count100000  39,516,842 ns/op   129,660,276 B/op   700,241 allocs/op
  [3/4]  bench  MerkleCommit/sha512_256/Item1000/Count100000  39,231,684 ns/op   129,660,498 B/op   700,242 allocs/op
  [4/4]  bench  MerkleCommit/sha512_256/Item1000/Count100000  40,069,792 ns/op ±5%   129,660,303 B/op ±0%   700,241 allocs/op ±0%    4.68s
  [1/4]  bench  MerkleCommit/sha512_256/Item100000/Count10  450,350 ns/op   1,072,105 B/op   115 allocs/op
  [2/4]  bench  MerkleCommit/sha512_256/Item100000/Count10  447,380 ns/op   1,072,079 B/op   115 allocs/op
  [3/4]  bench  MerkleCommit/sha512_256/Item100000/Count10  441,680 ns/op   1,072,096 B/op   115 allocs/op
  [4/4]  bench  MerkleCommit/sha512_256/Item100000/Count10  459,573 ns/op ±9%   1,072,074 B/op ±0%   115 allocs/op    3.99s
  [1/4]  bench  MerkleCommit/sha512_256/Item100000/Count100  2,683,558 ns/op   10,685,340 B/op   778 allocs/op
  [2/4]  bench  MerkleCommit/sha512_256/Item100000/Count100  2,845,447 ns/op   10,685,307 B/op   778 allocs/op
  [3/4]  bench  MerkleCommit/sha512_256/Item100000/Count100  2,948,249 ns/op   10,685,327 B/op   778 allocs/op
  [4/4]  bench  MerkleCommit/sha512_256/Item100000/Count100  3,011,329 ns/op ±9%   10,685,318 B/op ±0%   778 allocs/op ±0%    4.61s
  [1/4]  bench  MerkleCommit/sha512_256/Item100000/Count1000  23,877,835 ns/op   106,780,880 B/op   7,100 allocs/op
  [2/4]  bench  MerkleCommit/sha512_256/Item100000/Count1000  24,986,723 ns/op   106,780,774 B/op   7,100 allocs/op
  [3/4]  bench  MerkleCommit/sha512_256/Item100000/Count1000  24,759,111 ns/op   106,780,839 B/op   7,100 allocs/op
  [4/4]  bench  MerkleCommit/sha512_256/Item100000/Count1000  24,593,131 ns/op ±5%   106,780,805 B/op ±0%   7,100 allocs/op ±0%    4.44s
  [1/4]  bench  MerkleCommit/sha512_256/Item100000/Count10000  220,642,608 ns/op   1,067,721,380 B/op   70,173 allocs/op
  [2/4]  bench  MerkleCommit/sha512_256/Item100000/Count10000  246,688,153 ns/op   1,067,721,834 B/op   70,176 allocs/op
  [3/4]  bench  MerkleCommit/sha512_256/Item100000/Count10000  265,737,050 ns/op   1,067,722,435 B/op   70,180 allocs/op
  [4/4]  bench  MerkleCommit/sha512_256/Item100000/Count10000  253,078,677 ns/op ±18%   1,067,722,506 B/op ±0%   70,181 allocs/op ±0%    6.45s
  [1/4]  bench  MerkleCommit/sha512_256/Item100000/Count100000  1,892,647,625 ns/op   10,676,886,632 B/op   700,333 allocs/op
  [2/4]  bench  MerkleCommit/sha512_256/Item100000/Count100000  1,914,982,542 ns/op   10,676,886,832 B/op   700,332 allocs/op
  [3/4]  bench  MerkleCommit/sha512_256/Item100000/Count100000  1,862,018,486 ns/op   10,676,884,840 B/op   700,326 allocs/op
  [4/4]  bench  MerkleCommit/sha512_256/Item100000/Count100000  1,823,116,959 ns/op ±6%   10,676,881,204 B/op ±0%   700,300 allocs/op ±0%    5.4s
  [1/4]  bench  MerkleCommit/sumhash/Item10/Count10   57,798 ns/op   16,565 B/op   214 allocs/op
  [2/4]  bench  MerkleCommit/sumhash/Item10/Count10   55,734 ns/op   16,570 B/op   214 allocs/op
  [3/4]  bench  MerkleCommit/sumhash/Item10/Count10   56,486 ns/op   16,564 B/op   214 allocs/op
  [4/4]  bench  MerkleCommit/sumhash/Item10/Count10   57,218 ns/op ±5%   16,562 B/op ±0%   214 allocs/op    5.4s
  [1/4]  bench  MerkleCommit/sumhash/Item10/Count100  308,450 ns/op   133,568 B/op   1,707 allocs/op
  [2/4]  bench  MerkleCommit/sumhash/Item10/Count100  306,360 ns/op   133,607 B/op   1,708 allocs/op
  [3/4]  bench  MerkleCommit/sumhash/Item10/Count100  302,917 ns/op   133,625 B/op   1,708 allocs/op
  [4/4]  bench  MerkleCommit/sumhash/Item10/Count100  301,588 ns/op ±2%   133,619 B/op ±0%   1,708 allocs/op ±0%    3.67s
  [1/4]  bench  MerkleCommit/sumhash/Item10/Count1000  1,770,345 ns/op   1,264,783 B/op   16,193 allocs/op
  [2/4]  bench  MerkleCommit/sumhash/Item10/Count1000  1,803,007 ns/op   1,265,142 B/op   16,198 allocs/op
  [3/4]  bench  MerkleCommit/sumhash/Item10/Count1000  1,865,790 ns/op   1,265,017 B/op   16,196 allocs/op
  [4/4]  bench  MerkleCommit/sumhash/Item10/Count1000  1,852,113 ns/op ±6%   1,265,015 B/op ±0%   16,196 allocs/op ±0%    3.98s
  [1/4]  bench  MerkleCommit/sumhash/Item10/Count10000  12,094,490 ns/op   12,530,640 B/op   160,379 allocs/op
  [2/4]  bench  MerkleCommit/sumhash/Item10/Count10000  11,669,190 ns/op   12,530,652 B/op   160,379 allocs/op
  [3/4]  bench  MerkleCommit/sumhash/Item10/Count10000  11,480,282 ns/op   12,530,352 B/op   160,375 allocs/op
  [4/4]  bench  MerkleCommit/sumhash/Item10/Count10000  11,289,753 ns/op ±6%   12,530,247 B/op ±0%   160,374 allocs/op ±0%    3.26s
  [1/4]  bench  MerkleCommit/sumhash/Item10/Count100000  79,923,518 ns/op   124,873,481 B/op   1,600,507 allocs/op
  [2/4]  bench  MerkleCommit/sumhash/Item10/Count100000  78,319,663 ns/op   124,873,881 B/op   1,600,512 allocs/op
  [3/4]  bench  MerkleCommit/sumhash/Item10/Count100000  78,897,929 ns/op   124,873,771 B/op   1,600,511 allocs/op
  [4/4]  bench  MerkleCommit/sumhash/Item10/Count100000  77,227,469 ns/op ±5%   124,873,783 B/op ±0%   1,600,511 allocs/op ±0%    3.87s
  [1/4]  bench  MerkleCommit/sumhash/Item1000/Count10  167,191 ns/op   28,287 B/op   228 allocs/op
  [2/4]  bench  MerkleCommit/sumhash/Item1000/Count10  156,000 ns/op   28,326 B/op   229 allocs/op
  [3/4]  bench  MerkleCommit/sumhash/Item1000/Count10  155,802 ns/op   28,326 B/op   229 allocs/op
  [4/4]  bench  MerkleCommit/sumhash/Item1000/Count10  152,185 ns/op ±8%   28,339 B/op ±0%   229 allocs/op ±0%    3.69s
  [1/4]  bench  MerkleCommit/sumhash/Item1000/Count100  728,903 ns/op   248,457 B/op   1,823 allocs/op
  [2/4]  bench  MerkleCommit/sumhash/Item1000/Count100  765,816 ns/op   248,355 B/op   1,822 allocs/op
  [3/4]  bench  MerkleCommit/sumhash/Item1000/Count100  768,380 ns/op   248,293 B/op   1,821 allocs/op
  [4/4]  bench  MerkleCommit/sumhash/Item1000/Count100  770,830 ns/op ±5%   248,293 B/op ±0%   1,821 allocs/op ±0%    4.67s
  [1/4]  bench  MerkleCommit/sumhash/Item1000/Count1000  4,667,386 ns/op   2,401,191 B/op   17,198 allocs/op
  [2/4]  bench  MerkleCommit/sumhash/Item1000/Count1000  4,517,462 ns/op   2,401,460 B/op   17,202 allocs/op
  [3/4]  bench  MerkleCommit/sumhash/Item1000/Count1000  4,394,563 ns/op   2,401,549 B/op   17,203 allocs/op
  [4/4]  bench  MerkleCommit/sumhash/Item1000/Count1000  4,364,585 ns/op ±6%   2,401,509 B/op ±0%   17,202 allocs/op ±0%    4.87s
  [1/4]  bench  MerkleCommit/sumhash/Item1000/Count10000  31,288,106 ns/op   23,890,129 B/op   170,372 allocs/op
  [2/4]  bench  MerkleCommit/sumhash/Item1000/Count10000  31,711,620 ns/op   23,890,249 B/op   170,374 allocs/op
  [3/4]  bench  MerkleCommit/sumhash/Item1000/Count10000  32,134,129 ns/op   23,890,390 B/op   170,375 allocs/op
  [4/4]  bench  MerkleCommit/sumhash/Item1000/Count10000  32,363,277 ns/op ±3%   23,890,260 B/op ±0%   170,374 allocs/op ±0%    4.58s
  [1/4]  bench  MerkleCommit/sumhash/Item1000/Count100000  260,676,229 ns/op   238,476,564 B/op   1,700,543 allocs/op
  [2/4]  bench  MerkleCommit/sumhash/Item1000/Count100000  264,809,735 ns/op   238,475,186 B/op   1,700,526 allocs/op
  [3/4]  bench  MerkleCommit/sumhash/Item1000/Count100000  262,380,965 ns/op   238,475,629 B/op   1,700,531 allocs/op
  [4/4]  bench  MerkleCommit/sumhash/Item1000/Count100000  265,979,943 ns/op ±4%   238,476,028 B/op ±0%   1,700,536 allocs/op ±0%    7.24s
  [1/4]  bench  MerkleCommit/sumhash/Item100000/Count10  3,586,124 ns/op   1,084,626 B/op   248 allocs/op
  [2/4]  bench  MerkleCommit/sumhash/Item100000/Count10  3,686,169 ns/op   1,084,479 B/op   246 allocs/op
  [3/4]  bench  MerkleCommit/sumhash/Item100000/Count10  3,727,802 ns/op   1,084,468 B/op   246 allocs/op
  [4/4]  bench  MerkleCommit/sumhash/Item100000/Count10  3,789,000 ns/op ±5%   1,084,416 B/op ±0%   245 allocs/op ±1%    4.91s
  [1/4]  bench  MerkleCommit/sumhash/Item100000/Count100  26,112,540 ns/op   10,796,890 B/op   1,837 allocs/op
  [2/4]  bench  MerkleCommit/sumhash/Item100000/Count100  26,145,048 ns/op   10,797,056 B/op   1,839 allocs/op
  [3/4]  bench  MerkleCommit/sumhash/Item100000/Count100  25,417,770 ns/op   10,797,110 B/op   1,840 allocs/op
  [4/4]  bench  MerkleCommit/sumhash/Item100000/Count100  24,460,710 ns/op ±9%   10,797,113 B/op ±0%   1,840 allocs/op ±0%    4.31s
  [1/4]  bench  MerkleCommit/sumhash/Item100000/Count1000  190,531,028 ns/op   107,874,490 B/op   17,211 allocs/op
  [2/4]  bench  MerkleCommit/sumhash/Item100000/Count1000  195,269,443 ns/op   107,874,054 B/op   17,206 allocs/op
  [3/4]  bench  MerkleCommit/sumhash/Item100000/Count1000  199,394,330 ns/op   107,873,383 B/op   17,198 allocs/op
  [4/4]  bench  MerkleCommit/sumhash/Item100000/Count1000  199,628,628 ns/op ±4%   107,873,472 B/op ±0%   17,199 allocs/op ±0%    5.56s
  [1/4]  bench  MerkleCommit/sumhash/Item100000/Count10000  1,848,925,459 ns/op   1,078,611,112 B/op   170,364 allocs/op
  [2/4]  bench  MerkleCommit/sumhash/Item100000/Count10000  1,974,187,230 ns/op   1,078,609,000 B/op   170,340 allocs/op
  [3/4]  bench  MerkleCommit/sumhash/Item100000/Count10000  2,032,643,875 ns/op   1,078,611,048 B/op   170,366 allocs/op
  [4/4]  bench  MerkleCommit/sumhash/Item100000/Count10000  2,104,780,844 ns/op ±11%   1,078,611,828 B/op ±0%   170,376 allocs/op ±0%    6.57s
  [1/4]  bench  MerkleCommit/sumhash/Item100000/Count100000  19,575,338,292 ns/op   10,785,685,080 B/op   1,700,527 allocs/op
  [2/4]  bench  MerkleCommit/sumhash/Item100000/Count100000  18,937,537,813 ns/op   10,785,688,048 B/op   1,700,555 allocs/op
  [3/4]  bench  MerkleCommit/sumhash/Item100000/Count100000  18,737,575,833 ns/op   10,785,688,200 B/op   1,700,555 allocs/op
  [4/4]  bench  MerkleCommit/sumhash/Item100000/Count100000  18,389,001,906 ns/op ±6%   10,785,689,116 B/op ±0%   1,700,562 allocs/op ±0%    53.98s
  [1/4]  bench  MerkleCommit/sha256/Item10/Count10    11,736 ns/op   5,508 B/op   107 allocs/op
  [2/4]  bench  MerkleCommit/sha256/Item10/Count10    11,240 ns/op   5,508 B/op   107 allocs/op
  [3/4]  bench  MerkleCommit/sha256/Item10/Count10    11,577 ns/op   5,507 B/op   107 allocs/op
  [4/4]  bench  MerkleCommit/sha256/Item10/Count10    11,624 ns/op ±6%   5,507 B/op ±0%   107 allocs/op    3.94s
  [1/4]  bench  MerkleCommit/sha256/Item10/Count100   59,699 ns/op   33,281 B/op   757 allocs/op
  [2/4]  bench  MerkleCommit/sha256/Item10/Count100   59,323 ns/op   33,283 B/op   757 allocs/op
  [3/4]  bench  MerkleCommit/sha256/Item10/Count100   57,810 ns/op   33,285 B/op   757 allocs/op
  [4/4]  bench  MerkleCommit/sha256/Item10/Count100   57,652 ns/op ±4%   33,284 B/op ±0%   757 allocs/op    5.38s
  [1/4]  bench  MerkleCommit/sha256/Item10/Count1000  295,769 ns/op   295,697 B/op   7,080 allocs/op
  [2/4]  bench  MerkleCommit/sha256/Item10/Count1000  303,996 ns/op   295,685 B/op   7,080 allocs/op
  [3/4]  bench  MerkleCommit/sha256/Item10/Count1000  305,628 ns/op   295,672 B/op   7,079 allocs/op
  [4/4]  bench  MerkleCommit/sha256/Item10/Count1000  305,105 ns/op ±3%   295,679 B/op ±0%   7,080 allocs/op ±0%    3.8s
  [1/4]  bench  MerkleCommit/sha256/Item10/Count10000  1,658,204 ns/op   2,912,360 B/op   70,154 allocs/op
  [2/4]  bench  MerkleCommit/sha256/Item10/Count10000  1,706,860 ns/op   2,912,487 B/op   70,155 allocs/op
  [3/4]  bench  MerkleCommit/sha256/Item10/Count10000  1,717,564 ns/op   2,912,488 B/op   70,155 allocs/op
  [4/4]  bench  MerkleCommit/sha256/Item10/Count10000  1,739,027 ns/op ±4%   2,912,379 B/op ±0%   70,154 allocs/op ±0%    4.24s
  [1/4]  bench  MerkleCommit/sha256/Item10/Count100000  11,028,453 ns/op   28,852,186 B/op   700,234 allocs/op
  [2/4]  bench  MerkleCommit/sha256/Item10/Count100000  11,670,021 ns/op   28,851,540 B/op   700,228 allocs/op
  [3/4]  bench  MerkleCommit/sha256/Item10/Count100000  11,674,041 ns/op   28,851,632 B/op   700,229 allocs/op
  [4/4]  bench  MerkleCommit/sha256/Item10/Count100000  11,685,238 ns/op ±5%   28,851,695 B/op ±0%   700,230 allocs/op ±0%    3.41s
  [1/4]  bench  MerkleCommit/sha256/Item1000/Count10  17,421 ns/op   15,602 B/op   107 allocs/op
  [2/4]  bench  MerkleCommit/sha256/Item1000/Count10  17,933 ns/op   15,602 B/op   107 allocs/op
  [3/4]  bench  MerkleCommit/sha256/Item1000/Count10  18,265 ns/op   15,601 B/op   107 allocs/op
  [4/4]  bench  MerkleCommit/sha256/Item1000/Count10  19,159 ns/op ±12%   15,600 B/op ±0%   107 allocs/op    4.29s
  [1/4]  bench  MerkleCommit/sha256/Item1000/Count100  124,967 ns/op   134,266 B/op   759 allocs/op
  [2/4]  bench  MerkleCommit/sha256/Item1000/Count100  125,542 ns/op   134,264 B/op   759 allocs/op
  [3/4]  bench  MerkleCommit/sha256/Item1000/Count100  124,989 ns/op   134,262 B/op   759 allocs/op
  [4/4]  bench  MerkleCommit/sha256/Item1000/Count100  124,096 ns/op ±2%   134,265 B/op ±0%   759 allocs/op    3.53s
  [1/4]  bench  MerkleCommit/sha256/Item1000/Count1000  698,634 ns/op   1,304,420 B/op   7,087 allocs/op
  [2/4]  bench  MerkleCommit/sha256/Item1000/Count1000  665,347 ns/op   1,304,457 B/op   7,087 allocs/op
  [3/4]  bench  MerkleCommit/sha256/Item1000/Count1000  680,957 ns/op   1,304,454 B/op   7,087 allocs/op
  [4/4]  bench  MerkleCommit/sha256/Item1000/Count1000  667,591 ns/op ±6%   1,304,468 B/op ±0%   7,087 allocs/op    3.9s
  [1/4]  bench  MerkleCommit/sha256/Item1000/Count10000  4,952,360 ns/op   12,993,027 B/op   70,160 allocs/op
  [2/4]  bench  MerkleCommit/sha256/Item1000/Count10000  4,472,149 ns/op   12,993,334 B/op   70,163 allocs/op
  [3/4]  bench  MerkleCommit/sha256/Item1000/Count10000  4,374,150 ns/op   12,993,338 B/op   70,163 allocs/op
  [4/4]  bench  MerkleCommit/sha256/Item1000/Count10000  4,298,519 ns/op ±11%   12,993,359 B/op ±0%   70,163 allocs/op ±0%    4.89s
  [1/4]  bench  MerkleCommit/sha256/Item1000/Count100000  35,178,098 ns/op   129,653,217 B/op   700,243 allocs/op
  [2/4]  bench  MerkleCommit/sha256/Item1000/Count100000  35,110,846 ns/op   129,653,001 B/op   700,241 allocs/op
  [3/4]  bench  MerkleCommit/sha256/Item1000/Count100000  34,612,027 ns/op   129,652,951 B/op   700,240 allocs/op
  [4/4]  bench  MerkleCommit/sha256/Item1000/Count100000  34,916,913 ns/op ±3%   129,652,861 B/op ±0%   700,239 allocs/op ±0%    3.77s
  [1/4]  bench  MerkleCommit/sha256/Item100000/Count10  333,483 ns/op   1,071,111 B/op   114 allocs/op
  [2/4]  bench  MerkleCommit/sha256/Item100000/Count10  336,016 ns/op   1,071,106 B/op   114 allocs/op
  [3/4]  bench  MerkleCommit/sha256/Item100000/Count10  338,261 ns/op   1,071,095 B/op   114 allocs/op
  [4/4]  bench  MerkleCommit/sha256/Item100000/Count10  333,652 ns/op ±3%   1,071,105 B/op ±0%   114 allocs/op    3.63s
  [1/4]  bench  MerkleCommit/sha256/Item100000/Count100  2,265,234 ns/op   10,683,394 B/op   777 allocs/op
  [2/4]  bench  MerkleCommit/sha256/Item100000/Count100  2,269,912 ns/op   10,683,372 B/op   777 allocs/op
  [3/4]  bench  MerkleCommit/sha256/Item100000/Count100  2,436,148 ns/op   10,683,399 B/op   777 allocs/op
  [4/4]  bench  MerkleCommit/sha256/Item100000/Count100  2,362,816 ns/op ±13%   10,683,413 B/op ±0%   777 allocs/op ±0%    4.21s
  [1/4]  bench  MerkleCommit/sha256/Item100000/Count1000  23,764,431 ns/op   106,778,206 B/op   7,099 allocs/op
  [2/4]  bench  MerkleCommit/sha256/Item100000/Count1000  22,148,958 ns/op   106,778,233 B/op   7,100 allocs/op
  [3/4]  bench  MerkleCommit/sha256/Item100000/Count1000  22,510,188 ns/op   106,778,231 B/op   7,099 allocs/op
  [4/4]  bench  MerkleCommit/sha256/Item100000/Count1000  22,432,045 ns/op ±7%   106,778,248 B/op ±0%   7,100 allocs/op ±0%    3.44s
  [1/4]  bench  MerkleCommit/sha256/Item100000/Count10000  191,651,472 ns/op   1,067,719,794 B/op   70,187 allocs/op
  [2/4]  bench  MerkleCommit/sha256/Item100000/Count10000  189,518,948 ns/op   1,067,718,456 B/op   70,177 allocs/op
  [3/4]  bench  MerkleCommit/sha256/Item100000/Count10000  185,230,542 ns/op   1,067,718,664 B/op   70,179 allocs/op
  [4/4]  bench  MerkleCommit/sha256/Item100000/Count10000  187,738,633 ns/op ±5%   1,067,718,420 B/op ±0%   70,177 allocs/op ±0%    5.94s
  [1/4]  bench  MerkleCommit/sha256/Item100000/Count100000  1,583,981,833 ns/op   10,676,896,392 B/op   700,430 allocs/op
  [2/4]  bench  MerkleCommit/sha256/Item100000/Count100000  1,601,781,667 ns/op   10,676,895,248 B/op   700,414 allocs/op
  [3/4]  bench  MerkleCommit/sha256/Item100000/Count100000  1,673,883,194 ns/op   10,676,894,189 B/op   700,396 allocs/op
  [4/4]  bench  MerkleCommit/sha256/Item100000/Count100000  1,642,574,302 ns/op ±8%   10,676,895,576 B/op ±0%   700,420 allocs/op ±0%    4.99s
  [1/4]  bench  AppendMsgBlockHeader                  33.7 ns/op   29.7 MB/s   0.000 B/op   0.000 allocs/op
  [2/4]  bench  AppendMsgBlockHeader                  33.8 ns/op   29.6 MB/s   0.000 B/op   0.000 allocs/op
  [3/4]  bench  AppendMsgBlockHeader                  33.9 ns/op   29.5 MB/s   0.000 B/op   0.000 allocs/op
  [4/4]  bench  AppendMsgBlockHeader                  33.7 ns/op ±1%   29.6 MB/s ±1%   0.000 B/op   0.000 allocs/op    3.75s
  [1/4]  bench  AppendMsgSignedTxn                    77.2 ns/op   13.0 MB/s   0.000 B/op   0.000 allocs/op
  [2/4]  bench  AppendMsgSignedTxn                    77.1 ns/op   13.0 MB/s   0.000 B/op   0.000 allocs/op
  [3/4]  bench  AppendMsgSignedTxn                    77.1 ns/op   13.0 MB/s   0.000 B/op   0.000 allocs/op
  [4/4]  bench  AppendMsgSignedTxn                    77.1 ns/op ±0%   13.0 MB/s ±0%   0.000 B/op   0.000 allocs/op    3.85s
  [1/4]  bench  PaysetGroups                          8,145 ns/op   84,928 B/op   8.00 allocs/op
  [2/4]  bench  PaysetGroups                          8,488 ns/op   83,400 B/op   8.00 allocs/op
  [3/4]  bench  PaysetGroups                          8,510 ns/op   83,536 B/op   8.00 allocs/op
  [4/4]  bench  PaysetGroups                          8,095 ns/op ±12%   84,508 B/op ±3%   8.00 allocs/op    23.46s
  [1/4]  bench  Txn                                   43,260 ns/op   9,404 B/op   12.0 allocs/op
  [2/4]  bench  Txn                                   43,303 ns/op   9,405 B/op   12.0 allocs/op
  [3/4]  bench  Txn                                   43,465 ns/op   9,404 B/op   12.0 allocs/op
  [4/4]  bench  Txn                                   42,970 ns/op ±3%   9,405 B/op ±0%   12.0 allocs/op    9.08s
  [1/4]  bench  TxHandlerProcessing/processDecoded    9,673 ns/op   4,336 B/op   33.0 allocs/op
  [2/4]  bench  TxHandlerProcessing/processDecoded    9,704 ns/op   4,336 B/op   33.0 allocs/op
  [3/4]  bench  TxHandlerProcessing/processDecoded    9,737 ns/op   4,336 B/op   33.0 allocs/op
  [4/4]  bench  TxHandlerProcessing/processDecoded    9,736 ns/op ±1%   4,336 B/op   33.0 allocs/op    9.41s
  [1/4]  bench  TxHandlerProcessing/verify.TxnGroup   41,423 ns/op   11,328 B/op   16.0 allocs/op
  [2/4]  bench  TxHandlerProcessing/verify.TxnGroup   41,663 ns/op   11,328 B/op   16.0 allocs/op
  [3/4]  bench  TxHandlerProcessing/verify.TxnGroup   41,532 ns/op   11,328 B/op   16.0 allocs/op
  [4/4]  bench  TxHandlerProcessing/verify.TxnGroup   41,488 ns/op ±1%   11,328 B/op   16.0 allocs/op    6.56s
  [1/4]  bench  CompactDeltas/account-deltas          1,556,039 ns/op   4,130,099 B/op   0.000 allocs/op
  [2/4]  bench  CompactDeltas/account-deltas          1,478,473 ns/op   4,134,681 B/op   0.000 allocs/op
  [3/4]  bench  CompactDeltas/account-deltas          1,496,836 ns/op   4,152,284 B/op   0.000 allocs/op
  [4/4]  bench  CompactDeltas/account-deltas          1,498,270 ns/op ±5%   4,157,061 B/op ±1%   0.000 allocs/op    19.77s
