  [1/4]  bench  MerkleCommit/sha512_256/Item10/Count10  14,740 ns/op   5,990 B/op   107 allocs/op
  [2/4]  bench  MerkleCommit/sha512_256/Item10/Count10  14,807 ns/op   5,986 B/op   107 allocs/op
  [3/4]  bench  MerkleCommit/sha512_256/Item10/Count10  14,797 ns/op   5,987 B/op   107 allocs/op
  [4/4]  bench  MerkleCommit/sha512_256/Item10/Count10  14,786 ns/op ±0%   5,985 B/op ±0%   107 allocs/op    4.05s
  [1/4]  bench  MerkleCommit/sha512_256/Item10/Count100  56,803 ns/op   34,579 B/op   761 allocs/op
  [2/4]  bench  MerkleCommit/sha512_256/Item10/Count100  57,420 ns/op   34,563 B/op   761 allocs/op
  [3/4]  bench  MerkleCommit/sha512_256/Item10/Count100  57,263 ns/op   34,560 B/op   761 allocs/op
  [4/4]  bench  MerkleCommit/sha512_256/Item10/Count100  57,174 ns/op ±1%   34,551 B/op ±0%   761 allocs/op ±0%    5.33s
  [1/4]  bench  MerkleCommit/sha512_256/Item10/Count1000  269,172 ns/op   298,742 B/op   7,091 allocs/op
  [2/4]  bench  MerkleCommit/sha512_256/Item10/Count1000  264,584 ns/op   298,802 B/op   7,092 allocs/op
  [3/4]  bench  MerkleCommit/sha512_256/Item10/Count1000  263,556 ns/op   298,806 B/op   7,091 allocs/op
  [4/4]  bench  MerkleCommit/sha512_256/Item10/Count1000  263,523 ns/op ±2%   298,809 B/op ±0%   7,091 allocs/op ±0%    3.62s
  [1/4]  bench  MerkleCommit/sha512_256/Item10/Count10000  1,283,715 ns/op   2,920,692 B/op   70,185 allocs/op
  [2/4]  bench  MerkleCommit/sha512_256/Item10/Count10000  1,288,437 ns/op   2,920,626 B/op   70,185 allocs/op
  [3/4]  bench  MerkleCommit/sha512_256/Item10/Count10000  1,283,257 ns/op   2,920,616 B/op   70,185 allocs/op
  [4/4]  bench  MerkleCommit/sha512_256/Item10/Count10000  1,292,598 ns/op ±2%   2,920,586 B/op ±0%   70,185 allocs/op ±0%    4.06s
  [1/4]  bench  MerkleCommit/sha512_256/Item10/Count100000  8,147,555 ns/op   28,865,448 B/op   700,278 allocs/op
  [2/4]  bench  MerkleCommit/sha512_256/Item10/Count100000  8,525,407 ns/op   28,865,388 B/op   700,278 allocs/op
  [3/4]  bench  MerkleCommit/sha512_256/Item10/Count100000  8,343,001 ns/op   28,865,625 B/op   700,279 allocs/op
  [4/4]  bench  MerkleCommit/sha512_256/Item10/Count100000  8,258,412 ns/op ±6%   28,865,666 B/op ±0%   700,279 allocs/op ±0%    6.13s
  [1/4]  bench  MerkleCommit/sha512_256/Item1000/Count10  23,905 ns/op   16,175 B/op   108 allocs/op
  [2/4]  bench  MerkleCommit/sha512_256/Item1000/Count10  23,958 ns/op   16,173 B/op   108 allocs/op
  [3/4]  bench  MerkleCommit/sha512_256/Item1000/Count10  23,945 ns/op   16,174 B/op   108 allocs/op
  [4/4]  bench  MerkleCommit/sha512_256/Item1000/Count10  23,777 ns/op ±2%   16,173 B/op ±0%   108 allocs/op    4.29s
  [1/4]  bench  MerkleCommit/sha512_256/Item1000/Count100  99,710 ns/op   135,786 B/op   764 allocs/op
  [2/4]  bench  MerkleCommit/sha512_256/Item1000/Count100  99,313 ns/op   135,799 B/op   764 allocs/op
  [3/4]  bench  MerkleCommit/sha512_256/Item1000/Count100  99,109 ns/op   135,804 B/op   764 allocs/op
  [4/4]  bench  MerkleCommit/sha512_256/Item1000/Count100  101,031 ns/op ±4%   135,781 B/op ±0%   764 allocs/op ±0%    5.26s
  [1/4]  bench  MerkleCommit/sha512_256/Item1000/Count1000  468,103 ns/op   1,308,221 B/op   7,101 allocs/op
  [2/4]  bench  MerkleCommit/sha512_256/Item1000/Count1000  535,662 ns/op   1,307,861 B/op   7,099 allocs/op
  [3/4]  bench  MerkleCommit/sha512_256/Item1000/Count1000  591,010 ns/op   1,307,438 B/op   7,096 allocs/op
  [4/4]  bench  MerkleCommit/sha512_256/Item1000/Count1000  632,185 ns/op ±23%   1,307,205 B/op ±0%   7,094 allocs/op ±0%    3.9s
  [1/4]  bench  MerkleCommit/sha512_256/Item1000/Count10000  4,861,844 ns/op   12,998,012 B/op   70,167 allocs/op
  [2/4]  bench  MerkleCommit/sha512_256/Item1000/Count10000  4,901,230 ns/op   12,997,860 B/op   70,166 allocs/op
  [3/4]  bench  MerkleCommit/sha512_256/Item1000/Count10000  4,927,219 ns/op   12,997,864 B/op   70,166 allocs/op
  [4/4]  bench  MerkleCommit/sha512_256/Item1000/Count10000  4,933,134 ns/op ±1%   12,997,904 B/op ±0%   70,166 allocs/op ±0%    5.17s
  [1/4]  bench  MerkleCommit/sha512_256/Item1000/Count100000  38,278,745 ns/op   129,660,322 B/op   700,244 allocs/op
  [2/4]  bench  MerkleCommit/sha512_256/Item1000/Count100000  38,567,724 ns/op   129,660,080 B/op   700,243 allocs/op
  [3/4]  bench  MerkleCommit/sha512_256/Item1000/Count100000  38,547,721 ns/op   129,660,002 B/op   700,242 allocs/op
  [4/4]  bench  MerkleCommit/sha512_256/Item1000/Count100000  38,753,897 ns/op ±1%   129,659,707 B/op ±0%   700,240 allocs/op ±0%    3.77s
  [1/4]  bench  MerkleCommit/sha512_256/Item100000/Count10  433,011 ns/op   1,071,967 B/op   115 allocs/op
  [2/4]  bench  MerkleCommit/sha512_256/Item100000/Count10  451,702 ns/op   1,071,958 B/op   115 allocs/op
  [3/4]  bench  MerkleCommit/sha512_256/Item100000/Count10  449,651 ns/op   1,071,964 B/op   115 allocs/op
  [4/4]  bench  MerkleCommit/sha512_256/Item100000/Count10  457,413 ns/op ±5%   1,071,945 B/op ±0%   115 allocs/op ±0%    3.87s
  [1/4]  bench  MerkleCommit/sha512_256/Item100000/Count100  2,829,923 ns/op   10,685,098 B/op   777 allocs/op
  [2/4]  bench  MerkleCommit/sha512_256/Item100000/Count100  2,850,193 ns/op   10,685,058 B/op   777 allocs/op
  [3/4]  bench  MerkleCommit/sha512_256/Item100000/Count100  2,832,204 ns/op   10,685,053 B/op   777 allocs/op
  [4/4]  bench  MerkleCommit/sha512_256/Item100000/Count100  2,884,970 ns/op ±4%   10,685,040 B/op ±0%   777 allocs/op    4.49s
  [1/4]  bench  MerkleCommit/sha512_256/Item100000/Count1000  23,180,301 ns/op   106,780,340 B/op   7,100 allocs/op
  [2/4]  bench  MerkleCommit/sha512_256/Item100000/Count1000  26,970,360 ns/op   106,780,427 B/op   7,101 allocs/op
  [3/4]  bench  MerkleCommit/sha512_256/Item100000/Count1000  26,096,610 ns/op   106,780,477 B/op   7,101 allocs/op
  [4/4]  bench  MerkleCommit/sha512_256/Item100000/Count1000  25,113,240 ns/op ±17%   106,780,331 B/op ±0%   7,100 allocs/op ±0%    6.04s
  [1/4]  bench  MerkleCommit/sha512_256/Item100000/Count10000  178,319,958 ns/op   1,067,718,562 B/op   70,162 allocs/op
  [2/4]  bench  MerkleCommit/sha512_256/Item100000/Count10000  175,535,099 ns/op   1,067,717,876 B/op   70,160 allocs/op
  [3/4]  bench  MerkleCommit/sha512_256/Item100000/Count10000  173,849,602 ns/op   1,067,718,097 B/op   70,162 allocs/op
  [4/4]  bench  MerkleCommit/sha512_256/Item100000/Count10000  175,666,535 ns/op ±3%   1,067,718,607 B/op ±0%   70,165 allocs/op ±0%    5.16s
  [1/4]  bench  MerkleCommit/sha512_256/Item100000/Count100000  1,513,030,458 ns/op   10,676,867,640 B/op   700,271 allocs/op
  [2/4]  bench  MerkleCommit/sha512_256/Item100000/Count100000  1,502,118,479 ns/op   10,676,869,872 B/op   700,288 allocs/op
  [3/4]  bench  MerkleCommit/sha512_256/Item100000/Count100000  1,569,197,653 ns/op   10,676,873,373 B/op   700,304 allocs/op
  [4/4]  bench  MerkleCommit/sha512_256/Item100000/Count100000  1,531,935,354 ns/op ±9%   10,676,871,776 B/op ±0%   700,292 allocs/op ±0%    4.61s
  [1/4]  bench  MerkleCommit/sumhash/Item10/Count10   55,975 ns/op   16,466 B/op   214 allocs/op
  [2/4]  bench  MerkleCommit/sumhash/Item10/Count10   57,494 ns/op   16,453 B/op   214 allocs/op
  [3/4]  bench  MerkleCommit/sumhash/Item10/Count10   58,002 ns/op   16,461 B/op   214 allocs/op
  [4/4]  bench  MerkleCommit/sumhash/Item10/Count10   57,561 ns/op ±3%   16,465 B/op ±0%   214 allocs/op    5.35s
  [1/4]  bench  MerkleCommit/sumhash/Item10/Count100  300,630 ns/op   133,438 B/op   1,708 allocs/op
  [2/4]  bench  MerkleCommit/sumhash/Item10/Count100  289,311 ns/op   133,518 B/op   1,709 allocs/op
  [3/4]  bench  MerkleCommit/sumhash/Item10/Count100  290,906 ns/op   133,525 B/op   1,709 allocs/op
  [4/4]  bench  MerkleCommit/sumhash/Item10/Count100  307,636 ns/op ±13%   133,568 B/op ±0%   1,710 allocs/op ±0%    4.05s
  [1/4]  bench  MerkleCommit/sumhash/Item10/Count1000  1,932,806 ns/op   1,264,816 B/op   16,197 allocs/op
  [2/4]  bench  MerkleCommit/sumhash/Item10/Count1000  1,904,494 ns/op   1,264,716 B/op   16,196 allocs/op
  [3/4]  bench  MerkleCommit/sumhash/Item10/Count1000  1,818,872 ns/op   1,264,866 B/op   16,198 allocs/op
  [4/4]  bench  MerkleCommit/sumhash/Item10/Count1000  1,817,775 ns/op ±8%   1,264,849 B/op ±0%   16,198 allocs/op ±0%    4.09s
  [1/4]  bench  MerkleCommit/sumhash/Item10/Count10000  10,471,948 ns/op   12,530,442 B/op   160,380 allocs/op
  [2/4]  bench  MerkleCommit/sumhash/Item10/Count10000  10,425,324 ns/op   12,530,310 B/op   160,378 allocs/op
  [3/4]  bench  MerkleCommit/sumhash/Item10/Count10000  10,601,225 ns/op   12,530,336 B/op   160,378 allocs/op
  [4/4]  bench  MerkleCommit/sumhash/Item10/Count10000  10,607,885 ns/op ±3%   12,530,298 B/op ±0%   160,378 allocs/op ±0%    3.23s
  [1/4]  bench  MerkleCommit/sumhash/Item10/Count100000  81,420,523 ns/op   124,875,165 B/op   1,600,533 allocs/op
  [2/4]  bench  MerkleCommit/sumhash/Item10/Count100000  77,966,427 ns/op   124,875,728 B/op   1,600,540 allocs/op
  [3/4]  bench  MerkleCommit/sumhash/Item10/Count100000  77,484,420 ns/op   124,875,492 B/op   1,600,537 allocs/op
  [4/4]  bench  MerkleCommit/sumhash/Item10/Count100000  78,224,325 ns/op ±4%   124,875,559 B/op ±0%   1,600,538 allocs/op ±0%    3.62s
  [1/4]  bench  MerkleCommit/sumhash/Item1000/Count10  149,103 ns/op   28,260 B/op   229 allocs/op
  [2/4]  bench  MerkleCommit/sumhash/Item1000/Count10  145,817 ns/op   28,264 B/op   229 allocs/op
  [3/4]  bench  MerkleCommit/sumhash/Item1000/Count10  146,678 ns/op   28,262 B/op   229 allocs/op
  [4/4]  bench  MerkleCommit/sumhash/Item1000/Count10  143,490 ns/op ±5%   28,269 B/op ±0%   229 allocs/op ±0%    3.97s
  [1/4]  bench  MerkleCommit/sumhash/Item1000/Count100  726,681 ns/op   248,252 B/op   1,822 allocs/op
  [2/4]  bench  MerkleCommit/sumhash/Item1000/Count100  711,939 ns/op   248,199 B/op   1,822 allocs/op
  [3/4]  bench  MerkleCommit/sumhash/Item1000/Count100  716,876 ns/op   248,201 B/op   1,822 allocs/op
  [4/4]  bench  MerkleCommit/sumhash/Item1000/Count100  699,221 ns/op ±6%   248,239 B/op ±0%   1,822 allocs/op ±0%    3.93s
  [1/4]  bench  MerkleCommit/sumhash/Item1000/Count1000  4,456,545 ns/op   2,401,292 B/op   17,203 allocs/op
  [2/4]  bench  MerkleCommit/sumhash/Item1000/Count1000  5,892,975 ns/op   2,401,178 B/op   17,202 allocs/op
  [3/4]  bench  MerkleCommit/sumhash/Item1000/Count1000  5,499,112 ns/op   2,401,315 B/op   17,204 allocs/op
  [4/4]  bench  MerkleCommit/sumhash/Item1000/Count1000  5,270,883 ns/op ±27%   2,401,400 B/op ±0%   17,205 allocs/op ±0%    5.59s
  [1/4]  bench  MerkleCommit/sumhash/Item1000/Count10000  31,998,574 ns/op   23,891,090 B/op   170,387 allocs/op
  [2/4]  bench  MerkleCommit/sumhash/Item1000/Count10000  33,061,442 ns/op   23,890,403 B/op   170,379 allocs/op
  [3/4]  bench  MerkleCommit/sumhash/Item1000/Count10000  31,666,972 ns/op   23,890,580 B/op   170,381 allocs/op
  [4/4]  bench  MerkleCommit/sumhash/Item1000/Count10000  31,933,044 ns/op ±8%   23,890,728 B/op ±0%   170,382 allocs/op ±0%    3.87s
  [1/4]  bench  MerkleCommit/sumhash/Item1000/Count100000  267,126,844 ns/op   238,475,476 B/op   1,700,534 allocs/op
  [2/4]  bench  MerkleCommit/sumhash/Item1000/Count100000  259,570,698 ns/op   238,475,556 B/op   1,700,536 allocs/op
  [3/4]  bench  MerkleCommit/sumhash/Item1000/Count100000  261,386,549 ns/op   238,475,312 B/op   1,700,533 allocs/op
  [4/4]  bench  MerkleCommit/sumhash/Item1000/Count100000  258,882,388 ns/op ±3%   238,475,317 B/op ±0%   1,700,533 allocs/op ±0%    5.57s
  [1/4]  bench  MerkleCommit/sumhash/Item100000/Count10  3,714,043 ns/op   1,084,657 B/op   249 allocs/op
  [2/4]  bench  MerkleCommit/sumhash/Item100000/Count10  3,571,980 ns/op   1,084,758 B/op   250 allocs/op
  [3/4]  bench  MerkleCommit/sumhash/Item100000/Count10  3,511,366 ns/op   1,084,811 B/op   251 allocs/op
  [4/4]  bench  MerkleCommit/sumhash/Item100000/Count10  3,472,748 ns/op ±5%   1,084,852 B/op ±0%   251 allocs/op ±1%    4.42s
  [1/4]  bench  MerkleCommit/sumhash/Item100000/Count100  23,795,454 ns/op   10,796,720 B/op   1,837 allocs/op
  [2/4]  bench  MerkleCommit/sumhash/Item100000/Count100  23,317,602 ns/op   10,796,690 B/op   1,837 allocs/op
  [3/4]  bench  MerkleCommit/sumhash/Item100000/Count100  22,998,629 ns/op   10,796,799 B/op   1,837 allocs/op
  [4/4]  bench  MerkleCommit/sumhash/Item100000/Count100  22,321,335 ns/op ±8%   10,796,806 B/op ±0%   1,838 allocs/op ±0%    3.91s
  [1/4]  bench  MerkleCommit/sumhash/Item100000/Count1000  196,884,458 ns/op   107,872,114 B/op   17,187 allocs/op
  [2/4]  bench  MerkleCommit/sumhash/Item100000/Count1000  175,795,110 ns/op   107,875,008 B/op   17,221 allocs/op
  [3/4]  bench  MerkleCommit/sumhash/Item100000/Count1000  166,710,061 ns/op   107,875,274 B/op   17,224 allocs/op
  [4/4]  bench  MerkleCommit/sumhash/Item100000/Count1000  161,220,857 ns/op ±16%   107,875,790 B/op ±0%   17,230 allocs/op ±0%    6.5s
  [1/4]  bench  MerkleCommit/sumhash/Item100000/Count10000  1,443,092,250 ns/op   1,078,619,800 B/op   170,462 allocs/op
  [2/4]  bench  MerkleCommit/sumhash/Item100000/Count10000  1,403,903,417 ns/op   1,078,620,164 B/op   170,464 allocs/op
  [3/4]  bench  MerkleCommit/sumhash/Item100000/Count10000  1,429,815,306 ns/op   1,078,620,869 B/op   170,470 allocs/op
  [4/4]  bench  MerkleCommit/sumhash/Item100000/Count10000  1,407,382,031 ns/op ±5%   1,078,621,834 B/op ±0%   170,479 allocs/op ±0%    4.18s
  [1/4]  bench  MerkleCommit/sumhash/Item100000/Count100000  13,195,222,500 ns/op   10,785,722,280 B/op   1,700,756 allocs/op
  [2/4]  bench  MerkleCommit/sumhash/Item100000/Count100000  12,897,640,292 ns/op   10,785,726,028 B/op   1,700,757 allocs/op
  [3/4]  bench  MerkleCommit/sumhash/Item100000/Count100000  12,742,786,542 ns/op   10,785,728,939 B/op   1,700,777 allocs/op
  [4/4]  bench  MerkleCommit/sumhash/Item100000/Count100000  12,665,223,281 ns/op ±3%   10,785,728,872 B/op ±0%   1,700,768 allocs/op ±0%    37.47s
  [1/4]  bench  MerkleCommit/sha256/Item10/Count10    8,931 ns/op   5,420 B/op   107 allocs/op
  [2/4]  bench  MerkleCommit/sha256/Item10/Count10    9,033 ns/op   5,420 B/op   107 allocs/op
  [3/4]  bench  MerkleCommit/sha256/Item10/Count10    8,994 ns/op   5,419 B/op   107 allocs/op
  [4/4]  bench  MerkleCommit/sha256/Item10/Count10    9,018 ns/op ±1%   5,419 B/op ±0%   107 allocs/op    3.92s
  [1/4]  bench  MerkleCommit/sha256/Item10/Count100   44,335 ns/op   33,444 B/op   760 allocs/op
  [2/4]  bench  MerkleCommit/sha256/Item10/Count100   44,327 ns/op   33,433 B/op   760 allocs/op
  [3/4]  bench  MerkleCommit/sha256/Item10/Count100   44,237 ns/op   33,434 B/op   760 allocs/op
  [4/4]  bench  MerkleCommit/sha256/Item10/Count100   44,273 ns/op ±0%   33,434 B/op ±0%   760 allocs/op    4.94s
  [1/4]  bench  MerkleCommit/sha256/Item10/Count1000  215,462 ns/op   296,193 B/op   7,087 allocs/op
  [2/4]  bench  MerkleCommit/sha256/Item10/Count1000  215,055 ns/op   296,202 B/op   7,088 allocs/op
  [3/4]  bench  MerkleCommit/sha256/Item10/Count1000  214,371 ns/op   296,211 B/op   7,088 allocs/op
  [4/4]  bench  MerkleCommit/sha256/Item10/Count1000  214,519 ns/op ±1%   296,206 B/op ±0%   7,088 allocs/op ±0%    3.68s
  [1/4]  bench  MerkleCommit/sha256/Item10/Count10000  1,103,587 ns/op   2,914,571 B/op   70,178 allocs/op
  [2/4]  bench  MerkleCommit/sha256/Item10/Count10000  1,110,863 ns/op   2,914,485 B/op   70,177 allocs/op
  [3/4]  bench  MerkleCommit/sha256/Item10/Count10000  1,106,972 ns/op   2,914,513 B/op   70,177 allocs/op
  [4/4]  bench  MerkleCommit/sha256/Item10/Count10000  1,107,365 ns/op ±1%   2,914,487 B/op ±0%   70,177 allocs/op ±0%    3.94s
  [1/4]  bench  MerkleCommit/sha256/Item10/Count100000  6,789,270 ns/op   28,855,948 B/op   700,275 allocs/op
  [2/4]  bench  MerkleCommit/sha256/Item10/Count100000  6,810,899 ns/op   28,856,001 B/op   700,276 allocs/op
  [3/4]  bench  MerkleCommit/sha256/Item10/Count100000  6,868,687 ns/op   28,855,867 B/op   700,274 allocs/op
  [4/4]  bench  MerkleCommit/sha256/Item10/Count100000  6,893,710 ns/op ±1%   28,855,851 B/op ±0%   700,274 allocs/op ±0%    5.69s
  [1/4]  bench  MerkleCommit/sha256/Item1000/Count10  15,604 ns/op   15,571 B/op   107 allocs/op
  [2/4]  bench  MerkleCommit/sha256/Item1000/Count10  15,797 ns/op   15,570 B/op   107 allocs/op
  [3/4]  bench  MerkleCommit/sha256/Item1000/Count10  15,708 ns/op   15,570 B/op   107 allocs/op
  [4/4]  bench  MerkleCommit/sha256/Item1000/Count10  15,697 ns/op ±1%   15,569 B/op ±0%   107 allocs/op    4.14s
  [1/4]  bench  MerkleCommit/sha256/Item1000/Count100  78,385 ns/op   134,442 B/op   762 allocs/op
  [2/4]  bench  MerkleCommit/sha256/Item1000/Count100  78,239 ns/op   134,427 B/op   762 allocs/op
  [3/4]  bench  MerkleCommit/sha256/Item1000/Count100  77,534 ns/op   134,419 B/op   761 allocs/op
  [4/4]  bench  MerkleCommit/sha256/Item1000/Count100  76,818 ns/op ±2%   134,413 B/op ±0%   761 allocs/op ±0%    5.91s
  [1/4]  bench  MerkleCommit/sha256/Item1000/Count1000  435,753 ns/op   1,304,946 B/op   7,095 allocs/op
  [2/4]  bench  MerkleCommit/sha256/Item1000/Count1000  419,232 ns/op   1,304,986 B/op   7,095 allocs/op
  [3/4]  bench  MerkleCommit/sha256/Item1000/Count1000  416,211 ns/op   1,304,982 B/op   7,095 allocs/op
  [4/4]  bench  MerkleCommit/sha256/Item1000/Count1000  412,673 ns/op ±4%   1,304,989 B/op ±0%   7,095 allocs/op    3.75s
  [1/4]  bench  MerkleCommit/sha256/Item1000/Count10000  2,595,695 ns/op   12,994,552 B/op   70,177 allocs/op
  [2/4]  bench  MerkleCommit/sha256/Item1000/Count10000  2,547,053 ns/op   12,994,605 B/op   70,178 allocs/op
  [3/4]  bench  MerkleCommit/sha256/Item1000/Count10000  2,642,908 ns/op   12,994,653 B/op   70,178 allocs/op
  [4/4]  bench  MerkleCommit/sha256/Item1000/Count10000  2,640,256 ns/op ±6%   12,994,673 B/op ±0%   70,178 allocs/op ±0%    4.43s
  [1/4]  bench  MerkleCommit/sha256/Item1000/Count100000  26,758,476 ns/op   129,655,035 B/op   700,264 allocs/op
  [2/4]  bench  MerkleCommit/sha256/Item1000/Count100000  26,645,005 ns/op   129,655,268 B/op   700,266 allocs/op
  [3/4]  bench  MerkleCommit/sha256/Item1000/Count100000  26,688,162 ns/op   129,655,277 B/op   700,266 allocs/op
  [4/4]  bench  MerkleCommit/sha256/Item1000/Count100000  26,554,786 ns/op ±1%   129,655,345 B/op ±0%   700,267 allocs/op ±0%    3.89s
  [1/4]  bench  MerkleCommit/sha256/Item100000/Count10  235,334 ns/op   1,071,116 B/op   115 allocs/op
  [2/4]  bench  MerkleCommit/sha256/Item100000/Count10  233,575 ns/op   1,071,121 B/op   115 allocs/op
  [3/4]  bench  MerkleCommit/sha256/Item100000/Count10  233,653 ns/op   1,071,121 B/op   115 allocs/op
  [4/4]  bench  MerkleCommit/sha256/Item100000/Count10  233,364 ns/op ±1%   1,071,123 B/op ±0%   115 allocs/op    3.74s
  [1/4]  bench  MerkleCommit/sha256/Item100000/Count100  1,527,756 ns/op   10,683,525 B/op   779 allocs/op
  [2/4]  bench  MerkleCommit/sha256/Item100000/Count100  1,528,833 ns/op   10,683,544 B/op   779 allocs/op
  [3/4]  bench  MerkleCommit/sha256/Item100000/Count100  1,572,673 ns/op   10,683,554 B/op   779 allocs/op
  [4/4]  bench  MerkleCommit/sha256/Item100000/Count100  1,598,565 ns/op ±5%   10,683,542 B/op ±0%   779 allocs/op ±0%    4.12s
  [1/4]  bench  MerkleCommit/sha256/Item100000/Count1000  14,712,583 ns/op   106,779,202 B/op   7,110 allocs/op
  [2/4]  bench  MerkleCommit/sha256/Item100000/Count1000  15,086,520 ns/op   106,778,944 B/op   7,108 allocs/op
  [3/4]  bench  MerkleCommit/sha256/Item100000/Count1000  15,030,609 ns/op   106,779,046 B/op   7,108 allocs/op
  [4/4]  bench  MerkleCommit/sha256/Item100000/Count1000  15,001,767 ns/op ±2%   106,779,039 B/op ±0%   7,108 allocs/op ±0%    3.68s
  [1/4]  bench  MerkleCommit/sha256/Item100000/Count10000  140,429,443 ns/op   1,067,728,124 B/op   70,252 allocs/op
  [2/4]  bench  MerkleCommit/sha256/Item100000/Count10000  139,836,901 ns/op   1,067,726,279 B/op   70,232 allocs/op
  [3/4]  bench  MerkleCommit/sha256/Item100000/Count10000  139,695,269 ns/op   1,067,726,213 B/op   70,231 allocs/op
  [4/4]  bench  MerkleCommit/sha256/Item100000/Count10000  139,256,042 ns/op ±1%   1,067,726,187 B/op ±0%   70,231 allocs/op ±0%    4.73s
  [1/4]  bench  MerkleCommit/sha256/Item100000/Count100000  1,039,065,958 ns/op   10,676,894,664 B/op   700,385 allocs/op
  [2/4]  bench  MerkleCommit/sha256/Item100000/Count100000  1,056,789,604 ns/op   10,676,898,688 B/op   700,390 allocs/op
  [3/4]  bench  MerkleCommit/sha256/Item100000/Count100000  1,038,612,472 ns/op   10,676,897,747 B/op   700,392 allocs/op
  [4/4]  bench  MerkleCommit/sha256/Item100000/Count100000  1,045,796,167 ns/op ±3%   10,676,896,848 B/op ±0%   700,385 allocs/op ±0%    3.14s
  [1/4]  bench  AppendMsgBlockHeader                  31.9 ns/op   31.4 MB/s   0.000 B/op   0.000 allocs/op
  [2/4]  bench  AppendMsgBlockHeader                  31.8 ns/op   31.5 MB/s   0.000 B/op   0.000 allocs/op
  [3/4]  bench  AppendMsgBlockHeader                  31.8 ns/op   31.5 MB/s   0.000 B/op   0.000 allocs/op
  [4/4]  bench  AppendMsgBlockHeader                  31.8 ns/op ±0%   31.5 MB/s ±0%   0.000 B/op   0.000 allocs/op    3.71s
  [1/4]  bench  AppendMsgSignedTxn                    74.9 ns/op   13.3 MB/s   0.000 B/op   0.000 allocs/op
  [2/4]  bench  AppendMsgSignedTxn                    74.9 ns/op   13.3 MB/s   0.000 B/op   0.000 allocs/op
  [3/4]  bench  AppendMsgSignedTxn                    74.8 ns/op   13.4 MB/s   0.000 B/op   0.000 allocs/op
  [4/4]  bench  AppendMsgSignedTxn                    74.8 ns/op ±0%   13.4 MB/s ±0%   0.000 B/op   0.000 allocs/op    3.82s
  [1/4]  bench  PaysetGroups                          6,396 ns/op   115,998 B/op   8.00 allocs/op
  [2/4]  bench  PaysetGroups                          6,423 ns/op   117,381 B/op   8.00 allocs/op
  [3/4]  bench  PaysetGroups                          6,410 ns/op   117,852 B/op   8.00 allocs/op
  [4/4]  bench  PaysetGroups                          6,382 ns/op ±1%   117,304 B/op ±1%   8.00 allocs/op    24.11s
  [1/4]  bench  Txn                                   41,902 ns/op   9,404 B/op   12.0 allocs/op
  [2/4]  bench  Txn                                   41,597 ns/op   9,405 B/op   12.0 allocs/op
  [3/4]  bench  Txn                                   41,763 ns/op   9,405 B/op   12.0 allocs/op
  [4/4]  bench  Txn                                   41,694 ns/op ±1%   9,406 B/op ±0%   12.0 allocs/op    9.05s
  [1/4]  bench  TxHandlerProcessing/processDecoded    23,041 ns/op   4,320 B/op   35.0 allocs/op
  [2/4]  bench  TxHandlerProcessing/processDecoded    23,084 ns/op   4,320 B/op   35.0 allocs/op
  [3/4]  bench  TxHandlerProcessing/processDecoded    23,120 ns/op   4,320 B/op   35.0 allocs/op
  [4/4]  bench  TxHandlerProcessing/processDecoded    23,124 ns/op ±0%   4,320 B/op   35.0 allocs/op    6.92s
  [1/4]  bench  TxHandlerProcessing/verify.TxnGroup   41,845 ns/op   11,328 B/op   16.0 allocs/op
  [2/4]  bench  TxHandlerProcessing/verify.TxnGroup   42,020 ns/op   11,328 B/op   16.0 allocs/op
  [3/4]  bench  TxHandlerProcessing/verify.TxnGroup   42,062 ns/op   11,328 B/op   16.0 allocs/op
  [4/4]  bench  TxHandlerProcessing/verify.TxnGroup   42,141 ns/op ±1%   11,328 B/op   16.0 allocs/op    6.57s
  [1/4]  bench  CompactDeltas/account-deltas          1,654,071 ns/op   4,166,701 B/op   0.000 allocs/op
  [2/4]  bench  CompactDeltas/account-deltas          1,602,710 ns/op   4,169,806 B/op   0.000 allocs/op
  [3/4]  bench  CompactDeltas/account-deltas          1,594,505 ns/op   4,169,305 B/op   0.000 allocs/op
  [4/4]  bench  CompactDeltas/account-deltas          1,566,536 ns/op ±5%   4,169,190 B/op ±0%   0.000 allocs/op    17.5s
