  [1/4]  bench  MerkleCommit/sha512_256/Item10/Count10  13,920 ns/op   6,080 B/op   107 allocs/op
  [2/4]  bench  MerkleCommit/sha512_256/Item10/Count10  14,021 ns/op   6,078 B/op   107 allocs/op
  [3/4]  bench  MerkleCommit/sha512_256/Item10/Count10  13,990 ns/op   6,078 B/op   107 allocs/op
  [4/4]  bench  MerkleCommit/sha512_256/Item10/Count10  14,011 ns/op ±1%   6,077 B/op ±0%   107 allocs/op    4.08s
  [1/4]  bench  MerkleCommit/sha512_256/Item10/Count100  53,605 ns/op   34,678 B/op   761 allocs/op
  [2/4]  bench  MerkleCommit/sha512_256/Item10/Count100  53,857 ns/op   34,679 B/op   761 allocs/op
  [3/4]  bench  MerkleCommit/sha512_256/Item10/Count100  54,160 ns/op   34,671 B/op   761 allocs/op
  [4/4]  bench  MerkleCommit/sha512_256/Item10/Count100  54,147 ns/op ±1%   34,674 B/op ±0%   761 allocs/op ±0%    5.24s
  [1/4]  bench  MerkleCommit/sha512_256/Item10/Count1000  257,138 ns/op   298,993 B/op   7,091 allocs/op
  [2/4]  bench  MerkleCommit/sha512_256/Item10/Count1000  255,142 ns/op   299,026 B/op   7,091 allocs/op
  [3/4]  bench  MerkleCommit/sha512_256/Item10/Count1000  255,954 ns/op   299,022 B/op   7,091 allocs/op
  [4/4]  bench  MerkleCommit/sha512_256/Item10/Count1000  255,273 ns/op ±1%   299,028 B/op ±0%   7,091 allocs/op    3.71s
  [1/4]  bench  MerkleCommit/sha512_256/Item10/Count10000  1,300,170 ns/op   2,920,513 B/op   70,182 allocs/op
  [2/4]  bench  MerkleCommit/sha512_256/Item10/Count10000  1,289,401 ns/op   2,920,580 B/op   70,183 allocs/op
  [3/4]  bench  MerkleCommit/sha512_256/Item10/Count10000  1,291,335 ns/op   2,920,542 B/op   70,182 allocs/op
  [4/4]  bench  MerkleCommit/sha512_256/Item10/Count10000  1,291,166 ns/op ±1%   2,920,577 B/op ±0%   70,183 allocs/op ±0%    4.02s
  [1/4]  bench  MerkleCommit/sha512_256/Item10/Count100000  7,992,115 ns/op   28,866,075 B/op   700,279 allocs/op
  [2/4]  bench  MerkleCommit/sha512_256/Item10/Count100000  8,012,867 ns/op   28,866,211 B/op   700,280 allocs/op
  [3/4]  bench  MerkleCommit/sha512_256/Item10/Count100000  7,959,316 ns/op   28,866,314 B/op   700,281 allocs/op
  [4/4]  bench  MerkleCommit/sha512_256/Item10/Count100000  7,966,724 ns/op ±1%   28,866,368 B/op ±0%   700,281 allocs/op ±0%    5.98s
  [1/4]  bench  MerkleCommit/sha512_256/Item1000/Count10  22,167 ns/op   16,255 B/op   108 allocs/op
  [2/4]  bench  MerkleCommit/sha512_256/Item1000/Count10  22,342 ns/op   16,254 B/op   108 allocs/op
  [3/4]  bench  MerkleCommit/sha512_256/Item1000/Count10  22,296 ns/op   16,254 B/op   108 allocs/op
  [4/4]  bench  MerkleCommit/sha512_256/Item1000/Count10  22,298 ns/op ±1%   16,255 B/op ±0%   108 allocs/op    4.19s
  [1/4]  bench  MerkleCommit/sha512_256/Item1000/Count100  97,784 ns/op   135,874 B/op   763 allocs/op
  [2/4]  bench  MerkleCommit/sha512_256/Item1000/Count100  97,165 ns/op   135,877 B/op   763 allocs/op
  [3/4]  bench  MerkleCommit/sha512_256/Item1000/Count100  96,632 ns/op   135,886 B/op   763 allocs/op
  [4/4]  bench  MerkleCommit/sha512_256/Item1000/Count100  96,299 ns/op ±1%   135,889 B/op ±0%   763 allocs/op    6.5s
  [1/4]  bench  MerkleCommit/sha512_256/Item1000/Count1000  499,489 ns/op   1,308,441 B/op   7,100 allocs/op
  [2/4]  bench  MerkleCommit/sha512_256/Item1000/Count1000  496,614 ns/op   1,308,492 B/op   7,101 allocs/op
  [3/4]  bench  MerkleCommit/sha512_256/Item1000/Count1000  497,067 ns/op   1,308,488 B/op   7,100 allocs/op
  [4/4]  bench  MerkleCommit/sha512_256/Item1000/Count1000  497,539 ns/op ±1%   1,308,488 B/op ±0%   7,100 allocs/op ±0%    3.69s
  [1/4]  bench  MerkleCommit/sha512_256/Item1000/Count10000  3,370,028 ns/op   13,001,204 B/op   70,187 allocs/op
  [2/4]  bench  MerkleCommit/sha512_256/Item1000/Count10000  3,357,264 ns/op   13,001,178 B/op   70,187 allocs/op
  [3/4]  bench  MerkleCommit/sha512_256/Item1000/Count10000  3,355,359 ns/op   13,001,112 B/op   70,186 allocs/op
  [4/4]  bench  MerkleCommit/sha512_256/Item1000/Count10000  3,350,091 ns/op ±1%   13,001,115 B/op ±0%   70,186 allocs/op ±0%    4.57s
  [1/4]  bench  MerkleCommit/sha512_256/Item1000/Count100000  28,805,394 ns/op   129,665,301 B/op   700,273 allocs/op
  [2/4]  bench  MerkleCommit/sha512_256/Item1000/Count100000  28,804,390 ns/op   129,665,563 B/op   700,275 allocs/op
  [3/4]  bench  MerkleCommit/sha512_256/Item1000/Count100000  28,790,765 ns/op   129,665,701 B/op   700,276 allocs/op
  [4/4]  bench  MerkleCommit/sha512_256/Item1000/Count100000  28,879,138 ns/op ±1%   129,665,654 B/op ±0%   700,276 allocs/op ±0%    3.59s
  [1/4]  bench  MerkleCommit/sha512_256/Item100000/Count10  325,973 ns/op   1,072,381 B/op   117 allocs/op
  [2/4]  bench  MerkleCommit/sha512_256/Item100000/Count10  329,038 ns/op   1,072,380 B/op   117 allocs/op
  [3/4]  bench  MerkleCommit/sha512_256/Item100000/Count10  328,801 ns/op   1,072,386 B/op   117 allocs/op
  [4/4]  bench  MerkleCommit/sha512_256/Item100000/Count10  329,142 ns/op ±1%   1,072,387 B/op ±0%   117 allocs/op    3.7s
  [1/4]  bench  MerkleCommit/sha512_256/Item100000/Count100  1,948,620 ns/op   10,685,838 B/op   781 allocs/op
  [2/4]  bench  MerkleCommit/sha512_256/Item100000/Count100  1,953,381 ns/op   10,685,839 B/op   781 allocs/op
  [3/4]  bench  MerkleCommit/sha512_256/Item100000/Count100  1,953,229 ns/op   10,685,856 B/op   781 allocs/op
  [4/4]  bench  MerkleCommit/sha512_256/Item100000/Count100  1,957,436 ns/op ±1%   10,685,845 B/op ±0%   781 allocs/op    4.22s
  [1/4]  bench  MerkleCommit/sha512_256/Item100000/Count1000  17,717,124 ns/op   106,782,700 B/op   7,113 allocs/op
  [2/4]  bench  MerkleCommit/sha512_256/Item100000/Count1000  17,762,156 ns/op   106,782,622 B/op   7,113 allocs/op
  [3/4]  bench  MerkleCommit/sha512_256/Item100000/Count1000  17,707,978 ns/op   106,782,667 B/op   7,113 allocs/op
  [4/4]  bench  MerkleCommit/sha512_256/Item100000/Count1000  17,703,379 ns/op ±1%   106,782,683 B/op ±0%   7,113 allocs/op ±0%    3.54s
  [1/4]  bench  MerkleCommit/sha512_256/Item100000/Count10000  162,366,976 ns/op   1,067,732,346 B/op   70,236 allocs/op
  [2/4]  bench  MerkleCommit/sha512_256/Item100000/Count10000  162,974,825 ns/op   1,067,731,958 B/op   70,235 allocs/op
  [3/4]  bench  MerkleCommit/sha512_256/Item100000/Count10000  162,391,395 ns/op   1,067,731,583 B/op   70,231 allocs/op
  [4/4]  bench  MerkleCommit/sha512_256/Item100000/Count10000  162,786,369 ns/op ±1%   1,067,731,786 B/op ±0%   70,233 allocs/op ±0%    3.91s
  [1/4]  bench  MerkleCommit/sha512_256/Item100000/Count100000  1,351,909,292 ns/op   10,676,926,904 B/op   700,500 allocs/op
  [2/4]  bench  MerkleCommit/sha512_256/Item100000/Count100000  1,378,017,500 ns/op   10,676,928,440 B/op   700,511 allocs/op
  [3/4]  bench  MerkleCommit/sha512_256/Item100000/Count100000  1,385,862,264 ns/op   10,676,933,048 B/op   700,550 allocs/op
  [4/4]  bench  MerkleCommit/sha512_256/Item100000/Count100000  1,387,659,906 ns/op ±2%   10,676,933,056 B/op ±0%   700,553 allocs/op ±0%    4.2s
  [1/4]  bench  MerkleCommit/sumhash/Item10/Count10   52,461 ns/op   16,779 B/op   217 allocs/op
  [2/4]  bench  MerkleCommit/sumhash/Item10/Count10   52,289 ns/op   16,787 B/op   217 allocs/op
  [3/4]  bench  MerkleCommit/sumhash/Item10/Count10   52,455 ns/op   16,788 B/op   217 allocs/op
  [4/4]  bench  MerkleCommit/sumhash/Item10/Count10   52,390 ns/op ±1%   16,785 B/op ±0%   217 allocs/op    5.19s
  [1/4]  bench  MerkleCommit/sumhash/Item10/Count100  238,081 ns/op   134,862 B/op   1,723 allocs/op
  [2/4]  bench  MerkleCommit/sumhash/Item10/Count100  239,520 ns/op   134,841 B/op   1,723 allocs/op
  [3/4]  bench  MerkleCommit/sumhash/Item10/Count100  239,153 ns/op   134,850 B/op   1,723 allocs/op
  [4/4]  bench  MerkleCommit/sumhash/Item10/Count100  238,448 ns/op ±1%   134,857 B/op ±0%   1,723 allocs/op ±0%    3.64s
  [1/4]  bench  MerkleCommit/sumhash/Item10/Count1000  1,096,013 ns/op   1,268,800 B/op   16,241 allocs/op
  [2/4]  bench  MerkleCommit/sumhash/Item10/Count1000  1,084,808 ns/op   1,268,856 B/op   16,242 allocs/op
  [3/4]  bench  MerkleCommit/sumhash/Item10/Count1000  1,085,211 ns/op   1,268,801 B/op   16,241 allocs/op
  [4/4]  bench  MerkleCommit/sumhash/Item10/Count1000  1,082,820 ns/op ±1%   1,268,824 B/op ±0%   16,241 allocs/op ±0%    3.94s
  [1/4]  bench  MerkleCommit/sumhash/Item10/Count10000  6,476,260 ns/op   12,538,645 B/op   160,474 allocs/op
  [2/4]  bench  MerkleCommit/sumhash/Item10/Count10000  6,555,797 ns/op   12,538,422 B/op   160,471 allocs/op
  [3/4]  bench  MerkleCommit/sumhash/Item10/Count10000  6,528,097 ns/op   12,538,451 B/op   160,471 allocs/op
  [4/4]  bench  MerkleCommit/sumhash/Item10/Count10000  6,514,815 ns/op ±1%   12,538,512 B/op ±0%   160,472 allocs/op ±0%    5.57s
  [1/4]  bench  MerkleCommit/sumhash/Item10/Count100000  52,017,297 ns/op   124,885,122 B/op   1,600,645 allocs/op
  [2/4]  bench  MerkleCommit/sumhash/Item10/Count100000  51,542,137 ns/op   124,885,596 B/op   1,600,651 allocs/op
  [3/4]  bench  MerkleCommit/sumhash/Item10/Count100000  51,404,755 ns/op   124,885,724 B/op   1,600,652 allocs/op
  [4/4]  bench  MerkleCommit/sumhash/Item10/Count100000  51,677,719 ns/op ±1%   124,885,629 B/op ±0%   1,600,651 allocs/op ±0%    3.47s
  [1/4]  bench  MerkleCommit/sumhash/Item1000/Count10  105,382 ns/op   28,657 B/op   233 allocs/op
  [2/4]  bench  MerkleCommit/sumhash/Item1000/Count10  105,695 ns/op   28,648 B/op   233 allocs/op
  [3/4]  bench  MerkleCommit/sumhash/Item1000/Count10  105,370 ns/op   28,648 B/op   233 allocs/op
  [4/4]  bench  MerkleCommit/sumhash/Item1000/Count10  105,136 ns/op ±1%   28,649 B/op ±0%   233 allocs/op    3.18s
  [1/4]  bench  MerkleCommit/sumhash/Item1000/Count100  465,102 ns/op   250,130 B/op   1,843 allocs/op
  [2/4]  bench  MerkleCommit/sumhash/Item1000/Count100  461,651 ns/op   250,184 B/op   1,844 allocs/op
  [3/4]  bench  MerkleCommit/sumhash/Item1000/Count100  462,396 ns/op   250,169 B/op   1,843 allocs/op
  [4/4]  bench  MerkleCommit/sumhash/Item1000/Count100  461,396 ns/op ±1%   250,181 B/op ±0%   1,844 allocs/op ±0%    3.76s
  [1/4]  bench  MerkleCommit/sumhash/Item1000/Count1000  2,584,512 ns/op   2,406,184 B/op   17,258 allocs/op
  [2/4]  bench  MerkleCommit/sumhash/Item1000/Count1000  2,546,038 ns/op   2,406,386 B/op   17,260 allocs/op
  [3/4]  bench  MerkleCommit/sumhash/Item1000/Count1000  2,551,346 ns/op   2,406,344 B/op   17,260 allocs/op
  [4/4]  bench  MerkleCommit/sumhash/Item1000/Count1000  2,540,390 ns/op ±2%   2,406,396 B/op ±0%   17,260 allocs/op ±0%    4.37s
  [1/4]  bench  MerkleCommit/sumhash/Item1000/Count10000  20,294,292 ns/op   23,898,210 B/op   170,468 allocs/op
  [2/4]  bench  MerkleCommit/sumhash/Item1000/Count10000  19,920,053 ns/op   23,898,610 B/op   170,473 allocs/op
  [3/4]  bench  MerkleCommit/sumhash/Item1000/Count10000  19,963,027 ns/op   23,898,471 B/op   170,471 allocs/op
  [4/4]  bench  MerkleCommit/sumhash/Item1000/Count10000  19,959,498 ns/op ±2%   23,898,490 B/op ±0%   170,471 allocs/op ±0%    3.73s
  [1/4]  bench  MerkleCommit/sumhash/Item1000/Count100000  179,547,438 ns/op   238,485,786 B/op   1,700,647 allocs/op
  [2/4]  bench  MerkleCommit/sumhash/Item1000/Count100000  177,007,271 ns/op   238,486,852 B/op   1,700,660 allocs/op
  [3/4]  bench  MerkleCommit/sumhash/Item1000/Count100000  176,750,222 ns/op   238,486,961 B/op   1,700,660 allocs/op
  [4/4]  bench  MerkleCommit/sumhash/Item1000/Count100000  175,991,530 ns/op ±2%   238,487,126 B/op ±0%   1,700,662 allocs/op ±0%    4.4s
  [1/4]  bench  MerkleCommit/sumhash/Item100000/Count10  2,112,464 ns/op   1,085,586 B/op   259 allocs/op
  [2/4]  bench  MerkleCommit/sumhash/Item100000/Count10  2,079,987 ns/op   1,085,588 B/op   259 allocs/op
  [3/4]  bench  MerkleCommit/sumhash/Item100000/Count10  2,091,817 ns/op   1,085,589 B/op   259 allocs/op
  [4/4]  bench  MerkleCommit/sumhash/Item100000/Count10  2,081,441 ns/op ±2%   1,085,597 B/op ±0%   259 allocs/op    4.25s
  [1/4]  bench  MerkleCommit/sumhash/Item100000/Count100  15,407,612 ns/op   10,798,531 B/op   1,856 allocs/op
  [2/4]  bench  MerkleCommit/sumhash/Item100000/Count100  15,136,114 ns/op   10,798,616 B/op   1,857 allocs/op
  [3/4]  bench  MerkleCommit/sumhash/Item100000/Count100  15,227,434 ns/op   10,798,604 B/op   1,857 allocs/op
  [4/4]  bench  MerkleCommit/sumhash/Item100000/Count100  15,156,970 ns/op ±2%   10,798,602 B/op ±0%   1,857 allocs/op ±0%    3.63s
  [1/4]  bench  MerkleCommit/sumhash/Item100000/Count1000  132,719,406 ns/op   107,878,900 B/op   17,258 allocs/op
  [2/4]  bench  MerkleCommit/sumhash/Item100000/Count1000  133,218,227 ns/op   107,879,256 B/op   17,262 allocs/op
  [3/4]  bench  MerkleCommit/sumhash/Item100000/Count1000  134,539,802 ns/op   107,879,157 B/op   17,261 allocs/op
  [4/4]  bench  MerkleCommit/sumhash/Item100000/Count1000  133,673,203 ns/op ±2%   107,879,147 B/op ±0%   17,261 allocs/op ±0%    4.56s
  [1/4]  bench  MerkleCommit/sumhash/Item100000/Count10000  1,304,534,875 ns/op   1,078,624,376 B/op   170,487 allocs/op
  [2/4]  bench  MerkleCommit/sumhash/Item100000/Count10000  1,292,027,938 ns/op   1,078,625,384 B/op   170,493 allocs/op
  [3/4]  bench  MerkleCommit/sumhash/Item100000/Count10000  1,300,200,861 ns/op   1,078,624,968 B/op   170,490 allocs/op
  [4/4]  bench  MerkleCommit/sumhash/Item100000/Count10000  1,300,697,042 ns/op ±1%   1,078,625,492 B/op ±0%   170,495 allocs/op ±0%    3.9s
  [1/4]  bench  MerkleCommit/sumhash/Item100000/Count100000  12,763,302,292 ns/op   10,785,726,072 B/op   1,700,719 allocs/op
  [2/4]  bench  MerkleCommit/sumhash/Item100000/Count100000  12,709,363,751 ns/op   10,785,726,376 B/op   1,700,731 allocs/op
  [3/4]  bench  MerkleCommit/sumhash/Item100000/Count100000  12,683,380,514 ns/op   10,785,726,941 B/op   1,700,737 allocs/op
  [4/4]  bench  MerkleCommit/sumhash/Item100000/Count100000  12,627,793,730 ns/op ±1%   10,785,727,848 B/op ±0%   1,700,746 allocs/op ±0%    37.75s
  [1/4]  bench  MerkleCommit/sha256/Item10/Count10    8,918 ns/op   5,514 B/op   107 allocs/op
  [2/4]  bench  MerkleCommit/sha256/Item10/Count10    8,941 ns/op   5,514 B/op   107 allocs/op
  [3/4]  bench  MerkleCommit/sha256/Item10/Count10    8,804 ns/op   5,514 B/op   107 allocs/op
  [4/4]  bench  MerkleCommit/sha256/Item10/Count10    8,794 ns/op ±2%   5,514 B/op ±0%   107 allocs/op    3.88s
  [1/4]  bench  MerkleCommit/sha256/Item10/Count100   41,415 ns/op   33,559 B/op   759 allocs/op
  [2/4]  bench  MerkleCommit/sha256/Item10/Count100   42,189 ns/op   33,551 B/op   759 allocs/op
  [3/4]  bench  MerkleCommit/sha256/Item10/Count100   42,026 ns/op   33,551 B/op   759 allocs/op
  [4/4]  bench  MerkleCommit/sha256/Item10/Count100   41,861 ns/op ±2%   33,553 B/op ±0%   759 allocs/op    4.86s
  [1/4]  bench  MerkleCommit/sha256/Item10/Count1000  215,167 ns/op   296,427 B/op   7,087 allocs/op
  [2/4]  bench  MerkleCommit/sha256/Item10/Count1000  214,703 ns/op   296,440 B/op   7,087 allocs/op
  [3/4]  bench  MerkleCommit/sha256/Item10/Count1000  213,692 ns/op   296,446 B/op   7,087 allocs/op
  [4/4]  bench  MerkleCommit/sha256/Item10/Count1000  213,787 ns/op ±1%   296,442 B/op ±0%   7,087 allocs/op    3.61s
  [1/4]  bench  MerkleCommit/sha256/Item10/Count10000  1,099,009 ns/op   2,914,701 B/op   70,176 allocs/op
  [2/4]  bench  MerkleCommit/sha256/Item10/Count10000  1,103,541 ns/op   2,914,590 B/op   70,175 allocs/op
  [3/4]  bench  MerkleCommit/sha256/Item10/Count10000  1,103,314 ns/op   2,914,616 B/op   70,175 allocs/op
  [4/4]  bench  MerkleCommit/sha256/Item10/Count10000  1,106,911 ns/op ±1%   2,914,579 B/op ±0%   70,175 allocs/op ±0%    3.97s
  [1/4]  bench  MerkleCommit/sha256/Item10/Count100000  6,990,821 ns/op   28,856,180 B/op   700,273 allocs/op
  [2/4]  bench  MerkleCommit/sha256/Item10/Count100000  6,954,541 ns/op   28,856,196 B/op   700,273 allocs/op
  [3/4]  bench  MerkleCommit/sha256/Item10/Count100000  6,984,150 ns/op   28,856,083 B/op   700,272 allocs/op
  [4/4]  bench  MerkleCommit/sha256/Item10/Count100000  7,016,078 ns/op ±1%   28,856,054 B/op ±0%   700,272 allocs/op ±0%    5.71s
  [1/4]  bench  MerkleCommit/sha256/Item1000/Count10  15,492 ns/op   15,660 B/op   107 allocs/op
  [2/4]  bench  MerkleCommit/sha256/Item1000/Count10  15,540 ns/op   15,659 B/op   107 allocs/op
  [3/4]  bench  MerkleCommit/sha256/Item1000/Count10  15,451 ns/op   15,659 B/op   107 allocs/op
  [4/4]  bench  MerkleCommit/sha256/Item1000/Count10  15,374 ns/op ±1%   15,660 B/op ±0%   107 allocs/op    4.01s
  [1/4]  bench  MerkleCommit/sha256/Item1000/Count100  76,581 ns/op   134,558 B/op   761 allocs/op
  [2/4]  bench  MerkleCommit/sha256/Item1000/Count100  77,478 ns/op   134,555 B/op   761 allocs/op
  [3/4]  bench  MerkleCommit/sha256/Item1000/Count100  77,561 ns/op   134,553 B/op   761 allocs/op
  [4/4]  bench  MerkleCommit/sha256/Item1000/Count100  77,076 ns/op ±2%   134,555 B/op ±0%   761 allocs/op    5.97s
  [1/4]  bench  MerkleCommit/sha256/Item1000/Count1000  427,320 ns/op   1,305,437 B/op   7,096 allocs/op
  [2/4]  bench  MerkleCommit/sha256/Item1000/Count1000  425,389 ns/op   1,305,462 B/op   7,097 allocs/op
  [3/4]  bench  MerkleCommit/sha256/Item1000/Count1000  427,073 ns/op   1,305,454 B/op   7,096 allocs/op
  [4/4]  bench  MerkleCommit/sha256/Item1000/Count1000  425,865 ns/op ±1%   1,305,465 B/op ±0%   7,097 allocs/op ±0%    3.76s
  [1/4]  bench  MerkleCommit/sha256/Item1000/Count10000  2,947,157 ns/op   12,995,132 B/op   70,180 allocs/op
  [2/4]  bench  MerkleCommit/sha256/Item1000/Count10000  2,947,919 ns/op   12,995,190 B/op   70,181 allocs/op
  [3/4]  bench  MerkleCommit/sha256/Item1000/Count10000  2,962,140 ns/op   12,995,184 B/op   70,181 allocs/op
  [4/4]  bench  MerkleCommit/sha256/Item1000/Count10000  2,937,336 ns/op ±2%   12,995,197 B/op ±0%   70,181 allocs/op ±0%    4.49s
  [1/4]  bench  MerkleCommit/sha256/Item1000/Count100000  27,200,715 ns/op   129,655,846 B/op   700,267 allocs/op
  [2/4]  bench  MerkleCommit/sha256/Item1000/Count100000  27,168,468 ns/op   129,656,095 B/op   700,270 allocs/op
  [3/4]  bench  MerkleCommit/sha256/Item1000/Count100000  27,237,304 ns/op   129,656,092 B/op   700,270 allocs/op
  [4/4]  bench  MerkleCommit/sha256/Item1000/Count100000  27,222,933 ns/op ±0%   129,656,081 B/op ±0%   700,270 allocs/op ±0%    3.65s
  [1/4]  bench  MerkleCommit/sha256/Item100000/Count10  243,145 ns/op   1,071,229 B/op   115 allocs/op
  [2/4]  bench  MerkleCommit/sha256/Item100000/Count10  241,433 ns/op   1,071,233 B/op   115 allocs/op
  [3/4]  bench  MerkleCommit/sha256/Item100000/Count10  241,584 ns/op   1,071,234 B/op   115 allocs/op
  [4/4]  bench  MerkleCommit/sha256/Item100000/Count10  240,922 ns/op ±1%   1,071,235 B/op ±0%   115 allocs/op    3.67s
  [1/4]  bench  MerkleCommit/sha256/Item100000/Count100  1,542,980 ns/op   10,683,729 B/op   780 allocs/op
  [2/4]  bench  MerkleCommit/sha256/Item100000/Count100  1,531,748 ns/op   10,683,714 B/op   780 allocs/op
  [3/4]  bench  MerkleCommit/sha256/Item100000/Count100  1,538,778 ns/op   10,683,717 B/op   780 allocs/op
  [4/4]  bench  MerkleCommit/sha256/Item100000/Count100  1,539,759 ns/op ±1%   10,683,715 B/op ±0%   780 allocs/op ±0%    3.98s
  [1/4]  bench  MerkleCommit/sha256/Item100000/Count1000  14,514,880 ns/op   106,779,535 B/op   7,110 allocs/op
  [2/4]  bench  MerkleCommit/sha256/Item100000/Count1000  14,625,338 ns/op   106,779,449 B/op   7,109 allocs/op
  [3/4]  bench  MerkleCommit/sha256/Item100000/Count1000  14,606,036 ns/op   106,779,507 B/op   7,110 allocs/op
  [4/4]  bench  MerkleCommit/sha256/Item100000/Count1000  14,600,268 ns/op ±1%   106,779,474 B/op ±0%   7,109 allocs/op ±0%    3.51s
  [1/4]  bench  MerkleCommit/sha256/Item100000/Count10000  132,860,859 ns/op   1,067,727,380 B/op   70,241 allocs/op
  [2/4]  bench  MerkleCommit/sha256/Item100000/Count10000  132,740,797 ns/op   1,067,726,860 B/op   70,238 allocs/op
  [3/4]  bench  MerkleCommit/sha256/Item100000/Count10000  132,634,871 ns/op   1,067,726,884 B/op   70,238 allocs/op
  [4/4]  bench  MerkleCommit/sha256/Item100000/Count10000  133,330,505 ns/op ±1%   1,067,726,894 B/op ±0%   70,238 allocs/op ±0%    4.57s
  [1/4]  bench  MerkleCommit/sha256/Item100000/Count100000  1,121,365,833 ns/op   10,676,928,792 B/op   700,608 allocs/op
  [2/4]  bench  MerkleCommit/sha256/Item100000/Count100000  1,138,152,313 ns/op   10,676,928,448 B/op   700,599 allocs/op
  [3/4]  bench  MerkleCommit/sha256/Item100000/Count100000  1,135,918,083 ns/op   10,676,924,355 B/op   700,553 allocs/op
  [4/4]  bench  MerkleCommit/sha256/Item100000/Count100000  1,114,841,698 ns/op ±5%   10,676,919,580 B/op ±0%   700,525 allocs/op ±0%    3.34s
  [1/4]  bench  AppendMsgBlockHeader                  32.2 ns/op   31.1 MB/s   0.000 B/op   0.000 allocs/op
  [2/4]  bench  AppendMsgBlockHeader                  32.1 ns/op   31.2 MB/s   0.000 B/op   0.000 allocs/op
  [3/4]  bench  AppendMsgBlockHeader                  32.1 ns/op   31.1 MB/s   0.000 B/op   0.000 allocs/op
  [4/4]  bench  AppendMsgBlockHeader                  32.1 ns/op ±0%   31.2 MB/s ±0%   0.000 B/op   0.000 allocs/op    3.71s
  [1/4]  bench  AppendMsgSignedTxn                    74.0 ns/op   13.5 MB/s   0.000 B/op   0.000 allocs/op
  [2/4]  bench  AppendMsgSignedTxn                    73.7 ns/op   13.6 MB/s   0.000 B/op   0.000 allocs/op
  [3/4]  bench  AppendMsgSignedTxn                    73.7 ns/op   13.6 MB/s   0.000 B/op   0.000 allocs/op
  [4/4]  bench  AppendMsgSignedTxn                    73.7 ns/op ±0%   13.6 MB/s ±0%   0.000 B/op   0.000 allocs/op    3.84s
  [1/4]  bench  PaysetGroups                          5,740 ns/op   132,046 B/op   8.00 allocs/op
  [2/4]  bench  PaysetGroups                          5,671 ns/op   131,460 B/op   8.00 allocs/op
  [3/4]  bench  PaysetGroups                          5,647 ns/op   130,705 B/op   8.00 allocs/op
  [4/4]  bench  PaysetGroups                          5,627 ns/op ±2%   130,815 B/op ±1%   8.00 allocs/op    26.02s
  [1/4]  bench  Txn                                   40,976 ns/op   9,403 B/op   12.0 allocs/op
  [2/4]  bench  Txn                                   40,938 ns/op   9,405 B/op   12.0 allocs/op
  [3/4]  bench  Txn                                   40,926 ns/op   9,405 B/op   12.0 allocs/op
  [4/4]  bench  Txn                                   40,943 ns/op ±0%   9,403 B/op ±0%   12.0 allocs/op    9.03s
  [1/4]  bench  TxHandlerProcessing/processDecoded    9,699 ns/op   4,336 B/op   33.0 allocs/op
  [2/4]  bench  TxHandlerProcessing/processDecoded    9,839 ns/op   4,336 B/op   33.0 allocs/op
  [3/4]  bench  TxHandlerProcessing/processDecoded    9,900 ns/op   4,336 B/op   33.0 allocs/op
  [4/4]  bench  TxHandlerProcessing/processDecoded    10,120 ns/op ±5%   4,336 B/op   33.0 allocs/op    9.55s
  [1/4]  bench  TxHandlerProcessing/verify.TxnGroup   41,230 ns/op   11,328 B/op   16.0 allocs/op
  [2/4]  bench  TxHandlerProcessing/verify.TxnGroup   41,327 ns/op   11,328 B/op   16.0 allocs/op
  [3/4]  bench  TxHandlerProcessing/verify.TxnGroup   41,366 ns/op   11,328 B/op   16.0 allocs/op
  [4/4]  bench  TxHandlerProcessing/verify.TxnGroup   41,429 ns/op ±0%   11,328 B/op   16.0 allocs/op    6.56s
  [1/4]  bench  CompactDeltas/account-deltas          1,512,200 ns/op   4,123,466 B/op   0.000 allocs/op
  [2/4]  bench  CompactDeltas/account-deltas          1,456,076 ns/op   4,127,684 B/op   0.000 allocs/op
  [3/4]  bench  CompactDeltas/account-deltas          1,432,453 ns/op   4,128,788 B/op   0.000 allocs/op
  [4/4]  bench  CompactDeltas/account-deltas          1,425,800 ns/op ±4%   4,129,116 B/op ±0%   0.000 allocs/op    17.39s
