  [1/4]  bench  MerkleCommit/sha512_256/Item10/Count10  15,358 ns/op   5,910 B/op   107 allocs/op
  [2/4]  bench  MerkleCommit/sha512_256/Item10/Count10  15,146 ns/op   5,912 B/op   107 allocs/op
  [3/4]  bench  MerkleCommit/sha512_256/Item10/Count10  14,610 ns/op   5,915 B/op   107 allocs/op
  [4/4]  bench  MerkleCommit/sha512_256/Item10/Count10  14,567 ns/op ±6%   5,915 B/op ±0%   107 allocs/op    4.95s
  [1/4]  bench  MerkleCommit/sha512_256/Item10/Count100  58,788 ns/op   34,206 B/op   758 allocs/op
  [2/4]  bench  MerkleCommit/sha512_256/Item10/Count100  57,576 ns/op   34,204 B/op   758 allocs/op
  [3/4]  bench  MerkleCommit/sha512_256/Item10/Count100  69,598 ns/op   34,232 B/op   758 allocs/op
  [4/4]  bench  MerkleCommit/sha512_256/Item10/Count100  66,717 ns/op ±28%   34,224 B/op ±0%   758 allocs/op ±0%    8s
  [1/4]  bench  MerkleCommit/sha512_256/Item10/Count1000  340,921 ns/op   297,445 B/op   7,082 allocs/op
  [2/4]  bench  MerkleCommit/sha512_256/Item10/Count1000  337,025 ns/op   297,554 B/op   7,083 allocs/op
  [3/4]  bench  MerkleCommit/sha512_256/Item10/Count1000  334,121 ns/op   297,536 B/op   7,083 allocs/op
  [4/4]  bench  MerkleCommit/sha512_256/Item10/Count1000  331,812 ns/op ±2%   297,577 B/op ±0%   7,083 allocs/op ±0%    3.86s
  [1/4]  bench  MerkleCommit/sha512_256/Item10/Count10000  2,109,320 ns/op   2,916,142 B/op   70,155 allocs/op
  [2/4]  bench  MerkleCommit/sha512_256/Item10/Count10000  2,156,829 ns/op   2,916,177 B/op   70,156 allocs/op
  [3/4]  bench  MerkleCommit/sha512_256/Item10/Count10000  2,105,905 ns/op   2,916,105 B/op   70,155 allocs/op
  [4/4]  bench  MerkleCommit/sha512_256/Item10/Count10000  2,059,672 ns/op ±7%   2,916,141 B/op ±0%   70,155 allocs/op ±0%    4.28s
  [1/4]  bench  MerkleCommit/sha512_256/Item10/Count100000  14,453,370 ns/op   28,858,709 B/op   700,234 allocs/op
  [2/4]  bench  MerkleCommit/sha512_256/Item10/Count100000  13,611,471 ns/op   28,858,735 B/op   700,234 allocs/op
  [3/4]  bench  MerkleCommit/sha512_256/Item10/Count100000  13,652,808 ns/op   28,858,434 B/op   700,232 allocs/op
  [4/4]  bench  MerkleCommit/sha512_256/Item10/Count100000  13,563,339 ns/op ±6%   28,858,488 B/op ±0%   700,232 allocs/op ±0%    3.66s
  [1/4]  bench  MerkleCommit/sha512_256/Item1000/Count10  25,650 ns/op   16,027 B/op   107 allocs/op
  [2/4]  bench  MerkleCommit/sha512_256/Item1000/Count10  27,171 ns/op   16,022 B/op   107 allocs/op
  [3/4]  bench  MerkleCommit/sha512_256/Item1000/Count10  26,851 ns/op   16,026 B/op   107 allocs/op
  [4/4]  bench  MerkleCommit/sha512_256/Item1000/Count10  25,603 ns/op ±13%   16,042 B/op ±0%   107 allocs/op    4.46s
  [1/4]  bench  MerkleCommit/sha512_256/Item1000/Count100  119,916 ns/op   135,304 B/op   760 allocs/op
  [2/4]  bench  MerkleCommit/sha512_256/Item1000/Count100  125,075 ns/op   135,297 B/op   760 allocs/op
  [3/4]  bench  MerkleCommit/sha512_256/Item1000/Count100  139,782 ns/op   135,270 B/op   760 allocs/op
  [4/4]  bench  MerkleCommit/sha512_256/Item1000/Count100  144,587 ns/op ±17%   135,264 B/op ±0%   760 allocs/op    3.77s
  [1/4]  bench  MerkleCommit/sha512_256/Item1000/Count1000  938,635 ns/op   1,306,458 B/op   7,089 allocs/op
  [2/4]  bench  MerkleCommit/sha512_256/Item1000/Count1000  846,870 ns/op   1,306,469 B/op   7,089 allocs/op
  [3/4]  bench  MerkleCommit/sha512_256/Item1000/Count1000  818,530 ns/op   1,306,415 B/op   7,089 allocs/op
  [4/4]  bench  MerkleCommit/sha512_256/Item1000/Count1000  792,239 ns/op ±14%   1,306,417 B/op ±0%   7,089 allocs/op ±0%    3.95s
  [1/4]  bench  MerkleCommit/sha512_256/Item1000/Count10000  4,822,841 ns/op   12,997,500 B/op   70,164 allocs/op
  [2/4]  bench  MerkleCommit/sha512_256/Item1000/Count10000  4,837,178 ns/op   12,997,508 B/op   70,164 allocs/op
  [3/4]  bench  MerkleCommit/sha512_256/Item1000/Count10000  4,903,984 ns/op   12,997,557 B/op   70,164 allocs/op
  [4/4]  bench  MerkleCommit/sha512_256/Item1000/Count10000  6,584,031 ns/op ±52%   12,997,127 B/op ±0%   70,162 allocs/op ±0%    6.57s
  [1/4]  bench  MerkleCommit/sha512_256/Item1000/Count100000  56,395,827 ns/op   129,656,050 B/op   700,216 allocs/op
  [2/4]  bench  MerkleCommit/sha512_256/Item1000/Count100000  64,058,301 ns/op   129,655,712 B/op   700,214 allocs/op
  [3/4]  bench  MerkleCommit/sha512_256/Item1000/Count100000  58,731,791 ns/op   129,655,677 B/op   700,214 allocs/op
  [4/4]  bench  MerkleCommit/sha512_256/Item1000/Count100000  55,209,536 ns/op ±25%   129,656,148 B/op ±0%   700,217 allocs/op ±0%    5.65s
  [1/4]  bench  MerkleCommit/sha512_256/Item100000/Count10  741,598 ns/op   1,071,686 B/op   113 allocs/op
  [2/4]  bench  MerkleCommit/sha512_256/Item100000/Count10  812,812 ns/op   1,071,643 B/op   113 allocs/op
  [3/4]  bench  MerkleCommit/sha512_256/Item100000/Count10  953,398 ns/op   1,071,590 B/op   112 allocs/op
  [4/4]  bench  MerkleCommit/sha512_256/Item100000/Count10  899,285 ns/op ±28%   1,071,612 B/op ±0%   113 allocs/op ±0%    4.92s
  [1/4]  bench  MerkleCommit/sha512_256/Item100000/Count100  4,455,559 ns/op   10,684,653 B/op   774 allocs/op
  [2/4]  bench  MerkleCommit/sha512_256/Item100000/Count100  4,169,628 ns/op   10,684,773 B/op   775 allocs/op
  [3/4]  bench  MerkleCommit/sha512_256/Item100000/Count100  4,136,144 ns/op   10,684,869 B/op   776 allocs/op
  [4/4]  bench  MerkleCommit/sha512_256/Item100000/Count100  3,963,310 ns/op ±13%   10,684,875 B/op ±0%   776 allocs/op ±0%    5.52s
  [1/4]  bench  MerkleCommit/sha512_256/Item100000/Count1000  23,341,643 ns/op   106,779,637 B/op   7,096 allocs/op
  [2/4]  bench  MerkleCommit/sha512_256/Item100000/Count1000  24,162,627 ns/op   106,779,665 B/op   7,096 allocs/op
  [3/4]  bench  MerkleCommit/sha512_256/Item100000/Count1000  23,512,146 ns/op   106,779,692 B/op   7,096 allocs/op
  [4/4]  bench  MerkleCommit/sha512_256/Item100000/Count1000  24,552,606 ns/op ±11%   106,779,770 B/op ±0%   7,097 allocs/op ±0%    6.13s
  [1/4]  bench  MerkleCommit/sha512_256/Item100000/Count10000  160,715,255 ns/op   1,067,716,148 B/op   70,152 allocs/op
  [2/4]  bench  MerkleCommit/sha512_256/Item100000/Count10000  153,071,390 ns/op   1,067,715,739 B/op   70,151 allocs/op
  [3/4]  bench  MerkleCommit/sha512_256/Item100000/Count10000  162,701,512 ns/op   1,067,716,413 B/op   70,154 allocs/op
  [4/4]  bench  MerkleCommit/sha512_256/Item100000/Count10000  160,343,016 ns/op ±11%   1,067,716,499 B/op ±0%   70,155 allocs/op ±0%    6.3s
  [1/4]  bench  MerkleCommit/sha512_256/Item100000/Count100000  1,373,980,167 ns/op   10,676,860,072 B/op   700,224 allocs/op
  [2/4]  bench  MerkleCommit/sha512_256/Item100000/Count100000  1,406,089,250 ns/op   10,676,859,424 B/op   700,222 allocs/op
  [3/4]  bench  MerkleCommit/sha512_256/Item100000/Count100000  1,414,559,472 ns/op   10,676,859,848 B/op   700,228 allocs/op
  [4/4]  bench  MerkleCommit/sha512_256/Item100000/Count100000  1,407,612,448 ns/op ±2%   10,676,860,860 B/op ±0%   700,238 allocs/op ±0%    4.27s
  [1/4]  bench  MerkleCommit/sumhash/Item10/Count10   70,341 ns/op   16,451 B/op   214 allocs/op
  [2/4]  bench  MerkleCommit/sumhash/Item10/Count10   74,575 ns/op   16,457 B/op   214 allocs/op
  [3/4]  bench  MerkleCommit/sumhash/Item10/Count10   73,809 ns/op   16,453 B/op   214 allocs/op
  [4/4]  bench  MerkleCommit/sumhash/Item10/Count10   76,945 ns/op ±10%   16,467 B/op ±0%   214 allocs/op ±0%    6.06s
  [1/4]  bench  MerkleCommit/sumhash/Item10/Count100  507,078 ns/op   133,220 B/op   1,705 allocs/op
  [2/4]  bench  MerkleCommit/sumhash/Item10/Count100  505,955 ns/op   133,249 B/op   1,706 allocs/op
  [3/4]  bench  MerkleCommit/sumhash/Item10/Count100  517,547 ns/op   133,220 B/op   1,705 allocs/op
  [4/4]  bench  MerkleCommit/sumhash/Item10/Count100  504,543 ns/op ±7%   133,321 B/op ±0%   1,706 allocs/op ±0%    3.97s
  [1/4]  bench  MerkleCommit/sumhash/Item10/Count1000  2,628,628 ns/op   1,263,104 B/op   16,177 allocs/op
  [2/4]  bench  MerkleCommit/sumhash/Item10/Count1000  2,547,469 ns/op   1,263,195 B/op   16,178 allocs/op
  [3/4]  bench  MerkleCommit/sumhash/Item10/Count1000  2,438,859 ns/op   1,263,047 B/op   16,176 allocs/op
  [4/4]  bench  MerkleCommit/sumhash/Item10/Count1000  2,341,998 ns/op ±12%   1,263,080 B/op ±0%   16,177 allocs/op ±0%    5.21s
  [1/4]  bench  MerkleCommit/sumhash/Item10/Count10000  11,311,933 ns/op   12,528,481 B/op   160,356 allocs/op
  [2/4]  bench  MerkleCommit/sumhash/Item10/Count10000  12,391,699 ns/op   12,527,296 B/op   160,342 allocs/op
  [3/4]  bench  MerkleCommit/sumhash/Item10/Count10000  11,939,862 ns/op   12,527,651 B/op   160,346 allocs/op
  [4/4]  bench  MerkleCommit/sumhash/Item10/Count10000  12,101,021 ns/op ±10%   12,527,651 B/op ±0%   160,346 allocs/op ±0%    3.71s
  [1/4]  bench  MerkleCommit/sumhash/Item10/Count100000  79,381,558 ns/op   124,874,490 B/op   1,600,525 allocs/op
  [2/4]  bench  MerkleCommit/sumhash/Item10/Count100000  80,257,978 ns/op   124,875,160 B/op   1,600,533 allocs/op
  [3/4]  bench  MerkleCommit/sumhash/Item10/Count100000  77,713,217 ns/op   124,874,838 B/op   1,600,529 allocs/op
  [4/4]  bench  MerkleCommit/sumhash/Item10/Count100000  78,388,269 ns/op ±5%   124,874,795 B/op ±0%   1,600,528 allocs/op ±0%    3.74s
  [1/4]  bench  MerkleCommit/sumhash/Item1000/Count10  137,045 ns/op   28,275 B/op   229 allocs/op
  [2/4]  bench  MerkleCommit/sumhash/Item1000/Count10  140,589 ns/op   28,275 B/op   229 allocs/op
  [3/4]  bench  MerkleCommit/sumhash/Item1000/Count10  143,088 ns/op   28,263 B/op   229 allocs/op
  [4/4]  bench  MerkleCommit/sumhash/Item1000/Count10  146,070 ns/op ±6%   28,256 B/op ±0%   229 allocs/op    4s
  [1/4]  bench  MerkleCommit/sumhash/Item1000/Count100  714,049 ns/op   248,128 B/op   1,821 allocs/op
  [2/4]  bench  MerkleCommit/sumhash/Item1000/Count100  725,235 ns/op   248,050 B/op   1,820 allocs/op
  [3/4]  bench  MerkleCommit/sumhash/Item1000/Count100  722,704 ns/op   248,043 B/op   1,820 allocs/op
  [4/4]  bench  MerkleCommit/sumhash/Item1000/Count100  654,626 ns/op ±22%   248,534 B/op ±0%   1,826 allocs/op ±1%    5.68s
  [1/4]  bench  MerkleCommit/sumhash/Item1000/Count1000  2,531,843 ns/op   2,405,750 B/op   17,256 allocs/op
  [2/4]  bench  MerkleCommit/sumhash/Item1000/Count1000  2,500,357 ns/op   2,405,950 B/op   17,259 allocs/op
  [3/4]  bench  MerkleCommit/sumhash/Item1000/Count1000  2,508,439 ns/op   2,405,882 B/op   17,258 allocs/op
  [4/4]  bench  MerkleCommit/sumhash/Item1000/Count1000  2,492,644 ns/op ±2%   2,405,949 B/op ±0%   17,259 allocs/op ±0%    4.36s
  [1/4]  bench  MerkleCommit/sumhash/Item1000/Count10000  22,709,472 ns/op   23,895,817 B/op   170,443 allocs/op
  [2/4]  bench  MerkleCommit/sumhash/Item1000/Count10000  21,688,606 ns/op   23,896,734 B/op   170,454 allocs/op
  [3/4]  bench  MerkleCommit/sumhash/Item1000/Count10000  21,414,808 ns/op   23,896,752 B/op   170,454 allocs/op
  [4/4]  bench  MerkleCommit/sumhash/Item1000/Count10000  20,899,736 ns/op ±8%   23,897,087 B/op ±0%   170,458 allocs/op ±0%    3.61s
  [1/4]  bench  MerkleCommit/sumhash/Item1000/Count100000  178,124,688 ns/op   238,485,997 B/op   1,700,655 allocs/op
  [2/4]  bench  MerkleCommit/sumhash/Item1000/Count100000  174,252,212 ns/op   238,485,961 B/op   1,700,655 allocs/op
  [3/4]  bench  MerkleCommit/sumhash/Item1000/Count100000  175,374,377 ns/op   238,485,457 B/op   1,700,649 allocs/op
  [4/4]  bench  MerkleCommit/sumhash/Item1000/Count100000  174,480,050 ns/op ±2%   238,485,680 B/op ±0%   1,700,651 allocs/op ±0%    3.64s
  [1/4]  bench  MerkleCommit/sumhash/Item100000/Count10  2,059,250 ns/op   1,085,492 B/op   259 allocs/op
  [2/4]  bench  MerkleCommit/sumhash/Item100000/Count10  2,031,478 ns/op   1,085,507 B/op   259 allocs/op
  [3/4]  bench  MerkleCommit/sumhash/Item100000/Count10  2,196,674 ns/op   1,085,447 B/op   258 allocs/op
  [4/4]  bench  MerkleCommit/sumhash/Item100000/Count10  2,164,060 ns/op ±12%   1,085,474 B/op ±0%   259 allocs/op ±1%    4.13s
  [1/4]  bench  MerkleCommit/sumhash/Item100000/Count100  16,903,435 ns/op   10,798,099 B/op   1,853 allocs/op
  [2/4]  bench  MerkleCommit/sumhash/Item100000/Count100  16,374,912 ns/op   10,798,235 B/op   1,855 allocs/op
  [3/4]  bench  MerkleCommit/sumhash/Item100000/Count100  16,004,300 ns/op   10,798,272 B/op   1,855 allocs/op
  [4/4]  bench  MerkleCommit/sumhash/Item100000/Count100  15,663,233 ns/op ±7%   10,798,335 B/op ±0%   1,856 allocs/op ±0%    4.43s
  [1/4]  bench  MerkleCommit/sumhash/Item100000/Count1000  135,140,438 ns/op   107,877,884 B/op   17,250 allocs/op
  [2/4]  bench  MerkleCommit/sumhash/Item100000/Count1000  132,796,308 ns/op   107,878,106 B/op   17,253 allocs/op
  [3/4]  bench  MerkleCommit/sumhash/Item100000/Count1000  133,633,736 ns/op   107,878,061 B/op   17,252 allocs/op
  [4/4]  bench  MerkleCommit/sumhash/Item100000/Count1000  132,863,127 ns/op ±2%   107,878,175 B/op ±0%   17,254 allocs/op ±0%    3.56s
  [1/4]  bench  MerkleCommit/sumhash/Item100000/Count10000  1,247,313,500 ns/op   1,078,621,624 B/op   170,451 allocs/op
  [2/4]  bench  MerkleCommit/sumhash/Item100000/Count10000  1,266,413,604 ns/op   1,078,623,792 B/op   170,473 allocs/op
  [3/4]  bench  MerkleCommit/sumhash/Item100000/Count10000  1,259,834,430 ns/op   1,078,620,867 B/op   170,438 allocs/op
  [4/4]  bench  MerkleCommit/sumhash/Item100000/Count10000  1,660,895,344 ns/op ±49%   1,078,619,708 B/op ±0%   170,435 allocs/op ±0%    5.39s
  [1/4]  bench  MerkleCommit/sumhash/Item100000/Count100000  15,060,298,458 ns/op   10,785,695,712 B/op   1,700,569 allocs/op
  [2/4]  bench  MerkleCommit/sumhash/Item100000/Count100000  14,661,107,667 ns/op   10,785,697,448 B/op   1,700,599 allocs/op
  [3/4]  bench  MerkleCommit/sumhash/Item100000/Count100000  14,325,422,250 ns/op   10,785,697,453 B/op   1,700,603 allocs/op
  [4/4]  bench  MerkleCommit/sumhash/Item100000/Count100000  14,204,845,573 ns/op ±5%   10,785,697,224 B/op ±0%   1,700,601 allocs/op ±0%    41.76s
  [1/4]  bench  MerkleCommit/sha256/Item10/Count10    8,032 ns/op   5,416 B/op   107 allocs/op
  [2/4]  bench  MerkleCommit/sha256/Item10/Count10    7,942 ns/op   5,417 B/op   107 allocs/op
  [3/4]  bench  MerkleCommit/sha256/Item10/Count10    7,959 ns/op   5,416 B/op   107 allocs/op
  [4/4]  bench  MerkleCommit/sha256/Item10/Count10    8,034 ns/op ±3%   5,416 B/op ±0%   107 allocs/op    3.85s
  [1/4]  bench  MerkleCommit/sha256/Item10/Count100   42,164 ns/op   33,307 B/op   758 allocs/op
  [2/4]  bench  MerkleCommit/sha256/Item10/Count100   41,753 ns/op   33,300 B/op   758 allocs/op
  [3/4]  bench  MerkleCommit/sha256/Item10/Count100   41,346 ns/op   33,306 B/op   758 allocs/op
  [4/4]  bench  MerkleCommit/sha256/Item10/Count100   41,436 ns/op ±2%   33,306 B/op ±0%   758 allocs/op ±0%    4.86s
  [1/4]  bench  MerkleCommit/sha256/Item10/Count1000  226,545 ns/op   295,950 B/op   7,085 allocs/op
  [2/4]  bench  MerkleCommit/sha256/Item10/Count1000  221,072 ns/op   295,973 B/op   7,086 allocs/op
  [3/4]  bench  MerkleCommit/sha256/Item10/Count1000  217,768 ns/op   296,002 B/op   7,086 allocs/op
  [4/4]  bench  MerkleCommit/sha256/Item10/Count1000  217,651 ns/op ±4%   296,033 B/op ±0%   7,086 allocs/op ±0%    3.69s
  [1/4]  bench  MerkleCommit/sha256/Item10/Count10000  1,106,150 ns/op   2,914,366 B/op   70,176 allocs/op
  [2/4]  bench  MerkleCommit/sha256/Item10/Count10000  1,106,869 ns/op   2,914,277 B/op   70,175 allocs/op
  [3/4]  bench  MerkleCommit/sha256/Item10/Count10000  1,103,494 ns/op   2,914,303 B/op   70,175 allocs/op
  [4/4]  bench  MerkleCommit/sha256/Item10/Count10000  1,105,733 ns/op ±1%   2,914,278 B/op ±0%   70,175 allocs/op ±0%    3.96s
  [1/4]  bench  MerkleCommit/sha256/Item10/Count100000  6,772,561 ns/op   28,855,796 B/op   700,273 allocs/op
  [2/4]  bench  MerkleCommit/sha256/Item10/Count100000  6,792,038 ns/op   28,855,820 B/op   700,274 allocs/op
  [3/4]  bench  MerkleCommit/sha256/Item10/Count100000  6,816,003 ns/op   28,855,762 B/op   700,273 allocs/op
  [4/4]  bench  MerkleCommit/sha256/Item10/Count100000  7,474,540 ns/op ±18%   28,855,261 B/op ±0%   700,268 allocs/op ±0%    5.99s
  [1/4]  bench  MerkleCommit/sha256/Item1000/Count10  16,991 ns/op   15,511 B/op   107 allocs/op
  [2/4]  bench  MerkleCommit/sha256/Item1000/Count10  17,601 ns/op   15,508 B/op   107 allocs/op
  [3/4]  bench  MerkleCommit/sha256/Item1000/Count10  17,760 ns/op   15,506 B/op   107 allocs/op
  [4/4]  bench  MerkleCommit/sha256/Item1000/Count10  17,315 ns/op ±6%   15,507 B/op ±0%   107 allocs/op    3.97s
  [1/4]  bench  MerkleCommit/sha256/Item1000/Count100  103,781 ns/op   134,143 B/op   759 allocs/op
  [2/4]  bench  MerkleCommit/sha256/Item1000/Count100  100,621 ns/op   134,147 B/op   759 allocs/op
  [3/4]  bench  MerkleCommit/sha256/Item1000/Count100  97,582 ns/op   134,147 B/op   759 allocs/op
  [4/4]  bench  MerkleCommit/sha256/Item1000/Count100  98,447 ns/op ±6%   134,148 B/op ±0%   759 allocs/op    5.33s
  [1/4]  bench  MerkleCommit/sha256/Item1000/Count1000  614,961 ns/op   1,304,209 B/op   7,088 allocs/op
  [2/4]  bench  MerkleCommit/sha256/Item1000/Count1000  627,014 ns/op   1,304,186 B/op   7,088 allocs/op
  [3/4]  bench  MerkleCommit/sha256/Item1000/Count1000  625,247 ns/op   1,304,187 B/op   7,087 allocs/op
  [4/4]  bench  MerkleCommit/sha256/Item1000/Count1000  631,442 ns/op ±3%   1,304,180 B/op ±0%   7,087 allocs/op ±0%    4.09s
  [1/4]  bench  MerkleCommit/sha256/Item1000/Count10000  4,057,097 ns/op   12,992,862 B/op   70,161 allocs/op
  [2/4]  bench  MerkleCommit/sha256/Item1000/Count10000  4,104,132 ns/op   12,992,882 B/op   70,161 allocs/op
  [3/4]  bench  MerkleCommit/sha256/Item1000/Count10000  4,048,912 ns/op   12,992,944 B/op   70,162 allocs/op
  [4/4]  bench  MerkleCommit/sha256/Item1000/Count10000  4,045,941 ns/op ±3%   12,992,971 B/op ±0%   70,162 allocs/op ±0%    4.76s
  [1/4]  bench  MerkleCommit/sha256/Item1000/Count100000  33,161,186 ns/op   129,652,046 B/op   700,236 allocs/op
  [2/4]  bench  MerkleCommit/sha256/Item1000/Count100000  34,076,048 ns/op   129,652,027 B/op   700,236 allocs/op
  [3/4]  bench  MerkleCommit/sha256/Item1000/Count100000  34,216,654 ns/op   129,652,205 B/op   700,238 allocs/op
  [4/4]  bench  MerkleCommit/sha256/Item1000/Count100000  34,093,254 ns/op ±3%   129,652,212 B/op ±0%   700,238 allocs/op ±0%    3.82s
  [1/4]  bench  MerkleCommit/sha256/Item100000/Count10  398,552 ns/op   1,070,973 B/op   114 allocs/op
  [2/4]  bench  MerkleCommit/sha256/Item100000/Count10  405,186 ns/op   1,070,949 B/op   114 allocs/op
  [3/4]  bench  MerkleCommit/sha256/Item100000/Count10  392,670 ns/op   1,070,951 B/op   114 allocs/op
  [4/4]  bench  MerkleCommit/sha256/Item100000/Count10  387,588 ns/op ±6%   1,070,948 B/op ±0%   114 allocs/op ±0%    4.12s
  [1/4]  bench  MerkleCommit/sha256/Item100000/Count100  2,497,369 ns/op   10,683,230 B/op   776 allocs/op
  [2/4]  bench  MerkleCommit/sha256/Item100000/Count100  2,555,775 ns/op   10,683,248 B/op   777 allocs/op
  [3/4]  bench  MerkleCommit/sha256/Item100000/Count100  2,448,512 ns/op   10,683,261 B/op   777 allocs/op
  [4/4]  bench  MerkleCommit/sha256/Item100000/Count100  2,481,142 ns/op ±8%   10,683,267 B/op ±0%   777 allocs/op ±0%    4.43s
  [1/4]  bench  MerkleCommit/sha256/Item100000/Count1000  18,085,487 ns/op   106,777,572 B/op   7,097 allocs/op
  [2/4]  bench  MerkleCommit/sha256/Item100000/Count1000  18,722,750 ns/op   106,777,654 B/op   7,098 allocs/op
  [3/4]  bench  MerkleCommit/sha256/Item100000/Count1000  19,352,618 ns/op   106,777,673 B/op   7,098 allocs/op
  [4/4]  bench  MerkleCommit/sha256/Item100000/Count1000  19,808,994 ns/op ±8%   106,777,680 B/op ±0%   7,098 allocs/op ±0%    3.91s
  [1/4]  bench  MerkleCommit/sha256/Item100000/Count10000  139,120,578 ns/op   1,067,716,090 B/op   70,171 allocs/op
  [2/4]  bench  MerkleCommit/sha256/Item100000/Count10000  163,865,654 ns/op   1,067,715,874 B/op   70,165 allocs/op
  [3/4]  bench  MerkleCommit/sha256/Item100000/Count10000  157,588,336 ns/op   1,067,715,749 B/op   70,165 allocs/op
  [4/4]  bench  MerkleCommit/sha256/Item100000/Count10000  162,944,680 ns/op ±15%   1,067,715,938 B/op ±0%   70,165 allocs/op ±0%    4.62s
  [1/4]  bench  MerkleCommit/sha256/Item100000/Count100000  1,408,105,125 ns/op   10,676,877,096 B/op   700,312 allocs/op
  [2/4]  bench  MerkleCommit/sha256/Item100000/Count100000  1,403,811,000 ns/op   10,676,875,224 B/op   700,297 allocs/op
  [3/4]  bench  MerkleCommit/sha256/Item100000/Count100000  1,324,831,000 ns/op   10,676,871,640 B/op   700,283 allocs/op
  [4/4]  bench  MerkleCommit/sha256/Item100000/Count100000  1,359,482,854 ns/op ±11%   10,676,874,736 B/op ±0%   700,303 allocs/op ±0%    4.03s
  [1/4]  bench  AppendMsgBlockHeader                  33.2 ns/op   30.1 MB/s   0.000 B/op   0.000 allocs/op
  [2/4]  bench  AppendMsgBlockHeader                  33.2 ns/op   30.1 MB/s   0.000 B/op   0.000 allocs/op
  [3/4]  bench  AppendMsgBlockHeader                  33.3 ns/op   30.0 MB/s   0.000 B/op   0.000 allocs/op
  [4/4]  bench  AppendMsgBlockHeader                  33.3 ns/op ±0%   30.0 MB/s ±0%   0.000 B/op   0.000 allocs/op    3.74s
  [1/4]  bench  AppendMsgSignedTxn                    77.6 ns/op   12.9 MB/s   0.000 B/op   0.000 allocs/op
  [2/4]  bench  AppendMsgSignedTxn                    78.0 ns/op   12.8 MB/s   0.000 B/op   0.000 allocs/op
  [3/4]  bench  AppendMsgSignedTxn                    78.0 ns/op   12.8 MB/s   0.000 B/op   0.000 allocs/op
  [4/4]  bench  AppendMsgSignedTxn                    78.1 ns/op ±1%   12.8 MB/s ±1%   0.000 B/op   0.000 allocs/op    3.87s
  [1/4]  bench  PaysetGroups                          7,949 ns/op   94,723 B/op   8.00 allocs/op
  [2/4]  bench  PaysetGroups                          8,461 ns/op   102,111 B/op   8.00 allocs/op
  [3/4]  bench  PaysetGroups                          8,370 ns/op   96,445 B/op   8.00 allocs/op
  [4/4]  bench  PaysetGroups                          8,318 ns/op ±6%   94,371 B/op ±13%   8.00 allocs/op    21.23s
  [1/4]  bench  Txn                                   42,829 ns/op   9,403 B/op   12.0 allocs/op
  [2/4]  bench  Txn                                   42,818 ns/op   9,404 B/op   12.0 allocs/op
  [3/4]  bench  Txn                                   42,870 ns/op   9,405 B/op   12.0 allocs/op
  [4/4]  bench  Txn                                   42,853 ns/op ±0%   9,404 B/op ±0%   12.0 allocs/op    9.17s
  [1/4]  bench  TxHandlerProcessing/processDecoded    22,034 ns/op   4,320 B/op   35.0 allocs/op
  [2/4]  bench  TxHandlerProcessing/processDecoded    22,379 ns/op   4,320 B/op   35.0 allocs/op
  [3/4]  bench  TxHandlerProcessing/processDecoded    22,887 ns/op   4,320 B/op   35.0 allocs/op
  [4/4]  bench  TxHandlerProcessing/processDecoded    23,114 ns/op ±4%   4,320 B/op   35.0 allocs/op    7.03s
  [1/4]  bench  TxHandlerProcessing/verify.TxnGroup   43,663 ns/op   11,328 B/op   16.0 allocs/op
  [2/4]  bench  TxHandlerProcessing/verify.TxnGroup   43,572 ns/op   11,328 B/op   16.0 allocs/op
  [3/4]  bench  TxHandlerProcessing/verify.TxnGroup   43,443 ns/op   11,328 B/op   16.0 allocs/op
  [4/4]  bench  TxHandlerProcessing/verify.TxnGroup   43,868 ns/op ±2%   11,328 B/op   16.0 allocs/op    6.68s
  [1/4]  bench  CompactDeltas/account-deltas          1,684,296 ns/op   4,213,868 B/op   0.000 allocs/op
  [2/4]  bench  CompactDeltas/account-deltas          1,649,782 ns/op   4,225,713 B/op   0.000 allocs/op
  [3/4]  bench  CompactDeltas/account-deltas          1,643,200 ns/op   4,228,240 B/op   0.000 allocs/op
  [4/4]  bench  CompactDeltas/account-deltas          1,637,873 ns/op ±2%   4,226,417 B/op ±0%   0.000 allocs/op    17.76s
