  [1/4]  bench  MerkleCommit/sha512_256/Item10/Count10  12,900 ns/op   5,976 B/op   107 allocs/op
  [2/4]  bench  MerkleCommit/sha512_256/Item10/Count10  12,678 ns/op   5,981 B/op   107 allocs/op
  [3/4]  bench  MerkleCommit/sha512_256/Item10/Count10  12,717 ns/op   5,980 B/op   107 allocs/op
  [4/4]  bench  MerkleCommit/sha512_256/Item10/Count10  12,657 ns/op ±2%   5,981 B/op ±0%   107 allocs/op    4s
  [1/4]  bench  MerkleCommit/sha512_256/Item10/Count100  52,497 ns/op   34,437 B/op   760 allocs/op
  [2/4]  bench  MerkleCommit/sha512_256/Item10/Count100  53,730 ns/op   34,463 B/op   760 allocs/op
  [3/4]  bench  MerkleCommit/sha512_256/Item10/Count100  54,965 ns/op   34,487 B/op   760 allocs/op
  [4/4]  bench  MerkleCommit/sha512_256/Item10/Count100  55,793 ns/op ±5%   34,494 B/op ±0%   760 allocs/op ±0%    5.36s
  [1/4]  bench  MerkleCommit/sha512_256/Item10/Count1000  261,792 ns/op   298,724 B/op   7,091 allocs/op
  [2/4]  bench  MerkleCommit/sha512_256/Item10/Count1000  264,794 ns/op   298,702 B/op   7,091 allocs/op
  [3/4]  bench  MerkleCommit/sha512_256/Item10/Count1000  264,359 ns/op   298,717 B/op   7,091 allocs/op
  [4/4]  bench  MerkleCommit/sha512_256/Item10/Count1000  264,530 ns/op ±1%   298,713 B/op ±0%   7,091 allocs/op    3.68s
  [1/4]  bench  MerkleCommit/sha512_256/Item10/Count10000  1,287,266 ns/op   2,920,322 B/op   70,183 allocs/op
  [2/4]  bench  MerkleCommit/sha512_256/Item10/Count10000  1,280,509 ns/op   2,920,349 B/op   70,183 allocs/op
  [3/4]  bench  MerkleCommit/sha512_256/Item10/Count10000  1,286,723 ns/op   2,920,256 B/op   70,182 allocs/op
  [4/4]  bench  MerkleCommit/sha512_256/Item10/Count10000  1,285,176 ns/op ±1%   2,920,285 B/op ±0%   70,183 allocs/op ±0%    4.02s
  [1/4]  bench  MerkleCommit/sha512_256/Item10/Count100000  7,869,089 ns/op   28,865,866 B/op   700,281 allocs/op
  [2/4]  bench  MerkleCommit/sha512_256/Item10/Count100000  7,941,217 ns/op   28,865,540 B/op   700,279 allocs/op
  [3/4]  bench  MerkleCommit/sha512_256/Item10/Count100000  7,976,879 ns/op   28,865,328 B/op   700,278 allocs/op
  [4/4]  bench  MerkleCommit/sha512_256/Item10/Count100000  7,951,139 ns/op ±1%   28,865,493 B/op ±0%   700,279 allocs/op ±0%    6.02s
  [1/4]  bench  MerkleCommit/sha512_256/Item1000/Count10  23,897 ns/op   16,161 B/op   108 allocs/op
  [2/4]  bench  MerkleCommit/sha512_256/Item1000/Count10  23,716 ns/op   16,163 B/op   108 allocs/op
  [3/4]  bench  MerkleCommit/sha512_256/Item1000/Count10  23,617 ns/op   16,161 B/op   108 allocs/op
  [4/4]  bench  MerkleCommit/sha512_256/Item1000/Count10  23,532 ns/op ±1%   16,163 B/op ±0%   108 allocs/op    4.27s
  [1/4]  bench  MerkleCommit/sha512_256/Item1000/Count100  96,680 ns/op   135,645 B/op   763 allocs/op
  [2/4]  bench  MerkleCommit/sha512_256/Item1000/Count100  97,657 ns/op   135,682 B/op   763 allocs/op
  [3/4]  bench  MerkleCommit/sha512_256/Item1000/Count100  98,095 ns/op   135,695 B/op   763 allocs/op
  [4/4]  bench  MerkleCommit/sha512_256/Item1000/Count100  97,812 ns/op ±1%   135,701 B/op ±0%   763 allocs/op    6.58s
  [1/4]  bench  MerkleCommit/sha512_256/Item1000/Count1000  471,909 ns/op   1,307,982 B/op   7,099 allocs/op
  [2/4]  bench  MerkleCommit/sha512_256/Item1000/Count1000  605,639 ns/op   1,307,366 B/op   7,095 allocs/op
  [3/4]  bench  MerkleCommit/sha512_256/Item1000/Count1000  637,794 ns/op   1,307,071 B/op   7,093 allocs/op
  [4/4]  bench  MerkleCommit/sha512_256/Item1000/Count1000  684,065 ns/op ±26%   1,306,887 B/op ±0%   7,092 allocs/op ±0%    4.53s
  [1/4]  bench  MerkleCommit/sha512_256/Item1000/Count10000  4,735,765 ns/op   12,997,384 B/op   70,163 allocs/op
  [2/4]  bench  MerkleCommit/sha512_256/Item1000/Count10000  4,795,677 ns/op   12,997,273 B/op   70,163 allocs/op
  [3/4]  bench  MerkleCommit/sha512_256/Item1000/Count10000  4,732,975 ns/op   12,997,449 B/op   70,164 allocs/op
  [4/4]  bench  MerkleCommit/sha512_256/Item1000/Count10000  4,694,327 ns/op ±3%   12,997,449 B/op ±0%   70,164 allocs/op ±0%    4.99s
  [1/4]  bench  MerkleCommit/sha512_256/Item1000/Count100000  39,171,188 ns/op   129,659,349 B/op   700,237 allocs/op
  [2/4]  bench  MerkleCommit/sha512_256/Item1000/Count100000  38,273,452 ns/op   129,659,300 B/op   700,237 allocs/op
  [3/4]  bench  MerkleCommit/sha512_256/Item1000/Count100000  38,163,844 ns/op   129,659,488 B/op   700,238 allocs/op
  [4/4]  bench  MerkleCommit/sha512_256/Item1000/Count100000  38,235,362 ns/op ±2%   129,659,347 B/op ±0%   700,238 allocs/op ±0%    3.87s
  [1/4]  bench  MerkleCommit/sha512_256/Item100000/Count10  453,733 ns/op   1,071,989 B/op   115 allocs/op
  [2/4]  bench  MerkleCommit/sha512_256/Item100000/Count10  459,295 ns/op   1,071,931 B/op   115 allocs/op
  [3/4]  bench  MerkleCommit/sha512_256/Item100000/Count10  458,799 ns/op   1,071,938 B/op   115 allocs/op
  [4/4]  bench  MerkleCommit/sha512_256/Item100000/Count10  467,279 ns/op ±4%   1,071,928 B/op ±0%   115 allocs/op ±0%    3.82s
  [1/4]  bench  MerkleCommit/sha512_256/Item100000/Count100  3,133,985 ns/op   10,685,128 B/op   777 allocs/op
  [2/4]  bench  MerkleCommit/sha512_256/Item100000/Count100  3,131,811 ns/op   10,685,083 B/op   777 allocs/op
  [3/4]  bench  MerkleCommit/sha512_256/Item100000/Count100  3,047,413 ns/op   10,685,081 B/op   777 allocs/op
  [4/4]  bench  MerkleCommit/sha512_256/Item100000/Count100  3,023,678 ns/op ±4%   10,685,075 B/op ±0%   777 allocs/op    4.4s
  [1/4]  bench  MerkleCommit/sha512_256/Item100000/Count1000  21,403,292 ns/op   106,780,081 B/op   7,099 allocs/op
  [2/4]  bench  MerkleCommit/sha512_256/Item100000/Count1000  24,365,777 ns/op   106,780,067 B/op   7,098 allocs/op
  [3/4]  bench  MerkleCommit/sha512_256/Item100000/Count1000  24,250,184 ns/op   106,780,036 B/op   7,098 allocs/op
  [4/4]  bench  MerkleCommit/sha512_256/Item100000/Count1000  23,898,633 ns/op ±12%   106,780,056 B/op ±0%   7,098 allocs/op ±0%    3.37s
  [1/4]  bench  MerkleCommit/sha512_256/Item100000/Count10000  156,942,494 ns/op   1,067,718,664 B/op   70,164 allocs/op
  [2/4]  bench  MerkleCommit/sha512_256/Item100000/Count10000  166,852,772 ns/op   1,067,718,692 B/op   70,164 allocs/op
  [3/4]  bench  MerkleCommit/sha512_256/Item100000/Count10000  178,324,991 ns/op   1,067,719,450 B/op   70,167 allocs/op
  [4/4]  bench  MerkleCommit/sha512_256/Item100000/Count10000  178,485,112 ns/op ±12%   1,067,719,361 B/op ±0%   70,167 allocs/op ±0%    4.22s
  [1/4]  bench  MerkleCommit/sha512_256/Item100000/Count100000  1,314,115,166 ns/op   10,676,867,032 B/op   700,274 allocs/op
  [2/4]  bench  MerkleCommit/sha512_256/Item100000/Count100000  1,415,678,250 ns/op   10,676,867,864 B/op   700,273 allocs/op
  [3/4]  bench  MerkleCommit/sha512_256/Item100000/Count100000  1,415,886,041 ns/op   10,676,867,709 B/op   700,272 allocs/op
  [4/4]  bench  MerkleCommit/sha512_256/Item100000/Count100000  1,429,749,094 ns/op ±7%   10,676,868,016 B/op ±0%   700,273 allocs/op ±0%    4.41s
  [1/4]  bench  MerkleCommit/sumhash/Item10/Count10   59,144 ns/op   16,439 B/op   214 allocs/op
  [2/4]  bench  MerkleCommit/sumhash/Item10/Count10   62,346 ns/op   16,428 B/op   214 allocs/op
  [3/4]  bench  MerkleCommit/sumhash/Item10/Count10   63,977 ns/op   16,420 B/op   213 allocs/op
  [4/4]  bench  MerkleCommit/sumhash/Item10/Count10   63,362 ns/op ±6%   16,423 B/op ±0%   214 allocs/op ±0%    5.52s
  [1/4]  bench  MerkleCommit/sumhash/Item10/Count100  341,470 ns/op   133,205 B/op   1,705 allocs/op
  [2/4]  bench  MerkleCommit/sumhash/Item10/Count100  334,880 ns/op   133,233 B/op   1,706 allocs/op
  [3/4]  bench  MerkleCommit/sumhash/Item10/Count100  344,835 ns/op   133,206 B/op   1,705 allocs/op
  [4/4]  bench  MerkleCommit/sumhash/Item10/Count100  342,818 ns/op ±5%   133,214 B/op ±0%   1,705 allocs/op ±0%    4.62s
  [1/4]  bench  MerkleCommit/sumhash/Item10/Count1000  1,769,295 ns/op   1,264,429 B/op   16,193 allocs/op
  [2/4]  bench  MerkleCommit/sumhash/Item10/Count1000  1,974,958 ns/op   1,264,328 B/op   16,192 allocs/op
  [3/4]  bench  MerkleCommit/sumhash/Item10/Count1000  1,945,720 ns/op   1,264,386 B/op   16,193 allocs/op
  [4/4]  bench  MerkleCommit/sumhash/Item10/Count1000  1,914,790 ns/op ±11%   1,264,441 B/op ±0%   16,193 allocs/op ±0%    4.26s
  [1/4]  bench  MerkleCommit/sumhash/Item10/Count10000  11,290,140 ns/op   12,530,360 B/op   160,378 allocs/op
  [2/4]  bench  MerkleCommit/sumhash/Item10/Count10000  10,907,952 ns/op   12,530,032 B/op   160,374 allocs/op
  [3/4]  bench  MerkleCommit/sumhash/Item10/Count10000  10,726,734 ns/op   12,529,917 B/op   160,373 allocs/op
  [4/4]  bench  MerkleCommit/sumhash/Item10/Count10000  10,872,290 ns/op ±4%   12,529,782 B/op ±0%   160,372 allocs/op ±0%    3.25s
  [1/4]  bench  MerkleCommit/sumhash/Item10/Count100000  76,755,089 ns/op   124,875,770 B/op   1,600,540 allocs/op
  [2/4]  bench  MerkleCommit/sumhash/Item10/Count100000  76,465,873 ns/op   124,874,658 B/op   1,600,527 allocs/op
  [3/4]  bench  MerkleCommit/sumhash/Item10/Count100000  76,050,753 ns/op   124,874,645 B/op   1,600,527 allocs/op
  [4/4]  bench  MerkleCommit/sumhash/Item10/Count100000  76,221,847 ns/op ±1%   124,874,638 B/op ±0%   1,600,526 allocs/op ±0%    3.81s
  [1/4]  bench  MerkleCommit/sumhash/Item1000/Count10  131,907 ns/op   28,289 B/op   230 allocs/op
  [2/4]  bench  MerkleCommit/sumhash/Item1000/Count10  129,602 ns/op   28,295 B/op   230 allocs/op
  [3/4]  bench  MerkleCommit/sumhash/Item1000/Count10  130,004 ns/op   28,291 B/op   230 allocs/op
  [4/4]  bench  MerkleCommit/sumhash/Item1000/Count10  132,062 ns/op ±4%   28,289 B/op ±0%   230 allocs/op ±0%    4.75s
  [1/4]  bench  MerkleCommit/sumhash/Item1000/Count100  739,179 ns/op   248,138 B/op   1,821 allocs/op
  [2/4]  bench  MerkleCommit/sumhash/Item1000/Count100  722,871 ns/op   248,125 B/op   1,821 allocs/op
  [3/4]  bench  MerkleCommit/sumhash/Item1000/Count100  716,353 ns/op   248,139 B/op   1,821 allocs/op
  [4/4]  bench  MerkleCommit/sumhash/Item1000/Count100  723,649 ns/op ±3%   248,148 B/op ±0%   1,821 allocs/op ±0%    4.02s
  [1/4]  bench  MerkleCommit/sumhash/Item1000/Count1000  3,972,313 ns/op   2,401,249 B/op   17,202 allocs/op
  [2/4]  bench  MerkleCommit/sumhash/Item1000/Count1000  4,075,142 ns/op   2,400,994 B/op   17,200 allocs/op
  [3/4]  bench  MerkleCommit/sumhash/Item1000/Count1000  4,058,491 ns/op   2,401,059 B/op   17,200 allocs/op
  [4/4]  bench  MerkleCommit/sumhash/Item1000/Count1000  4,178,700 ns/op ±7%   2,400,980 B/op ±0%   17,200 allocs/op ±0%    4.9s
  [1/4]  bench  MerkleCommit/sumhash/Item1000/Count10000  32,711,655 ns/op   23,890,271 B/op   170,377 allocs/op
  [2/4]  bench  MerkleCommit/sumhash/Item1000/Count10000  31,787,649 ns/op   23,890,153 B/op   170,376 allocs/op
  [3/4]  bench  MerkleCommit/sumhash/Item1000/Count10000  32,439,397 ns/op   23,889,908 B/op   170,373 allocs/op
  [4/4]  bench  MerkleCommit/sumhash/Item1000/Count10000  31,559,414 ns/op ±8%   23,889,809 B/op ±0%   170,372 allocs/op ±0%    3.69s
  [1/4]  bench  MerkleCommit/sumhash/Item1000/Count100000  278,085,875 ns/op   238,473,404 B/op   1,700,510 allocs/op
  [2/4]  bench  MerkleCommit/sumhash/Item1000/Count100000  285,994,867 ns/op   238,473,645 B/op   1,700,513 allocs/op
  [3/4]  bench  MerkleCommit/sumhash/Item1000/Count100000  273,538,942 ns/op   238,473,919 B/op   1,700,516 allocs/op
  [4/4]  bench  MerkleCommit/sumhash/Item1000/Count100000  275,948,961 ns/op ±8%   238,474,462 B/op ±0%   1,700,523 allocs/op ±0%    7.74s
  [1/4]  bench  MerkleCommit/sumhash/Item100000/Count10  3,479,075 ns/op   1,084,866 B/op   251 allocs/op
  [2/4]  bench  MerkleCommit/sumhash/Item100000/Count10  3,493,080 ns/op   1,084,744 B/op   250 allocs/op
  [3/4]  bench  MerkleCommit/sumhash/Item100000/Count10  3,429,274 ns/op   1,084,740 B/op   250 allocs/op
  [4/4]  bench  MerkleCommit/sumhash/Item100000/Count10  3,416,215 ns/op ±3%   1,084,722 B/op ±0%   250 allocs/op ±0%    6.72s
  [1/4]  bench  MerkleCommit/sumhash/Item100000/Count100  25,916,448 ns/op   10,796,953 B/op   1,839 allocs/op
  [2/4]  bench  MerkleCommit/sumhash/Item100000/Count100  24,560,374 ns/op   10,796,830 B/op   1,838 allocs/op
  [3/4]  bench  MerkleCommit/sumhash/Item100000/Count100  24,757,758 ns/op   10,796,754 B/op   1,837 allocs/op
  [4/4]  bench  MerkleCommit/sumhash/Item100000/Count100  24,653,798 ns/op ±6%   10,796,772 B/op ±0%   1,837 allocs/op ±0%    3.47s
  [1/4]  bench  MerkleCommit/sumhash/Item100000/Count1000  219,328,090 ns/op   107,872,285 B/op   17,190 allocs/op
  [2/4]  bench  MerkleCommit/sumhash/Item100000/Count1000  201,440,059 ns/op   107,872,571 B/op   17,193 allocs/op
  [3/4]  bench  MerkleCommit/sumhash/Item100000/Count1000  194,949,396 ns/op   107,872,509 B/op   17,192 allocs/op
  [4/4]  bench  MerkleCommit/sumhash/Item100000/Count1000  196,371,962 ns/op ±10%   107,872,906 B/op ±0%   17,197 allocs/op ±0%    5.48s
  [1/4]  bench  MerkleCommit/sumhash/Item100000/Count10000  1,873,659,375 ns/op   1,078,611,144 B/op   170,370 allocs/op
  [2/4]  bench  MerkleCommit/sumhash/Item100000/Count10000  1,813,726,771 ns/op   1,078,611,392 B/op   170,376 allocs/op
  [3/4]  bench  MerkleCommit/sumhash/Item100000/Count10000  1,789,207,278 ns/op   1,078,611,059 B/op   170,371 allocs/op
  [4/4]  bench  MerkleCommit/sumhash/Item100000/Count10000  1,757,231,209 ns/op ±6%   1,078,611,334 B/op ±0%   170,375 allocs/op ±0%    5.15s
  [1/4]  bench  MerkleCommit/sumhash/Item100000/Count100000  18,149,525,041 ns/op   10,785,690,808 B/op   1,700,576 allocs/op
  [2/4]  bench  MerkleCommit/sumhash/Item100000/Count100000  18,317,724,729 ns/op   10,785,690,812 B/op   1,700,577 allocs/op
  [3/4]  bench  MerkleCommit/sumhash/Item100000/Count100000  18,376,037,528 ns/op   10,785,690,997 B/op   1,700,583 allocs/op
  [4/4]  bench  MerkleCommit/sumhash/Item100000/Count100000  18,262,414,167 ns/op ±2%   10,785,690,898 B/op ±0%   1,700,580 allocs/op ±0%    54.9s
  [1/4]  bench  MerkleCommit/sha256/Item10/Count10    9,443 ns/op   5,412 B/op   107 allocs/op
  [2/4]  bench  MerkleCommit/sha256/Item10/Count10    9,739 ns/op   5,412 B/op   107 allocs/op
  [3/4]  bench  MerkleCommit/sha256/Item10/Count10    9,984 ns/op   5,411 B/op   107 allocs/op
  [4/4]  bench  MerkleCommit/sha256/Item10/Count10    10,020 ns/op ±5%   5,411 B/op ±0%   107 allocs/op    3.84s
  [1/4]  bench  MerkleCommit/sha256/Item10/Count100   52,179 ns/op   33,152 B/op   757 allocs/op
  [2/4]  bench  MerkleCommit/sha256/Item10/Count100   51,262 ns/op   33,160 B/op   757 allocs/op
  [3/4]  bench  MerkleCommit/sha256/Item10/Count100   52,304 ns/op   33,154 B/op   757 allocs/op
  [4/4]  bench  MerkleCommit/sha256/Item10/Count100   53,086 ns/op ±5%   33,158 B/op ±0%   757 allocs/op    5.22s
  [1/4]  bench  MerkleCommit/sha256/Item10/Count1000  281,067 ns/op   295,360 B/op   7,079 allocs/op
  [2/4]  bench  MerkleCommit/sha256/Item10/Count1000  285,604 ns/op   295,355 B/op   7,079 allocs/op
  [3/4]  bench  MerkleCommit/sha256/Item10/Count1000  282,945 ns/op   295,370 B/op   7,079 allocs/op
  [4/4]  bench  MerkleCommit/sha256/Item10/Count1000  287,397 ns/op ±4%   295,367 B/op ±0%   7,079 allocs/op ±0%    3.54s
  [1/4]  bench  MerkleCommit/sha256/Item10/Count10000  1,854,915 ns/op   2,911,998 B/op   70,153 allocs/op
  [2/4]  bench  MerkleCommit/sha256/Item10/Count10000  1,855,765 ns/op   2,911,852 B/op   70,152 allocs/op
  [3/4]  bench  MerkleCommit/sha256/Item10/Count10000  1,849,396 ns/op   2,911,843 B/op   70,151 allocs/op
  [4/4]  bench  MerkleCommit/sha256/Item10/Count10000  1,858,894 ns/op ±1%   2,911,871 B/op ±0%   70,152 allocs/op ±0%    4.26s
  [1/4]  bench  MerkleCommit/sha256/Item10/Count100000  11,002,384 ns/op   28,851,288 B/op   700,230 allocs/op
  [2/4]  bench  MerkleCommit/sha256/Item10/Count100000  10,754,133 ns/op   28,851,291 B/op   700,230 allocs/op
  [3/4]  bench  MerkleCommit/sha256/Item10/Count100000  10,823,683 ns/op   28,851,236 B/op   700,229 allocs/op
  [4/4]  bench  MerkleCommit/sha256/Item10/Count100000  10,808,890 ns/op ±2%   28,851,369 B/op ±0%   700,231 allocs/op ±0%    4.09s
  [1/4]  bench  MerkleCommit/sha256/Item1000/Count10  20,227 ns/op   15,502 B/op   107 allocs/op
  [2/4]  bench  MerkleCommit/sha256/Item1000/Count10  20,681 ns/op   15,503 B/op   107 allocs/op
  [3/4]  bench  MerkleCommit/sha256/Item1000/Count10  20,879 ns/op   15,502 B/op   107 allocs/op
  [4/4]  bench  MerkleCommit/sha256/Item1000/Count10  20,824 ns/op ±3%   15,503 B/op ±0%   107 allocs/op    4.34s
  [1/4]  bench  MerkleCommit/sha256/Item1000/Count100  117,164 ns/op   134,153 B/op   759 allocs/op
  [2/4]  bench  MerkleCommit/sha256/Item1000/Count100  105,753 ns/op   134,147 B/op   759 allocs/op
  [3/4]  bench  MerkleCommit/sha256/Item1000/Count100  102,121 ns/op   134,146 B/op   759 allocs/op
  [4/4]  bench  MerkleCommit/sha256/Item1000/Count100  101,741 ns/op ±11%   134,146 B/op ±0%   759 allocs/op    5.11s
  [1/4]  bench  MerkleCommit/sha256/Item1000/Count1000  593,110 ns/op   1,304,153 B/op   7,087 allocs/op
  [2/4]  bench  MerkleCommit/sha256/Item1000/Count1000  589,455 ns/op   1,304,161 B/op   7,087 allocs/op
  [3/4]  bench  MerkleCommit/sha256/Item1000/Count1000  596,973 ns/op   1,304,130 B/op   7,087 allocs/op
  [4/4]  bench  MerkleCommit/sha256/Item1000/Count1000  593,068 ns/op ±3%   1,304,149 B/op ±0%   7,087 allocs/op ±0%    3.87s
  [1/4]  bench  MerkleCommit/sha256/Item1000/Count10000  4,047,072 ns/op   12,993,094 B/op   70,163 allocs/op
  [2/4]  bench  MerkleCommit/sha256/Item1000/Count10000  4,260,448 ns/op   12,992,982 B/op   70,162 allocs/op
  [3/4]  bench  MerkleCommit/sha256/Item1000/Count10000  4,158,736 ns/op   12,993,031 B/op   70,163 allocs/op
  [4/4]  bench  MerkleCommit/sha256/Item1000/Count10000  4,149,274 ns/op ±6%   12,992,984 B/op ±0%   70,162 allocs/op ±0%    4.96s
  [1/4]  bench  MerkleCommit/sha256/Item1000/Count100000  44,568,421 ns/op   129,649,956 B/op   700,216 allocs/op
  [2/4]  bench  MerkleCommit/sha256/Item1000/Count100000  42,793,857 ns/op   129,650,693 B/op   700,223 allocs/op
  [3/4]  bench  MerkleCommit/sha256/Item1000/Count100000  41,477,715 ns/op   129,651,056 B/op   700,227 allocs/op
  [4/4]  bench  MerkleCommit/sha256/Item1000/Count100000  41,513,743 ns/op ±7%   129,651,018 B/op ±0%   700,226 allocs/op ±0%    4.29s
  [1/4]  bench  MerkleCommit/sha256/Item100000/Count10  348,191 ns/op   1,070,956 B/op   114 allocs/op
  [2/4]  bench  MerkleCommit/sha256/Item100000/Count10  361,265 ns/op   1,070,930 B/op   114 allocs/op
  [3/4]  bench  MerkleCommit/sha256/Item100000/Count10  362,945 ns/op   1,070,932 B/op   113 allocs/op
  [4/4]  bench  MerkleCommit/sha256/Item100000/Count10  360,234 ns/op ±4%   1,070,941 B/op ±0%   114 allocs/op ±0%    4.02s
  [1/4]  bench  MerkleCommit/sha256/Item100000/Count100  2,257,178 ns/op   10,683,246 B/op   777 allocs/op
  [2/4]  bench  MerkleCommit/sha256/Item100000/Count100  2,276,325 ns/op   10,683,240 B/op   777 allocs/op
  [3/4]  bench  MerkleCommit/sha256/Item100000/Count100  2,240,243 ns/op   10,683,242 B/op   777 allocs/op
  [4/4]  bench  MerkleCommit/sha256/Item100000/Count100  2,278,009 ns/op ±5%   10,683,228 B/op ±0%   777 allocs/op ±0%    4.37s
  [1/4]  bench  MerkleCommit/sha256/Item100000/Count1000  19,749,505 ns/op   106,777,704 B/op   7,098 allocs/op
  [2/4]  bench  MerkleCommit/sha256/Item100000/Count1000  18,667,074 ns/op   106,777,614 B/op   7,098 allocs/op
  [3/4]  bench  MerkleCommit/sha256/Item100000/Count1000  18,662,318 ns/op   106,777,695 B/op   7,098 allocs/op
  [4/4]  bench  MerkleCommit/sha256/Item100000/Count1000  18,445,505 ns/op ±6%   106,777,637 B/op ±0%   7,098 allocs/op ±0%    6.16s
  [1/4]  bench  MerkleCommit/sha256/Item100000/Count10000  159,182,171 ns/op   1,067,715,366 B/op   70,162 allocs/op
  [2/4]  bench  MerkleCommit/sha256/Item100000/Count10000  152,081,427 ns/op   1,067,715,422 B/op   70,165 allocs/op
  [3/4]  bench  MerkleCommit/sha256/Item100000/Count10000  216,979,946 ns/op   1,067,714,764 B/op   70,163 allocs/op
  [4/4]  bench  MerkleCommit/sha256/Item100000/Count10000  201,486,635 ns/op ±50%   1,067,714,464 B/op ±0%   70,162 allocs/op ±0%    6.41s
  [1/4]  bench  MerkleCommit/sha256/Item100000/Count100000  1,452,170,791 ns/op   10,676,857,912 B/op   700,268 allocs/op
  [2/4]  bench  MerkleCommit/sha256/Item100000/Count100000  1,399,320,479 ns/op   10,676,855,400 B/op   700,250 allocs/op
  [3/4]  bench  MerkleCommit/sha256/Item100000/Count100000  1,297,246,083 ns/op   10,676,855,811 B/op   700,246 allocs/op
  [4/4]  bench  MerkleCommit/sha256/Item100000/Count100000  1,289,078,188 ns/op ±14%   10,676,855,572 B/op ±0%   700,244 allocs/op ±0%    3.72s
  [1/4]  bench  AppendMsgBlockHeader                  33.5 ns/op   29.9 MB/s   0.000 B/op   0.000 allocs/op
  [2/4]  bench  AppendMsgBlockHeader                  33.4 ns/op   29.9 MB/s   0.000 B/op   0.000 allocs/op
  [3/4]  bench  AppendMsgBlockHeader                  36.9 ns/op   27.5 MB/s   0.000 B/op   0.000 allocs/op
  [4/4]  bench  AppendMsgBlockHeader                  36.3 ns/op ±15%   27.9 MB/s ±13%   0.000 B/op   0.000 allocs/op    4.07s
  [1/4]  bench  AppendMsgSignedTxn                    81.7 ns/op   12.2 MB/s   0.000 B/op   0.000 allocs/op
  [2/4]  bench  AppendMsgSignedTxn                    82.2 ns/op   12.2 MB/s   0.000 B/op   0.000 allocs/op
  [3/4]  bench  AppendMsgSignedTxn                    80.6 ns/op   12.4 MB/s   0.000 B/op   0.000 allocs/op
  [4/4]  bench  AppendMsgSignedTxn                    80.7 ns/op ±3%   12.4 MB/s ±3%   0.000 B/op   0.000 allocs/op    4.81s
  [1/4]  bench  PaysetGroups                          8,747 ns/op   85,354 B/op   8.00 allocs/op
  [2/4]  bench  PaysetGroups                          8,320 ns/op   82,069 B/op   8.00 allocs/op
  [3/4]  bench  PaysetGroups                          8,665 ns/op   82,740 B/op   8.00 allocs/op
  [4/4]  bench  PaysetGroups                          8,866 ns/op ±9%   78,958 B/op ±11%   8.00 allocs/op    17.6s
  [1/4]  bench  Txn                                   45,825 ns/op   9,405 B/op   12.0 allocs/op
  [2/4]  bench  Txn                                   46,548 ns/op   9,404 B/op   12.0 allocs/op
  [3/4]  bench  Txn                                   47,124 ns/op   9,405 B/op   12.0 allocs/op
  [4/4]  bench  Txn                                   46,614 ns/op ±3%   9,405 B/op ±0%   12.0 allocs/op    9.5s
  [1/4]  bench  TxHandlerProcessing/processDecoded    21,419 ns/op   4,320 B/op   35.0 allocs/op
  [2/4]  bench  TxHandlerProcessing/processDecoded    22,365 ns/op   4,320 B/op   35.0 allocs/op
  [3/4]  bench  TxHandlerProcessing/processDecoded    23,218 ns/op   4,320 B/op   35.0 allocs/op
  [4/4]  bench  TxHandlerProcessing/processDecoded    23,376 ns/op ±7%   4,320 B/op   35.0 allocs/op    7.87s
  [1/4]  bench  TxHandlerProcessing/verify.TxnGroup   43,890 ns/op   11,328 B/op   16.0 allocs/op
  [2/4]  bench  TxHandlerProcessing/verify.TxnGroup   43,582 ns/op   11,328 B/op   16.0 allocs/op
  [3/4]  bench  TxHandlerProcessing/verify.TxnGroup   43,484 ns/op   11,328 B/op   16.0 allocs/op
  [4/4]  bench  TxHandlerProcessing/verify.TxnGroup   43,609 ns/op ±1%   11,328 B/op   16.0 allocs/op    6.63s
  [1/4]  bench  CompactDeltas/account-deltas          2,021,404 ns/op   4,225,686 B/op   0.000 allocs/op
  [2/4]  bench  CompactDeltas/account-deltas          1,881,664 ns/op   4,221,650 B/op   0.000 allocs/op
  [3/4]  bench  CompactDeltas/account-deltas          1,797,002 ns/op   4,220,526 B/op   0.000 allocs/op
  [4/4]  bench  CompactDeltas/account-deltas          1,811,066 ns/op ±11%   4,219,964 B/op ±0%   0.000 allocs/op    18.16s
