  [1/4]  bench  MerkleCommit/sha512_256/Item10/Count10  13,034 ns/op   5,974 B/op   107 allocs/op
  [2/4]  bench  MerkleCommit/sha512_256/Item10/Count10  13,017 ns/op   5,978 B/op   107 allocs/op
  [3/4]  bench  MerkleCommit/sha512_256/Item10/Count10  13,039 ns/op   5,978 B/op   107 allocs/op
  [4/4]  bench  MerkleCommit/sha512_256/Item10/Count10  13,321 ns/op ±4%   5,978 B/op ±0%   107 allocs/op    4.03s
  [1/4]  bench  MerkleCommit/sha512_256/Item10/Count100  56,475 ns/op   34,526 B/op   760 allocs/op
  [2/4]  bench  MerkleCommit/sha512_256/Item10/Count100  56,552 ns/op   34,524 B/op   760 allocs/op
  [3/4]  bench  MerkleCommit/sha512_256/Item10/Count100  56,306 ns/op   34,519 B/op   760 allocs/op
  [4/4]  bench  MerkleCommit/sha512_256/Item10/Count100  56,000 ns/op ±1%   34,520 B/op ±0%   760 allocs/op    5.29s
  [1/4]  bench  MerkleCommit/sha512_256/Item10/Count1000  262,440 ns/op   298,682 B/op   7,091 allocs/op
  [2/4]  bench  MerkleCommit/sha512_256/Item10/Count1000  261,944 ns/op   298,705 B/op   7,091 allocs/op
  [3/4]  bench  MerkleCommit/sha512_256/Item10/Count1000  267,993 ns/op   298,658 B/op   7,091 allocs/op
  [4/4]  bench  MerkleCommit/sha512_256/Item10/Count1000  267,255 ns/op ±3%   298,662 B/op ±0%   7,091 allocs/op ±0%    3.73s
  [1/4]  bench  MerkleCommit/sha512_256/Item10/Count10000  1,295,942 ns/op   2,919,984 B/op   70,180 allocs/op
  [2/4]  bench  MerkleCommit/sha512_256/Item10/Count10000  1,280,606 ns/op   2,920,093 B/op   70,181 allocs/op
  [3/4]  bench  MerkleCommit/sha512_256/Item10/Count10000  1,280,993 ns/op   2,920,070 B/op   70,181 allocs/op
  [4/4]  bench  MerkleCommit/sha512_256/Item10/Count10000  1,312,654 ns/op ±5%   2,919,947 B/op ±0%   70,180 allocs/op ±0%    4.13s
  [1/4]  bench  MerkleCommit/sha512_256/Item10/Count100000  9,068,582 ns/op   28,863,712 B/op   700,267 allocs/op
  [2/4]  bench  MerkleCommit/sha512_256/Item10/Count100000  8,760,583 ns/op   28,864,100 B/op   700,270 allocs/op
  [3/4]  bench  MerkleCommit/sha512_256/Item10/Count100000  8,464,847 ns/op   28,864,607 B/op   700,273 allocs/op
  [4/4]  bench  MerkleCommit/sha512_256/Item10/Count100000  8,306,872 ns/op ±7%   28,864,871 B/op ±0%   700,275 allocs/op ±0%    6.02s
  [1/4]  bench  MerkleCommit/sha512_256/Item1000/Count10  23,316 ns/op   16,159 B/op   108 allocs/op
  [2/4]  bench  MerkleCommit/sha512_256/Item1000/Count10  23,329 ns/op   16,160 B/op   108 allocs/op
  [3/4]  bench  MerkleCommit/sha512_256/Item1000/Count10  27,995 ns/op   16,129 B/op   108 allocs/op
  [4/4]  bench  MerkleCommit/sha512_256/Item1000/Count10  26,273 ns/op ±31%   16,133 B/op ±0%   108 allocs/op ±0%    4.96s
  [1/4]  bench  MerkleCommit/sha512_256/Item1000/Count100  101,726 ns/op   135,565 B/op   762 allocs/op
  [2/4]  bench  MerkleCommit/sha512_256/Item1000/Count100  107,994 ns/op   135,476 B/op   762 allocs/op
  [3/4]  bench  MerkleCommit/sha512_256/Item1000/Count100  104,325 ns/op   135,512 B/op   762 allocs/op
  [4/4]  bench  MerkleCommit/sha512_256/Item1000/Count100  104,267 ns/op ±8%   135,508 B/op ±0%   762 allocs/op ±0%    5.63s
  [1/4]  bench  MerkleCommit/sha512_256/Item1000/Count1000  523,420 ns/op   1,307,583 B/op   7,096 allocs/op
  [2/4]  bench  MerkleCommit/sha512_256/Item1000/Count1000  585,234 ns/op   1,307,345 B/op   7,095 allocs/op
  [3/4]  bench  MerkleCommit/sha512_256/Item1000/Count1000  585,390 ns/op   1,307,241 B/op   7,094 allocs/op
  [4/4]  bench  MerkleCommit/sha512_256/Item1000/Count1000  576,432 ns/op ±11%   1,307,270 B/op ±0%   7,094 allocs/op ±0%    3.85s
  [1/4]  bench  MerkleCommit/sha512_256/Item1000/Count10000  3,183,678 ns/op   12,999,530 B/op   70,177 allocs/op
  [2/4]  bench  MerkleCommit/sha512_256/Item1000/Count10000  3,403,825 ns/op   12,999,312 B/op   70,176 allocs/op
  [3/4]  bench  MerkleCommit/sha512_256/Item1000/Count10000  3,348,389 ns/op   12,999,358 B/op   70,176 allocs/op
  [4/4]  bench  MerkleCommit/sha512_256/Item1000/Count10000  3,295,980 ns/op ±7%   12,999,478 B/op ±0%   70,177 allocs/op ±0%    4.54s
  [1/4]  bench  MerkleCommit/sha512_256/Item1000/Count100000  29,622,326 ns/op   129,664,843 B/op   700,274 allocs/op
  [2/4]  bench  MerkleCommit/sha512_256/Item1000/Count100000  29,732,687 ns/op   129,664,591 B/op   700,272 allocs/op
  [3/4]  bench  MerkleCommit/sha512_256/Item1000/Count100000  29,607,928 ns/op   129,664,664 B/op   700,272 allocs/op
  [4/4]  bench  MerkleCommit/sha512_256/Item1000/Count100000  29,661,252 ns/op ±1%   129,664,526 B/op ±0%   700,271 allocs/op ±0%    3.65s
  [1/4]  bench  MerkleCommit/sha512_256/Item100000/Count10  323,972 ns/op   1,072,316 B/op   117 allocs/op
  [2/4]  bench  MerkleCommit/sha512_256/Item100000/Count10  325,388 ns/op   1,072,312 B/op   117 allocs/op
  [3/4]  bench  MerkleCommit/sha512_256/Item100000/Count10  327,669 ns/op   1,072,309 B/op   117 allocs/op
  [4/4]  bench  MerkleCommit/sha512_256/Item100000/Count10  326,942 ns/op ±1%   1,072,312 B/op ±0%   117 allocs/op    3.59s
  [1/4]  bench  MerkleCommit/sha512_256/Item100000/Count100  2,046,077 ns/op   10,685,610 B/op   780 allocs/op
  [2/4]  bench  MerkleCommit/sha512_256/Item100000/Count100  2,033,829 ns/op   10,685,610 B/op   780 allocs/op
  [3/4]  bench  MerkleCommit/sha512_256/Item100000/Count100  2,045,321 ns/op   10,685,605 B/op   780 allocs/op
  [4/4]  bench  MerkleCommit/sha512_256/Item100000/Count100  2,044,513 ns/op ±1%   10,685,621 B/op ±0%   780 allocs/op ±0%    4.14s
  [1/4]  bench  MerkleCommit/sha512_256/Item100000/Count1000  17,968,937 ns/op   106,781,934 B/op   7,110 allocs/op
  [2/4]  bench  MerkleCommit/sha512_256/Item100000/Count1000  17,881,529 ns/op   106,781,964 B/op   7,110 allocs/op
  [3/4]  bench  MerkleCommit/sha512_256/Item100000/Count1000  17,958,009 ns/op   106,781,992 B/op   7,110 allocs/op
  [4/4]  bench  MerkleCommit/sha512_256/Item100000/Count1000  18,077,389 ns/op ±2%   106,782,012 B/op ±0%   7,110 allocs/op ±0%    3.39s
  [1/4]  bench  MerkleCommit/sha512_256/Item100000/Count10000  170,878,930 ns/op   1,067,731,800 B/op   70,235 allocs/op
  [2/4]  bench  MerkleCommit/sha512_256/Item100000/Count10000  164,432,897 ns/op   1,067,730,326 B/op   70,227 allocs/op
  [3/4]  bench  MerkleCommit/sha512_256/Item100000/Count10000  167,736,466 ns/op   1,067,730,435 B/op   70,227 allocs/op
  [4/4]  bench  MerkleCommit/sha512_256/Item100000/Count10000  167,872,184 ns/op ±5%   1,067,730,653 B/op ±0%   70,228 allocs/op ±0%    5.12s
  [1/4]  bench  MerkleCommit/sha512_256/Item100000/Count100000  1,355,295,416 ns/op   10,676,910,504 B/op   700,508 allocs/op
  [2/4]  bench  MerkleCommit/sha512_256/Item100000/Count100000  1,311,766,771 ns/op   10,676,906,816 B/op   700,494 allocs/op
  [3/4]  bench  MerkleCommit/sha512_256/Item100000/Count100000  1,331,461,361 ns/op   10,676,902,269 B/op   700,447 allocs/op
  [4/4]  bench  MerkleCommit/sha512_256/Item100000/Count100000  1,330,072,979 ns/op ±4%   10,676,903,732 B/op ±0%   700,458 allocs/op ±0%    3.96s
  [1/4]  bench  MerkleCommit/sumhash/Item10/Count10   49,049 ns/op   16,575 B/op   215 allocs/op
  [2/4]  bench  MerkleCommit/sumhash/Item10/Count10   50,080 ns/op   16,585 B/op   216 allocs/op
  [3/4]  bench  MerkleCommit/sumhash/Item10/Count10   49,289 ns/op   16,610 B/op   216 allocs/op
  [4/4]  bench  MerkleCommit/sumhash/Item10/Count10   49,351 ns/op ±3%   16,618 B/op ±0%   216 allocs/op ±0%    5.11s
  [1/4]  bench  MerkleCommit/sumhash/Item10/Count100  238,605 ns/op   134,605 B/op   1,722 allocs/op
  [2/4]  bench  MerkleCommit/sumhash/Item10/Count100  236,534 ns/op   134,651 B/op   1,723 allocs/op
  [3/4]  bench  MerkleCommit/sumhash/Item10/Count100  236,607 ns/op   134,654 B/op   1,722 allocs/op
  [4/4]  bench  MerkleCommit/sumhash/Item10/Count100  236,352 ns/op ±1%   134,655 B/op ±0%   1,722 allocs/op ±0%    3.6s
  [1/4]  bench  MerkleCommit/sumhash/Item10/Count1000  1,052,241 ns/op   1,268,441 B/op   16,241 allocs/op
  [2/4]  bench  MerkleCommit/sumhash/Item10/Count1000  1,051,305 ns/op   1,268,307 B/op   16,240 allocs/op
  [3/4]  bench  MerkleCommit/sumhash/Item10/Count1000  1,080,545 ns/op   1,268,186 B/op   16,238 allocs/op
  [4/4]  bench  MerkleCommit/sumhash/Item10/Count1000  1,154,267 ns/op ±14%   1,267,650 B/op ±0%   16,232 allocs/op ±0%    4.32s
  [1/4]  bench  MerkleCommit/sumhash/Item10/Count10000  10,587,937 ns/op   12,529,260 B/op   160,366 allocs/op
  [2/4]  bench  MerkleCommit/sumhash/Item10/Count10000  10,720,316 ns/op   12,529,349 B/op   160,367 allocs/op
  [3/4]  bench  MerkleCommit/sumhash/Item10/Count10000  10,526,093 ns/op   12,529,460 B/op   160,368 allocs/op
  [4/4]  bench  MerkleCommit/sumhash/Item10/Count10000  10,682,606 ns/op ±5%   12,529,235 B/op ±0%   160,366 allocs/op ±0%    3.24s
  [1/4]  bench  MerkleCommit/sumhash/Item10/Count100000  73,689,383 ns/op   124,875,961 B/op   1,600,542 allocs/op
  [2/4]  bench  MerkleCommit/sumhash/Item10/Count100000  75,601,817 ns/op   124,875,725 B/op   1,600,540 allocs/op
  [3/4]  bench  MerkleCommit/sumhash/Item10/Count100000  75,646,193 ns/op   124,875,454 B/op   1,600,536 allocs/op
  [4/4]  bench  MerkleCommit/sumhash/Item10/Count100000  76,819,826 ns/op ±4%   124,875,335 B/op ±0%   1,600,535 allocs/op ±0%    4.66s
  [1/4]  bench  MerkleCommit/sumhash/Item1000/Count10  129,367 ns/op   28,281 B/op   229 allocs/op
  [2/4]  bench  MerkleCommit/sumhash/Item1000/Count10  131,224 ns/op   28,268 B/op   229 allocs/op
  [3/4]  bench  MerkleCommit/sumhash/Item1000/Count10  129,031 ns/op   28,266 B/op   229 allocs/op
  [4/4]  bench  MerkleCommit/sumhash/Item1000/Count10  128,880 ns/op ±3%   28,265 B/op ±0%   229 allocs/op    3.78s
  [1/4]  bench  MerkleCommit/sumhash/Item1000/Count100  681,756 ns/op   248,205 B/op   1,822 allocs/op
  [2/4]  bench  MerkleCommit/sumhash/Item1000/Count100  690,704 ns/op   248,151 B/op   1,821 allocs/op
  [3/4]  bench  MerkleCommit/sumhash/Item1000/Count100  682,567 ns/op   248,135 B/op   1,821 allocs/op
  [4/4]  bench  MerkleCommit/sumhash/Item1000/Count100  686,644 ns/op ±2%   248,127 B/op ±0%   1,821 allocs/op ±0%    3.96s
  [1/4]  bench  MerkleCommit/sumhash/Item1000/Count1000  4,068,769 ns/op   2,401,330 B/op   17,204 allocs/op
  [2/4]  bench  MerkleCommit/sumhash/Item1000/Count1000  4,121,316 ns/op   2,401,371 B/op   17,205 allocs/op
  [3/4]  bench  MerkleCommit/sumhash/Item1000/Count1000  4,211,886 ns/op   2,401,241 B/op   17,203 allocs/op
  [4/4]  bench  MerkleCommit/sumhash/Item1000/Count1000  4,183,908 ns/op ±4%   2,401,301 B/op ±0%   17,204 allocs/op ±0%    4.84s
  [1/4]  bench  MerkleCommit/sumhash/Item1000/Count10000  32,517,958 ns/op   23,890,557 B/op   170,380 allocs/op
  [2/4]  bench  MerkleCommit/sumhash/Item1000/Count10000  33,008,811 ns/op   23,890,785 B/op   170,383 allocs/op
  [3/4]  bench  MerkleCommit/sumhash/Item1000/Count10000  33,093,788 ns/op   23,890,693 B/op   170,382 allocs/op
  [4/4]  bench  MerkleCommit/sumhash/Item1000/Count10000  32,949,213 ns/op ±1%   23,890,714 B/op ±0%   170,382 allocs/op ±0%    3.55s
  [1/4]  bench  MerkleCommit/sumhash/Item1000/Count100000  268,229,354 ns/op   238,474,988 B/op   1,700,529 allocs/op
  [2/4]  bench  MerkleCommit/sumhash/Item1000/Count100000  259,897,641 ns/op   238,475,586 B/op   1,700,536 allocs/op
  [3/4]  bench  MerkleCommit/sumhash/Item1000/Count100000  263,176,601 ns/op   238,475,248 B/op   1,700,532 allocs/op
  [4/4]  bench  MerkleCommit/sumhash/Item1000/Count100000  261,254,862 ns/op ±3%   238,474,809 B/op ±0%   1,700,527 allocs/op ±0%    5.51s
  [1/4]  bench  MerkleCommit/sumhash/Item100000/Count10  3,540,904 ns/op   1,084,691 B/op   249 allocs/op
  [2/4]  bench  MerkleCommit/sumhash/Item100000/Count10  3,543,492 ns/op   1,084,659 B/op   249 allocs/op
  [3/4]  bench  MerkleCommit/sumhash/Item100000/Count10  3,528,555 ns/op   1,084,702 B/op   250 allocs/op
  [4/4]  bench  MerkleCommit/sumhash/Item100000/Count10  3,547,125 ns/op ±1%   1,084,700 B/op ±0%   250 allocs/op ±0%    4.73s
  [1/4]  bench  MerkleCommit/sumhash/Item100000/Count100  22,215,567 ns/op   10,796,894 B/op   1,839 allocs/op
  [2/4]  bench  MerkleCommit/sumhash/Item100000/Count100  23,690,447 ns/op   10,796,955 B/op   1,840 allocs/op
  [3/4]  bench  MerkleCommit/sumhash/Item100000/Count100  23,135,794 ns/op   10,796,971 B/op   1,840 allocs/op
  [4/4]  bench  MerkleCommit/sumhash/Item100000/Count100  22,802,442 ns/op ±7%   10,796,856 B/op ±0%   1,838 allocs/op ±0%    4.55s
  [1/4]  bench  MerkleCommit/sumhash/Item100000/Count1000  183,875,854 ns/op   107,872,234 B/op   17,189 allocs/op
  [2/4]  bench  MerkleCommit/sumhash/Item100000/Count1000  177,484,938 ns/op   107,872,464 B/op   17,192 allocs/op
  [3/4]  bench  MerkleCommit/sumhash/Item100000/Count1000  177,763,306 ns/op   107,872,797 B/op   17,195 allocs/op
  [4/4]  bench  MerkleCommit/sumhash/Item100000/Count1000  181,020,143 ns/op ±5%   107,872,954 B/op ±0%   17,197 allocs/op ±0%    3.79s
  [1/4]  bench  MerkleCommit/sumhash/Item100000/Count10000  1,779,390,709 ns/op   1,078,613,896 B/op   170,405 allocs/op
  [2/4]  bench  MerkleCommit/sumhash/Item100000/Count10000  1,848,385,584 ns/op   1,078,613,224 B/op   170,397 allocs/op
  [3/4]  bench  MerkleCommit/sumhash/Item100000/Count10000  1,865,847,250 ns/op   1,078,613,768 B/op   170,403 allocs/op
  [4/4]  bench  MerkleCommit/sumhash/Item100000/Count10000  1,852,365,042 ns/op ±4%   1,078,612,896 B/op ±0%   170,393 allocs/op ±0%    5.63s
  [1/4]  bench  MerkleCommit/sumhash/Item100000/Count100000  18,042,036,917 ns/op   10,785,688,000 B/op   1,700,562 allocs/op
  [2/4]  bench  MerkleCommit/sumhash/Item100000/Count100000  18,859,280,959 ns/op   10,785,685,864 B/op   1,700,530 allocs/op
  [3/4]  bench  MerkleCommit/sumhash/Item100000/Count100000  19,396,233,528 ns/op   10,785,687,605 B/op   1,700,549 allocs/op
  [4/4]  bench  MerkleCommit/sumhash/Item100000/Count100000  19,096,198,969 ns/op ±6%   10,785,688,590 B/op ±0%   1,700,560 allocs/op ±0%    58.34s
  [1/4]  bench  MerkleCommit/sha256/Item10/Count10    9,054 ns/op   5,412 B/op   107 allocs/op
  [2/4]  bench  MerkleCommit/sha256/Item10/Count10    9,266 ns/op   5,412 B/op   107 allocs/op
  [3/4]  bench  MerkleCommit/sha256/Item10/Count10    9,453 ns/op   5,412 B/op   107 allocs/op
  [4/4]  bench  MerkleCommit/sha256/Item10/Count10    9,500 ns/op ±4%   5,412 B/op ±0%   107 allocs/op    4.16s
  [1/4]  bench  MerkleCommit/sha256/Item10/Count100   50,645 ns/op   33,164 B/op   757 allocs/op
  [2/4]  bench  MerkleCommit/sha256/Item10/Count100   52,461 ns/op   33,159 B/op   757 allocs/op
  [3/4]  bench  MerkleCommit/sha256/Item10/Count100   51,697 ns/op   33,159 B/op   757 allocs/op
  [4/4]  bench  MerkleCommit/sha256/Item10/Count100   51,766 ns/op ±4%   33,157 B/op ±0%   757 allocs/op    5.22s
  [1/4]  bench  MerkleCommit/sha256/Item10/Count1000  275,892 ns/op   295,419 B/op   7,080 allocs/op
  [2/4]  bench  MerkleCommit/sha256/Item10/Count1000  287,218 ns/op   295,386 B/op   7,080 allocs/op
  [3/4]  bench  MerkleCommit/sha256/Item10/Count1000  285,739 ns/op   295,380 B/op   7,080 allocs/op
  [4/4]  bench  MerkleCommit/sha256/Item10/Count1000  288,687 ns/op ±4%   295,364 B/op ±0%   7,080 allocs/op ±0%    3.8s
  [1/4]  bench  MerkleCommit/sha256/Item10/Count10000  1,846,854 ns/op   2,911,740 B/op   70,151 allocs/op
  [2/4]  bench  MerkleCommit/sha256/Item10/Count10000  1,831,509 ns/op   2,911,722 B/op   70,151 allocs/op
  [3/4]  bench  MerkleCommit/sha256/Item10/Count10000  1,833,953 ns/op   2,911,798 B/op   70,151 allocs/op
  [4/4]  bench  MerkleCommit/sha256/Item10/Count10000  1,829,172 ns/op ±1%   2,911,838 B/op ±0%   70,152 allocs/op ±0%    4.16s
  [1/4]  bench  MerkleCommit/sha256/Item10/Count100000  10,501,645 ns/op   28,851,564 B/op   700,233 allocs/op
  [2/4]  bench  MerkleCommit/sha256/Item10/Count100000  10,653,529 ns/op   28,851,276 B/op   700,230 allocs/op
  [3/4]  bench  MerkleCommit/sha256/Item10/Count100000  10,614,773 ns/op   28,851,343 B/op   700,230 allocs/op
  [4/4]  bench  MerkleCommit/sha256/Item10/Count100000  10,679,922 ns/op ±2%   28,851,368 B/op ±0%   700,231 allocs/op ±0%    3.26s
  [1/4]  bench  MerkleCommit/sha256/Item1000/Count10  16,776 ns/op   15,505 B/op   107 allocs/op
  [2/4]  bench  MerkleCommit/sha256/Item1000/Count10  17,528 ns/op   15,504 B/op   107 allocs/op
  [3/4]  bench  MerkleCommit/sha256/Item1000/Count10  18,156 ns/op   15,504 B/op   107 allocs/op
  [4/4]  bench  MerkleCommit/sha256/Item1000/Count10  18,463 ns/op ±7%   15,504 B/op ±0%   107 allocs/op    4.19s
  [1/4]  bench  MerkleCommit/sha256/Item1000/Count100  103,190 ns/op   134,143 B/op   759 allocs/op
  [2/4]  bench  MerkleCommit/sha256/Item1000/Count100  104,215 ns/op   134,140 B/op   759 allocs/op
  [3/4]  bench  MerkleCommit/sha256/Item1000/Count100  103,561 ns/op   134,140 B/op   759 allocs/op
  [4/4]  bench  MerkleCommit/sha256/Item1000/Count100  105,386 ns/op ±4%   134,145 B/op ±0%   759 allocs/op    3.22s
  [1/4]  bench  MerkleCommit/sha256/Item1000/Count1000  606,269 ns/op   1,304,092 B/op   7,086 allocs/op
  [2/4]  bench  MerkleCommit/sha256/Item1000/Count1000  615,424 ns/op   1,304,077 B/op   7,086 allocs/op
  [3/4]  bench  MerkleCommit/sha256/Item1000/Count1000  614,328 ns/op   1,304,084 B/op   7,086 allocs/op
  [4/4]  bench  MerkleCommit/sha256/Item1000/Count1000  616,491 ns/op ±1%   1,304,095 B/op ±0%   7,087 allocs/op ±0%    3.84s
  [1/4]  bench  MerkleCommit/sha256/Item1000/Count10000  4,234,292 ns/op   12,993,029 B/op   70,163 allocs/op
  [2/4]  bench  MerkleCommit/sha256/Item1000/Count10000  4,202,544 ns/op   12,992,924 B/op   70,162 allocs/op
  [3/4]  bench  MerkleCommit/sha256/Item1000/Count10000  4,180,449 ns/op   12,992,966 B/op   70,162 allocs/op
  [4/4]  bench  MerkleCommit/sha256/Item1000/Count10000  4,250,463 ns/op ±4%   12,992,942 B/op ±0%   70,162 allocs/op ±0%    4.94s
  [1/4]  bench  MerkleCommit/sha256/Item1000/Count100000  32,499,792 ns/op   129,651,875 B/op   700,234 allocs/op
  [2/4]  bench  MerkleCommit/sha256/Item1000/Count100000  33,009,463 ns/op   129,651,897 B/op   700,234 allocs/op
  [3/4]  bench  MerkleCommit/sha256/Item1000/Count100000  33,108,907 ns/op   129,651,927 B/op   700,234 allocs/op
  [4/4]  bench  MerkleCommit/sha256/Item1000/Count100000  32,984,721 ns/op ±2%   129,651,912 B/op ±0%   700,234 allocs/op ±0%    4.65s
  [1/4]  bench  MerkleCommit/sha256/Item100000/Count10  380,733 ns/op   1,070,890 B/op   113 allocs/op
  [2/4]  bench  MerkleCommit/sha256/Item100000/Count10  351,859 ns/op   1,070,927 B/op   114 allocs/op
  [3/4]  bench  MerkleCommit/sha256/Item100000/Count10  343,730 ns/op   1,070,937 B/op   114 allocs/op
  [4/4]  bench  MerkleCommit/sha256/Item100000/Count10  340,123 ns/op ±8%   1,070,937 B/op ±0%   114 allocs/op ±0%    4.55s
  [1/4]  bench  MerkleCommit/sha256/Item100000/Count100  2,236,423 ns/op   10,683,136 B/op   776 allocs/op
  [2/4]  bench  MerkleCommit/sha256/Item100000/Count100  2,204,074 ns/op   10,683,198 B/op   777 allocs/op
  [3/4]  bench  MerkleCommit/sha256/Item100000/Count100  2,257,505 ns/op   10,683,210 B/op   777 allocs/op
  [4/4]  bench  MerkleCommit/sha256/Item100000/Count100  2,239,470 ns/op ±4%   10,683,205 B/op ±0%   777 allocs/op ±0%    4.17s
  [1/4]  bench  MerkleCommit/sha256/Item100000/Count1000  19,919,478 ns/op   106,777,684 B/op   7,098 allocs/op
  [2/4]  bench  MerkleCommit/sha256/Item100000/Count1000  19,024,684 ns/op   106,777,655 B/op   7,098 allocs/op
  [3/4]  bench  MerkleCommit/sha256/Item100000/Count1000  19,031,705 ns/op   106,777,661 B/op   7,098 allocs/op
  [4/4]  bench  MerkleCommit/sha256/Item100000/Count1000  19,116,237 ns/op ±5%   106,777,685 B/op ±0%   7,098 allocs/op ±0%    4.75s
  [1/4]  bench  MerkleCommit/sha256/Item100000/Count10000  128,901,391 ns/op   1,067,714,584 B/op   70,163 allocs/op
  [2/4]  bench  MerkleCommit/sha256/Item100000/Count10000  142,483,086 ns/op   1,067,715,835 B/op   70,169 allocs/op
  [3/4]  bench  MerkleCommit/sha256/Item100000/Count10000  139,028,150 ns/op   1,067,714,754 B/op   70,164 allocs/op
  [4/4]  bench  MerkleCommit/sha256/Item100000/Count10000  142,244,111 ns/op ±10%   1,067,714,940 B/op ±0%   70,166 allocs/op ±0%    5.46s
  [1/4]  bench  MerkleCommit/sha256/Item100000/Count100000  1,391,729,250 ns/op   10,676,872,248 B/op   700,332 allocs/op
  [2/4]  bench  MerkleCommit/sha256/Item100000/Count100000  1,294,783,292 ns/op   10,676,870,008 B/op   700,308 allocs/op
  [3/4]  bench  MerkleCommit/sha256/Item100000/Count100000  1,266,227,014 ns/op   10,676,867,555 B/op   700,288 allocs/op
  [4/4]  bench  MerkleCommit/sha256/Item100000/Count100000  1,270,428,479 ns/op ±8%   10,676,869,092 B/op ±0%   700,295 allocs/op ±0%    3.69s
  [1/4]  bench  AppendMsgBlockHeader                  32.5 ns/op   30.8 MB/s   0.000 B/op   0.000 allocs/op
  [2/4]  bench  AppendMsgBlockHeader                  32.6 ns/op   30.7 MB/s   0.000 B/op   0.000 allocs/op
  [3/4]  bench  AppendMsgBlockHeader                  32.6 ns/op   30.7 MB/s   0.000 B/op   0.000 allocs/op
  [4/4]  bench  AppendMsgBlockHeader                  32.6 ns/op ±0%   30.7 MB/s ±0%   0.000 B/op   0.000 allocs/op    3.7s
  [1/4]  bench  AppendMsgSignedTxn                    78.4 ns/op   12.8 MB/s   0.000 B/op   0.000 allocs/op
  [2/4]  bench  AppendMsgSignedTxn                    77.8 ns/op   12.9 MB/s   0.000 B/op   0.000 allocs/op
  [3/4]  bench  AppendMsgSignedTxn                    79.6 ns/op   12.6 MB/s   0.000 B/op   0.000 allocs/op
  [4/4]  bench  AppendMsgSignedTxn                    79.0 ns/op ±4%   12.7 MB/s ±4%   0.000 B/op   0.000 allocs/op    3.95s
  [1/4]  bench  PaysetGroups                          7,599 ns/op   87,159 B/op   8.00 allocs/op
  [2/4]  bench  PaysetGroups                          7,422 ns/op   87,777 B/op   8.00 allocs/op
  [3/4]  bench  PaysetGroups                          7,350 ns/op   95,627 B/op   8.00 allocs/op
  [4/4]  bench  PaysetGroups                          7,335 ns/op ±3%   95,650 B/op ±13%   8.00 allocs/op    21.49s
  [1/4]  bench  Txn                                   43,299 ns/op   9,406 B/op   12.0 allocs/op
  [2/4]  bench  Txn                                   43,456 ns/op   9,407 B/op   12.0 allocs/op
  [3/4]  bench  Txn                                   43,446 ns/op   9,407 B/op   12.0 allocs/op
  [4/4]  bench  Txn                                   43,388 ns/op ±0%   9,406 B/op ±0%   12.0 allocs/op    9.2s
  [1/4]  bench  TxHandlerProcessing/processDecoded    22,820 ns/op   4,320 B/op   35.0 allocs/op
  [2/4]  bench  TxHandlerProcessing/processDecoded    23,307 ns/op   4,320 B/op   35.0 allocs/op
  [3/4]  bench  TxHandlerProcessing/processDecoded    23,393 ns/op   4,320 B/op   35.0 allocs/op
  [4/4]  bench  TxHandlerProcessing/processDecoded    23,445 ns/op ±2%   4,320 B/op   35.0 allocs/op    7.23s
  [1/4]  bench  TxHandlerProcessing/verify.TxnGroup   41,460 ns/op   11,328 B/op   16.0 allocs/op
  [2/4]  bench  TxHandlerProcessing/verify.TxnGroup   41,775 ns/op   11,328 B/op   16.0 allocs/op
  [3/4]  bench  TxHandlerProcessing/verify.TxnGroup   41,847 ns/op   11,328 B/op   16.0 allocs/op
  [4/4]  bench  TxHandlerProcessing/verify.TxnGroup   41,914 ns/op ±1%   11,328 B/op   16.0 allocs/op    6.57s
  [1/4]  bench  CompactDeltas/account-deltas          1,580,617 ns/op   4,175,667 B/op   0.000 allocs/op
  [2/4]  bench  CompactDeltas/account-deltas          1,537,209 ns/op   4,175,667 B/op   0.000 allocs/op
  [3/4]  bench  CompactDeltas/account-deltas          1,522,106 ns/op   4,176,597 B/op   0.000 allocs/op
  [4/4]  bench  CompactDeltas/account-deltas          1,526,833 ns/op ±3%   4,174,123 B/op ±0%   0.000 allocs/op    17.1s
