  [1/4]  bench  MerkleCommit/sha512_256/Item10/Count10  14,432 ns/op   6,078 B/op   107 allocs/op
  [2/4]  bench  MerkleCommit/sha512_256/Item10/Count10  14,387 ns/op   6,080 B/op   107 allocs/op
  [3/4]  bench  MerkleCommit/sha512_256/Item10/Count10  14,447 ns/op   6,078 B/op   107 allocs/op
  [4/4]  bench  MerkleCommit/sha512_256/Item10/Count10  14,451 ns/op ±1%   6,080 B/op ±0%   107 allocs/op    4.01s
  [1/4]  bench  MerkleCommit/sha512_256/Item10/Count100  56,183 ns/op   34,667 B/op   760 allocs/op
  [2/4]  bench  MerkleCommit/sha512_256/Item10/Count100  55,870 ns/op   34,675 B/op   761 allocs/op
  [3/4]  bench  MerkleCommit/sha512_256/Item10/Count100  55,935 ns/op   34,677 B/op   761 allocs/op
  [4/4]  bench  MerkleCommit/sha512_256/Item10/Count100  55,980 ns/op ±1%   34,674 B/op ±0%   761 allocs/op ±0%    5.28s
  [1/4]  bench  MerkleCommit/sha512_256/Item10/Count1000  253,806 ns/op   299,056 B/op   7,091 allocs/op
  [2/4]  bench  MerkleCommit/sha512_256/Item10/Count1000  255,993 ns/op   299,039 B/op   7,091 allocs/op
  [3/4]  bench  MerkleCommit/sha512_256/Item10/Count1000  255,785 ns/op   299,043 B/op   7,091 allocs/op
  [4/4]  bench  MerkleCommit/sha512_256/Item10/Count1000  255,612 ns/op ±1%   299,048 B/op ±0%   7,091 allocs/op    3.66s
  [1/4]  bench  MerkleCommit/sha512_256/Item10/Count10000  1,282,399 ns/op   2,920,618 B/op   70,183 allocs/op
  [2/4]  bench  MerkleCommit/sha512_256/Item10/Count10000  1,281,746 ns/op   2,920,647 B/op   70,183 allocs/op
  [3/4]  bench  MerkleCommit/sha512_256/Item10/Count10000  1,287,381 ns/op   2,920,560 B/op   70,182 allocs/op
  [4/4]  bench  MerkleCommit/sha512_256/Item10/Count10000  1,286,461 ns/op ±1%   2,920,598 B/op ±0%   70,183 allocs/op ±0%    3.99s
  [1/4]  bench  MerkleCommit/sha512_256/Item10/Count100000  7,857,121 ns/op   28,866,407 B/op   700,282 allocs/op
  [2/4]  bench  MerkleCommit/sha512_256/Item10/Count100000  7,973,779 ns/op   28,866,240 B/op   700,281 allocs/op
  [3/4]  bench  MerkleCommit/sha512_256/Item10/Count100000  7,993,120 ns/op   28,866,202 B/op   700,280 allocs/op
  [4/4]  bench  MerkleCommit/sha512_256/Item10/Count100000  7,944,230 ns/op ±2%   28,866,276 B/op ±0%   700,281 allocs/op ±0%    6.02s
  [1/4]  bench  MerkleCommit/sha512_256/Item1000/Count10  23,644 ns/op   16,252 B/op   108 allocs/op
  [2/4]  bench  MerkleCommit/sha512_256/Item1000/Count10  23,053 ns/op   16,256 B/op   108 allocs/op
  [3/4]  bench  MerkleCommit/sha512_256/Item1000/Count10  23,170 ns/op   16,255 B/op   108 allocs/op
  [4/4]  bench  MerkleCommit/sha512_256/Item1000/Count10  23,202 ns/op ±3%   16,255 B/op ±0%   108 allocs/op    4.33s
  [1/4]  bench  MerkleCommit/sha512_256/Item1000/Count100  100,351 ns/op   135,881 B/op   763 allocs/op
  [2/4]  bench  MerkleCommit/sha512_256/Item1000/Count100  99,261 ns/op   135,895 B/op   763 allocs/op
  [3/4]  bench  MerkleCommit/sha512_256/Item1000/Count100  98,457 ns/op   135,909 B/op   763 allocs/op
  [4/4]  bench  MerkleCommit/sha512_256/Item1000/Count100  98,000 ns/op ±2%   135,911 B/op ±0%   763 allocs/op ±0%    6.55s
  [1/4]  bench  MerkleCommit/sha512_256/Item1000/Count1000  497,303 ns/op   1,308,440 B/op   7,100 allocs/op
  [2/4]  bench  MerkleCommit/sha512_256/Item1000/Count1000  495,909 ns/op   1,308,481 B/op   7,101 allocs/op
  [3/4]  bench  MerkleCommit/sha512_256/Item1000/Count1000  498,183 ns/op   1,308,467 B/op   7,100 allocs/op
  [4/4]  bench  MerkleCommit/sha512_256/Item1000/Count1000  497,164 ns/op ±1%   1,308,487 B/op ±0%   7,101 allocs/op ±0%    3.78s
  [1/4]  bench  MerkleCommit/sha512_256/Item1000/Count10000  3,299,179 ns/op   13,001,004 B/op   70,185 allocs/op
  [2/4]  bench  MerkleCommit/sha512_256/Item1000/Count10000  3,333,292 ns/op   13,001,116 B/op   70,186 allocs/op
  [3/4]  bench  MerkleCommit/sha512_256/Item1000/Count10000  3,364,997 ns/op   13,001,095 B/op   70,186 allocs/op
  [4/4]  bench  MerkleCommit/sha512_256/Item1000/Count10000  3,364,372 ns/op ±2%   13,001,138 B/op ±0%   70,186 allocs/op ±0%    4.62s
  [1/4]  bench  MerkleCommit/sha512_256/Item1000/Count100000  29,123,218 ns/op   129,665,700 B/op   700,276 allocs/op
  [2/4]  bench  MerkleCommit/sha512_256/Item1000/Count100000  28,944,060 ns/op   129,665,797 B/op   700,277 allocs/op
  [3/4]  bench  MerkleCommit/sha512_256/Item1000/Count100000  29,096,626 ns/op   129,665,739 B/op   700,276 allocs/op
  [4/4]  bench  MerkleCommit/sha512_256/Item1000/Count100000  29,019,246 ns/op ±1%   129,665,805 B/op ±0%   700,276 allocs/op ±0%    3.57s
  [1/4]  bench  MerkleCommit/sha512_256/Item100000/Count10  325,438 ns/op   1,072,403 B/op   117 allocs/op
  [2/4]  bench  MerkleCommit/sha512_256/Item100000/Count10  325,644 ns/op   1,072,396 B/op   117 allocs/op
  [3/4]  bench  MerkleCommit/sha512_256/Item100000/Count10  325,308 ns/op   1,072,397 B/op   117 allocs/op
  [4/4]  bench  MerkleCommit/sha512_256/Item100000/Count10  326,422 ns/op ±1%   1,072,394 B/op ±0%   117 allocs/op    3.63s
  [1/4]  bench  MerkleCommit/sha512_256/Item100000/Count100  1,925,367 ns/op   10,685,808 B/op   781 allocs/op
  [2/4]  bench  MerkleCommit/sha512_256/Item100000/Count100  1,941,412 ns/op   10,685,837 B/op   781 allocs/op
  [3/4]  bench  MerkleCommit/sha512_256/Item100000/Count100  1,940,985 ns/op   10,685,851 B/op   781 allocs/op
  [4/4]  bench  MerkleCommit/sha512_256/Item100000/Count100  1,952,750 ns/op ±2%   10,685,842 B/op ±0%   781 allocs/op    4.25s
  [1/4]  bench  MerkleCommit/sha512_256/Item100000/Count1000  17,773,771 ns/op   106,782,570 B/op   7,112 allocs/op
  [2/4]  bench  MerkleCommit/sha512_256/Item100000/Count1000  17,921,078 ns/op   106,782,553 B/op   7,112 allocs/op
  [3/4]  bench  MerkleCommit/sha512_256/Item100000/Count1000  17,809,717 ns/op   106,782,622 B/op   7,112 allocs/op
  [4/4]  bench  MerkleCommit/sha512_256/Item100000/Count1000  17,856,313 ns/op ±1%   106,782,619 B/op ±0%   7,112 allocs/op ±0%    3.63s
  [1/4]  bench  MerkleCommit/sha512_256/Item100000/Count10000  160,300,554 ns/op   1,067,733,507 B/op   70,252 allocs/op
  [2/4]  bench  MerkleCommit/sha512_256/Item100000/Count10000  162,472,131 ns/op   1,067,734,004 B/op   70,257 allocs/op
  [3/4]  bench  MerkleCommit/sha512_256/Item100000/Count10000  162,490,272 ns/op   1,067,733,531 B/op   70,251 allocs/op
  [4/4]  bench  MerkleCommit/sha512_256/Item100000/Count10000  162,297,865 ns/op ±1%   1,067,732,901 B/op ±0%   70,245 allocs/op ±0%    4.86s
  [1/4]  bench  MerkleCommit/sha512_256/Item100000/Count100000  1,320,632,584 ns/op   10,676,927,240 B/op   700,534 allocs/op
  [2/4]  bench  MerkleCommit/sha512_256/Item100000/Count100000  1,358,897,626 ns/op   10,676,929,512 B/op   700,543 allocs/op
  [3/4]  bench  MerkleCommit/sha512_256/Item100000/Count100000  1,355,292,278 ns/op   10,676,929,277 B/op   700,541 allocs/op
  [4/4]  bench  MerkleCommit/sha512_256/Item100000/Count100000  1,371,724,271 ns/op ±4%   10,676,927,808 B/op ±0%   700,532 allocs/op ±0%    4.17s
  [1/4]  bench  MerkleCommit/sumhash/Item10/Count10   52,820 ns/op   16,777 B/op   217 allocs/op
  [2/4]  bench  MerkleCommit/sumhash/Item10/Count10   52,922 ns/op   16,781 B/op   217 allocs/op
  [3/4]  bench  MerkleCommit/sumhash/Item10/Count10   52,895 ns/op   16,786 B/op   217 allocs/op
  [4/4]  bench  MerkleCommit/sumhash/Item10/Count10   52,968 ns/op ±0%   16,783 B/op ±0%   217 allocs/op    5.22s
  [1/4]  bench  MerkleCommit/sumhash/Item10/Count100  237,544 ns/op   134,872 B/op   1,723 allocs/op
  [2/4]  bench  MerkleCommit/sumhash/Item10/Count100  240,245 ns/op   134,839 B/op   1,723 allocs/op
  [3/4]  bench  MerkleCommit/sumhash/Item10/Count100  239,423 ns/op   134,852 B/op   1,723 allocs/op
  [4/4]  bench  MerkleCommit/sumhash/Item10/Count100  240,344 ns/op ±1%   134,836 B/op ±0%   1,723 allocs/op ±0%    3.71s
  [1/4]  bench  MerkleCommit/sumhash/Item10/Count1000  1,077,369 ns/op   1,268,998 B/op   16,243 allocs/op
  [2/4]  bench  MerkleCommit/sumhash/Item10/Count1000  1,081,016 ns/op   1,268,887 B/op   16,242 allocs/op
  [3/4]  bench  MerkleCommit/sumhash/Item10/Count1000  1,078,463 ns/op   1,268,902 B/op   16,242 allocs/op
  [4/4]  bench  MerkleCommit/sumhash/Item10/Count1000  1,079,948 ns/op ±1%   1,268,870 B/op ±0%   16,242 allocs/op ±0%    3.96s
  [1/4]  bench  MerkleCommit/sumhash/Item10/Count10000  6,472,993 ns/op   12,538,638 B/op   160,474 allocs/op
  [2/4]  bench  MerkleCommit/sumhash/Item10/Count10000  6,548,426 ns/op   12,538,298 B/op   160,470 allocs/op
  [3/4]  bench  MerkleCommit/sumhash/Item10/Count10000  6,537,806 ns/op   12,538,278 B/op   160,470 allocs/op
  [4/4]  bench  MerkleCommit/sumhash/Item10/Count10000  6,519,258 ns/op ±1%   12,538,361 B/op ±0%   160,471 allocs/op ±0%    5.58s
  [1/4]  bench  MerkleCommit/sumhash/Item10/Count100000  52,625,661 ns/op   124,885,653 B/op   1,600,651 allocs/op
  [2/4]  bench  MerkleCommit/sumhash/Item10/Count100000  51,703,492 ns/op   124,885,791 B/op   1,600,653 allocs/op
  [3/4]  bench  MerkleCommit/sumhash/Item10/Count100000  51,731,073 ns/op   124,885,825 B/op   1,600,653 allocs/op
  [4/4]  bench  MerkleCommit/sumhash/Item10/Count100000  51,626,095 ns/op ±2%   124,885,951 B/op ±0%   1,600,654 allocs/op ±0%    4.54s
  [1/4]  bench  MerkleCommit/sumhash/Item1000/Count10  108,897 ns/op   28,652 B/op   233 allocs/op
  [2/4]  bench  MerkleCommit/sumhash/Item1000/Count10  107,379 ns/op   28,648 B/op   233 allocs/op
  [3/4]  bench  MerkleCommit/sumhash/Item1000/Count10  106,647 ns/op   28,648 B/op   233 allocs/op
  [4/4]  bench  MerkleCommit/sumhash/Item1000/Count10  106,807 ns/op ±2%   28,647 B/op ±0%   233 allocs/op    3.22s
  [1/4]  bench  MerkleCommit/sumhash/Item1000/Count100  459,006 ns/op   250,213 B/op   1,844 allocs/op
  [2/4]  bench  MerkleCommit/sumhash/Item1000/Count100  461,766 ns/op   250,168 B/op   1,844 allocs/op
  [3/4]  bench  MerkleCommit/sumhash/Item1000/Count100  460,401 ns/op   250,193 B/op   1,844 allocs/op
  [4/4]  bench  MerkleCommit/sumhash/Item1000/Count100  461,275 ns/op ±1%   250,177 B/op ±0%   1,844 allocs/op ±0%    3.75s
  [1/4]  bench  MerkleCommit/sumhash/Item1000/Count1000  2,518,576 ns/op   2,406,683 B/op   17,264 allocs/op
  [2/4]  bench  MerkleCommit/sumhash/Item1000/Count1000  2,550,681 ns/op   2,406,481 B/op   17,262 allocs/op
  [3/4]  bench  MerkleCommit/sumhash/Item1000/Count1000  2,539,438 ns/op   2,406,520 B/op   17,262 allocs/op
  [4/4]  bench  MerkleCommit/sumhash/Item1000/Count1000  2,547,471 ns/op ±1%   2,406,460 B/op ±0%   17,261 allocs/op ±0%    4.42s
  [1/4]  bench  MerkleCommit/sumhash/Item1000/Count10000  19,757,765 ns/op   23,899,074 B/op   170,478 allocs/op
  [2/4]  bench  MerkleCommit/sumhash/Item1000/Count10000  20,029,116 ns/op   23,898,642 B/op   170,473 allocs/op
  [3/4]  bench  MerkleCommit/sumhash/Item1000/Count10000  19,918,352 ns/op   23,898,782 B/op   170,474 allocs/op
  [4/4]  bench  MerkleCommit/sumhash/Item1000/Count10000  19,955,169 ns/op ±2%   23,898,721 B/op ±0%   170,473 allocs/op ±0%    3.66s
  [1/4]  bench  MerkleCommit/sumhash/Item1000/Count100000  173,874,090 ns/op   238,487,082 B/op   1,700,663 allocs/op
  [2/4]  bench  MerkleCommit/sumhash/Item1000/Count100000  174,909,573 ns/op   238,487,134 B/op   1,700,663 allocs/op
  [3/4]  bench  MerkleCommit/sumhash/Item1000/Count100000  175,037,917 ns/op   238,487,245 B/op   1,700,664 allocs/op
  [4/4]  bench  MerkleCommit/sumhash/Item1000/Count100000  176,288,983 ns/op ±2%   238,487,070 B/op ±0%   1,700,662 allocs/op ±0%    4.46s
  [1/4]  bench  MerkleCommit/sumhash/Item100000/Count10  2,050,698 ns/op   1,085,613 B/op   259 allocs/op
  [2/4]  bench  MerkleCommit/sumhash/Item100000/Count10  2,083,544 ns/op   1,085,596 B/op   259 allocs/op
  [3/4]  bench  MerkleCommit/sumhash/Item100000/Count10  2,074,529 ns/op   1,085,596 B/op   259 allocs/op
  [4/4]  bench  MerkleCommit/sumhash/Item100000/Count10  2,087,421 ns/op ±2%   1,085,599 B/op ±0%   259 allocs/op    4.29s
  [1/4]  bench  MerkleCommit/sumhash/Item100000/Count100  15,025,126 ns/op   10,798,693 B/op   1,858 allocs/op
  [2/4]  bench  MerkleCommit/sumhash/Item100000/Count100  15,242,398 ns/op   10,798,639 B/op   1,858 allocs/op
  [3/4]  bench  MerkleCommit/sumhash/Item100000/Count100  15,154,899 ns/op   10,798,642 B/op   1,857 allocs/op
  [4/4]  bench  MerkleCommit/sumhash/Item100000/Count100  15,114,729 ns/op ±2%   10,798,646 B/op ±0%   1,857 allocs/op ±0%    3.66s
  [1/4]  bench  MerkleCommit/sumhash/Item100000/Count1000  133,480,838 ns/op   107,879,158 B/op   17,261 allocs/op
  [2/4]  bench  MerkleCommit/sumhash/Item100000/Count1000  135,420,896 ns/op   107,878,965 B/op   17,260 allocs/op
  [3/4]  bench  MerkleCommit/sumhash/Item100000/Count1000  134,447,422 ns/op   107,878,885 B/op   17,259 allocs/op
  [4/4]  bench  MerkleCommit/sumhash/Item100000/Count1000  134,467,428 ns/op ±2%   107,878,959 B/op ±0%   17,260 allocs/op ±0%    3.64s
  [1/4]  bench  MerkleCommit/sumhash/Item100000/Count10000  1,290,441,042 ns/op   1,078,630,296 B/op   170,542 allocs/op
  [2/4]  bench  MerkleCommit/sumhash/Item100000/Count10000  1,293,494,438 ns/op   1,078,627,632 B/op   170,512 allocs/op
  [3/4]  bench  MerkleCommit/sumhash/Item100000/Count10000  1,303,337,264 ns/op   1,078,627,267 B/op   170,508 allocs/op
  [4/4]  bench  MerkleCommit/sumhash/Item100000/Count10000  1,298,863,698 ns/op ±1%   1,078,627,376 B/op ±0%   170,509 allocs/op ±0%    3.9s
  [1/4]  bench  MerkleCommit/sumhash/Item100000/Count100000  12,942,922,458 ns/op   10,785,729,368 B/op   1,700,770 allocs/op
  [2/4]  bench  MerkleCommit/sumhash/Item100000/Count100000  12,846,252,729 ns/op   10,785,728,040 B/op   1,700,759 allocs/op
  [3/4]  bench  MerkleCommit/sumhash/Item100000/Count100000  12,746,430,097 ns/op   10,785,728,419 B/op   1,700,763 allocs/op
  [4/4]  bench  MerkleCommit/sumhash/Item100000/Count100000  12,694,235,406 ns/op ±2%   10,785,729,032 B/op ±0%   1,700,767 allocs/op ±0%    37.83s
  [1/4]  bench  MerkleCommit/sha256/Item10/Count10    9,200 ns/op   5,514 B/op   107 allocs/op
  [2/4]  bench  MerkleCommit/sha256/Item10/Count10    9,046 ns/op   5,514 B/op   107 allocs/op
  [3/4]  bench  MerkleCommit/sha256/Item10/Count10    8,960 ns/op   5,514 B/op   107 allocs/op
  [4/4]  bench  MerkleCommit/sha256/Item10/Count10    8,992 ns/op ±2%   5,514 B/op ±0%   107 allocs/op    3.82s
  [1/4]  bench  MerkleCommit/sha256/Item10/Count100   42,848 ns/op   33,542 B/op   759 allocs/op
  [2/4]  bench  MerkleCommit/sha256/Item10/Count100   43,865 ns/op   33,548 B/op   759 allocs/op
  [3/4]  bench  MerkleCommit/sha256/Item10/Count100   44,192 ns/op   33,543 B/op   759 allocs/op
  [4/4]  bench  MerkleCommit/sha256/Item10/Count100   43,500 ns/op ±4%   33,547 B/op ±0%   759 allocs/op    4.91s
  [1/4]  bench  MerkleCommit/sha256/Item10/Count1000  216,488 ns/op   296,440 B/op   7,087 allocs/op
  [2/4]  bench  MerkleCommit/sha256/Item10/Count1000  214,227 ns/op   296,449 B/op   7,087 allocs/op
  [3/4]  bench  MerkleCommit/sha256/Item10/Count1000  214,599 ns/op   296,445 B/op   7,087 allocs/op
  [4/4]  bench  MerkleCommit/sha256/Item10/Count1000  214,307 ns/op ±1%   296,454 B/op ±0%   7,087 allocs/op    3.72s
  [1/4]  bench  MerkleCommit/sha256/Item10/Count10000  1,105,498 ns/op   2,914,483 B/op   70,174 allocs/op
  [2/4]  bench  MerkleCommit/sha256/Item10/Count10000  1,096,362 ns/op   2,914,568 B/op   70,175 allocs/op
  [3/4]  bench  MerkleCommit/sha256/Item10/Count10000  1,098,996 ns/op   2,914,557 B/op   70,175 allocs/op
  [4/4]  bench  MerkleCommit/sha256/Item10/Count10000  1,095,050 ns/op ±1%   2,914,566 B/op ±0%   70,175 allocs/op ±0%    3.96s
  [1/4]  bench  MerkleCommit/sha256/Item10/Count100000  7,126,262 ns/op   28,855,877 B/op   700,270 allocs/op
  [2/4]  bench  MerkleCommit/sha256/Item10/Count100000  7,099,871 ns/op   28,855,907 B/op   700,270 allocs/op
  [3/4]  bench  MerkleCommit/sha256/Item10/Count100000  7,033,855 ns/op   28,856,003 B/op   700,271 allocs/op
  [4/4]  bench  MerkleCommit/sha256/Item10/Count100000  7,018,479 ns/op ±2%   28,856,039 B/op ±0%   700,271 allocs/op ±0%    5.7s
  [1/4]  bench  MerkleCommit/sha256/Item1000/Count10  16,288 ns/op   15,655 B/op   107 allocs/op
  [2/4]  bench  MerkleCommit/sha256/Item1000/Count10  16,209 ns/op   15,654 B/op   107 allocs/op
  [3/4]  bench  MerkleCommit/sha256/Item1000/Count10  15,732 ns/op   15,656 B/op   107 allocs/op
  [4/4]  bench  MerkleCommit/sha256/Item1000/Count10  15,738 ns/op ±5%   15,656 B/op ±0%   107 allocs/op    4.11s
  [1/4]  bench  MerkleCommit/sha256/Item1000/Count100  77,084 ns/op   134,549 B/op   761 allocs/op
  [2/4]  bench  MerkleCommit/sha256/Item1000/Count100  75,803 ns/op   134,554 B/op   761 allocs/op
  [3/4]  bench  MerkleCommit/sha256/Item1000/Count100  76,989 ns/op   134,557 B/op   761 allocs/op
  [4/4]  bench  MerkleCommit/sha256/Item1000/Count100  77,729 ns/op ±3%   134,553 B/op ±0%   761 allocs/op    5.96s
  [1/4]  bench  MerkleCommit/sha256/Item1000/Count1000  419,453 ns/op   1,305,494 B/op   7,097 allocs/op
  [2/4]  bench  MerkleCommit/sha256/Item1000/Count1000  422,548 ns/op   1,305,478 B/op   7,097 allocs/op
  [3/4]  bench  MerkleCommit/sha256/Item1000/Count1000  421,215 ns/op   1,305,482 B/op   7,097 allocs/op
  [4/4]  bench  MerkleCommit/sha256/Item1000/Count1000  421,258 ns/op ±1%   1,305,473 B/op ±0%   7,097 allocs/op ±0%    3.77s
  [1/4]  bench  MerkleCommit/sha256/Item1000/Count10000  2,924,779 ns/op   12,995,286 B/op   70,182 allocs/op
  [2/4]  bench  MerkleCommit/sha256/Item1000/Count10000  2,869,584 ns/op   12,995,158 B/op   70,181 allocs/op
  [3/4]  bench  MerkleCommit/sha256/Item1000/Count10000  2,880,839 ns/op   12,995,192 B/op   70,181 allocs/op
  [4/4]  bench  MerkleCommit/sha256/Item1000/Count10000  2,871,981 ns/op ±2%   12,995,176 B/op ±0%   70,181 allocs/op ±0%    4.43s
  [1/4]  bench  MerkleCommit/sha256/Item1000/Count100000  27,096,837 ns/op   129,655,952 B/op   700,268 allocs/op
  [2/4]  bench  MerkleCommit/sha256/Item1000/Count100000  27,077,542 ns/op   129,655,912 B/op   700,268 allocs/op
  [3/4]  bench  MerkleCommit/sha256/Item1000/Count100000  27,054,084 ns/op   129,655,990 B/op   700,268 allocs/op
  [4/4]  bench  MerkleCommit/sha256/Item1000/Count100000  27,168,333 ns/op ±1%   129,655,991 B/op ±0%   700,268 allocs/op ±0%    3.67s
  [1/4]  bench  MerkleCommit/sha256/Item100000/Count10  228,103 ns/op   1,071,217 B/op   115 allocs/op
  [2/4]  bench  MerkleCommit/sha256/Item100000/Count10  228,512 ns/op   1,071,220 B/op   115 allocs/op
  [3/4]  bench  MerkleCommit/sha256/Item100000/Count10  230,142 ns/op   1,071,216 B/op   115 allocs/op
  [4/4]  bench  MerkleCommit/sha256/Item100000/Count10  229,550 ns/op ±1%   1,071,217 B/op ±0%   115 allocs/op    3.69s
  [1/4]  bench  MerkleCommit/sha256/Item100000/Count100  1,496,110 ns/op   10,683,687 B/op   779 allocs/op
  [2/4]  bench  MerkleCommit/sha256/Item100000/Count100  1,492,748 ns/op   10,683,718 B/op   780 allocs/op
  [3/4]  bench  MerkleCommit/sha256/Item100000/Count100  1,501,066 ns/op   10,683,714 B/op   779 allocs/op
  [4/4]  bench  MerkleCommit/sha256/Item100000/Count100  1,499,189 ns/op ±1%   10,683,715 B/op ±0%   780 allocs/op ±0%    4.09s
  [1/4]  bench  MerkleCommit/sha256/Item100000/Count1000  14,414,441 ns/op   106,779,560 B/op   7,110 allocs/op
  [2/4]  bench  MerkleCommit/sha256/Item100000/Count1000  14,326,289 ns/op   106,779,684 B/op   7,112 allocs/op
  [3/4]  bench  MerkleCommit/sha256/Item100000/Count1000  14,285,092 ns/op   106,779,663 B/op   7,111 allocs/op
  [4/4]  bench  MerkleCommit/sha256/Item100000/Count1000  14,353,976 ns/op ±1%   106,779,607 B/op ±0%   7,111 allocs/op ±0%    3.53s
  [1/4]  bench  MerkleCommit/sha256/Item100000/Count10000  132,507,495 ns/op   1,067,726,094 B/op   70,228 allocs/op
  [2/4]  bench  MerkleCommit/sha256/Item100000/Count10000  134,066,248 ns/op   1,067,725,799 B/op   70,222 allocs/op
  [3/4]  bench  MerkleCommit/sha256/Item100000/Count10000  133,188,231 ns/op   1,067,726,185 B/op   70,227 allocs/op
  [4/4]  bench  MerkleCommit/sha256/Item100000/Count10000  133,620,517 ns/op ±2%   1,067,725,970 B/op ±0%   70,225 allocs/op ±0%    3.62s
  [1/4]  bench  MerkleCommit/sha256/Item100000/Count100000  1,109,775,042 ns/op   10,676,920,104 B/op   700,530 allocs/op
  [2/4]  bench  MerkleCommit/sha256/Item100000/Count100000  1,108,999,146 ns/op   10,676,922,840 B/op   700,558 allocs/op
  [3/4]  bench  MerkleCommit/sha256/Item100000/Count100000  1,123,994,153 ns/op   10,676,921,592 B/op   700,541 allocs/op
  [4/4]  bench  MerkleCommit/sha256/Item100000/Count100000  1,124,907,542 ns/op ±2%   10,676,919,028 B/op ±0%   700,511 allocs/op ±0%    3.39s
  [1/4]  bench  AppendMsgBlockHeader                  31.9 ns/op   31.4 MB/s   0.000 B/op   0.000 allocs/op
  [2/4]  bench  AppendMsgBlockHeader                  32.0 ns/op   31.2 MB/s   0.000 B/op   0.000 allocs/op
  [3/4]  bench  AppendMsgBlockHeader                  32.0 ns/op   31.3 MB/s   0.000 B/op   0.000 allocs/op
  [4/4]  bench  AppendMsgBlockHeader                  32.0 ns/op ±0%   31.2 MB/s ±0%   0.000 B/op   0.000 allocs/op    3.67s
  [1/4]  bench  AppendMsgSignedTxn                    74.5 ns/op   13.4 MB/s   0.000 B/op   0.000 allocs/op
  [2/4]  bench  AppendMsgSignedTxn                    74.2 ns/op   13.5 MB/s   0.000 B/op   0.000 allocs/op
  [3/4]  bench  AppendMsgSignedTxn                    74.3 ns/op   13.5 MB/s   0.000 B/op   0.000 allocs/op
  [4/4]  bench  AppendMsgSignedTxn                    74.2 ns/op ±0%   13.5 MB/s ±0%   0.000 B/op   0.000 allocs/op    3.84s
  [1/4]  bench  PaysetGroups                          5,703 ns/op   129,203 B/op   8.00 allocs/op
  [2/4]  bench  PaysetGroups                          5,725 ns/op   130,743 B/op   8.00 allocs/op
  [3/4]  bench  PaysetGroups                          5,751 ns/op   131,319 B/op   8.00 allocs/op
  [4/4]  bench  PaysetGroups                          5,712 ns/op ±2%   131,177 B/op ±1%   8.00 allocs/op    26.26s
  [1/4]  bench  Txn                                   41,336 ns/op   9,419 B/op   12.0 allocs/op
  [2/4]  bench  Txn                                   41,446 ns/op   9,421 B/op   12.0 allocs/op
  [3/4]  bench  Txn                                   41,480 ns/op   9,418 B/op   12.0 allocs/op
  [4/4]  bench  Txn                                   41,421 ns/op ±0%   9,418 B/op ±0%   12.0 allocs/op    9.09s
  [1/4]  bench  TxHandlerProcessing/processDecoded    10,735 ns/op   4,336 B/op   33.0 allocs/op
  [2/4]  bench  TxHandlerProcessing/processDecoded    10,617 ns/op   4,336 B/op   33.0 allocs/op
  [3/4]  bench  TxHandlerProcessing/processDecoded    10,312 ns/op   4,336 B/op   33.0 allocs/op
  [4/4]  bench  TxHandlerProcessing/processDecoded    10,433 ns/op ±5%   4,336 B/op   33.0 allocs/op    9.17s
  [1/4]  bench  TxHandlerProcessing/verify.TxnGroup   41,336 ns/op   11,328 B/op   16.0 allocs/op
  [2/4]  bench  TxHandlerProcessing/verify.TxnGroup   41,298 ns/op   11,328 B/op   16.0 allocs/op
  [3/4]  bench  TxHandlerProcessing/verify.TxnGroup   41,308 ns/op   11,328 B/op   16.0 allocs/op
  [4/4]  bench  TxHandlerProcessing/verify.TxnGroup   41,327 ns/op ±0%   11,328 B/op   16.0 allocs/op    6.53s
  [1/4]  bench  CompactDeltas/account-deltas          1,507,622 ns/op   4,136,931 B/op   0.000 allocs/op
  [2/4]  bench  CompactDeltas/account-deltas          1,446,514 ns/op   4,132,849 B/op   0.000 allocs/op
  [3/4]  bench  CompactDeltas/account-deltas          1,427,071 ns/op   4,130,448 B/op   0.000 allocs/op
  [4/4]  bench  CompactDeltas/account-deltas          1,413,852 ns/op ±5%   4,129,806 B/op ±0%   0.000 allocs/op    17.51s
