  [1/4]  bench  MerkleCommit/sha512_256/Item10/Count10  14,249 ns/op   6,080 B/op   107 allocs/op
  [2/4]  bench  MerkleCommit/sha512_256/Item10/Count10  14,388 ns/op   6,077 B/op   107 allocs/op
  [3/4]  bench  MerkleCommit/sha512_256/Item10/Count10  14,389 ns/op   6,077 B/op   107 allocs/op
  [4/4]  bench  MerkleCommit/sha512_256/Item10/Count10  14,437 ns/op ±1%   6,076 B/op ±0%   107 allocs/op    4.08s
  [1/4]  bench  MerkleCommit/sha512_256/Item10/Count100  55,042 ns/op   34,683 B/op   761 allocs/op
  [2/4]  bench  MerkleCommit/sha512_256/Item10/Count100  55,002 ns/op   34,685 B/op   761 allocs/op
  [3/4]  bench  MerkleCommit/sha512_256/Item10/Count100  55,311 ns/op   34,675 B/op   761 allocs/op
  [4/4]  bench  MerkleCommit/sha512_256/Item10/Count100  55,140 ns/op ±1%   34,677 B/op ±0%   761 allocs/op ±0%    5.26s
  [1/4]  bench  MerkleCommit/sha512_256/Item10/Count1000  258,738 ns/op   299,000 B/op   7,091 allocs/op
  [2/4]  bench  MerkleCommit/sha512_256/Item10/Count1000  256,170 ns/op   299,031 B/op   7,091 allocs/op
  [3/4]  bench  MerkleCommit/sha512_256/Item10/Count1000  256,967 ns/op   299,022 B/op   7,091 allocs/op
  [4/4]  bench  MerkleCommit/sha512_256/Item10/Count1000  256,282 ns/op ±1%   299,033 B/op ±0%   7,091 allocs/op    3.72s
  [1/4]  bench  MerkleCommit/sha512_256/Item10/Count10000  1,285,751 ns/op   2,920,366 B/op   70,181 allocs/op
  [2/4]  bench  MerkleCommit/sha512_256/Item10/Count10000  1,283,667 ns/op   2,920,511 B/op   70,182 allocs/op
  [3/4]  bench  MerkleCommit/sha512_256/Item10/Count10000  1,289,640 ns/op   2,920,479 B/op   70,182 allocs/op
  [4/4]  bench  MerkleCommit/sha512_256/Item10/Count10000  1,287,315 ns/op ±1%   2,920,524 B/op ±0%   70,182 allocs/op ±0%    4.01s
  [1/4]  bench  MerkleCommit/sha512_256/Item10/Count100000  8,108,784 ns/op   28,866,097 B/op   700,280 allocs/op
  [2/4]  bench  MerkleCommit/sha512_256/Item10/Count100000  8,083,959 ns/op   28,866,091 B/op   700,280 allocs/op
  [3/4]  bench  MerkleCommit/sha512_256/Item10/Count100000  8,004,726 ns/op   28,866,239 B/op   700,280 allocs/op
  [4/4]  bench  MerkleCommit/sha512_256/Item10/Count100000  7,963,002 ns/op ±2%   28,866,338 B/op ±0%   700,281 allocs/op ±0%    5.99s
  [1/4]  bench  MerkleCommit/sha512_256/Item1000/Count10  23,136 ns/op   16,258 B/op   108 allocs/op
  [2/4]  bench  MerkleCommit/sha512_256/Item1000/Count10  22,994 ns/op   16,258 B/op   108 allocs/op
  [3/4]  bench  MerkleCommit/sha512_256/Item1000/Count10  22,956 ns/op   16,258 B/op   108 allocs/op
  [4/4]  bench  MerkleCommit/sha512_256/Item1000/Count10  22,848 ns/op ±1%   16,258 B/op ±0%   108 allocs/op    4.18s
  [1/4]  bench  MerkleCommit/sha512_256/Item1000/Count100  98,095 ns/op   135,880 B/op   763 allocs/op
  [2/4]  bench  MerkleCommit/sha512_256/Item1000/Count100  98,171 ns/op   135,899 B/op   763 allocs/op
  [3/4]  bench  MerkleCommit/sha512_256/Item1000/Count100  97,530 ns/op   135,905 B/op   763 allocs/op
  [4/4]  bench  MerkleCommit/sha512_256/Item1000/Count100  97,078 ns/op ±1%   135,909 B/op ±0%   763 allocs/op    6.53s
  [1/4]  bench  MerkleCommit/sha512_256/Item1000/Count1000  500,321 ns/op   1,308,423 B/op   7,100 allocs/op
  [2/4]  bench  MerkleCommit/sha512_256/Item1000/Count1000  497,249 ns/op   1,308,478 B/op   7,101 allocs/op
  [3/4]  bench  MerkleCommit/sha512_256/Item1000/Count1000  497,040 ns/op   1,308,491 B/op   7,101 allocs/op
  [4/4]  bench  MerkleCommit/sha512_256/Item1000/Count1000  496,530 ns/op ±1%   1,308,494 B/op ±0%   7,101 allocs/op ±0%    3.66s
  [1/4]  bench  MerkleCommit/sha512_256/Item1000/Count10000  3,342,425 ns/op   13,001,092 B/op   70,186 allocs/op
  [2/4]  bench  MerkleCommit/sha512_256/Item1000/Count10000  3,356,528 ns/op   13,001,136 B/op   70,186 allocs/op
  [3/4]  bench  MerkleCommit/sha512_256/Item1000/Count10000  3,361,894 ns/op   13,001,086 B/op   70,186 allocs/op
  [4/4]  bench  MerkleCommit/sha512_256/Item1000/Count10000  3,365,254 ns/op ±0%   13,001,108 B/op ±0%   70,186 allocs/op ±0%    4.64s
  [1/4]  bench  MerkleCommit/sha512_256/Item1000/Count100000  28,825,650 ns/op   129,665,549 B/op   700,274 allocs/op
  [2/4]  bench  MerkleCommit/sha512_256/Item1000/Count100000  28,763,952 ns/op   129,665,806 B/op   700,276 allocs/op
  [3/4]  bench  MerkleCommit/sha512_256/Item1000/Count100000  28,807,903 ns/op   129,665,699 B/op   700,275 allocs/op
  [4/4]  bench  MerkleCommit/sha512_256/Item1000/Count100000  28,778,009 ns/op ±0%   129,665,695 B/op ±0%   700,276 allocs/op ±0%    3.63s
  [1/4]  bench  MerkleCommit/sha512_256/Item100000/Count10  324,614 ns/op   1,072,392 B/op   117 allocs/op
  [2/4]  bench  MerkleCommit/sha512_256/Item100000/Count10  328,626 ns/op   1,072,390 B/op   117 allocs/op
  [3/4]  bench  MerkleCommit/sha512_256/Item100000/Count10  328,010 ns/op   1,072,390 B/op   117 allocs/op
  [4/4]  bench  MerkleCommit/sha512_256/Item100000/Count10  329,008 ns/op ±1%   1,072,388 B/op ±0%   117 allocs/op    3.73s
  [1/4]  bench  MerkleCommit/sha512_256/Item100000/Count100  1,918,276 ns/op   10,685,818 B/op   781 allocs/op
  [2/4]  bench  MerkleCommit/sha512_256/Item100000/Count100  1,952,011 ns/op   10,685,823 B/op   781 allocs/op
  [3/4]  bench  MerkleCommit/sha512_256/Item100000/Count100  1,943,122 ns/op   10,685,825 B/op   781 allocs/op
  [4/4]  bench  MerkleCommit/sha512_256/Item100000/Count100  1,948,566 ns/op ±2%   10,685,819 B/op ±0%   781 allocs/op    4.2s
  [1/4]  bench  MerkleCommit/sha512_256/Item100000/Count1000  17,659,026 ns/op   106,782,672 B/op   7,112 allocs/op
  [2/4]  bench  MerkleCommit/sha512_256/Item100000/Count1000  17,749,880 ns/op   106,782,538 B/op   7,111 allocs/op
  [3/4]  bench  MerkleCommit/sha512_256/Item100000/Count1000  17,679,501 ns/op   106,782,505 B/op   7,111 allocs/op
  [4/4]  bench  MerkleCommit/sha512_256/Item100000/Count1000  17,637,735 ns/op ±1%   106,782,508 B/op ±0%   7,111 allocs/op ±0%    3.51s
  [1/4]  bench  MerkleCommit/sha512_256/Item100000/Count10000  166,518,297 ns/op   1,067,731,986 B/op   70,234 allocs/op
  [2/4]  bench  MerkleCommit/sha512_256/Item100000/Count10000  162,990,089 ns/op   1,067,732,480 B/op   70,240 allocs/op
  [3/4]  bench  MerkleCommit/sha512_256/Item100000/Count10000  163,169,788 ns/op   1,067,731,981 B/op   70,235 allocs/op
  [4/4]  bench  MerkleCommit/sha512_256/Item100000/Count10000  162,400,555 ns/op ±2%   1,067,731,889 B/op ±0%   70,235 allocs/op ±0%    3.86s
  [1/4]  bench  MerkleCommit/sha512_256/Item100000/Count100000  1,387,474,625 ns/op   10,676,925,032 B/op   700,508 allocs/op
  [2/4]  bench  MerkleCommit/sha512_256/Item100000/Count100000  1,339,415,375 ns/op   10,676,925,848 B/op   700,538 allocs/op
  [3/4]  bench  MerkleCommit/sha512_256/Item100000/Count100000  1,331,180,153 ns/op   10,676,925,549 B/op   700,549 allocs/op
  [4/4]  bench  MerkleCommit/sha512_256/Item100000/Count100000  1,334,560,625 ns/op ±4%   10,676,927,104 B/op ±0%   700,558 allocs/op ±0%    3.95s
  [1/4]  bench  MerkleCommit/sumhash/Item10/Count10   51,903 ns/op   16,803 B/op   217 allocs/op
  [2/4]  bench  MerkleCommit/sumhash/Item10/Count10   52,196 ns/op   16,797 B/op   217 allocs/op
  [3/4]  bench  MerkleCommit/sumhash/Item10/Count10   52,329 ns/op   16,795 B/op   217 allocs/op
  [4/4]  bench  MerkleCommit/sumhash/Item10/Count10   52,217 ns/op ±1%   16,798 B/op ±0%   217 allocs/op    5.18s
  [1/4]  bench  MerkleCommit/sumhash/Item10/Count100  243,758 ns/op   134,799 B/op   1,722 allocs/op
  [2/4]  bench  MerkleCommit/sumhash/Item10/Count100  243,093 ns/op   134,828 B/op   1,723 allocs/op
  [3/4]  bench  MerkleCommit/sumhash/Item10/Count100  244,119 ns/op   134,817 B/op   1,722 allocs/op
  [4/4]  bench  MerkleCommit/sumhash/Item10/Count100  243,408 ns/op ±1%   134,822 B/op ±0%   1,723 allocs/op ±0%    3.82s
  [1/4]  bench  MerkleCommit/sumhash/Item10/Count1000  1,079,202 ns/op   1,268,937 B/op   16,243 allocs/op
  [2/4]  bench  MerkleCommit/sumhash/Item10/Count1000  1,074,158 ns/op   1,268,921 B/op   16,243 allocs/op
  [3/4]  bench  MerkleCommit/sumhash/Item10/Count1000  1,072,492 ns/op   1,268,955 B/op   16,243 allocs/op
  [4/4]  bench  MerkleCommit/sumhash/Item10/Count1000  1,076,605 ns/op ±1%   1,268,882 B/op ±0%   16,242 allocs/op ±0%    3.83s
  [1/4]  bench  MerkleCommit/sumhash/Item10/Count10000  6,522,158 ns/op   12,537,834 B/op   160,464 allocs/op
  [2/4]  bench  MerkleCommit/sumhash/Item10/Count10000  6,466,517 ns/op   12,538,224 B/op   160,469 allocs/op
  [3/4]  bench  MerkleCommit/sumhash/Item10/Count10000  6,479,363 ns/op   12,538,198 B/op   160,469 allocs/op
  [4/4]  bench  MerkleCommit/sumhash/Item10/Count10000  6,495,035 ns/op ±1%   12,538,163 B/op ±0%   160,468 allocs/op ±0%    5.58s
  [1/4]  bench  MerkleCommit/sumhash/Item10/Count100000  50,592,667 ns/op   124,885,837 B/op   1,600,653 allocs/op
  [2/4]  bench  MerkleCommit/sumhash/Item10/Count100000  50,507,264 ns/op   124,886,063 B/op   1,600,656 allocs/op
  [3/4]  bench  MerkleCommit/sumhash/Item10/Count100000  51,106,272 ns/op   124,885,680 B/op   1,600,651 allocs/op
  [4/4]  bench  MerkleCommit/sumhash/Item10/Count100000  50,956,545 ns/op ±2%   124,885,775 B/op ±0%   1,600,652 allocs/op ±0%    3.63s
  [1/4]  bench  MerkleCommit/sumhash/Item1000/Count10  110,464 ns/op   28,645 B/op   233 allocs/op
  [2/4]  bench  MerkleCommit/sumhash/Item1000/Count10  108,647 ns/op   28,651 B/op   233 allocs/op
  [3/4]  bench  MerkleCommit/sumhash/Item1000/Count10  108,347 ns/op   28,653 B/op   233 allocs/op
  [4/4]  bench  MerkleCommit/sumhash/Item1000/Count10  108,567 ns/op ±2%   28,653 B/op ±0%   233 allocs/op    3.27s
  [1/4]  bench  MerkleCommit/sumhash/Item1000/Count100  458,547 ns/op   250,223 B/op   1,844 allocs/op
  [2/4]  bench  MerkleCommit/sumhash/Item1000/Count100  463,732 ns/op   250,172 B/op   1,844 allocs/op
  [3/4]  bench  MerkleCommit/sumhash/Item1000/Count100  462,086 ns/op   250,181 B/op   1,844 allocs/op
  [4/4]  bench  MerkleCommit/sumhash/Item1000/Count100  462,938 ns/op ±1%   250,166 B/op ±0%   1,844 allocs/op ±0%    3.81s
  [1/4]  bench  MerkleCommit/sumhash/Item1000/Count1000  2,503,965 ns/op   2,406,649 B/op   17,263 allocs/op
  [2/4]  bench  MerkleCommit/sumhash/Item1000/Count1000  2,543,894 ns/op   2,406,423 B/op   17,261 allocs/op
  [3/4]  bench  MerkleCommit/sumhash/Item1000/Count1000  2,533,154 ns/op   2,406,482 B/op   17,261 allocs/op
  [4/4]  bench  MerkleCommit/sumhash/Item1000/Count1000  2,552,045 ns/op ±2%   2,406,404 B/op ±0%   17,260 allocs/op ±0%    4.43s
  [1/4]  bench  MerkleCommit/sumhash/Item1000/Count10000  19,622,282 ns/op   23,898,989 B/op   170,477 allocs/op
  [2/4]  bench  MerkleCommit/sumhash/Item1000/Count10000  19,793,952 ns/op   23,898,829 B/op   170,475 allocs/op
  [3/4]  bench  MerkleCommit/sumhash/Item1000/Count10000  19,702,804 ns/op   23,898,860 B/op   170,475 allocs/op
  [4/4]  bench  MerkleCommit/sumhash/Item1000/Count10000  19,789,466 ns/op ±1%   23,898,765 B/op ±0%   170,474 allocs/op ±0%    3.67s
  [1/4]  bench  MerkleCommit/sumhash/Item1000/Count100000  173,383,924 ns/op   238,486,712 B/op   1,700,658 allocs/op
  [2/4]  bench  MerkleCommit/sumhash/Item1000/Count100000  173,422,042 ns/op   238,486,380 B/op   1,700,654 allocs/op
  [3/4]  bench  MerkleCommit/sumhash/Item1000/Count100000  175,536,067 ns/op   238,486,167 B/op   1,700,651 allocs/op
  [4/4]  bench  MerkleCommit/sumhash/Item1000/Count100000  175,086,202 ns/op ±2%   238,486,661 B/op ±0%   1,700,657 allocs/op ±0%    3.69s
  [1/4]  bench  MerkleCommit/sumhash/Item100000/Count10  2,097,769 ns/op   1,085,603 B/op   259 allocs/op
  [2/4]  bench  MerkleCommit/sumhash/Item100000/Count10  2,072,972 ns/op   1,085,608 B/op   259 allocs/op
  [3/4]  bench  MerkleCommit/sumhash/Item100000/Count10  2,091,742 ns/op   1,085,599 B/op   259 allocs/op
  [4/4]  bench  MerkleCommit/sumhash/Item100000/Count10  2,082,562 ns/op ±2%   1,085,600 B/op ±0%   259 allocs/op    4.27s
  [1/4]  bench  MerkleCommit/sumhash/Item100000/Count100  15,399,360 ns/op   10,798,627 B/op   1,857 allocs/op
  [2/4]  bench  MerkleCommit/sumhash/Item100000/Count100  15,160,220 ns/op   10,798,619 B/op   1,857 allocs/op
  [3/4]  bench  MerkleCommit/sumhash/Item100000/Count100  15,220,326 ns/op   10,798,590 B/op   1,857 allocs/op
  [4/4]  bench  MerkleCommit/sumhash/Item100000/Count100  15,173,020 ns/op ±2%   10,798,612 B/op ±0%   1,857 allocs/op ±0%    3.65s
  [1/4]  bench  MerkleCommit/sumhash/Item100000/Count1000  133,838,802 ns/op   107,878,712 B/op   17,258 allocs/op
  [2/4]  bench  MerkleCommit/sumhash/Item100000/Count1000  132,803,052 ns/op   107,878,740 B/op   17,258 allocs/op
  [3/4]  bench  MerkleCommit/sumhash/Item100000/Count1000  132,764,957 ns/op   107,878,868 B/op   17,258 allocs/op
  [4/4]  bench  MerkleCommit/sumhash/Item100000/Count1000  132,966,298 ns/op ±1%   107,878,967 B/op ±0%   17,259 allocs/op ±0%    4.56s
  [1/4]  bench  MerkleCommit/sumhash/Item100000/Count10000  1,309,127,167 ns/op   1,078,624,536 B/op   170,481 allocs/op
  [2/4]  bench  MerkleCommit/sumhash/Item100000/Count10000  1,293,886,834 ns/op   1,078,624,968 B/op   170,487 allocs/op
  [3/4]  bench  MerkleCommit/sumhash/Item100000/Count10000  1,297,405,000 ns/op   1,078,624,984 B/op   170,492 allocs/op
  [4/4]  bench  MerkleCommit/sumhash/Item100000/Count10000  1,296,587,584 ns/op ±1%   1,078,625,120 B/op ±0%   170,490 allocs/op ±0%    3.87s
  [1/4]  bench  MerkleCommit/sumhash/Item100000/Count100000  12,800,369,500 ns/op   10,785,728,472 B/op   1,700,764 allocs/op
  [2/4]  bench  MerkleCommit/sumhash/Item100000/Count100000  12,739,122,250 ns/op   10,785,728,136 B/op   1,700,760 allocs/op
  [3/4]  bench  MerkleCommit/sumhash/Item100000/Count100000  12,685,877,139 ns/op   10,785,727,395 B/op   1,700,751 allocs/op
  [4/4]  bench  MerkleCommit/sumhash/Item100000/Count100000  12,641,090,365 ns/op ±1%   10,785,729,716 B/op ±0%   1,700,772 allocs/op ±0%    37.76s
  [1/4]  bench  MerkleCommit/sha256/Item10/Count10    9,248 ns/op   5,514 B/op   107 allocs/op
  [2/4]  bench  MerkleCommit/sha256/Item10/Count10    9,307 ns/op   5,514 B/op   107 allocs/op
  [3/4]  bench  MerkleCommit/sha256/Item10/Count10    9,133 ns/op   5,514 B/op   107 allocs/op
  [4/4]  bench  MerkleCommit/sha256/Item10/Count10    9,195 ns/op ±3%   5,514 B/op ±0%   107 allocs/op    3.93s
  [1/4]  bench  MerkleCommit/sha256/Item10/Count100   42,113 ns/op   33,561 B/op   760 allocs/op
  [2/4]  bench  MerkleCommit/sha256/Item10/Count100   43,065 ns/op   33,550 B/op   760 allocs/op
  [3/4]  bench  MerkleCommit/sha256/Item10/Count100   42,723 ns/op   33,551 B/op   759 allocs/op
  [4/4]  bench  MerkleCommit/sha256/Item10/Count100   42,999 ns/op ±2%   33,551 B/op ±0%   759 allocs/op ±0%    4.91s
  [1/4]  bench  MerkleCommit/sha256/Item10/Count1000  212,877 ns/op   296,471 B/op   7,087 allocs/op
  [2/4]  bench  MerkleCommit/sha256/Item10/Count1000  214,697 ns/op   296,455 B/op   7,087 allocs/op
  [3/4]  bench  MerkleCommit/sha256/Item10/Count1000  213,925 ns/op   296,459 B/op   7,087 allocs/op
  [4/4]  bench  MerkleCommit/sha256/Item10/Count1000  214,659 ns/op ±1%   296,452 B/op ±0%   7,087 allocs/op    3.71s
  [1/4]  bench  MerkleCommit/sha256/Item10/Count10000  1,107,282 ns/op   2,914,714 B/op   70,176 allocs/op
  [2/4]  bench  MerkleCommit/sha256/Item10/Count10000  1,111,694 ns/op   2,914,605 B/op   70,176 allocs/op
  [3/4]  bench  MerkleCommit/sha256/Item10/Count10000  1,108,010 ns/op   2,914,627 B/op   70,176 allocs/op
  [4/4]  bench  MerkleCommit/sha256/Item10/Count10000  1,110,915 ns/op ±1%   2,914,601 B/op ±0%   70,176 allocs/op ±0%    3.96s
  [1/4]  bench  MerkleCommit/sha256/Item10/Count100000  7,176,303 ns/op   28,856,062 B/op   700,272 allocs/op
  [2/4]  bench  MerkleCommit/sha256/Item10/Count100000  7,108,661 ns/op   28,856,128 B/op   700,273 allocs/op
  [3/4]  bench  MerkleCommit/sha256/Item10/Count100000  7,120,737 ns/op   28,856,068 B/op   700,272 allocs/op
  [4/4]  bench  MerkleCommit/sha256/Item10/Count100000  7,067,898 ns/op ±2%   28,856,097 B/op ±0%   700,272 allocs/op ±0%    5.72s
  [1/4]  bench  MerkleCommit/sha256/Item1000/Count10  15,644 ns/op   15,655 B/op   107 allocs/op
  [2/4]  bench  MerkleCommit/sha256/Item1000/Count10  15,624 ns/op   15,656 B/op   107 allocs/op
  [3/4]  bench  MerkleCommit/sha256/Item1000/Count10  15,653 ns/op   15,655 B/op   107 allocs/op
  [4/4]  bench  MerkleCommit/sha256/Item1000/Count10  15,506 ns/op ±2%   15,657 B/op ±0%   107 allocs/op    4.07s
  [1/4]  bench  MerkleCommit/sha256/Item1000/Count100  75,556 ns/op   134,559 B/op   761 allocs/op
  [2/4]  bench  MerkleCommit/sha256/Item1000/Count100  76,647 ns/op   134,553 B/op   761 allocs/op
  [3/4]  bench  MerkleCommit/sha256/Item1000/Count100  77,053 ns/op   134,554 B/op   761 allocs/op
  [4/4]  bench  MerkleCommit/sha256/Item1000/Count100  76,226 ns/op ±3%   134,555 B/op ±0%   761 allocs/op    5.93s
  [1/4]  bench  MerkleCommit/sha256/Item1000/Count1000  428,473 ns/op   1,305,430 B/op   7,096 allocs/op
  [2/4]  bench  MerkleCommit/sha256/Item1000/Count1000  424,736 ns/op   1,305,457 B/op   7,097 allocs/op
  [3/4]  bench  MerkleCommit/sha256/Item1000/Count1000  424,932 ns/op   1,305,451 B/op   7,096 allocs/op
  [4/4]  bench  MerkleCommit/sha256/Item1000/Count1000  423,659 ns/op ±1%   1,305,462 B/op ±0%   7,097 allocs/op ±0%    3.76s
  [1/4]  bench  MerkleCommit/sha256/Item1000/Count10000  3,064,097 ns/op   12,995,295 B/op   70,182 allocs/op
  [2/4]  bench  MerkleCommit/sha256/Item1000/Count10000  3,011,299 ns/op   12,995,303 B/op   70,182 allocs/op
  [3/4]  bench  MerkleCommit/sha256/Item1000/Count10000  2,962,699 ns/op   12,995,248 B/op   70,181 allocs/op
  [4/4]  bench  MerkleCommit/sha256/Item1000/Count10000  2,941,928 ns/op ±3%   12,995,240 B/op ±0%   70,181 allocs/op ±0%    4.36s
  [1/4]  bench  MerkleCommit/sha256/Item1000/Count100000  27,476,521 ns/op   129,655,717 B/op   700,266 allocs/op
  [2/4]  bench  MerkleCommit/sha256/Item1000/Count100000  27,386,738 ns/op   129,655,915 B/op   700,268 allocs/op
  [3/4]  bench  MerkleCommit/sha256/Item1000/Count100000  27,316,917 ns/op   129,655,964 B/op   700,268 allocs/op
  [4/4]  bench  MerkleCommit/sha256/Item1000/Count100000  27,243,664 ns/op ±1%   129,656,016 B/op ±0%   700,269 allocs/op ±0%    3.91s
  [1/4]  bench  MerkleCommit/sha256/Item100000/Count10  233,973 ns/op   1,071,224 B/op   115 allocs/op
  [2/4]  bench  MerkleCommit/sha256/Item100000/Count10  233,762 ns/op   1,071,224 B/op   115 allocs/op
  [3/4]  bench  MerkleCommit/sha256/Item100000/Count10  233,522 ns/op   1,071,225 B/op   115 allocs/op
  [4/4]  bench  MerkleCommit/sha256/Item100000/Count10  234,690 ns/op ±1%   1,071,223 B/op ±0%   115 allocs/op    3.64s
  [1/4]  bench  MerkleCommit/sha256/Item100000/Count100  1,510,736 ns/op   10,683,719 B/op   780 allocs/op
  [2/4]  bench  MerkleCommit/sha256/Item100000/Count100  1,516,895 ns/op   10,683,718 B/op   780 allocs/op
  [3/4]  bench  MerkleCommit/sha256/Item100000/Count100  1,503,529 ns/op   10,683,711 B/op   780 allocs/op
  [4/4]  bench  MerkleCommit/sha256/Item100000/Count100  1,506,442 ns/op ±2%   10,683,704 B/op ±0%   780 allocs/op ±0%    4.05s
  [1/4]  bench  MerkleCommit/sha256/Item100000/Count1000  14,450,782 ns/op   106,779,787 B/op   7,113 allocs/op
  [2/4]  bench  MerkleCommit/sha256/Item100000/Count1000  14,465,628 ns/op   106,779,631 B/op   7,112 allocs/op
  [3/4]  bench  MerkleCommit/sha256/Item100000/Count1000  14,444,918 ns/op   106,779,625 B/op   7,111 allocs/op
  [4/4]  bench  MerkleCommit/sha256/Item100000/Count1000  14,498,977 ns/op ±1%   106,779,588 B/op ±0%   7,111 allocs/op ±0%    3.71s
  [1/4]  bench  MerkleCommit/sha256/Item100000/Count10000  134,732,917 ns/op   1,067,729,172 B/op   70,259 allocs/op
  [2/4]  bench  MerkleCommit/sha256/Item100000/Count10000  135,119,746 ns/op   1,067,728,207 B/op   70,249 allocs/op
  [3/4]  bench  MerkleCommit/sha256/Item100000/Count10000  133,884,648 ns/op   1,067,727,922 B/op   70,247 allocs/op
  [4/4]  bench  MerkleCommit/sha256/Item100000/Count10000  133,675,931 ns/op ±2%   1,067,728,361 B/op ±0%   70,252 allocs/op ±0%    3.73s
  [1/4]  bench  MerkleCommit/sha256/Item100000/Count100000  1,160,816,208 ns/op   10,676,913,336 B/op   700,427 allocs/op
  [2/4]  bench  MerkleCommit/sha256/Item100000/Count100000  1,148,462,854 ns/op   10,676,920,344 B/op   700,501 allocs/op
  [3/4]  bench  MerkleCommit/sha256/Item100000/Count100000  1,149,144,083 ns/op   10,676,921,635 B/op   700,518 allocs/op
  [4/4]  bench  MerkleCommit/sha256/Item100000/Count100000  1,138,666,136 ns/op ±2%   10,676,922,500 B/op ±0%   700,530 allocs/op ±0%    3.4s
  [1/4]  bench  AppendMsgBlockHeader                  31.9 ns/op   31.4 MB/s   0.000 B/op   0.000 allocs/op
  [2/4]  bench  AppendMsgBlockHeader                  32.0 ns/op   31.2 MB/s   0.000 B/op   0.000 allocs/op
  [3/4]  bench  AppendMsgBlockHeader                  32.0 ns/op   31.3 MB/s   0.000 B/op   0.000 allocs/op
  [4/4]  bench  AppendMsgBlockHeader                  32.0 ns/op ±0%   31.2 MB/s ±0%   0.000 B/op   0.000 allocs/op    3.72s
  [1/4]  bench  AppendMsgSignedTxn                    74.3 ns/op   13.5 MB/s   0.000 B/op   0.000 allocs/op
  [2/4]  bench  AppendMsgSignedTxn                    74.0 ns/op   13.5 MB/s   0.000 B/op   0.000 allocs/op
  [3/4]  bench  AppendMsgSignedTxn                    73.9 ns/op   13.5 MB/s   0.000 B/op   0.000 allocs/op
  [4/4]  bench  AppendMsgSignedTxn                    74.0 ns/op ±0%   13.5 MB/s ±0%   0.000 B/op   0.000 allocs/op    3.79s
  [1/4]  bench  PaysetGroups                          5,501 ns/op   110,280 B/op   8.00 allocs/op
  [2/4]  bench  PaysetGroups                          5,526 ns/op   120,826 B/op   8.00 allocs/op
  [3/4]  bench  PaysetGroups                          5,541 ns/op   123,941 B/op   8.00 allocs/op
  [4/4]  bench  PaysetGroups                          5,549 ns/op ±1%   122,458 B/op ±9%   8.00 allocs/op    25.1s
  [1/4]  bench  Txn                                   41,447 ns/op   9,419 B/op   12.0 allocs/op
  [2/4]  bench  Txn                                   41,342 ns/op   9,420 B/op   12.0 allocs/op
  [3/4]  bench  Txn                                   41,334 ns/op   9,420 B/op   12.0 allocs/op
  [4/4]  bench  Txn                                   41,242 ns/op ±1%   9,419 B/op ±0%   12.0 allocs/op    9.05s
  [1/4]  bench  TxHandlerProcessing/processDecoded    9,630 ns/op   4,336 B/op   33.0 allocs/op
  [2/4]  bench  TxHandlerProcessing/processDecoded    9,723 ns/op   4,336 B/op   33.0 allocs/op
  [3/4]  bench  TxHandlerProcessing/processDecoded    9,723 ns/op   4,336 B/op   33.0 allocs/op
  [4/4]  bench  TxHandlerProcessing/processDecoded    9,702 ns/op ±1%   4,336 B/op   33.0 allocs/op    9.37s
  [1/4]  bench  TxHandlerProcessing/verify.TxnGroup   41,563 ns/op   11,328 B/op   16.0 allocs/op
  [2/4]  bench  TxHandlerProcessing/verify.TxnGroup   41,750 ns/op   11,328 B/op   16.0 allocs/op
  [3/4]  bench  TxHandlerProcessing/verify.TxnGroup   41,588 ns/op   11,328 B/op   16.0 allocs/op
  [4/4]  bench  TxHandlerProcessing/verify.TxnGroup   41,512 ns/op ±1%   11,328 B/op   16.0 allocs/op    6.49s
  [1/4]  bench  CompactDeltas/account-deltas          1,481,293 ns/op   4,126,526 B/op   0.000 allocs/op
  [2/4]  bench  CompactDeltas/account-deltas          1,437,524 ns/op   4,125,214 B/op   0.000 allocs/op
  [3/4]  bench  CompactDeltas/account-deltas          1,421,893 ns/op   4,125,215 B/op   0.000 allocs/op
  [4/4]  bench  CompactDeltas/account-deltas          1,412,167 ns/op ±3%   4,126,103 B/op ±0%   0.000 allocs/op    17.61s
