  [1/4]  bench  MerkleCommit/sha512_256/Item10/Count10  14,186 ns/op   6,080 B/op   107 allocs/op
  [2/4]  bench  MerkleCommit/sha512_256/Item10/Count10  13,983 ns/op   6,075 B/op   107 allocs/op
  [3/4]  bench  MerkleCommit/sha512_256/Item10/Count10  13,985 ns/op   6,076 B/op   107 allocs/op
  [4/4]  bench  MerkleCommit/sha512_256/Item10/Count10  14,060 ns/op ±2%   6,076 B/op ±0%   107 allocs/op    4.09s
  [1/4]  bench  MerkleCommit/sha512_256/Item10/Count100  53,894 ns/op   34,687 B/op   761 allocs/op
  [2/4]  bench  MerkleCommit/sha512_256/Item10/Count100  54,510 ns/op   34,677 B/op   761 allocs/op
  [3/4]  bench  MerkleCommit/sha512_256/Item10/Count100  54,574 ns/op   34,672 B/op   760 allocs/op
  [4/4]  bench  MerkleCommit/sha512_256/Item10/Count100  54,538 ns/op ±1%   34,675 B/op ±0%   761 allocs/op ±0%    5.27s
  [1/4]  bench  MerkleCommit/sha512_256/Item10/Count1000  257,870 ns/op   299,004 B/op   7,091 allocs/op
  [2/4]  bench  MerkleCommit/sha512_256/Item10/Count1000  255,441 ns/op   299,031 B/op   7,091 allocs/op
  [3/4]  bench  MerkleCommit/sha512_256/Item10/Count1000  255,479 ns/op   299,031 B/op   7,091 allocs/op
  [4/4]  bench  MerkleCommit/sha512_256/Item10/Count1000  255,035 ns/op ±1%   299,036 B/op ±0%   7,091 allocs/op    3.61s
  [1/4]  bench  MerkleCommit/sha512_256/Item10/Count10000  1,273,730 ns/op   2,920,699 B/op   70,183 allocs/op
  [2/4]  bench  MerkleCommit/sha512_256/Item10/Count10000  1,289,105 ns/op   2,920,592 B/op   70,183 allocs/op
  [3/4]  bench  MerkleCommit/sha512_256/Item10/Count10000  1,286,345 ns/op   2,920,648 B/op   70,183 allocs/op
  [4/4]  bench  MerkleCommit/sha512_256/Item10/Count10000  1,288,808 ns/op ±1%   2,920,610 B/op ±0%   70,183 allocs/op ±0%    4.05s
  [1/4]  bench  MerkleCommit/sha512_256/Item10/Count100000  7,964,690 ns/op   28,866,009 B/op   700,279 allocs/op
  [2/4]  bench  MerkleCommit/sha512_256/Item10/Count100000  7,911,196 ns/op   28,866,356 B/op   700,281 allocs/op
  [3/4]  bench  MerkleCommit/sha512_256/Item10/Count100000  7,882,985 ns/op   28,866,451 B/op   700,282 allocs/op
  [4/4]  bench  MerkleCommit/sha512_256/Item10/Count100000  8,027,765 ns/op ±4%   28,866,221 B/op ±0%   700,280 allocs/op ±0%    6.03s
  [1/4]  bench  MerkleCommit/sha512_256/Item1000/Count10  22,503 ns/op   16,258 B/op   108 allocs/op
  [2/4]  bench  MerkleCommit/sha512_256/Item1000/Count10  22,577 ns/op   16,255 B/op   108 allocs/op
  [3/4]  bench  MerkleCommit/sha512_256/Item1000/Count10  22,409 ns/op   16,256 B/op   108 allocs/op
  [4/4]  bench  MerkleCommit/sha512_256/Item1000/Count10  22,404 ns/op ±1%   16,255 B/op ±0%   108 allocs/op    4.29s
  [1/4]  bench  MerkleCommit/sha512_256/Item1000/Count100  99,029 ns/op   135,858 B/op   763 allocs/op
  [2/4]  bench  MerkleCommit/sha512_256/Item1000/Count100  97,833 ns/op   135,887 B/op   763 allocs/op
  [3/4]  bench  MerkleCommit/sha512_256/Item1000/Count100  97,145 ns/op   135,895 B/op   763 allocs/op
  [4/4]  bench  MerkleCommit/sha512_256/Item1000/Count100  96,767 ns/op ±2%   135,900 B/op ±0%   763 allocs/op    6.51s
  [1/4]  bench  MerkleCommit/sha512_256/Item1000/Count1000  502,000 ns/op   1,308,456 B/op   7,100 allocs/op
  [2/4]  bench  MerkleCommit/sha512_256/Item1000/Count1000  497,376 ns/op   1,308,490 B/op   7,101 allocs/op
  [3/4]  bench  MerkleCommit/sha512_256/Item1000/Count1000  496,360 ns/op   1,308,505 B/op   7,101 allocs/op
  [4/4]  bench  MerkleCommit/sha512_256/Item1000/Count1000  498,657 ns/op ±1%   1,308,494 B/op ±0%   7,101 allocs/op ±0%    3.75s
  [1/4]  bench  MerkleCommit/sha512_256/Item1000/Count10000  3,375,997 ns/op   13,001,200 B/op   70,186 allocs/op
  [2/4]  bench  MerkleCommit/sha512_256/Item1000/Count10000  3,378,434 ns/op   13,001,203 B/op   70,187 allocs/op
  [3/4]  bench  MerkleCommit/sha512_256/Item1000/Count10000  3,402,042 ns/op   13,001,141 B/op   70,186 allocs/op
  [4/4]  bench  MerkleCommit/sha512_256/Item1000/Count10000  3,386,966 ns/op ±2%   13,001,165 B/op ±0%   70,186 allocs/op ±0%    4.61s
  [1/4]  bench  MerkleCommit/sha512_256/Item1000/Count100000  28,958,759 ns/op   129,665,288 B/op   700,273 allocs/op
  [2/4]  bench  MerkleCommit/sha512_256/Item1000/Count100000  28,772,054 ns/op   129,665,507 B/op   700,275 allocs/op
  [3/4]  bench  MerkleCommit/sha512_256/Item1000/Count100000  28,776,005 ns/op   129,665,489 B/op   700,274 allocs/op
  [4/4]  bench  MerkleCommit/sha512_256/Item1000/Count100000  28,898,659 ns/op ±1%   129,665,562 B/op ±0%   700,275 allocs/op ±0%    3.64s
  [1/4]  bench  MerkleCommit/sha512_256/Item100000/Count10  325,775 ns/op   1,072,405 B/op   117 allocs/op
  [2/4]  bench  MerkleCommit/sha512_256/Item100000/Count10  328,059 ns/op   1,072,389 B/op   117 allocs/op
  [3/4]  bench  MerkleCommit/sha512_256/Item100000/Count10  327,248 ns/op   1,072,392 B/op   117 allocs/op
  [4/4]  bench  MerkleCommit/sha512_256/Item100000/Count10  327,606 ns/op ±1%   1,072,392 B/op ±0%   117 allocs/op    3.72s
  [1/4]  bench  MerkleCommit/sha512_256/Item100000/Count100  1,917,610 ns/op   10,685,845 B/op   781 allocs/op
  [2/4]  bench  MerkleCommit/sha512_256/Item100000/Count100  1,954,424 ns/op   10,685,841 B/op   781 allocs/op
  [3/4]  bench  MerkleCommit/sha512_256/Item100000/Count100  1,949,083 ns/op   10,685,855 B/op   781 allocs/op
  [4/4]  bench  MerkleCommit/sha512_256/Item100000/Count100  1,951,372 ns/op ±2%   10,685,847 B/op ±0%   781 allocs/op    4.23s
  [1/4]  bench  MerkleCommit/sha512_256/Item100000/Count1000  17,594,787 ns/op   106,782,703 B/op   7,113 allocs/op
  [2/4]  bench  MerkleCommit/sha512_256/Item100000/Count1000  17,695,879 ns/op   106,782,620 B/op   7,112 allocs/op
  [3/4]  bench  MerkleCommit/sha512_256/Item100000/Count1000  17,653,853 ns/op   106,782,630 B/op   7,112 allocs/op
  [4/4]  bench  MerkleCommit/sha512_256/Item100000/Count1000  17,601,470 ns/op ±1%   106,782,605 B/op ±0%   7,112 allocs/op ±0%    3.55s
  [1/4]  bench  MerkleCommit/sha512_256/Item100000/Count10000  165,579,875 ns/op   1,067,733,070 B/op   70,243 allocs/op
  [2/4]  bench  MerkleCommit/sha512_256/Item100000/Count10000  166,704,628 ns/op   1,067,732,848 B/op   70,242 allocs/op
  [3/4]  bench  MerkleCommit/sha512_256/Item100000/Count10000  166,818,127 ns/op   1,067,732,708 B/op   70,239 allocs/op
  [4/4]  bench  MerkleCommit/sha512_256/Item100000/Count10000  167,342,775 ns/op ±1%   1,067,733,068 B/op ±0%   70,243 allocs/op ±0%    4.02s
  [1/4]  bench  MerkleCommit/sha512_256/Item100000/Count100000  1,368,257,833 ns/op   10,676,937,592 B/op   700,587 allocs/op
  [2/4]  bench  MerkleCommit/sha512_256/Item100000/Count100000  1,387,184,354 ns/op   10,676,943,000 B/op   700,652 allocs/op
  [3/4]  bench  MerkleCommit/sha512_256/Item100000/Count100000  1,382,762,181 ns/op   10,676,943,683 B/op   700,661 allocs/op
  [4/4]  bench  MerkleCommit/sha512_256/Item100000/Count100000  1,383,909,104 ns/op ±1%   10,676,941,972 B/op ±0%   700,644 allocs/op ±0%    4.17s
  [1/4]  bench  MerkleCommit/sumhash/Item10/Count10   52,525 ns/op   16,782 B/op   217 allocs/op
  [2/4]  bench  MerkleCommit/sumhash/Item10/Count10   52,531 ns/op   16,780 B/op   217 allocs/op
  [3/4]  bench  MerkleCommit/sumhash/Item10/Count10   52,370 ns/op   16,786 B/op   217 allocs/op
  [4/4]  bench  MerkleCommit/sumhash/Item10/Count10   52,455 ns/op ±1%   16,783 B/op ±0%   217 allocs/op    5.19s
  [1/4]  bench  MerkleCommit/sumhash/Item10/Count100  237,133 ns/op   134,888 B/op   1,723 allocs/op
  [2/4]  bench  MerkleCommit/sumhash/Item10/Count100  239,341 ns/op   134,857 B/op   1,723 allocs/op
  [3/4]  bench  MerkleCommit/sumhash/Item10/Count100  238,884 ns/op   134,858 B/op   1,723 allocs/op
  [4/4]  bench  MerkleCommit/sumhash/Item10/Count100  239,209 ns/op ±1%   134,847 B/op ±0%   1,723 allocs/op ±0%    3.7s
  [1/4]  bench  MerkleCommit/sumhash/Item10/Count1000  1,073,784 ns/op   1,268,984 B/op   16,243 allocs/op
  [2/4]  bench  MerkleCommit/sumhash/Item10/Count1000  1,080,170 ns/op   1,268,855 B/op   16,242 allocs/op
  [3/4]  bench  MerkleCommit/sumhash/Item10/Count1000  1,077,118 ns/op   1,268,878 B/op   16,242 allocs/op
  [4/4]  bench  MerkleCommit/sumhash/Item10/Count1000  1,077,719 ns/op ±1%   1,268,849 B/op ±0%   16,242 allocs/op ±0%    3.96s
  [1/4]  bench  MerkleCommit/sumhash/Item10/Count10000  6,453,672 ns/op   12,538,591 B/op   160,473 allocs/op
  [2/4]  bench  MerkleCommit/sumhash/Item10/Count10000  6,482,179 ns/op   12,538,492 B/op   160,472 allocs/op
  [3/4]  bench  MerkleCommit/sumhash/Item10/Count10000  6,500,651 ns/op   12,538,399 B/op   160,471 allocs/op
  [4/4]  bench  MerkleCommit/sumhash/Item10/Count10000  6,486,269 ns/op ±1%   12,538,438 B/op ±0%   160,471 allocs/op ±0%    5.55s
  [1/4]  bench  MerkleCommit/sumhash/Item10/Count100000  51,915,470 ns/op   124,885,517 B/op   1,600,649 allocs/op
  [2/4]  bench  MerkleCommit/sumhash/Item10/Count100000  51,435,839 ns/op   124,885,749 B/op   1,600,652 allocs/op
  [3/4]  bench  MerkleCommit/sumhash/Item10/Count100000  51,656,802 ns/op   124,885,579 B/op   1,600,650 allocs/op
  [4/4]  bench  MerkleCommit/sumhash/Item10/Count100000  51,290,382 ns/op ±2%   124,885,610 B/op ±0%   1,600,650 allocs/op ±0%    3.53s
  [1/4]  bench  MerkleCommit/sumhash/Item1000/Count10  106,398 ns/op   28,652 B/op   233 allocs/op
  [2/4]  bench  MerkleCommit/sumhash/Item1000/Count10  107,242 ns/op   28,644 B/op   233 allocs/op
  [3/4]  bench  MerkleCommit/sumhash/Item1000/Count10  107,019 ns/op   28,646 B/op   233 allocs/op
  [4/4]  bench  MerkleCommit/sumhash/Item1000/Count10  107,294 ns/op ±1%   28,646 B/op ±0%   233 allocs/op    3.26s
  [1/4]  bench  MerkleCommit/sumhash/Item1000/Count100  458,777 ns/op   250,229 B/op   1,844 allocs/op
  [2/4]  bench  MerkleCommit/sumhash/Item1000/Count100  462,623 ns/op   250,177 B/op   1,844 allocs/op
  [3/4]  bench  MerkleCommit/sumhash/Item1000/Count100  460,781 ns/op   250,189 B/op   1,844 allocs/op
  [4/4]  bench  MerkleCommit/sumhash/Item1000/Count100  460,238 ns/op ±1%   250,194 B/op ±0%   1,844 allocs/op ±0%    3.78s
  [1/4]  bench  MerkleCommit/sumhash/Item1000/Count1000  2,510,950 ns/op   2,406,552 B/op   17,262 allocs/op
  [2/4]  bench  MerkleCommit/sumhash/Item1000/Count1000  2,527,877 ns/op   2,406,493 B/op   17,262 allocs/op
  [3/4]  bench  MerkleCommit/sumhash/Item1000/Count1000  2,525,395 ns/op   2,406,507 B/op   17,262 allocs/op
  [4/4]  bench  MerkleCommit/sumhash/Item1000/Count1000  2,537,236 ns/op ±1%   2,406,454 B/op ±0%   17,261 allocs/op ±0%    4.37s
  [1/4]  bench  MerkleCommit/sumhash/Item1000/Count10000  19,701,779 ns/op   23,898,644 B/op   170,473 allocs/op
  [2/4]  bench  MerkleCommit/sumhash/Item1000/Count10000  19,693,735 ns/op   23,898,744 B/op   170,474 allocs/op
  [3/4]  bench  MerkleCommit/sumhash/Item1000/Count10000  19,813,541 ns/op   23,898,493 B/op   170,471 allocs/op
  [4/4]  bench  MerkleCommit/sumhash/Item1000/Count10000  19,768,493 ns/op ±1%   23,898,674 B/op ±0%   170,473 allocs/op ±0%    3.62s
  [1/4]  bench  MerkleCommit/sumhash/Item1000/Count100000  179,805,722 ns/op   238,486,530 B/op   1,700,656 allocs/op
  [2/4]  bench  MerkleCommit/sumhash/Item1000/Count100000  180,507,073 ns/op   238,486,784 B/op   1,700,659 allocs/op
  [3/4]  bench  MerkleCommit/sumhash/Item1000/Count100000  180,305,664 ns/op   238,486,420 B/op   1,700,654 allocs/op
  [4/4]  bench  MerkleCommit/sumhash/Item1000/Count100000  179,146,778 ns/op ±2%   238,486,522 B/op ±0%   1,700,655 allocs/op ±0%    3.75s
  [1/4]  bench  MerkleCommit/sumhash/Item100000/Count10  2,114,905 ns/op   1,085,577 B/op   259 allocs/op
  [2/4]  bench  MerkleCommit/sumhash/Item100000/Count10  2,090,843 ns/op   1,085,592 B/op   259 allocs/op
  [3/4]  bench  MerkleCommit/sumhash/Item100000/Count10  2,100,296 ns/op   1,085,593 B/op   259 allocs/op
  [4/4]  bench  MerkleCommit/sumhash/Item100000/Count10  2,093,679 ns/op ±1%   1,085,595 B/op ±0%   259 allocs/op    4.28s
  [1/4]  bench  MerkleCommit/sumhash/Item100000/Count100  15,291,790 ns/op   10,798,603 B/op   1,857 allocs/op
  [2/4]  bench  MerkleCommit/sumhash/Item100000/Count100  15,115,327 ns/op   10,798,632 B/op   1,857 allocs/op
  [3/4]  bench  MerkleCommit/sumhash/Item100000/Count100  15,185,973 ns/op   10,798,614 B/op   1,857 allocs/op
  [4/4]  bench  MerkleCommit/sumhash/Item100000/Count100  15,178,365 ns/op ±1%   10,798,629 B/op ±0%   1,857 allocs/op ±0%    3.57s
  [1/4]  bench  MerkleCommit/sumhash/Item100000/Count1000  130,731,672 ns/op   107,878,742 B/op   17,257 allocs/op
  [2/4]  bench  MerkleCommit/sumhash/Item100000/Count1000  133,803,433 ns/op   107,878,843 B/op   17,259 allocs/op
  [3/4]  bench  MerkleCommit/sumhash/Item100000/Count1000  132,836,854 ns/op   107,878,913 B/op   17,259 allocs/op
  [4/4]  bench  MerkleCommit/sumhash/Item100000/Count1000  133,626,991 ns/op ±2%   107,878,704 B/op ±0%   17,257 allocs/op ±0%    3.62s
  [1/4]  bench  MerkleCommit/sumhash/Item100000/Count10000  1,275,102,833 ns/op   1,078,625,352 B/op   170,483 allocs/op
  [2/4]  bench  MerkleCommit/sumhash/Item100000/Count10000  1,295,003,417 ns/op   1,078,624,640 B/op   170,481 allocs/op
  [3/4]  bench  MerkleCommit/sumhash/Item100000/Count10000  1,288,654,653 ns/op   1,078,625,192 B/op   170,488 allocs/op
  [4/4]  bench  MerkleCommit/sumhash/Item100000/Count10000  1,292,124,781 ns/op ±2%   1,078,624,892 B/op ±0%   170,487 allocs/op ±0%    3.89s
  [1/4]  bench  MerkleCommit/sumhash/Item100000/Count100000  12,735,656,667 ns/op   10,785,725,208 B/op   1,700,718 allocs/op
  [2/4]  bench  MerkleCommit/sumhash/Item100000/Count100000  12,702,082,584 ns/op   10,785,722,856 B/op   1,700,695 allocs/op
  [3/4]  bench  MerkleCommit/sumhash/Item100000/Count100000  12,654,002,389 ns/op   10,785,724,984 B/op   1,700,711 allocs/op
  [4/4]  bench  MerkleCommit/sumhash/Item100000/Count100000  12,600,189,886 ns/op ±1%   10,785,726,096 B/op ±0%   1,700,725 allocs/op ±0%    37.67s
  [1/4]  bench  MerkleCommit/sha256/Item10/Count10    9,208 ns/op   5,514 B/op   107 allocs/op
  [2/4]  bench  MerkleCommit/sha256/Item10/Count10    9,089 ns/op   5,514 B/op   107 allocs/op
  [3/4]  bench  MerkleCommit/sha256/Item10/Count10    8,974 ns/op   5,514 B/op   107 allocs/op
  [4/4]  bench  MerkleCommit/sha256/Item10/Count10    8,941 ns/op ±3%   5,514 B/op ±0%   107 allocs/op    3.91s
  [1/4]  bench  MerkleCommit/sha256/Item10/Count100   43,178 ns/op   33,542 B/op   759 allocs/op
  [2/4]  bench  MerkleCommit/sha256/Item10/Count100   43,552 ns/op   33,546 B/op   759 allocs/op
  [3/4]  bench  MerkleCommit/sha256/Item10/Count100   43,619 ns/op   33,549 B/op   759 allocs/op
  [4/4]  bench  MerkleCommit/sha256/Item10/Count100   43,812 ns/op ±1%   33,546 B/op ±0%   759 allocs/op    4.95s
  [1/4]  bench  MerkleCommit/sha256/Item10/Count1000  214,184 ns/op   296,482 B/op   7,087 allocs/op
  [2/4]  bench  MerkleCommit/sha256/Item10/Count1000  214,278 ns/op   296,465 B/op   7,087 allocs/op
  [3/4]  bench  MerkleCommit/sha256/Item10/Count1000  214,289 ns/op   296,465 B/op   7,087 allocs/op
  [4/4]  bench  MerkleCommit/sha256/Item10/Count1000  214,147 ns/op ±0%   296,466 B/op ±0%   7,087 allocs/op    3.58s
  [1/4]  bench  MerkleCommit/sha256/Item10/Count10000  1,111,841 ns/op   2,914,463 B/op   70,174 allocs/op
  [2/4]  bench  MerkleCommit/sha256/Item10/Count10000  1,101,431 ns/op   2,914,567 B/op   70,175 allocs/op
  [3/4]  bench  MerkleCommit/sha256/Item10/Count10000  1,104,916 ns/op   2,914,548 B/op   70,175 allocs/op
  [4/4]  bench  MerkleCommit/sha256/Item10/Count10000  1,100,534 ns/op ±1%   2,914,565 B/op ±0%   70,175 allocs/op ±0%    3.95s
  [1/4]  bench  MerkleCommit/sha256/Item10/Count100000  7,103,297 ns/op   28,856,083 B/op   700,272 allocs/op
  [2/4]  bench  MerkleCommit/sha256/Item10/Count100000  7,127,447 ns/op   28,855,994 B/op   700,271 allocs/op
  [3/4]  bench  MerkleCommit/sha256/Item10/Count100000  7,085,893 ns/op   28,856,070 B/op   700,272 allocs/op
  [4/4]  bench  MerkleCommit/sha256/Item10/Count100000  7,052,153 ns/op ±1%   28,856,126 B/op ±0%   700,272 allocs/op ±0%    5.72s
  [1/4]  bench  MerkleCommit/sha256/Item1000/Count10  16,295 ns/op   15,652 B/op   107 allocs/op
  [2/4]  bench  MerkleCommit/sha256/Item1000/Count10  16,036 ns/op   15,656 B/op   107 allocs/op
  [3/4]  bench  MerkleCommit/sha256/Item1000/Count10  16,059 ns/op   15,655 B/op   107 allocs/op
  [4/4]  bench  MerkleCommit/sha256/Item1000/Count10  15,980 ns/op ±2%   15,656 B/op ±0%   107 allocs/op    4.03s
  [1/4]  bench  MerkleCommit/sha256/Item1000/Count100  79,904 ns/op   134,548 B/op   761 allocs/op
  [2/4]  bench  MerkleCommit/sha256/Item1000/Count100  79,410 ns/op   134,552 B/op   761 allocs/op
  [3/4]  bench  MerkleCommit/sha256/Item1000/Count100  78,237 ns/op   134,555 B/op   761 allocs/op
  [4/4]  bench  MerkleCommit/sha256/Item1000/Count100  78,209 ns/op ±3%   134,555 B/op ±0%   761 allocs/op    5.97s
  [1/4]  bench  MerkleCommit/sha256/Item1000/Count1000  418,323 ns/op   1,305,500 B/op   7,097 allocs/op
  [2/4]  bench  MerkleCommit/sha256/Item1000/Count1000  420,360 ns/op   1,305,488 B/op   7,097 allocs/op
  [3/4]  bench  MerkleCommit/sha256/Item1000/Count1000  420,853 ns/op   1,305,492 B/op   7,097 allocs/op
  [4/4]  bench  MerkleCommit/sha256/Item1000/Count1000  423,119 ns/op ±1%   1,305,477 B/op ±0%   7,097 allocs/op ±0%    3.77s
  [1/4]  bench  MerkleCommit/sha256/Item1000/Count10000  2,837,618 ns/op   12,995,206 B/op   70,181 allocs/op
  [2/4]  bench  MerkleCommit/sha256/Item1000/Count10000  2,864,880 ns/op   12,995,169 B/op   70,181 allocs/op
  [3/4]  bench  MerkleCommit/sha256/Item1000/Count10000  2,894,264 ns/op   12,995,207 B/op   70,181 allocs/op
  [4/4]  bench  MerkleCommit/sha256/Item1000/Count10000  2,922,296 ns/op ±3%   12,995,232 B/op ±0%   70,181 allocs/op ±0%    4.72s
  [1/4]  bench  MerkleCommit/sha256/Item1000/Count100000  27,092,748 ns/op   129,656,161 B/op   700,270 allocs/op
  [2/4]  bench  MerkleCommit/sha256/Item1000/Count100000  27,226,396 ns/op   129,656,085 B/op   700,270 allocs/op
  [3/4]  bench  MerkleCommit/sha256/Item1000/Count100000  27,196,337 ns/op   129,656,210 B/op   700,271 allocs/op
  [4/4]  bench  MerkleCommit/sha256/Item1000/Count100000  27,262,523 ns/op ±1%   129,656,123 B/op ±0%   700,270 allocs/op ±0%    3.72s
  [1/4]  bench  MerkleCommit/sha256/Item100000/Count10  227,601 ns/op   1,071,215 B/op   115 allocs/op
  [2/4]  bench  MerkleCommit/sha256/Item100000/Count10  229,410 ns/op   1,071,213 B/op   115 allocs/op
  [3/4]  bench  MerkleCommit/sha256/Item100000/Count10  228,865 ns/op   1,071,216 B/op   115 allocs/op
  [4/4]  bench  MerkleCommit/sha256/Item100000/Count10  229,339 ns/op ±1%   1,071,215 B/op ±0%   115 allocs/op    3.69s
  [1/4]  bench  MerkleCommit/sha256/Item100000/Count100  1,499,054 ns/op   10,683,716 B/op   780 allocs/op
  [2/4]  bench  MerkleCommit/sha256/Item100000/Count100  1,505,844 ns/op   10,683,701 B/op   780 allocs/op
  [3/4]  bench  MerkleCommit/sha256/Item100000/Count100  1,503,249 ns/op   10,683,704 B/op   780 allocs/op
  [4/4]  bench  MerkleCommit/sha256/Item100000/Count100  1,503,118 ns/op ±0%   10,683,710 B/op ±0%   780 allocs/op ±0%    4.06s
  [1/4]  bench  MerkleCommit/sha256/Item100000/Count1000  14,355,250 ns/op   106,779,643 B/op   7,111 allocs/op
  [2/4]  bench  MerkleCommit/sha256/Item100000/Count1000  14,281,417 ns/op   106,779,588 B/op   7,111 allocs/op
  [3/4]  bench  MerkleCommit/sha256/Item100000/Count1000  14,347,616 ns/op   106,779,566 B/op   7,110 allocs/op
  [4/4]  bench  MerkleCommit/sha256/Item100000/Count1000  14,303,964 ns/op ±1%   106,779,576 B/op ±0%   7,111 allocs/op ±0%    3.51s
  [1/4]  bench  MerkleCommit/sha256/Item100000/Count10000  132,776,406 ns/op   1,067,728,602 B/op   70,254 allocs/op
  [2/4]  bench  MerkleCommit/sha256/Item100000/Count10000  132,461,745 ns/op   1,067,727,687 B/op   70,245 allocs/op
  [3/4]  bench  MerkleCommit/sha256/Item100000/Count10000  133,491,000 ns/op   1,067,727,381 B/op   70,241 allocs/op
  [4/4]  bench  MerkleCommit/sha256/Item100000/Count10000  133,108,756 ns/op ±1%   1,067,727,806 B/op ±0%   70,246 allocs/op ±0%    3.6s
  [1/4]  bench  MerkleCommit/sha256/Item100000/Count100000  1,122,844,833 ns/op   10,676,923,000 B/op   700,542 allocs/op
  [2/4]  bench  MerkleCommit/sha256/Item100000/Count100000  1,127,640,417 ns/op   10,676,921,208 B/op   700,530 allocs/op
  [3/4]  bench  MerkleCommit/sha256/Item100000/Count100000  1,101,938,625 ns/op   10,676,920,163 B/op   700,544 allocs/op
  [4/4]  bench  MerkleCommit/sha256/Item100000/Count100000  1,094,727,250 ns/op ±4%   10,676,918,940 B/op ±0%   700,545 allocs/op ±0%    3.26s
  [1/4]  bench  AppendMsgBlockHeader                  31.9 ns/op   31.4 MB/s   0.000 B/op   0.000 allocs/op
  [2/4]  bench  AppendMsgBlockHeader                  32.0 ns/op   31.2 MB/s   0.000 B/op   0.000 allocs/op
  [3/4]  bench  AppendMsgBlockHeader                  32.0 ns/op   31.2 MB/s   0.000 B/op   0.000 allocs/op
  [4/4]  bench  AppendMsgBlockHeader                  32.1 ns/op ±1%   31.2 MB/s ±1%   0.000 B/op   0.000 allocs/op    3.68s
  [1/4]  bench  AppendMsgSignedTxn                    74.7 ns/op   13.4 MB/s   0.000 B/op   0.000 allocs/op
  [2/4]  bench  AppendMsgSignedTxn                    74.2 ns/op   13.5 MB/s   0.000 B/op   0.000 allocs/op
  [3/4]  bench  AppendMsgSignedTxn                    74.3 ns/op   13.5 MB/s   0.000 B/op   0.000 allocs/op
  [4/4]  bench  AppendMsgSignedTxn                    74.1 ns/op ±1%   13.5 MB/s ±1%   0.000 B/op   0.000 allocs/op    3.84s
  [1/4]  bench  PaysetGroups                          5,589 ns/op   132,089 B/op   8.00 allocs/op
  [2/4]  bench  PaysetGroups                          5,576 ns/op   131,791 B/op   8.00 allocs/op
  [3/4]  bench  PaysetGroups                          5,588 ns/op   126,035 B/op   8.00 allocs/op
  [4/4]  bench  PaysetGroups                          5,754 ns/op ±6%   126,148 B/op ±7%   8.00 allocs/op    24.91s
  [1/4]  bench  Txn                                   42,456 ns/op   9,419 B/op   12.0 allocs/op
  [2/4]  bench  Txn                                   42,103 ns/op   9,417 B/op   12.0 allocs/op
  [3/4]  bench  Txn                                   41,965 ns/op   9,418 B/op   12.0 allocs/op
  [4/4]  bench  Txn                                   41,799 ns/op ±1%   9,420 B/op ±0%   12.0 allocs/op    9.08s
  [1/4]  bench  TxHandlerProcessing/processDecoded    9,676 ns/op   4,336 B/op   33.0 allocs/op
  [2/4]  bench  TxHandlerProcessing/processDecoded    9,757 ns/op   4,336 B/op   33.0 allocs/op
  [3/4]  bench  TxHandlerProcessing/processDecoded    9,782 ns/op   4,336 B/op   33.0 allocs/op
  [4/4]  bench  TxHandlerProcessing/processDecoded    9,763 ns/op ±1%   4,336 B/op   33.0 allocs/op    9.47s
  [1/4]  bench  TxHandlerProcessing/verify.TxnGroup   41,658 ns/op   11,328 B/op   16.0 allocs/op
  [2/4]  bench  TxHandlerProcessing/verify.TxnGroup   41,423 ns/op   11,328 B/op   16.0 allocs/op
  [3/4]  bench  TxHandlerProcessing/verify.TxnGroup   41,536 ns/op   11,328 B/op   16.0 allocs/op
  [4/4]  bench  TxHandlerProcessing/verify.TxnGroup   41,510 ns/op ±1%   11,328 B/op   16.0 allocs/op    6.52s
  [1/4]  bench  CompactDeltas/account-deltas          1,505,070 ns/op   4,135,551 B/op   0.000 allocs/op
  [2/4]  bench  CompactDeltas/account-deltas          1,441,228 ns/op   4,133,500 B/op   0.000 allocs/op
  [3/4]  bench  CompactDeltas/account-deltas          1,433,236 ns/op   4,136,201 B/op   0.000 allocs/op
  [4/4]  bench  CompactDeltas/account-deltas          1,423,016 ns/op ±4%   4,139,028 B/op ±0%   0.000 allocs/op    17.32s
