  [1/4]  bench  MerkleCommit/sha512_256/Item10/Count10  14,174 ns/op   6,076 B/op   107 allocs/op
  [2/4]  bench  MerkleCommit/sha512_256/Item10/Count10  14,101 ns/op   6,080 B/op   107 allocs/op
  [3/4]  bench  MerkleCommit/sha512_256/Item10/Count10  14,180 ns/op   6,079 B/op   107 allocs/op
  [4/4]  bench  MerkleCommit/sha512_256/Item10/Count10  14,164 ns/op ±1%   6,079 B/op ±0%   107 allocs/op    4.04s
  [1/4]  bench  MerkleCommit/sha512_256/Item10/Count100  54,081 ns/op   34,672 B/op   761 allocs/op
  [2/4]  bench  MerkleCommit/sha512_256/Item10/Count100  54,386 ns/op   34,667 B/op   761 allocs/op
  [3/4]  bench  MerkleCommit/sha512_256/Item10/Count100  54,170 ns/op   34,671 B/op   761 allocs/op
  [4/4]  bench  MerkleCommit/sha512_256/Item10/Count100  54,204 ns/op ±1%   34,670 B/op ±0%   761 allocs/op ±0%    5.25s
  [1/4]  bench  MerkleCommit/sha512_256/Item10/Count1000  253,141 ns/op   299,073 B/op   7,091 allocs/op
  [2/4]  bench  MerkleCommit/sha512_256/Item10/Count1000  254,491 ns/op   299,045 B/op   7,091 allocs/op
  [3/4]  bench  MerkleCommit/sha512_256/Item10/Count1000  254,254 ns/op   299,048 B/op   7,091 allocs/op
  [4/4]  bench  MerkleCommit/sha512_256/Item10/Count1000  255,218 ns/op ±1%   299,039 B/op ±0%   7,091 allocs/op    3.71s
  [1/4]  bench  MerkleCommit/sha512_256/Item10/Count10000  1,284,709 ns/op   2,920,741 B/op   70,184 allocs/op
  [2/4]  bench  MerkleCommit/sha512_256/Item10/Count10000  1,295,048 ns/op   2,920,572 B/op   70,183 allocs/op
  [3/4]  bench  MerkleCommit/sha512_256/Item10/Count10000  1,289,334 ns/op   2,920,616 B/op   70,183 allocs/op
  [4/4]  bench  MerkleCommit/sha512_256/Item10/Count10000  1,297,222 ns/op ±2%   2,920,522 B/op ±0%   70,183 allocs/op ±0%    4.03s
  [1/4]  bench  MerkleCommit/sha512_256/Item10/Count100000  7,734,592 ns/op   28,866,567 B/op   700,283 allocs/op
  [2/4]  bench  MerkleCommit/sha512_256/Item10/Count100000  7,776,555 ns/op   28,866,628 B/op   700,283 allocs/op
  [3/4]  bench  MerkleCommit/sha512_256/Item10/Count100000  7,900,126 ns/op   28,866,443 B/op   700,282 allocs/op
  [4/4]  bench  MerkleCommit/sha512_256/Item10/Count100000  7,932,560 ns/op ±3%   28,866,341 B/op ±0%   700,281 allocs/op ±0%    6.01s
  [1/4]  bench  MerkleCommit/sha512_256/Item1000/Count10  22,578 ns/op   16,256 B/op   108 allocs/op
  [2/4]  bench  MerkleCommit/sha512_256/Item1000/Count10  22,966 ns/op   16,255 B/op   108 allocs/op
  [3/4]  bench  MerkleCommit/sha512_256/Item1000/Count10  22,688 ns/op   16,255 B/op   108 allocs/op
  [4/4]  bench  MerkleCommit/sha512_256/Item1000/Count10  22,721 ns/op ±3%   16,254 B/op ±0%   108 allocs/op    4.32s
  [1/4]  bench  MerkleCommit/sha512_256/Item1000/Count100  96,775 ns/op   135,892 B/op   763 allocs/op
  [2/4]  bench  MerkleCommit/sha512_256/Item1000/Count100  96,466 ns/op   135,910 B/op   763 allocs/op
  [3/4]  bench  MerkleCommit/sha512_256/Item1000/Count100  96,265 ns/op   135,915 B/op   763 allocs/op
  [4/4]  bench  MerkleCommit/sha512_256/Item1000/Count100  96,381 ns/op ±0%   135,909 B/op ±0%   763 allocs/op    6.51s
  [1/4]  bench  MerkleCommit/sha512_256/Item1000/Count1000  494,512 ns/op   1,308,517 B/op   7,101 allocs/op
  [2/4]  bench  MerkleCommit/sha512_256/Item1000/Count1000  496,266 ns/op   1,308,487 B/op   7,101 allocs/op
  [3/4]  bench  MerkleCommit/sha512_256/Item1000/Count1000  495,714 ns/op   1,308,509 B/op   7,101 allocs/op
  [4/4]  bench  MerkleCommit/sha512_256/Item1000/Count1000  497,008 ns/op ±1%   1,308,490 B/op ±0%   7,101 allocs/op ±0%    3.78s
  [1/4]  bench  MerkleCommit/sha512_256/Item1000/Count10000  3,390,964 ns/op   13,001,175 B/op   70,186 allocs/op
  [2/4]  bench  MerkleCommit/sha512_256/Item1000/Count10000  3,377,673 ns/op   13,001,060 B/op   70,186 allocs/op
  [3/4]  bench  MerkleCommit/sha512_256/Item1000/Count10000  3,365,007 ns/op   13,001,091 B/op   70,186 allocs/op
  [4/4]  bench  MerkleCommit/sha512_256/Item1000/Count10000  3,365,576 ns/op ±1%   13,001,118 B/op ±0%   70,186 allocs/op ±0%    4.57s
  [1/4]  bench  MerkleCommit/sha512_256/Item1000/Count100000  28,662,397 ns/op   129,665,768 B/op   700,276 allocs/op
  [2/4]  bench  MerkleCommit/sha512_256/Item1000/Count100000  28,892,292 ns/op   129,665,529 B/op   700,275 allocs/op
  [3/4]  bench  MerkleCommit/sha512_256/Item1000/Count100000  28,841,464 ns/op   129,665,684 B/op   700,276 allocs/op
  [4/4]  bench  MerkleCommit/sha512_256/Item1000/Count100000  28,877,283 ns/op ±1%   129,665,643 B/op ±0%   700,276 allocs/op ±0%    3.65s
  [1/4]  bench  MerkleCommit/sha512_256/Item100000/Count10  325,597 ns/op   1,072,400 B/op   117 allocs/op
  [2/4]  bench  MerkleCommit/sha512_256/Item100000/Count10  328,562 ns/op   1,072,390 B/op   117 allocs/op
  [3/4]  bench  MerkleCommit/sha512_256/Item100000/Count10  327,691 ns/op   1,072,393 B/op   117 allocs/op
  [4/4]  bench  MerkleCommit/sha512_256/Item100000/Count10  328,030 ns/op ±1%   1,072,394 B/op ±0%   117 allocs/op    3.75s
  [1/4]  bench  MerkleCommit/sha512_256/Item100000/Count100  1,928,100 ns/op   10,685,824 B/op   781 allocs/op
  [2/4]  bench  MerkleCommit/sha512_256/Item100000/Count100  1,945,580 ns/op   10,685,822 B/op   781 allocs/op
  [3/4]  bench  MerkleCommit/sha512_256/Item100000/Count100  1,943,007 ns/op   10,685,832 B/op   781 allocs/op
  [4/4]  bench  MerkleCommit/sha512_256/Item100000/Count100  1,949,412 ns/op ±1%   10,685,828 B/op ±0%   781 allocs/op    4.2s
  [1/4]  bench  MerkleCommit/sha512_256/Item100000/Count1000  17,713,458 ns/op   106,782,552 B/op   7,111 allocs/op
  [2/4]  bench  MerkleCommit/sha512_256/Item100000/Count1000  17,814,430 ns/op   106,782,438 B/op   7,110 allocs/op
  [3/4]  bench  MerkleCommit/sha512_256/Item100000/Count1000  17,760,432 ns/op   106,782,426 B/op   7,110 allocs/op
  [4/4]  bench  MerkleCommit/sha512_256/Item100000/Count1000  17,762,774 ns/op ±1%   106,782,455 B/op ±0%   7,110 allocs/op ±0%    3.47s
  [1/4]  bench  MerkleCommit/sha512_256/Item100000/Count10000  166,902,798 ns/op   1,067,733,416 B/op   70,249 allocs/op
  [2/4]  bench  MerkleCommit/sha512_256/Item100000/Count10000  166,149,283 ns/op   1,067,733,347 B/op   70,247 allocs/op
  [3/4]  bench  MerkleCommit/sha512_256/Item100000/Count10000  166,279,929 ns/op   1,067,732,853 B/op   70,243 allocs/op
  [4/4]  bench  MerkleCommit/sha512_256/Item100000/Count10000  166,502,089 ns/op ±1%   1,067,732,726 B/op ±0%   70,241 allocs/op ±0%    3.99s
  [1/4]  bench  MerkleCommit/sha512_256/Item100000/Count100000  1,385,687,625 ns/op   10,676,932,520 B/op   700,560 allocs/op
  [2/4]  bench  MerkleCommit/sha512_256/Item100000/Count100000  1,364,563,438 ns/op   10,676,934,184 B/op   700,579 allocs/op
  [3/4]  bench  MerkleCommit/sha512_256/Item100000/Count100000  1,372,409,361 ns/op   10,676,930,547 B/op   700,541 allocs/op
  [4/4]  bench  MerkleCommit/sha512_256/Item100000/Count100000  1,373,400,844 ns/op ±2%   10,676,932,620 B/op ±0%   700,558 allocs/op ±0%    4.11s
  [1/4]  bench  MerkleCommit/sumhash/Item10/Count10   51,837 ns/op   16,793 B/op   217 allocs/op
  [2/4]  bench  MerkleCommit/sumhash/Item10/Count10   51,915 ns/op   16,791 B/op   217 allocs/op
  [3/4]  bench  MerkleCommit/sumhash/Item10/Count10   51,905 ns/op   16,787 B/op   217 allocs/op
  [4/4]  bench  MerkleCommit/sumhash/Item10/Count10   51,724 ns/op ±1%   16,789 B/op ±0%   217 allocs/op    5.16s
  [1/4]  bench  MerkleCommit/sumhash/Item10/Count100  239,741 ns/op   134,817 B/op   1,722 allocs/op
  [2/4]  bench  MerkleCommit/sumhash/Item10/Count100  239,194 ns/op   134,851 B/op   1,723 allocs/op
  [3/4]  bench  MerkleCommit/sumhash/Item10/Count100  239,166 ns/op   134,844 B/op   1,722 allocs/op
  [4/4]  bench  MerkleCommit/sumhash/Item10/Count100  239,365 ns/op ±0%   134,847 B/op ±0%   1,723 allocs/op ±0%    3.68s
  [1/4]  bench  MerkleCommit/sumhash/Item10/Count1000  1,082,188 ns/op   1,268,766 B/op   16,241 allocs/op
  [2/4]  bench  MerkleCommit/sumhash/Item10/Count1000  1,076,450 ns/op   1,268,807 B/op   16,242 allocs/op
  [3/4]  bench  MerkleCommit/sumhash/Item10/Count1000  1,076,193 ns/op   1,268,802 B/op   16,241 allocs/op
  [4/4]  bench  MerkleCommit/sumhash/Item10/Count1000  1,074,458 ns/op ±1%   1,268,800 B/op ±0%   16,241 allocs/op ±0%    3.87s
  [1/4]  bench  MerkleCommit/sumhash/Item10/Count10000  6,524,383 ns/op   12,538,033 B/op   160,467 allocs/op
  [2/4]  bench  MerkleCommit/sumhash/Item10/Count10000  6,465,680 ns/op   12,538,232 B/op   160,469 allocs/op
  [3/4]  bench  MerkleCommit/sumhash/Item10/Count10000  6,455,794 ns/op   12,538,277 B/op   160,470 allocs/op
  [4/4]  bench  MerkleCommit/sumhash/Item10/Count10000  6,468,991 ns/op ±1%   12,538,209 B/op ±0%   160,469 allocs/op ±0%    5.52s
  [1/4]  bench  MerkleCommit/sumhash/Item10/Count100000  52,792,390 ns/op   124,885,483 B/op   1,600,649 allocs/op
  [2/4]  bench  MerkleCommit/sumhash/Item10/Count100000  52,229,865 ns/op   124,885,444 B/op   1,600,649 allocs/op
  [3/4]  bench  MerkleCommit/sumhash/Item10/Count100000  51,751,456 ns/op   124,885,508 B/op   1,600,649 allocs/op
  [4/4]  bench  MerkleCommit/sumhash/Item10/Count100000  51,461,299 ns/op ±2%   124,885,612 B/op ±0%   1,600,651 allocs/op ±0%    3.53s
  [1/4]  bench  MerkleCommit/sumhash/Item1000/Count10  108,678 ns/op   28,660 B/op   233 allocs/op
  [2/4]  bench  MerkleCommit/sumhash/Item1000/Count10  107,773 ns/op   28,661 B/op   233 allocs/op
  [3/4]  bench  MerkleCommit/sumhash/Item1000/Count10  108,136 ns/op   28,659 B/op   233 allocs/op
  [4/4]  bench  MerkleCommit/sumhash/Item1000/Count10  107,899 ns/op ±1%   28,658 B/op ±0%   233 allocs/op    3.26s
  [1/4]  bench  MerkleCommit/sumhash/Item1000/Count100  458,228 ns/op   250,206 B/op   1,844 allocs/op
  [2/4]  bench  MerkleCommit/sumhash/Item1000/Count100  459,822 ns/op   250,183 B/op   1,844 allocs/op
  [3/4]  bench  MerkleCommit/sumhash/Item1000/Count100  459,475 ns/op   250,201 B/op   1,844 allocs/op
  [4/4]  bench  MerkleCommit/sumhash/Item1000/Count100  460,957 ns/op ±1%   250,188 B/op ±0%   1,844 allocs/op ±0%    3.7s
  [1/4]  bench  MerkleCommit/sumhash/Item1000/Count1000  2,513,765 ns/op   2,406,598 B/op   17,263 allocs/op
  [2/4]  bench  MerkleCommit/sumhash/Item1000/Count1000  2,562,162 ns/op   2,406,287 B/op   17,259 allocs/op
  [3/4]  bench  MerkleCommit/sumhash/Item1000/Count1000  2,544,563 ns/op   2,406,396 B/op   17,260 allocs/op
  [4/4]  bench  MerkleCommit/sumhash/Item1000/Count1000  2,537,540 ns/op ±2%   2,406,425 B/op ±0%   17,261 allocs/op ±0%    4.29s
  [1/4]  bench  MerkleCommit/sumhash/Item1000/Count10000  19,787,248 ns/op   23,899,101 B/op   170,478 allocs/op
  [2/4]  bench  MerkleCommit/sumhash/Item1000/Count10000  19,950,638 ns/op   23,898,875 B/op   170,476 allocs/op
  [3/4]  bench  MerkleCommit/sumhash/Item1000/Count10000  19,899,055 ns/op   23,898,854 B/op   170,475 allocs/op
  [4/4]  bench  MerkleCommit/sumhash/Item1000/Count10000  20,061,069 ns/op ±2%   23,898,686 B/op ±0%   170,473 allocs/op ±0%    3.7s
  [1/4]  bench  MerkleCommit/sumhash/Item1000/Count100000  172,712,646 ns/op   238,487,525 B/op   1,700,667 allocs/op
  [2/4]  bench  MerkleCommit/sumhash/Item1000/Count100000  176,366,295 ns/op   238,487,097 B/op   1,700,663 allocs/op
  [3/4]  bench  MerkleCommit/sumhash/Item1000/Count100000  175,648,308 ns/op   238,487,032 B/op   1,700,662 allocs/op
  [4/4]  bench  MerkleCommit/sumhash/Item1000/Count100000  176,876,302 ns/op ±2%   238,486,708 B/op ±0%   1,700,658 allocs/op ±0%    3.74s
  [1/4]  bench  MerkleCommit/sumhash/Item100000/Count10  2,048,372 ns/op   1,085,591 B/op   259 allocs/op
  [2/4]  bench  MerkleCommit/sumhash/Item100000/Count10  2,076,564 ns/op   1,085,587 B/op   259 allocs/op
  [3/4]  bench  MerkleCommit/sumhash/Item100000/Count10  2,068,310 ns/op   1,085,594 B/op   259 allocs/op
  [4/4]  bench  MerkleCommit/sumhash/Item100000/Count10  2,082,118 ns/op ±2%   1,085,592 B/op ±0%   259 allocs/op    4.26s
  [1/4]  bench  MerkleCommit/sumhash/Item100000/Count100  14,982,574 ns/op   10,798,793 B/op   1,858 allocs/op
  [2/4]  bench  MerkleCommit/sumhash/Item100000/Count100  15,249,540 ns/op   10,798,684 B/op   1,857 allocs/op
  [3/4]  bench  MerkleCommit/sumhash/Item100000/Count100  15,181,091 ns/op   10,798,668 B/op   1,857 allocs/op
  [4/4]  bench  MerkleCommit/sumhash/Item100000/Count100  15,130,494 ns/op ±2%   10,798,665 B/op ±0%   1,857 allocs/op ±0%    3.45s
  [1/4]  bench  MerkleCommit/sumhash/Item100000/Count1000  135,487,312 ns/op   107,879,256 B/op   17,261 allocs/op
  [2/4]  bench  MerkleCommit/sumhash/Item100000/Count1000  134,081,378 ns/op   107,879,056 B/op   17,260 allocs/op
  [3/4]  bench  MerkleCommit/sumhash/Item100000/Count1000  134,217,144 ns/op   107,878,773 B/op   17,257 allocs/op
  [4/4]  bench  MerkleCommit/sumhash/Item100000/Count1000  133,559,695 ns/op ±1%   107,878,836 B/op ±0%   17,258 allocs/op ±0%    3.59s
  [1/4]  bench  MerkleCommit/sumhash/Item100000/Count10000  1,304,434,459 ns/op   1,078,626,104 B/op   170,501 allocs/op
  [2/4]  bench  MerkleCommit/sumhash/Item100000/Count10000  1,296,059,959 ns/op   1,078,627,560 B/op   170,510 allocs/op
  [3/4]  bench  MerkleCommit/sumhash/Item100000/Count10000  1,304,136,056 ns/op   1,078,627,741 B/op   170,513 allocs/op
  [4/4]  bench  MerkleCommit/sumhash/Item100000/Count10000  1,298,266,521 ns/op ±2%   1,078,627,256 B/op ±0%   170,509 allocs/op ±0%    3.89s
  [1/4]  bench  MerkleCommit/sumhash/Item100000/Count100000  12,979,919,166 ns/op   10,785,722,696 B/op   1,700,734 allocs/op
  [2/4]  bench  MerkleCommit/sumhash/Item100000/Count100000  12,830,095,291 ns/op   10,785,724,064 B/op   1,700,742 allocs/op
  [3/4]  bench  MerkleCommit/sumhash/Item100000/Count100000  12,765,662,847 ns/op   10,785,726,077 B/op   1,700,760 allocs/op
  [4/4]  bench  MerkleCommit/sumhash/Item100000/Count100000  12,697,128,260 ns/op ±2%   10,785,725,768 B/op ±0%   1,700,756 allocs/op ±0%    37.81s
  [1/4]  bench  MerkleCommit/sha256/Item10/Count10    8,558 ns/op   5,514 B/op   107 allocs/op
  [2/4]  bench  MerkleCommit/sha256/Item10/Count10    8,766 ns/op   5,514 B/op   107 allocs/op
  [3/4]  bench  MerkleCommit/sha256/Item10/Count10    8,843 ns/op   5,514 B/op   107 allocs/op
  [4/4]  bench  MerkleCommit/sha256/Item10/Count10    8,892 ns/op ±3%   5,514 B/op ±0%   107 allocs/op    3.9s
  [1/4]  bench  MerkleCommit/sha256/Item10/Count100   41,333 ns/op   33,558 B/op   759 allocs/op
  [2/4]  bench  MerkleCommit/sha256/Item10/Count100   41,940 ns/op   33,551 B/op   759 allocs/op
  [3/4]  bench  MerkleCommit/sha256/Item10/Count100   41,971 ns/op   33,549 B/op   759 allocs/op
  [4/4]  bench  MerkleCommit/sha256/Item10/Count100   42,282 ns/op ±2%   33,550 B/op ±0%   759 allocs/op    4.89s
  [1/4]  bench  MerkleCommit/sha256/Item10/Count1000  216,327 ns/op   296,445 B/op   7,087 allocs/op
  [2/4]  bench  MerkleCommit/sha256/Item10/Count1000  215,085 ns/op   296,449 B/op   7,087 allocs/op
  [3/4]  bench  MerkleCommit/sha256/Item10/Count1000  214,611 ns/op   296,454 B/op   7,087 allocs/op
  [4/4]  bench  MerkleCommit/sha256/Item10/Count1000  215,163 ns/op ±1%   296,450 B/op ±0%   7,087 allocs/op    3.62s
  [1/4]  bench  MerkleCommit/sha256/Item10/Count10000  1,098,471 ns/op   2,914,676 B/op   70,176 allocs/op
  [2/4]  bench  MerkleCommit/sha256/Item10/Count10000  1,104,780 ns/op   2,914,619 B/op   70,176 allocs/op
  [3/4]  bench  MerkleCommit/sha256/Item10/Count10000  1,101,888 ns/op   2,914,631 B/op   70,176 allocs/op
  [4/4]  bench  MerkleCommit/sha256/Item10/Count10000  1,106,031 ns/op ±1%   2,914,581 B/op ±0%   70,175 allocs/op ±0%    4s
  [1/4]  bench  MerkleCommit/sha256/Item10/Count100000  6,957,788 ns/op   28,856,210 B/op   700,273 allocs/op
  [2/4]  bench  MerkleCommit/sha256/Item10/Count100000  6,961,531 ns/op   28,856,224 B/op   700,273 allocs/op
  [3/4]  bench  MerkleCommit/sha256/Item10/Count100000  7,010,231 ns/op   28,856,129 B/op   700,272 allocs/op
  [4/4]  bench  MerkleCommit/sha256/Item10/Count100000  7,038,115 ns/op ±1%   28,856,064 B/op ±0%   700,272 allocs/op ±0%    5.73s
  [1/4]  bench  MerkleCommit/sha256/Item1000/Count10  15,709 ns/op   15,657 B/op   107 allocs/op
  [2/4]  bench  MerkleCommit/sha256/Item1000/Count10  15,573 ns/op   15,657 B/op   107 allocs/op
  [3/4]  bench  MerkleCommit/sha256/Item1000/Count10  15,677 ns/op   15,657 B/op   107 allocs/op
  [4/4]  bench  MerkleCommit/sha256/Item1000/Count10  15,550 ns/op ±2%   15,657 B/op ±0%   107 allocs/op    3.99s
  [1/4]  bench  MerkleCommit/sha256/Item1000/Count100  75,850 ns/op   134,561 B/op   761 allocs/op
  [2/4]  bench  MerkleCommit/sha256/Item1000/Count100  76,997 ns/op   134,555 B/op   761 allocs/op
  [3/4]  bench  MerkleCommit/sha256/Item1000/Count100  76,472 ns/op   134,554 B/op   761 allocs/op
  [4/4]  bench  MerkleCommit/sha256/Item1000/Count100  76,615 ns/op ±2%   134,554 B/op ±0%   761 allocs/op    5.93s
  [1/4]  bench  MerkleCommit/sha256/Item1000/Count1000  426,104 ns/op   1,305,448 B/op   7,096 allocs/op
  [2/4]  bench  MerkleCommit/sha256/Item1000/Count1000  423,982 ns/op   1,305,476 B/op   7,097 allocs/op
  [3/4]  bench  MerkleCommit/sha256/Item1000/Count1000  425,480 ns/op   1,305,467 B/op   7,096 allocs/op
  [4/4]  bench  MerkleCommit/sha256/Item1000/Count1000  424,741 ns/op ±1%   1,305,475 B/op ±0%   7,097 allocs/op ±0%    3.77s
  [1/4]  bench  MerkleCommit/sha256/Item1000/Count10000  2,953,746 ns/op   12,995,175 B/op   70,181 allocs/op
  [2/4]  bench  MerkleCommit/sha256/Item1000/Count10000  2,918,815 ns/op   12,995,238 B/op   70,182 allocs/op
  [3/4]  bench  MerkleCommit/sha256/Item1000/Count10000  2,932,558 ns/op   12,995,216 B/op   70,181 allocs/op
  [4/4]  bench  MerkleCommit/sha256/Item1000/Count10000  2,923,324 ns/op ±1%   12,995,232 B/op ±0%   70,182 allocs/op ±0%    4.37s
  [1/4]  bench  MerkleCommit/sha256/Item1000/Count100000  27,316,787 ns/op   129,655,881 B/op   700,268 allocs/op
  [2/4]  bench  MerkleCommit/sha256/Item1000/Count100000  27,373,255 ns/op   129,656,086 B/op   700,270 allocs/op
  [3/4]  bench  MerkleCommit/sha256/Item1000/Count100000  27,458,609 ns/op   129,655,998 B/op   700,269 allocs/op
  [4/4]  bench  MerkleCommit/sha256/Item1000/Count100000  27,438,741 ns/op ±1%   129,656,048 B/op ±0%   700,270 allocs/op ±0%    3.85s
  [1/4]  bench  MerkleCommit/sha256/Item100000/Count10  235,610 ns/op   1,071,214 B/op   115 allocs/op
  [2/4]  bench  MerkleCommit/sha256/Item100000/Count10  234,113 ns/op   1,071,219 B/op   115 allocs/op
  [3/4]  bench  MerkleCommit/sha256/Item100000/Count10  233,528 ns/op   1,071,221 B/op   115 allocs/op
  [4/4]  bench  MerkleCommit/sha256/Item100000/Count10  234,385 ns/op ±1%   1,071,221 B/op ±0%   115 allocs/op    3.71s
  [1/4]  bench  MerkleCommit/sha256/Item100000/Count100  1,501,140 ns/op   10,683,705 B/op   779 allocs/op
  [2/4]  bench  MerkleCommit/sha256/Item100000/Count100  1,510,511 ns/op   10,683,708 B/op   780 allocs/op
  [3/4]  bench  MerkleCommit/sha256/Item100000/Count100  1,504,537 ns/op   10,683,704 B/op   779 allocs/op
  [4/4]  bench  MerkleCommit/sha256/Item100000/Count100  1,511,225 ns/op ±1%   10,683,703 B/op ±0%   779 allocs/op ±0%    4.04s
  [1/4]  bench  MerkleCommit/sha256/Item100000/Count1000  14,369,279 ns/op   106,779,510 B/op   7,110 allocs/op
  [2/4]  bench  MerkleCommit/sha256/Item100000/Count1000  14,388,553 ns/op   106,779,548 B/op   7,110 allocs/op
  [3/4]  bench  MerkleCommit/sha256/Item100000/Count1000  14,384,464 ns/op   106,779,570 B/op   7,110 allocs/op
  [4/4]  bench  MerkleCommit/sha256/Item100000/Count1000  14,434,858 ns/op ±1%   106,779,596 B/op ±0%   7,111 allocs/op ±0%    3.61s
  [1/4]  bench  MerkleCommit/sha256/Item100000/Count10000  133,188,865 ns/op   1,067,727,402 B/op   70,241 allocs/op
  [2/4]  bench  MerkleCommit/sha256/Item100000/Count10000  132,894,985 ns/op   1,067,726,796 B/op   70,236 allocs/op
  [3/4]  bench  MerkleCommit/sha256/Item100000/Count10000  132,990,009 ns/op   1,067,726,515 B/op   70,233 allocs/op
  [4/4]  bench  MerkleCommit/sha256/Item100000/Count10000  133,335,228 ns/op ±1%   1,067,726,616 B/op ±0%   70,234 allocs/op ±0%    3.6s
  [1/4]  bench  MerkleCommit/sha256/Item100000/Count100000  1,171,425,708 ns/op   10,676,935,560 B/op   700,666 allocs/op
  [2/4]  bench  MerkleCommit/sha256/Item100000/Count100000  1,134,333,604 ns/op   10,676,929,184 B/op   700,617 allocs/op
  [3/4]  bench  MerkleCommit/sha256/Item100000/Count100000  1,136,597,653 ns/op   10,676,925,987 B/op   700,577 allocs/op
  [4/4]  bench  MerkleCommit/sha256/Item100000/Count100000  1,133,850,719 ns/op ±3%   10,676,924,852 B/op ±0%   700,562 allocs/op ±0%    3.36s
  [1/4]  bench  AppendMsgBlockHeader                  31.9 ns/op   31.4 MB/s   0.000 B/op   0.000 allocs/op
  [2/4]  bench  AppendMsgBlockHeader                  32.2 ns/op   31.1 MB/s   0.000 B/op   0.000 allocs/op
  [3/4]  bench  AppendMsgBlockHeader                  32.1 ns/op   31.2 MB/s   0.000 B/op   0.000 allocs/op
  [4/4]  bench  AppendMsgBlockHeader                  32.1 ns/op ±1%   31.1 MB/s ±1%   0.000 B/op   0.000 allocs/op    3.71s
  [1/4]  bench  AppendMsgSignedTxn                    74.0 ns/op   13.5 MB/s   0.000 B/op   0.000 allocs/op
  [2/4]  bench  AppendMsgSignedTxn                    73.9 ns/op   13.5 MB/s   0.000 B/op   0.000 allocs/op
  [3/4]  bench  AppendMsgSignedTxn                    74.0 ns/op   13.5 MB/s   0.000 B/op   0.000 allocs/op
  [4/4]  bench  AppendMsgSignedTxn                    74.1 ns/op ±0%   13.5 MB/s ±0%   0.000 B/op   0.000 allocs/op    3.81s
  [1/4]  bench  PaysetGroups                          5,640 ns/op   118,889 B/op   8.00 allocs/op
  [2/4]  bench  PaysetGroups                          5,600 ns/op   119,951 B/op   8.00 allocs/op
  [3/4]  bench  PaysetGroups                          5,606 ns/op   124,489 B/op   8.00 allocs/op
  [4/4]  bench  PaysetGroups                          5,597 ns/op ±1%   124,409 B/op ±6%   8.00 allocs/op    25.23s
  [1/4]  bench  Txn                                   42,438 ns/op   9,422 B/op   12.0 allocs/op
  [2/4]  bench  Txn                                   42,237 ns/op   9,421 B/op   12.0 allocs/op
  [3/4]  bench  Txn                                   41,916 ns/op   9,421 B/op   12.0 allocs/op
  [4/4]  bench  Txn                                   41,667 ns/op ±2%   9,422 B/op ±0%   12.0 allocs/op    9.03s
  [1/4]  bench  TxHandlerProcessing/processDecoded    9,730 ns/op   4,336 B/op   33.0 allocs/op
  [2/4]  bench  TxHandlerProcessing/processDecoded    9,778 ns/op   4,336 B/op   33.0 allocs/op
  [3/4]  bench  TxHandlerProcessing/processDecoded    9,774 ns/op   4,336 B/op   33.0 allocs/op
  [4/4]  bench  TxHandlerProcessing/processDecoded    9,829 ns/op ±1%   4,336 B/op   33.0 allocs/op    9.4s
  [1/4]  bench  TxHandlerProcessing/verify.TxnGroup   41,307 ns/op   11,328 B/op   16.0 allocs/op
  [2/4]  bench  TxHandlerProcessing/verify.TxnGroup   41,414 ns/op   11,328 B/op   16.0 allocs/op
  [3/4]  bench  TxHandlerProcessing/verify.TxnGroup   41,557 ns/op   11,328 B/op   16.0 allocs/op
  [4/4]  bench  TxHandlerProcessing/verify.TxnGroup   41,542 ns/op ±1%   11,328 B/op   16.0 allocs/op    6.56s
  [1/4]  bench  CompactDeltas/account-deltas          1,484,504 ns/op   4,130,998 B/op   0.000 allocs/op
  [2/4]  bench  CompactDeltas/account-deltas          1,435,456 ns/op   4,131,904 B/op   0.000 allocs/op
  [3/4]  bench  CompactDeltas/account-deltas          1,420,223 ns/op   4,134,042 B/op   0.000 allocs/op
  [4/4]  bench  CompactDeltas/account-deltas          1,409,917 ns/op ±4%   4,135,228 B/op ±0%   0.000 allocs/op    17.25s
