  [1/4]  bench  MerkleCommit/sha512_256/Item10/Count10  14,121 ns/op   6,075 B/op   107 allocs/op
  [2/4]  bench  MerkleCommit/sha512_256/Item10/Count10  14,076 ns/op   6,078 B/op   107 allocs/op
  [3/4]  bench  MerkleCommit/sha512_256/Item10/Count10  14,149 ns/op   6,077 B/op   107 allocs/op
  [4/4]  bench  MerkleCommit/sha512_256/Item10/Count10  14,106 ns/op ±1%   6,078 B/op ±0%   107 allocs/op    4.01s
  [1/4]  bench  MerkleCommit/sha512_256/Item10/Count100  55,254 ns/op   34,666 B/op   760 allocs/op
  [2/4]  bench  MerkleCommit/sha512_256/Item10/Count100  54,707 ns/op   34,673 B/op   761 allocs/op
  [3/4]  bench  MerkleCommit/sha512_256/Item10/Count100  54,502 ns/op   34,676 B/op   761 allocs/op
  [4/4]  bench  MerkleCommit/sha512_256/Item10/Count100  54,707 ns/op ±1%   34,670 B/op ±0%   761 allocs/op ±0%    5.25s
  [1/4]  bench  MerkleCommit/sha512_256/Item10/Count1000  254,982 ns/op   299,049 B/op   7,091 allocs/op
  [2/4]  bench  MerkleCommit/sha512_256/Item10/Count1000  255,996 ns/op   299,040 B/op   7,091 allocs/op
  [3/4]  bench  MerkleCommit/sha512_256/Item10/Count1000  255,558 ns/op   299,044 B/op   7,091 allocs/op
  [4/4]  bench  MerkleCommit/sha512_256/Item10/Count1000  255,416 ns/op ±0%   299,048 B/op ±0%   7,091 allocs/op    3.68s
  [1/4]  bench  MerkleCommit/sha512_256/Item10/Count10000  1,300,664 ns/op   2,920,502 B/op   70,182 allocs/op
  [2/4]  bench  MerkleCommit/sha512_256/Item10/Count10000  1,289,515 ns/op   2,920,601 B/op   70,183 allocs/op
  [3/4]  bench  MerkleCommit/sha512_256/Item10/Count10000  1,290,963 ns/op   2,920,576 B/op   70,183 allocs/op
  [4/4]  bench  MerkleCommit/sha512_256/Item10/Count10000  1,287,168 ns/op ±1%   2,920,585 B/op ±0%   70,183 allocs/op ±0%    4.02s
  [1/4]  bench  MerkleCommit/sha512_256/Item10/Count100000  7,882,636 ns/op   28,866,562 B/op   700,282 allocs/op
  [2/4]  bench  MerkleCommit/sha512_256/Item10/Count100000  8,054,256 ns/op   28,866,100 B/op   700,279 allocs/op
  [3/4]  bench  MerkleCommit/sha512_256/Item10/Count100000  8,026,605 ns/op   28,866,054 B/op   700,279 allocs/op
  [4/4]  bench  MerkleCommit/sha512_256/Item10/Count100000  7,973,322 ns/op ±3%   28,866,204 B/op ±0%   700,280 allocs/op ±0%    6.01s
  [1/4]  bench  MerkleCommit/sha512_256/Item1000/Count10  22,948 ns/op   16,253 B/op   108 allocs/op
  [2/4]  bench  MerkleCommit/sha512_256/Item1000/Count10  22,922 ns/op   16,254 B/op   108 allocs/op
  [3/4]  bench  MerkleCommit/sha512_256/Item1000/Count10  22,925 ns/op   16,253 B/op   108 allocs/op
  [4/4]  bench  MerkleCommit/sha512_256/Item1000/Count10  22,936 ns/op ±0%   16,254 B/op ±0%   108 allocs/op    4.29s
  [1/4]  bench  MerkleCommit/sha512_256/Item1000/Count100  95,655 ns/op   135,933 B/op   764 allocs/op
  [2/4]  bench  MerkleCommit/sha512_256/Item1000/Count100  95,877 ns/op   135,917 B/op   764 allocs/op
  [3/4]  bench  MerkleCommit/sha512_256/Item1000/Count100  96,232 ns/op   135,915 B/op   763 allocs/op
  [4/4]  bench  MerkleCommit/sha512_256/Item1000/Count100  96,292 ns/op ±1%   135,908 B/op ±0%   763 allocs/op ±0%    6.53s
  [1/4]  bench  MerkleCommit/sha512_256/Item1000/Count1000  494,944 ns/op   1,308,478 B/op   7,100 allocs/op
  [2/4]  bench  MerkleCommit/sha512_256/Item1000/Count1000  494,145 ns/op   1,308,494 B/op   7,100 allocs/op
  [3/4]  bench  MerkleCommit/sha512_256/Item1000/Count1000  495,392 ns/op   1,308,485 B/op   7,100 allocs/op
  [4/4]  bench  MerkleCommit/sha512_256/Item1000/Count1000  494,883 ns/op ±0%   1,308,500 B/op ±0%   7,100 allocs/op ±0%    3.78s
  [1/4]  bench  MerkleCommit/sha512_256/Item1000/Count10000  3,371,396 ns/op   13,001,079 B/op   70,186 allocs/op
  [2/4]  bench  MerkleCommit/sha512_256/Item1000/Count10000  3,366,964 ns/op   13,001,108 B/op   70,186 allocs/op
  [3/4]  bench  MerkleCommit/sha512_256/Item1000/Count10000  3,366,745 ns/op   13,001,138 B/op   70,186 allocs/op
  [4/4]  bench  MerkleCommit/sha512_256/Item1000/Count10000  3,343,917 ns/op ±1%   13,001,080 B/op ±0%   70,186 allocs/op ±0%    4.58s
  [1/4]  bench  MerkleCommit/sha512_256/Item1000/Count100000  28,766,634 ns/op   129,666,050 B/op   700,278 allocs/op
  [2/4]  bench  MerkleCommit/sha512_256/Item1000/Count100000  28,849,817 ns/op   129,666,006 B/op   700,278 allocs/op
  [3/4]  bench  MerkleCommit/sha512_256/Item1000/Count100000  28,853,762 ns/op   129,665,768 B/op   700,276 allocs/op
  [4/4]  bench  MerkleCommit/sha512_256/Item1000/Count100000  28,841,322 ns/op ±0%   129,665,847 B/op ±0%   700,277 allocs/op ±0%    3.58s
  [1/4]  bench  MerkleCommit/sha512_256/Item100000/Count10  326,790 ns/op   1,072,395 B/op   117 allocs/op
  [2/4]  bench  MerkleCommit/sha512_256/Item100000/Count10  324,884 ns/op   1,072,395 B/op   117 allocs/op
  [3/4]  bench  MerkleCommit/sha512_256/Item100000/Count10  326,248 ns/op   1,072,390 B/op   117 allocs/op
  [4/4]  bench  MerkleCommit/sha512_256/Item100000/Count10  325,621 ns/op ±1%   1,072,390 B/op ±0%   117 allocs/op    3.73s
  [1/4]  bench  MerkleCommit/sha512_256/Item100000/Count100  1,979,603 ns/op   10,685,837 B/op   781 allocs/op
  [2/4]  bench  MerkleCommit/sha512_256/Item100000/Count100  1,953,462 ns/op   10,685,842 B/op   781 allocs/op
  [3/4]  bench  MerkleCommit/sha512_256/Item100000/Count100  1,961,568 ns/op   10,685,843 B/op   781 allocs/op
  [4/4]  bench  MerkleCommit/sha512_256/Item100000/Count100  1,958,250 ns/op ±1%   10,685,844 B/op ±0%   781 allocs/op    4.2s
  [1/4]  bench  MerkleCommit/sha512_256/Item100000/Count1000  17,953,811 ns/op   106,782,776 B/op   7,114 allocs/op
  [2/4]  bench  MerkleCommit/sha512_256/Item100000/Count1000  17,827,891 ns/op   106,782,813 B/op   7,114 allocs/op
  [3/4]  bench  MerkleCommit/sha512_256/Item100000/Count1000  17,724,571 ns/op   106,782,721 B/op   7,113 allocs/op
  [4/4]  bench  MerkleCommit/sha512_256/Item100000/Count1000  17,830,422 ns/op ±2%   106,782,648 B/op ±0%   7,112 allocs/op ±0%    3.56s
  [1/4]  bench  MerkleCommit/sha512_256/Item100000/Count10000  164,665,714 ns/op   1,067,732,291 B/op   70,237 allocs/op
  [2/4]  bench  MerkleCommit/sha512_256/Item100000/Count10000  165,428,250 ns/op   1,067,731,908 B/op   70,235 allocs/op
  [3/4]  bench  MerkleCommit/sha512_256/Item100000/Count10000  164,938,339 ns/op   1,067,732,013 B/op   70,235 allocs/op
  [4/4]  bench  MerkleCommit/sha512_256/Item100000/Count10000  164,240,161 ns/op ±1%   1,067,731,706 B/op ±0%   70,233 allocs/op ±0%    3.93s
  [1/4]  bench  MerkleCommit/sha512_256/Item100000/Count100000  1,309,802,375 ns/op   10,676,932,760 B/op   700,596 allocs/op
  [2/4]  bench  MerkleCommit/sha512_256/Item100000/Count100000  1,335,906,542 ns/op   10,676,931,104 B/op   700,577 allocs/op
  [3/4]  bench  MerkleCommit/sha512_256/Item100000/Count100000  1,341,995,820 ns/op   10,676,928,925 B/op   700,543 allocs/op
  [4/4]  bench  MerkleCommit/sha512_256/Item100000/Count100000  1,358,544,219 ns/op ±4%   10,676,928,312 B/op ±0%   700,527 allocs/op ±0%    4.12s
  [1/4]  bench  MerkleCommit/sumhash/Item10/Count10   53,182 ns/op   16,776 B/op   217 allocs/op
  [2/4]  bench  MerkleCommit/sumhash/Item10/Count10   52,914 ns/op   16,783 B/op   217 allocs/op
  [3/4]  bench  MerkleCommit/sumhash/Item10/Count10   52,339 ns/op   16,786 B/op   217 allocs/op
  [4/4]  bench  MerkleCommit/sumhash/Item10/Count10   52,424 ns/op ±2%   16,784 B/op ±0%   217 allocs/op    5.19s
  [1/4]  bench  MerkleCommit/sumhash/Item10/Count100  236,476 ns/op   134,886 B/op   1,723 allocs/op
  [2/4]  bench  MerkleCommit/sumhash/Item10/Count100  237,922 ns/op   134,866 B/op   1,723 allocs/op
  [3/4]  bench  MerkleCommit/sumhash/Item10/Count100  238,696 ns/op   134,865 B/op   1,723 allocs/op
  [4/4]  bench  MerkleCommit/sumhash/Item10/Count100  239,216 ns/op ±1%   134,863 B/op ±0%   1,723 allocs/op    3.69s
  [1/4]  bench  MerkleCommit/sumhash/Item10/Count1000  1,082,816 ns/op   1,268,888 B/op   16,242 allocs/op
  [2/4]  bench  MerkleCommit/sumhash/Item10/Count1000  1,076,926 ns/op   1,268,912 B/op   16,243 allocs/op
  [3/4]  bench  MerkleCommit/sumhash/Item10/Count1000  1,079,213 ns/op   1,268,854 B/op   16,242 allocs/op
  [4/4]  bench  MerkleCommit/sumhash/Item10/Count1000  1,076,611 ns/op ±1%   1,268,870 B/op ±0%   16,242 allocs/op ±0%    3.94s
  [1/4]  bench  MerkleCommit/sumhash/Item10/Count10000  6,453,262 ns/op   12,538,459 B/op   160,472 allocs/op
  [2/4]  bench  MerkleCommit/sumhash/Item10/Count10000  6,512,543 ns/op   12,538,263 B/op   160,470 allocs/op
  [3/4]  bench  MerkleCommit/sumhash/Item10/Count10000  6,486,117 ns/op   12,538,402 B/op   160,471 allocs/op
  [4/4]  bench  MerkleCommit/sumhash/Item10/Count10000  6,466,993 ns/op ±1%   12,538,462 B/op ±0%   160,472 allocs/op ±0%    5.54s
  [1/4]  bench  MerkleCommit/sumhash/Item10/Count100000  50,557,949 ns/op   124,886,239 B/op   1,600,657 allocs/op
  [2/4]  bench  MerkleCommit/sumhash/Item10/Count100000  50,434,297 ns/op   124,886,103 B/op   1,600,656 allocs/op
  [3/4]  bench  MerkleCommit/sumhash/Item10/Count100000  50,973,098 ns/op   124,885,860 B/op   1,600,653 allocs/op
  [4/4]  bench  MerkleCommit/sumhash/Item10/Count100000  51,020,330 ns/op ±2%   124,885,893 B/op ±0%   1,600,653 allocs/op ±0%    4.54s
  [1/4]  bench  MerkleCommit/sumhash/Item1000/Count10  109,055 ns/op   28,656 B/op   233 allocs/op
  [2/4]  bench  MerkleCommit/sumhash/Item1000/Count10  108,772 ns/op   28,660 B/op   233 allocs/op
  [3/4]  bench  MerkleCommit/sumhash/Item1000/Count10  108,470 ns/op   28,658 B/op   233 allocs/op
  [4/4]  bench  MerkleCommit/sumhash/Item1000/Count10  108,513 ns/op ±1%   28,659 B/op ±0%   233 allocs/op    3.28s
  [1/4]  bench  MerkleCommit/sumhash/Item1000/Count100  460,651 ns/op   250,215 B/op   1,844 allocs/op
  [2/4]  bench  MerkleCommit/sumhash/Item1000/Count100  464,598 ns/op   250,172 B/op   1,844 allocs/op
  [3/4]  bench  MerkleCommit/sumhash/Item1000/Count100  463,089 ns/op   250,192 B/op   1,844 allocs/op
  [4/4]  bench  MerkleCommit/sumhash/Item1000/Count100  463,597 ns/op ±1%   250,189 B/op ±0%   1,844 allocs/op ±0%    3.78s
  [1/4]  bench  MerkleCommit/sumhash/Item1000/Count1000  2,524,022 ns/op   2,406,635 B/op   17,263 allocs/op
  [2/4]  bench  MerkleCommit/sumhash/Item1000/Count1000  2,561,289 ns/op   2,406,445 B/op   17,261 allocs/op
  [3/4]  bench  MerkleCommit/sumhash/Item1000/Count1000  2,550,760 ns/op   2,406,522 B/op   17,261 allocs/op
  [4/4]  bench  MerkleCommit/sumhash/Item1000/Count1000  2,556,930 ns/op ±1%   2,406,461 B/op ±0%   17,261 allocs/op ±0%    4.42s
  [1/4]  bench  MerkleCommit/sumhash/Item1000/Count10000  19,772,813 ns/op   23,899,026 B/op   170,477 allocs/op
  [2/4]  bench  MerkleCommit/sumhash/Item1000/Count10000  20,030,773 ns/op   23,898,822 B/op   170,475 allocs/op
  [3/4]  bench  MerkleCommit/sumhash/Item1000/Count10000  19,978,044 ns/op   23,898,857 B/op   170,475 allocs/op
  [4/4]  bench  MerkleCommit/sumhash/Item1000/Count10000  19,893,442 ns/op ±2%   23,898,961 B/op ±0%   170,476 allocs/op ±0%    3.61s
  [1/4]  bench  MerkleCommit/sumhash/Item1000/Count100000  178,535,743 ns/op   238,486,728 B/op   1,700,657 allocs/op
  [2/4]  bench  MerkleCommit/sumhash/Item1000/Count100000  176,518,181 ns/op   238,487,048 B/op   1,700,661 allocs/op
  [3/4]  bench  MerkleCommit/sumhash/Item1000/Count100000  178,428,727 ns/op   238,486,819 B/op   1,700,658 allocs/op
  [4/4]  bench  MerkleCommit/sumhash/Item1000/Count100000  177,578,084 ns/op ±2%   238,487,028 B/op ±0%   1,700,661 allocs/op ±0%    3.72s
  [1/4]  bench  MerkleCommit/sumhash/Item100000/Count10  2,100,528 ns/op   1,085,587 B/op   259 allocs/op
  [2/4]  bench  MerkleCommit/sumhash/Item100000/Count10  2,072,975 ns/op   1,085,587 B/op   259 allocs/op
  [3/4]  bench  MerkleCommit/sumhash/Item100000/Count10  2,088,007 ns/op   1,085,584 B/op   259 allocs/op
  [4/4]  bench  MerkleCommit/sumhash/Item100000/Count10  2,078,753 ns/op ±2%   1,085,585 B/op ±0%   259 allocs/op    4.28s
  [1/4]  bench  MerkleCommit/sumhash/Item100000/Count100  15,248,061 ns/op   10,798,546 B/op   1,856 allocs/op
  [2/4]  bench  MerkleCommit/sumhash/Item100000/Count100  15,054,412 ns/op   10,798,593 B/op   1,857 allocs/op
  [3/4]  bench  MerkleCommit/sumhash/Item100000/Count100  15,193,012 ns/op   10,798,584 B/op   1,856 allocs/op
  [4/4]  bench  MerkleCommit/sumhash/Item100000/Count100  15,137,025 ns/op ±2%   10,798,591 B/op ±0%   1,857 allocs/op ±0%    3.68s
  [1/4]  bench  MerkleCommit/sumhash/Item100000/Count1000  136,062,052 ns/op   107,879,064 B/op   17,260 allocs/op
  [2/4]  bench  MerkleCommit/sumhash/Item100000/Count1000  133,728,057 ns/op   107,879,100 B/op   17,261 allocs/op
  [3/4]  bench  MerkleCommit/sumhash/Item100000/Count1000  132,770,627 ns/op   107,878,887 B/op   17,259 allocs/op
  [4/4]  bench  MerkleCommit/sumhash/Item100000/Count1000  132,233,077 ns/op ±2%   107,878,869 B/op ±0%   17,259 allocs/op ±0%    4.49s
  [1/4]  bench  MerkleCommit/sumhash/Item100000/Count10000  1,315,864,750 ns/op   1,078,627,528 B/op   170,508 allocs/op
  [2/4]  bench  MerkleCommit/sumhash/Item100000/Count10000  1,298,135,104 ns/op   1,078,626,888 B/op   170,501 allocs/op
  [3/4]  bench  MerkleCommit/sumhash/Item100000/Count10000  1,304,093,903 ns/op   1,078,625,997 B/op   170,495 allocs/op
  [4/4]  bench  MerkleCommit/sumhash/Item100000/Count10000  1,299,110,688 ns/op ±1%   1,078,625,440 B/op ±0%   170,490 allocs/op ±0%    3.88s
  [1/4]  bench  MerkleCommit/sumhash/Item100000/Count100000  12,735,989,916 ns/op   10,785,725,144 B/op   1,700,730 allocs/op
  [2/4]  bench  MerkleCommit/sumhash/Item100000/Count100000  12,673,363,437 ns/op   10,785,729,056 B/op   1,700,768 allocs/op
  [3/4]  bench  MerkleCommit/sumhash/Item100000/Count100000  12,643,898,625 ns/op   10,785,728,541 B/op   1,700,766 allocs/op
  [4/4]  bench  MerkleCommit/sumhash/Item100000/Count100000  12,596,447,594 ns/op ±1%   10,785,729,076 B/op ±0%   1,700,771 allocs/op ±0%    37.65s
  [1/4]  bench  MerkleCommit/sha256/Item10/Count10    8,547 ns/op   5,514 B/op   107 allocs/op
  [2/4]  bench  MerkleCommit/sha256/Item10/Count10    8,665 ns/op   5,514 B/op   107 allocs/op
  [3/4]  bench  MerkleCommit/sha256/Item10/Count10    8,844 ns/op   5,514 B/op   107 allocs/op
  [4/4]  bench  MerkleCommit/sha256/Item10/Count10    8,841 ns/op ±4%   5,514 B/op ±0%   107 allocs/op    3.91s
  [1/4]  bench  MerkleCommit/sha256/Item10/Count100   43,914 ns/op   33,549 B/op   759 allocs/op
  [2/4]  bench  MerkleCommit/sha256/Item10/Count100   43,820 ns/op   33,544 B/op   759 allocs/op
  [3/4]  bench  MerkleCommit/sha256/Item10/Count100   44,268 ns/op   33,546 B/op   759 allocs/op
  [4/4]  bench  MerkleCommit/sha256/Item10/Count100   44,311 ns/op ±2%   33,547 B/op ±0%   759 allocs/op    4.99s
  [1/4]  bench  MerkleCommit/sha256/Item10/Count1000  212,345 ns/op   296,463 B/op   7,087 allocs/op
  [2/4]  bench  MerkleCommit/sha256/Item10/Count1000  213,638 ns/op   296,450 B/op   7,087 allocs/op
  [3/4]  bench  MerkleCommit/sha256/Item10/Count1000  212,511 ns/op   296,450 B/op   7,087 allocs/op
  [4/4]  bench  MerkleCommit/sha256/Item10/Count1000  213,100 ns/op ±1%   296,446 B/op ±0%   7,087 allocs/op    3.72s
  [1/4]  bench  MerkleCommit/sha256/Item10/Count10000  1,094,057 ns/op   2,914,657 B/op   70,176 allocs/op
  [2/4]  bench  MerkleCommit/sha256/Item10/Count10000  1,099,376 ns/op   2,914,612 B/op   70,176 allocs/op
  [3/4]  bench  MerkleCommit/sha256/Item10/Count10000  1,098,515 ns/op   2,914,639 B/op   70,176 allocs/op
  [4/4]  bench  MerkleCommit/sha256/Item10/Count10000  1,100,718 ns/op ±1%   2,914,617 B/op ±0%   70,176 allocs/op ±0%    3.98s
  [1/4]  bench  MerkleCommit/sha256/Item10/Count100000  6,970,188 ns/op   28,856,201 B/op   700,273 allocs/op
  [2/4]  bench  MerkleCommit/sha256/Item10/Count100000  7,002,126 ns/op   28,856,139 B/op   700,273 allocs/op
  [3/4]  bench  MerkleCommit/sha256/Item10/Count100000  6,989,888 ns/op   28,856,092 B/op   700,272 allocs/op
  [4/4]  bench  MerkleCommit/sha256/Item10/Count100000  7,025,412 ns/op ±1%   28,856,078 B/op ±0%   700,272 allocs/op ±0%    5.73s
  [1/4]  bench  MerkleCommit/sha256/Item1000/Count10  16,185 ns/op   15,654 B/op   107 allocs/op
  [2/4]  bench  MerkleCommit/sha256/Item1000/Count10  16,067 ns/op   15,654 B/op   107 allocs/op
  [3/4]  bench  MerkleCommit/sha256/Item1000/Count10  15,765 ns/op   15,656 B/op   107 allocs/op
  [4/4]  bench  MerkleCommit/sha256/Item1000/Count10  15,505 ns/op ±5%   15,657 B/op ±0%   107 allocs/op    3.9s
  [1/4]  bench  MerkleCommit/sha256/Item1000/Count100  76,816 ns/op   134,556 B/op   761 allocs/op
  [2/4]  bench  MerkleCommit/sha256/Item1000/Count100  77,493 ns/op   134,553 B/op   761 allocs/op
  [3/4]  bench  MerkleCommit/sha256/Item1000/Count100  77,816 ns/op   134,550 B/op   761 allocs/op
  [4/4]  bench  MerkleCommit/sha256/Item1000/Count100  77,360 ns/op ±2%   134,552 B/op ±0%   761 allocs/op    5.96s
  [1/4]  bench  MerkleCommit/sha256/Item1000/Count1000  424,629 ns/op   1,305,462 B/op   7,097 allocs/op
  [2/4]  bench  MerkleCommit/sha256/Item1000/Count1000  422,837 ns/op   1,305,479 B/op   7,097 allocs/op
  [3/4]  bench  MerkleCommit/sha256/Item1000/Count1000  425,424 ns/op   1,305,471 B/op   7,097 allocs/op
  [4/4]  bench  MerkleCommit/sha256/Item1000/Count1000  424,107 ns/op ±1%   1,305,477 B/op ±0%   7,097 allocs/op ±0%    3.76s
  [1/4]  bench  MerkleCommit/sha256/Item1000/Count10000  2,809,190 ns/op   12,995,132 B/op   70,180 allocs/op
  [2/4]  bench  MerkleCommit/sha256/Item1000/Count10000  2,863,295 ns/op   12,995,222 B/op   70,181 allocs/op
  [3/4]  bench  MerkleCommit/sha256/Item1000/Count10000  2,866,223 ns/op   12,995,206 B/op   70,181 allocs/op
  [4/4]  bench  MerkleCommit/sha256/Item1000/Count10000  2,911,634 ns/op ±4%   12,995,258 B/op ±0%   70,182 allocs/op ±0%    4.64s
  [1/4]  bench  MerkleCommit/sha256/Item1000/Count100000  27,316,900 ns/op   129,655,860 B/op   700,267 allocs/op
  [2/4]  bench  MerkleCommit/sha256/Item1000/Count100000  27,288,682 ns/op   129,655,947 B/op   700,268 allocs/op
  [3/4]  bench  MerkleCommit/sha256/Item1000/Count100000  27,262,119 ns/op   129,655,938 B/op   700,268 allocs/op
  [4/4]  bench  MerkleCommit/sha256/Item1000/Count100000  27,180,356 ns/op ±1%   129,655,939 B/op ±0%   700,268 allocs/op ±0%    3.72s
  [1/4]  bench  MerkleCommit/sha256/Item100000/Count10  235,854 ns/op   1,071,215 B/op   115 allocs/op
  [2/4]  bench  MerkleCommit/sha256/Item100000/Count10  233,732 ns/op   1,071,220 B/op   115 allocs/op
  [3/4]  bench  MerkleCommit/sha256/Item100000/Count10  233,616 ns/op   1,071,220 B/op   115 allocs/op
  [4/4]  bench  MerkleCommit/sha256/Item100000/Count10  232,942 ns/op ±1%   1,071,221 B/op ±0%   115 allocs/op    3.64s
  [1/4]  bench  MerkleCommit/sha256/Item100000/Count100  1,542,594 ns/op   10,683,692 B/op   779 allocs/op
  [2/4]  bench  MerkleCommit/sha256/Item100000/Count100  1,511,676 ns/op   10,683,698 B/op   779 allocs/op
  [3/4]  bench  MerkleCommit/sha256/Item100000/Count100  1,515,701 ns/op   10,683,699 B/op   779 allocs/op
  [4/4]  bench  MerkleCommit/sha256/Item100000/Count100  1,510,059 ns/op ±2%   10,683,702 B/op ±0%   779 allocs/op ±0%    4.1s
  [1/4]  bench  MerkleCommit/sha256/Item100000/Count1000  14,361,211 ns/op   106,779,696 B/op   7,112 allocs/op
  [2/4]  bench  MerkleCommit/sha256/Item100000/Count1000  14,266,096 ns/op   106,779,563 B/op   7,111 allocs/op
  [3/4]  bench  MerkleCommit/sha256/Item100000/Count1000  14,231,886 ns/op   106,779,554 B/op   7,110 allocs/op
  [4/4]  bench  MerkleCommit/sha256/Item100000/Count1000  14,268,725 ns/op ±1%   106,779,544 B/op ±0%   7,110 allocs/op ±0%    3.61s
  [1/4]  bench  MerkleCommit/sha256/Item100000/Count10000  131,304,146 ns/op   1,067,728,710 B/op   70,254 allocs/op
  [2/4]  bench  MerkleCommit/sha256/Item100000/Count10000  131,811,594 ns/op   1,067,728,057 B/op   70,249 allocs/op
  [3/4]  bench  MerkleCommit/sha256/Item100000/Count10000  132,241,280 ns/op   1,067,727,909 B/op   70,246 allocs/op
  [4/4]  bench  MerkleCommit/sha256/Item100000/Count10000  132,414,233 ns/op ±1%   1,067,727,690 B/op ±0%   70,244 allocs/op ±0%    3.58s
  [1/4]  bench  MerkleCommit/sha256/Item100000/Count100000  1,123,666,042 ns/op   10,676,929,944 B/op   700,606 allocs/op
  [2/4]  bench  MerkleCommit/sha256/Item100000/Count100000  1,132,181,938 ns/op   10,676,929,552 B/op   700,609 allocs/op
  [3/4]  bench  MerkleCommit/sha256/Item100000/Count100000  1,135,949,389 ns/op   10,676,928,440 B/op   700,594 allocs/op
  [4/4]  bench  MerkleCommit/sha256/Item100000/Count100000  1,115,325,979 ns/op ±4%   10,676,923,852 B/op ±0%   700,567 allocs/op ±0%    3.34s
  [1/4]  bench  AppendMsgBlockHeader                  32.1 ns/op   31.2 MB/s   0.000 B/op   0.000 allocs/op
  [2/4]  bench  AppendMsgBlockHeader                  32.0 ns/op   31.3 MB/s   0.000 B/op   0.000 allocs/op
  [3/4]  bench  AppendMsgBlockHeader                  32.0 ns/op   31.2 MB/s   0.000 B/op   0.000 allocs/op
  [4/4]  bench  AppendMsgBlockHeader                  32.0 ns/op ±0%   31.3 MB/s ±0%   0.000 B/op   0.000 allocs/op    3.71s
  [1/4]  bench  AppendMsgSignedTxn                    73.9 ns/op   13.5 MB/s   0.000 B/op   0.000 allocs/op
  [2/4]  bench  AppendMsgSignedTxn                    73.9 ns/op   13.5 MB/s   0.000 B/op   0.000 allocs/op
  [3/4]  bench  AppendMsgSignedTxn                    73.8 ns/op   13.5 MB/s   0.000 B/op   0.000 allocs/op
  [4/4]  bench  AppendMsgSignedTxn                    73.9 ns/op ±0%   13.5 MB/s ±0%   0.000 B/op   0.000 allocs/op    3.78s
  [1/4]  bench  PaysetGroups                          5,776 ns/op   131,510 B/op   8.00 allocs/op
  [2/4]  bench  PaysetGroups                          5,677 ns/op   129,960 B/op   8.00 allocs/op
  [3/4]  bench  PaysetGroups                          5,652 ns/op   131,116 B/op   8.00 allocs/op
  [4/4]  bench  PaysetGroups                          5,619 ns/op ±2%   128,743 B/op ±5%   8.00 allocs/op    25.4s
  [1/4]  bench  Txn                                   41,267 ns/op   9,421 B/op   12.0 allocs/op
  [2/4]  bench  Txn                                   41,128 ns/op   9,420 B/op   12.0 allocs/op
  [3/4]  bench  Txn                                   41,060 ns/op   9,421 B/op   12.0 allocs/op
  [4/4]  bench  Txn                                   41,050 ns/op ±0%   9,419 B/op ±0%   12.0 allocs/op    9.08s
  [1/4]  bench  TxHandlerProcessing/processDecoded    11,038 ns/op   4,336 B/op   33.0 allocs/op
  [2/4]  bench  TxHandlerProcessing/processDecoded    10,460 ns/op   4,336 B/op   33.0 allocs/op
  [3/4]  bench  TxHandlerProcessing/processDecoded    10,536 ns/op   4,336 B/op   33.0 allocs/op
  [4/4]  bench  TxHandlerProcessing/processDecoded    10,407 ns/op ±6%   4,336 B/op   33.0 allocs/op    9.36s
  [1/4]  bench  TxHandlerProcessing/verify.TxnGroup   41,324 ns/op   11,328 B/op   16.0 allocs/op
  [2/4]  bench  TxHandlerProcessing/verify.TxnGroup   41,340 ns/op   11,328 B/op   16.0 allocs/op
  [3/4]  bench  TxHandlerProcessing/verify.TxnGroup   41,353 ns/op   11,328 B/op   16.0 allocs/op
  [4/4]  bench  TxHandlerProcessing/verify.TxnGroup   41,401 ns/op ±0%   11,328 B/op   16.0 allocs/op    6.54s
  [1/4]  bench  CompactDeltas/account-deltas          1,485,148 ns/op   4,134,168 B/op   0.000 allocs/op
  [2/4]  bench  CompactDeltas/account-deltas          1,445,181 ns/op   4,130,797 B/op   0.000 allocs/op
  [3/4]  bench  CompactDeltas/account-deltas          1,428,673 ns/op   4,127,640 B/op   0.000 allocs/op
  [4/4]  bench  CompactDeltas/account-deltas          1,425,235 ns/op ±3%   4,128,255 B/op ±0%   0.000 allocs/op    17.57s
