  [1/4]  bench  MerkleCommit/sha512_256/Item10/Count10  13,876 ns/op   6,082 B/op   107 allocs/op
  [2/4]  bench  MerkleCommit/sha512_256/Item10/Count10  14,101 ns/op   6,078 B/op   107 allocs/op
  [3/4]  bench  MerkleCommit/sha512_256/Item10/Count10  14,210 ns/op   6,078 B/op   107 allocs/op
  [4/4]  bench  MerkleCommit/sha512_256/Item10/Count10  14,290 ns/op ±2%   6,077 B/op ±0%   107 allocs/op    4.06s
  [1/4]  bench  MerkleCommit/sha512_256/Item10/Count100  54,787 ns/op   34,685 B/op   761 allocs/op
  [2/4]  bench  MerkleCommit/sha512_256/Item10/Count100  54,850 ns/op   34,677 B/op   761 allocs/op
  [3/4]  bench  MerkleCommit/sha512_256/Item10/Count100  55,063 ns/op   34,673 B/op   760 allocs/op
  [4/4]  bench  MerkleCommit/sha512_256/Item10/Count100  54,917 ns/op ±1%   34,674 B/op ±0%   761 allocs/op ±0%    5.27s
  [1/4]  bench  MerkleCommit/sha512_256/Item10/Count1000  259,768 ns/op   298,998 B/op   7,091 allocs/op
  [2/4]  bench  MerkleCommit/sha512_256/Item10/Count1000  257,009 ns/op   299,030 B/op   7,091 allocs/op
  [3/4]  bench  MerkleCommit/sha512_256/Item10/Count1000  257,246 ns/op   299,026 B/op   7,091 allocs/op
  [4/4]  bench  MerkleCommit/sha512_256/Item10/Count1000  256,585 ns/op ±1%   299,028 B/op ±0%   7,091 allocs/op    3.67s
  [1/4]  bench  MerkleCommit/sha512_256/Item10/Count10000  1,302,586 ns/op   2,920,589 B/op   70,183 allocs/op
  [2/4]  bench  MerkleCommit/sha512_256/Item10/Count10000  1,291,453 ns/op   2,920,617 B/op   70,183 allocs/op
  [3/4]  bench  MerkleCommit/sha512_256/Item10/Count10000  1,287,642 ns/op   2,920,640 B/op   70,183 allocs/op
  [4/4]  bench  MerkleCommit/sha512_256/Item10/Count10000  1,286,653 ns/op ±1%   2,920,617 B/op ±0%   70,183 allocs/op    3.9s
  [1/4]  bench  MerkleCommit/sha512_256/Item10/Count100000  8,014,135 ns/op   28,866,074 B/op   700,279 allocs/op
  [2/4]  bench  MerkleCommit/sha512_256/Item10/Count100000  7,909,622 ns/op   28,866,321 B/op   700,281 allocs/op
  [3/4]  bench  MerkleCommit/sha512_256/Item10/Count100000  7,887,269 ns/op   28,866,402 B/op   700,282 allocs/op
  [4/4]  bench  MerkleCommit/sha512_256/Item10/Count100000  7,925,306 ns/op ±1%   28,866,320 B/op ±0%   700,281 allocs/op ±0%    5.97s
  [1/4]  bench  MerkleCommit/sha512_256/Item1000/Count10  23,336 ns/op   16,259 B/op   108 allocs/op
  [2/4]  bench  MerkleCommit/sha512_256/Item1000/Count10  23,222 ns/op   16,256 B/op   108 allocs/op
  [3/4]  bench  MerkleCommit/sha512_256/Item1000/Count10  22,920 ns/op   16,258 B/op   108 allocs/op
  [4/4]  bench  MerkleCommit/sha512_256/Item1000/Count10  22,862 ns/op ±2%   16,258 B/op ±0%   108 allocs/op    4.3s
  [1/4]  bench  MerkleCommit/sha512_256/Item1000/Count100  98,635 ns/op   135,884 B/op   763 allocs/op
  [2/4]  bench  MerkleCommit/sha512_256/Item1000/Count100  97,533 ns/op   135,897 B/op   763 allocs/op
  [3/4]  bench  MerkleCommit/sha512_256/Item1000/Count100  97,147 ns/op   135,909 B/op   763 allocs/op
  [4/4]  bench  MerkleCommit/sha512_256/Item1000/Count100  96,962 ns/op ±1%   135,908 B/op ±0%   763 allocs/op ±0%    6.52s
  [1/4]  bench  MerkleCommit/sha512_256/Item1000/Count1000  492,903 ns/op   1,308,528 B/op   7,101 allocs/op
  [2/4]  bench  MerkleCommit/sha512_256/Item1000/Count1000  496,463 ns/op   1,308,495 B/op   7,101 allocs/op
  [3/4]  bench  MerkleCommit/sha512_256/Item1000/Count1000  495,961 ns/op   1,308,512 B/op   7,101 allocs/op
  [4/4]  bench  MerkleCommit/sha512_256/Item1000/Count1000  498,328 ns/op ±1%   1,308,498 B/op ±0%   7,101 allocs/op ±0%    3.77s
  [1/4]  bench  MerkleCommit/sha512_256/Item1000/Count10000  3,336,983 ns/op   13,001,246 B/op   70,187 allocs/op
  [2/4]  bench  MerkleCommit/sha512_256/Item1000/Count10000  3,353,197 ns/op   13,001,160 B/op   70,187 allocs/op
  [3/4]  bench  MerkleCommit/sha512_256/Item1000/Count10000  3,333,758 ns/op   13,001,155 B/op   70,186 allocs/op
  [4/4]  bench  MerkleCommit/sha512_256/Item1000/Count10000  3,343,762 ns/op ±1%   13,001,163 B/op ±0%   70,186 allocs/op ±0%    4.59s
  [1/4]  bench  MerkleCommit/sha512_256/Item1000/Count100000  28,665,738 ns/op   129,665,843 B/op   700,277 allocs/op
  [2/4]  bench  MerkleCommit/sha512_256/Item1000/Count100000  28,955,718 ns/op   129,665,742 B/op   700,276 allocs/op
  [3/4]  bench  MerkleCommit/sha512_256/Item1000/Count100000  28,996,756 ns/op   129,665,812 B/op   700,276 allocs/op
  [4/4]  bench  MerkleCommit/sha512_256/Item1000/Count100000  29,051,834 ns/op ±1%   129,665,796 B/op ±0%   700,276 allocs/op ±0%    3.85s
  [1/4]  bench  MerkleCommit/sha512_256/Item100000/Count10  325,478 ns/op   1,072,388 B/op   117 allocs/op
  [2/4]  bench  MerkleCommit/sha512_256/Item100000/Count10  324,812 ns/op   1,072,373 B/op   117 allocs/op
  [3/4]  bench  MerkleCommit/sha512_256/Item100000/Count10  325,794 ns/op   1,072,385 B/op   117 allocs/op
  [4/4]  bench  MerkleCommit/sha512_256/Item100000/Count10  326,577 ns/op ±1%   1,072,387 B/op ±0%   117 allocs/op    3.71s
  [1/4]  bench  MerkleCommit/sha512_256/Item100000/Count100  1,940,739 ns/op   10,685,864 B/op   781 allocs/op
  [2/4]  bench  MerkleCommit/sha512_256/Item100000/Count100  1,952,667 ns/op   10,685,843 B/op   781 allocs/op
  [3/4]  bench  MerkleCommit/sha512_256/Item100000/Count100  1,946,213 ns/op   10,685,841 B/op   781 allocs/op
  [4/4]  bench  MerkleCommit/sha512_256/Item100000/Count100  1,951,870 ns/op ±1%   10,685,850 B/op ±0%   781 allocs/op    4.16s
  [1/4]  bench  MerkleCommit/sha512_256/Item100000/Count1000  17,545,398 ns/op   106,782,562 B/op   7,112 allocs/op
  [2/4]  bench  MerkleCommit/sha512_256/Item100000/Count1000  17,584,095 ns/op   106,782,570 B/op   7,112 allocs/op
  [3/4]  bench  MerkleCommit/sha512_256/Item100000/Count1000  17,659,500 ns/op   106,782,575 B/op   7,112 allocs/op
  [4/4]  bench  MerkleCommit/sha512_256/Item100000/Count1000  17,617,554 ns/op ±1%   106,782,553 B/op ±0%   7,112 allocs/op ±0%    3.53s
  [1/4]  bench  MerkleCommit/sha512_256/Item100000/Count10000  166,323,244 ns/op   1,067,731,692 B/op   70,233 allocs/op
  [2/4]  bench  MerkleCommit/sha512_256/Item100000/Count10000  163,921,084 ns/op   1,067,731,722 B/op   70,233 allocs/op
  [3/4]  bench  MerkleCommit/sha512_256/Item100000/Count10000  164,838,149 ns/op   1,067,731,670 B/op   70,232 allocs/op
  [4/4]  bench  MerkleCommit/sha512_256/Item100000/Count10000  164,019,685 ns/op ±2%   1,067,731,806 B/op ±0%   70,233 allocs/op ±0%    3.91s
  [1/4]  bench  MerkleCommit/sha512_256/Item100000/Count100000  1,377,465,083 ns/op   10,676,921,336 B/op   700,458 allocs/op
  [2/4]  bench  MerkleCommit/sha512_256/Item100000/Count100000  1,352,898,459 ns/op   10,676,926,848 B/op   700,519 allocs/op
  [3/4]  bench  MerkleCommit/sha512_256/Item100000/Count100000  1,354,732,722 ns/op   10,676,926,040 B/op   700,513 allocs/op
  [4/4]  bench  MerkleCommit/sha512_256/Item100000/Count100000  1,354,170,917 ns/op ±2%   10,676,927,044 B/op ±0%   700,522 allocs/op ±0%    4.04s
  [1/4]  bench  MerkleCommit/sumhash/Item10/Count10   52,083 ns/op   16,795 B/op   217 allocs/op
  [2/4]  bench  MerkleCommit/sumhash/Item10/Count10   52,477 ns/op   16,787 B/op   217 allocs/op
  [3/4]  bench  MerkleCommit/sumhash/Item10/Count10   52,513 ns/op   16,786 B/op   217 allocs/op
  [4/4]  bench  MerkleCommit/sumhash/Item10/Count10   52,534 ns/op ±1%   16,787 B/op ±0%   217 allocs/op    5.19s
  [1/4]  bench  MerkleCommit/sumhash/Item10/Count100  242,288 ns/op   134,816 B/op   1,722 allocs/op
  [2/4]  bench  MerkleCommit/sumhash/Item10/Count100  241,625 ns/op   134,842 B/op   1,723 allocs/op
  [3/4]  bench  MerkleCommit/sumhash/Item10/Count100  241,257 ns/op   134,853 B/op   1,723 allocs/op
  [4/4]  bench  MerkleCommit/sumhash/Item10/Count100  241,155 ns/op ±0%   134,846 B/op ±0%   1,723 allocs/op ±0%    3.61s
  [1/4]  bench  MerkleCommit/sumhash/Item10/Count1000  1,070,364 ns/op   1,268,965 B/op   16,243 allocs/op
  [2/4]  bench  MerkleCommit/sumhash/Item10/Count1000  1,078,130 ns/op   1,268,824 B/op   16,242 allocs/op
  [3/4]  bench  MerkleCommit/sumhash/Item10/Count1000  1,075,483 ns/op   1,268,857 B/op   16,242 allocs/op
  [4/4]  bench  MerkleCommit/sumhash/Item10/Count1000  1,076,516 ns/op ±1%   1,268,826 B/op ±0%   16,242 allocs/op ±0%    3.96s
  [1/4]  bench  MerkleCommit/sumhash/Item10/Count10000  6,438,131 ns/op   12,538,431 B/op   160,471 allocs/op
  [2/4]  bench  MerkleCommit/sumhash/Item10/Count10000  6,431,282 ns/op   12,538,429 B/op   160,471 allocs/op
  [3/4]  bench  MerkleCommit/sumhash/Item10/Count10000  6,474,922 ns/op   12,538,237 B/op   160,469 allocs/op
  [4/4]  bench  MerkleCommit/sumhash/Item10/Count10000  6,473,784 ns/op ±1%   12,538,293 B/op ±0%   160,470 allocs/op ±0%    5.55s
  [1/4]  bench  MerkleCommit/sumhash/Item10/Count100000  52,145,117 ns/op   124,885,611 B/op   1,600,650 allocs/op
  [2/4]  bench  MerkleCommit/sumhash/Item10/Count100000  51,281,459 ns/op   124,885,825 B/op   1,600,653 allocs/op
  [3/4]  bench  MerkleCommit/sumhash/Item10/Count100000  51,624,804 ns/op   124,885,620 B/op   1,600,650 allocs/op
  [4/4]  bench  MerkleCommit/sumhash/Item10/Count100000  51,293,853 ns/op ±2%   124,885,713 B/op ±0%   1,600,651 allocs/op ±0%    3.52s
  [1/4]  bench  MerkleCommit/sumhash/Item1000/Count10  108,767 ns/op   28,649 B/op   233 allocs/op
  [2/4]  bench  MerkleCommit/sumhash/Item1000/Count10  108,179 ns/op   28,654 B/op   233 allocs/op
  [3/4]  bench  MerkleCommit/sumhash/Item1000/Count10  107,351 ns/op   28,649 B/op   233 allocs/op
  [4/4]  bench  MerkleCommit/sumhash/Item1000/Count10  107,686 ns/op ±1%   28,645 B/op ±0%   233 allocs/op ±0%    3.25s
  [1/4]  bench  MerkleCommit/sumhash/Item1000/Count100  458,184 ns/op   250,211 B/op   1,844 allocs/op
  [2/4]  bench  MerkleCommit/sumhash/Item1000/Count100  460,807 ns/op   250,167 B/op   1,844 allocs/op
  [3/4]  bench  MerkleCommit/sumhash/Item1000/Count100  459,816 ns/op   250,186 B/op   1,844 allocs/op
  [4/4]  bench  MerkleCommit/sumhash/Item1000/Count100  460,979 ns/op ±1%   250,176 B/op ±0%   1,844 allocs/op ±0%    3.81s
  [1/4]  bench  MerkleCommit/sumhash/Item1000/Count1000  2,516,742 ns/op   2,406,536 B/op   17,262 allocs/op
  [2/4]  bench  MerkleCommit/sumhash/Item1000/Count1000  2,589,272 ns/op   2,406,323 B/op   17,260 allocs/op
  [3/4]  bench  MerkleCommit/sumhash/Item1000/Count1000  2,563,173 ns/op   2,406,392 B/op   17,260 allocs/op
  [4/4]  bench  MerkleCommit/sumhash/Item1000/Count1000  2,565,729 ns/op ±3%   2,406,345 B/op ±0%   17,260 allocs/op ±0%    4.45s
  [1/4]  bench  MerkleCommit/sumhash/Item1000/Count10000  19,709,294 ns/op   23,898,190 B/op   170,468 allocs/op
  [2/4]  bench  MerkleCommit/sumhash/Item1000/Count10000  19,899,667 ns/op   23,898,116 B/op   170,467 allocs/op
  [3/4]  bench  MerkleCommit/sumhash/Item1000/Count10000  19,866,688 ns/op   23,898,328 B/op   170,469 allocs/op
  [4/4]  bench  MerkleCommit/sumhash/Item1000/Count10000  19,793,092 ns/op ±1%   23,898,501 B/op ±0%   170,471 allocs/op ±0%    3.57s
  [1/4]  bench  MerkleCommit/sumhash/Item1000/Count100000  178,098,535 ns/op   238,487,109 B/op   1,700,656 allocs/op
  [2/4]  bench  MerkleCommit/sumhash/Item1000/Count100000  175,343,837 ns/op   238,487,357 B/op   1,700,661 allocs/op
  [3/4]  bench  MerkleCommit/sumhash/Item1000/Count100000  177,527,674 ns/op   238,486,577 B/op   1,700,653 allocs/op
  [4/4]  bench  MerkleCommit/sumhash/Item1000/Count100000  176,360,172 ns/op ±3%   238,486,663 B/op ±0%   1,700,655 allocs/op ±0%    3.7s
  [1/4]  bench  MerkleCommit/sumhash/Item100000/Count10  2,103,225 ns/op   1,085,596 B/op   259 allocs/op
  [2/4]  bench  MerkleCommit/sumhash/Item100000/Count10  2,076,514 ns/op   1,085,603 B/op   259 allocs/op
  [3/4]  bench  MerkleCommit/sumhash/Item100000/Count10  2,090,661 ns/op   1,085,590 B/op   259 allocs/op
  [4/4]  bench  MerkleCommit/sumhash/Item100000/Count10  2,079,694 ns/op ±2%   1,085,591 B/op ±0%   259 allocs/op    4.25s
  [1/4]  bench  MerkleCommit/sumhash/Item100000/Count100  15,397,543 ns/op   10,798,546 B/op   1,856 allocs/op
  [2/4]  bench  MerkleCommit/sumhash/Item100000/Count100  15,176,203 ns/op   10,798,602 B/op   1,857 allocs/op
  [3/4]  bench  MerkleCommit/sumhash/Item100000/Count100  15,202,650 ns/op   10,798,568 B/op   1,856 allocs/op
  [4/4]  bench  MerkleCommit/sumhash/Item100000/Count100  15,170,319 ns/op ±1%   10,798,586 B/op ±0%   1,857 allocs/op ±0%    3.82s
  [1/4]  bench  MerkleCommit/sumhash/Item100000/Count1000  134,937,771 ns/op   107,878,678 B/op   17,256 allocs/op
  [2/4]  bench  MerkleCommit/sumhash/Item100000/Count1000  134,362,998 ns/op   107,878,525 B/op   17,253 allocs/op
  [3/4]  bench  MerkleCommit/sumhash/Item100000/Count1000  132,445,224 ns/op   107,878,625 B/op   17,255 allocs/op
  [4/4]  bench  MerkleCommit/sumhash/Item100000/Count1000  133,565,421 ns/op ±3%   107,878,634 B/op ±0%   17,255 allocs/op ±0%    3.6s
  [1/4]  bench  MerkleCommit/sumhash/Item100000/Count10000  1,273,479,291 ns/op   1,078,624,200 B/op   170,481 allocs/op
  [2/4]  bench  MerkleCommit/sumhash/Item100000/Count10000  1,285,120,708 ns/op   1,078,622,744 B/op   170,469 allocs/op
  [3/4]  bench  MerkleCommit/sumhash/Item100000/Count10000  1,277,815,930 ns/op   1,078,623,064 B/op   170,474 allocs/op
  [4/4]  bench  MerkleCommit/sumhash/Item100000/Count10000  1,286,228,917 ns/op ±2%   1,078,623,364 B/op ±0%   170,476 allocs/op ±0%    3.87s
  [1/4]  bench  MerkleCommit/sumhash/Item100000/Count100000  12,744,410,708 ns/op   10,785,732,696 B/op   1,700,782 allocs/op
  [2/4]  bench  MerkleCommit/sumhash/Item100000/Count100000  12,746,417,271 ns/op   10,785,731,080 B/op   1,700,786 allocs/op
  [3/4]  bench  MerkleCommit/sumhash/Item100000/Count100000  12,691,554,791 ns/op   10,785,728,765 B/op   1,700,762 allocs/op
  [4/4]  bench  MerkleCommit/sumhash/Item100000/Count100000  12,643,410,031 ns/op ±1%   10,785,729,672 B/op ±0%   1,700,768 allocs/op ±0%    37.83s
  [1/4]  bench  MerkleCommit/sha256/Item10/Count10    9,186 ns/op   5,513 B/op   107 allocs/op
  [2/4]  bench  MerkleCommit/sha256/Item10/Count10    8,875 ns/op   5,514 B/op   107 allocs/op
  [3/4]  bench  MerkleCommit/sha256/Item10/Count10    8,868 ns/op   5,513 B/op   107 allocs/op
  [4/4]  bench  MerkleCommit/sha256/Item10/Count10    8,788 ns/op ±4%   5,513 B/op ±0%   107 allocs/op    3.86s
  [1/4]  bench  MerkleCommit/sha256/Item10/Count100   44,942 ns/op   33,537 B/op   759 allocs/op
  [2/4]  bench  MerkleCommit/sha256/Item10/Count100   44,446 ns/op   33,544 B/op   759 allocs/op
  [3/4]  bench  MerkleCommit/sha256/Item10/Count100   44,627 ns/op   33,544 B/op   759 allocs/op
  [4/4]  bench  MerkleCommit/sha256/Item10/Count100   44,486 ns/op ±1%   33,543 B/op ±0%   759 allocs/op    4.93s
  [1/4]  bench  MerkleCommit/sha256/Item10/Count1000  212,805 ns/op   296,463 B/op   7,087 allocs/op
  [2/4]  bench  MerkleCommit/sha256/Item10/Count1000  213,180 ns/op   296,448 B/op   7,087 allocs/op
  [3/4]  bench  MerkleCommit/sha256/Item10/Count1000  213,238 ns/op   296,452 B/op   7,087 allocs/op
  [4/4]  bench  MerkleCommit/sha256/Item10/Count1000  213,262 ns/op ±0%   296,455 B/op ±0%   7,087 allocs/op    3.72s
  [1/4]  bench  MerkleCommit/sha256/Item10/Count10000  1,104,219 ns/op   2,914,623 B/op   70,176 allocs/op
  [2/4]  bench  MerkleCommit/sha256/Item10/Count10000  1,101,496 ns/op   2,914,654 B/op   70,176 allocs/op
  [3/4]  bench  MerkleCommit/sha256/Item10/Count10000  1,103,693 ns/op   2,914,619 B/op   70,176 allocs/op
  [4/4]  bench  MerkleCommit/sha256/Item10/Count10000  1,101,089 ns/op ±1%   2,914,630 B/op ±0%   70,176 allocs/op ±0%    3.95s
  [1/4]  bench  MerkleCommit/sha256/Item10/Count100000  6,941,481 ns/op   28,856,153 B/op   700,272 allocs/op
  [2/4]  bench  MerkleCommit/sha256/Item10/Count100000  7,032,931 ns/op   28,856,009 B/op   700,271 allocs/op
  [3/4]  bench  MerkleCommit/sha256/Item10/Count100000  7,016,483 ns/op   28,856,099 B/op   700,272 allocs/op
  [4/4]  bench  MerkleCommit/sha256/Item10/Count100000  7,004,859 ns/op ±1%   28,856,126 B/op ±0%   700,272 allocs/op ±0%    5.74s
  [1/4]  bench  MerkleCommit/sha256/Item1000/Count10  16,337 ns/op   15,651 B/op   107 allocs/op
  [2/4]  bench  MerkleCommit/sha256/Item1000/Count10  16,222 ns/op   15,654 B/op   107 allocs/op
  [3/4]  bench  MerkleCommit/sha256/Item1000/Count10  16,041 ns/op   15,654 B/op   107 allocs/op
  [4/4]  bench  MerkleCommit/sha256/Item1000/Count10  16,089 ns/op ±2%   15,654 B/op ±0%   107 allocs/op    4.03s
  [1/4]  bench  MerkleCommit/sha256/Item1000/Count100  78,047 ns/op   134,545 B/op   761 allocs/op
  [2/4]  bench  MerkleCommit/sha256/Item1000/Count100  76,067 ns/op   134,551 B/op   761 allocs/op
  [3/4]  bench  MerkleCommit/sha256/Item1000/Count100  75,805 ns/op   134,554 B/op   761 allocs/op
  [4/4]  bench  MerkleCommit/sha256/Item1000/Count100  76,310 ns/op ±3%   134,553 B/op ±0%   761 allocs/op    5.89s
  [1/4]  bench  MerkleCommit/sha256/Item1000/Count1000  420,854 ns/op   1,305,510 B/op   7,097 allocs/op
  [2/4]  bench  MerkleCommit/sha256/Item1000/Count1000  423,974 ns/op   1,305,479 B/op   7,097 allocs/op
  [3/4]  bench  MerkleCommit/sha256/Item1000/Count1000  422,964 ns/op   1,305,481 B/op   7,097 allocs/op
  [4/4]  bench  MerkleCommit/sha256/Item1000/Count1000  424,076 ns/op ±1%   1,305,473 B/op ±0%   7,097 allocs/op ±0%    3.79s
  [1/4]  bench  MerkleCommit/sha256/Item1000/Count10000  2,868,829 ns/op   12,995,202 B/op   70,181 allocs/op
  [2/4]  bench  MerkleCommit/sha256/Item1000/Count10000  2,925,385 ns/op   12,995,203 B/op   70,181 allocs/op
  [3/4]  bench  MerkleCommit/sha256/Item1000/Count10000  2,964,910 ns/op   12,995,254 B/op   70,181 allocs/op
  [4/4]  bench  MerkleCommit/sha256/Item1000/Count10000  2,948,279 ns/op ±3%   12,995,222 B/op ±0%   70,181 allocs/op ±0%    4.49s
  [1/4]  bench  MerkleCommit/sha256/Item1000/Count100000  27,070,018 ns/op   129,656,116 B/op   700,270 allocs/op
  [2/4]  bench  MerkleCommit/sha256/Item1000/Count100000  27,303,440 ns/op   129,655,991 B/op   700,269 allocs/op
  [3/4]  bench  MerkleCommit/sha256/Item1000/Count100000  27,221,159 ns/op   129,656,063 B/op   700,269 allocs/op
  [4/4]  bench  MerkleCommit/sha256/Item1000/Count100000  27,157,310 ns/op ±1%   129,656,034 B/op ±0%   700,269 allocs/op ±0%    3.88s
  [1/4]  bench  MerkleCommit/sha256/Item100000/Count10  229,641 ns/op   1,071,218 B/op   115 allocs/op
  [2/4]  bench  MerkleCommit/sha256/Item100000/Count10  231,461 ns/op   1,071,218 B/op   115 allocs/op
  [3/4]  bench  MerkleCommit/sha256/Item100000/Count10  230,683 ns/op   1,071,217 B/op   115 allocs/op
  [4/4]  bench  MerkleCommit/sha256/Item100000/Count10  230,833 ns/op ±1%   1,071,218 B/op ±0%   115 allocs/op    3.73s
  [1/4]  bench  MerkleCommit/sha256/Item100000/Count100  1,502,167 ns/op   10,683,698 B/op   779 allocs/op
  [2/4]  bench  MerkleCommit/sha256/Item100000/Count100  1,505,821 ns/op   10,683,704 B/op   779 allocs/op
  [3/4]  bench  MerkleCommit/sha256/Item100000/Count100  1,505,872 ns/op   10,683,703 B/op   779 allocs/op
  [4/4]  bench  MerkleCommit/sha256/Item100000/Count100  1,509,247 ns/op ±1%   10,683,703 B/op ±0%   779 allocs/op    3.94s
  [1/4]  bench  MerkleCommit/sha256/Item100000/Count1000  14,474,680 ns/op   106,779,481 B/op   7,110 allocs/op
  [2/4]  bench  MerkleCommit/sha256/Item100000/Count1000  14,341,693 ns/op   106,779,512 B/op   7,110 allocs/op
  [3/4]  bench  MerkleCommit/sha256/Item100000/Count1000  14,425,073 ns/op   106,779,495 B/op   7,110 allocs/op
  [4/4]  bench  MerkleCommit/sha256/Item100000/Count1000  14,424,833 ns/op ±1%   106,779,487 B/op ±0%   7,110 allocs/op ±0%    3.73s
  [1/4]  bench  MerkleCommit/sha256/Item100000/Count10000  136,983,542 ns/op   1,067,727,176 B/op   70,239 allocs/op
  [2/4]  bench  MerkleCommit/sha256/Item100000/Count10000  135,355,607 ns/op   1,067,727,214 B/op   70,239 allocs/op
  [3/4]  bench  MerkleCommit/sha256/Item100000/Count10000  134,817,396 ns/op   1,067,727,089 B/op   70,239 allocs/op
  [4/4]  bench  MerkleCommit/sha256/Item100000/Count10000  134,168,927 ns/op ±2%   1,067,727,295 B/op ±0%   70,241 allocs/op ±0%    3.6s
  [1/4]  bench  MerkleCommit/sha256/Item100000/Count100000  1,063,823,541 ns/op   10,676,915,224 B/op   700,513 allocs/op
  [2/4]  bench  MerkleCommit/sha256/Item100000/Count100000  1,105,269,667 ns/op   10,676,917,976 B/op   700,517 allocs/op
  [3/4]  bench  MerkleCommit/sha256/Item100000/Count100000  1,095,554,930 ns/op   10,676,918,627 B/op   700,527 allocs/op
  [4/4]  bench  MerkleCommit/sha256/Item100000/Count100000  1,107,627,688 ns/op ±4%   10,676,921,240 B/op ±0%   700,544 allocs/op ±0%    3.37s
  [1/4]  bench  AppendMsgBlockHeader                  32.2 ns/op   31.1 MB/s   0.000 B/op   0.000 allocs/op
  [2/4]  bench  AppendMsgBlockHeader                  32.0 ns/op   31.2 MB/s   0.000 B/op   0.000 allocs/op
  [3/4]  bench  AppendMsgBlockHeader                  32.1 ns/op   31.2 MB/s   0.000 B/op   0.000 allocs/op
  [4/4]  bench  AppendMsgBlockHeader                  32.0 ns/op ±1%   31.2 MB/s ±1%   0.000 B/op   0.000 allocs/op    3.7s
  [1/4]  bench  AppendMsgSignedTxn                    73.8 ns/op   13.6 MB/s   0.000 B/op   0.000 allocs/op
  [2/4]  bench  AppendMsgSignedTxn                    73.9 ns/op   13.5 MB/s   0.000 B/op   0.000 allocs/op
  [3/4]  bench  AppendMsgSignedTxn                    73.9 ns/op   13.5 MB/s   0.000 B/op   0.000 allocs/op
  [4/4]  bench  AppendMsgSignedTxn                    73.8 ns/op ±0%   13.5 MB/s ±0%   0.000 B/op   0.000 allocs/op    3.79s
  [1/4]  bench  PaysetGroups                          5,575 ns/op   130,426 B/op   8.00 allocs/op
  [2/4]  bench  PaysetGroups                          5,616 ns/op   130,469 B/op   8.00 allocs/op
  [3/4]  bench  PaysetGroups                          5,611 ns/op   131,471 B/op   8.00 allocs/op
  [4/4]  bench  PaysetGroups                          5,633 ns/op ±1%   131,164 B/op ±1%   8.00 allocs/op    26.18s
  [1/4]  bench  Txn                                   40,937 ns/op   9,421 B/op   12.0 allocs/op
  [2/4]  bench  Txn                                   40,982 ns/op   9,420 B/op   12.0 allocs/op
  [3/4]  bench  Txn                                   41,092 ns/op   9,421 B/op   12.0 allocs/op
  [4/4]  bench  Txn                                   41,041 ns/op ±1%   9,420 B/op ±0%   12.0 allocs/op    9.01s
  [1/4]  bench  TxHandlerProcessing/processDecoded    9,666 ns/op   4,336 B/op   33.0 allocs/op
  [2/4]  bench  TxHandlerProcessing/processDecoded    9,801 ns/op   4,336 B/op   33.0 allocs/op
  [3/4]  bench  TxHandlerProcessing/processDecoded    9,876 ns/op   4,336 B/op   33.0 allocs/op
  [4/4]  bench  TxHandlerProcessing/processDecoded    9,863 ns/op ±2%   4,336 B/op   33.0 allocs/op    9.47s
  [1/4]  bench  TxHandlerProcessing/verify.TxnGroup   41,088 ns/op   11,328 B/op   16.0 allocs/op
  [2/4]  bench  TxHandlerProcessing/verify.TxnGroup   41,149 ns/op   11,328 B/op   16.0 allocs/op
  [3/4]  bench  TxHandlerProcessing/verify.TxnGroup   41,244 ns/op   11,328 B/op   16.0 allocs/op
  [4/4]  bench  TxHandlerProcessing/verify.TxnGroup   41,335 ns/op ±1%   11,328 B/op   16.0 allocs/op    6.55s
  [1/4]  bench  CompactDeltas/account-deltas          1,515,758 ns/op   4,134,626 B/op   0.000 allocs/op
  [2/4]  bench  CompactDeltas/account-deltas          1,461,466 ns/op   4,135,086 B/op   0.000 allocs/op
  [3/4]  bench  CompactDeltas/account-deltas          1,446,857 ns/op   4,133,723 B/op   0.000 allocs/op
  [4/4]  bench  CompactDeltas/account-deltas          1,435,620 ns/op ±4%   4,131,597 B/op ±0%   0.000 allocs/op    17.54s
