  [1/4]  bench  MerkleCommit/sha512_256/Item10/Count10  13,857 ns/op   6,081 B/op   107 allocs/op
  [2/4]  bench  MerkleCommit/sha512_256/Item10/Count10  14,063 ns/op   6,078 B/op   107 allocs/op
  [3/4]  bench  MerkleCommit/sha512_256/Item10/Count10  14,063 ns/op   6,078 B/op   107 allocs/op
  [4/4]  bench  MerkleCommit/sha512_256/Item10/Count10  14,138 ns/op ±2%   6,076 B/op ±0%   107 allocs/op    4.05s
  [1/4]  bench  MerkleCommit/sha512_256/Item10/Count100  53,710 ns/op   34,678 B/op   761 allocs/op
  [2/4]  bench  MerkleCommit/sha512_256/Item10/Count100  54,372 ns/op   34,681 B/op   761 allocs/op
  [3/4]  bench  MerkleCommit/sha512_256/Item10/Count100  54,767 ns/op   34,675 B/op   761 allocs/op
  [4/4]  bench  MerkleCommit/sha512_256/Item10/Count100  54,414 ns/op ±2%   34,676 B/op ±0%   761 allocs/op ±0%    5.26s
  [1/4]  bench  MerkleCommit/sha512_256/Item10/Count1000  257,111 ns/op   299,015 B/op   7,091 allocs/op
  [2/4]  bench  MerkleCommit/sha512_256/Item10/Count1000  255,219 ns/op   299,036 B/op   7,091 allocs/op
  [3/4]  bench  MerkleCommit/sha512_256/Item10/Count1000  255,535 ns/op   299,034 B/op   7,091 allocs/op
  [4/4]  bench  MerkleCommit/sha512_256/Item10/Count1000  255,060 ns/op ±1%   299,040 B/op ±0%   7,091 allocs/op    3.66s
  [1/4]  bench  MerkleCommit/sha512_256/Item10/Count10000  1,282,702 ns/op   2,920,670 B/op   70,183 allocs/op
  [2/4]  bench  MerkleCommit/sha512_256/Item10/Count10000  1,280,287 ns/op   2,920,619 B/op   70,183 allocs/op
  [3/4]  bench  MerkleCommit/sha512_256/Item10/Count10000  1,280,379 ns/op   2,920,647 B/op   70,183 allocs/op
  [4/4]  bench  MerkleCommit/sha512_256/Item10/Count10000  1,281,886 ns/op ±0%   2,920,614 B/op ±0%   70,183 allocs/op ±0%    3.93s
  [1/4]  bench  MerkleCommit/sha512_256/Item10/Count100000  8,103,438 ns/op   28,866,102 B/op   700,280 allocs/op
  [2/4]  bench  MerkleCommit/sha512_256/Item10/Count100000  7,994,859 ns/op   28,866,318 B/op   700,281 allocs/op
  [3/4]  bench  MerkleCommit/sha512_256/Item10/Count100000  7,971,072 ns/op   28,866,353 B/op   700,281 allocs/op
  [4/4]  bench  MerkleCommit/sha512_256/Item10/Count100000  7,999,450 ns/op ±1%   28,866,262 B/op ±0%   700,281 allocs/op ±0%    5.99s
  [1/4]  bench  MerkleCommit/sha512_256/Item1000/Count10  22,536 ns/op   16,256 B/op   108 allocs/op
  [2/4]  bench  MerkleCommit/sha512_256/Item1000/Count10  22,729 ns/op   16,254 B/op   108 allocs/op
  [3/4]  bench  MerkleCommit/sha512_256/Item1000/Count10  22,717 ns/op   16,255 B/op   108 allocs/op
  [4/4]  bench  MerkleCommit/sha512_256/Item1000/Count10  22,742 ns/op ±1%   16,254 B/op ±0%   108 allocs/op    4.26s
  [1/4]  bench  MerkleCommit/sha512_256/Item1000/Count100  97,177 ns/op   135,907 B/op   763 allocs/op
  [2/4]  bench  MerkleCommit/sha512_256/Item1000/Count100  96,225 ns/op   135,905 B/op   763 allocs/op
  [3/4]  bench  MerkleCommit/sha512_256/Item1000/Count100  96,017 ns/op   135,910 B/op   763 allocs/op
  [4/4]  bench  MerkleCommit/sha512_256/Item1000/Count100  95,981 ns/op ±1%   135,912 B/op ±0%   763 allocs/op    6.49s
  [1/4]  bench  MerkleCommit/sha512_256/Item1000/Count1000  494,778 ns/op   1,308,555 B/op   7,101 allocs/op
  [2/4]  bench  MerkleCommit/sha512_256/Item1000/Count1000  497,901 ns/op   1,308,495 B/op   7,101 allocs/op
  [3/4]  bench  MerkleCommit/sha512_256/Item1000/Count1000  495,859 ns/op   1,308,490 B/op   7,100 allocs/op
  [4/4]  bench  MerkleCommit/sha512_256/Item1000/Count1000  498,790 ns/op ±2%   1,308,465 B/op ±0%   7,100 allocs/op ±0%    3.79s
  [1/4]  bench  MerkleCommit/sha512_256/Item1000/Count10000  3,353,343 ns/op   13,001,204 B/op   70,187 allocs/op
  [2/4]  bench  MerkleCommit/sha512_256/Item1000/Count10000  3,374,082 ns/op   13,001,109 B/op   70,186 allocs/op
  [3/4]  bench  MerkleCommit/sha512_256/Item1000/Count10000  3,336,269 ns/op   13,001,106 B/op   70,186 allocs/op
  [4/4]  bench  MerkleCommit/sha512_256/Item1000/Count10000  3,352,868 ns/op ±2%   13,001,128 B/op ±0%   70,186 allocs/op ±0%    4.56s
  [1/4]  bench  MerkleCommit/sha512_256/Item1000/Count100000  28,838,504 ns/op   129,665,956 B/op   700,277 allocs/op
  [2/4]  bench  MerkleCommit/sha512_256/Item1000/Count100000  28,926,616 ns/op   129,665,749 B/op   700,276 allocs/op
  [3/4]  bench  MerkleCommit/sha512_256/Item1000/Count100000  28,740,313 ns/op   129,665,800 B/op   700,276 allocs/op
  [4/4]  bench  MerkleCommit/sha512_256/Item1000/Count100000  28,864,330 ns/op ±2%   129,665,739 B/op ±0%   700,276 allocs/op ±0%    3.67s
  [1/4]  bench  MerkleCommit/sha512_256/Item100000/Count10  326,483 ns/op   1,072,411 B/op   117 allocs/op
  [2/4]  bench  MerkleCommit/sha512_256/Item100000/Count10  328,131 ns/op   1,072,402 B/op   117 allocs/op
  [3/4]  bench  MerkleCommit/sha512_256/Item100000/Count10  327,546 ns/op   1,072,400 B/op   117 allocs/op
  [4/4]  bench  MerkleCommit/sha512_256/Item100000/Count10  328,073 ns/op ±1%   1,072,398 B/op ±0%   117 allocs/op    3.69s
  [1/4]  bench  MerkleCommit/sha512_256/Item100000/Count100  1,927,020 ns/op   10,685,835 B/op   781 allocs/op
  [2/4]  bench  MerkleCommit/sha512_256/Item100000/Count100  1,937,614 ns/op   10,685,842 B/op   781 allocs/op
  [3/4]  bench  MerkleCommit/sha512_256/Item100000/Count100  1,935,641 ns/op   10,685,846 B/op   781 allocs/op
  [4/4]  bench  MerkleCommit/sha512_256/Item100000/Count100  1,941,593 ns/op ±1%   10,685,846 B/op ±0%   781 allocs/op    4.13s
  [1/4]  bench  MerkleCommit/sha512_256/Item100000/Count1000  18,105,578 ns/op   106,782,624 B/op   7,112 allocs/op
  [2/4]  bench  MerkleCommit/sha512_256/Item100000/Count1000  17,924,125 ns/op   106,782,580 B/op   7,112 allocs/op
  [3/4]  bench  MerkleCommit/sha512_256/Item100000/Count1000  17,901,518 ns/op   106,782,505 B/op   7,111 allocs/op
  [4/4]  bench  MerkleCommit/sha512_256/Item100000/Count1000  17,819,322 ns/op ±1%   106,782,554 B/op ±0%   7,112 allocs/op ±0%    3.61s
  [1/4]  bench  MerkleCommit/sha512_256/Item100000/Count10000  164,754,708 ns/op   1,067,730,979 B/op   70,227 allocs/op
  [2/4]  bench  MerkleCommit/sha512_256/Item100000/Count10000  164,325,164 ns/op   1,067,731,611 B/op   70,231 allocs/op
  [3/4]  bench  MerkleCommit/sha512_256/Item100000/Count10000  164,957,321 ns/op   1,067,731,798 B/op   70,233 allocs/op
  [4/4]  bench  MerkleCommit/sha512_256/Item100000/Count10000  164,657,472 ns/op ±1%   1,067,732,044 B/op ±0%   70,235 allocs/op ±0%    3.95s
  [1/4]  bench  MerkleCommit/sha512_256/Item100000/Count100000  1,390,193,084 ns/op   10,676,936,840 B/op   700,590 allocs/op
  [2/4]  bench  MerkleCommit/sha512_256/Item100000/Count100000  1,380,556,938 ns/op   10,676,938,056 B/op   700,608 allocs/op
  [3/4]  bench  MerkleCommit/sha512_256/Item100000/Count100000  1,375,388,709 ns/op   10,676,941,741 B/op   700,656 allocs/op
  [4/4]  bench  MerkleCommit/sha512_256/Item100000/Count100000  1,372,050,198 ns/op ±1%   10,676,942,160 B/op ±0%   700,657 allocs/op ±0%    4.1s
  [1/4]  bench  MerkleCommit/sumhash/Item10/Count10   52,609 ns/op   16,785 B/op   217 allocs/op
  [2/4]  bench  MerkleCommit/sumhash/Item10/Count10   52,620 ns/op   16,780 B/op   217 allocs/op
  [3/4]  bench  MerkleCommit/sumhash/Item10/Count10   52,609 ns/op   16,782 B/op   217 allocs/op
  [4/4]  bench  MerkleCommit/sumhash/Item10/Count10   52,345 ns/op ±1%   16,783 B/op ±0%   217 allocs/op    5.18s
  [1/4]  bench  MerkleCommit/sumhash/Item10/Count100  235,977 ns/op   134,879 B/op   1,723 allocs/op
  [2/4]  bench  MerkleCommit/sumhash/Item10/Count100  239,230 ns/op   134,849 B/op   1,723 allocs/op
  [3/4]  bench  MerkleCommit/sumhash/Item10/Count100  239,172 ns/op   134,855 B/op   1,723 allocs/op
  [4/4]  bench  MerkleCommit/sumhash/Item10/Count100  239,553 ns/op ±1%   134,844 B/op ±0%   1,723 allocs/op ±0%    3.69s
  [1/4]  bench  MerkleCommit/sumhash/Item10/Count1000  1,066,303 ns/op   1,268,944 B/op   16,243 allocs/op
  [2/4]  bench  MerkleCommit/sumhash/Item10/Count1000  1,079,084 ns/op   1,268,803 B/op   16,242 allocs/op
  [3/4]  bench  MerkleCommit/sumhash/Item10/Count1000  1,075,329 ns/op   1,268,838 B/op   16,242 allocs/op
  [4/4]  bench  MerkleCommit/sumhash/Item10/Count1000  1,075,093 ns/op ±1%   1,268,784 B/op ±0%   16,241 allocs/op ±0%    3.96s
  [1/4]  bench  MerkleCommit/sumhash/Item10/Count10000  6,399,611 ns/op   12,538,623 B/op   160,474 allocs/op
  [2/4]  bench  MerkleCommit/sumhash/Item10/Count10000  6,403,856 ns/op   12,538,490 B/op   160,472 allocs/op
  [3/4]  bench  MerkleCommit/sumhash/Item10/Count10000  6,452,134 ns/op   12,538,293 B/op   160,470 allocs/op
  [4/4]  bench  MerkleCommit/sumhash/Item10/Count10000  6,448,318 ns/op ±1%   12,538,379 B/op ±0%   160,471 allocs/op ±0%    5.54s
  [1/4]  bench  MerkleCommit/sumhash/Item10/Count100000  52,504,861 ns/op   124,885,444 B/op   1,600,648 allocs/op
  [2/4]  bench  MerkleCommit/sumhash/Item10/Count100000  51,490,455 ns/op   124,885,871 B/op   1,600,653 allocs/op
  [3/4]  bench  MerkleCommit/sumhash/Item10/Count100000  51,807,594 ns/op   124,885,701 B/op   1,600,651 allocs/op
  [4/4]  bench  MerkleCommit/sumhash/Item10/Count100000  51,522,800 ns/op ±2%   124,885,779 B/op ±0%   1,600,652 allocs/op ±0%    3.54s
  [1/4]  bench  MerkleCommit/sumhash/Item1000/Count10  105,933 ns/op   28,653 B/op   233 allocs/op
  [2/4]  bench  MerkleCommit/sumhash/Item1000/Count10  107,282 ns/op   28,651 B/op   233 allocs/op
  [3/4]  bench  MerkleCommit/sumhash/Item1000/Count10  107,268 ns/op   28,654 B/op   233 allocs/op
  [4/4]  bench  MerkleCommit/sumhash/Item1000/Count10  107,708 ns/op ±1%   28,653 B/op ±0%   233 allocs/op    3.28s
  [1/4]  bench  MerkleCommit/sumhash/Item1000/Count100  457,902 ns/op   250,230 B/op   1,844 allocs/op
  [2/4]  bench  MerkleCommit/sumhash/Item1000/Count100  460,124 ns/op   250,204 B/op   1,844 allocs/op
  [3/4]  bench  MerkleCommit/sumhash/Item1000/Count100  459,537 ns/op   250,212 B/op   1,844 allocs/op
  [4/4]  bench  MerkleCommit/sumhash/Item1000/Count100  459,584 ns/op ±0%   250,211 B/op ±0%   1,844 allocs/op ±0%    3.77s
  [1/4]  bench  MerkleCommit/sumhash/Item1000/Count1000  2,508,406 ns/op   2,406,606 B/op   17,263 allocs/op
  [2/4]  bench  MerkleCommit/sumhash/Item1000/Count1000  2,532,517 ns/op   2,406,488 B/op   17,262 allocs/op
  [3/4]  bench  MerkleCommit/sumhash/Item1000/Count1000  2,527,913 ns/op   2,406,528 B/op   17,262 allocs/op
  [4/4]  bench  MerkleCommit/sumhash/Item1000/Count1000  2,539,983 ns/op ±1%   2,406,456 B/op ±0%   17,261 allocs/op ±0%    4.38s
  [1/4]  bench  MerkleCommit/sumhash/Item1000/Count10000  19,592,454 ns/op   23,898,971 B/op   170,477 allocs/op
  [2/4]  bench  MerkleCommit/sumhash/Item1000/Count10000  19,638,898 ns/op   23,898,834 B/op   170,475 allocs/op
  [3/4]  bench  MerkleCommit/sumhash/Item1000/Count10000  19,792,951 ns/op   23,898,766 B/op   170,474 allocs/op
  [4/4]  bench  MerkleCommit/sumhash/Item1000/Count10000  19,719,410 ns/op ±2%   23,898,834 B/op ±0%   170,475 allocs/op ±0%    3.5s
  [1/4]  bench  MerkleCommit/sumhash/Item1000/Count100000  180,370,167 ns/op   238,486,016 B/op   1,700,649 allocs/op
  [2/4]  bench  MerkleCommit/sumhash/Item1000/Count100000  176,647,546 ns/op   238,486,356 B/op   1,700,654 allocs/op
  [3/4]  bench  MerkleCommit/sumhash/Item1000/Count100000  177,936,690 ns/op   238,486,383 B/op   1,700,654 allocs/op
  [4/4]  bench  MerkleCommit/sumhash/Item1000/Count100000  176,921,834 ns/op ±2%   238,486,676 B/op ±0%   1,700,657 allocs/op ±0%    3.7s
  [1/4]  bench  MerkleCommit/sumhash/Item100000/Count10  2,111,911 ns/op   1,085,583 B/op   259 allocs/op
  [2/4]  bench  MerkleCommit/sumhash/Item100000/Count10  2,079,824 ns/op   1,085,592 B/op   259 allocs/op
  [3/4]  bench  MerkleCommit/sumhash/Item100000/Count10  2,092,176 ns/op   1,085,588 B/op   259 allocs/op
  [4/4]  bench  MerkleCommit/sumhash/Item100000/Count10  2,080,696 ns/op ±2%   1,085,589 B/op ±0%   259 allocs/op    4.24s
  [1/4]  bench  MerkleCommit/sumhash/Item100000/Count100  15,257,415 ns/op   10,798,533 B/op   1,856 allocs/op
  [2/4]  bench  MerkleCommit/sumhash/Item100000/Count100  15,077,489 ns/op   10,798,583 B/op   1,857 allocs/op
  [3/4]  bench  MerkleCommit/sumhash/Item100000/Count100  15,016,936 ns/op   10,798,632 B/op   1,857 allocs/op
  [4/4]  bench  MerkleCommit/sumhash/Item100000/Count100  15,075,119 ns/op ±1%   10,798,609 B/op ±0%   1,857 allocs/op ±0%    3.59s
  [1/4]  bench  MerkleCommit/sumhash/Item100000/Count1000  132,700,432 ns/op   107,878,832 B/op   17,257 allocs/op
  [2/4]  bench  MerkleCommit/sumhash/Item100000/Count1000  134,360,505 ns/op   107,878,957 B/op   17,259 allocs/op
  [3/4]  bench  MerkleCommit/sumhash/Item100000/Count1000  133,685,366 ns/op   107,879,050 B/op   17,260 allocs/op
  [4/4]  bench  MerkleCommit/sumhash/Item100000/Count1000  134,550,960 ns/op ±2%   107,879,017 B/op ±0%   17,258 allocs/op ±0%    3.64s
  [1/4]  bench  MerkleCommit/sumhash/Item100000/Count10000  1,271,608,541 ns/op   1,078,624,360 B/op   170,472 allocs/op
  [2/4]  bench  MerkleCommit/sumhash/Item100000/Count10000  1,286,634,750 ns/op   1,078,624,888 B/op   170,478 allocs/op
  [3/4]  bench  MerkleCommit/sumhash/Item100000/Count10000  1,281,089,791 ns/op   1,078,624,957 B/op   170,482 allocs/op
  [4/4]  bench  MerkleCommit/sumhash/Item100000/Count10000  1,283,792,990 ns/op ±1%   1,078,624,088 B/op ±0%   170,475 allocs/op ±0%    3.86s
  [1/4]  bench  MerkleCommit/sumhash/Item100000/Count100000  12,685,534,416 ns/op   10,785,725,592 B/op   1,700,758 allocs/op
  [2/4]  bench  MerkleCommit/sumhash/Item100000/Count100000  12,734,134,667 ns/op   10,785,727,728 B/op   1,700,764 allocs/op
  [3/4]  bench  MerkleCommit/sumhash/Item100000/Count100000  12,672,477,083 ns/op   10,785,725,923 B/op   1,700,736 allocs/op
  [4/4]  bench  MerkleCommit/sumhash/Item100000/Count100000  12,651,073,271 ns/op ±1%   10,785,726,472 B/op ±0%   1,700,737 allocs/op ±0%    37.92s
  [1/4]  bench  MerkleCommit/sha256/Item10/Count10    9,043 ns/op   5,513 B/op   107 allocs/op
  [2/4]  bench  MerkleCommit/sha256/Item10/Count10    8,839 ns/op   5,514 B/op   107 allocs/op
  [3/4]  bench  MerkleCommit/sha256/Item10/Count10    8,827 ns/op   5,513 B/op   107 allocs/op
  [4/4]  bench  MerkleCommit/sha256/Item10/Count10    8,948 ns/op ±4%   5,513 B/op ±0%   107 allocs/op    3.8s
  [1/4]  bench  MerkleCommit/sha256/Item10/Count100   44,164 ns/op   33,530 B/op   759 allocs/op
  [2/4]  bench  MerkleCommit/sha256/Item10/Count100   43,727 ns/op   33,543 B/op   759 allocs/op
  [3/4]  bench  MerkleCommit/sha256/Item10/Count100   43,868 ns/op   33,538 B/op   759 allocs/op
  [4/4]  bench  MerkleCommit/sha256/Item10/Count100   43,628 ns/op ±1%   33,541 B/op ±0%   759 allocs/op    4.89s
  [1/4]  bench  MerkleCommit/sha256/Item10/Count1000  216,304 ns/op   296,424 B/op   7,087 allocs/op
  [2/4]  bench  MerkleCommit/sha256/Item10/Count1000  214,585 ns/op   296,445 B/op   7,087 allocs/op
  [3/4]  bench  MerkleCommit/sha256/Item10/Count1000  214,970 ns/op   296,441 B/op   7,087 allocs/op
  [4/4]  bench  MerkleCommit/sha256/Item10/Count1000  214,170 ns/op ±1%   296,446 B/op ±0%   7,087 allocs/op    3.73s
  [1/4]  bench  MerkleCommit/sha256/Item10/Count10000  1,107,218 ns/op   2,914,512 B/op   70,175 allocs/op
  [2/4]  bench  MerkleCommit/sha256/Item10/Count10000  1,097,683 ns/op   2,914,563 B/op   70,176 allocs/op
  [3/4]  bench  MerkleCommit/sha256/Item10/Count10000  1,099,923 ns/op   2,914,545 B/op   70,175 allocs/op
  [4/4]  bench  MerkleCommit/sha256/Item10/Count10000  1,097,989 ns/op ±1%   2,914,574 B/op ±0%   70,176 allocs/op ±0%    3.91s
  [1/4]  bench  MerkleCommit/sha256/Item10/Count100000  7,077,773 ns/op   28,855,930 B/op   700,270 allocs/op
  [2/4]  bench  MerkleCommit/sha256/Item10/Count100000  6,980,166 ns/op   28,856,074 B/op   700,272 allocs/op
  [3/4]  bench  MerkleCommit/sha256/Item10/Count100000  7,013,846 ns/op   28,856,101 B/op   700,272 allocs/op
  [4/4]  bench  MerkleCommit/sha256/Item10/Count100000  7,043,993 ns/op ±2%   28,856,042 B/op ±0%   700,271 allocs/op ±0%    5.71s
  [1/4]  bench  MerkleCommit/sha256/Item1000/Count10  16,243 ns/op   15,654 B/op   107 allocs/op
  [2/4]  bench  MerkleCommit/sha256/Item1000/Count10  16,149 ns/op   15,654 B/op   107 allocs/op
  [3/4]  bench  MerkleCommit/sha256/Item1000/Count10  16,039 ns/op   15,654 B/op   107 allocs/op
  [4/4]  bench  MerkleCommit/sha256/Item1000/Count10  15,968 ns/op ±2%   15,653 B/op ±0%   107 allocs/op    4.07s
  [1/4]  bench  MerkleCommit/sha256/Item1000/Count100  76,985 ns/op   134,562 B/op   761 allocs/op
  [2/4]  bench  MerkleCommit/sha256/Item1000/Count100  77,142 ns/op   134,562 B/op   761 allocs/op
  [3/4]  bench  MerkleCommit/sha256/Item1000/Count100  77,515 ns/op   134,557 B/op   761 allocs/op
  [4/4]  bench  MerkleCommit/sha256/Item1000/Count100  77,283 ns/op ±1%   134,557 B/op ±0%   761 allocs/op    5.91s
  [1/4]  bench  MerkleCommit/sha256/Item1000/Count1000  420,250 ns/op   1,305,491 B/op   7,097 allocs/op
  [2/4]  bench  MerkleCommit/sha256/Item1000/Count1000  422,712 ns/op   1,305,467 B/op   7,097 allocs/op
  [3/4]  bench  MerkleCommit/sha256/Item1000/Count1000  421,908 ns/op   1,305,475 B/op   7,097 allocs/op
  [4/4]  bench  MerkleCommit/sha256/Item1000/Count1000  423,227 ns/op ±1%   1,305,466 B/op ±0%   7,097 allocs/op ±0%    3.78s
  [1/4]  bench  MerkleCommit/sha256/Item1000/Count10000  3,013,875 ns/op   12,995,333 B/op   70,182 allocs/op
  [2/4]  bench  MerkleCommit/sha256/Item1000/Count10000  2,953,018 ns/op   12,995,209 B/op   70,181 allocs/op
  [3/4]  bench  MerkleCommit/sha256/Item1000/Count10000  2,950,793 ns/op   12,995,240 B/op   70,181 allocs/op
  [4/4]  bench  MerkleCommit/sha256/Item1000/Count10000  2,933,514 ns/op ±2%   12,995,200 B/op ±0%   70,181 allocs/op ±0%    4.55s
  [1/4]  bench  MerkleCommit/sha256/Item1000/Count100000  27,171,929 ns/op   129,656,080 B/op   700,269 allocs/op
  [2/4]  bench  MerkleCommit/sha256/Item1000/Count100000  27,382,705 ns/op   129,655,887 B/op   700,268 allocs/op
  [3/4]  bench  MerkleCommit/sha256/Item1000/Count100000  27,383,080 ns/op   129,655,963 B/op   700,268 allocs/op
  [4/4]  bench  MerkleCommit/sha256/Item1000/Count100000  27,313,281 ns/op ±1%   129,655,982 B/op ±0%   700,269 allocs/op ±0%    3.78s
  [1/4]  bench  MerkleCommit/sha256/Item100000/Count10  230,744 ns/op   1,071,223 B/op   115 allocs/op
  [2/4]  bench  MerkleCommit/sha256/Item100000/Count10  230,933 ns/op   1,071,220 B/op   115 allocs/op
  [3/4]  bench  MerkleCommit/sha256/Item100000/Count10  229,885 ns/op   1,071,221 B/op   115 allocs/op
  [4/4]  bench  MerkleCommit/sha256/Item100000/Count10  229,908 ns/op ±1%   1,071,221 B/op ±0%   115 allocs/op    3.72s
  [1/4]  bench  MerkleCommit/sha256/Item100000/Count100  1,488,895 ns/op   10,683,707 B/op   780 allocs/op
  [2/4]  bench  MerkleCommit/sha256/Item100000/Count100  1,484,860 ns/op   10,683,725 B/op   780 allocs/op
  [3/4]  bench  MerkleCommit/sha256/Item100000/Count100  1,494,531 ns/op   10,683,729 B/op   780 allocs/op
  [4/4]  bench  MerkleCommit/sha256/Item100000/Count100  1,489,672 ns/op ±1%   10,683,725 B/op ±0%   780 allocs/op    3.94s
  [1/4]  bench  MerkleCommit/sha256/Item100000/Count1000  15,000,927 ns/op   106,779,580 B/op   7,111 allocs/op
  [2/4]  bench  MerkleCommit/sha256/Item100000/Count1000  14,652,725 ns/op   106,779,623 B/op   7,111 allocs/op
  [3/4]  bench  MerkleCommit/sha256/Item100000/Count1000  14,593,910 ns/op   106,779,618 B/op   7,111 allocs/op
  [4/4]  bench  MerkleCommit/sha256/Item100000/Count1000  14,501,613 ns/op ±3%   106,779,672 B/op ±0%   7,112 allocs/op ±0%    3.62s
  [1/4]  bench  MerkleCommit/sha256/Item100000/Count10000  130,902,901 ns/op   1,067,724,868 B/op   70,219 allocs/op
  [2/4]  bench  MerkleCommit/sha256/Item100000/Count10000  132,391,318 ns/op   1,067,726,720 B/op   70,236 allocs/op
  [3/4]  bench  MerkleCommit/sha256/Item100000/Count10000  132,242,050 ns/op   1,067,726,969 B/op   70,238 allocs/op
  [4/4]  bench  MerkleCommit/sha256/Item100000/Count10000  132,813,314 ns/op ±1%   1,067,727,300 B/op ±0%   70,241 allocs/op ±0%    3.6s
  [1/4]  bench  MerkleCommit/sha256/Item100000/Count100000  1,128,375,333 ns/op   10,676,929,384 B/op   700,593 allocs/op
  [2/4]  bench  MerkleCommit/sha256/Item100000/Count100000  1,107,732,167 ns/op   10,676,916,696 B/op   700,502 allocs/op
  [3/4]  bench  MerkleCommit/sha256/Item100000/Count100000  1,087,373,181 ns/op   10,676,910,963 B/op   700,459 allocs/op
  [4/4]  bench  MerkleCommit/sha256/Item100000/Count100000  1,103,181,646 ns/op ±5%   10,676,912,976 B/op ±0%   700,466 allocs/op ±0%    3.28s
  [1/4]  bench  AppendMsgBlockHeader                  32.5 ns/op   30.8 MB/s   0.000 B/op   0.000 allocs/op
  [2/4]  bench  AppendMsgBlockHeader                  32.2 ns/op   31.1 MB/s   0.000 B/op   0.000 allocs/op
  [3/4]  bench  AppendMsgBlockHeader                  32.2 ns/op   31.1 MB/s   0.000 B/op   0.000 allocs/op
  [4/4]  bench  AppendMsgBlockHeader                  32.1 ns/op ±1%   31.1 MB/s ±1%   0.000 B/op   0.000 allocs/op    3.72s
  [1/4]  bench  AppendMsgSignedTxn                    73.7 ns/op   13.6 MB/s   0.000 B/op   0.000 allocs/op
  [2/4]  bench  AppendMsgSignedTxn                    73.7 ns/op   13.6 MB/s   0.000 B/op   0.000 allocs/op
  [3/4]  bench  AppendMsgSignedTxn                    74.2 ns/op   13.5 MB/s   0.000 B/op   0.000 allocs/op
  [4/4]  bench  AppendMsgSignedTxn                    74.1 ns/op ±1%   13.5 MB/s ±1%   0.000 B/op   0.000 allocs/op    3.84s
  [1/4]  bench  PaysetGroups                          5,740 ns/op   132,561 B/op   8.00 allocs/op
  [2/4]  bench  PaysetGroups                          5,650 ns/op   131,264 B/op   8.00 allocs/op
  [3/4]  bench  PaysetGroups                          5,623 ns/op   129,763 B/op   8.00 allocs/op
  [4/4]  bench  PaysetGroups                          5,608 ns/op ±2%   130,040 B/op ±2%   8.00 allocs/op    25.62s
  [1/4]  bench  Txn                                   41,317 ns/op   9,424 B/op   12.0 allocs/op
  [2/4]  bench  Txn                                   41,364 ns/op   9,421 B/op   12.0 allocs/op
  [3/4]  bench  Txn                                   41,281 ns/op   9,421 B/op   12.0 allocs/op
  [4/4]  bench  Txn                                   41,182 ns/op ±1%   9,422 B/op ±0%   12.0 allocs/op    9.08s
  [1/4]  bench  TxHandlerProcessing/processDecoded    9,749 ns/op   4,336 B/op   33.0 allocs/op
  [2/4]  bench  TxHandlerProcessing/processDecoded    9,731 ns/op   4,336 B/op   33.0 allocs/op
  [3/4]  bench  TxHandlerProcessing/processDecoded    9,739 ns/op   4,336 B/op   33.0 allocs/op
  [4/4]  bench  TxHandlerProcessing/processDecoded    9,790 ns/op ±1%   4,336 B/op   33.0 allocs/op    9.33s
  [1/4]  bench  TxHandlerProcessing/verify.TxnGroup   41,141 ns/op   11,328 B/op   16.0 allocs/op
  [2/4]  bench  TxHandlerProcessing/verify.TxnGroup   41,420 ns/op   11,328 B/op   16.0 allocs/op
  [3/4]  bench  TxHandlerProcessing/verify.TxnGroup   41,450 ns/op   11,328 B/op   16.0 allocs/op
  [4/4]  bench  TxHandlerProcessing/verify.TxnGroup   41,418 ns/op ±1%   11,328 B/op   16.0 allocs/op    6.55s
  [1/4]  bench  CompactDeltas/account-deltas          1,527,691 ns/op   4,147,511 B/op   0.000 allocs/op
  [2/4]  bench  CompactDeltas/account-deltas          1,520,969 ns/op   4,137,916 B/op   0.000 allocs/op
  [3/4]  bench  CompactDeltas/account-deltas          1,484,673 ns/op   4,133,826 B/op   0.000 allocs/op
  [4/4]  bench  CompactDeltas/account-deltas          1,457,579 ns/op ±5%   4,133,798 B/op ±0%   0.000 allocs/op    17.54s
