  [1/4]  bench  MerkleCommit/sha512_256/Item10/Count10  14,002 ns/op   6,081 B/op   107 allocs/op
  [2/4]  bench  MerkleCommit/sha512_256/Item10/Count10  13,963 ns/op   6,080 B/op   107 allocs/op
  [3/4]  bench  MerkleCommit/sha512_256/Item10/Count10  13,976 ns/op   6,080 B/op   107 allocs/op
  [4/4]  bench  MerkleCommit/sha512_256/Item10/Count10  13,929 ns/op ±1%   6,080 B/op ±0%   107 allocs/op    3.98s
  [1/4]  bench  MerkleCommit/sha512_256/Item10/Count100  53,822 ns/op   34,683 B/op   761 allocs/op
  [2/4]  bench  MerkleCommit/sha512_256/Item10/Count100  54,415 ns/op   34,673 B/op   761 allocs/op
  [3/4]  bench  MerkleCommit/sha512_256/Item10/Count100  54,174 ns/op   34,674 B/op   761 allocs/op
  [4/4]  bench  MerkleCommit/sha512_256/Item10/Count100  54,547 ns/op ±2%   34,675 B/op ±0%   761 allocs/op ±0%    5.28s
  [1/4]  bench  MerkleCommit/sha512_256/Item10/Count1000  253,351 ns/op   299,061 B/op   7,091 allocs/op
  [2/4]  bench  MerkleCommit/sha512_256/Item10/Count1000  254,447 ns/op   299,037 B/op   7,091 allocs/op
  [3/4]  bench  MerkleCommit/sha512_256/Item10/Count1000  254,084 ns/op   299,044 B/op   7,091 allocs/op
  [4/4]  bench  MerkleCommit/sha512_256/Item10/Count1000  255,084 ns/op ±1%   299,035 B/op ±0%   7,091 allocs/op    3.71s
  [1/4]  bench  MerkleCommit/sha512_256/Item10/Count10000  1,288,400 ns/op   2,920,705 B/op   70,183 allocs/op
  [2/4]  bench  MerkleCommit/sha512_256/Item10/Count10000  1,285,621 ns/op   2,920,557 B/op   70,183 allocs/op
  [3/4]  bench  MerkleCommit/sha512_256/Item10/Count10000  1,284,007 ns/op   2,920,599 B/op   70,183 allocs/op
  [4/4]  bench  MerkleCommit/sha512_256/Item10/Count10000  1,287,871 ns/op ±1%   2,920,551 B/op ±0%   70,183 allocs/op ±0%    4.01s
  [1/4]  bench  MerkleCommit/sha512_256/Item10/Count100000  7,908,977 ns/op   28,866,616 B/op   700,283 allocs/op
  [2/4]  bench  MerkleCommit/sha512_256/Item10/Count100000  7,877,126 ns/op   28,866,537 B/op   700,283 allocs/op
  [3/4]  bench  MerkleCommit/sha512_256/Item10/Count100000  7,955,115 ns/op   28,866,356 B/op   700,281 allocs/op
  [4/4]  bench  MerkleCommit/sha512_256/Item10/Count100000  7,977,122 ns/op ±2%   28,866,231 B/op ±0%   700,281 allocs/op ±0%    6.02s
  [1/4]  bench  MerkleCommit/sha512_256/Item1000/Count10  22,145 ns/op   16,257 B/op   108 allocs/op
  [2/4]  bench  MerkleCommit/sha512_256/Item1000/Count10  22,375 ns/op   16,255 B/op   108 allocs/op
  [3/4]  bench  MerkleCommit/sha512_256/Item1000/Count10  22,249 ns/op   16,256 B/op   108 allocs/op
  [4/4]  bench  MerkleCommit/sha512_256/Item1000/Count10  22,319 ns/op ±1%   16,255 B/op ±0%   108 allocs/op    4.28s
  [1/4]  bench  MerkleCommit/sha512_256/Item1000/Count100  95,007 ns/op   135,894 B/op   763 allocs/op
  [2/4]  bench  MerkleCommit/sha512_256/Item1000/Count100  95,224 ns/op   135,896 B/op   763 allocs/op
  [3/4]  bench  MerkleCommit/sha512_256/Item1000/Count100  95,447 ns/op   135,896 B/op   763 allocs/op
  [4/4]  bench  MerkleCommit/sha512_256/Item1000/Count100  95,971 ns/op ±1%   135,893 B/op ±0%   763 allocs/op    6.52s
  [1/4]  bench  MerkleCommit/sha512_256/Item1000/Count1000  491,791 ns/op   1,308,519 B/op   7,101 allocs/op
  [2/4]  bench  MerkleCommit/sha512_256/Item1000/Count1000  495,365 ns/op   1,308,487 B/op   7,101 allocs/op
  [3/4]  bench  MerkleCommit/sha512_256/Item1000/Count1000  494,561 ns/op   1,308,504 B/op   7,101 allocs/op
  [4/4]  bench  MerkleCommit/sha512_256/Item1000/Count1000  495,711 ns/op ±1%   1,308,490 B/op ±0%   7,101 allocs/op ±0%    3.78s
  [1/4]  bench  MerkleCommit/sha512_256/Item1000/Count10000  3,379,000 ns/op   13,001,128 B/op   70,186 allocs/op
  [2/4]  bench  MerkleCommit/sha512_256/Item1000/Count10000  3,379,090 ns/op   13,001,109 B/op   70,186 allocs/op
  [3/4]  bench  MerkleCommit/sha512_256/Item1000/Count10000  3,363,146 ns/op   13,001,129 B/op   70,186 allocs/op
  [4/4]  bench  MerkleCommit/sha512_256/Item1000/Count10000  3,368,455 ns/op ±1%   13,001,107 B/op ±0%   70,186 allocs/op    4.62s
  [1/4]  bench  MerkleCommit/sha512_256/Item1000/Count100000  28,776,212 ns/op   129,665,874 B/op   700,277 allocs/op
  [2/4]  bench  MerkleCommit/sha512_256/Item1000/Count100000  28,864,466 ns/op   129,665,886 B/op   700,277 allocs/op
  [3/4]  bench  MerkleCommit/sha512_256/Item1000/Count100000  28,789,041 ns/op   129,665,956 B/op   700,278 allocs/op
  [4/4]  bench  MerkleCommit/sha512_256/Item1000/Count100000  28,741,613 ns/op ±1%   129,665,834 B/op ±0%   700,277 allocs/op ±0%    3.91s
  [1/4]  bench  MerkleCommit/sha512_256/Item100000/Count10  323,341 ns/op   1,072,374 B/op   117 allocs/op
  [2/4]  bench  MerkleCommit/sha512_256/Item100000/Count10  325,597 ns/op   1,072,383 B/op   117 allocs/op
  [3/4]  bench  MerkleCommit/sha512_256/Item100000/Count10  326,233 ns/op   1,072,392 B/op   117 allocs/op
  [4/4]  bench  MerkleCommit/sha512_256/Item100000/Count10  326,511 ns/op ±1%   1,072,395 B/op ±0%   117 allocs/op    3.69s
  [1/4]  bench  MerkleCommit/sha512_256/Item100000/Count100  1,964,395 ns/op   10,685,810 B/op   781 allocs/op
  [2/4]  bench  MerkleCommit/sha512_256/Item100000/Count100  1,967,472 ns/op   10,685,826 B/op   781 allocs/op
  [3/4]  bench  MerkleCommit/sha512_256/Item100000/Count100  1,951,694 ns/op   10,685,834 B/op   781 allocs/op
  [4/4]  bench  MerkleCommit/sha512_256/Item100000/Count100  1,953,770 ns/op ±1%   10,685,842 B/op ±0%   781 allocs/op    4.17s
  [1/4]  bench  MerkleCommit/sha512_256/Item100000/Count1000  17,900,014 ns/op   106,782,457 B/op   7,111 allocs/op
  [2/4]  bench  MerkleCommit/sha512_256/Item100000/Count1000  17,806,134 ns/op   106,782,483 B/op   7,111 allocs/op
  [3/4]  bench  MerkleCommit/sha512_256/Item100000/Count1000  17,877,437 ns/op   106,782,485 B/op   7,111 allocs/op
  [4/4]  bench  MerkleCommit/sha512_256/Item100000/Count1000  17,863,761 ns/op ±1%   106,782,486 B/op ±0%   7,111 allocs/op    3.57s
  [1/4]  bench  MerkleCommit/sha512_256/Item100000/Count10000  164,321,643 ns/op   1,067,733,953 B/op   70,257 allocs/op
  [2/4]  bench  MerkleCommit/sha512_256/Item100000/Count10000  163,326,176 ns/op   1,067,733,943 B/op   70,257 allocs/op
  [3/4]  bench  MerkleCommit/sha512_256/Item100000/Count10000  163,795,607 ns/op   1,067,733,554 B/op   70,253 allocs/op
  [4/4]  bench  MerkleCommit/sha512_256/Item100000/Count10000  164,006,405 ns/op ±1%   1,067,733,625 B/op ±0%   70,253 allocs/op ±0%    4.91s
  [1/4]  bench  MerkleCommit/sha512_256/Item100000/Count100000  1,338,406,042 ns/op   10,676,923,704 B/op   700,515 allocs/op
  [2/4]  bench  MerkleCommit/sha512_256/Item100000/Count100000  1,322,058,563 ns/op   10,676,922,752 B/op   700,501 allocs/op
  [3/4]  bench  MerkleCommit/sha512_256/Item100000/Count100000  1,343,091,181 ns/op   10,676,927,875 B/op   700,540 allocs/op
  [4/4]  bench  MerkleCommit/sha512_256/Item100000/Count100000  1,344,140,938 ns/op ±3%   10,676,929,132 B/op ±0%   700,544 allocs/op ±0%    4.04s
  [1/4]  bench  MerkleCommit/sumhash/Item10/Count10   51,326 ns/op   16,798 B/op   217 allocs/op
  [2/4]  bench  MerkleCommit/sumhash/Item10/Count10   51,949 ns/op   16,793 B/op   217 allocs/op
  [3/4]  bench  MerkleCommit/sumhash/Item10/Count10   52,161 ns/op   16,787 B/op   217 allocs/op
  [4/4]  bench  MerkleCommit/sumhash/Item10/Count10   51,974 ns/op ±1%   16,789 B/op ±0%   217 allocs/op    5.19s
  [1/4]  bench  MerkleCommit/sumhash/Item10/Count100  241,195 ns/op   134,801 B/op   1,722 allocs/op
  [2/4]  bench  MerkleCommit/sumhash/Item10/Count100  239,431 ns/op   134,836 B/op   1,723 allocs/op
  [3/4]  bench  MerkleCommit/sumhash/Item10/Count100  242,215 ns/op   134,825 B/op   1,722 allocs/op
  [4/4]  bench  MerkleCommit/sumhash/Item10/Count100  241,548 ns/op ±2%   134,835 B/op ±0%   1,723 allocs/op ±0%    3.69s
  [1/4]  bench  MerkleCommit/sumhash/Item10/Count1000  1,072,796 ns/op   1,268,944 B/op   16,243 allocs/op
  [2/4]  bench  MerkleCommit/sumhash/Item10/Count1000  1,074,024 ns/op   1,268,878 B/op   16,242 allocs/op
  [3/4]  bench  MerkleCommit/sumhash/Item10/Count1000  1,072,219 ns/op   1,268,890 B/op   16,242 allocs/op
  [4/4]  bench  MerkleCommit/sumhash/Item10/Count1000  1,075,086 ns/op ±1%   1,268,837 B/op ±0%   16,242 allocs/op ±0%    3.89s
  [1/4]  bench  MerkleCommit/sumhash/Item10/Count10000  6,481,335 ns/op   12,538,179 B/op   160,468 allocs/op
  [2/4]  bench  MerkleCommit/sumhash/Item10/Count10000  6,440,818 ns/op   12,538,310 B/op   160,470 allocs/op
  [3/4]  bench  MerkleCommit/sumhash/Item10/Count10000  6,482,629 ns/op   12,538,241 B/op   160,469 allocs/op
  [4/4]  bench  MerkleCommit/sumhash/Item10/Count10000  6,486,596 ns/op ±1%   12,538,213 B/op ±0%   160,469 allocs/op ±0%    5.56s
  [1/4]  bench  MerkleCommit/sumhash/Item10/Count100000  50,183,442 ns/op   124,885,470 B/op   1,600,648 allocs/op
  [2/4]  bench  MerkleCommit/sumhash/Item10/Count100000  50,263,982 ns/op   124,885,729 B/op   1,600,651 allocs/op
  [3/4]  bench  MerkleCommit/sumhash/Item10/Count100000  51,022,005 ns/op   124,885,670 B/op   1,600,651 allocs/op
  [4/4]  bench  MerkleCommit/sumhash/Item10/Count100000  50,893,327 ns/op ±2%   124,885,822 B/op ±0%   1,600,653 allocs/op ±0%    3.53s
  [1/4]  bench  MerkleCommit/sumhash/Item1000/Count10  107,836 ns/op   28,650 B/op   233 allocs/op
  [2/4]  bench  MerkleCommit/sumhash/Item1000/Count10  106,346 ns/op   28,652 B/op   233 allocs/op
  [3/4]  bench  MerkleCommit/sumhash/Item1000/Count10  105,787 ns/op   28,651 B/op   233 allocs/op
  [4/4]  bench  MerkleCommit/sumhash/Item1000/Count10  106,349 ns/op ±2%   28,649 B/op ±0%   233 allocs/op    3.21s
  [1/4]  bench  MerkleCommit/sumhash/Item1000/Count100  459,355 ns/op   250,237 B/op   1,844 allocs/op
  [2/4]  bench  MerkleCommit/sumhash/Item1000/Count100  461,849 ns/op   250,199 B/op   1,844 allocs/op
  [3/4]  bench  MerkleCommit/sumhash/Item1000/Count100  461,305 ns/op   250,211 B/op   1,844 allocs/op
  [4/4]  bench  MerkleCommit/sumhash/Item1000/Count100  462,581 ns/op ±1%   250,190 B/op ±0%   1,844 allocs/op ±0%    3.76s
  [1/4]  bench  MerkleCommit/sumhash/Item1000/Count1000  2,521,302 ns/op   2,406,636 B/op   17,263 allocs/op
  [2/4]  bench  MerkleCommit/sumhash/Item1000/Count1000  2,544,670 ns/op   2,406,492 B/op   17,262 allocs/op
  [3/4]  bench  MerkleCommit/sumhash/Item1000/Count1000  2,539,248 ns/op   2,406,529 B/op   17,262 allocs/op
  [4/4]  bench  MerkleCommit/sumhash/Item1000/Count1000  2,554,824 ns/op ±2%   2,406,438 B/op ±0%   17,261 allocs/op ±0%    4.42s
  [1/4]  bench  MerkleCommit/sumhash/Item1000/Count10000  19,729,355 ns/op   23,898,904 B/op   170,476 allocs/op
  [2/4]  bench  MerkleCommit/sumhash/Item1000/Count10000  19,917,370 ns/op   23,898,590 B/op   170,472 allocs/op
  [3/4]  bench  MerkleCommit/sumhash/Item1000/Count10000  19,823,359 ns/op   23,898,681 B/op   170,473 allocs/op
  [4/4]  bench  MerkleCommit/sumhash/Item1000/Count10000  19,791,778 ns/op ±1%   23,898,734 B/op ±0%   170,474 allocs/op ±0%    3.63s
  [1/4]  bench  MerkleCommit/sumhash/Item1000/Count100000  173,668,368 ns/op   238,487,472 B/op   1,700,666 allocs/op
  [2/4]  bench  MerkleCommit/sumhash/Item1000/Count100000  176,089,167 ns/op   238,486,847 B/op   1,700,659 allocs/op
  [3/4]  bench  MerkleCommit/sumhash/Item1000/Count100000  175,763,498 ns/op   238,486,910 B/op   1,700,659 allocs/op
  [4/4]  bench  MerkleCommit/sumhash/Item1000/Count100000  176,047,288 ns/op ±1%   238,487,070 B/op ±0%   1,700,661 allocs/op ±0%    3.72s
  [1/4]  bench  MerkleCommit/sumhash/Item100000/Count10  2,044,575 ns/op   1,085,589 B/op   259 allocs/op
  [2/4]  bench  MerkleCommit/sumhash/Item100000/Count10  2,064,576 ns/op   1,085,587 B/op   259 allocs/op
  [3/4]  bench  MerkleCommit/sumhash/Item100000/Count10  2,062,992 ns/op   1,085,592 B/op   259 allocs/op
  [4/4]  bench  MerkleCommit/sumhash/Item100000/Count10  2,070,250 ns/op ±1%   1,085,589 B/op ±0%   259 allocs/op    4.17s
  [1/4]  bench  MerkleCommit/sumhash/Item100000/Count100  15,438,179 ns/op   10,798,572 B/op   1,856 allocs/op
  [2/4]  bench  MerkleCommit/sumhash/Item100000/Count100  15,209,505 ns/op   10,798,687 B/op   1,857 allocs/op
  [3/4]  bench  MerkleCommit/sumhash/Item100000/Count100  15,249,200 ns/op   10,798,664 B/op   1,857 allocs/op
  [4/4]  bench  MerkleCommit/sumhash/Item100000/Count100  15,210,548 ns/op ±2%   10,798,641 B/op ±0%   1,857 allocs/op ±0%    3.81s
  [1/4]  bench  MerkleCommit/sumhash/Item100000/Count1000  133,936,656 ns/op   107,879,020 B/op   17,262 allocs/op
  [2/4]  bench  MerkleCommit/sumhash/Item100000/Count1000  132,058,807 ns/op   107,879,060 B/op   17,262 allocs/op
  [3/4]  bench  MerkleCommit/sumhash/Item100000/Count1000  133,020,587 ns/op   107,879,000 B/op   17,261 allocs/op
  [4/4]  bench  MerkleCommit/sumhash/Item100000/Count1000  133,121,012 ns/op ±2%   107,878,989 B/op ±0%   17,261 allocs/op ±0%    3.59s
  [1/4]  bench  MerkleCommit/sumhash/Item100000/Count10000  1,270,538,666 ns/op   1,078,626,296 B/op   170,501 allocs/op
  [2/4]  bench  MerkleCommit/sumhash/Item100000/Count10000  1,287,711,479 ns/op   1,078,626,288 B/op   170,504 allocs/op
  [3/4]  bench  MerkleCommit/sumhash/Item100000/Count10000  1,282,640,431 ns/op   1,078,626,600 B/op   170,506 allocs/op
  [4/4]  bench  MerkleCommit/sumhash/Item100000/Count10000  1,294,742,417 ns/op ±2%   1,078,626,636 B/op ±0%   170,505 allocs/op ±0%    3.91s
  [1/4]  bench  MerkleCommit/sumhash/Item100000/Count100000  12,699,334,792 ns/op   10,785,727,352 B/op   1,700,743 allocs/op
  [2/4]  bench  MerkleCommit/sumhash/Item100000/Count100000  12,671,294,542 ns/op   10,785,728,712 B/op   1,700,765 allocs/op
  [3/4]  bench  MerkleCommit/sumhash/Item100000/Count100000  12,623,565,430 ns/op   10,785,727,949 B/op   1,700,755 allocs/op
  [4/4]  bench  MerkleCommit/sumhash/Item100000/Count100000  12,575,752,010 ns/op ±1%   10,785,727,988 B/op ±0%   1,700,754 allocs/op ±0%    37.61s
  [1/4]  bench  MerkleCommit/sha256/Item10/Count10    9,168 ns/op   5,514 B/op   107 allocs/op
  [2/4]  bench  MerkleCommit/sha256/Item10/Count10    8,964 ns/op   5,514 B/op   107 allocs/op
  [3/4]  bench  MerkleCommit/sha256/Item10/Count10    8,964 ns/op   5,514 B/op   107 allocs/op
  [4/4]  bench  MerkleCommit/sha256/Item10/Count10    8,911 ns/op ±2%   5,514 B/op ±0%   107 allocs/op    3.95s
  [1/4]  bench  MerkleCommit/sha256/Item10/Count100   42,818 ns/op   33,540 B/op   759 allocs/op
  [2/4]  bench  MerkleCommit/sha256/Item10/Count100   42,485 ns/op   33,547 B/op   759 allocs/op
  [3/4]  bench  MerkleCommit/sha256/Item10/Count100   42,239 ns/op   33,551 B/op   759 allocs/op
  [4/4]  bench  MerkleCommit/sha256/Item10/Count100   42,605 ns/op ±2%   33,547 B/op ±0%   759 allocs/op    4.85s
  [1/4]  bench  MerkleCommit/sha256/Item10/Count1000  212,699 ns/op   296,463 B/op   7,087 allocs/op
  [2/4]  bench  MerkleCommit/sha256/Item10/Count1000  212,602 ns/op   296,460 B/op   7,087 allocs/op
  [3/4]  bench  MerkleCommit/sha256/Item10/Count1000  213,146 ns/op   296,455 B/op   7,087 allocs/op
  [4/4]  bench  MerkleCommit/sha256/Item10/Count1000  213,501 ns/op ±0%   296,457 B/op ±0%   7,087 allocs/op    3.57s
  [1/4]  bench  MerkleCommit/sha256/Item10/Count10000  1,111,218 ns/op   2,914,528 B/op   70,175 allocs/op
  [2/4]  bench  MerkleCommit/sha256/Item10/Count10000  1,107,031 ns/op   2,914,594 B/op   70,176 allocs/op
  [3/4]  bench  MerkleCommit/sha256/Item10/Count10000  1,110,510 ns/op   2,914,558 B/op   70,175 allocs/op
  [4/4]  bench  MerkleCommit/sha256/Item10/Count10000  1,107,967 ns/op ±1%   2,914,592 B/op ±0%   70,176 allocs/op ±0%    3.97s
  [1/4]  bench  MerkleCommit/sha256/Item10/Count100000  7,112,725 ns/op   28,856,097 B/op   700,272 allocs/op
  [2/4]  bench  MerkleCommit/sha256/Item10/Count100000  7,149,452 ns/op   28,855,771 B/op   700,269 allocs/op
  [3/4]  bench  MerkleCommit/sha256/Item10/Count100000  7,114,676 ns/op   28,855,920 B/op   700,270 allocs/op
  [4/4]  bench  MerkleCommit/sha256/Item10/Count100000  7,074,500 ns/op ±2%   28,855,999 B/op ±0%   700,271 allocs/op ±0%    5.73s
  [1/4]  bench  MerkleCommit/sha256/Item1000/Count10  15,342 ns/op   15,658 B/op   107 allocs/op
  [2/4]  bench  MerkleCommit/sha256/Item1000/Count10  15,726 ns/op   15,656 B/op   107 allocs/op
  [3/4]  bench  MerkleCommit/sha256/Item1000/Count10  15,631 ns/op   15,657 B/op   107 allocs/op
  [4/4]  bench  MerkleCommit/sha256/Item1000/Count10  15,671 ns/op ±2%   15,656 B/op ±0%   107 allocs/op    4.05s
  [1/4]  bench  MerkleCommit/sha256/Item1000/Count100  78,170 ns/op   134,548 B/op   761 allocs/op
  [2/4]  bench  MerkleCommit/sha256/Item1000/Count100  77,360 ns/op   134,550 B/op   761 allocs/op
  [3/4]  bench  MerkleCommit/sha256/Item1000/Count100  77,094 ns/op   134,553 B/op   761 allocs/op
  [4/4]  bench  MerkleCommit/sha256/Item1000/Count100  77,714 ns/op ±2%   134,552 B/op ±0%   761 allocs/op    5.98s
  [1/4]  bench  MerkleCommit/sha256/Item1000/Count1000  419,986 ns/op   1,305,490 B/op   7,097 allocs/op
  [2/4]  bench  MerkleCommit/sha256/Item1000/Count1000  424,644 ns/op   1,305,452 B/op   7,097 allocs/op
  [3/4]  bench  MerkleCommit/sha256/Item1000/Count1000  423,145 ns/op   1,305,465 B/op   7,097 allocs/op
  [4/4]  bench  MerkleCommit/sha256/Item1000/Count1000  423,697 ns/op ±1%   1,305,461 B/op ±0%   7,097 allocs/op ±0%    3.8s
  [1/4]  bench  MerkleCommit/sha256/Item1000/Count10000  2,915,771 ns/op   12,995,300 B/op   70,182 allocs/op
  [2/4]  bench  MerkleCommit/sha256/Item1000/Count10000  2,960,594 ns/op   12,995,244 B/op   70,182 allocs/op
  [3/4]  bench  MerkleCommit/sha256/Item1000/Count10000  2,931,528 ns/op   12,995,234 B/op   70,181 allocs/op
  [4/4]  bench  MerkleCommit/sha256/Item1000/Count10000  2,956,025 ns/op ±3%   12,995,205 B/op ±0%   70,181 allocs/op ±0%    4.53s
  [1/4]  bench  MerkleCommit/sha256/Item1000/Count100000  27,147,728 ns/op   129,656,166 B/op   700,270 allocs/op
  [2/4]  bench  MerkleCommit/sha256/Item1000/Count100000  27,129,516 ns/op   129,655,970 B/op   700,269 allocs/op
  [3/4]  bench  MerkleCommit/sha256/Item1000/Count100000  27,186,773 ns/op   129,656,002 B/op   700,269 allocs/op
  [4/4]  bench  MerkleCommit/sha256/Item1000/Count100000  27,192,194 ns/op ±0%   129,655,980 B/op ±0%   700,269 allocs/op ±0%    3.67s
  [1/4]  bench  MerkleCommit/sha256/Item100000/Count10  229,455 ns/op   1,071,222 B/op   115 allocs/op
  [2/4]  bench  MerkleCommit/sha256/Item100000/Count10  230,454 ns/op   1,071,221 B/op   115 allocs/op
  [3/4]  bench  MerkleCommit/sha256/Item100000/Count10  230,500 ns/op   1,071,222 B/op   115 allocs/op
  [4/4]  bench  MerkleCommit/sha256/Item100000/Count10  230,139 ns/op ±1%   1,071,223 B/op ±0%   115 allocs/op    3.6s
  [1/4]  bench  MerkleCommit/sha256/Item100000/Count100  1,518,635 ns/op   10,683,689 B/op   779 allocs/op
  [2/4]  bench  MerkleCommit/sha256/Item100000/Count100  1,506,029 ns/op   10,683,703 B/op   780 allocs/op
  [3/4]  bench  MerkleCommit/sha256/Item100000/Count100  1,510,004 ns/op   10,683,711 B/op   780 allocs/op
  [4/4]  bench  MerkleCommit/sha256/Item100000/Count100  1,506,592 ns/op ±1%   10,683,714 B/op ±0%   780 allocs/op ±0%    4.08s
  [1/4]  bench  MerkleCommit/sha256/Item100000/Count1000  14,651,303 ns/op   106,779,541 B/op   7,110 allocs/op
  [2/4]  bench  MerkleCommit/sha256/Item100000/Count1000  14,523,795 ns/op   106,779,609 B/op   7,111 allocs/op
  [3/4]  bench  MerkleCommit/sha256/Item100000/Count1000  14,544,824 ns/op   106,779,593 B/op   7,110 allocs/op
  [4/4]  bench  MerkleCommit/sha256/Item100000/Count1000  14,502,932 ns/op ±1%   106,779,575 B/op ±0%   7,110 allocs/op ±0%    3.5s
  [1/4]  bench  MerkleCommit/sha256/Item100000/Count10000  134,041,729 ns/op   1,067,726,604 B/op   70,232 allocs/op
  [2/4]  bench  MerkleCommit/sha256/Item100000/Count10000  134,465,766 ns/op   1,067,726,909 B/op   70,235 allocs/op
  [3/4]  bench  MerkleCommit/sha256/Item100000/Count10000  135,507,642 ns/op   1,067,726,987 B/op   70,235 allocs/op
  [4/4]  bench  MerkleCommit/sha256/Item100000/Count10000  134,946,169 ns/op ±2%   1,067,726,970 B/op ±0%   70,234 allocs/op ±0%    4.59s
  [1/4]  bench  MerkleCommit/sha256/Item100000/Count100000  1,152,188,167 ns/op   10,676,922,184 B/op   700,522 allocs/op
  [2/4]  bench  MerkleCommit/sha256/Item100000/Count100000  1,133,763,229 ns/op   10,676,921,528 B/op   700,520 allocs/op
  [3/4]  bench  MerkleCommit/sha256/Item100000/Count100000  1,133,265,903 ns/op   10,676,924,669 B/op   700,553 allocs/op
  [4/4]  bench  MerkleCommit/sha256/Item100000/Count100000  1,141,898,646 ns/op ±2%   10,676,920,884 B/op ±0%   700,519 allocs/op ±0%    3.41s
  [1/4]  bench  AppendMsgBlockHeader                  32.0 ns/op   31.3 MB/s   0.000 B/op   0.000 allocs/op
  [2/4]  bench  AppendMsgBlockHeader                  32.0 ns/op   31.3 MB/s   0.000 B/op   0.000 allocs/op
  [3/4]  bench  AppendMsgBlockHeader                  32.0 ns/op   31.2 MB/s   0.000 B/op   0.000 allocs/op
  [4/4]  bench  AppendMsgBlockHeader                  32.0 ns/op ±0%   31.3 MB/s ±0%   0.000 B/op   0.000 allocs/op    3.65s
  [1/4]  bench  AppendMsgSignedTxn                    73.6 ns/op   13.6 MB/s   0.000 B/op   0.000 allocs/op
  [2/4]  bench  AppendMsgSignedTxn                    74.0 ns/op   13.5 MB/s   0.000 B/op   0.000 allocs/op
  [3/4]  bench  AppendMsgSignedTxn                    73.9 ns/op   13.5 MB/s   0.000 B/op   0.000 allocs/op
  [4/4]  bench  AppendMsgSignedTxn                    73.9 ns/op ±0%   13.5 MB/s ±0%   0.000 B/op   0.000 allocs/op    3.84s
  [1/4]  bench  PaysetGroups                          5,553 ns/op   124,827 B/op   8.00 allocs/op
  [2/4]  bench  PaysetGroups                          5,564 ns/op   124,033 B/op   8.00 allocs/op
  [3/4]  bench  PaysetGroups                          5,600 ns/op   125,857 B/op   8.00 allocs/op
  [4/4]  bench  PaysetGroups                          5,606 ns/op ±1%   127,266 B/op ±3%   8.00 allocs/op    25.51s
  [1/4]  bench  Txn                                   40,852 ns/op   9,418 B/op   12.0 allocs/op
  [2/4]  bench  Txn                                   40,883 ns/op   9,417 B/op   12.0 allocs/op
  [3/4]  bench  Txn                                   40,890 ns/op   9,418 B/op   12.0 allocs/op
  [4/4]  bench  Txn                                   40,896 ns/op ±0%   9,420 B/op ±0%   12.0 allocs/op    8.98s
  [1/4]  bench  TxHandlerProcessing/processDecoded    10,051 ns/op   4,336 B/op   33.0 allocs/op
  [2/4]  bench  TxHandlerProcessing/processDecoded    9,900 ns/op   4,336 B/op   33.0 allocs/op
  [3/4]  bench  TxHandlerProcessing/processDecoded    9,968 ns/op   4,336 B/op   33.0 allocs/op
  [4/4]  bench  TxHandlerProcessing/processDecoded    9,939 ns/op ±2%   4,336 B/op   33.0 allocs/op    9.24s
  [1/4]  bench  TxHandlerProcessing/verify.TxnGroup   41,217 ns/op   11,328 B/op   16.0 allocs/op
  [2/4]  bench  TxHandlerProcessing/verify.TxnGroup   41,340 ns/op   11,328 B/op   16.0 allocs/op
  [3/4]  bench  TxHandlerProcessing/verify.TxnGroup   41,408 ns/op   11,328 B/op   16.0 allocs/op
  [4/4]  bench  TxHandlerProcessing/verify.TxnGroup   41,389 ns/op ±0%   11,328 B/op   16.0 allocs/op    6.54s
  [1/4]  bench  CompactDeltas/account-deltas          1,513,712 ns/op   4,124,345 B/op   0.000 allocs/op
  [2/4]  bench  CompactDeltas/account-deltas          1,454,011 ns/op   4,129,028 B/op   0.000 allocs/op
  [3/4]  bench  CompactDeltas/account-deltas          1,433,136 ns/op   4,129,685 B/op   0.000 allocs/op
  [4/4]  bench  CompactDeltas/account-deltas          1,428,991 ns/op ±4%   4,130,013 B/op ±0%   0.000 allocs/op    17.4s
