  [1/4]  bench  MerkleCommit/sha512_256/Item10/Count10  14,184 ns/op   6,078 B/op   107 allocs/op
  [2/4]  bench  MerkleCommit/sha512_256/Item10/Count10  14,308 ns/op   6,079 B/op   107 allocs/op
  [3/4]  bench  MerkleCommit/sha512_256/Item10/Count10  14,235 ns/op   6,078 B/op   107 allocs/op
  [4/4]  bench  MerkleCommit/sha512_256/Item10/Count10  14,224 ns/op ±1%   6,079 B/op ±0%   107 allocs/op    3.95s
  [1/4]  bench  MerkleCommit/sha512_256/Item10/Count100  55,765 ns/op   34,691 B/op   761 allocs/op
  [2/4]  bench  MerkleCommit/sha512_256/Item10/Count100  55,482 ns/op   34,679 B/op   761 allocs/op
  [3/4]  bench  MerkleCommit/sha512_256/Item10/Count100  55,546 ns/op   34,680 B/op   761 allocs/op
  [4/4]  bench  MerkleCommit/sha512_256/Item10/Count100  55,271 ns/op ±1%   34,681 B/op ±0%   761 allocs/op ±0%    5.26s
  [1/4]  bench  MerkleCommit/sha512_256/Item10/Count1000  253,993 ns/op   299,053 B/op   7,091 allocs/op
  [2/4]  bench  MerkleCommit/sha512_256/Item10/Count1000  255,671 ns/op   299,032 B/op   7,091 allocs/op
  [3/4]  bench  MerkleCommit/sha512_256/Item10/Count1000  255,137 ns/op   299,043 B/op   7,091 allocs/op
  [4/4]  bench  MerkleCommit/sha512_256/Item10/Count1000  256,029 ns/op ±1%   299,033 B/op ±0%   7,091 allocs/op    3.72s
  [1/4]  bench  MerkleCommit/sha512_256/Item10/Count10000  1,279,820 ns/op   2,920,700 B/op   70,183 allocs/op
  [2/4]  bench  MerkleCommit/sha512_256/Item10/Count10000  1,280,902 ns/op   2,920,570 B/op   70,183 allocs/op
  [3/4]  bench  MerkleCommit/sha512_256/Item10/Count10000  1,280,620 ns/op   2,920,613 B/op   70,183 allocs/op
  [4/4]  bench  MerkleCommit/sha512_256/Item10/Count10000  1,294,654 ns/op ±2%   2,920,481 B/op ±0%   70,182 allocs/op ±0%    4.04s
  [1/4]  bench  MerkleCommit/sha512_256/Item10/Count100000  7,938,417 ns/op   28,866,238 B/op   700,281 allocs/op
  [2/4]  bench  MerkleCommit/sha512_256/Item10/Count100000  7,891,500 ns/op   28,866,365 B/op   700,282 allocs/op
  [3/4]  bench  MerkleCommit/sha512_256/Item10/Count100000  7,917,752 ns/op   28,866,306 B/op   700,281 allocs/op
  [4/4]  bench  MerkleCommit/sha512_256/Item10/Count100000  7,946,526 ns/op ±1%   28,866,237 B/op ±0%   700,281 allocs/op ±0%    6s
  [1/4]  bench  MerkleCommit/sha512_256/Item1000/Count10  22,585 ns/op   16,258 B/op   108 allocs/op
  [2/4]  bench  MerkleCommit/sha512_256/Item1000/Count10  22,641 ns/op   16,256 B/op   108 allocs/op
  [3/4]  bench  MerkleCommit/sha512_256/Item1000/Count10  22,468 ns/op   16,257 B/op   108 allocs/op
  [4/4]  bench  MerkleCommit/sha512_256/Item1000/Count10  22,559 ns/op ±2%   16,256 B/op ±0%   108 allocs/op    4.3s
  [1/4]  bench  MerkleCommit/sha512_256/Item1000/Count100  96,154 ns/op   135,880 B/op   763 allocs/op
  [2/4]  bench  MerkleCommit/sha512_256/Item1000/Count100  95,679 ns/op   135,897 B/op   763 allocs/op
  [3/4]  bench  MerkleCommit/sha512_256/Item1000/Count100  95,511 ns/op   135,897 B/op   763 allocs/op
  [4/4]  bench  MerkleCommit/sha512_256/Item1000/Count100  96,039 ns/op ±1%   135,895 B/op ±0%   763 allocs/op    6.5s
  [1/4]  bench  MerkleCommit/sha512_256/Item1000/Count1000  494,397 ns/op   1,308,548 B/op   7,101 allocs/op
  [2/4]  bench  MerkleCommit/sha512_256/Item1000/Count1000  496,311 ns/op   1,308,497 B/op   7,101 allocs/op
  [3/4]  bench  MerkleCommit/sha512_256/Item1000/Count1000  494,998 ns/op   1,308,506 B/op   7,101 allocs/op
  [4/4]  bench  MerkleCommit/sha512_256/Item1000/Count1000  496,173 ns/op ±1%   1,308,487 B/op ±0%   7,101 allocs/op ±0%    3.78s
  [1/4]  bench  MerkleCommit/sha512_256/Item1000/Count10000  3,364,900 ns/op   13,001,210 B/op   70,187 allocs/op
  [2/4]  bench  MerkleCommit/sha512_256/Item1000/Count10000  3,386,820 ns/op   13,001,129 B/op   70,186 allocs/op
  [3/4]  bench  MerkleCommit/sha512_256/Item1000/Count10000  3,374,470 ns/op   13,001,144 B/op   70,186 allocs/op
  [4/4]  bench  MerkleCommit/sha512_256/Item1000/Count10000  3,369,115 ns/op ±1%   13,001,140 B/op ±0%   70,186 allocs/op ±0%    4.58s
  [1/4]  bench  MerkleCommit/sha512_256/Item1000/Count100000  28,754,430 ns/op   129,665,848 B/op   700,276 allocs/op
  [2/4]  bench  MerkleCommit/sha512_256/Item1000/Count100000  28,825,006 ns/op   129,665,600 B/op   700,275 allocs/op
  [3/4]  bench  MerkleCommit/sha512_256/Item1000/Count100000  28,901,094 ns/op   129,665,785 B/op   700,276 allocs/op
  [4/4]  bench  MerkleCommit/sha512_256/Item1000/Count100000  28,976,436 ns/op ±1%   129,665,732 B/op ±0%   700,276 allocs/op ±0%    3.72s
  [1/4]  bench  MerkleCommit/sha512_256/Item100000/Count10  324,811 ns/op   1,072,388 B/op   117 allocs/op
  [2/4]  bench  MerkleCommit/sha512_256/Item100000/Count10  326,750 ns/op   1,072,392 B/op   117 allocs/op
  [3/4]  bench  MerkleCommit/sha512_256/Item100000/Count10  326,410 ns/op   1,072,394 B/op   117 allocs/op
  [4/4]  bench  MerkleCommit/sha512_256/Item100000/Count10  327,388 ns/op ±1%   1,072,395 B/op ±0%   117 allocs/op    3.72s
  [1/4]  bench  MerkleCommit/sha512_256/Item100000/Count100  1,937,177 ns/op   10,685,839 B/op   781 allocs/op
  [2/4]  bench  MerkleCommit/sha512_256/Item100000/Count100  1,968,427 ns/op   10,685,829 B/op   781 allocs/op
  [3/4]  bench  MerkleCommit/sha512_256/Item100000/Count100  1,958,662 ns/op   10,685,834 B/op   781 allocs/op
  [4/4]  bench  MerkleCommit/sha512_256/Item100000/Count100  1,961,876 ns/op ±2%   10,685,836 B/op ±0%   781 allocs/op    4.27s
  [1/4]  bench  MerkleCommit/sha512_256/Item100000/Count1000  17,641,442 ns/op   106,782,472 B/op   7,111 allocs/op
  [2/4]  bench  MerkleCommit/sha512_256/Item100000/Count1000  17,677,533 ns/op   106,782,368 B/op   7,110 allocs/op
  [3/4]  bench  MerkleCommit/sha512_256/Item100000/Count1000  17,806,367 ns/op   106,782,495 B/op   7,111 allocs/op
  [4/4]  bench  MerkleCommit/sha512_256/Item100000/Count1000  17,797,841 ns/op ±1%   106,782,510 B/op ±0%   7,111 allocs/op ±0%    3.67s
  [1/4]  bench  MerkleCommit/sha512_256/Item100000/Count10000  166,539,131 ns/op   1,067,731,452 B/op   70,227 allocs/op
  [2/4]  bench  MerkleCommit/sha512_256/Item100000/Count10000  164,493,759 ns/op   1,067,731,911 B/op   70,233 allocs/op
  [3/4]  bench  MerkleCommit/sha512_256/Item100000/Count10000  163,840,357 ns/op   1,067,731,822 B/op   70,234 allocs/op
  [4/4]  bench  MerkleCommit/sha512_256/Item100000/Count10000  163,738,622 ns/op ±1%   1,067,731,865 B/op ±0%   70,234 allocs/op ±0%    3.91s
  [1/4]  bench  MerkleCommit/sha512_256/Item100000/Count100000  1,313,185,917 ns/op   10,676,917,464 B/op   700,465 allocs/op
  [2/4]  bench  MerkleCommit/sha512_256/Item100000/Count100000  1,341,769,834 ns/op   10,676,924,872 B/op   700,509 allocs/op
  [3/4]  bench  MerkleCommit/sha512_256/Item100000/Count100000  1,347,539,556 ns/op   10,676,924,840 B/op   700,507 allocs/op
  [4/4]  bench  MerkleCommit/sha512_256/Item100000/Count100000  1,345,951,052 ns/op ±2%   10,676,928,460 B/op ±0%   700,540 allocs/op ±0%    4.07s
  [1/4]  bench  MerkleCommit/sumhash/Item10/Count10   52,220 ns/op   16,788 B/op   217 allocs/op
  [2/4]  bench  MerkleCommit/sumhash/Item10/Count10   52,230 ns/op   16,779 B/op   217 allocs/op
  [3/4]  bench  MerkleCommit/sumhash/Item10/Count10   51,985 ns/op   16,783 B/op   217 allocs/op
  [4/4]  bench  MerkleCommit/sumhash/Item10/Count10   52,137 ns/op ±1%   16,783 B/op ±0%   217 allocs/op ±0%    5.17s
  [1/4]  bench  MerkleCommit/sumhash/Item10/Count100  243,510 ns/op   134,839 B/op   1,723 allocs/op
  [2/4]  bench  MerkleCommit/sumhash/Item10/Count100  240,415 ns/op   134,848 B/op   1,723 allocs/op
  [3/4]  bench  MerkleCommit/sumhash/Item10/Count100  239,268 ns/op   134,862 B/op   1,723 allocs/op
  [4/4]  bench  MerkleCommit/sumhash/Item10/Count100  239,888 ns/op ±1%   134,854 B/op ±0%   1,723 allocs/op ±0%    3.62s
  [1/4]  bench  MerkleCommit/sumhash/Item10/Count1000  1,071,728 ns/op   1,268,982 B/op   16,243 allocs/op
  [2/4]  bench  MerkleCommit/sumhash/Item10/Count1000  1,075,960 ns/op   1,268,881 B/op   16,242 allocs/op
  [3/4]  bench  MerkleCommit/sumhash/Item10/Count1000  1,076,646 ns/op   1,268,808 B/op   16,241 allocs/op
  [4/4]  bench  MerkleCommit/sumhash/Item10/Count1000  1,077,029 ns/op ±0%   1,268,792 B/op ±0%   16,241 allocs/op ±0%    3.97s
  [1/4]  bench  MerkleCommit/sumhash/Item10/Count10000  6,444,114 ns/op   12,538,514 B/op   160,472 allocs/op
  [2/4]  bench  MerkleCommit/sumhash/Item10/Count10000  6,448,786 ns/op   12,538,517 B/op   160,472 allocs/op
  [3/4]  bench  MerkleCommit/sumhash/Item10/Count10000  6,522,322 ns/op   12,538,219 B/op   160,469 allocs/op
  [4/4]  bench  MerkleCommit/sumhash/Item10/Count10000  6,494,971 ns/op ±2%   12,538,319 B/op ±0%   160,470 allocs/op ±0%    5.56s
  [1/4]  bench  MerkleCommit/sumhash/Item10/Count100000  50,941,490 ns/op   124,886,200 B/op   1,600,657 allocs/op
  [2/4]  bench  MerkleCommit/sumhash/Item10/Count100000  51,617,939 ns/op   124,885,806 B/op   1,600,653 allocs/op
  [3/4]  bench  MerkleCommit/sumhash/Item10/Count100000  51,440,384 ns/op   124,885,927 B/op   1,600,654 allocs/op
  [4/4]  bench  MerkleCommit/sumhash/Item10/Count100000  51,551,054 ns/op ±1%   124,885,792 B/op ±0%   1,600,652 allocs/op ±0%    3.57s
  [1/4]  bench  MerkleCommit/sumhash/Item1000/Count10  107,070 ns/op   28,667 B/op   233 allocs/op
  [2/4]  bench  MerkleCommit/sumhash/Item1000/Count10  106,648 ns/op   28,665 B/op   233 allocs/op
  [3/4]  bench  MerkleCommit/sumhash/Item1000/Count10  107,246 ns/op   28,662 B/op   233 allocs/op
  [4/4]  bench  MerkleCommit/sumhash/Item1000/Count10  106,665 ns/op ±2%   28,660 B/op ±0%   233 allocs/op    3.23s
  [1/4]  bench  MerkleCommit/sumhash/Item1000/Count100  462,429 ns/op   250,140 B/op   1,843 allocs/op
  [2/4]  bench  MerkleCommit/sumhash/Item1000/Count100  460,725 ns/op   250,185 B/op   1,844 allocs/op
  [3/4]  bench  MerkleCommit/sumhash/Item1000/Count100  460,605 ns/op   250,196 B/op   1,844 allocs/op
  [4/4]  bench  MerkleCommit/sumhash/Item1000/Count100  461,127 ns/op ±0%   250,195 B/op ±0%   1,844 allocs/op ±0%    3.56s
  [1/4]  bench  MerkleCommit/sumhash/Item1000/Count1000  2,518,450 ns/op   2,406,661 B/op   17,263 allocs/op
  [2/4]  bench  MerkleCommit/sumhash/Item1000/Count1000  2,542,672 ns/op   2,406,487 B/op   17,261 allocs/op
  [3/4]  bench  MerkleCommit/sumhash/Item1000/Count1000  2,538,004 ns/op   2,406,538 B/op   17,262 allocs/op
  [4/4]  bench  MerkleCommit/sumhash/Item1000/Count1000  2,533,442 ns/op ±1%   2,406,553 B/op ±0%   17,262 allocs/op ±0%    4.29s
  [1/4]  bench  MerkleCommit/sumhash/Item1000/Count10000  19,723,741 ns/op   23,899,131 B/op   170,478 allocs/op
  [2/4]  bench  MerkleCommit/sumhash/Item1000/Count10000  19,955,422 ns/op   23,898,681 B/op   170,473 allocs/op
  [3/4]  bench  MerkleCommit/sumhash/Item1000/Count10000  19,876,756 ns/op   23,898,794 B/op   170,474 allocs/op
  [4/4]  bench  MerkleCommit/sumhash/Item1000/Count10000  19,944,916 ns/op ±1%   23,898,721 B/op ±0%   170,474 allocs/op ±0%    3.72s
  [1/4]  bench  MerkleCommit/sumhash/Item1000/Count100000  175,049,382 ns/op   238,486,221 B/op   1,700,652 allocs/op
  [2/4]  bench  MerkleCommit/sumhash/Item1000/Count100000  177,693,250 ns/op   238,486,141 B/op   1,700,651 allocs/op
  [3/4]  bench  MerkleCommit/sumhash/Item1000/Count100000  176,649,507 ns/op   238,486,507 B/op   1,700,655 allocs/op
  [4/4]  bench  MerkleCommit/sumhash/Item1000/Count100000  177,275,026 ns/op ±2%   238,486,425 B/op ±0%   1,700,654 allocs/op ±0%    3.74s
  [1/4]  bench  MerkleCommit/sumhash/Item100000/Count10  2,053,490 ns/op   1,085,611 B/op   259 allocs/op
  [2/4]  bench  MerkleCommit/sumhash/Item100000/Count10  2,072,902 ns/op   1,085,604 B/op   259 allocs/op
  [3/4]  bench  MerkleCommit/sumhash/Item100000/Count10  2,067,683 ns/op   1,085,599 B/op   259 allocs/op
  [4/4]  bench  MerkleCommit/sumhash/Item100000/Count10  2,070,980 ns/op ±1%   1,085,600 B/op ±0%   259 allocs/op    4.27s
  [1/4]  bench  MerkleCommit/sumhash/Item100000/Count100  15,075,414 ns/op   10,798,796 B/op   1,857 allocs/op
  [2/4]  bench  MerkleCommit/sumhash/Item100000/Count100  15,071,966 ns/op   10,798,722 B/op   1,857 allocs/op
  [3/4]  bench  MerkleCommit/sumhash/Item100000/Count100  15,146,874 ns/op   10,798,678 B/op   1,857 allocs/op
  [4/4]  bench  MerkleCommit/sumhash/Item100000/Count100  15,088,838 ns/op ±1%   10,798,665 B/op ±0%   1,857 allocs/op    3.51s
  [1/4]  bench  MerkleCommit/sumhash/Item100000/Count1000  134,190,802 ns/op   107,878,652 B/op   17,256 allocs/op
  [2/4]  bench  MerkleCommit/sumhash/Item100000/Count1000  133,055,708 ns/op   107,878,748 B/op   17,257 allocs/op
  [3/4]  bench  MerkleCommit/sumhash/Item100000/Count1000  133,641,515 ns/op   107,878,588 B/op   17,256 allocs/op
  [4/4]  bench  MerkleCommit/sumhash/Item100000/Count1000  133,659,111 ns/op ±1%   107,878,727 B/op ±0%   17,257 allocs/op ±0%    3.61s
  [1/4]  bench  MerkleCommit/sumhash/Item100000/Count10000  1,288,925,750 ns/op   1,078,624,776 B/op   170,485 allocs/op
  [2/4]  bench  MerkleCommit/sumhash/Item100000/Count10000  1,293,388,042 ns/op   1,078,625,456 B/op   170,488 allocs/op
  [3/4]  bench  MerkleCommit/sumhash/Item100000/Count10000  1,292,269,597 ns/op   1,078,625,731 B/op   170,490 allocs/op
  [4/4]  bench  MerkleCommit/sumhash/Item100000/Count10000  1,298,298,948 ns/op ±1%   1,078,624,988 B/op ±0%   170,483 allocs/op ±0%    3.9s
  [1/4]  bench  MerkleCommit/sumhash/Item100000/Count100000  12,754,777,750 ns/op   10,785,731,192 B/op   1,700,767 allocs/op
  [2/4]  bench  MerkleCommit/sumhash/Item100000/Count100000  12,697,121,625 ns/op   10,785,731,656 B/op   1,700,784 allocs/op
  [3/4]  bench  MerkleCommit/sumhash/Item100000/Count100000  12,646,016,556 ns/op   10,785,730,061 B/op   1,700,774 allocs/op
  [4/4]  bench  MerkleCommit/sumhash/Item100000/Count100000  12,585,245,219 ns/op ±1%   10,785,729,900 B/op ±0%   1,700,772 allocs/op ±0%    37.59s
  [1/4]  bench  MerkleCommit/sha256/Item10/Count10    8,552 ns/op   5,514 B/op   107 allocs/op
  [2/4]  bench  MerkleCommit/sha256/Item10/Count10    8,602 ns/op   5,514 B/op   107 allocs/op
  [3/4]  bench  MerkleCommit/sha256/Item10/Count10    8,814 ns/op   5,514 B/op   107 allocs/op
  [4/4]  bench  MerkleCommit/sha256/Item10/Count10    8,935 ns/op ±4%   5,514 B/op   107 allocs/op    3.9s
  [1/4]  bench  MerkleCommit/sha256/Item10/Count100   43,781 ns/op   33,553 B/op   759 allocs/op
  [2/4]  bench  MerkleCommit/sha256/Item10/Count100   44,285 ns/op   33,546 B/op   759 allocs/op
  [3/4]  bench  MerkleCommit/sha256/Item10/Count100   43,291 ns/op   33,550 B/op   759 allocs/op
  [4/4]  bench  MerkleCommit/sha256/Item10/Count100   43,301 ns/op ±4%   33,548 B/op ±0%   759 allocs/op ±0%    4.92s
  [1/4]  bench  MerkleCommit/sha256/Item10/Count1000  214,475 ns/op   296,470 B/op   7,087 allocs/op
  [2/4]  bench  MerkleCommit/sha256/Item10/Count1000  215,108 ns/op   296,451 B/op   7,087 allocs/op
  [3/4]  bench  MerkleCommit/sha256/Item10/Count1000  214,645 ns/op   296,463 B/op   7,087 allocs/op
  [4/4]  bench  MerkleCommit/sha256/Item10/Count1000  214,710 ns/op ±0%   296,463 B/op ±0%   7,087 allocs/op    3.7s
  [1/4]  bench  MerkleCommit/sha256/Item10/Count10000  1,099,235 ns/op   2,914,680 B/op   70,176 allocs/op
  [2/4]  bench  MerkleCommit/sha256/Item10/Count10000  1,102,234 ns/op   2,914,612 B/op   70,176 allocs/op
  [3/4]  bench  MerkleCommit/sha256/Item10/Count10000  1,097,758 ns/op   2,914,615 B/op   70,176 allocs/op
  [4/4]  bench  MerkleCommit/sha256/Item10/Count10000  1,103,396 ns/op ±1%   2,914,594 B/op ±0%   70,176 allocs/op ±0%    3.99s
  [1/4]  bench  MerkleCommit/sha256/Item10/Count100000  7,009,519 ns/op   28,856,151 B/op   700,272 allocs/op
  [2/4]  bench  MerkleCommit/sha256/Item10/Count100000  7,027,679 ns/op   28,856,149 B/op   700,272 allocs/op
  [3/4]  bench  MerkleCommit/sha256/Item10/Count100000  7,056,381 ns/op   28,856,089 B/op   700,272 allocs/op
  [4/4]  bench  MerkleCommit/sha256/Item10/Count100000  7,037,552 ns/op ±1%   28,856,145 B/op ±0%   700,272 allocs/op ±0%    5.73s
  [1/4]  bench  MerkleCommit/sha256/Item1000/Count10  16,346 ns/op   15,652 B/op   107 allocs/op
  [2/4]  bench  MerkleCommit/sha256/Item1000/Count10  16,349 ns/op   15,654 B/op   107 allocs/op
  [3/4]  bench  MerkleCommit/sha256/Item1000/Count10  16,151 ns/op   15,653 B/op   107 allocs/op
  [4/4]  bench  MerkleCommit/sha256/Item1000/Count10  15,800 ns/op ±5%   15,655 B/op ±0%   107 allocs/op    4.03s
  [1/4]  bench  MerkleCommit/sha256/Item1000/Count100  78,481 ns/op   134,564 B/op   761 allocs/op
  [2/4]  bench  MerkleCommit/sha256/Item1000/Count100  79,265 ns/op   134,558 B/op   761 allocs/op
  [3/4]  bench  MerkleCommit/sha256/Item1000/Count100  77,649 ns/op   134,558 B/op   761 allocs/op
  [4/4]  bench  MerkleCommit/sha256/Item1000/Count100  77,239 ns/op ±4%   134,559 B/op ±0%   761 allocs/op    5.9s
  [1/4]  bench  MerkleCommit/sha256/Item1000/Count1000  428,522 ns/op   1,305,431 B/op   7,096 allocs/op
  [2/4]  bench  MerkleCommit/sha256/Item1000/Count1000  424,666 ns/op   1,305,463 B/op   7,097 allocs/op
  [3/4]  bench  MerkleCommit/sha256/Item1000/Count1000  424,953 ns/op   1,305,458 B/op   7,096 allocs/op
  [4/4]  bench  MerkleCommit/sha256/Item1000/Count1000  424,251 ns/op ±1%   1,305,466 B/op ±0%   7,097 allocs/op ±0%    3.77s
  [1/4]  bench  MerkleCommit/sha256/Item1000/Count10000  2,881,422 ns/op   12,995,236 B/op   70,181 allocs/op
  [2/4]  bench  MerkleCommit/sha256/Item1000/Count10000  2,868,910 ns/op   12,995,232 B/op   70,181 allocs/op
  [3/4]  bench  MerkleCommit/sha256/Item1000/Count10000  2,904,976 ns/op   12,995,222 B/op   70,181 allocs/op
  [4/4]  bench  MerkleCommit/sha256/Item1000/Count10000  2,906,549 ns/op ±2%   12,995,240 B/op ±0%   70,181 allocs/op ±0%    4.53s
  [1/4]  bench  MerkleCommit/sha256/Item1000/Count100000  27,442,389 ns/op   129,655,747 B/op   700,266 allocs/op
  [2/4]  bench  MerkleCommit/sha256/Item1000/Count100000  27,324,220 ns/op   129,656,030 B/op   700,269 allocs/op
  [3/4]  bench  MerkleCommit/sha256/Item1000/Count100000  27,242,544 ns/op   129,655,977 B/op   700,268 allocs/op
  [4/4]  bench  MerkleCommit/sha256/Item1000/Count100000  27,239,865 ns/op ±1%   129,655,966 B/op ±0%   700,268 allocs/op ±0%    3.67s
  [1/4]  bench  MerkleCommit/sha256/Item100000/Count10  229,074 ns/op   1,071,223 B/op   115 allocs/op
  [2/4]  bench  MerkleCommit/sha256/Item100000/Count10  230,972 ns/op   1,071,217 B/op   115 allocs/op
  [3/4]  bench  MerkleCommit/sha256/Item100000/Count10  230,299 ns/op   1,071,219 B/op   115 allocs/op
  [4/4]  bench  MerkleCommit/sha256/Item100000/Count10  230,746 ns/op ±1%   1,071,219 B/op ±0%   115 allocs/op    3.74s
  [1/4]  bench  MerkleCommit/sha256/Item100000/Count100  1,483,741 ns/op   10,683,719 B/op   780 allocs/op
  [2/4]  bench  MerkleCommit/sha256/Item100000/Count100  1,497,481 ns/op   10,683,714 B/op   780 allocs/op
  [3/4]  bench  MerkleCommit/sha256/Item100000/Count100  1,498,484 ns/op   10,683,708 B/op   780 allocs/op
  [4/4]  bench  MerkleCommit/sha256/Item100000/Count100  1,503,337 ns/op ±1%   10,683,705 B/op ±0%   780 allocs/op ±0%    4.12s
  [1/4]  bench  MerkleCommit/sha256/Item100000/Count1000  14,302,426 ns/op   106,779,632 B/op   7,111 allocs/op
  [2/4]  bench  MerkleCommit/sha256/Item100000/Count1000  14,351,913 ns/op   106,779,647 B/op   7,111 allocs/op
  [3/4]  bench  MerkleCommit/sha256/Item100000/Count1000  14,336,327 ns/op   106,779,650 B/op   7,111 allocs/op
  [4/4]  bench  MerkleCommit/sha256/Item100000/Count1000  14,324,928 ns/op ±0%   106,779,582 B/op ±0%   7,110 allocs/op ±0%    3.47s
  [1/4]  bench  MerkleCommit/sha256/Item100000/Count10000  134,555,422 ns/op   1,067,727,802 B/op   70,247 allocs/op
  [2/4]  bench  MerkleCommit/sha256/Item100000/Count10000  133,726,206 ns/op   1,067,726,960 B/op   70,238 allocs/op
  [3/4]  bench  MerkleCommit/sha256/Item100000/Count10000  133,879,853 ns/op   1,067,726,812 B/op   70,236 allocs/op
  [4/4]  bench  MerkleCommit/sha256/Item100000/Count10000  133,017,671 ns/op ±2%   1,067,726,645 B/op ±0%   70,235 allocs/op ±0%    3.58s
  [1/4]  bench  MerkleCommit/sha256/Item100000/Count100000  1,129,107,291 ns/op   10,676,911,720 B/op   700,442 allocs/op
  [2/4]  bench  MerkleCommit/sha256/Item100000/Count100000  1,129,722,000 ns/op   10,676,920,592 B/op   700,520 allocs/op
  [3/4]  bench  MerkleCommit/sha256/Item100000/Count100000  1,122,435,236 ns/op   10,676,922,621 B/op   700,545 allocs/op
  [4/4]  bench  MerkleCommit/sha256/Item100000/Count100000  1,115,005,802 ns/op ±2%   10,676,920,500 B/op ±0%   700,535 allocs/op ±0%    3.33s
  [1/4]  bench  AppendMsgBlockHeader                  31.9 ns/op   31.3 MB/s   0.000 B/op   0.000 allocs/op
  [2/4]  bench  AppendMsgBlockHeader                  32.0 ns/op   31.2 MB/s   0.000 B/op   0.000 allocs/op
  [3/4]  bench  AppendMsgBlockHeader                  32.0 ns/op   31.3 MB/s   0.000 B/op   0.000 allocs/op
  [4/4]  bench  AppendMsgBlockHeader                  32.0 ns/op ±0%   31.3 MB/s ±0%   0.000 B/op   0.000 allocs/op    3.71s
  [1/4]  bench  AppendMsgSignedTxn                    74.1 ns/op   13.5 MB/s   0.000 B/op   0.000 allocs/op
  [2/4]  bench  AppendMsgSignedTxn                    74.5 ns/op   13.4 MB/s   0.000 B/op   0.000 allocs/op
  [3/4]  bench  AppendMsgSignedTxn                    74.3 ns/op   13.5 MB/s   0.000 B/op   0.000 allocs/op
  [4/4]  bench  AppendMsgSignedTxn                    74.4 ns/op ±1%   13.4 MB/s ±1%   0.000 B/op   0.000 allocs/op    3.85s
  [1/4]  bench  PaysetGroups                          5,605 ns/op   128,291 B/op   8.00 allocs/op
  [2/4]  bench  PaysetGroups                          5,634 ns/op   130,793 B/op   8.00 allocs/op
  [3/4]  bench  PaysetGroups                          5,602 ns/op   126,568 B/op   8.00 allocs/op
  [4/4]  bench  PaysetGroups                          5,591 ns/op ±1%   125,614 B/op ±6%   8.00 allocs/op    24.84s
  [1/4]  bench  Txn                                   41,564 ns/op   9,428 B/op   12.0 allocs/op
  [2/4]  bench  Txn                                   41,371 ns/op   9,427 B/op   12.0 allocs/op
  [3/4]  bench  Txn                                   41,248 ns/op   9,428 B/op   12.0 allocs/op
  [4/4]  bench  Txn                                   41,165 ns/op ±1%   9,429 B/op ±0%   12.0 allocs/op    9.07s
  [1/4]  bench  TxHandlerProcessing/processDecoded    9,469 ns/op   3,760 B/op   32.0 allocs/op
  [2/4]  bench  TxHandlerProcessing/processDecoded    9,542 ns/op   3,760 B/op   32.0 allocs/op
  [3/4]  bench  TxHandlerProcessing/processDecoded    9,554 ns/op   3,760 B/op   32.0 allocs/op
  [4/4]  bench  TxHandlerProcessing/processDecoded    9,790 ns/op ±5%   3,760 B/op   32.0 allocs/op    9.65s
  [1/4]  bench  TxHandlerProcessing/verify.TxnGroup   41,214 ns/op   11,328 B/op   16.0 allocs/op
  [2/4]  bench  TxHandlerProcessing/verify.TxnGroup   41,473 ns/op   11,328 B/op   16.0 allocs/op
  [3/4]  bench  TxHandlerProcessing/verify.TxnGroup   41,518 ns/op   11,328 B/op   16.0 allocs/op
  [4/4]  bench  TxHandlerProcessing/verify.TxnGroup   41,420 ns/op ±1%   11,328 B/op   16.0 allocs/op    6.55s
  [1/4]  bench  CompactDeltas/account-deltas          1,490,477 ns/op   4,129,204 B/op   0.000 allocs/op
  [2/4]  bench  CompactDeltas/account-deltas          1,434,240 ns/op   4,130,553 B/op   0.000 allocs/op
  [3/4]  bench  CompactDeltas/account-deltas          1,419,436 ns/op   4,136,040 B/op   0.000 allocs/op
  [4/4]  bench  CompactDeltas/account-deltas          1,415,120 ns/op ±4%   4,138,147 B/op ±0%   0.000 allocs/op    17.28s
