  [1/4]  bench  MerkleCommit/sha512_256/Item10/Count10  14,306 ns/op   6,079 B/op   107 allocs/op
  [2/4]  bench  MerkleCommit/sha512_256/Item10/Count10  14,282 ns/op   6,078 B/op   107 allocs/op
  [3/4]  bench  MerkleCommit/sha512_256/Item10/Count10  14,241 ns/op   6,078 B/op   107 allocs/op
  [4/4]  bench  MerkleCommit/sha512_256/Item10/Count10  14,240 ns/op ±1%   6,078 B/op ±0%   107 allocs/op    3.98s
  [1/4]  bench  MerkleCommit/sha512_256/Item10/Count100  54,815 ns/op   34,684 B/op   761 allocs/op
  [2/4]  bench  MerkleCommit/sha512_256/Item10/Count100  55,103 ns/op   34,677 B/op   761 allocs/op
  [3/4]  bench  MerkleCommit/sha512_256/Item10/Count100  55,152 ns/op   34,681 B/op   761 allocs/op
  [4/4]  bench  MerkleCommit/sha512_256/Item10/Count100  55,132 ns/op ±1%   34,682 B/op ±0%   761 allocs/op ±0%    5.28s
  [1/4]  bench  MerkleCommit/sha512_256/Item10/Count1000  255,907 ns/op   299,024 B/op   7,091 allocs/op
  [2/4]  bench  MerkleCommit/sha512_256/Item10/Count1000  255,143 ns/op   299,038 B/op   7,091 allocs/op
  [3/4]  bench  MerkleCommit/sha512_256/Item10/Count1000  254,423 ns/op   299,044 B/op   7,091 allocs/op
  [4/4]  bench  MerkleCommit/sha512_256/Item10/Count1000  254,530 ns/op ±1%   299,041 B/op ±0%   7,091 allocs/op    3.63s
  [1/4]  bench  MerkleCommit/sha512_256/Item10/Count10000  1,283,656 ns/op   2,920,746 B/op   70,184 allocs/op
  [2/4]  bench  MerkleCommit/sha512_256/Item10/Count10000  1,289,010 ns/op   2,920,608 B/op   70,183 allocs/op
  [3/4]  bench  MerkleCommit/sha512_256/Item10/Count10000  1,285,993 ns/op   2,920,619 B/op   70,183 allocs/op
  [4/4]  bench  MerkleCommit/sha512_256/Item10/Count10000  1,286,048 ns/op ±1%   2,920,599 B/op ±0%   70,183 allocs/op ±0%    4.04s
  [1/4]  bench  MerkleCommit/sha512_256/Item10/Count100000  8,170,467 ns/op   28,865,919 B/op   700,278 allocs/op
  [2/4]  bench  MerkleCommit/sha512_256/Item10/Count100000  8,019,512 ns/op   28,866,228 B/op   700,280 allocs/op
  [3/4]  bench  MerkleCommit/sha512_256/Item10/Count100000  7,942,363 ns/op   28,866,355 B/op   700,281 allocs/op
  [4/4]  bench  MerkleCommit/sha512_256/Item10/Count100000  7,959,691 ns/op ±2%   28,866,309 B/op ±0%   700,281 allocs/op ±0%    5.98s
  [1/4]  bench  MerkleCommit/sha512_256/Item1000/Count10  23,024 ns/op   16,255 B/op   108 allocs/op
  [2/4]  bench  MerkleCommit/sha512_256/Item1000/Count10  22,989 ns/op   16,255 B/op   108 allocs/op
  [3/4]  bench  MerkleCommit/sha512_256/Item1000/Count10  22,983 ns/op   16,255 B/op   108 allocs/op
  [4/4]  bench  MerkleCommit/sha512_256/Item1000/Count10  22,981 ns/op ±0%   16,255 B/op ±0%   108 allocs/op    4.29s
  [1/4]  bench  MerkleCommit/sha512_256/Item1000/Count100  96,918 ns/op   135,895 B/op   763 allocs/op
  [2/4]  bench  MerkleCommit/sha512_256/Item1000/Count100  96,476 ns/op   135,910 B/op   763 allocs/op
  [3/4]  bench  MerkleCommit/sha512_256/Item1000/Count100  96,334 ns/op   135,921 B/op   763 allocs/op
  [4/4]  bench  MerkleCommit/sha512_256/Item1000/Count100  96,166 ns/op ±1%   135,923 B/op ±0%   763 allocs/op ±0%    6.5s
  [1/4]  bench  MerkleCommit/sha512_256/Item1000/Count1000  496,010 ns/op   1,308,460 B/op   7,100 allocs/op
  [2/4]  bench  MerkleCommit/sha512_256/Item1000/Count1000  494,044 ns/op   1,308,499 B/op   7,101 allocs/op
  [3/4]  bench  MerkleCommit/sha512_256/Item1000/Count1000  493,778 ns/op   1,308,499 B/op   7,100 allocs/op
  [4/4]  bench  MerkleCommit/sha512_256/Item1000/Count1000  494,674 ns/op ±1%   1,308,499 B/op ±0%   7,100 allocs/op ±0%    3.58s
  [1/4]  bench  MerkleCommit/sha512_256/Item1000/Count10000  3,322,813 ns/op   13,001,192 B/op   70,186 allocs/op
  [2/4]  bench  MerkleCommit/sha512_256/Item1000/Count10000  3,324,879 ns/op   13,001,192 B/op   70,187 allocs/op
  [3/4]  bench  MerkleCommit/sha512_256/Item1000/Count10000  3,348,627 ns/op   13,001,124 B/op   70,186 allocs/op
  [4/4]  bench  MerkleCommit/sha512_256/Item1000/Count10000  3,359,721 ns/op ±1%   13,001,165 B/op ±0%   70,186 allocs/op ±0%    4.64s
  [1/4]  bench  MerkleCommit/sha512_256/Item1000/Count100000  31,587,549 ns/op   129,664,092 B/op   700,265 allocs/op
  [2/4]  bench  MerkleCommit/sha512_256/Item1000/Count100000  30,186,439 ns/op   129,664,920 B/op   700,271 allocs/op
  [3/4]  bench  MerkleCommit/sha512_256/Item1000/Count100000  29,910,947 ns/op   129,665,240 B/op   700,273 allocs/op
  [4/4]  bench  MerkleCommit/sha512_256/Item1000/Count100000  29,621,827 ns/op ±5%   129,665,422 B/op ±0%   700,274 allocs/op ±0%    3.57s
  [1/4]  bench  MerkleCommit/sha512_256/Item100000/Count10  326,821 ns/op   1,072,457 B/op   117 allocs/op
  [2/4]  bench  MerkleCommit/sha512_256/Item100000/Count10  327,921 ns/op   1,072,463 B/op   118 allocs/op
  [3/4]  bench  MerkleCommit/sha512_256/Item100000/Count10  327,019 ns/op   1,072,466 B/op   118 allocs/op
  [4/4]  bench  MerkleCommit/sha512_256/Item100000/Count10  329,011 ns/op ±1%   1,072,466 B/op ±0%   118 allocs/op ±0%    3.76s
  [1/4]  bench  MerkleCommit/sha512_256/Item100000/Count100  1,922,193 ns/op   10,685,861 B/op   781 allocs/op
  [2/4]  bench  MerkleCommit/sha512_256/Item100000/Count100  1,940,395 ns/op   10,685,858 B/op   781 allocs/op
  [3/4]  bench  MerkleCommit/sha512_256/Item100000/Count100  1,936,222 ns/op   10,685,874 B/op   781 allocs/op
  [4/4]  bench  MerkleCommit/sha512_256/Item100000/Count100  1,951,593 ns/op ±2%   10,685,872 B/op ±0%   781 allocs/op    4.24s
  [1/4]  bench  MerkleCommit/sha512_256/Item100000/Count1000  18,119,892 ns/op   106,782,509 B/op   7,111 allocs/op
  [2/4]  bench  MerkleCommit/sha512_256/Item100000/Count1000  18,142,756 ns/op   106,782,396 B/op   7,110 allocs/op
  [3/4]  bench  MerkleCommit/sha512_256/Item100000/Count1000  17,890,325 ns/op   106,782,459 B/op   7,111 allocs/op
  [4/4]  bench  MerkleCommit/sha512_256/Item100000/Count1000  17,870,154 ns/op ±2%   106,782,437 B/op ±0%   7,110 allocs/op ±0%    3.59s
  [1/4]  bench  MerkleCommit/sha512_256/Item100000/Count10000  163,351,821 ns/op   1,067,734,451 B/op   70,257 allocs/op
  [2/4]  bench  MerkleCommit/sha512_256/Item100000/Count10000  164,958,667 ns/op   1,067,733,180 B/op   70,245 allocs/op
  [3/4]  bench  MerkleCommit/sha512_256/Item100000/Count10000  165,691,436 ns/op   1,067,733,072 B/op   70,244 allocs/op
  [4/4]  bench  MerkleCommit/sha512_256/Item100000/Count10000  165,678,158 ns/op ±1%   1,067,732,655 B/op ±0%   70,240 allocs/op ±0%    5.94s
  [1/4]  bench  MerkleCommit/sha512_256/Item100000/Count100000  1,325,772,667 ns/op   10,676,931,000 B/op   700,571 allocs/op
  [2/4]  bench  MerkleCommit/sha512_256/Item100000/Count100000  1,325,727,959 ns/op   10,676,921,736 B/op   700,506 allocs/op
  [3/4]  bench  MerkleCommit/sha512_256/Item100000/Count100000  1,340,559,736 ns/op   10,676,924,952 B/op   700,525 allocs/op
  [4/4]  bench  MerkleCommit/sha512_256/Item100000/Count100000  1,363,872,594 ns/op ±4%   10,676,927,200 B/op ±0%   700,533 allocs/op ±0%    4.13s
  [1/4]  bench  MerkleCommit/sumhash/Item10/Count10   53,900 ns/op   16,822 B/op   217 allocs/op
  [2/4]  bench  MerkleCommit/sumhash/Item10/Count10   53,721 ns/op   16,828 B/op   217 allocs/op
  [3/4]  bench  MerkleCommit/sumhash/Item10/Count10   53,701 ns/op   16,826 B/op   217 allocs/op
  [4/4]  bench  MerkleCommit/sumhash/Item10/Count10   53,597 ns/op ±1%   16,826 B/op ±0%   217 allocs/op    5.21s
  [1/4]  bench  MerkleCommit/sumhash/Item10/Count100  239,472 ns/op   134,978 B/op   1,724 allocs/op
  [2/4]  bench  MerkleCommit/sumhash/Item10/Count100  240,481 ns/op   134,976 B/op   1,724 allocs/op
  [3/4]  bench  MerkleCommit/sumhash/Item10/Count100  242,327 ns/op   134,955 B/op   1,724 allocs/op
  [4/4]  bench  MerkleCommit/sumhash/Item10/Count100  242,587 ns/op ±1%   134,959 B/op ±0%   1,724 allocs/op ±0%    3.65s
  [1/4]  bench  MerkleCommit/sumhash/Item10/Count1000  1,082,258 ns/op   1,269,051 B/op   16,244 allocs/op
  [2/4]  bench  MerkleCommit/sumhash/Item10/Count1000  1,075,190 ns/op   1,269,166 B/op   16,246 allocs/op
  [3/4]  bench  MerkleCommit/sumhash/Item10/Count1000  1,079,770 ns/op   1,269,126 B/op   16,245 allocs/op
  [4/4]  bench  MerkleCommit/sumhash/Item10/Count1000  1,076,917 ns/op ±1%   1,269,168 B/op ±0%   16,246 allocs/op ±0%    3.95s
  [1/4]  bench  MerkleCommit/sumhash/Item10/Count10000  6,409,962 ns/op   12,538,489 B/op   160,472 allocs/op
  [2/4]  bench  MerkleCommit/sumhash/Item10/Count10000  6,498,795 ns/op   12,538,316 B/op   160,470 allocs/op
  [3/4]  bench  MerkleCommit/sumhash/Item10/Count10000  6,485,379 ns/op   12,538,420 B/op   160,471 allocs/op
  [4/4]  bench  MerkleCommit/sumhash/Item10/Count10000  6,514,442 ns/op ±1%   12,538,254 B/op ±0%   160,469 allocs/op ±0%    5.58s
  [1/4]  bench  MerkleCommit/sumhash/Item10/Count100000  53,765,483 ns/op   124,885,379 B/op   1,600,648 allocs/op
  [2/4]  bench  MerkleCommit/sumhash/Item10/Count100000  54,477,737 ns/op   124,885,599 B/op   1,600,651 allocs/op
  [3/4]  bench  MerkleCommit/sumhash/Item10/Count100000  54,443,193 ns/op   124,885,576 B/op   1,600,650 allocs/op
  [4/4]  bench  MerkleCommit/sumhash/Item10/Count100000  54,827,259 ns/op ±2%   124,885,475 B/op ±0%   1,600,649 allocs/op ±0%    3.54s
  [1/4]  bench  MerkleCommit/sumhash/Item1000/Count10  110,763 ns/op   28,685 B/op   233 allocs/op
  [2/4]  bench  MerkleCommit/sumhash/Item1000/Count10  110,436 ns/op   28,696 B/op   233 allocs/op
  [3/4]  bench  MerkleCommit/sumhash/Item1000/Count10  109,945 ns/op   28,706 B/op   233 allocs/op
  [4/4]  bench  MerkleCommit/sumhash/Item1000/Count10  109,514 ns/op ±1%   28,710 B/op ±0%   234 allocs/op ±0%    3.3s
  [1/4]  bench  MerkleCommit/sumhash/Item1000/Count100  462,092 ns/op   250,265 B/op   1,844 allocs/op
  [2/4]  bench  MerkleCommit/sumhash/Item1000/Count100  459,807 ns/op   250,311 B/op   1,845 allocs/op
  [3/4]  bench  MerkleCommit/sumhash/Item1000/Count100  461,277 ns/op   250,296 B/op   1,844 allocs/op
  [4/4]  bench  MerkleCommit/sumhash/Item1000/Count100  460,205 ns/op ±1%   250,307 B/op ±0%   1,845 allocs/op ±0%    3.76s
  [1/4]  bench  MerkleCommit/sumhash/Item1000/Count1000  2,604,403 ns/op   2,406,287 B/op   17,259 allocs/op
  [2/4]  bench  MerkleCommit/sumhash/Item1000/Count1000  2,593,181 ns/op   2,406,268 B/op   17,259 allocs/op
  [3/4]  bench  MerkleCommit/sumhash/Item1000/Count1000  2,597,099 ns/op   2,406,269 B/op   17,259 allocs/op
  [4/4]  bench  MerkleCommit/sumhash/Item1000/Count1000  2,585,748 ns/op ±1%   2,406,376 B/op ±0%   17,260 allocs/op ±0%    4.4s
  [1/4]  bench  MerkleCommit/sumhash/Item1000/Count10000  20,607,450 ns/op   23,898,567 B/op   170,472 allocs/op
  [2/4]  bench  MerkleCommit/sumhash/Item1000/Count10000  20,281,607 ns/op   23,898,744 B/op   170,474 allocs/op
  [3/4]  bench  MerkleCommit/sumhash/Item1000/Count10000  20,351,888 ns/op   23,898,665 B/op   170,473 allocs/op
  [4/4]  bench  MerkleCommit/sumhash/Item1000/Count10000  20,347,224 ns/op ±2%   23,898,685 B/op ±0%   170,473 allocs/op ±0%    3.71s
  [1/4]  bench  MerkleCommit/sumhash/Item1000/Count100000  185,157,639 ns/op   238,486,840 B/op   1,700,659 allocs/op
  [2/4]  bench  MerkleCommit/sumhash/Item1000/Count100000  183,701,521 ns/op   238,486,981 B/op   1,700,660 allocs/op
  [3/4]  bench  MerkleCommit/sumhash/Item1000/Count100000  184,399,618 ns/op   238,486,801 B/op   1,700,658 allocs/op
  [4/4]  bench  MerkleCommit/sumhash/Item1000/Count100000  183,116,302 ns/op ±2%   238,486,896 B/op ±0%   1,700,659 allocs/op ±0%    3.82s
  [1/4]  bench  MerkleCommit/sumhash/Item100000/Count10  2,118,090 ns/op   1,085,627 B/op   259 allocs/op
  [2/4]  bench  MerkleCommit/sumhash/Item100000/Count10  2,093,931 ns/op   1,085,619 B/op   259 allocs/op
  [3/4]  bench  MerkleCommit/sumhash/Item100000/Count10  2,108,895 ns/op   1,085,617 B/op   259 allocs/op
  [4/4]  bench  MerkleCommit/sumhash/Item100000/Count10  2,096,093 ns/op ±2%   1,085,619 B/op ±0%   259 allocs/op    4.28s
  [1/4]  bench  MerkleCommit/sumhash/Item100000/Count100  15,422,149 ns/op   10,798,597 B/op   1,857 allocs/op
  [2/4]  bench  MerkleCommit/sumhash/Item100000/Count100  15,273,665 ns/op   10,798,632 B/op   1,857 allocs/op
  [3/4]  bench  MerkleCommit/sumhash/Item100000/Count100  15,197,912 ns/op   10,798,649 B/op   1,857 allocs/op
  [4/4]  bench  MerkleCommit/sumhash/Item100000/Count100  15,200,349 ns/op ±1%   10,798,659 B/op ±0%   1,858 allocs/op ±0%    3.54s
  [1/4]  bench  MerkleCommit/sumhash/Item100000/Count1000  134,129,094 ns/op   107,879,344 B/op   17,263 allocs/op
  [2/4]  bench  MerkleCommit/sumhash/Item100000/Count1000  135,104,003 ns/op   107,879,232 B/op   17,263 allocs/op
  [3/4]  bench  MerkleCommit/sumhash/Item100000/Count1000  134,459,948 ns/op   107,879,252 B/op   17,263 allocs/op
  [4/4]  bench  MerkleCommit/sumhash/Item100000/Count1000  135,462,159 ns/op ±2%   107,879,198 B/op ±0%   17,262 allocs/op ±0%    3.66s
  [1/4]  bench  MerkleCommit/sumhash/Item100000/Count10000  1,276,299,125 ns/op   1,078,625,272 B/op   170,497 allocs/op
  [2/4]  bench  MerkleCommit/sumhash/Item100000/Count10000  1,300,836,104 ns/op   1,078,625,256 B/op   170,492 allocs/op
  [3/4]  bench  MerkleCommit/sumhash/Item100000/Count10000  1,298,475,236 ns/op   1,078,625,197 B/op   170,491 allocs/op
  [4/4]  bench  MerkleCommit/sumhash/Item100000/Count10000  1,305,625,740 ns/op ±2%   1,078,625,092 B/op ±0%   170,491 allocs/op ±0%    3.94s
  [1/4]  bench  MerkleCommit/sumhash/Item100000/Count100000  12,965,304,208 ns/op   10,785,725,944 B/op   1,700,744 allocs/op
  [2/4]  bench  MerkleCommit/sumhash/Item100000/Count100000  12,859,535,792 ns/op   10,785,727,168 B/op   1,700,747 allocs/op
  [3/4]  bench  MerkleCommit/sumhash/Item100000/Count100000  12,795,646,305 ns/op   10,785,727,629 B/op   1,700,749 allocs/op
  [4/4]  bench  MerkleCommit/sumhash/Item100000/Count100000  12,737,494,115 ns/op ±2%   10,785,728,768 B/op ±0%   1,700,760 allocs/op ±0%    37.98s
  [1/4]  bench  MerkleCommit/sha256/Item10/Count10    9,289 ns/op   5,516 B/op   107 allocs/op
  [2/4]  bench  MerkleCommit/sha256/Item10/Count10    9,308 ns/op   5,516 B/op   107 allocs/op
  [3/4]  bench  MerkleCommit/sha256/Item10/Count10    9,318 ns/op   5,516 B/op   107 allocs/op
  [4/4]  bench  MerkleCommit/sha256/Item10/Count10    9,291 ns/op ±1%   5,516 B/op ±0%   107 allocs/op    3.86s
  [1/4]  bench  MerkleCommit/sha256/Item10/Count100   45,244 ns/op   33,579 B/op   760 allocs/op
  [2/4]  bench  MerkleCommit/sha256/Item10/Count100   45,149 ns/op   33,573 B/op   760 allocs/op
  [3/4]  bench  MerkleCommit/sha256/Item10/Count100   44,694 ns/op   33,578 B/op   760 allocs/op
  [4/4]  bench  MerkleCommit/sha256/Item10/Count100   44,832 ns/op ±2%   33,577 B/op ±0%   760 allocs/op    4.97s
  [1/4]  bench  MerkleCommit/sha256/Item10/Count1000  211,510 ns/op   296,538 B/op   7,088 allocs/op
  [2/4]  bench  MerkleCommit/sha256/Item10/Count1000  213,816 ns/op   296,527 B/op   7,088 allocs/op
  [3/4]  bench  MerkleCommit/sha256/Item10/Count1000  213,606 ns/op   296,532 B/op   7,088 allocs/op
  [4/4]  bench  MerkleCommit/sha256/Item10/Count1000  213,987 ns/op ±1%   296,531 B/op ±0%   7,088 allocs/op ±0%    3.68s
  [1/4]  bench  MerkleCommit/sha256/Item10/Count10000  1,094,991 ns/op   2,914,830 B/op   70,178 allocs/op
  [2/4]  bench  MerkleCommit/sha256/Item10/Count10000  1,110,748 ns/op   2,914,764 B/op   70,178 allocs/op
  [3/4]  bench  MerkleCommit/sha256/Item10/Count10000  1,109,761 ns/op   2,914,805 B/op   70,178 allocs/op
  [4/4]  bench  MerkleCommit/sha256/Item10/Count10000  1,114,243 ns/op ±1%   2,914,778 B/op ±0%   70,178 allocs/op ±0%    3.99s
  [1/4]  bench  MerkleCommit/sha256/Item10/Count100000  6,986,880 ns/op   28,856,449 B/op   700,275 allocs/op
  [2/4]  bench  MerkleCommit/sha256/Item10/Count100000  6,993,793 ns/op   28,856,412 B/op   700,275 allocs/op
  [3/4]  bench  MerkleCommit/sha256/Item10/Count100000  7,030,688 ns/op   28,856,340 B/op   700,274 allocs/op
  [4/4]  bench  MerkleCommit/sha256/Item10/Count100000  7,027,817 ns/op ±1%   28,856,368 B/op ±0%   700,275 allocs/op ±0%    5.7s
  [1/4]  bench  MerkleCommit/sha256/Item1000/Count10  16,491 ns/op   15,658 B/op   107 allocs/op
  [2/4]  bench  MerkleCommit/sha256/Item1000/Count10  16,495 ns/op   15,660 B/op   107 allocs/op
  [3/4]  bench  MerkleCommit/sha256/Item1000/Count10  16,434 ns/op   15,660 B/op   107 allocs/op
  [4/4]  bench  MerkleCommit/sha256/Item1000/Count10  16,455 ns/op ±1%   15,660 B/op ±0%   107 allocs/op    4.13s
  [1/4]  bench  MerkleCommit/sha256/Item1000/Count100  78,565 ns/op   134,586 B/op   762 allocs/op
  [2/4]  bench  MerkleCommit/sha256/Item1000/Count100  79,337 ns/op   134,581 B/op   762 allocs/op
  [3/4]  bench  MerkleCommit/sha256/Item1000/Count100  79,568 ns/op   134,578 B/op   762 allocs/op
  [4/4]  bench  MerkleCommit/sha256/Item1000/Count100  79,125 ns/op ±1%   134,578 B/op ±0%   762 allocs/op    6s
  [1/4]  bench  MerkleCommit/sha256/Item1000/Count1000  429,886 ns/op   1,305,498 B/op   7,097 allocs/op
  [2/4]  bench  MerkleCommit/sha256/Item1000/Count1000  426,262 ns/op   1,305,540 B/op   7,098 allocs/op
  [3/4]  bench  MerkleCommit/sha256/Item1000/Count1000  427,179 ns/op   1,305,540 B/op   7,097 allocs/op
  [4/4]  bench  MerkleCommit/sha256/Item1000/Count1000  425,600 ns/op ±1%   1,305,548 B/op ±0%   7,098 allocs/op ±0%    3.72s
  [1/4]  bench  MerkleCommit/sha256/Item1000/Count10000  2,964,461 ns/op   12,995,359 B/op   70,182 allocs/op
  [2/4]  bench  MerkleCommit/sha256/Item1000/Count10000  2,987,793 ns/op   12,995,399 B/op   70,183 allocs/op
  [3/4]  bench  MerkleCommit/sha256/Item1000/Count10000  2,990,340 ns/op   12,995,384 B/op   70,182 allocs/op
  [4/4]  bench  MerkleCommit/sha256/Item1000/Count10000  2,991,588 ns/op ±1%   12,995,403 B/op ±0%   70,183 allocs/op ±0%    4.48s
  [1/4]  bench  MerkleCommit/sha256/Item1000/Count100000  27,356,463 ns/op   129,655,993 B/op   700,269 allocs/op
  [2/4]  bench  MerkleCommit/sha256/Item1000/Count100000  27,365,528 ns/op   129,656,104 B/op   700,270 allocs/op
  [3/4]  bench  MerkleCommit/sha256/Item1000/Count100000  27,341,217 ns/op   129,656,090 B/op   700,270 allocs/op
  [4/4]  bench  MerkleCommit/sha256/Item1000/Count100000  27,343,829 ns/op ±0%   129,656,166 B/op ±0%   700,270 allocs/op ±0%    3.69s
  [1/4]  bench  MerkleCommit/sha256/Item100000/Count10  234,152 ns/op   1,071,242 B/op   115 allocs/op
  [2/4]  bench  MerkleCommit/sha256/Item100000/Count10  233,020 ns/op   1,071,251 B/op   116 allocs/op
  [3/4]  bench  MerkleCommit/sha256/Item100000/Count10  233,200 ns/op   1,071,253 B/op   116 allocs/op
  [4/4]  bench  MerkleCommit/sha256/Item100000/Count10  233,823 ns/op ±1%   1,071,252 B/op ±0%   116 allocs/op ±0%    3.59s
  [1/4]  bench  MerkleCommit/sha256/Item100000/Count100  1,507,274 ns/op   10,683,732 B/op   780 allocs/op
  [2/4]  bench  MerkleCommit/sha256/Item100000/Count100  1,515,726 ns/op   10,683,733 B/op   780 allocs/op
  [3/4]  bench  MerkleCommit/sha256/Item100000/Count100  1,507,380 ns/op   10,683,734 B/op   780 allocs/op
  [4/4]  bench  MerkleCommit/sha256/Item100000/Count100  1,512,667 ns/op ±1%   10,683,734 B/op ±0%   780 allocs/op    4.1s
  [1/4]  bench  MerkleCommit/sha256/Item100000/Count1000  14,321,658 ns/op   106,779,667 B/op   7,111 allocs/op
  [2/4]  bench  MerkleCommit/sha256/Item100000/Count1000  14,452,759 ns/op   106,779,547 B/op   7,110 allocs/op
  [3/4]  bench  MerkleCommit/sha256/Item100000/Count1000  14,412,010 ns/op   106,779,542 B/op   7,110 allocs/op
  [4/4]  bench  MerkleCommit/sha256/Item100000/Count1000  14,432,523 ns/op ±1%   106,779,563 B/op ±0%   7,110 allocs/op ±0%    3.67s
  [1/4]  bench  MerkleCommit/sha256/Item100000/Count10000  134,118,516 ns/op   1,067,727,720 B/op   70,244 allocs/op
  [2/4]  bench  MerkleCommit/sha256/Item100000/Count10000  134,985,401 ns/op   1,067,727,523 B/op   70,241 allocs/op
  [3/4]  bench  MerkleCommit/sha256/Item100000/Count10000  134,922,632 ns/op   1,067,727,977 B/op   70,245 allocs/op
  [4/4]  bench  MerkleCommit/sha256/Item100000/Count10000  135,166,255 ns/op ±1%   1,067,727,931 B/op ±0%   70,245 allocs/op ±0%    4.61s
  [1/4]  bench  MerkleCommit/sha256/Item100000/Count100000  1,124,803,959 ns/op   10,676,929,592 B/op   700,590 allocs/op
  [2/4]  bench  MerkleCommit/sha256/Item100000/Count100000  1,136,890,167 ns/op   10,676,924,048 B/op   700,534 allocs/op
  [3/4]  bench  MerkleCommit/sha256/Item100000/Count100000  1,141,762,375 ns/op   10,676,925,645 B/op   700,551 allocs/op
  [4/4]  bench  MerkleCommit/sha256/Item100000/Count100000  1,142,355,115 ns/op ±1%   10,676,928,864 B/op ±0%   700,584 allocs/op ±0%    3.44s
  [1/4]  bench  AppendMsgBlockHeader                  32.5 ns/op   30.8 MB/s   0.000 B/op   0.000 allocs/op
  [2/4]  bench  AppendMsgBlockHeader                  32.3 ns/op   31.0 MB/s   0.000 B/op   0.000 allocs/op
  [3/4]  bench  AppendMsgBlockHeader                  32.4 ns/op   30.9 MB/s   0.000 B/op   0.000 allocs/op
  [4/4]  bench  AppendMsgBlockHeader                  32.4 ns/op ±1%   30.9 MB/s ±1%   0.000 B/op   0.000 allocs/op    3.7s
  [1/4]  bench  AppendMsgSignedTxn                    75.0 ns/op   13.3 MB/s   0.000 B/op   0.000 allocs/op
  [2/4]  bench  AppendMsgSignedTxn                    75.0 ns/op   13.3 MB/s   0.000 B/op   0.000 allocs/op
  [3/4]  bench  AppendMsgSignedTxn                    75.3 ns/op   13.3 MB/s   0.000 B/op   0.000 allocs/op
  [4/4]  bench  AppendMsgSignedTxn                    75.3 ns/op ±1%   13.3 MB/s ±1%   0.000 B/op   0.000 allocs/op    3.82s
  [1/4]  bench  PaysetGroups                          5,745 ns/op   132,404 B/op   8.00 allocs/op
  [2/4]  bench  PaysetGroups                          5,694 ns/op   129,185 B/op   8.00 allocs/op
  [3/4]  bench  PaysetGroups                          5,669 ns/op   130,210 B/op   8.00 allocs/op
  [4/4]  bench  PaysetGroups                          5,659 ns/op ±1%   130,302 B/op ±2%   8.00 allocs/op    25.91s
  [1/4]  bench  Txn                                   41,563 ns/op   9,432 B/op   12.0 allocs/op
  [2/4]  bench  Txn                                   41,595 ns/op   9,430 B/op   12.0 allocs/op
  [3/4]  bench  Txn                                   41,627 ns/op   9,429 B/op   12.0 allocs/op
  [4/4]  bench  Txn                                   41,655 ns/op ±0%   9,430 B/op ±0%   12.0 allocs/op    9.11s
  [1/4]  bench  TxHandlerProcessing/processDecoded    9,550 ns/op   3,760 B/op   32.0 allocs/op
  [2/4]  bench  TxHandlerProcessing/processDecoded    9,617 ns/op   3,760 B/op   32.0 allocs/op
  [3/4]  bench  TxHandlerProcessing/processDecoded    9,658 ns/op   3,760 B/op   32.0 allocs/op
  [4/4]  bench  TxHandlerProcessing/processDecoded    9,946 ns/op ±6%   3,760 B/op   32.0 allocs/op    9.68s
  [1/4]  bench  TxHandlerProcessing/verify.TxnGroup   42,376 ns/op   11,328 B/op   16.0 allocs/op
  [2/4]  bench  TxHandlerProcessing/verify.TxnGroup   42,633 ns/op   11,328 B/op   16.0 allocs/op
  [3/4]  bench  TxHandlerProcessing/verify.TxnGroup   43,151 ns/op   11,328 B/op   16.0 allocs/op
  [4/4]  bench  TxHandlerProcessing/verify.TxnGroup   43,097 ns/op ±2%   11,328 B/op   16.0 allocs/op    6.57s
  [1/4]  bench  CompactDeltas/account-deltas          1,569,692 ns/op   4,155,433 B/op   0.000 allocs/op
  [2/4]  bench  CompactDeltas/account-deltas          1,537,299 ns/op   4,160,469 B/op   0.000 allocs/op
  [3/4]  bench  CompactDeltas/account-deltas          1,543,843 ns/op   4,166,129 B/op   0.000 allocs/op
  [4/4]  bench  CompactDeltas/account-deltas          1,521,629 ns/op ±4%   4,165,445 B/op ±0%   0.000 allocs/op    17.6s
