  [1/4]  bench  MerkleCommit/sha512_256/Item10/Count10  14,393 ns/op   6,075 B/op   107 allocs/op
  [2/4]  bench  MerkleCommit/sha512_256/Item10/Count10  14,304 ns/op   6,077 B/op   107 allocs/op
  [3/4]  bench  MerkleCommit/sha512_256/Item10/Count10  14,286 ns/op   6,077 B/op   107 allocs/op
  [4/4]  bench  MerkleCommit/sha512_256/Item10/Count10  14,273 ns/op ±1%   6,078 B/op ±0%   107 allocs/op    4.03s
  [1/4]  bench  MerkleCommit/sha512_256/Item10/Count100  55,104 ns/op   34,666 B/op   760 allocs/op
  [2/4]  bench  MerkleCommit/sha512_256/Item10/Count100  54,339 ns/op   34,673 B/op   761 allocs/op
  [3/4]  bench  MerkleCommit/sha512_256/Item10/Count100  54,358 ns/op   34,676 B/op   761 allocs/op
  [4/4]  bench  MerkleCommit/sha512_256/Item10/Count100  54,603 ns/op ±2%   34,673 B/op ±0%   761 allocs/op ±0%    5.25s
  [1/4]  bench  MerkleCommit/sha512_256/Item10/Count1000  253,407 ns/op   299,071 B/op   7,091 allocs/op
  [2/4]  bench  MerkleCommit/sha512_256/Item10/Count1000  255,002 ns/op   299,045 B/op   7,091 allocs/op
  [3/4]  bench  MerkleCommit/sha512_256/Item10/Count1000  254,526 ns/op   299,051 B/op   7,091 allocs/op
  [4/4]  bench  MerkleCommit/sha512_256/Item10/Count1000  255,061 ns/op ±1%   299,041 B/op ±0%   7,091 allocs/op    3.71s
  [1/4]  bench  MerkleCommit/sha512_256/Item10/Count10000  1,277,967 ns/op   2,920,720 B/op   70,184 allocs/op
  [2/4]  bench  MerkleCommit/sha512_256/Item10/Count10000  1,283,319 ns/op   2,920,632 B/op   70,184 allocs/op
  [3/4]  bench  MerkleCommit/sha512_256/Item10/Count10000  1,282,573 ns/op   2,920,667 B/op   70,184 allocs/op
  [4/4]  bench  MerkleCommit/sha512_256/Item10/Count10000  1,285,879 ns/op ±1%   2,920,625 B/op ±0%   70,183 allocs/op ±0%    4s
  [1/4]  bench  MerkleCommit/sha512_256/Item10/Count100000  7,820,914 ns/op   28,866,661 B/op   700,283 allocs/op
  [2/4]  bench  MerkleCommit/sha512_256/Item10/Count100000  7,913,720 ns/op   28,866,263 B/op   700,281 allocs/op
  [3/4]  bench  MerkleCommit/sha512_256/Item10/Count100000  7,937,442 ns/op   28,866,199 B/op   700,280 allocs/op
  [4/4]  bench  MerkleCommit/sha512_256/Item10/Count100000  7,913,944 ns/op ±1%   28,866,290 B/op ±0%   700,281 allocs/op ±0%    6s
  [1/4]  bench  MerkleCommit/sha512_256/Item1000/Count10  23,028 ns/op   16,257 B/op   108 allocs/op
  [2/4]  bench  MerkleCommit/sha512_256/Item1000/Count10  22,680 ns/op   16,258 B/op   108 allocs/op
  [3/4]  bench  MerkleCommit/sha512_256/Item1000/Count10  22,594 ns/op   16,258 B/op   108 allocs/op
  [4/4]  bench  MerkleCommit/sha512_256/Item1000/Count10  22,520 ns/op ±2%   16,257 B/op ±0%   108 allocs/op    4.18s
  [1/4]  bench  MerkleCommit/sha512_256/Item1000/Count100  96,118 ns/op   135,931 B/op   764 allocs/op
  [2/4]  bench  MerkleCommit/sha512_256/Item1000/Count100  95,883 ns/op   135,938 B/op   764 allocs/op
  [3/4]  bench  MerkleCommit/sha512_256/Item1000/Count100  96,244 ns/op   135,927 B/op   764 allocs/op
  [4/4]  bench  MerkleCommit/sha512_256/Item1000/Count100  96,541 ns/op ±1%   135,923 B/op ±0%   764 allocs/op ±0%    6.53s
  [1/4]  bench  MerkleCommit/sha512_256/Item1000/Count1000  494,301 ns/op   1,308,529 B/op   7,101 allocs/op
  [2/4]  bench  MerkleCommit/sha512_256/Item1000/Count1000  497,346 ns/op   1,308,490 B/op   7,101 allocs/op
  [3/4]  bench  MerkleCommit/sha512_256/Item1000/Count1000  496,075 ns/op   1,308,496 B/op   7,100 allocs/op
  [4/4]  bench  MerkleCommit/sha512_256/Item1000/Count1000  497,541 ns/op ±1%   1,308,486 B/op ±0%   7,100 allocs/op ±0%    3.77s
  [1/4]  bench  MerkleCommit/sha512_256/Item1000/Count10000  3,349,225 ns/op   13,001,159 B/op   70,186 allocs/op
  [2/4]  bench  MerkleCommit/sha512_256/Item1000/Count10000  3,375,613 ns/op   13,001,122 B/op   70,186 allocs/op
  [3/4]  bench  MerkleCommit/sha512_256/Item1000/Count10000  3,372,840 ns/op   13,001,182 B/op   70,186 allocs/op
  [4/4]  bench  MerkleCommit/sha512_256/Item1000/Count10000  3,373,439 ns/op ±1%   13,001,133 B/op ±0%   70,186 allocs/op ±0%    4.63s
  [1/4]  bench  MerkleCommit/sha512_256/Item1000/Count100000  29,012,133 ns/op   129,666,061 B/op   700,279 allocs/op
  [2/4]  bench  MerkleCommit/sha512_256/Item1000/Count100000  28,942,679 ns/op   129,665,818 B/op   700,277 allocs/op
  [3/4]  bench  MerkleCommit/sha512_256/Item1000/Count100000  28,848,772 ns/op   129,665,850 B/op   700,277 allocs/op
  [4/4]  bench  MerkleCommit/sha512_256/Item1000/Count100000  28,851,386 ns/op ±1%   129,665,857 B/op ±0%   700,277 allocs/op ±0%    3.52s
  [1/4]  bench  MerkleCommit/sha512_256/Item100000/Count10  330,514 ns/op   1,072,398 B/op   117 allocs/op
  [2/4]  bench  MerkleCommit/sha512_256/Item100000/Count10  329,550 ns/op   1,072,399 B/op   117 allocs/op
  [3/4]  bench  MerkleCommit/sha512_256/Item100000/Count10  330,131 ns/op   1,072,394 B/op   117 allocs/op
  [4/4]  bench  MerkleCommit/sha512_256/Item100000/Count10  329,641 ns/op ±0%   1,072,396 B/op ±0%   117 allocs/op    3.69s
  [1/4]  bench  MerkleCommit/sha512_256/Item100000/Count100  1,972,862 ns/op   10,685,817 B/op   781 allocs/op
  [2/4]  bench  MerkleCommit/sha512_256/Item100000/Count100  1,962,350 ns/op   10,685,844 B/op   781 allocs/op
  [3/4]  bench  MerkleCommit/sha512_256/Item100000/Count100  1,966,624 ns/op   10,685,840 B/op   781 allocs/op
  [4/4]  bench  MerkleCommit/sha512_256/Item100000/Count100  1,958,664 ns/op ±1%   10,685,840 B/op ±0%   781 allocs/op    4.17s
  [1/4]  bench  MerkleCommit/sha512_256/Item100000/Count1000  18,029,866 ns/op   106,782,847 B/op   7,114 allocs/op
  [2/4]  bench  MerkleCommit/sha512_256/Item100000/Count1000  17,835,582 ns/op   106,782,783 B/op   7,114 allocs/op
  [3/4]  bench  MerkleCommit/sha512_256/Item100000/Count1000  17,785,205 ns/op   106,782,685 B/op   7,113 allocs/op
  [4/4]  bench  MerkleCommit/sha512_256/Item100000/Count1000  17,746,096 ns/op ±1%   106,782,640 B/op ±0%   7,112 allocs/op ±0%    3.62s
  [1/4]  bench  MerkleCommit/sha512_256/Item100000/Count10000  165,595,476 ns/op   1,067,733,288 B/op   70,249 allocs/op
  [2/4]  bench  MerkleCommit/sha512_256/Item100000/Count10000  163,707,015 ns/op   1,067,733,133 B/op   70,246 allocs/op
  [3/4]  bench  MerkleCommit/sha512_256/Item100000/Count10000  163,344,214 ns/op   1,067,732,323 B/op   70,239 allocs/op
  [4/4]  bench  MerkleCommit/sha512_256/Item100000/Count10000  162,708,631 ns/op ±1%   1,067,732,322 B/op ±0%   70,239 allocs/op ±0%    4.85s
  [1/4]  bench  MerkleCommit/sha512_256/Item100000/Count100000  1,351,611,833 ns/op   10,676,946,840 B/op   700,713 allocs/op
  [2/4]  bench  MerkleCommit/sha512_256/Item100000/Count100000  1,347,769,917 ns/op   10,676,937,808 B/op   700,626 allocs/op
  [3/4]  bench  MerkleCommit/sha512_256/Item100000/Count100000  1,330,687,291 ns/op   10,676,931,661 B/op   700,581 allocs/op
  [4/4]  bench  MerkleCommit/sha512_256/Item100000/Count100000  1,323,167,531 ns/op ±2%   10,676,928,916 B/op ±0%   700,560 allocs/op ±0%    3.94s
  [1/4]  bench  MerkleCommit/sumhash/Item10/Count10   52,814 ns/op   16,788 B/op   217 allocs/op
  [2/4]  bench  MerkleCommit/sumhash/Item10/Count10   52,720 ns/op   16,788 B/op   217 allocs/op
  [3/4]  bench  MerkleCommit/sumhash/Item10/Count10   52,734 ns/op   16,787 B/op   217 allocs/op
  [4/4]  bench  MerkleCommit/sumhash/Item10/Count10   52,743 ns/op ±0%   16,788 B/op ±0%   217 allocs/op    5.19s
  [1/4]  bench  MerkleCommit/sumhash/Item10/Count100  241,296 ns/op   134,850 B/op   1,723 allocs/op
  [2/4]  bench  MerkleCommit/sumhash/Item10/Count100  240,466 ns/op   134,864 B/op   1,723 allocs/op
  [3/4]  bench  MerkleCommit/sumhash/Item10/Count100  241,347 ns/op   134,851 B/op   1,723 allocs/op
  [4/4]  bench  MerkleCommit/sumhash/Item10/Count100  241,115 ns/op ±1%   134,859 B/op ±0%   1,723 allocs/op ±0%    3.65s
  [1/4]  bench  MerkleCommit/sumhash/Item10/Count1000  1,075,858 ns/op   1,268,852 B/op   16,241 allocs/op
  [2/4]  bench  MerkleCommit/sumhash/Item10/Count1000  1,072,217 ns/op   1,268,857 B/op   16,242 allocs/op
  [3/4]  bench  MerkleCommit/sumhash/Item10/Count1000  1,069,758 ns/op   1,268,868 B/op   16,242 allocs/op
  [4/4]  bench  MerkleCommit/sumhash/Item10/Count1000  1,073,202 ns/op ±1%   1,268,839 B/op ±0%   16,242 allocs/op ±0%    3.86s
  [1/4]  bench  MerkleCommit/sumhash/Item10/Count10000  6,501,478 ns/op   12,538,011 B/op   160,466 allocs/op
  [2/4]  bench  MerkleCommit/sumhash/Item10/Count10000  6,450,506 ns/op   12,538,269 B/op   160,469 allocs/op
  [3/4]  bench  MerkleCommit/sumhash/Item10/Count10000  6,453,544 ns/op   12,538,315 B/op   160,470 allocs/op
  [4/4]  bench  MerkleCommit/sumhash/Item10/Count10000  6,468,202 ns/op ±1%   12,538,239 B/op ±0%   160,469 allocs/op ±0%    5.53s
  [1/4]  bench  MerkleCommit/sumhash/Item10/Count100000  50,931,968 ns/op   124,885,538 B/op   1,600,649 allocs/op
  [2/4]  bench  MerkleCommit/sumhash/Item10/Count100000  51,104,775 ns/op   124,885,453 B/op   1,600,649 allocs/op
  [3/4]  bench  MerkleCommit/sumhash/Item10/Count100000  50,850,382 ns/op   124,885,649 B/op   1,600,651 allocs/op
  [4/4]  bench  MerkleCommit/sumhash/Item10/Count100000  50,688,887 ns/op ±1%   124,885,740 B/op ±0%   1,600,652 allocs/op ±0%    3.51s
  [1/4]  bench  MerkleCommit/sumhash/Item1000/Count10  109,692 ns/op   28,659 B/op   233 allocs/op
  [2/4]  bench  MerkleCommit/sumhash/Item1000/Count10  108,975 ns/op   28,663 B/op   233 allocs/op
  [3/4]  bench  MerkleCommit/sumhash/Item1000/Count10  108,952 ns/op   28,662 B/op   233 allocs/op
  [4/4]  bench  MerkleCommit/sumhash/Item1000/Count10  108,945 ns/op ±1%   28,664 B/op ±0%   233 allocs/op    3.29s
  [1/4]  bench  MerkleCommit/sumhash/Item1000/Count100  459,081 ns/op   250,210 B/op   1,844 allocs/op
  [2/4]  bench  MerkleCommit/sumhash/Item1000/Count100  461,862 ns/op   250,196 B/op   1,844 allocs/op
  [3/4]  bench  MerkleCommit/sumhash/Item1000/Count100  461,204 ns/op   250,208 B/op   1,844 allocs/op
  [4/4]  bench  MerkleCommit/sumhash/Item1000/Count100  462,711 ns/op ±1%   250,195 B/op ±0%   1,844 allocs/op ±0%    3.78s
  [1/4]  bench  MerkleCommit/sumhash/Item1000/Count1000  2,529,061 ns/op   2,406,641 B/op   17,263 allocs/op
  [2/4]  bench  MerkleCommit/sumhash/Item1000/Count1000  2,555,549 ns/op   2,406,466 B/op   17,261 allocs/op
  [3/4]  bench  MerkleCommit/sumhash/Item1000/Count1000  2,544,308 ns/op   2,406,516 B/op   17,262 allocs/op
  [4/4]  bench  MerkleCommit/sumhash/Item1000/Count1000  2,542,884 ns/op ±1%   2,406,523 B/op ±0%   17,262 allocs/op ±0%    4.3s
  [1/4]  bench  MerkleCommit/sumhash/Item1000/Count10000  19,909,969 ns/op   23,898,702 B/op   170,473 allocs/op
  [2/4]  bench  MerkleCommit/sumhash/Item1000/Count10000  20,177,861 ns/op   23,898,654 B/op   170,473 allocs/op
  [3/4]  bench  MerkleCommit/sumhash/Item1000/Count10000  20,095,515 ns/op   23,898,742 B/op   170,474 allocs/op
  [4/4]  bench  MerkleCommit/sumhash/Item1000/Count10000  20,154,529 ns/op ±1%   23,898,689 B/op ±0%   170,473 allocs/op ±0%    3.66s
  [1/4]  bench  MerkleCommit/sumhash/Item1000/Count100000  176,086,778 ns/op   238,487,000 B/op   1,700,659 allocs/op
  [2/4]  bench  MerkleCommit/sumhash/Item1000/Count100000  179,206,834 ns/op   238,486,747 B/op   1,700,658 allocs/op
  [3/4]  bench  MerkleCommit/sumhash/Item1000/Count100000  178,021,155 ns/op   238,487,036 B/op   1,700,661 allocs/op
  [4/4]  bench  MerkleCommit/sumhash/Item1000/Count100000  179,160,254 ns/op ±2%   238,487,092 B/op ±0%   1,700,661 allocs/op ±0%    3.78s
  [1/4]  bench  MerkleCommit/sumhash/Item100000/Count10  2,046,008 ns/op   1,085,615 B/op   259 allocs/op
  [2/4]  bench  MerkleCommit/sumhash/Item100000/Count10  2,076,347 ns/op   1,085,597 B/op   259 allocs/op
  [3/4]  bench  MerkleCommit/sumhash/Item100000/Count10  2,065,039 ns/op   1,085,604 B/op   259 allocs/op
  [4/4]  bench  MerkleCommit/sumhash/Item100000/Count10  2,072,470 ns/op ±2%   1,085,599 B/op ±0%   259 allocs/op    4.27s
  [1/4]  bench  MerkleCommit/sumhash/Item100000/Count100  14,832,706 ns/op   10,798,704 B/op   1,857 allocs/op
  [2/4]  bench  MerkleCommit/sumhash/Item100000/Count100  14,931,402 ns/op   10,798,669 B/op   1,857 allocs/op
  [3/4]  bench  MerkleCommit/sumhash/Item100000/Count100  15,009,941 ns/op   10,798,657 B/op   1,857 allocs/op
  [4/4]  bench  MerkleCommit/sumhash/Item100000/Count100  14,975,643 ns/op ±1%   10,798,656 B/op ±0%   1,857 allocs/op    3.6s
  [1/4]  bench  MerkleCommit/sumhash/Item100000/Count1000  135,579,792 ns/op   107,879,220 B/op   17,262 allocs/op
  [2/4]  bench  MerkleCommit/sumhash/Item100000/Count1000  134,845,821 ns/op   107,879,163 B/op   17,261 allocs/op
  [3/4]  bench  MerkleCommit/sumhash/Item100000/Count1000  135,105,802 ns/op   107,878,927 B/op   17,258 allocs/op
  [4/4]  bench  MerkleCommit/sumhash/Item100000/Count1000  134,075,516 ns/op ±2%   107,879,013 B/op ±0%   17,260 allocs/op ±0%    3.6s
  [1/4]  bench  MerkleCommit/sumhash/Item100000/Count10000  1,302,012,333 ns/op   1,078,627,016 B/op   170,509 allocs/op
  [2/4]  bench  MerkleCommit/sumhash/Item100000/Count10000  1,290,827,042 ns/op   1,078,626,848 B/op   170,499 allocs/op
  [3/4]  bench  MerkleCommit/sumhash/Item100000/Count10000  1,295,667,555 ns/op   1,078,627,299 B/op   170,507 allocs/op
  [4/4]  bench  MerkleCommit/sumhash/Item100000/Count10000  1,292,240,375 ns/op ±1%   1,078,626,936 B/op ±0%   170,504 allocs/op ±0%    3.86s
  [1/4]  bench  MerkleCommit/sumhash/Item100000/Count100000  12,716,708,459 ns/op   10,785,725,240 B/op   1,700,739 allocs/op
  [2/4]  bench  MerkleCommit/sumhash/Item100000/Count100000  12,649,236,730 ns/op   10,785,726,128 B/op   1,700,738 allocs/op
  [3/4]  bench  MerkleCommit/sumhash/Item100000/Count100000  12,617,774,486 ns/op   10,785,726,365 B/op   1,700,733 allocs/op
  [4/4]  bench  MerkleCommit/sumhash/Item100000/Count100000  12,565,706,594 ns/op ±1%   10,785,724,876 B/op ±0%   1,700,717 allocs/op ±0%    37.55s
  [1/4]  bench  MerkleCommit/sha256/Item10/Count10    9,240 ns/op   5,514 B/op   107 allocs/op
  [2/4]  bench  MerkleCommit/sha256/Item10/Count10    9,209 ns/op   5,514 B/op   107 allocs/op
  [3/4]  bench  MerkleCommit/sha256/Item10/Count10    9,158 ns/op   5,514 B/op   107 allocs/op
  [4/4]  bench  MerkleCommit/sha256/Item10/Count10    9,183 ns/op ±1%   5,514 B/op   107 allocs/op    4.02s
  [1/4]  bench  MerkleCommit/sha256/Item10/Count100   44,295 ns/op   33,555 B/op   759 allocs/op
  [2/4]  bench  MerkleCommit/sha256/Item10/Count100   44,466 ns/op   33,551 B/op   759 allocs/op
  [3/4]  bench  MerkleCommit/sha256/Item10/Count100   44,711 ns/op   33,545 B/op   759 allocs/op
  [4/4]  bench  MerkleCommit/sha256/Item10/Count100   44,680 ns/op ±1%   33,546 B/op ±0%   759 allocs/op    4.98s
  [1/4]  bench  MerkleCommit/sha256/Item10/Count1000  215,254 ns/op   296,458 B/op   7,087 allocs/op
  [2/4]  bench  MerkleCommit/sha256/Item10/Count1000  214,331 ns/op   296,465 B/op   7,087 allocs/op
  [3/4]  bench  MerkleCommit/sha256/Item10/Count1000  214,858 ns/op   296,457 B/op   7,087 allocs/op
  [4/4]  bench  MerkleCommit/sha256/Item10/Count1000  214,621 ns/op ±1%   296,462 B/op ±0%   7,087 allocs/op    3.65s
  [1/4]  bench  MerkleCommit/sha256/Item10/Count10000  1,110,262 ns/op   2,914,615 B/op   70,176 allocs/op
  [2/4]  bench  MerkleCommit/sha256/Item10/Count10000  1,101,970 ns/op   2,914,638 B/op   70,176 allocs/op
  [3/4]  bench  MerkleCommit/sha256/Item10/Count10000  1,106,588 ns/op   2,914,609 B/op   70,176 allocs/op
  [4/4]  bench  MerkleCommit/sha256/Item10/Count10000  1,103,819 ns/op ±1%   2,914,621 B/op ±0%   70,176 allocs/op ±0%    3.97s
  [1/4]  bench  MerkleCommit/sha256/Item10/Count100000  6,976,815 ns/op   28,855,971 B/op   700,271 allocs/op
  [2/4]  bench  MerkleCommit/sha256/Item10/Count100000  6,968,524 ns/op   28,856,097 B/op   700,272 allocs/op
  [3/4]  bench  MerkleCommit/sha256/Item10/Count100000  6,952,491 ns/op   28,856,125 B/op   700,272 allocs/op
  [4/4]  bench  MerkleCommit/sha256/Item10/Count100000  6,981,418 ns/op ±1%   28,856,097 B/op ±0%   700,272 allocs/op ±0%    5.7s
  [1/4]  bench  MerkleCommit/sha256/Item1000/Count10  16,205 ns/op   15,654 B/op   107 allocs/op
  [2/4]  bench  MerkleCommit/sha256/Item1000/Count10  16,257 ns/op   15,653 B/op   107 allocs/op
  [3/4]  bench  MerkleCommit/sha256/Item1000/Count10  16,114 ns/op   15,654 B/op   107 allocs/op
  [4/4]  bench  MerkleCommit/sha256/Item1000/Count10  16,042 ns/op ±2%   15,654 B/op ±0%   107 allocs/op    4.04s
  [1/4]  bench  MerkleCommit/sha256/Item1000/Count100  79,032 ns/op   134,551 B/op   761 allocs/op
  [2/4]  bench  MerkleCommit/sha256/Item1000/Count100  79,008 ns/op   134,556 B/op   761 allocs/op
  [3/4]  bench  MerkleCommit/sha256/Item1000/Count100  78,022 ns/op   134,557 B/op   761 allocs/op
  [4/4]  bench  MerkleCommit/sha256/Item1000/Count100  77,747 ns/op ±2%   134,557 B/op ±0%   761 allocs/op    5.94s
  [1/4]  bench  MerkleCommit/sha256/Item1000/Count1000  421,307 ns/op   1,305,493 B/op   7,097 allocs/op
  [2/4]  bench  MerkleCommit/sha256/Item1000/Count1000  424,576 ns/op   1,305,478 B/op   7,097 allocs/op
  [3/4]  bench  MerkleCommit/sha256/Item1000/Count1000  423,667 ns/op   1,305,486 B/op   7,097 allocs/op
  [4/4]  bench  MerkleCommit/sha256/Item1000/Count1000  423,521 ns/op ±1%   1,305,481 B/op ±0%   7,097 allocs/op    3.76s
  [1/4]  bench  MerkleCommit/sha256/Item1000/Count10000  2,843,328 ns/op   12,995,214 B/op   70,181 allocs/op
  [2/4]  bench  MerkleCommit/sha256/Item1000/Count10000  2,930,177 ns/op   12,995,212 B/op   70,181 allocs/op
  [3/4]  bench  MerkleCommit/sha256/Item1000/Count10000  2,923,827 ns/op   12,995,216 B/op   70,181 allocs/op
  [4/4]  bench  MerkleCommit/sha256/Item1000/Count10000  2,932,296 ns/op ±3%   12,995,205 B/op ±0%   70,181 allocs/op    4.46s
  [1/4]  bench  MerkleCommit/sha256/Item1000/Count100000  26,639,225 ns/op   129,655,761 B/op   700,266 allocs/op
  [2/4]  bench  MerkleCommit/sha256/Item1000/Count100000  27,251,588 ns/op   129,655,974 B/op   700,268 allocs/op
  [3/4]  bench  MerkleCommit/sha256/Item1000/Count100000  27,190,607 ns/op   129,656,052 B/op   700,269 allocs/op
  [4/4]  bench  MerkleCommit/sha256/Item1000/Count100000  27,208,992 ns/op ±2%   129,656,064 B/op ±0%   700,269 allocs/op ±0%    3.73s
  [1/4]  bench  MerkleCommit/sha256/Item100000/Count10  232,224 ns/op   1,071,219 B/op   115 allocs/op
  [2/4]  bench  MerkleCommit/sha256/Item100000/Count10  231,954 ns/op   1,071,221 B/op   115 allocs/op
  [3/4]  bench  MerkleCommit/sha256/Item100000/Count10  232,785 ns/op   1,071,219 B/op   115 allocs/op
  [4/4]  bench  MerkleCommit/sha256/Item100000/Count10  232,417 ns/op ±1%   1,071,219 B/op ±0%   115 allocs/op    3.73s
  [1/4]  bench  MerkleCommit/sha256/Item100000/Count100  1,499,111 ns/op   10,683,695 B/op   779 allocs/op
  [2/4]  bench  MerkleCommit/sha256/Item100000/Count100  1,505,271 ns/op   10,683,698 B/op   779 allocs/op
  [3/4]  bench  MerkleCommit/sha256/Item100000/Count100  1,507,717 ns/op   10,683,708 B/op   779 allocs/op
  [4/4]  bench  MerkleCommit/sha256/Item100000/Count100  1,504,506 ns/op ±1%   10,683,709 B/op ±0%   780 allocs/op ±0%    4.07s
  [1/4]  bench  MerkleCommit/sha256/Item100000/Count1000  14,538,829 ns/op   106,779,419 B/op   7,109 allocs/op
  [2/4]  bench  MerkleCommit/sha256/Item100000/Count1000  14,356,513 ns/op   106,779,491 B/op   7,110 allocs/op
  [3/4]  bench  MerkleCommit/sha256/Item100000/Count1000  14,415,867 ns/op   106,779,448 B/op   7,109 allocs/op
  [4/4]  bench  MerkleCommit/sha256/Item100000/Count1000  14,394,454 ns/op ±1%   106,779,422 B/op ±0%   7,109 allocs/op ±0%    3.63s
  [1/4]  bench  MerkleCommit/sha256/Item100000/Count10000  127,860,266 ns/op   1,067,726,612 B/op   70,238 allocs/op
  [2/4]  bench  MerkleCommit/sha256/Item100000/Count10000  129,472,839 ns/op   1,067,726,225 B/op   70,232 allocs/op
  [3/4]  bench  MerkleCommit/sha256/Item100000/Count10000  130,255,318 ns/op   1,067,726,551 B/op   70,234 allocs/op
  [4/4]  bench  MerkleCommit/sha256/Item100000/Count10000  129,990,870 ns/op ±2%   1,067,726,262 B/op ±0%   70,232 allocs/op ±0%    3.53s
  [1/4]  bench  MerkleCommit/sha256/Item100000/Count100000  1,054,058,583 ns/op   10,676,917,480 B/op   700,548 allocs/op
  [2/4]  bench  MerkleCommit/sha256/Item100000/Count100000  1,087,043,563 ns/op   10,676,919,280 B/op   700,543 allocs/op
  [3/4]  bench  MerkleCommit/sha256/Item100000/Count100000  1,081,499,361 ns/op   10,676,918,115 B/op   700,535 allocs/op
  [4/4]  bench  MerkleCommit/sha256/Item100000/Count100000  1,073,358,438 ns/op ±3%   10,676,915,780 B/op ±0%   700,521 allocs/op ±0%    3.24s
  [1/4]  bench  AppendMsgBlockHeader                  32.1 ns/op   31.1 MB/s   0.000 B/op   0.000 allocs/op
  [2/4]  bench  AppendMsgBlockHeader                  32.0 ns/op   31.2 MB/s   0.000 B/op   0.000 allocs/op
  [3/4]  bench  AppendMsgBlockHeader                  32.1 ns/op   31.2 MB/s   0.000 B/op   0.000 allocs/op
  [4/4]  bench  AppendMsgBlockHeader                  32.0 ns/op ±0%   31.2 MB/s ±0%   0.000 B/op   0.000 allocs/op    3.71s
  [1/4]  bench  AppendMsgSignedTxn                    73.9 ns/op   13.5 MB/s   0.000 B/op   0.000 allocs/op
  [2/4]  bench  AppendMsgSignedTxn                    74.2 ns/op   13.5 MB/s   0.000 B/op   0.000 allocs/op
  [3/4]  bench  AppendMsgSignedTxn                    74.1 ns/op   13.5 MB/s   0.000 B/op   0.000 allocs/op
  [4/4]  bench  AppendMsgSignedTxn                    74.3 ns/op ±0%   13.5 MB/s ±0%   0.000 B/op   0.000 allocs/op    3.84s
  [1/4]  bench  PaysetGroups                          5,730 ns/op   132,299 B/op   8.00 allocs/op
  [2/4]  bench  PaysetGroups                          5,676 ns/op   131,758 B/op   8.00 allocs/op
  [3/4]  bench  PaysetGroups                          5,641 ns/op   131,709 B/op   8.00 allocs/op
  [4/4]  bench  PaysetGroups                          5,658 ns/op ±1%   132,346 B/op ±1%   8.00 allocs/op    26.39s
  [1/4]  bench  Txn                                   40,971 ns/op   9,432 B/op   12.0 allocs/op
  [2/4]  bench  Txn                                   40,930 ns/op   9,432 B/op   12.0 allocs/op
  [3/4]  bench  Txn                                   40,926 ns/op   9,431 B/op   12.0 allocs/op
  [4/4]  bench  Txn                                   40,917 ns/op ±0%   9,431 B/op ±0%   12.0 allocs/op    8.96s
  [1/4]  bench  TxHandlerProcessing/processDecoded    9,425 ns/op   3,760 B/op   32.0 allocs/op
  [2/4]  bench  TxHandlerProcessing/processDecoded    9,498 ns/op   3,760 B/op   32.0 allocs/op
  [3/4]  bench  TxHandlerProcessing/processDecoded    9,531 ns/op   3,760 B/op   32.0 allocs/op
  [4/4]  bench  TxHandlerProcessing/processDecoded    9,531 ns/op ±1%   3,760 B/op   32.0 allocs/op    9.58s
  [1/4]  bench  TxHandlerProcessing/verify.TxnGroup   41,523 ns/op   11,328 B/op   16.0 allocs/op
  [2/4]  bench  TxHandlerProcessing/verify.TxnGroup   41,716 ns/op   11,328 B/op   16.0 allocs/op
  [3/4]  bench  TxHandlerProcessing/verify.TxnGroup   41,741 ns/op   11,328 B/op   16.0 allocs/op
  [4/4]  bench  TxHandlerProcessing/verify.TxnGroup   41,677 ns/op ±1%   11,328 B/op   16.0 allocs/op    6.55s
  [1/4]  bench  CompactDeltas/account-deltas          1,603,145 ns/op   4,149,955 B/op   0.000 allocs/op
  [2/4]  bench  CompactDeltas/account-deltas          1,520,100 ns/op   4,144,370 B/op   0.000 allocs/op
  [3/4]  bench  CompactDeltas/account-deltas          1,492,959 ns/op   4,141,582 B/op   0.000 allocs/op
  [4/4]  bench  CompactDeltas/account-deltas          1,470,798 ns/op ±7%   4,137,708 B/op ±0%   0.000 allocs/op    17.44s
