  [1/4]  bench  MerkleCommit/sha512_256/Item10/Count10  14,005 ns/op   6,081 B/op   107 allocs/op
  [2/4]  bench  MerkleCommit/sha512_256/Item10/Count10  14,014 ns/op   6,081 B/op   107 allocs/op
  [3/4]  bench  MerkleCommit/sha512_256/Item10/Count10  13,979 ns/op   6,082 B/op   107 allocs/op
  [4/4]  bench  MerkleCommit/sha512_256/Item10/Count10  14,000 ns/op ±1%   6,082 B/op ±0%   107 allocs/op    4s
  [1/4]  bench  MerkleCommit/sha512_256/Item10/Count100  53,480 ns/op   34,683 B/op   761 allocs/op
  [2/4]  bench  MerkleCommit/sha512_256/Item10/Count100  54,162 ns/op   34,671 B/op   761 allocs/op
  [3/4]  bench  MerkleCommit/sha512_256/Item10/Count100  53,901 ns/op   34,672 B/op   761 allocs/op
  [4/4]  bench  MerkleCommit/sha512_256/Item10/Count100  53,896 ns/op ±1%   34,675 B/op ±0%   761 allocs/op ±0%    5.23s
  [1/4]  bench  MerkleCommit/sha512_256/Item10/Count1000  253,133 ns/op   299,056 B/op   7,091 allocs/op
  [2/4]  bench  MerkleCommit/sha512_256/Item10/Count1000  255,111 ns/op   299,037 B/op   7,091 allocs/op
  [3/4]  bench  MerkleCommit/sha512_256/Item10/Count1000  254,426 ns/op   299,047 B/op   7,091 allocs/op
  [4/4]  bench  MerkleCommit/sha512_256/Item10/Count1000  254,865 ns/op ±1%   299,038 B/op ±0%   7,091 allocs/op    3.68s
  [1/4]  bench  MerkleCommit/sha512_256/Item10/Count10000  1,283,264 ns/op   2,920,636 B/op   70,183 allocs/op
  [2/4]  bench  MerkleCommit/sha512_256/Item10/Count10000  1,319,870 ns/op   2,920,278 B/op   70,181 allocs/op
  [3/4]  bench  MerkleCommit/sha512_256/Item10/Count10000  1,319,502 ns/op   2,920,303 B/op   70,181 allocs/op
  [4/4]  bench  MerkleCommit/sha512_256/Item10/Count10000  1,324,969 ns/op ±3%   2,920,299 B/op ±0%   70,181 allocs/op ±0%    4.11s
  [1/4]  bench  MerkleCommit/sha512_256/Item10/Count100000  7,922,402 ns/op   28,866,281 B/op   700,281 allocs/op
  [2/4]  bench  MerkleCommit/sha512_256/Item10/Count100000  7,975,145 ns/op   28,866,217 B/op   700,281 allocs/op
  [3/4]  bench  MerkleCommit/sha512_256/Item10/Count100000  7,985,512 ns/op   28,866,277 B/op   700,281 allocs/op
  [4/4]  bench  MerkleCommit/sha512_256/Item10/Count100000  8,264,503 ns/op ±7%   28,865,892 B/op ±0%   700,279 allocs/op ±0%    6.19s
  [1/4]  bench  MerkleCommit/sha512_256/Item1000/Count10  22,222 ns/op   16,253 B/op   108 allocs/op
  [2/4]  bench  MerkleCommit/sha512_256/Item1000/Count10  22,408 ns/op   16,250 B/op   108 allocs/op
  [3/4]  bench  MerkleCommit/sha512_256/Item1000/Count10  22,453 ns/op   16,252 B/op   108 allocs/op
  [4/4]  bench  MerkleCommit/sha512_256/Item1000/Count10  22,461 ns/op ±1%   16,251 B/op ±0%   108 allocs/op    4.26s
  [1/4]  bench  MerkleCommit/sha512_256/Item1000/Count100  99,897 ns/op   135,810 B/op   763 allocs/op
  [2/4]  bench  MerkleCommit/sha512_256/Item1000/Count100  98,626 ns/op   135,853 B/op   763 allocs/op
  [3/4]  bench  MerkleCommit/sha512_256/Item1000/Count100  98,018 ns/op   135,873 B/op   763 allocs/op
  [4/4]  bench  MerkleCommit/sha512_256/Item1000/Count100  97,736 ns/op ±2%   135,881 B/op ±0%   763 allocs/op    6.53s
  [1/4]  bench  MerkleCommit/sha512_256/Item1000/Count1000  492,597 ns/op   1,308,517 B/op   7,101 allocs/op
  [2/4]  bench  MerkleCommit/sha512_256/Item1000/Count1000  495,972 ns/op   1,308,474 B/op   7,101 allocs/op
  [3/4]  bench  MerkleCommit/sha512_256/Item1000/Count1000  493,945 ns/op   1,308,492 B/op   7,101 allocs/op
  [4/4]  bench  MerkleCommit/sha512_256/Item1000/Count1000  496,243 ns/op ±1%   1,308,454 B/op ±0%   7,100 allocs/op ±0%    3.71s
  [1/4]  bench  MerkleCommit/sha512_256/Item1000/Count10000  3,392,922 ns/op   13,001,062 B/op   70,186 allocs/op
  [2/4]  bench  MerkleCommit/sha512_256/Item1000/Count10000  3,394,728 ns/op   13,001,077 B/op   70,186 allocs/op
  [3/4]  bench  MerkleCommit/sha512_256/Item1000/Count10000  3,379,766 ns/op   13,001,088 B/op   70,186 allocs/op
  [4/4]  bench  MerkleCommit/sha512_256/Item1000/Count10000  3,385,271 ns/op ±1%   13,001,124 B/op ±0%   70,186 allocs/op ±0%    4.55s
  [1/4]  bench  MerkleCommit/sha512_256/Item1000/Count100000  28,837,078 ns/op   129,665,549 B/op   700,275 allocs/op
  [2/4]  bench  MerkleCommit/sha512_256/Item1000/Count100000  29,263,764 ns/op   129,665,525 B/op   700,275 allocs/op
  [3/4]  bench  MerkleCommit/sha512_256/Item1000/Count100000  29,299,730 ns/op   129,665,544 B/op   700,275 allocs/op
  [4/4]  bench  MerkleCommit/sha512_256/Item1000/Count100000  29,361,041 ns/op ±1%   129,665,550 B/op ±0%   700,276 allocs/op ±0%    3.67s
  [1/4]  bench  MerkleCommit/sha512_256/Item100000/Count10  327,785 ns/op   1,072,404 B/op   117 allocs/op
  [2/4]  bench  MerkleCommit/sha512_256/Item100000/Count10  325,704 ns/op   1,072,380 B/op   117 allocs/op
  [3/4]  bench  MerkleCommit/sha512_256/Item100000/Count10  324,868 ns/op   1,072,381 B/op   117 allocs/op
  [4/4]  bench  MerkleCommit/sha512_256/Item100000/Count10  326,687 ns/op ±1%   1,072,383 B/op ±0%   117 allocs/op    3.73s
  [1/4]  bench  MerkleCommit/sha512_256/Item100000/Count100  1,947,976 ns/op   10,685,847 B/op   781 allocs/op
  [2/4]  bench  MerkleCommit/sha512_256/Item100000/Count100  1,984,122 ns/op   10,685,844 B/op   781 allocs/op
  [3/4]  bench  MerkleCommit/sha512_256/Item100000/Count100  1,975,237 ns/op   10,685,852 B/op   781 allocs/op
  [4/4]  bench  MerkleCommit/sha512_256/Item100000/Count100  1,971,378 ns/op ±2%   10,685,835 B/op ±0%   781 allocs/op    4.25s
  [1/4]  bench  MerkleCommit/sha512_256/Item100000/Count1000  17,564,020 ns/op   106,782,705 B/op   7,113 allocs/op
  [2/4]  bench  MerkleCommit/sha512_256/Item100000/Count1000  17,826,492 ns/op   106,782,636 B/op   7,113 allocs/op
  [3/4]  bench  MerkleCommit/sha512_256/Item100000/Count1000  17,789,612 ns/op   106,782,616 B/op   7,112 allocs/op
  [4/4]  bench  MerkleCommit/sha512_256/Item100000/Count1000  17,812,049 ns/op ±1%   106,782,573 B/op ±0%   7,112 allocs/op ±0%    3.42s
  [1/4]  bench  MerkleCommit/sha512_256/Item100000/Count10000  164,026,952 ns/op   1,067,732,074 B/op   70,234 allocs/op
  [2/4]  bench  MerkleCommit/sha512_256/Item100000/Count10000  166,330,408 ns/op   1,067,731,974 B/op   70,233 allocs/op
  [3/4]  bench  MerkleCommit/sha512_256/Item100000/Count10000  165,131,256 ns/op   1,067,732,126 B/op   70,234 allocs/op
  [4/4]  bench  MerkleCommit/sha512_256/Item100000/Count10000  163,896,080 ns/op ±3%   1,067,732,340 B/op ±0%   70,238 allocs/op ±0%    3.91s
  [1/4]  bench  MerkleCommit/sha512_256/Item100000/Count100000  1,261,067,583 ns/op   10,676,919,800 B/op   700,511 allocs/op
  [2/4]  bench  MerkleCommit/sha512_256/Item100000/Count100000  1,306,174,021 ns/op   10,676,925,056 B/op   700,548 allocs/op
  [3/4]  bench  MerkleCommit/sha512_256/Item100000/Count100000  1,336,066,764 ns/op   10,676,926,707 B/op   700,539 allocs/op
  [4/4]  bench  MerkleCommit/sha512_256/Item100000/Count100000  1,350,353,740 ns/op ±5%   10,676,928,788 B/op ±0%   700,548 allocs/op ±0%    4.14s
  [1/4]  bench  MerkleCommit/sumhash/Item10/Count10   51,965 ns/op   16,756 B/op   216 allocs/op
  [2/4]  bench  MerkleCommit/sumhash/Item10/Count10   52,134 ns/op   16,774 B/op   217 allocs/op
  [3/4]  bench  MerkleCommit/sumhash/Item10/Count10   52,081 ns/op   16,779 B/op   217 allocs/op
  [4/4]  bench  MerkleCommit/sumhash/Item10/Count10   52,074 ns/op ±0%   16,778 B/op ±0%   217 allocs/op ±0%    5.21s
  [1/4]  bench  MerkleCommit/sumhash/Item10/Count100  237,437 ns/op   134,861 B/op   1,723 allocs/op
  [2/4]  bench  MerkleCommit/sumhash/Item10/Count100  238,887 ns/op   134,841 B/op   1,723 allocs/op
  [3/4]  bench  MerkleCommit/sumhash/Item10/Count100  238,868 ns/op   134,856 B/op   1,723 allocs/op
  [4/4]  bench  MerkleCommit/sumhash/Item10/Count100  238,514 ns/op ±1%   134,859 B/op ±0%   1,723 allocs/op ±0%    3.64s
  [1/4]  bench  MerkleCommit/sumhash/Item10/Count1000  1,077,867 ns/op   1,268,833 B/op   16,242 allocs/op
  [2/4]  bench  MerkleCommit/sumhash/Item10/Count1000  1,084,345 ns/op   1,268,672 B/op   16,240 allocs/op
  [3/4]  bench  MerkleCommit/sumhash/Item10/Count1000  1,096,842 ns/op   1,268,532 B/op   16,238 allocs/op
  [4/4]  bench  MerkleCommit/sumhash/Item10/Count1000  1,089,862 ns/op ±2%   1,268,638 B/op ±0%   16,240 allocs/op ±0%    3.87s
  [1/4]  bench  MerkleCommit/sumhash/Item10/Count10000  6,562,282 ns/op   12,537,782 B/op   160,464 allocs/op
  [2/4]  bench  MerkleCommit/sumhash/Item10/Count10000  6,601,755 ns/op   12,537,722 B/op   160,463 allocs/op
  [3/4]  bench  MerkleCommit/sumhash/Item10/Count10000  6,546,023 ns/op   12,538,039 B/op   160,467 allocs/op
  [4/4]  bench  MerkleCommit/sumhash/Item10/Count10000  6,529,142 ns/op ±2%   12,538,102 B/op ±0%   160,468 allocs/op ±0%    5.54s
  [1/4]  bench  MerkleCommit/sumhash/Item10/Count100000  50,088,688 ns/op   124,885,964 B/op   1,600,654 allocs/op
  [2/4]  bench  MerkleCommit/sumhash/Item10/Count100000  51,227,759 ns/op   124,885,876 B/op   1,600,653 allocs/op
  [3/4]  bench  MerkleCommit/sumhash/Item10/Count100000  51,020,777 ns/op   124,885,982 B/op   1,600,654 allocs/op
  [4/4]  bench  MerkleCommit/sumhash/Item10/Count100000  51,779,381 ns/op ±4%   124,885,545 B/op ±0%   1,600,649 allocs/op ±0%    3.67s
  [1/4]  bench  MerkleCommit/sumhash/Item1000/Count10  107,554 ns/op   28,658 B/op   233 allocs/op
  [2/4]  bench  MerkleCommit/sumhash/Item1000/Count10  106,787 ns/op   28,650 B/op   233 allocs/op
  [3/4]  bench  MerkleCommit/sumhash/Item1000/Count10  107,399 ns/op   28,648 B/op   233 allocs/op
  [4/4]  bench  MerkleCommit/sumhash/Item1000/Count10  106,923 ns/op ±1%   28,646 B/op ±0%   233 allocs/op    3.23s
  [1/4]  bench  MerkleCommit/sumhash/Item1000/Count100  477,336 ns/op   249,958 B/op   1,841 allocs/op
  [2/4]  bench  MerkleCommit/sumhash/Item1000/Count100  469,423 ns/op   250,053 B/op   1,842 allocs/op
  [3/4]  bench  MerkleCommit/sumhash/Item1000/Count100  466,939 ns/op   250,075 B/op   1,842 allocs/op
  [4/4]  bench  MerkleCommit/sumhash/Item1000/Count100  465,095 ns/op ±2%   250,093 B/op ±0%   1,843 allocs/op ±0%    3.77s
  [1/4]  bench  MerkleCommit/sumhash/Item1000/Count1000  2,581,451 ns/op   2,406,039 B/op   17,256 allocs/op
  [2/4]  bench  MerkleCommit/sumhash/Item1000/Count1000  2,543,573 ns/op   2,406,326 B/op   17,260 allocs/op
  [3/4]  bench  MerkleCommit/sumhash/Item1000/Count1000  2,544,036 ns/op   2,406,276 B/op   17,259 allocs/op
  [4/4]  bench  MerkleCommit/sumhash/Item1000/Count1000  2,534,521 ns/op ±1%   2,406,356 B/op ±0%   17,260 allocs/op ±0%    4.38s
  [1/4]  bench  MerkleCommit/sumhash/Item1000/Count10000  20,016,592 ns/op   23,898,544 B/op   170,470 allocs/op
  [2/4]  bench  MerkleCommit/sumhash/Item1000/Count10000  19,823,111 ns/op   23,898,644 B/op   170,472 allocs/op
  [3/4]  bench  MerkleCommit/sumhash/Item1000/Count10000  19,909,157 ns/op   23,898,608 B/op   170,472 allocs/op
  [4/4]  bench  MerkleCommit/sumhash/Item1000/Count10000  19,937,838 ns/op ±1%   23,898,641 B/op ±0%   170,472 allocs/op ±0%    3.72s
  [1/4]  bench  MerkleCommit/sumhash/Item1000/Count100000  178,707,312 ns/op   238,486,101 B/op   1,700,651 allocs/op
  [2/4]  bench  MerkleCommit/sumhash/Item1000/Count100000  176,868,295 ns/op   238,486,452 B/op   1,700,655 allocs/op
  [3/4]  bench  MerkleCommit/sumhash/Item1000/Count100000  176,047,018 ns/op   238,486,455 B/op   1,700,654 allocs/op
  [4/4]  bench  MerkleCommit/sumhash/Item1000/Count100000  175,855,273 ns/op ±1%   238,486,882 B/op ±0%   1,700,657 allocs/op ±0%    3.7s
  [1/4]  bench  MerkleCommit/sumhash/Item100000/Count10  2,070,092 ns/op   1,085,589 B/op   259 allocs/op
  [2/4]  bench  MerkleCommit/sumhash/Item100000/Count10  2,067,502 ns/op   1,085,592 B/op   259 allocs/op
  [3/4]  bench  MerkleCommit/sumhash/Item100000/Count10  2,062,792 ns/op   1,085,596 B/op   259 allocs/op
  [4/4]  bench  MerkleCommit/sumhash/Item100000/Count10  2,062,417 ns/op ±0%   1,085,596 B/op ±0%   259 allocs/op    4s
  [1/4]  bench  MerkleCommit/sumhash/Item100000/Count100  14,873,677 ns/op   10,798,691 B/op   1,858 allocs/op
  [2/4]  bench  MerkleCommit/sumhash/Item100000/Count100  15,108,666 ns/op   10,798,648 B/op   1,858 allocs/op
  [3/4]  bench  MerkleCommit/sumhash/Item100000/Count100  15,037,703 ns/op   10,798,641 B/op   1,857 allocs/op
  [4/4]  bench  MerkleCommit/sumhash/Item100000/Count100  15,084,152 ns/op ±2%   10,798,612 B/op ±0%   1,857 allocs/op ±0%    3.67s
  [1/4]  bench  MerkleCommit/sumhash/Item100000/Count1000  133,428,312 ns/op   107,879,072 B/op   17,258 allocs/op
  [2/4]  bench  MerkleCommit/sumhash/Item100000/Count1000  135,025,325 ns/op   107,878,963 B/op   17,257 allocs/op
  [3/4]  bench  MerkleCommit/sumhash/Item100000/Count1000  134,472,868 ns/op   107,878,940 B/op   17,257 allocs/op
  [4/4]  bench  MerkleCommit/sumhash/Item100000/Count1000  133,623,983 ns/op ±2%   107,878,946 B/op ±0%   17,258 allocs/op ±0%    3.61s
  [1/4]  bench  MerkleCommit/sumhash/Item100000/Count10000  1,321,953,292 ns/op   1,078,623,336 B/op   170,468 allocs/op
  [2/4]  bench  MerkleCommit/sumhash/Item100000/Count10000  1,293,294,417 ns/op   1,078,624,608 B/op   170,486 allocs/op
  [3/4]  bench  MerkleCommit/sumhash/Item100000/Count10000  1,309,352,389 ns/op   1,078,624,285 B/op   170,483 allocs/op
  [4/4]  bench  MerkleCommit/sumhash/Item100000/Count10000  1,307,309,927 ns/op ±3%   1,078,624,740 B/op ±0%   170,487 allocs/op ±0%    3.9s
  [1/4]  bench  MerkleCommit/sumhash/Item100000/Count100000  12,795,776,333 ns/op   10,785,731,048 B/op   1,700,790 allocs/op
  [2/4]  bench  MerkleCommit/sumhash/Item100000/Count100000  12,767,828,458 ns/op   10,785,727,536 B/op   1,700,756 allocs/op
  [3/4]  bench  MerkleCommit/sumhash/Item100000/Count100000  12,721,807,292 ns/op   10,785,728,163 B/op   1,700,763 allocs/op
  [4/4]  bench  MerkleCommit/sumhash/Item100000/Count100000  12,647,221,719 ns/op ±1%   10,785,729,088 B/op ±0%   1,700,771 allocs/op ±0%    37.79s
  [1/4]  bench  MerkleCommit/sha256/Item10/Count10    8,800 ns/op   5,514 B/op   107 allocs/op
  [2/4]  bench  MerkleCommit/sha256/Item10/Count10    8,780 ns/op   5,514 B/op   107 allocs/op
  [3/4]  bench  MerkleCommit/sha256/Item10/Count10    8,798 ns/op   5,514 B/op   107 allocs/op
  [4/4]  bench  MerkleCommit/sha256/Item10/Count10    8,720 ns/op ±2%   5,514 B/op ±0%   107 allocs/op    3.81s
  [1/4]  bench  MerkleCommit/sha256/Item10/Count100   42,807 ns/op   33,541 B/op   759 allocs/op
  [2/4]  bench  MerkleCommit/sha256/Item10/Count100   42,099 ns/op   33,551 B/op   759 allocs/op
  [3/4]  bench  MerkleCommit/sha256/Item10/Count100   42,425 ns/op   33,545 B/op   759 allocs/op
  [4/4]  bench  MerkleCommit/sha256/Item10/Count100   42,531 ns/op ±2%   33,544 B/op ±0%   759 allocs/op    4.95s
  [1/4]  bench  MerkleCommit/sha256/Item10/Count1000  214,562 ns/op   296,453 B/op   7,087 allocs/op
  [2/4]  bench  MerkleCommit/sha256/Item10/Count1000  213,451 ns/op   296,460 B/op   7,087 allocs/op
  [3/4]  bench  MerkleCommit/sha256/Item10/Count1000  214,976 ns/op   296,448 B/op   7,087 allocs/op
  [4/4]  bench  MerkleCommit/sha256/Item10/Count1000  214,550 ns/op ±1%   296,453 B/op ±0%   7,087 allocs/op    3.66s
  [1/4]  bench  MerkleCommit/sha256/Item10/Count10000  1,112,471 ns/op   2,914,500 B/op   70,175 allocs/op
  [2/4]  bench  MerkleCommit/sha256/Item10/Count10000  1,103,960 ns/op   2,914,602 B/op   70,176 allocs/op
  [3/4]  bench  MerkleCommit/sha256/Item10/Count10000  1,107,141 ns/op   2,914,581 B/op   70,176 allocs/op
  [4/4]  bench  MerkleCommit/sha256/Item10/Count10000  1,103,149 ns/op ±1%   2,914,588 B/op ±0%   70,176 allocs/op ±0%    3.96s
  [1/4]  bench  MerkleCommit/sha256/Item10/Count100000  7,273,594 ns/op   28,855,961 B/op   700,271 allocs/op
  [2/4]  bench  MerkleCommit/sha256/Item10/Count100000  7,322,286 ns/op   28,855,732 B/op   700,269 allocs/op
  [3/4]  bench  MerkleCommit/sha256/Item10/Count100000  7,479,026 ns/op   28,855,602 B/op   700,267 allocs/op
  [4/4]  bench  MerkleCommit/sha256/Item10/Count100000  7,555,143 ns/op ±3%   28,855,591 B/op ±0%   700,267 allocs/op ±0%    5.93s
  [1/4]  bench  MerkleCommit/sha256/Item1000/Count10  15,560 ns/op   15,646 B/op   107 allocs/op
  [2/4]  bench  MerkleCommit/sha256/Item1000/Count10  15,292 ns/op   15,646 B/op   107 allocs/op
  [3/4]  bench  MerkleCommit/sha256/Item1000/Count10  15,535 ns/op   15,648 B/op   107 allocs/op
  [4/4]  bench  MerkleCommit/sha256/Item1000/Count10  15,499 ns/op ±3%   15,651 B/op ±0%   107 allocs/op    4.21s
  [1/4]  bench  MerkleCommit/sha256/Item1000/Count100  79,426 ns/op   134,520 B/op   761 allocs/op
  [2/4]  bench  MerkleCommit/sha256/Item1000/Count100  79,631 ns/op   134,531 B/op   761 allocs/op
  [3/4]  bench  MerkleCommit/sha256/Item1000/Count100  78,925 ns/op   134,542 B/op   761 allocs/op
  [4/4]  bench  MerkleCommit/sha256/Item1000/Count100  78,071 ns/op ±3%   134,547 B/op ±0%   761 allocs/op    5.92s
  [1/4]  bench  MerkleCommit/sha256/Item1000/Count1000  442,395 ns/op   1,305,371 B/op   7,096 allocs/op
  [2/4]  bench  MerkleCommit/sha256/Item1000/Count1000  431,958 ns/op   1,305,430 B/op   7,097 allocs/op
  [3/4]  bench  MerkleCommit/sha256/Item1000/Count1000  431,112 ns/op   1,305,442 B/op   7,097 allocs/op
  [4/4]  bench  MerkleCommit/sha256/Item1000/Count1000  429,155 ns/op ±2%   1,305,446 B/op ±0%   7,097 allocs/op ±0%    3.67s
  [1/4]  bench  MerkleCommit/sha256/Item1000/Count10000  2,897,076 ns/op   12,995,116 B/op   70,180 allocs/op
  [2/4]  bench  MerkleCommit/sha256/Item1000/Count10000  2,914,424 ns/op   12,995,176 B/op   70,181 allocs/op
  [3/4]  bench  MerkleCommit/sha256/Item1000/Count10000  2,946,129 ns/op   12,995,179 B/op   70,181 allocs/op
  [4/4]  bench  MerkleCommit/sha256/Item1000/Count10000  2,956,362 ns/op ±2%   12,995,221 B/op ±0%   70,181 allocs/op ±0%    4.55s
  [1/4]  bench  MerkleCommit/sha256/Item1000/Count100000  27,322,984 ns/op   129,655,941 B/op   700,268 allocs/op
  [2/4]  bench  MerkleCommit/sha256/Item1000/Count100000  27,322,936 ns/op   129,656,082 B/op   700,270 allocs/op
  [3/4]  bench  MerkleCommit/sha256/Item1000/Count100000  27,417,439 ns/op   129,656,065 B/op   700,269 allocs/op
  [4/4]  bench  MerkleCommit/sha256/Item1000/Count100000  27,384,564 ns/op ±1%   129,656,110 B/op ±0%   700,270 allocs/op ±0%    3.67s
  [1/4]  bench  MerkleCommit/sha256/Item100000/Count10  234,280 ns/op   1,071,232 B/op   115 allocs/op
  [2/4]  bench  MerkleCommit/sha256/Item100000/Count10  235,544 ns/op   1,071,229 B/op   115 allocs/op
  [3/4]  bench  MerkleCommit/sha256/Item100000/Count10  235,306 ns/op   1,071,230 B/op   115 allocs/op
  [4/4]  bench  MerkleCommit/sha256/Item100000/Count10  236,385 ns/op ±1%   1,071,229 B/op ±0%   115 allocs/op    3.72s
  [1/4]  bench  MerkleCommit/sha256/Item100000/Count100  1,497,995 ns/op   10,683,719 B/op   780 allocs/op
  [2/4]  bench  MerkleCommit/sha256/Item100000/Count100  1,511,636 ns/op   10,683,716 B/op   780 allocs/op
  [3/4]  bench  MerkleCommit/sha256/Item100000/Count100  1,513,101 ns/op   10,683,719 B/op   780 allocs/op
  [4/4]  bench  MerkleCommit/sha256/Item100000/Count100  1,517,527 ns/op ±1%   10,683,719 B/op ±0%   780 allocs/op    4.1s
  [1/4]  bench  MerkleCommit/sha256/Item100000/Count1000  14,420,896 ns/op   106,779,382 B/op   7,108 allocs/op
  [2/4]  bench  MerkleCommit/sha256/Item100000/Count1000  14,460,650 ns/op   106,779,493 B/op   7,110 allocs/op
  [3/4]  bench  MerkleCommit/sha256/Item100000/Count1000  14,435,419 ns/op   106,779,521 B/op   7,110 allocs/op
  [4/4]  bench  MerkleCommit/sha256/Item100000/Count1000  14,460,173 ns/op ±1%   106,779,521 B/op ±0%   7,110 allocs/op ±0%    3.64s
  [1/4]  bench  MerkleCommit/sha256/Item100000/Count10000  133,754,943 ns/op   1,067,727,066 B/op   70,237 allocs/op
  [2/4]  bench  MerkleCommit/sha256/Item100000/Count10000  134,937,013 ns/op   1,067,727,154 B/op   70,238 allocs/op
  [3/4]  bench  MerkleCommit/sha256/Item100000/Count10000  134,346,818 ns/op   1,067,727,445 B/op   70,241 allocs/op
  [4/4]  bench  MerkleCommit/sha256/Item100000/Count10000  134,652,901 ns/op ±1%   1,067,727,281 B/op ±0%   70,240 allocs/op ±0%    4.58s
  [1/4]  bench  MerkleCommit/sha256/Item100000/Count100000  1,120,566,083 ns/op   10,676,919,416 B/op   700,511 allocs/op
  [2/4]  bench  MerkleCommit/sha256/Item100000/Count100000  1,133,149,854 ns/op   10,676,921,832 B/op   700,528 allocs/op
  [3/4]  bench  MerkleCommit/sha256/Item100000/Count100000  1,123,793,778 ns/op   10,676,922,643 B/op   700,537 allocs/op
  [4/4]  bench  MerkleCommit/sha256/Item100000/Count100000  1,126,022,000 ns/op ±2%   10,676,923,028 B/op ±0%   700,542 allocs/op ±0%    3.38s
  [1/4]  bench  AppendMsgBlockHeader                  32.2 ns/op   31.0 MB/s   0.000 B/op   0.000 allocs/op
  [2/4]  bench  AppendMsgBlockHeader                  32.0 ns/op   31.2 MB/s   0.000 B/op   0.000 allocs/op
  [3/4]  bench  AppendMsgBlockHeader                  32.1 ns/op   31.2 MB/s   0.000 B/op   0.000 allocs/op
  [4/4]  bench  AppendMsgBlockHeader                  32.0 ns/op ±0%   31.2 MB/s ±1%   0.000 B/op   0.000 allocs/op    3.71s
  [1/4]  bench  AppendMsgSignedTxn                    74.0 ns/op   13.5 MB/s   0.000 B/op   0.000 allocs/op
  [2/4]  bench  AppendMsgSignedTxn                    74.1 ns/op   13.5 MB/s   0.000 B/op   0.000 allocs/op
  [3/4]  bench  AppendMsgSignedTxn                    74.3 ns/op   13.5 MB/s   0.000 B/op   0.000 allocs/op
  [4/4]  bench  AppendMsgSignedTxn                    74.2 ns/op ±0%   13.5 MB/s ±0%   0.000 B/op   0.000 allocs/op    3.85s
  [1/4]  bench  PaysetGroups                          5,600 ns/op   130,886 B/op   8.00 allocs/op
  [2/4]  bench  PaysetGroups                          5,626 ns/op   132,006 B/op   8.00 allocs/op
  [3/4]  bench  PaysetGroups                          5,590 ns/op   126,178 B/op   8.00 allocs/op
  [4/4]  bench  PaysetGroups                          5,601 ns/op ±1%   126,723 B/op ±7%   8.00 allocs/op    25.13s
  [1/4]  bench  Txn                                   41,269 ns/op   9,430 B/op   12.0 allocs/op
  [2/4]  bench  Txn                                   41,222 ns/op   9,430 B/op   12.0 allocs/op
  [3/4]  bench  Txn                                   41,275 ns/op   9,430 B/op   12.0 allocs/op
  [4/4]  bench  Txn                                   41,199 ns/op ±0%   9,430 B/op ±0%   12.0 allocs/op    9.05s
  [1/4]  bench  TxHandlerProcessing/processDecoded    9,433 ns/op   3,760 B/op   32.0 allocs/op
  [2/4]  bench  TxHandlerProcessing/processDecoded    9,537 ns/op   3,760 B/op   32.0 allocs/op
  [3/4]  bench  TxHandlerProcessing/processDecoded    9,823 ns/op   3,760 B/op   32.0 allocs/op
  [4/4]  bench  TxHandlerProcessing/processDecoded    9,785 ns/op ±5%   3,760 B/op   32.0 allocs/op    9.36s
  [1/4]  bench  TxHandlerProcessing/verify.TxnGroup   41,158 ns/op   11,328 B/op   16.0 allocs/op
  [2/4]  bench  TxHandlerProcessing/verify.TxnGroup   41,380 ns/op   11,328 B/op   16.0 allocs/op
  [3/4]  bench  TxHandlerProcessing/verify.TxnGroup   41,422 ns/op   11,328 B/op   16.0 allocs/op
  [4/4]  bench  TxHandlerProcessing/verify.TxnGroup   41,399 ns/op ±1%   11,328 B/op   16.0 allocs/op    6.56s
  [1/4]  bench  CompactDeltas/account-deltas          1,547,177 ns/op   4,126,526 B/op   0.000 allocs/op
  [2/4]  bench  CompactDeltas/account-deltas          1,479,362 ns/op   4,129,214 B/op   0.000 allocs/op
  [3/4]  bench  CompactDeltas/account-deltas          1,455,270 ns/op   4,129,210 B/op   0.000 allocs/op
  [4/4]  bench  CompactDeltas/account-deltas          1,443,208 ns/op ±5%   4,127,774 B/op ±0%   0.000 allocs/op    17.43s
