  [1/4]  bench  MerkleCommit/sha512_256/Item10/Count10  13,851 ns/op   6,079 B/op   107 allocs/op
  [2/4]  bench  MerkleCommit/sha512_256/Item10/Count10  13,808 ns/op   6,081 B/op   107 allocs/op
  [3/4]  bench  MerkleCommit/sha512_256/Item10/Count10  13,812 ns/op   6,081 B/op   107 allocs/op
  [4/4]  bench  MerkleCommit/sha512_256/Item10/Count10  13,837 ns/op ±1%   6,081 B/op ±0%   107 allocs/op    3.9s
  [1/4]  bench  MerkleCommit/sha512_256/Item10/Count100  54,434 ns/op   34,674 B/op   761 allocs/op
  [2/4]  bench  MerkleCommit/sha512_256/Item10/Count100  53,979 ns/op   34,678 B/op   761 allocs/op
  [3/4]  bench  MerkleCommit/sha512_256/Item10/Count100  54,258 ns/op   34,673 B/op   761 allocs/op
  [4/4]  bench  MerkleCommit/sha512_256/Item10/Count100  54,148 ns/op ±1%   34,674 B/op ±0%   761 allocs/op ±0%    5.24s
  [1/4]  bench  MerkleCommit/sha512_256/Item10/Count1000  254,991 ns/op   299,042 B/op   7,091 allocs/op
  [2/4]  bench  MerkleCommit/sha512_256/Item10/Count1000  254,896 ns/op   299,045 B/op   7,091 allocs/op
  [3/4]  bench  MerkleCommit/sha512_256/Item10/Count1000  255,709 ns/op   299,035 B/op   7,091 allocs/op
  [4/4]  bench  MerkleCommit/sha512_256/Item10/Count1000  255,288 ns/op ±1%   299,040 B/op ±0%   7,091 allocs/op    3.68s
  [1/4]  bench  MerkleCommit/sha512_256/Item10/Count10000  1,291,185 ns/op   2,920,504 B/op   70,182 allocs/op
  [2/4]  bench  MerkleCommit/sha512_256/Item10/Count10000  1,286,122 ns/op   2,920,590 B/op   70,183 allocs/op
  [3/4]  bench  MerkleCommit/sha512_256/Item10/Count10000  1,290,192 ns/op   2,920,564 B/op   70,182 allocs/op
  [4/4]  bench  MerkleCommit/sha512_256/Item10/Count10000  1,288,035 ns/op ±1%   2,920,592 B/op ±0%   70,183 allocs/op ±0%    4.01s
  [1/4]  bench  MerkleCommit/sha512_256/Item10/Count100000  7,950,822 ns/op   28,866,268 B/op   700,280 allocs/op
  [2/4]  bench  MerkleCommit/sha512_256/Item10/Count100000  8,049,938 ns/op   28,865,863 B/op   700,278 allocs/op
  [3/4]  bench  MerkleCommit/sha512_256/Item10/Count100000  7,970,395 ns/op   28,866,107 B/op   700,279 allocs/op
  [4/4]  bench  MerkleCommit/sha512_256/Item10/Count100000  7,934,383 ns/op ±2%   28,866,237 B/op ±0%   700,280 allocs/op ±0%    5.98s
  [1/4]  bench  MerkleCommit/sha512_256/Item1000/Count10  22,854 ns/op   16,252 B/op   108 allocs/op
  [2/4]  bench  MerkleCommit/sha512_256/Item1000/Count10  22,618 ns/op   16,255 B/op   108 allocs/op
  [3/4]  bench  MerkleCommit/sha512_256/Item1000/Count10  22,651 ns/op   16,254 B/op   108 allocs/op
  [4/4]  bench  MerkleCommit/sha512_256/Item1000/Count10  22,503 ns/op ±2%   16,255 B/op ±0%   108 allocs/op    4.29s
  [1/4]  bench  MerkleCommit/sha512_256/Item1000/Count100  96,056 ns/op   135,916 B/op   763 allocs/op
  [2/4]  bench  MerkleCommit/sha512_256/Item1000/Count100  96,733 ns/op   135,909 B/op   763 allocs/op
  [3/4]  bench  MerkleCommit/sha512_256/Item1000/Count100  96,958 ns/op   135,900 B/op   763 allocs/op
  [4/4]  bench  MerkleCommit/sha512_256/Item1000/Count100  96,660 ns/op ±1%   135,902 B/op ±0%   763 allocs/op    6.54s
  [1/4]  bench  MerkleCommit/sha512_256/Item1000/Count1000  497,183 ns/op   1,308,479 B/op   7,100 allocs/op
  [2/4]  bench  MerkleCommit/sha512_256/Item1000/Count1000  495,312 ns/op   1,308,497 B/op   7,101 allocs/op
  [3/4]  bench  MerkleCommit/sha512_256/Item1000/Count1000  497,877 ns/op   1,308,489 B/op   7,100 allocs/op
  [4/4]  bench  MerkleCommit/sha512_256/Item1000/Count1000  496,725 ns/op ±1%   1,308,500 B/op ±0%   7,101 allocs/op ±0%    3.77s
  [1/4]  bench  MerkleCommit/sha512_256/Item1000/Count10000  3,292,872 ns/op   13,001,005 B/op   70,185 allocs/op
  [2/4]  bench  MerkleCommit/sha512_256/Item1000/Count10000  3,299,262 ns/op   13,001,054 B/op   70,186 allocs/op
  [3/4]  bench  MerkleCommit/sha512_256/Item1000/Count10000  3,315,497 ns/op   13,001,019 B/op   70,185 allocs/op
  [4/4]  bench  MerkleCommit/sha512_256/Item1000/Count10000  3,321,638 ns/op ±1%   13,001,057 B/op ±0%   70,186 allocs/op ±0%    4.62s
  [1/4]  bench  MerkleCommit/sha512_256/Item1000/Count100000  29,471,305 ns/op   129,665,640 B/op   700,275 allocs/op
  [2/4]  bench  MerkleCommit/sha512_256/Item1000/Count100000  29,158,189 ns/op   129,665,816 B/op   700,277 allocs/op
  [3/4]  bench  MerkleCommit/sha512_256/Item1000/Count100000  29,114,869 ns/op   129,665,751 B/op   700,276 allocs/op
  [4/4]  bench  MerkleCommit/sha512_256/Item1000/Count100000  28,991,532 ns/op ±1%   129,665,820 B/op ±0%   700,277 allocs/op ±0%    3.49s
  [1/4]  bench  MerkleCommit/sha512_256/Item100000/Count10  331,035 ns/op   1,072,385 B/op   117 allocs/op
  [2/4]  bench  MerkleCommit/sha512_256/Item100000/Count10  330,673 ns/op   1,072,399 B/op   117 allocs/op
  [3/4]  bench  MerkleCommit/sha512_256/Item100000/Count10  330,852 ns/op   1,072,401 B/op   117 allocs/op
  [4/4]  bench  MerkleCommit/sha512_256/Item100000/Count10  330,226 ns/op ±0%   1,072,402 B/op ±0%   117 allocs/op    3.7s
  [1/4]  bench  MerkleCommit/sha512_256/Item100000/Count100  1,947,711 ns/op   10,685,829 B/op   781 allocs/op
  [2/4]  bench  MerkleCommit/sha512_256/Item100000/Count100  1,937,451 ns/op   10,685,838 B/op   781 allocs/op
  [3/4]  bench  MerkleCommit/sha512_256/Item100000/Count100  1,945,547 ns/op   10,685,834 B/op   781 allocs/op
  [4/4]  bench  MerkleCommit/sha512_256/Item100000/Count100  1,944,921 ns/op ±1%   10,685,836 B/op ±0%   781 allocs/op    4.14s
  [1/4]  bench  MerkleCommit/sha512_256/Item100000/Count1000  17,806,132 ns/op   106,782,797 B/op   7,114 allocs/op
  [2/4]  bench  MerkleCommit/sha512_256/Item100000/Count1000  17,932,869 ns/op   106,782,717 B/op   7,113 allocs/op
  [3/4]  bench  MerkleCommit/sha512_256/Item100000/Count1000  17,849,575 ns/op   106,782,709 B/op   7,113 allocs/op
  [4/4]  bench  MerkleCommit/sha512_256/Item100000/Count1000  17,841,788 ns/op ±1%   106,782,642 B/op ±0%   7,113 allocs/op ±0%    3.44s
  [1/4]  bench  MerkleCommit/sha512_256/Item100000/Count10000  167,280,244 ns/op   1,067,732,577 B/op   70,239 allocs/op
  [2/4]  bench  MerkleCommit/sha512_256/Item100000/Count10000  165,950,485 ns/op   1,067,732,749 B/op   70,241 allocs/op
  [3/4]  bench  MerkleCommit/sha512_256/Item100000/Count10000  164,235,452 ns/op   1,067,733,451 B/op   70,248 allocs/op
  [4/4]  bench  MerkleCommit/sha512_256/Item100000/Count10000  163,886,357 ns/op ±2%   1,067,733,079 B/op ±0%   70,245 allocs/op ±0%    5.89s
  [1/4]  bench  MerkleCommit/sha512_256/Item100000/Count100000  1,361,824,500 ns/op   10,676,932,440 B/op   700,545 allocs/op
  [2/4]  bench  MerkleCommit/sha512_256/Item100000/Count100000  1,340,769,646 ns/op   10,676,929,336 B/op   700,547 allocs/op
  [3/4]  bench  MerkleCommit/sha512_256/Item100000/Count100000  1,348,685,611 ns/op   10,676,930,579 B/op   700,547 allocs/op
  [4/4]  bench  MerkleCommit/sha512_256/Item100000/Count100000  1,355,777,302 ns/op ±2%   10,676,933,712 B/op ±0%   700,576 allocs/op ±0%    4.06s
  [1/4]  bench  MerkleCommit/sumhash/Item10/Count10   52,956 ns/op   16,781 B/op   217 allocs/op
  [2/4]  bench  MerkleCommit/sumhash/Item10/Count10   52,413 ns/op   16,789 B/op   217 allocs/op
  [3/4]  bench  MerkleCommit/sumhash/Item10/Count10   52,463 ns/op   16,791 B/op   217 allocs/op
  [4/4]  bench  MerkleCommit/sumhash/Item10/Count10   52,459 ns/op ±1%   16,789 B/op ±0%   217 allocs/op    5.17s
  [1/4]  bench  MerkleCommit/sumhash/Item10/Count100  238,565 ns/op   134,876 B/op   1,723 allocs/op
  [2/4]  bench  MerkleCommit/sumhash/Item10/Count100  239,836 ns/op   134,857 B/op   1,723 allocs/op
  [3/4]  bench  MerkleCommit/sumhash/Item10/Count100  239,708 ns/op   134,864 B/op   1,723 allocs/op
  [4/4]  bench  MerkleCommit/sumhash/Item10/Count100  239,820 ns/op ±1%   134,862 B/op ±0%   1,723 allocs/op    3.69s
  [1/4]  bench  MerkleCommit/sumhash/Item10/Count1000  1,071,873 ns/op   1,268,952 B/op   16,243 allocs/op
  [2/4]  bench  MerkleCommit/sumhash/Item10/Count1000  1,071,591 ns/op   1,268,943 B/op   16,243 allocs/op
  [3/4]  bench  MerkleCommit/sumhash/Item10/Count1000  1,075,566 ns/op   1,268,870 B/op   16,242 allocs/op
  [4/4]  bench  MerkleCommit/sumhash/Item10/Count1000  1,074,311 ns/op ±1%   1,268,879 B/op ±0%   16,242 allocs/op ±0%    3.93s
  [1/4]  bench  MerkleCommit/sumhash/Item10/Count10000  6,474,942 ns/op   12,538,704 B/op   160,474 allocs/op
  [2/4]  bench  MerkleCommit/sumhash/Item10/Count10000  6,576,607 ns/op   12,538,249 B/op   160,469 allocs/op
  [3/4]  bench  MerkleCommit/sumhash/Item10/Count10000  6,515,646 ns/op   12,538,326 B/op   160,470 allocs/op
  [4/4]  bench  MerkleCommit/sumhash/Item10/Count10000  6,495,823 ns/op ±2%   12,538,400 B/op ±0%   160,471 allocs/op ±0%    5.54s
  [1/4]  bench  MerkleCommit/sumhash/Item10/Count100000  51,410,057 ns/op   124,885,767 B/op   1,600,652 allocs/op
  [2/4]  bench  MerkleCommit/sumhash/Item10/Count100000  51,786,906 ns/op   124,885,790 B/op   1,600,652 allocs/op
  [3/4]  bench  MerkleCommit/sumhash/Item10/Count100000  51,410,686 ns/op   124,885,961 B/op   1,600,654 allocs/op
  [4/4]  bench  MerkleCommit/sumhash/Item10/Count100000  51,537,591 ns/op ±1%   124,885,830 B/op ±0%   1,600,653 allocs/op ±0%    3.47s
  [1/4]  bench  MerkleCommit/sumhash/Item1000/Count10  106,504 ns/op   28,649 B/op   233 allocs/op
  [2/4]  bench  MerkleCommit/sumhash/Item1000/Count10  106,956 ns/op   28,642 B/op   233 allocs/op
  [3/4]  bench  MerkleCommit/sumhash/Item1000/Count10  106,453 ns/op   28,646 B/op   233 allocs/op
  [4/4]  bench  MerkleCommit/sumhash/Item1000/Count10  106,045 ns/op ±1%   28,646 B/op ±0%   233 allocs/op ±0%    3.21s
  [1/4]  bench  MerkleCommit/sumhash/Item1000/Count100  461,725 ns/op   250,145 B/op   1,843 allocs/op
  [2/4]  bench  MerkleCommit/sumhash/Item1000/Count100  460,269 ns/op   250,188 B/op   1,844 allocs/op
  [3/4]  bench  MerkleCommit/sumhash/Item1000/Count100  461,716 ns/op   250,173 B/op   1,843 allocs/op
  [4/4]  bench  MerkleCommit/sumhash/Item1000/Count100  460,855 ns/op ±1%   250,188 B/op ±0%   1,844 allocs/op ±0%    3.77s
  [1/4]  bench  MerkleCommit/sumhash/Item1000/Count1000  2,569,947 ns/op   2,406,278 B/op   17,259 allocs/op
  [2/4]  bench  MerkleCommit/sumhash/Item1000/Count1000  2,541,169 ns/op   2,406,483 B/op   17,262 allocs/op
  [3/4]  bench  MerkleCommit/sumhash/Item1000/Count1000  2,561,273 ns/op   2,406,374 B/op   17,260 allocs/op
  [4/4]  bench  MerkleCommit/sumhash/Item1000/Count1000  2,551,331 ns/op ±2%   2,406,433 B/op ±0%   17,261 allocs/op ±0%    4.38s
  [1/4]  bench  MerkleCommit/sumhash/Item1000/Count10000  20,146,450 ns/op   23,898,549 B/op   170,472 allocs/op
  [2/4]  bench  MerkleCommit/sumhash/Item1000/Count10000  19,886,899 ns/op   23,898,656 B/op   170,473 allocs/op
  [3/4]  bench  MerkleCommit/sumhash/Item1000/Count10000  19,957,585 ns/op   23,898,565 B/op   170,472 allocs/op
  [4/4]  bench  MerkleCommit/sumhash/Item1000/Count10000  19,887,139 ns/op ±1%   23,898,633 B/op ±0%   170,473 allocs/op ±0%    3.76s
  [1/4]  bench  MerkleCommit/sumhash/Item1000/Count100000  182,204,146 ns/op   238,486,805 B/op   1,700,659 allocs/op
  [2/4]  bench  MerkleCommit/sumhash/Item1000/Count100000  178,506,573 ns/op   238,487,523 B/op   1,700,667 allocs/op
  [3/4]  bench  MerkleCommit/sumhash/Item1000/Count100000  178,880,167 ns/op   238,486,881 B/op   1,700,659 allocs/op
  [4/4]  bench  MerkleCommit/sumhash/Item1000/Count100000  177,893,297 ns/op ±2%   238,486,941 B/op ±0%   1,700,660 allocs/op ±0%    3.72s
  [1/4]  bench  MerkleCommit/sumhash/Item100000/Count10  2,113,770 ns/op   1,085,593 B/op   259 allocs/op
  [2/4]  bench  MerkleCommit/sumhash/Item100000/Count10  2,090,141 ns/op   1,085,601 B/op   259 allocs/op
  [3/4]  bench  MerkleCommit/sumhash/Item100000/Count10  2,097,448 ns/op   1,085,595 B/op   259 allocs/op
  [4/4]  bench  MerkleCommit/sumhash/Item100000/Count10  2,089,279 ns/op ±1%   1,085,590 B/op ±0%   259 allocs/op    4.14s
  [1/4]  bench  MerkleCommit/sumhash/Item100000/Count100  14,943,977 ns/op   10,798,663 B/op   1,857 allocs/op
  [2/4]  bench  MerkleCommit/sumhash/Item100000/Count100  15,207,017 ns/op   10,798,644 B/op   1,857 allocs/op
  [3/4]  bench  MerkleCommit/sumhash/Item100000/Count100  15,152,379 ns/op   10,798,638 B/op   1,857 allocs/op
  [4/4]  bench  MerkleCommit/sumhash/Item100000/Count100  15,215,781 ns/op ±2%   10,798,623 B/op ±0%   1,857 allocs/op    3.67s
  [1/4]  bench  MerkleCommit/sumhash/Item100000/Count1000  135,622,995 ns/op   107,879,114 B/op   17,261 allocs/op
  [2/4]  bench  MerkleCommit/sumhash/Item100000/Count1000  136,297,776 ns/op   107,878,898 B/op   17,258 allocs/op
  [3/4]  bench  MerkleCommit/sumhash/Item100000/Count1000  135,587,215 ns/op   107,878,897 B/op   17,258 allocs/op
  [4/4]  bench  MerkleCommit/sumhash/Item100000/Count1000  136,104,084 ns/op ±1%   107,878,815 B/op ±0%   17,257 allocs/op ±0%    3.66s
  [1/4]  bench  MerkleCommit/sumhash/Item100000/Count10000  1,284,321,833 ns/op   1,078,626,216 B/op   170,488 allocs/op
  [2/4]  bench  MerkleCommit/sumhash/Item100000/Count10000  1,296,158,292 ns/op   1,078,625,888 B/op   170,487 allocs/op
  [3/4]  bench  MerkleCommit/sumhash/Item100000/Count10000  1,301,259,972 ns/op   1,078,626,371 B/op   170,490 allocs/op
  [4/4]  bench  MerkleCommit/sumhash/Item100000/Count10000  1,298,611,959 ns/op ±1%   1,078,624,884 B/op ±0%   170,475 allocs/op ±0%    3.91s
  [1/4]  bench  MerkleCommit/sumhash/Item100000/Count100000  12,838,060,791 ns/op   10,785,726,728 B/op   1,700,736 allocs/op
  [2/4]  bench  MerkleCommit/sumhash/Item100000/Count100000  12,825,404,979 ns/op   10,785,727,984 B/op   1,700,740 allocs/op
  [3/4]  bench  MerkleCommit/sumhash/Item100000/Count100000  12,764,580,472 ns/op   10,785,728,253 B/op   1,700,748 allocs/op
  [4/4]  bench  MerkleCommit/sumhash/Item100000/Count100000  12,705,140,584 ns/op ±1%   10,785,728,260 B/op ±0%   1,700,747 allocs/op ±0%    37.98s
  [1/4]  bench  MerkleCommit/sha256/Item10/Count10    9,171 ns/op   5,514 B/op   107 allocs/op
  [2/4]  bench  MerkleCommit/sha256/Item10/Count10    8,890 ns/op   5,514 B/op   107 allocs/op
  [3/4]  bench  MerkleCommit/sha256/Item10/Count10    8,923 ns/op   5,514 B/op   107 allocs/op
  [4/4]  bench  MerkleCommit/sha256/Item10/Count10    8,851 ns/op ±3%   5,514 B/op ±0%   107 allocs/op    3.76s
  [1/4]  bench  MerkleCommit/sha256/Item10/Count100   43,317 ns/op   33,540 B/op   759 allocs/op
  [2/4]  bench  MerkleCommit/sha256/Item10/Count100   42,283 ns/op   33,552 B/op   760 allocs/op
  [3/4]  bench  MerkleCommit/sha256/Item10/Count100   42,006 ns/op   33,554 B/op   759 allocs/op
  [4/4]  bench  MerkleCommit/sha256/Item10/Count100   42,100 ns/op ±2%   33,553 B/op ±0%   759 allocs/op ±0%    4.81s
  [1/4]  bench  MerkleCommit/sha256/Item10/Count1000  212,472 ns/op   296,471 B/op   7,087 allocs/op
  [2/4]  bench  MerkleCommit/sha256/Item10/Count1000  212,751 ns/op   296,458 B/op   7,087 allocs/op
  [3/4]  bench  MerkleCommit/sha256/Item10/Count1000  213,154 ns/op   296,455 B/op   7,087 allocs/op
  [4/4]  bench  MerkleCommit/sha256/Item10/Count1000  212,886 ns/op ±0%   296,456 B/op ±0%   7,087 allocs/op    3.59s
  [1/4]  bench  MerkleCommit/sha256/Item10/Count10000  1,109,443 ns/op   2,914,542 B/op   70,175 allocs/op
  [2/4]  bench  MerkleCommit/sha256/Item10/Count10000  1,102,376 ns/op   2,914,600 B/op   70,176 allocs/op
  [3/4]  bench  MerkleCommit/sha256/Item10/Count10000  1,103,734 ns/op   2,914,558 B/op   70,175 allocs/op
  [4/4]  bench  MerkleCommit/sha256/Item10/Count10000  1,102,771 ns/op ±1%   2,914,590 B/op ±0%   70,175 allocs/op ±0%    3.94s
  [1/4]  bench  MerkleCommit/sha256/Item10/Count100000  6,944,893 ns/op   28,856,141 B/op   700,272 allocs/op
  [2/4]  bench  MerkleCommit/sha256/Item10/Count100000  7,009,156 ns/op   28,856,020 B/op   700,271 allocs/op
  [3/4]  bench  MerkleCommit/sha256/Item10/Count100000  6,999,087 ns/op   28,856,104 B/op   700,272 allocs/op
  [4/4]  bench  MerkleCommit/sha256/Item10/Count100000  7,004,434 ns/op ±1%   28,856,134 B/op ±0%   700,272 allocs/op ±0%    5.7s
  [1/4]  bench  MerkleCommit/sha256/Item1000/Count10  15,780 ns/op   15,654 B/op   107 allocs/op
  [2/4]  bench  MerkleCommit/sha256/Item1000/Count10  15,461 ns/op   15,656 B/op   107 allocs/op
  [3/4]  bench  MerkleCommit/sha256/Item1000/Count10  15,359 ns/op   15,657 B/op   107 allocs/op
  [4/4]  bench  MerkleCommit/sha256/Item1000/Count10  15,307 ns/op ±2%   15,658 B/op ±0%   107 allocs/op    3.96s
  [1/4]  bench  MerkleCommit/sha256/Item1000/Count100  78,058 ns/op   134,552 B/op   761 allocs/op
  [2/4]  bench  MerkleCommit/sha256/Item1000/Count100  75,927 ns/op   134,556 B/op   761 allocs/op
  [3/4]  bench  MerkleCommit/sha256/Item1000/Count100  75,443 ns/op   134,557 B/op   761 allocs/op
  [4/4]  bench  MerkleCommit/sha256/Item1000/Count100  76,011 ns/op ±3%   134,555 B/op ±0%   761 allocs/op    5.88s
  [1/4]  bench  MerkleCommit/sha256/Item1000/Count1000  419,121 ns/op   1,305,497 B/op   7,097 allocs/op
  [2/4]  bench  MerkleCommit/sha256/Item1000/Count1000  423,029 ns/op   1,305,463 B/op   7,097 allocs/op
  [3/4]  bench  MerkleCommit/sha256/Item1000/Count1000  422,885 ns/op   1,305,478 B/op   7,097 allocs/op
  [4/4]  bench  MerkleCommit/sha256/Item1000/Count1000  423,009 ns/op ±1%   1,305,471 B/op ±0%   7,097 allocs/op ±0%    3.75s
  [1/4]  bench  MerkleCommit/sha256/Item1000/Count10000  2,968,740 ns/op   12,995,300 B/op   70,182 allocs/op
  [2/4]  bench  MerkleCommit/sha256/Item1000/Count10000  2,906,464 ns/op   12,995,219 B/op   70,181 allocs/op
  [3/4]  bench  MerkleCommit/sha256/Item1000/Count10000  2,902,346 ns/op   12,995,230 B/op   70,181 allocs/op
  [4/4]  bench  MerkleCommit/sha256/Item1000/Count10000  2,933,570 ns/op ±3%   12,995,223 B/op ±0%   70,181 allocs/op ±0%    4.4s
  [1/4]  bench  MerkleCommit/sha256/Item1000/Count100000  27,235,360 ns/op   129,656,192 B/op   700,270 allocs/op
  [2/4]  bench  MerkleCommit/sha256/Item1000/Count100000  27,265,731 ns/op   129,656,172 B/op   700,270 allocs/op
  [3/4]  bench  MerkleCommit/sha256/Item1000/Count100000  27,222,003 ns/op   129,656,152 B/op   700,270 allocs/op
  [4/4]  bench  MerkleCommit/sha256/Item1000/Count100000  27,227,776 ns/op ±0%   129,656,124 B/op ±0%   700,270 allocs/op ±0%    3.76s
  [1/4]  bench  MerkleCommit/sha256/Item100000/Count10  231,326 ns/op   1,071,223 B/op   115 allocs/op
  [2/4]  bench  MerkleCommit/sha256/Item100000/Count10  233,204 ns/op   1,071,223 B/op   115 allocs/op
  [3/4]  bench  MerkleCommit/sha256/Item100000/Count10  232,783 ns/op   1,071,222 B/op   115 allocs/op
  [4/4]  bench  MerkleCommit/sha256/Item100000/Count10  232,374 ns/op ±1%   1,071,223 B/op ±0%   115 allocs/op    3.68s
  [1/4]  bench  MerkleCommit/sha256/Item100000/Count100  1,513,817 ns/op   10,683,700 B/op   779 allocs/op
  [2/4]  bench  MerkleCommit/sha256/Item100000/Count100  1,519,995 ns/op   10,683,702 B/op   779 allocs/op
  [3/4]  bench  MerkleCommit/sha256/Item100000/Count100  1,526,301 ns/op   10,683,705 B/op   779 allocs/op
  [4/4]  bench  MerkleCommit/sha256/Item100000/Count100  1,524,256 ns/op ±1%   10,683,705 B/op ±0%   779 allocs/op ±0%    4.05s
  [1/4]  bench  MerkleCommit/sha256/Item100000/Count1000  14,573,770 ns/op   106,779,546 B/op   7,110 allocs/op
  [2/4]  bench  MerkleCommit/sha256/Item100000/Count1000  14,469,135 ns/op   106,779,546 B/op   7,110 allocs/op
  [3/4]  bench  MerkleCommit/sha256/Item100000/Count1000  14,483,260 ns/op   106,779,559 B/op   7,110 allocs/op
  [4/4]  bench  MerkleCommit/sha256/Item100000/Count1000  14,451,301 ns/op ±1%   106,779,572 B/op ±0%   7,111 allocs/op ±0%    3.64s
  [1/4]  bench  MerkleCommit/sha256/Item100000/Count10000  134,132,188 ns/op   1,067,726,298 B/op   70,233 allocs/op
  [2/4]  bench  MerkleCommit/sha256/Item100000/Count10000  132,589,990 ns/op   1,067,725,767 B/op   70,227 allocs/op
  [3/4]  bench  MerkleCommit/sha256/Item100000/Count10000  133,036,070 ns/op   1,067,726,436 B/op   70,233 allocs/op
  [4/4]  bench  MerkleCommit/sha256/Item100000/Count10000  133,487,883 ns/op ±1%   1,067,726,384 B/op ±0%   70,232 allocs/op ±0%    3.6s
  [1/4]  bench  MerkleCommit/sha256/Item100000/Count100000  1,075,683,584 ns/op   10,676,906,440 B/op   700,411 allocs/op
  [2/4]  bench  MerkleCommit/sha256/Item100000/Count100000  1,117,350,396 ns/op   10,676,915,912 B/op   700,487 allocs/op
  [3/4]  bench  MerkleCommit/sha256/Item100000/Count100000  1,125,228,764 ns/op   10,676,916,968 B/op   700,489 allocs/op
  [4/4]  bench  MerkleCommit/sha256/Item100000/Count100000  1,127,706,583 ns/op ±4%   10,676,919,708 B/op ±0%   700,516 allocs/op ±0%    3.43s
  [1/4]  bench  AppendMsgBlockHeader                  31.9 ns/op   31.4 MB/s   0.000 B/op   0.000 allocs/op
  [2/4]  bench  AppendMsgBlockHeader                  32.0 ns/op   31.2 MB/s   0.000 B/op   0.000 allocs/op
  [3/4]  bench  AppendMsgBlockHeader                  32.0 ns/op   31.3 MB/s   0.000 B/op   0.000 allocs/op
  [4/4]  bench  AppendMsgBlockHeader                  31.9 ns/op ±0%   31.3 MB/s ±0%   0.000 B/op   0.000 allocs/op    3.7s
  [1/4]  bench  AppendMsgSignedTxn                    74.0 ns/op   13.5 MB/s   0.000 B/op   0.000 allocs/op
  [2/4]  bench  AppendMsgSignedTxn                    74.4 ns/op   13.4 MB/s   0.000 B/op   0.000 allocs/op
  [3/4]  bench  AppendMsgSignedTxn                    74.6 ns/op   13.4 MB/s   0.000 B/op   0.000 allocs/op
  [4/4]  bench  AppendMsgSignedTxn                    74.6 ns/op ±1%   13.4 MB/s ±1%   0.000 B/op   0.000 allocs/op    3.85s
  [1/4]  bench  PaysetGroups                          5,807 ns/op   131,350 B/op   8.00 allocs/op
  [2/4]  bench  PaysetGroups                          5,797 ns/op   130,821 B/op   8.00 allocs/op
  [3/4]  bench  PaysetGroups                          5,758 ns/op   131,124 B/op   8.00 allocs/op
  [4/4]  bench  PaysetGroups                          5,721 ns/op ±2%   130,137 B/op ±2%   8.00 allocs/op    25.8s
  [1/4]  bench  Txn                                   41,345 ns/op   9,432 B/op   12.0 allocs/op
  [2/4]  bench  Txn                                   41,272 ns/op   9,433 B/op   12.0 allocs/op
  [3/4]  bench  Txn                                   41,273 ns/op   9,433 B/op   12.0 allocs/op
  [4/4]  bench  Txn                                   41,182 ns/op ±1%   9,433 B/op ±0%   12.0 allocs/op    9.04s
  [1/4]  bench  TxHandlerProcessing/processDecoded    9,449 ns/op   3,760 B/op   32.0 allocs/op
  [2/4]  bench  TxHandlerProcessing/processDecoded    9,469 ns/op   3,760 B/op   32.0 allocs/op
  [3/4]  bench  TxHandlerProcessing/processDecoded    9,499 ns/op   3,760 B/op   32.0 allocs/op
  [4/4]  bench  TxHandlerProcessing/processDecoded    9,506 ns/op ±1%   3,760 B/op   32.0 allocs/op    9.52s
  [1/4]  bench  TxHandlerProcessing/verify.TxnGroup   41,188 ns/op   11,328 B/op   16.0 allocs/op
  [2/4]  bench  TxHandlerProcessing/verify.TxnGroup   41,347 ns/op   11,328 B/op   16.0 allocs/op
  [3/4]  bench  TxHandlerProcessing/verify.TxnGroup   41,388 ns/op   11,328 B/op   16.0 allocs/op
  [4/4]  bench  TxHandlerProcessing/verify.TxnGroup   41,385 ns/op ±0%   11,328 B/op   16.0 allocs/op    6.55s
  [1/4]  bench  CompactDeltas/account-deltas          1,508,779 ns/op   4,142,552 B/op   0.000 allocs/op
  [2/4]  bench  CompactDeltas/account-deltas          1,467,132 ns/op   4,134,319 B/op   0.000 allocs/op
  [3/4]  bench  CompactDeltas/account-deltas          1,445,470 ns/op   4,131,428 B/op   0.000 allocs/op
  [4/4]  bench  CompactDeltas/account-deltas          1,427,839 ns/op ±5%   4,130,203 B/op ±0%   0.000 allocs/op    17.51s
