  [1/4]  bench  MerkleCommit/sha512_256/Item10/Count10  14,356 ns/op   6,087 B/op   107 allocs/op
  [2/4]  bench  MerkleCommit/sha512_256/Item10/Count10  14,344 ns/op   6,083 B/op   107 allocs/op
  [3/4]  bench  MerkleCommit/sha512_256/Item10/Count10  14,427 ns/op   6,082 B/op   107 allocs/op
  [4/4]  bench  MerkleCommit/sha512_256/Item10/Count10  14,480 ns/op ±1%   6,083 B/op ±0%   107 allocs/op    4s
  [1/4]  bench  MerkleCommit/sha512_256/Item10/Count100  55,944 ns/op   34,720 B/op   761 allocs/op
  [2/4]  bench  MerkleCommit/sha512_256/Item10/Count100  56,267 ns/op   34,710 B/op   761 allocs/op
  [3/4]  bench  MerkleCommit/sha512_256/Item10/Count100  55,953 ns/op   34,713 B/op   761 allocs/op
  [4/4]  bench  MerkleCommit/sha512_256/Item10/Count100  55,975 ns/op ±1%   34,713 B/op ±0%   761 allocs/op    5.29s
  [1/4]  bench  MerkleCommit/sha512_256/Item10/Count1000  252,590 ns/op   299,152 B/op   7,092 allocs/op
  [2/4]  bench  MerkleCommit/sha512_256/Item10/Count1000  254,482 ns/op   299,144 B/op   7,092 allocs/op
  [3/4]  bench  MerkleCommit/sha512_256/Item10/Count1000  253,829 ns/op   299,149 B/op   7,092 allocs/op
  [4/4]  bench  MerkleCommit/sha512_256/Item10/Count1000  255,549 ns/op ±2%   299,139 B/op ±0%   7,092 allocs/op ±0%    3.69s
  [1/4]  bench  MerkleCommit/sha512_256/Item10/Count10000  1,263,870 ns/op   2,920,727 B/op   70,184 allocs/op
  [2/4]  bench  MerkleCommit/sha512_256/Item10/Count10000  1,276,941 ns/op   2,920,784 B/op   70,184 allocs/op
  [3/4]  bench  MerkleCommit/sha512_256/Item10/Count10000  1,274,974 ns/op   2,920,835 B/op   70,184 allocs/op
  [4/4]  bench  MerkleCommit/sha512_256/Item10/Count10000  1,278,232 ns/op ±1%   2,920,802 B/op ±0%   70,184 allocs/op ±0%    4.02s
  [1/4]  bench  MerkleCommit/sha512_256/Item10/Count100000  7,947,665 ns/op   28,866,742 B/op   700,284 allocs/op
  [2/4]  bench  MerkleCommit/sha512_256/Item10/Count100000  7,901,514 ns/op   28,866,732 B/op   700,284 allocs/op
  [3/4]  bench  MerkleCommit/sha512_256/Item10/Count100000  7,960,693 ns/op   28,866,601 B/op   700,283 allocs/op
  [4/4]  bench  MerkleCommit/sha512_256/Item10/Count100000  8,013,561 ns/op ±2%   28,866,503 B/op ±0%   700,282 allocs/op ±0%    6.02s
  [1/4]  bench  MerkleCommit/sha512_256/Item1000/Count10  24,152 ns/op   16,269 B/op   108 allocs/op
  [2/4]  bench  MerkleCommit/sha512_256/Item1000/Count10  24,235 ns/op   16,266 B/op   108 allocs/op
  [3/4]  bench  MerkleCommit/sha512_256/Item1000/Count10  24,147 ns/op   16,267 B/op   108 allocs/op
  [4/4]  bench  MerkleCommit/sha512_256/Item1000/Count10  24,052 ns/op ±1%   16,266 B/op ±0%   108 allocs/op    4.33s
  [1/4]  bench  MerkleCommit/sha512_256/Item1000/Count100  99,660 ns/op   135,950 B/op   764 allocs/op
  [2/4]  bench  MerkleCommit/sha512_256/Item1000/Count100  99,386 ns/op   135,954 B/op   764 allocs/op
  [3/4]  bench  MerkleCommit/sha512_256/Item1000/Count100  99,619 ns/op   135,946 B/op   764 allocs/op
  [4/4]  bench  MerkleCommit/sha512_256/Item1000/Count100  99,359 ns/op ±1%   135,948 B/op ±0%   764 allocs/op    5.41s
  [1/4]  bench  MerkleCommit/sha512_256/Item1000/Count1000  497,988 ns/op   1,308,598 B/op   7,101 allocs/op
  [2/4]  bench  MerkleCommit/sha512_256/Item1000/Count1000  495,080 ns/op   1,308,631 B/op   7,101 allocs/op
  [3/4]  bench  MerkleCommit/sha512_256/Item1000/Count1000  497,065 ns/op   1,308,605 B/op   7,101 allocs/op
  [4/4]  bench  MerkleCommit/sha512_256/Item1000/Count1000  495,852 ns/op ±1%   1,308,619 B/op ±0%   7,101 allocs/op    3.76s
  [1/4]  bench  MerkleCommit/sha512_256/Item1000/Count10000  3,387,489 ns/op   13,001,253 B/op   70,187 allocs/op
  [2/4]  bench  MerkleCommit/sha512_256/Item1000/Count10000  3,382,481 ns/op   13,001,352 B/op   70,188 allocs/op
  [3/4]  bench  MerkleCommit/sha512_256/Item1000/Count10000  3,353,536 ns/op   13,001,341 B/op   70,187 allocs/op
  [4/4]  bench  MerkleCommit/sha512_256/Item1000/Count10000  3,368,503 ns/op ±2%   13,001,355 B/op ±0%   70,188 allocs/op ±0%    4.61s
  [1/4]  bench  MerkleCommit/sha512_256/Item1000/Count100000  28,947,432 ns/op   129,665,671 B/op   700,275 allocs/op
  [2/4]  bench  MerkleCommit/sha512_256/Item1000/Count100000  28,897,476 ns/op   129,665,814 B/op   700,276 allocs/op
  [3/4]  bench  MerkleCommit/sha512_256/Item1000/Count100000  28,895,441 ns/op   129,665,807 B/op   700,276 allocs/op
  [4/4]  bench  MerkleCommit/sha512_256/Item1000/Count100000  28,809,707 ns/op ±1%   129,665,898 B/op ±0%   700,277 allocs/op ±0%    3.57s
  [1/4]  bench  MerkleCommit/sha512_256/Item100000/Count10  330,061 ns/op   1,072,451 B/op   117 allocs/op
  [2/4]  bench  MerkleCommit/sha512_256/Item100000/Count10  327,155 ns/op   1,072,460 B/op   118 allocs/op
  [3/4]  bench  MerkleCommit/sha512_256/Item100000/Count10  327,776 ns/op   1,072,457 B/op   117 allocs/op
  [4/4]  bench  MerkleCommit/sha512_256/Item100000/Count10  327,123 ns/op ±1%   1,072,461 B/op ±0%   118 allocs/op ±0%    3.71s
  [1/4]  bench  MerkleCommit/sha512_256/Item100000/Count100  1,963,206 ns/op   10,685,856 B/op   781 allocs/op
  [2/4]  bench  MerkleCommit/sha512_256/Item100000/Count100  1,947,990 ns/op   10,685,878 B/op   781 allocs/op
  [3/4]  bench  MerkleCommit/sha512_256/Item100000/Count100  1,949,683 ns/op   10,685,884 B/op   781 allocs/op
  [4/4]  bench  MerkleCommit/sha512_256/Item100000/Count100  1,939,068 ns/op ±1%   10,685,884 B/op ±0%   781 allocs/op    4.19s
  [1/4]  bench  MerkleCommit/sha512_256/Item100000/Count1000  17,670,514 ns/op   106,782,582 B/op   7,111 allocs/op
  [2/4]  bench  MerkleCommit/sha512_256/Item100000/Count1000  17,856,580 ns/op   106,782,615 B/op   7,112 allocs/op
  [3/4]  bench  MerkleCommit/sha512_256/Item100000/Count1000  17,752,432 ns/op   106,782,694 B/op   7,112 allocs/op
  [4/4]  bench  MerkleCommit/sha512_256/Item100000/Count1000  17,742,363 ns/op ±1%   106,782,657 B/op ±0%   7,112 allocs/op ±0%    3.59s
  [1/4]  bench  MerkleCommit/sha512_256/Item100000/Count10000  161,085,893 ns/op   1,067,733,464 B/op   70,249 allocs/op
  [2/4]  bench  MerkleCommit/sha512_256/Item100000/Count10000  163,745,084 ns/op   1,067,733,619 B/op   70,251 allocs/op
  [3/4]  bench  MerkleCommit/sha512_256/Item100000/Count10000  163,993,413 ns/op   1,067,733,263 B/op   70,246 allocs/op
  [4/4]  bench  MerkleCommit/sha512_256/Item100000/Count10000  164,364,377 ns/op ±2%   1,067,732,887 B/op ±0%   70,243 allocs/op ±0%    3.96s
  [1/4]  bench  MerkleCommit/sha512_256/Item100000/Count100000  1,360,464,042 ns/op   10,676,929,208 B/op   700,526 allocs/op
  [2/4]  bench  MerkleCommit/sha512_256/Item100000/Count100000  1,364,240,751 ns/op   10,676,922,520 B/op   700,476 allocs/op
  [3/4]  bench  MerkleCommit/sha512_256/Item100000/Count100000  1,363,731,334 ns/op   10,676,926,019 B/op   700,504 allocs/op
  [4/4]  bench  MerkleCommit/sha512_256/Item100000/Count100000  1,357,390,521 ns/op ±1%   10,676,925,136 B/op ±0%   700,502 allocs/op ±0%    4.07s
  [1/4]  bench  MerkleCommit/sumhash/Item10/Count10   53,972 ns/op   16,818 B/op   217 allocs/op
  [2/4]  bench  MerkleCommit/sumhash/Item10/Count10   53,854 ns/op   16,824 B/op   217 allocs/op
  [3/4]  bench  MerkleCommit/sumhash/Item10/Count10   53,666 ns/op   16,827 B/op   217 allocs/op
  [4/4]  bench  MerkleCommit/sumhash/Item10/Count10   53,859 ns/op ±1%   16,824 B/op ±0%   217 allocs/op    5.23s
  [1/4]  bench  MerkleCommit/sumhash/Item10/Count100  240,902 ns/op   134,989 B/op   1,724 allocs/op
  [2/4]  bench  MerkleCommit/sumhash/Item10/Count100  241,890 ns/op   134,962 B/op   1,724 allocs/op
  [3/4]  bench  MerkleCommit/sumhash/Item10/Count100  241,768 ns/op   134,966 B/op   1,724 allocs/op
  [4/4]  bench  MerkleCommit/sumhash/Item10/Count100  241,375 ns/op ±1%   134,970 B/op ±0%   1,724 allocs/op    3.64s
  [1/4]  bench  MerkleCommit/sumhash/Item10/Count1000  1,081,681 ns/op   1,269,020 B/op   16,244 allocs/op
  [2/4]  bench  MerkleCommit/sumhash/Item10/Count1000  1,074,517 ns/op   1,269,123 B/op   16,245 allocs/op
  [3/4]  bench  MerkleCommit/sumhash/Item10/Count1000  1,071,652 ns/op   1,269,153 B/op   16,245 allocs/op
  [4/4]  bench  MerkleCommit/sumhash/Item10/Count1000  1,072,496 ns/op ±1%   1,269,119 B/op ±0%   16,245 allocs/op ±0%    4.87s
  [1/4]  bench  MerkleCommit/sumhash/Item10/Count10000  6,452,607 ns/op   12,538,756 B/op   160,475 allocs/op
  [2/4]  bench  MerkleCommit/sumhash/Item10/Count10000  6,457,908 ns/op   12,538,756 B/op   160,475 allocs/op
  [3/4]  bench  MerkleCommit/sumhash/Item10/Count10000  6,476,991 ns/op   12,538,631 B/op   160,474 allocs/op
  [4/4]  bench  MerkleCommit/sumhash/Item10/Count10000  6,470,957 ns/op ±0%   12,538,675 B/op ±0%   160,474 allocs/op ±0%    5.54s
  [1/4]  bench  MerkleCommit/sumhash/Item10/Count100000  52,854,551 ns/op   124,885,554 B/op   1,600,650 allocs/op
  [2/4]  bench  MerkleCommit/sumhash/Item10/Count100000  51,968,255 ns/op   124,886,093 B/op   1,600,656 allocs/op
  [3/4]  bench  MerkleCommit/sumhash/Item10/Count100000  52,110,570 ns/op   124,885,908 B/op   1,600,654 allocs/op
  [4/4]  bench  MerkleCommit/sumhash/Item10/Count100000  51,893,309 ns/op ±2%   124,885,933 B/op ±0%   1,600,654 allocs/op ±0%    3.56s
  [1/4]  bench  MerkleCommit/sumhash/Item1000/Count10  108,354 ns/op   28,720 B/op   234 allocs/op
  [2/4]  bench  MerkleCommit/sumhash/Item1000/Count10  109,398 ns/op   28,714 B/op   234 allocs/op
  [3/4]  bench  MerkleCommit/sumhash/Item1000/Count10  109,281 ns/op   28,716 B/op   234 allocs/op
  [4/4]  bench  MerkleCommit/sumhash/Item1000/Count10  109,304 ns/op ±1%   28,714 B/op ±0%   234 allocs/op ±0%    3.32s
  [1/4]  bench  MerkleCommit/sumhash/Item1000/Count100  457,684 ns/op   250,287 B/op   1,845 allocs/op
  [2/4]  bench  MerkleCommit/sumhash/Item1000/Count100  461,583 ns/op   250,260 B/op   1,845 allocs/op
  [3/4]  bench  MerkleCommit/sumhash/Item1000/Count100  461,774 ns/op   250,241 B/op   1,844 allocs/op
  [4/4]  bench  MerkleCommit/sumhash/Item1000/Count100  462,995 ns/op ±1%   250,246 B/op ±0%   1,844 allocs/op ±0%    3.85s
  [1/4]  bench  MerkleCommit/sumhash/Item1000/Count1000  2,612,966 ns/op   2,406,529 B/op   17,262 allocs/op
  [2/4]  bench  MerkleCommit/sumhash/Item1000/Count1000  2,626,038 ns/op   2,406,438 B/op   17,261 allocs/op
  [3/4]  bench  MerkleCommit/sumhash/Item1000/Count1000  2,595,592 ns/op   2,406,538 B/op   17,262 allocs/op
  [4/4]  bench  MerkleCommit/sumhash/Item1000/Count1000  2,593,763 ns/op ±2%   2,406,568 B/op ±0%   17,262 allocs/op ±0%    4.41s
  [1/4]  bench  MerkleCommit/sumhash/Item1000/Count10000  19,921,014 ns/op   23,899,588 B/op   170,484 allocs/op
  [2/4]  bench  MerkleCommit/sumhash/Item1000/Count10000  19,942,757 ns/op   23,899,290 B/op   170,481 allocs/op
  [3/4]  bench  MerkleCommit/sumhash/Item1000/Count10000  20,024,008 ns/op   23,899,151 B/op   170,479 allocs/op
  [4/4]  bench  MerkleCommit/sumhash/Item1000/Count10000  20,015,857 ns/op ±1%   23,899,204 B/op ±0%   170,480 allocs/op ±0%    3.57s
  [1/4]  bench  MerkleCommit/sumhash/Item1000/Count100000  186,467,521 ns/op   238,486,725 B/op   1,700,659 allocs/op
  [2/4]  bench  MerkleCommit/sumhash/Item1000/Count100000  182,568,601 ns/op   238,487,025 B/op   1,700,662 allocs/op
  [3/4]  bench  MerkleCommit/sumhash/Item1000/Count100000  182,875,970 ns/op   238,486,895 B/op   1,700,660 allocs/op
  [4/4]  bench  MerkleCommit/sumhash/Item1000/Count100000  181,224,783 ns/op ±3%   238,486,922 B/op ±0%   1,700,661 allocs/op ±0%    3.78s
  [1/4]  bench  MerkleCommit/sumhash/Item100000/Count10  2,147,982 ns/op   1,085,598 B/op   259 allocs/op
  [2/4]  bench  MerkleCommit/sumhash/Item100000/Count10  2,108,693 ns/op   1,085,614 B/op   259 allocs/op
  [3/4]  bench  MerkleCommit/sumhash/Item100000/Count10  2,109,889 ns/op   1,085,618 B/op   259 allocs/op
  [4/4]  bench  MerkleCommit/sumhash/Item100000/Count10  2,099,834 ns/op ±2%   1,085,624 B/op ±0%   259 allocs/op ±0%    4.25s
  [1/4]  bench  MerkleCommit/sumhash/Item100000/Count100  15,554,783 ns/op   10,798,711 B/op   1,858 allocs/op
  [2/4]  bench  MerkleCommit/sumhash/Item100000/Count100  15,370,178 ns/op   10,798,700 B/op   1,858 allocs/op
  [3/4]  bench  MerkleCommit/sumhash/Item100000/Count100  15,416,058 ns/op   10,798,682 B/op   1,858 allocs/op
  [4/4]  bench  MerkleCommit/sumhash/Item100000/Count100  15,307,772 ns/op ±2%   10,798,694 B/op ±0%   1,858 allocs/op ±0%    4.55s
  [1/4]  bench  MerkleCommit/sumhash/Item100000/Count1000  139,737,281 ns/op   107,879,116 B/op   17,261 allocs/op
  [2/4]  bench  MerkleCommit/sumhash/Item100000/Count1000  137,467,055 ns/op   107,879,303 B/op   17,263 allocs/op
  [3/4]  bench  MerkleCommit/sumhash/Item100000/Count1000  138,090,378 ns/op   107,879,181 B/op   17,262 allocs/op
  [4/4]  bench  MerkleCommit/sumhash/Item100000/Count1000  137,217,272 ns/op ±2%   107,879,263 B/op ±0%   17,263 allocs/op ±0%    3.67s
  [1/4]  bench  MerkleCommit/sumhash/Item100000/Count10000  1,348,966,750 ns/op   1,078,627,128 B/op   170,506 allocs/op
  [2/4]  bench  MerkleCommit/sumhash/Item100000/Count10000  1,322,994,875 ns/op   1,078,626,064 B/op   170,500 allocs/op
  [3/4]  bench  MerkleCommit/sumhash/Item100000/Count10000  1,331,142,361 ns/op   1,078,622,765 B/op   170,463 allocs/op
  [4/4]  bench  MerkleCommit/sumhash/Item100000/Count10000  1,341,570,157 ns/op ±3%   1,078,622,940 B/op ±0%   170,467 allocs/op ±0%    4.02s
  [1/4]  bench  MerkleCommit/sumhash/Item100000/Count100000  13,433,373,834 ns/op   10,785,730,424 B/op   1,700,776 allocs/op
  [2/4]  bench  MerkleCommit/sumhash/Item100000/Count100000  13,496,374,230 ns/op   10,785,729,264 B/op   1,700,782 allocs/op
  [3/4]  bench  MerkleCommit/sumhash/Item100000/Count100000  13,275,719,736 ns/op   10,785,728,680 B/op   1,700,775 allocs/op
  [4/4]  bench  MerkleCommit/sumhash/Item100000/Count100000  13,150,034,605 ns/op ±3%   10,785,726,736 B/op ±0%   1,700,765 allocs/op ±0%    39.17s
  [1/4]  bench  MerkleCommit/sha256/Item10/Count10    9,438 ns/op   5,516 B/op   107 allocs/op
  [2/4]  bench  MerkleCommit/sha256/Item10/Count10    9,425 ns/op   5,516 B/op   107 allocs/op
  [3/4]  bench  MerkleCommit/sha256/Item10/Count10    9,417 ns/op   5,515 B/op   107 allocs/op
  [4/4]  bench  MerkleCommit/sha256/Item10/Count10    9,420 ns/op ±0%   5,515 B/op ±0%   107 allocs/op    3.87s
  [1/4]  bench  MerkleCommit/sha256/Item10/Count100   43,652 ns/op   33,587 B/op   760 allocs/op
  [2/4]  bench  MerkleCommit/sha256/Item10/Count100   44,472 ns/op   33,578 B/op   760 allocs/op
  [3/4]  bench  MerkleCommit/sha256/Item10/Count100   44,323 ns/op   33,581 B/op   760 allocs/op
  [4/4]  bench  MerkleCommit/sha256/Item10/Count100   44,471 ns/op ±2%   33,577 B/op ±0%   760 allocs/op    4.97s
  [1/4]  bench  MerkleCommit/sha256/Item10/Count1000  213,116 ns/op   296,543 B/op   7,088 allocs/op
  [2/4]  bench  MerkleCommit/sha256/Item10/Count1000  214,440 ns/op   296,528 B/op   7,088 allocs/op
  [3/4]  bench  MerkleCommit/sha256/Item10/Count1000  213,893 ns/op   296,535 B/op   7,088 allocs/op
  [4/4]  bench  MerkleCommit/sha256/Item10/Count1000  213,916 ns/op ±1%   296,533 B/op ±0%   7,088 allocs/op ±0%    3.72s
  [1/4]  bench  MerkleCommit/sha256/Item10/Count10000  1,099,122 ns/op   2,914,868 B/op   70,178 allocs/op
  [2/4]  bench  MerkleCommit/sha256/Item10/Count10000  1,092,704 ns/op   2,914,812 B/op   70,178 allocs/op
  [3/4]  bench  MerkleCommit/sha256/Item10/Count10000  1,092,760 ns/op   2,914,810 B/op   70,178 allocs/op
  [4/4]  bench  MerkleCommit/sha256/Item10/Count10000  1,093,428 ns/op ±1%   2,914,824 B/op ±0%   70,178 allocs/op ±0%    3.78s
  [1/4]  bench  MerkleCommit/sha256/Item10/Count100000  6,902,305 ns/op   28,856,406 B/op   700,275 allocs/op
  [2/4]  bench  MerkleCommit/sha256/Item10/Count100000  7,025,972 ns/op   28,856,247 B/op   700,274 allocs/op
  [3/4]  bench  MerkleCommit/sha256/Item10/Count100000  7,010,084 ns/op   28,856,316 B/op   700,274 allocs/op
  [4/4]  bench  MerkleCommit/sha256/Item10/Count100000  7,016,986 ns/op ±2%   28,856,262 B/op ±0%   700,274 allocs/op ±0%    5.72s
  [1/4]  bench  MerkleCommit/sha256/Item1000/Count10  16,442 ns/op   15,658 B/op   107 allocs/op
  [2/4]  bench  MerkleCommit/sha256/Item1000/Count10  16,474 ns/op   15,660 B/op   107 allocs/op
  [3/4]  bench  MerkleCommit/sha256/Item1000/Count10  16,474 ns/op   15,659 B/op   107 allocs/op
  [4/4]  bench  MerkleCommit/sha256/Item1000/Count10  16,458 ns/op ±0%   15,660 B/op ±0%   107 allocs/op    4.09s
  [1/4]  bench  MerkleCommit/sha256/Item1000/Count100  80,327 ns/op   134,577 B/op   762 allocs/op
  [2/4]  bench  MerkleCommit/sha256/Item1000/Count100  80,002 ns/op   134,579 B/op   762 allocs/op
  [3/4]  bench  MerkleCommit/sha256/Item1000/Count100  79,729 ns/op   134,582 B/op   762 allocs/op
  [4/4]  bench  MerkleCommit/sha256/Item1000/Count100  79,751 ns/op ±1%   134,584 B/op ±0%   762 allocs/op    6.01s
  [1/4]  bench  MerkleCommit/sha256/Item1000/Count1000  424,338 ns/op   1,305,560 B/op   7,097 allocs/op
  [2/4]  bench  MerkleCommit/sha256/Item1000/Count1000  424,354 ns/op   1,305,564 B/op   7,098 allocs/op
  [3/4]  bench  MerkleCommit/sha256/Item1000/Count1000  423,482 ns/op   1,305,570 B/op   7,098 allocs/op
  [4/4]  bench  MerkleCommit/sha256/Item1000/Count1000  424,144 ns/op ±1%   1,305,562 B/op ±0%   7,098 allocs/op ±0%    3.64s
  [1/4]  bench  MerkleCommit/sha256/Item1000/Count10000  2,909,702 ns/op   12,995,387 B/op   70,183 allocs/op
  [2/4]  bench  MerkleCommit/sha256/Item1000/Count10000  2,951,401 ns/op   12,995,347 B/op   70,183 allocs/op
  [3/4]  bench  MerkleCommit/sha256/Item1000/Count10000  2,948,651 ns/op   12,995,384 B/op   70,183 allocs/op
  [4/4]  bench  MerkleCommit/sha256/Item1000/Count10000  2,954,926 ns/op ±1%   12,995,423 B/op ±0%   70,183 allocs/op ±0%    4.51s
  [1/4]  bench  MerkleCommit/sha256/Item1000/Count100000  26,989,844 ns/op   129,656,381 B/op   700,272 allocs/op
  [2/4]  bench  MerkleCommit/sha256/Item1000/Count100000  27,239,425 ns/op   129,656,323 B/op   700,272 allocs/op
  [3/4]  bench  MerkleCommit/sha256/Item1000/Count100000  27,457,948 ns/op   129,656,213 B/op   700,271 allocs/op
  [4/4]  bench  MerkleCommit/sha256/Item1000/Count100000  27,776,263 ns/op ±3%   129,656,130 B/op ±0%   700,270 allocs/op ±0%    3.7s
  [1/4]  bench  MerkleCommit/sha256/Item100000/Count10  229,242 ns/op   1,071,255 B/op   116 allocs/op
  [2/4]  bench  MerkleCommit/sha256/Item100000/Count10  230,710 ns/op   1,071,251 B/op   116 allocs/op
  [3/4]  bench  MerkleCommit/sha256/Item100000/Count10  230,398 ns/op   1,071,254 B/op   116 allocs/op
  [4/4]  bench  MerkleCommit/sha256/Item100000/Count10  230,698 ns/op ±1%   1,071,252 B/op ±0%   116 allocs/op ±0%    3.64s
  [1/4]  bench  MerkleCommit/sha256/Item100000/Count100  1,484,021 ns/op   10,683,751 B/op   780 allocs/op
  [2/4]  bench  MerkleCommit/sha256/Item100000/Count100  1,475,540 ns/op   10,683,730 B/op   780 allocs/op
  [3/4]  bench  MerkleCommit/sha256/Item100000/Count100  1,474,130 ns/op   10,683,739 B/op   780 allocs/op
  [4/4]  bench  MerkleCommit/sha256/Item100000/Count100  1,477,985 ns/op ±1%   10,683,742 B/op ±0%   780 allocs/op    4.03s
  [1/4]  bench  MerkleCommit/sha256/Item100000/Count1000  14,139,747 ns/op   106,779,739 B/op   7,112 allocs/op
  [2/4]  bench  MerkleCommit/sha256/Item100000/Count1000  14,254,461 ns/op   106,779,683 B/op   7,112 allocs/op
  [3/4]  bench  MerkleCommit/sha256/Item100000/Count1000  14,186,588 ns/op   106,779,623 B/op   7,111 allocs/op
  [4/4]  bench  MerkleCommit/sha256/Item100000/Count1000  14,276,828 ns/op ±2%   106,779,637 B/op ±0%   7,111 allocs/op ±0%    3.58s
  [1/4]  bench  MerkleCommit/sha256/Item100000/Count10000  128,868,510 ns/op   1,067,727,410 B/op   70,244 allocs/op
  [2/4]  bench  MerkleCommit/sha256/Item100000/Count10000  129,715,177 ns/op   1,067,727,021 B/op   70,239 allocs/op
  [3/4]  bench  MerkleCommit/sha256/Item100000/Count10000  131,631,637 ns/op   1,067,727,115 B/op   70,238 allocs/op
  [4/4]  bench  MerkleCommit/sha256/Item100000/Count10000  130,385,958 ns/op ±3%   1,067,726,921 B/op ±0%   70,237 allocs/op ±0%    3.66s
  [1/4]  bench  MerkleCommit/sha256/Item100000/Count100000  1,152,586,500 ns/op   10,676,924,408 B/op   700,558 allocs/op
  [2/4]  bench  MerkleCommit/sha256/Item100000/Count100000  1,135,161,771 ns/op   10,676,927,296 B/op   700,581 allocs/op
  [3/4]  bench  MerkleCommit/sha256/Item100000/Count100000  1,120,623,389 ns/op   10,676,923,923 B/op   700,565 allocs/op
  [4/4]  bench  MerkleCommit/sha256/Item100000/Count100000  1,121,497,281 ns/op ±3%   10,676,923,320 B/op ±0%   700,555 allocs/op ±0%    3.33s
  [1/4]  bench  AppendMsgBlockHeader                  32.3 ns/op   30.9 MB/s   0.000 B/op   0.000 allocs/op
  [2/4]  bench  AppendMsgBlockHeader                  32.4 ns/op   30.9 MB/s   0.000 B/op   0.000 allocs/op
  [3/4]  bench  AppendMsgBlockHeader                  32.3 ns/op   30.9 MB/s   0.000 B/op   0.000 allocs/op
  [4/4]  bench  AppendMsgBlockHeader                  32.4 ns/op ±1%   30.9 MB/s ±1%   0.000 B/op   0.000 allocs/op    3.72s
  [1/4]  bench  AppendMsgSignedTxn                    74.6 ns/op   13.4 MB/s   0.000 B/op   0.000 allocs/op
  [2/4]  bench  AppendMsgSignedTxn                    74.9 ns/op   13.4 MB/s   0.000 B/op   0.000 allocs/op
  [3/4]  bench  AppendMsgSignedTxn                    74.8 ns/op   13.4 MB/s   0.000 B/op   0.000 allocs/op
  [4/4]  bench  AppendMsgSignedTxn                    75.0 ns/op ±1%   13.3 MB/s ±1%   0.000 B/op   0.000 allocs/op    3.82s
  [1/4]  bench  PaysetGroups                          5,587 ns/op   127,320 B/op   8.00 allocs/op
  [2/4]  bench  PaysetGroups                          5,562 ns/op   122,635 B/op   8.00 allocs/op
  [3/4]  bench  PaysetGroups                          5,544 ns/op   121,996 B/op   8.00 allocs/op
  [4/4]  bench  PaysetGroups                          5,571 ns/op ±1%   123,808 B/op ±5%   8.00 allocs/op    24.71s
  [1/4]  bench  Txn                                   41,778 ns/op   9,433 B/op   12.0 allocs/op
  [2/4]  bench  Txn                                   41,784 ns/op   9,435 B/op   12.0 allocs/op
  [3/4]  bench  Txn                                   41,879 ns/op   9,435 B/op   12.0 allocs/op
  [4/4]  bench  Txn                                   41,891 ns/op ±0%   9,434 B/op ±0%   12.0 allocs/op    9.12s
  [1/4]  bench  TxHandlerProcessing/processDecoded    9,487 ns/op   3,760 B/op   32.0 allocs/op
  [2/4]  bench  TxHandlerProcessing/processDecoded    9,601 ns/op   3,760 B/op   32.0 allocs/op
  [3/4]  bench  TxHandlerProcessing/processDecoded    9,608 ns/op   3,760 B/op   32.0 allocs/op
  [4/4]  bench  TxHandlerProcessing/processDecoded    9,642 ns/op ±1%   3,760 B/op   32.0 allocs/op    9.6s
  [1/4]  bench  TxHandlerProcessing/verify.TxnGroup   41,984 ns/op   11,328 B/op   16.0 allocs/op
  [2/4]  bench  TxHandlerProcessing/verify.TxnGroup   42,105 ns/op   11,328 B/op   16.0 allocs/op
  [3/4]  bench  TxHandlerProcessing/verify.TxnGroup   42,143 ns/op   11,328 B/op   16.0 allocs/op
  [4/4]  bench  TxHandlerProcessing/verify.TxnGroup   42,104 ns/op ±0%   11,328 B/op   16.0 allocs/op    6.55s
  [1/4]  bench  CompactDeltas/account-deltas          1,529,991 ns/op   4,138,785 B/op   0.000 allocs/op
  [2/4]  bench  CompactDeltas/account-deltas          1,478,242 ns/op   4,136,706 B/op   0.000 allocs/op
  [3/4]  bench  CompactDeltas/account-deltas          1,457,838 ns/op   4,140,307 B/op   0.000 allocs/op
  [4/4]  bench  CompactDeltas/account-deltas          1,451,065 ns/op ±4%   4,142,964 B/op ±0%   0.000 allocs/op    17.43s
