  [1/4]  bench  MerkleCommit/sha512_256/Item10/Count10  14,624 ns/op   6,086 B/op   107 allocs/op
  [2/4]  bench  MerkleCommit/sha512_256/Item10/Count10  14,559 ns/op   6,084 B/op   107 allocs/op
  [3/4]  bench  MerkleCommit/sha512_256/Item10/Count10  14,599 ns/op   6,083 B/op   107 allocs/op
  [4/4]  bench  MerkleCommit/sha512_256/Item10/Count10  14,614 ns/op ±1%   6,083 B/op ±0%   107 allocs/op    4.01s
  [1/4]  bench  MerkleCommit/sha512_256/Item10/Count100  55,936 ns/op   34,709 B/op   761 allocs/op
  [2/4]  bench  MerkleCommit/sha512_256/Item10/Count100  56,349 ns/op   34,701 B/op   761 allocs/op
  [3/4]  bench  MerkleCommit/sha512_256/Item10/Count100  56,361 ns/op   34,707 B/op   761 allocs/op
  [4/4]  bench  MerkleCommit/sha512_256/Item10/Count100  56,385 ns/op ±1%   34,709 B/op ±0%   761 allocs/op    5.31s
  [1/4]  bench  MerkleCommit/sha512_256/Item10/Count1000  254,529 ns/op   299,147 B/op   7,092 allocs/op
  [2/4]  bench  MerkleCommit/sha512_256/Item10/Count1000  258,699 ns/op   299,140 B/op   7,092 allocs/op
  [3/4]  bench  MerkleCommit/sha512_256/Item10/Count1000  259,450 ns/op   299,154 B/op   7,092 allocs/op
  [4/4]  bench  MerkleCommit/sha512_256/Item10/Count1000  261,045 ns/op ±2%   299,147 B/op ±0%   7,092 allocs/op ±0%    3.65s
  [1/4]  bench  MerkleCommit/sha512_256/Item10/Count10000  1,279,940 ns/op   2,921,072 B/op   70,186 allocs/op
  [2/4]  bench  MerkleCommit/sha512_256/Item10/Count10000  1,289,934 ns/op   2,920,875 B/op   70,185 allocs/op
  [3/4]  bench  MerkleCommit/sha512_256/Item10/Count10000  1,283,800 ns/op   2,920,901 B/op   70,185 allocs/op
  [4/4]  bench  MerkleCommit/sha512_256/Item10/Count10000  1,284,504 ns/op ±1%   2,920,864 B/op ±0%   70,185 allocs/op ±0%    4.01s
  [1/4]  bench  MerkleCommit/sha512_256/Item10/Count100000  7,964,102 ns/op   28,866,544 B/op   700,282 allocs/op
  [2/4]  bench  MerkleCommit/sha512_256/Item10/Count100000  7,907,706 ns/op   28,866,678 B/op   700,283 allocs/op
  [3/4]  bench  MerkleCommit/sha512_256/Item10/Count100000  7,915,312 ns/op   28,866,690 B/op   700,283 allocs/op
  [4/4]  bench  MerkleCommit/sha512_256/Item10/Count100000  7,948,528 ns/op ±1%   28,866,580 B/op ±0%   700,283 allocs/op ±0%    5.98s
  [1/4]  bench  MerkleCommit/sha512_256/Item1000/Count10  23,452 ns/op   16,275 B/op   108 allocs/op
  [2/4]  bench  MerkleCommit/sha512_256/Item1000/Count10  23,745 ns/op   16,273 B/op   108 allocs/op
  [3/4]  bench  MerkleCommit/sha512_256/Item1000/Count10  23,552 ns/op   16,274 B/op   108 allocs/op
  [4/4]  bench  MerkleCommit/sha512_256/Item1000/Count10  23,738 ns/op ±2%   16,273 B/op ±0%   108 allocs/op    4.32s
  [1/4]  bench  MerkleCommit/sha512_256/Item1000/Count100  99,026 ns/op   135,947 B/op   764 allocs/op
  [2/4]  bench  MerkleCommit/sha512_256/Item1000/Count100  99,043 ns/op   135,953 B/op   764 allocs/op
  [3/4]  bench  MerkleCommit/sha512_256/Item1000/Count100  99,543 ns/op   135,946 B/op   764 allocs/op
  [4/4]  bench  MerkleCommit/sha512_256/Item1000/Count100  99,733 ns/op ±1%   135,951 B/op ±0%   764 allocs/op    5.43s
  [1/4]  bench  MerkleCommit/sha512_256/Item1000/Count1000  498,011 ns/op   1,308,585 B/op   7,101 allocs/op
  [2/4]  bench  MerkleCommit/sha512_256/Item1000/Count1000  495,049 ns/op   1,308,616 B/op   7,101 allocs/op
  [3/4]  bench  MerkleCommit/sha512_256/Item1000/Count1000  497,333 ns/op   1,308,589 B/op   7,101 allocs/op
  [4/4]  bench  MerkleCommit/sha512_256/Item1000/Count1000  496,433 ns/op ±1%   1,308,602 B/op ±0%   7,101 allocs/op    3.76s
  [1/4]  bench  MerkleCommit/sha512_256/Item1000/Count10000  3,365,655 ns/op   13,001,290 B/op   70,187 allocs/op
  [2/4]  bench  MerkleCommit/sha512_256/Item1000/Count10000  3,358,422 ns/op   13,001,365 B/op   70,188 allocs/op
  [3/4]  bench  MerkleCommit/sha512_256/Item1000/Count10000  3,370,197 ns/op   13,001,404 B/op   70,188 allocs/op
  [4/4]  bench  MerkleCommit/sha512_256/Item1000/Count10000  3,371,750 ns/op ±1%   13,001,387 B/op ±0%   70,188 allocs/op ±0%    4.56s
  [1/4]  bench  MerkleCommit/sha512_256/Item1000/Count100000  28,602,926 ns/op   129,665,864 B/op   700,276 allocs/op
  [2/4]  bench  MerkleCommit/sha512_256/Item1000/Count100000  28,558,193 ns/op   129,665,929 B/op   700,277 allocs/op
  [3/4]  bench  MerkleCommit/sha512_256/Item1000/Count100000  28,719,714 ns/op   129,665,907 B/op   700,277 allocs/op
  [4/4]  bench  MerkleCommit/sha512_256/Item1000/Count100000  28,632,039 ns/op ±1%   129,666,011 B/op ±0%   700,278 allocs/op ±0%    3.78s
  [1/4]  bench  MerkleCommit/sha512_256/Item100000/Count10  341,270 ns/op   1,072,478 B/op   118 allocs/op
  [2/4]  bench  MerkleCommit/sha512_256/Item100000/Count10  338,677 ns/op   1,072,498 B/op   118 allocs/op
  [3/4]  bench  MerkleCommit/sha512_256/Item100000/Count10  339,954 ns/op   1,072,495 B/op   118 allocs/op
  [4/4]  bench  MerkleCommit/sha512_256/Item100000/Count10  339,658 ns/op ±1%   1,072,501 B/op ±0%   118 allocs/op    3.76s
  [1/4]  bench  MerkleCommit/sha512_256/Item100000/Count100  2,006,706 ns/op   10,685,865 B/op   781 allocs/op
  [2/4]  bench  MerkleCommit/sha512_256/Item100000/Count100  1,988,349 ns/op   10,685,882 B/op   781 allocs/op
  [3/4]  bench  MerkleCommit/sha512_256/Item100000/Count100  1,991,783 ns/op   10,685,872 B/op   781 allocs/op
  [4/4]  bench  MerkleCommit/sha512_256/Item100000/Count100  1,983,104 ns/op ±1%   10,685,882 B/op ±0%   781 allocs/op ±0%    4.2s
  [1/4]  bench  MerkleCommit/sha512_256/Item100000/Count1000  18,001,024 ns/op   106,782,759 B/op   7,113 allocs/op
  [2/4]  bench  MerkleCommit/sha512_256/Item100000/Count1000  17,921,056 ns/op   106,782,785 B/op   7,113 allocs/op
  [3/4]  bench  MerkleCommit/sha512_256/Item100000/Count1000  17,901,276 ns/op   106,782,820 B/op   7,113 allocs/op
  [4/4]  bench  MerkleCommit/sha512_256/Item100000/Count1000  17,926,496 ns/op ±0%   106,782,832 B/op ±0%   7,114 allocs/op ±0%    3.53s
  [1/4]  bench  MerkleCommit/sha512_256/Item100000/Count10000  163,823,173 ns/op   1,067,734,488 B/op   70,259 allocs/op
  [2/4]  bench  MerkleCommit/sha512_256/Item100000/Count10000  164,264,643 ns/op   1,067,733,392 B/op   70,248 allocs/op
  [3/4]  bench  MerkleCommit/sha512_256/Item100000/Count10000  163,736,437 ns/op   1,067,733,036 B/op   70,244 allocs/op
  [4/4]  bench  MerkleCommit/sha512_256/Item100000/Count10000  165,294,213 ns/op ±2%   1,067,732,452 B/op ±0%   70,239 allocs/op ±0%    3.96s
  [1/4]  bench  MerkleCommit/sha512_256/Item100000/Count100000  1,398,145,833 ns/op   10,676,927,448 B/op   700,531 allocs/op
  [2/4]  bench  MerkleCommit/sha512_256/Item100000/Count100000  1,354,324,729 ns/op   10,676,930,032 B/op   700,590 allocs/op
  [3/4]  bench  MerkleCommit/sha512_256/Item100000/Count100000  1,333,946,819 ns/op   10,676,927,016 B/op   700,559 allocs/op
  [4/4]  bench  MerkleCommit/sha512_256/Item100000/Count100000  1,334,966,479 ns/op ±4%   10,676,928,916 B/op ±0%   700,579 allocs/op ±0%    3.94s
  [1/4]  bench  MerkleCommit/sumhash/Item10/Count10   53,413 ns/op   16,817 B/op   217 allocs/op
  [2/4]  bench  MerkleCommit/sumhash/Item10/Count10   53,047 ns/op   16,825 B/op   217 allocs/op
  [3/4]  bench  MerkleCommit/sumhash/Item10/Count10   52,936 ns/op   16,827 B/op   217 allocs/op
  [4/4]  bench  MerkleCommit/sumhash/Item10/Count10   53,184 ns/op ±1%   16,825 B/op ±0%   217 allocs/op    5.22s
  [1/4]  bench  MerkleCommit/sumhash/Item10/Count100  240,319 ns/op   134,940 B/op   1,724 allocs/op
  [2/4]  bench  MerkleCommit/sumhash/Item10/Count100  240,549 ns/op   134,938 B/op   1,724 allocs/op
  [3/4]  bench  MerkleCommit/sumhash/Item10/Count100  239,887 ns/op   134,949 B/op   1,724 allocs/op
  [4/4]  bench  MerkleCommit/sumhash/Item10/Count100  240,382 ns/op ±1%   134,944 B/op ±0%   1,724 allocs/op    3.66s
  [1/4]  bench  MerkleCommit/sumhash/Item10/Count1000  1,059,086 ns/op   1,269,165 B/op   16,245 allocs/op
  [2/4]  bench  MerkleCommit/sumhash/Item10/Count1000  1,061,009 ns/op   1,269,139 B/op   16,245 allocs/op
  [3/4]  bench  MerkleCommit/sumhash/Item10/Count1000  1,061,940 ns/op   1,269,123 B/op   16,245 allocs/op
  [4/4]  bench  MerkleCommit/sumhash/Item10/Count1000  1,061,290 ns/op ±0%   1,269,129 B/op ±0%   16,245 allocs/op    3.84s
  [1/4]  bench  MerkleCommit/sumhash/Item10/Count10000  6,341,568 ns/op   12,538,803 B/op   160,476 allocs/op
  [2/4]  bench  MerkleCommit/sumhash/Item10/Count10000  6,404,400 ns/op   12,538,554 B/op   160,473 allocs/op
  [3/4]  bench  MerkleCommit/sumhash/Item10/Count10000  6,394,842 ns/op   12,538,680 B/op   160,474 allocs/op
  [4/4]  bench  MerkleCommit/sumhash/Item10/Count10000  6,390,685 ns/op ±1%   12,538,704 B/op ±0%   160,475 allocs/op ±0%    5.52s
  [1/4]  bench  MerkleCommit/sumhash/Item10/Count100000  50,501,322 ns/op   124,885,887 B/op   1,600,654 allocs/op
  [2/4]  bench  MerkleCommit/sumhash/Item10/Count100000  50,958,074 ns/op   124,885,660 B/op   1,600,652 allocs/op
  [3/4]  bench  MerkleCommit/sumhash/Item10/Count100000  50,712,133 ns/op   124,885,862 B/op   1,600,654 allocs/op
  [4/4]  bench  MerkleCommit/sumhash/Item10/Count100000  51,114,402 ns/op ±2%   124,885,763 B/op ±0%   1,600,653 allocs/op ±0%    3.45s
  [1/4]  bench  MerkleCommit/sumhash/Item1000/Count10  107,846 ns/op   28,733 B/op   234 allocs/op
  [2/4]  bench  MerkleCommit/sumhash/Item1000/Count10  107,967 ns/op   28,726 B/op   234 allocs/op
  [3/4]  bench  MerkleCommit/sumhash/Item1000/Count10  108,188 ns/op   28,722 B/op   233 allocs/op
  [4/4]  bench  MerkleCommit/sumhash/Item1000/Count10  108,288 ns/op ±0%   28,723 B/op ±0%   234 allocs/op ±0%    3.29s
  [1/4]  bench  MerkleCommit/sumhash/Item1000/Count100  464,865 ns/op   250,228 B/op   1,844 allocs/op
  [2/4]  bench  MerkleCommit/sumhash/Item1000/Count100  460,852 ns/op   250,257 B/op   1,845 allocs/op
  [3/4]  bench  MerkleCommit/sumhash/Item1000/Count100  462,381 ns/op   250,241 B/op   1,844 allocs/op
  [4/4]  bench  MerkleCommit/sumhash/Item1000/Count100  461,124 ns/op ±1%   250,259 B/op ±0%   1,845 allocs/op ±0%    3.76s
  [1/4]  bench  MerkleCommit/sumhash/Item1000/Count1000  2,581,055 ns/op   2,406,598 B/op   17,262 allocs/op
  [2/4]  bench  MerkleCommit/sumhash/Item1000/Count1000  2,543,721 ns/op   2,406,812 B/op   17,265 allocs/op
  [3/4]  bench  MerkleCommit/sumhash/Item1000/Count1000  2,555,477 ns/op   2,406,711 B/op   17,264 allocs/op
  [4/4]  bench  MerkleCommit/sumhash/Item1000/Count1000  2,545,745 ns/op ±1%   2,406,755 B/op ±0%   17,264 allocs/op ±0%    4.39s
  [1/4]  bench  MerkleCommit/sumhash/Item1000/Count10000  20,398,618 ns/op   23,898,463 B/op   170,470 allocs/op
  [2/4]  bench  MerkleCommit/sumhash/Item1000/Count10000  20,111,290 ns/op   23,898,168 B/op   170,467 allocs/op
  [3/4]  bench  MerkleCommit/sumhash/Item1000/Count10000  20,200,265 ns/op   23,897,869 B/op   170,464 allocs/op
  [4/4]  bench  MerkleCommit/sumhash/Item1000/Count10000  20,061,190 ns/op ±2%   23,898,057 B/op ±0%   170,466 allocs/op ±0%    3.61s
  [1/4]  bench  MerkleCommit/sumhash/Item1000/Count100000  179,363,743 ns/op   238,487,277 B/op   1,700,664 allocs/op
  [2/4]  bench  MerkleCommit/sumhash/Item1000/Count100000  177,817,962 ns/op   238,487,092 B/op   1,700,662 allocs/op
  [3/4]  bench  MerkleCommit/sumhash/Item1000/Count100000  176,973,732 ns/op   238,487,337 B/op   1,700,664 allocs/op
  [4/4]  bench  MerkleCommit/sumhash/Item1000/Count100000  176,481,216 ns/op ±1%   238,487,275 B/op ±0%   1,700,664 allocs/op ±0%    4.45s
  [1/4]  bench  MerkleCommit/sumhash/Item100000/Count10  2,117,280 ns/op   1,085,560 B/op   259 allocs/op
  [2/4]  bench  MerkleCommit/sumhash/Item100000/Count10  2,097,344 ns/op   1,085,578 B/op   259 allocs/op
  [3/4]  bench  MerkleCommit/sumhash/Item100000/Count10  2,103,326 ns/op   1,085,581 B/op   259 allocs/op
  [4/4]  bench  MerkleCommit/sumhash/Item100000/Count10  2,092,682 ns/op ±1%   1,085,585 B/op ±0%   259 allocs/op    4.21s
  [1/4]  bench  MerkleCommit/sumhash/Item100000/Count100  15,342,305 ns/op   10,798,561 B/op   1,856 allocs/op
  [2/4]  bench  MerkleCommit/sumhash/Item100000/Count100  15,219,762 ns/op   10,798,565 B/op   1,856 allocs/op
  [3/4]  bench  MerkleCommit/sumhash/Item100000/Count100  15,272,519 ns/op   10,798,588 B/op   1,856 allocs/op
  [4/4]  bench  MerkleCommit/sumhash/Item100000/Count100  15,252,848 ns/op ±1%   10,798,614 B/op ±0%   1,857 allocs/op ±0%    3.52s
  [1/4]  bench  MerkleCommit/sumhash/Item100000/Count1000  133,854,917 ns/op   107,878,954 B/op   17,259 allocs/op
  [2/4]  bench  MerkleCommit/sumhash/Item100000/Count1000  136,170,404 ns/op   107,878,838 B/op   17,258 allocs/op
  [3/4]  bench  MerkleCommit/sumhash/Item100000/Count1000  135,599,188 ns/op   107,878,935 B/op   17,259 allocs/op
  [4/4]  bench  MerkleCommit/sumhash/Item100000/Count1000  135,729,628 ns/op ±2%   107,879,053 B/op ±0%   17,260 allocs/op ±0%    3.67s
  [1/4]  bench  MerkleCommit/sumhash/Item100000/Count10000  1,319,615,667 ns/op   1,078,626,104 B/op   170,490 allocs/op
  [2/4]  bench  MerkleCommit/sumhash/Item100000/Count10000  1,328,903,792 ns/op   1,078,625,960 B/op   170,491 allocs/op
  [3/4]  bench  MerkleCommit/sumhash/Item100000/Count10000  1,326,595,805 ns/op   1,078,626,413 B/op   170,492 allocs/op
  [4/4]  bench  MerkleCommit/sumhash/Item100000/Count10000  1,330,142,833 ns/op ±1%   1,078,626,304 B/op ±0%   170,493 allocs/op ±0%    4s
  [1/4]  bench  MerkleCommit/sumhash/Item100000/Count100000  12,879,220,709 ns/op   10,785,726,488 B/op   1,700,755 allocs/op
  [2/4]  bench  MerkleCommit/sumhash/Item100000/Count100000  12,869,994,209 ns/op   10,785,728,280 B/op   1,700,760 allocs/op
  [3/4]  bench  MerkleCommit/sumhash/Item100000/Count100000  12,820,165,097 ns/op   10,785,730,205 B/op   1,700,776 allocs/op
  [4/4]  bench  MerkleCommit/sumhash/Item100000/Count100000  12,744,536,844 ns/op ±1%   10,785,731,144 B/op ±0%   1,700,785 allocs/op ±0%    38.1s
  [1/4]  bench  MerkleCommit/sha256/Item10/Count10    9,038 ns/op   5,514 B/op   107 allocs/op
  [2/4]  bench  MerkleCommit/sha256/Item10/Count10    8,823 ns/op   5,514 B/op   107 allocs/op
  [3/4]  bench  MerkleCommit/sha256/Item10/Count10    8,913 ns/op   5,514 B/op   107 allocs/op
  [4/4]  bench  MerkleCommit/sha256/Item10/Count10    8,922 ns/op ±3%   5,514 B/op   107 allocs/op    3.8s
  [1/4]  bench  MerkleCommit/sha256/Item10/Count100   44,613 ns/op   33,553 B/op   759 allocs/op
  [2/4]  bench  MerkleCommit/sha256/Item10/Count100   44,118 ns/op   33,549 B/op   759 allocs/op
  [3/4]  bench  MerkleCommit/sha256/Item10/Count100   44,421 ns/op   33,550 B/op   759 allocs/op
  [4/4]  bench  MerkleCommit/sha256/Item10/Count100   44,507 ns/op ±2%   33,548 B/op ±0%   759 allocs/op    4.95s
  [1/4]  bench  MerkleCommit/sha256/Item10/Count1000  213,642 ns/op   296,470 B/op   7,087 allocs/op
  [2/4]  bench  MerkleCommit/sha256/Item10/Count1000  214,629 ns/op   296,457 B/op   7,087 allocs/op
  [3/4]  bench  MerkleCommit/sha256/Item10/Count1000  214,025 ns/op   296,457 B/op   7,087 allocs/op
  [4/4]  bench  MerkleCommit/sha256/Item10/Count1000  214,644 ns/op ±1%   296,456 B/op ±0%   7,087 allocs/op    3.72s
  [1/4]  bench  MerkleCommit/sha256/Item10/Count10000  1,092,908 ns/op   2,914,645 B/op   70,176 allocs/op
  [2/4]  bench  MerkleCommit/sha256/Item10/Count10000  1,101,948 ns/op   2,914,582 B/op   70,176 allocs/op
  [3/4]  bench  MerkleCommit/sha256/Item10/Count10000  1,101,469 ns/op   2,914,600 B/op   70,176 allocs/op
  [4/4]  bench  MerkleCommit/sha256/Item10/Count10000  1,105,134 ns/op ±1%   2,914,593 B/op ±0%   70,176 allocs/op ±0%    3.98s
  [1/4]  bench  MerkleCommit/sha256/Item10/Count100000  6,918,580 ns/op   28,856,235 B/op   700,273 allocs/op
  [2/4]  bench  MerkleCommit/sha256/Item10/Count100000  6,959,097 ns/op   28,856,148 B/op   700,273 allocs/op
  [3/4]  bench  MerkleCommit/sha256/Item10/Count100000  6,962,581 ns/op   28,856,113 B/op   700,272 allocs/op
  [4/4]  bench  MerkleCommit/sha256/Item10/Count100000  6,948,510 ns/op ±1%   28,856,145 B/op ±0%   700,272 allocs/op ±0%    5.7s
  [1/4]  bench  MerkleCommit/sha256/Item1000/Count10  16,374 ns/op   15,652 B/op   107 allocs/op
  [2/4]  bench  MerkleCommit/sha256/Item1000/Count10  16,183 ns/op   15,655 B/op   107 allocs/op
  [3/4]  bench  MerkleCommit/sha256/Item1000/Count10  16,163 ns/op   15,654 B/op   107 allocs/op
  [4/4]  bench  MerkleCommit/sha256/Item1000/Count10  16,157 ns/op ±1%   15,655 B/op ±0%   107 allocs/op    4.05s
  [1/4]  bench  MerkleCommit/sha256/Item1000/Count100  77,524 ns/op   134,556 B/op   761 allocs/op
  [2/4]  bench  MerkleCommit/sha256/Item1000/Count100  77,593 ns/op   134,555 B/op   761 allocs/op
  [3/4]  bench  MerkleCommit/sha256/Item1000/Count100  77,416 ns/op   134,557 B/op   761 allocs/op
  [4/4]  bench  MerkleCommit/sha256/Item1000/Count100  77,538 ns/op ±1%   134,558 B/op ±0%   761 allocs/op    5.95s
  [1/4]  bench  MerkleCommit/sha256/Item1000/Count1000  423,369 ns/op   1,305,438 B/op   7,096 allocs/op
  [2/4]  bench  MerkleCommit/sha256/Item1000/Count1000  420,704 ns/op   1,305,452 B/op   7,097 allocs/op
  [3/4]  bench  MerkleCommit/sha256/Item1000/Count1000  420,849 ns/op   1,305,455 B/op   7,097 allocs/op
  [4/4]  bench  MerkleCommit/sha256/Item1000/Count1000  421,154 ns/op ±1%   1,305,458 B/op ±0%   7,097 allocs/op ±0%    3.67s
  [1/4]  bench  MerkleCommit/sha256/Item1000/Count10000  2,903,941 ns/op   12,995,265 B/op   70,182 allocs/op
  [2/4]  bench  MerkleCommit/sha256/Item1000/Count10000  2,879,458 ns/op   12,995,248 B/op   70,182 allocs/op
  [3/4]  bench  MerkleCommit/sha256/Item1000/Count10000  2,867,851 ns/op   12,995,202 B/op   70,181 allocs/op
  [4/4]  bench  MerkleCommit/sha256/Item1000/Count10000  2,885,234 ns/op ±2%   12,995,222 B/op ±0%   70,181 allocs/op ±0%    4.33s
  [1/4]  bench  MerkleCommit/sha256/Item1000/Count100000  26,840,434 ns/op   129,656,102 B/op   700,270 allocs/op
  [2/4]  bench  MerkleCommit/sha256/Item1000/Count100000  27,032,289 ns/op   129,655,994 B/op   700,269 allocs/op
  [3/4]  bench  MerkleCommit/sha256/Item1000/Count100000  26,790,507 ns/op   129,655,955 B/op   700,269 allocs/op
  [4/4]  bench  MerkleCommit/sha256/Item1000/Count100000  26,696,899 ns/op ±2%   129,655,998 B/op ±0%   700,269 allocs/op ±0%    3.73s
  [1/4]  bench  MerkleCommit/sha256/Item100000/Count10  227,552 ns/op   1,071,208 B/op   115 allocs/op
  [2/4]  bench  MerkleCommit/sha256/Item100000/Count10  229,678 ns/op   1,071,208 B/op   115 allocs/op
  [3/4]  bench  MerkleCommit/sha256/Item100000/Count10  229,115 ns/op   1,071,212 B/op   115 allocs/op
  [4/4]  bench  MerkleCommit/sha256/Item100000/Count10  229,399 ns/op ±1%   1,071,212 B/op ±0%   115 allocs/op    3.7s
  [1/4]  bench  MerkleCommit/sha256/Item100000/Count100  1,494,934 ns/op   10,683,720 B/op   780 allocs/op
  [2/4]  bench  MerkleCommit/sha256/Item100000/Count100  1,505,739 ns/op   10,683,716 B/op   780 allocs/op
  [3/4]  bench  MerkleCommit/sha256/Item100000/Count100  1,501,370 ns/op   10,683,715 B/op   780 allocs/op
  [4/4]  bench  MerkleCommit/sha256/Item100000/Count100  1,505,297 ns/op ±1%   10,683,718 B/op ±0%   780 allocs/op    4.12s
  [1/4]  bench  MerkleCommit/sha256/Item100000/Count1000  14,405,117 ns/op   106,779,721 B/op   7,112 allocs/op
  [2/4]  bench  MerkleCommit/sha256/Item100000/Count1000  14,406,903 ns/op   106,779,647 B/op   7,111 allocs/op
  [3/4]  bench  MerkleCommit/sha256/Item100000/Count1000  14,458,992 ns/op   106,779,624 B/op   7,111 allocs/op
  [4/4]  bench  MerkleCommit/sha256/Item100000/Count1000  14,463,094 ns/op ±1%   106,779,597 B/op ±0%   7,111 allocs/op ±0%    3.49s
  [1/4]  bench  MerkleCommit/sha256/Item100000/Count10000  136,526,562 ns/op   1,067,728,458 B/op   70,250 allocs/op
  [2/4]  bench  MerkleCommit/sha256/Item100000/Count10000  135,070,552 ns/op   1,067,727,861 B/op   70,245 allocs/op
  [3/4]  bench  MerkleCommit/sha256/Item100000/Count10000  134,660,153 ns/op   1,067,726,974 B/op   70,236 allocs/op
  [4/4]  bench  MerkleCommit/sha256/Item100000/Count10000  134,473,563 ns/op ±1%   1,067,727,601 B/op ±0%   70,243 allocs/op ±0%    3.61s
  [1/4]  bench  MerkleCommit/sha256/Item100000/Count100000  1,073,818,250 ns/op   10,676,913,096 B/op   700,478 allocs/op
  [2/4]  bench  MerkleCommit/sha256/Item100000/Count100000  1,099,125,355 ns/op   10,676,914,104 B/op   700,481 allocs/op
  [3/4]  bench  MerkleCommit/sha256/Item100000/Count100000  1,092,201,500 ns/op   10,676,919,203 B/op   700,541 allocs/op
  [4/4]  bench  MerkleCommit/sha256/Item100000/Count100000  1,103,863,896 ns/op ±3%   10,676,920,368 B/op ±0%   700,545 allocs/op ±0%    3.34s
  [1/4]  bench  AppendMsgBlockHeader                  36.9 ns/op   27.1 MB/s   0.000 B/op   0.000 allocs/op
  [2/4]  bench  AppendMsgBlockHeader                  36.7 ns/op   27.2 MB/s   0.000 B/op   0.000 allocs/op
  [3/4]  bench  AppendMsgBlockHeader                  36.8 ns/op   27.2 MB/s   0.000 B/op   0.000 allocs/op
  [4/4]  bench  AppendMsgBlockHeader                  36.7 ns/op ±0%   27.2 MB/s ±0%   0.000 B/op   0.000 allocs/op    3.7s
  [1/4]  bench  AppendMsgSignedTxn                    74.7 ns/op   13.4 MB/s   0.000 B/op   0.000 allocs/op
  [2/4]  bench  AppendMsgSignedTxn                    75.0 ns/op   13.3 MB/s   0.000 B/op   0.000 allocs/op
  [3/4]  bench  AppendMsgSignedTxn                    74.9 ns/op   13.4 MB/s   0.000 B/op   0.000 allocs/op
  [4/4]  bench  AppendMsgSignedTxn                    75.0 ns/op ±1%   13.3 MB/s ±1%   0.000 B/op   0.000 allocs/op    3.85s
  [1/4]  bench  PaysetGroups                          5,548 ns/op   116,038 B/op   8.00 allocs/op
  [2/4]  bench  PaysetGroups                          5,569 ns/op   123,353 B/op   8.00 allocs/op
  [3/4]  bench  PaysetGroups                          5,558 ns/op   122,429 B/op   8.00 allocs/op
  [4/4]  bench  PaysetGroups                          5,570 ns/op ±1%   122,199 B/op ±6%   8.00 allocs/op    25.03s
  [1/4]  bench  Txn                                   41,740 ns/op   9,434 B/op   12.0 allocs/op
  [2/4]  bench  Txn                                   41,704 ns/op   9,433 B/op   12.0 allocs/op
  [3/4]  bench  Txn                                   41,633 ns/op   9,434 B/op   12.0 allocs/op
  [4/4]  bench  Txn                                   41,611 ns/op ±0%   9,433 B/op ±0%   12.0 allocs/op    9.11s
  [1/4]  bench  TxHandlerProcessing/processDecoded    9,503 ns/op   3,760 B/op   32.0 allocs/op
  [2/4]  bench  TxHandlerProcessing/processDecoded    9,607 ns/op   3,760 B/op   32.0 allocs/op
  [3/4]  bench  TxHandlerProcessing/processDecoded    9,928 ns/op   3,760 B/op   32.0 allocs/op
  [4/4]  bench  TxHandlerProcessing/processDecoded    9,842 ns/op ±5%   3,760 B/op   32.0 allocs/op    9.71s
  [1/4]  bench  TxHandlerProcessing/verify.TxnGroup   42,073 ns/op   11,328 B/op   16.0 allocs/op
  [2/4]  bench  TxHandlerProcessing/verify.TxnGroup   41,932 ns/op   11,328 B/op   16.0 allocs/op
  [3/4]  bench  TxHandlerProcessing/verify.TxnGroup   41,921 ns/op   11,328 B/op   16.0 allocs/op
  [4/4]  bench  TxHandlerProcessing/verify.TxnGroup   41,873 ns/op ±0%   11,328 B/op   16.0 allocs/op    6.55s
  [1/4]  bench  CompactDeltas/account-deltas          1,569,009 ns/op   4,138,318 B/op   0.000 allocs/op
  [2/4]  bench  CompactDeltas/account-deltas          1,508,626 ns/op   4,133,761 B/op   0.000 allocs/op
  [3/4]  bench  CompactDeltas/account-deltas          1,478,333 ns/op   4,135,436 B/op   0.000 allocs/op
  [4/4]  bench  CompactDeltas/account-deltas          1,460,184 ns/op ±6%   4,141,586 B/op ±0%   0.000 allocs/op    17.49s
