  [1/4]  bench  MerkleCommit/sha512_256/Item10/Count10  14,441 ns/op   6,075 B/op   107 allocs/op
  [2/4]  bench  MerkleCommit/sha512_256/Item10/Count10  14,402 ns/op   6,079 B/op   107 allocs/op
  [3/4]  bench  MerkleCommit/sha512_256/Item10/Count10  14,338 ns/op   6,077 B/op   107 allocs/op
  [4/4]  bench  MerkleCommit/sha512_256/Item10/Count10  14,286 ns/op ±1%   6,079 B/op ±0%   107 allocs/op    4.04s
  [1/4]  bench  MerkleCommit/sha512_256/Item10/Count100  55,764 ns/op   34,666 B/op   760 allocs/op
  [2/4]  bench  MerkleCommit/sha512_256/Item10/Count100  55,879 ns/op   34,673 B/op   761 allocs/op
  [3/4]  bench  MerkleCommit/sha512_256/Item10/Count100  55,181 ns/op   34,675 B/op   761 allocs/op
  [4/4]  bench  MerkleCommit/sha512_256/Item10/Count100  55,293 ns/op ±2%   34,673 B/op ±0%   761 allocs/op ±0%    5.28s
  [1/4]  bench  MerkleCommit/sha512_256/Item10/Count1000  254,066 ns/op   299,070 B/op   7,091 allocs/op
  [2/4]  bench  MerkleCommit/sha512_256/Item10/Count1000  256,385 ns/op   299,033 B/op   7,091 allocs/op
  [3/4]  bench  MerkleCommit/sha512_256/Item10/Count1000  255,577 ns/op   299,041 B/op   7,091 allocs/op
  [4/4]  bench  MerkleCommit/sha512_256/Item10/Count1000  255,962 ns/op ±1%   299,035 B/op ±0%   7,091 allocs/op    3.68s
  [1/4]  bench  MerkleCommit/sha512_256/Item10/Count10000  1,280,958 ns/op   2,920,729 B/op   70,184 allocs/op
  [2/4]  bench  MerkleCommit/sha512_256/Item10/Count10000  1,283,088 ns/op   2,920,587 B/op   70,183 allocs/op
  [3/4]  bench  MerkleCommit/sha512_256/Item10/Count10000  1,280,434 ns/op   2,920,624 B/op   70,183 allocs/op
  [4/4]  bench  MerkleCommit/sha512_256/Item10/Count10000  1,278,288 ns/op ±1%   2,920,622 B/op ±0%   70,183 allocs/op ±0%    3.93s
  [1/4]  bench  MerkleCommit/sha512_256/Item10/Count100000  7,914,827 ns/op   28,866,627 B/op   700,283 allocs/op
  [2/4]  bench  MerkleCommit/sha512_256/Item10/Count100000  7,935,343 ns/op   28,866,375 B/op   700,282 allocs/op
  [3/4]  bench  MerkleCommit/sha512_256/Item10/Count100000  7,958,789 ns/op   28,866,228 B/op   700,280 allocs/op
  [4/4]  bench  MerkleCommit/sha512_256/Item10/Count100000  7,916,777 ns/op ±1%   28,866,323 B/op ±0%   700,281 allocs/op ±0%    5.99s
  [1/4]  bench  MerkleCommit/sha512_256/Item1000/Count10  23,467 ns/op   16,254 B/op   108 allocs/op
  [2/4]  bench  MerkleCommit/sha512_256/Item1000/Count10  23,064 ns/op   16,256 B/op   108 allocs/op
  [3/4]  bench  MerkleCommit/sha512_256/Item1000/Count10  23,346 ns/op   16,255 B/op   108 allocs/op
  [4/4]  bench  MerkleCommit/sha512_256/Item1000/Count10  23,291 ns/op ±3%   16,256 B/op ±0%   108 allocs/op    4.32s
  [1/4]  bench  MerkleCommit/sha512_256/Item1000/Count100  98,800 ns/op   135,909 B/op   763 allocs/op
  [2/4]  bench  MerkleCommit/sha512_256/Item1000/Count100  99,442 ns/op   135,895 B/op   763 allocs/op
  [3/4]  bench  MerkleCommit/sha512_256/Item1000/Count100  98,454 ns/op   135,907 B/op   763 allocs/op
  [4/4]  bench  MerkleCommit/sha512_256/Item1000/Count100  98,462 ns/op ±2%   135,907 B/op ±0%   763 allocs/op ±0%    5.38s
  [1/4]  bench  MerkleCommit/sha512_256/Item1000/Count1000  492,665 ns/op   1,308,391 B/op   7,100 allocs/op
  [2/4]  bench  MerkleCommit/sha512_256/Item1000/Count1000  491,492 ns/op   1,308,434 B/op   7,100 allocs/op
  [3/4]  bench  MerkleCommit/sha512_256/Item1000/Count1000  492,771 ns/op   1,308,438 B/op   7,100 allocs/op
  [4/4]  bench  MerkleCommit/sha512_256/Item1000/Count1000  492,909 ns/op ±1%   1,308,445 B/op ±0%   7,100 allocs/op    3.6s
  [1/4]  bench  MerkleCommit/sha512_256/Item1000/Count10000  3,315,578 ns/op   13,001,121 B/op   70,186 allocs/op
  [2/4]  bench  MerkleCommit/sha512_256/Item1000/Count10000  3,330,701 ns/op   13,001,168 B/op   70,187 allocs/op
  [3/4]  bench  MerkleCommit/sha512_256/Item1000/Count10000  3,331,586 ns/op   13,001,106 B/op   70,186 allocs/op
  [4/4]  bench  MerkleCommit/sha512_256/Item1000/Count10000  3,333,118 ns/op ±0%   13,001,114 B/op ±0%   70,186 allocs/op ±0%    4.55s
  [1/4]  bench  MerkleCommit/sha512_256/Item1000/Count100000  28,828,631 ns/op   129,665,472 B/op   700,274 allocs/op
  [2/4]  bench  MerkleCommit/sha512_256/Item1000/Count100000  28,655,163 ns/op   129,665,848 B/op   700,277 allocs/op
  [3/4]  bench  MerkleCommit/sha512_256/Item1000/Count100000  28,602,968 ns/op   129,665,792 B/op   700,277 allocs/op
  [4/4]  bench  MerkleCommit/sha512_256/Item1000/Count100000  28,602,245 ns/op ±1%   129,665,772 B/op ±0%   700,277 allocs/op ±0%    3.77s
  [1/4]  bench  MerkleCommit/sha512_256/Item100000/Count10  325,297 ns/op   1,072,407 B/op   117 allocs/op
  [2/4]  bench  MerkleCommit/sha512_256/Item100000/Count10  327,895 ns/op   1,072,395 B/op   117 allocs/op
  [3/4]  bench  MerkleCommit/sha512_256/Item100000/Count10  326,676 ns/op   1,072,392 B/op   117 allocs/op
  [4/4]  bench  MerkleCommit/sha512_256/Item100000/Count10  326,835 ns/op ±1%   1,072,394 B/op ±0%   117 allocs/op    3.73s
  [1/4]  bench  MerkleCommit/sha512_256/Item100000/Count100  1,929,914 ns/op   10,685,870 B/op   781 allocs/op
  [2/4]  bench  MerkleCommit/sha512_256/Item100000/Count100  1,943,806 ns/op   10,685,865 B/op   781 allocs/op
  [3/4]  bench  MerkleCommit/sha512_256/Item100000/Count100  1,942,283 ns/op   10,685,852 B/op   781 allocs/op
  [4/4]  bench  MerkleCommit/sha512_256/Item100000/Count100  1,948,968 ns/op ±1%   10,685,859 B/op ±0%   781 allocs/op    4.24s
  [1/4]  bench  MerkleCommit/sha512_256/Item100000/Count1000  17,711,871 ns/op   106,782,749 B/op   7,113 allocs/op
  [2/4]  bench  MerkleCommit/sha512_256/Item100000/Count1000  17,725,862 ns/op   106,782,572 B/op   7,112 allocs/op
  [3/4]  bench  MerkleCommit/sha512_256/Item100000/Count1000  17,740,100 ns/op   106,782,524 B/op   7,111 allocs/op
  [4/4]  bench  MerkleCommit/sha512_256/Item100000/Count1000  17,831,668 ns/op ±1%   106,782,537 B/op ±0%   7,111 allocs/op ±0%    3.59s
  [1/4]  bench  MerkleCommit/sha512_256/Item100000/Count10000  161,420,458 ns/op   1,067,734,565 B/op   70,261 allocs/op
  [2/4]  bench  MerkleCommit/sha512_256/Item100000/Count10000  162,330,947 ns/op   1,067,733,753 B/op   70,253 allocs/op
  [3/4]  bench  MerkleCommit/sha512_256/Item100000/Count10000  163,364,768 ns/op   1,067,733,706 B/op   70,251 allocs/op
  [4/4]  bench  MerkleCommit/sha512_256/Item100000/Count10000  164,099,079 ns/op ±1%   1,067,732,926 B/op ±0%   70,243 allocs/op ±0%    4.94s
  [1/4]  bench  MerkleCommit/sha512_256/Item100000/Count100000  1,359,089,417 ns/op   10,676,927,304 B/op   700,502 allocs/op
  [2/4]  bench  MerkleCommit/sha512_256/Item100000/Count100000  1,366,997,438 ns/op   10,676,926,136 B/op   700,499 allocs/op
  [3/4]  bench  MerkleCommit/sha512_256/Item100000/Count100000  1,351,731,445 ns/op   10,676,927,528 B/op   700,517 allocs/op
  [4/4]  bench  MerkleCommit/sha512_256/Item100000/Count100000  1,370,155,469 ns/op ±4%   10,676,927,880 B/op ±0%   700,518 allocs/op ±0%    4.12s
  [1/4]  bench  MerkleCommit/sumhash/Item10/Count10   53,084 ns/op   16,782 B/op   217 allocs/op
  [2/4]  bench  MerkleCommit/sumhash/Item10/Count10   52,894 ns/op   16,787 B/op   217 allocs/op
  [3/4]  bench  MerkleCommit/sumhash/Item10/Count10   52,821 ns/op   16,787 B/op   217 allocs/op
  [4/4]  bench  MerkleCommit/sumhash/Item10/Count10   52,900 ns/op ±0%   16,785 B/op ±0%   217 allocs/op    5.2s
  [1/4]  bench  MerkleCommit/sumhash/Item10/Count100  239,189 ns/op   134,888 B/op   1,723 allocs/op
  [2/4]  bench  MerkleCommit/sumhash/Item10/Count100  240,174 ns/op   134,871 B/op   1,723 allocs/op
  [3/4]  bench  MerkleCommit/sumhash/Item10/Count100  239,995 ns/op   134,873 B/op   1,723 allocs/op
  [4/4]  bench  MerkleCommit/sumhash/Item10/Count100  240,058 ns/op ±0%   134,865 B/op ±0%   1,723 allocs/op    3.69s
  [1/4]  bench  MerkleCommit/sumhash/Item10/Count1000  1,070,703 ns/op   1,268,946 B/op   16,243 allocs/op
  [2/4]  bench  MerkleCommit/sumhash/Item10/Count1000  1,070,428 ns/op   1,268,985 B/op   16,244 allocs/op
  [3/4]  bench  MerkleCommit/sumhash/Item10/Count1000  1,071,734 ns/op   1,268,921 B/op   16,243 allocs/op
  [4/4]  bench  MerkleCommit/sumhash/Item10/Count1000  1,071,951 ns/op ±0%   1,268,923 B/op ±0%   16,243 allocs/op ±0%    3.95s
  [1/4]  bench  MerkleCommit/sumhash/Item10/Count10000  6,407,805 ns/op   12,538,697 B/op   160,474 allocs/op
  [2/4]  bench  MerkleCommit/sumhash/Item10/Count10000  6,479,879 ns/op   12,538,381 B/op   160,471 allocs/op
  [3/4]  bench  MerkleCommit/sumhash/Item10/Count10000  6,459,040 ns/op   12,538,480 B/op   160,472 allocs/op
  [4/4]  bench  MerkleCommit/sumhash/Item10/Count10000  6,450,169 ns/op ±1%   12,538,532 B/op ±0%   160,472 allocs/op ±0%    5.53s
  [1/4]  bench  MerkleCommit/sumhash/Item10/Count100000  51,181,776 ns/op   124,885,418 B/op   1,600,648 allocs/op
  [2/4]  bench  MerkleCommit/sumhash/Item10/Count100000  51,156,417 ns/op   124,885,508 B/op   1,600,649 allocs/op
  [3/4]  bench  MerkleCommit/sumhash/Item10/Count100000  50,963,224 ns/op   124,885,839 B/op   1,600,653 allocs/op
  [4/4]  bench  MerkleCommit/sumhash/Item10/Count100000  51,271,544 ns/op ±2%   124,885,609 B/op ±0%   1,600,650 allocs/op ±0%    3.45s
  [1/4]  bench  MerkleCommit/sumhash/Item1000/Count10  107,483 ns/op   28,663 B/op   233 allocs/op
  [2/4]  bench  MerkleCommit/sumhash/Item1000/Count10  108,426 ns/op   28,657 B/op   233 allocs/op
  [3/4]  bench  MerkleCommit/sumhash/Item1000/Count10  108,235 ns/op   28,658 B/op   233 allocs/op
  [4/4]  bench  MerkleCommit/sumhash/Item1000/Count10  108,099 ns/op ±1%   28,660 B/op ±0%   233 allocs/op    3.28s
  [1/4]  bench  MerkleCommit/sumhash/Item1000/Count100  466,571 ns/op   250,136 B/op   1,843 allocs/op
  [2/4]  bench  MerkleCommit/sumhash/Item1000/Count100  463,166 ns/op   250,185 B/op   1,844 allocs/op
  [3/4]  bench  MerkleCommit/sumhash/Item1000/Count100  462,703 ns/op   250,164 B/op   1,843 allocs/op
  [4/4]  bench  MerkleCommit/sumhash/Item1000/Count100  461,663 ns/op ±1%   250,175 B/op ±0%   1,844 allocs/op ±0%    3.76s
  [1/4]  bench  MerkleCommit/sumhash/Item1000/Count1000  2,599,980 ns/op   2,406,079 B/op   17,256 allocs/op
  [2/4]  bench  MerkleCommit/sumhash/Item1000/Count1000  2,557,746 ns/op   2,406,383 B/op   17,260 allocs/op
  [3/4]  bench  MerkleCommit/sumhash/Item1000/Count1000  2,560,107 ns/op   2,406,360 B/op   17,260 allocs/op
  [4/4]  bench  MerkleCommit/sumhash/Item1000/Count1000  2,547,754 ns/op ±2%   2,406,419 B/op ±0%   17,260 allocs/op ±0%    4.38s
  [1/4]  bench  MerkleCommit/sumhash/Item1000/Count10000  20,695,958 ns/op   23,898,307 B/op   170,469 allocs/op
  [2/4]  bench  MerkleCommit/sumhash/Item1000/Count10000  20,246,267 ns/op   23,898,634 B/op   170,473 allocs/op
  [3/4]  bench  MerkleCommit/sumhash/Item1000/Count10000  20,214,235 ns/op   23,898,624 B/op   170,472 allocs/op
  [4/4]  bench  MerkleCommit/sumhash/Item1000/Count10000  20,069,083 ns/op ±3%   23,898,737 B/op ±0%   170,474 allocs/op ±0%    3.58s
  [1/4]  bench  MerkleCommit/sumhash/Item1000/Count100000  178,235,222 ns/op   238,486,653 B/op   1,700,657 allocs/op
  [2/4]  bench  MerkleCommit/sumhash/Item1000/Count100000  176,490,240 ns/op   238,486,816 B/op   1,700,659 allocs/op
  [3/4]  bench  MerkleCommit/sumhash/Item1000/Count100000  175,787,493 ns/op   238,486,927 B/op   1,700,660 allocs/op
  [4/4]  bench  MerkleCommit/sumhash/Item1000/Count100000  177,152,050 ns/op ±2%   238,486,961 B/op ±0%   1,700,660 allocs/op ±0%    3.73s
  [1/4]  bench  MerkleCommit/sumhash/Item100000/Count10  2,061,696 ns/op   1,085,597 B/op   259 allocs/op
  [2/4]  bench  MerkleCommit/sumhash/Item100000/Count10  2,087,123 ns/op   1,085,596 B/op   259 allocs/op
  [3/4]  bench  MerkleCommit/sumhash/Item100000/Count10  2,075,637 ns/op   1,085,598 B/op   259 allocs/op
  [4/4]  bench  MerkleCommit/sumhash/Item100000/Count10  2,077,964 ns/op ±1%   1,085,594 B/op ±0%   259 allocs/op    4.2s
  [1/4]  bench  MerkleCommit/sumhash/Item100000/Count100  15,027,192 ns/op   10,798,680 B/op   1,858 allocs/op
  [2/4]  bench  MerkleCommit/sumhash/Item100000/Count100  15,248,677 ns/op   10,798,612 B/op   1,857 allocs/op
  [3/4]  bench  MerkleCommit/sumhash/Item100000/Count100  15,136,112 ns/op   10,798,659 B/op   1,857 allocs/op
  [4/4]  bench  MerkleCommit/sumhash/Item100000/Count100  15,225,846 ns/op ±2%   10,798,641 B/op ±0%   1,857 allocs/op ±0%    3.65s
  [1/4]  bench  MerkleCommit/sumhash/Item100000/Count1000  131,741,958 ns/op   107,878,880 B/op   17,259 allocs/op
  [2/4]  bench  MerkleCommit/sumhash/Item100000/Count1000  133,258,797 ns/op   107,878,756 B/op   17,257 allocs/op
  [3/4]  bench  MerkleCommit/sumhash/Item100000/Count1000  132,983,255 ns/op   107,878,881 B/op   17,258 allocs/op
  [4/4]  bench  MerkleCommit/sumhash/Item100000/Count1000  134,221,356 ns/op ±2%   107,878,972 B/op ±0%   17,260 allocs/op ±0%    4.56s
  [1/4]  bench  MerkleCommit/sumhash/Item100000/Count10000  1,286,483,500 ns/op   1,078,626,744 B/op   170,501 allocs/op
  [2/4]  bench  MerkleCommit/sumhash/Item100000/Count10000  1,306,733,625 ns/op   1,078,626,040 B/op   170,498 allocs/op
  [3/4]  bench  MerkleCommit/sumhash/Item100000/Count10000  1,306,609,458 ns/op   1,078,626,851 B/op   170,502 allocs/op
  [4/4]  bench  MerkleCommit/sumhash/Item100000/Count10000  1,312,471,646 ns/op ±2%   1,078,626,708 B/op ±0%   170,501 allocs/op ±0%    3.96s
  [1/4]  bench  MerkleCommit/sumhash/Item100000/Count100000  12,736,961,875 ns/op   10,785,728,312 B/op   1,700,750 allocs/op
  [2/4]  bench  MerkleCommit/sumhash/Item100000/Count100000  12,745,881,563 ns/op   10,785,728,488 B/op   1,700,754 allocs/op
  [3/4]  bench  MerkleCommit/sumhash/Item100000/Count100000  12,675,354,875 ns/op   10,785,730,019 B/op   1,700,769 allocs/op
  [4/4]  bench  MerkleCommit/sumhash/Item100000/Count100000  12,612,171,500 ns/op ±1%   10,785,729,664 B/op ±0%   1,700,767 allocs/op ±0%    37.71s
  [1/4]  bench  MerkleCommit/sha256/Item10/Count10    8,972 ns/op   5,514 B/op   107 allocs/op
  [2/4]  bench  MerkleCommit/sha256/Item10/Count10    9,083 ns/op   5,514 B/op   107 allocs/op
  [3/4]  bench  MerkleCommit/sha256/Item10/Count10    9,104 ns/op   5,514 B/op   107 allocs/op
  [4/4]  bench  MerkleCommit/sha256/Item10/Count10    9,152 ns/op ±2%   5,514 B/op   107 allocs/op    3.86s
  [1/4]  bench  MerkleCommit/sha256/Item10/Count100   45,227 ns/op   33,535 B/op   759 allocs/op
  [2/4]  bench  MerkleCommit/sha256/Item10/Count100   44,893 ns/op   33,547 B/op   759 allocs/op
  [3/4]  bench  MerkleCommit/sha256/Item10/Count100   44,878 ns/op   33,545 B/op   759 allocs/op
  [4/4]  bench  MerkleCommit/sha256/Item10/Count100   44,901 ns/op ±1%   33,546 B/op ±0%   759 allocs/op    4.97s
  [1/4]  bench  MerkleCommit/sha256/Item10/Count1000  214,361 ns/op   296,474 B/op   7,087 allocs/op
  [2/4]  bench  MerkleCommit/sha256/Item10/Count1000  214,692 ns/op   296,476 B/op   7,087 allocs/op
  [3/4]  bench  MerkleCommit/sha256/Item10/Count1000  215,556 ns/op   296,465 B/op   7,087 allocs/op
  [4/4]  bench  MerkleCommit/sha256/Item10/Count1000  215,176 ns/op ±1%   296,472 B/op ±0%   7,087 allocs/op    3.69s
  [1/4]  bench  MerkleCommit/sha256/Item10/Count10000  1,109,374 ns/op   2,914,504 B/op   70,175 allocs/op
  [2/4]  bench  MerkleCommit/sha256/Item10/Count10000  1,103,302 ns/op   2,914,580 B/op   70,176 allocs/op
  [3/4]  bench  MerkleCommit/sha256/Item10/Count10000  1,105,926 ns/op   2,914,555 B/op   70,175 allocs/op
  [4/4]  bench  MerkleCommit/sha256/Item10/Count10000  1,103,183 ns/op ±1%   2,914,580 B/op ±0%   70,176 allocs/op ±0%    3.93s
  [1/4]  bench  MerkleCommit/sha256/Item10/Count100000  7,129,396 ns/op   28,855,935 B/op   700,270 allocs/op
  [2/4]  bench  MerkleCommit/sha256/Item10/Count100000  7,098,792 ns/op   28,855,930 B/op   700,270 allocs/op
  [3/4]  bench  MerkleCommit/sha256/Item10/Count100000  7,023,018 ns/op   28,856,043 B/op   700,271 allocs/op
  [4/4]  bench  MerkleCommit/sha256/Item10/Count100000  7,079,884 ns/op ±3%   28,855,990 B/op ±0%   700,271 allocs/op ±0%    5.76s
  [1/4]  bench  MerkleCommit/sha256/Item1000/Count10  15,522 ns/op   15,651 B/op   107 allocs/op
  [2/4]  bench  MerkleCommit/sha256/Item1000/Count10  15,838 ns/op   15,653 B/op   107 allocs/op
  [3/4]  bench  MerkleCommit/sha256/Item1000/Count10  15,958 ns/op   15,653 B/op   107 allocs/op
  [4/4]  bench  MerkleCommit/sha256/Item1000/Count10  15,977 ns/op ±2%   15,653 B/op ±0%   107 allocs/op    4.05s
  [1/4]  bench  MerkleCommit/sha256/Item1000/Count100  79,841 ns/op   134,553 B/op   761 allocs/op
  [2/4]  bench  MerkleCommit/sha256/Item1000/Count100  79,241 ns/op   134,561 B/op   761 allocs/op
  [3/4]  bench  MerkleCommit/sha256/Item1000/Count100  79,095 ns/op   134,561 B/op   761 allocs/op
  [4/4]  bench  MerkleCommit/sha256/Item1000/Count100  79,204 ns/op ±1%   134,559 B/op ±0%   761 allocs/op    5.99s
  [1/4]  bench  MerkleCommit/sha256/Item1000/Count1000  420,935 ns/op   1,305,479 B/op   7,097 allocs/op
  [2/4]  bench  MerkleCommit/sha256/Item1000/Count1000  424,017 ns/op   1,305,450 B/op   7,097 allocs/op
  [3/4]  bench  MerkleCommit/sha256/Item1000/Count1000  422,455 ns/op   1,305,462 B/op   7,097 allocs/op
  [4/4]  bench  MerkleCommit/sha256/Item1000/Count1000  423,215 ns/op ±1%   1,305,454 B/op ±0%   7,097 allocs/op ±0%    3.78s
  [1/4]  bench  MerkleCommit/sha256/Item1000/Count10000  2,944,266 ns/op   12,995,315 B/op   70,182 allocs/op
  [2/4]  bench  MerkleCommit/sha256/Item1000/Count10000  2,921,595 ns/op   12,995,216 B/op   70,181 allocs/op
  [3/4]  bench  MerkleCommit/sha256/Item1000/Count10000  2,858,830 ns/op   12,995,200 B/op   70,181 allocs/op
  [4/4]  bench  MerkleCommit/sha256/Item1000/Count10000  2,884,745 ns/op ±4%   12,995,193 B/op ±0%   70,181 allocs/op ±0%    4.37s
  [1/4]  bench  MerkleCommit/sha256/Item1000/Count100000  26,953,866 ns/op   129,656,113 B/op   700,270 allocs/op
  [2/4]  bench  MerkleCommit/sha256/Item1000/Count100000  26,872,890 ns/op   129,656,017 B/op   700,269 allocs/op
  [3/4]  bench  MerkleCommit/sha256/Item1000/Count100000  26,825,916 ns/op   129,656,147 B/op   700,270 allocs/op
  [4/4]  bench  MerkleCommit/sha256/Item1000/Count100000  26,844,800 ns/op ±0%   129,656,131 B/op ±0%   700,270 allocs/op ±0%    3.67s
  [1/4]  bench  MerkleCommit/sha256/Item100000/Count10  231,511 ns/op   1,071,225 B/op   115 allocs/op
  [2/4]  bench  MerkleCommit/sha256/Item100000/Count10  230,976 ns/op   1,071,224 B/op   115 allocs/op
  [3/4]  bench  MerkleCommit/sha256/Item100000/Count10  231,647 ns/op   1,071,222 B/op   115 allocs/op
  [4/4]  bench  MerkleCommit/sha256/Item100000/Count10  231,471 ns/op ±1%   1,071,223 B/op ±0%   115 allocs/op    3.62s
  [1/4]  bench  MerkleCommit/sha256/Item100000/Count100  1,532,972 ns/op   10,683,708 B/op   780 allocs/op
  [2/4]  bench  MerkleCommit/sha256/Item100000/Count100  1,517,387 ns/op   10,683,715 B/op   780 allocs/op
  [3/4]  bench  MerkleCommit/sha256/Item100000/Count100  1,517,353 ns/op   10,683,720 B/op   780 allocs/op
  [4/4]  bench  MerkleCommit/sha256/Item100000/Count100  1,514,571 ns/op ±1%   10,683,721 B/op ±0%   780 allocs/op    4.08s
  [1/4]  bench  MerkleCommit/sha256/Item100000/Count1000  14,529,926 ns/op   106,779,769 B/op   7,113 allocs/op
  [2/4]  bench  MerkleCommit/sha256/Item100000/Count1000  14,474,923 ns/op   106,779,767 B/op   7,113 allocs/op
  [3/4]  bench  MerkleCommit/sha256/Item100000/Count1000  14,487,801 ns/op   106,779,752 B/op   7,112 allocs/op
  [4/4]  bench  MerkleCommit/sha256/Item100000/Count1000  14,487,696 ns/op ±0%   106,779,706 B/op ±0%   7,112 allocs/op ±0%    3.62s
  [1/4]  bench  MerkleCommit/sha256/Item100000/Count10000  130,499,578 ns/op   1,067,724,840 B/op   70,217 allocs/op
  [2/4]  bench  MerkleCommit/sha256/Item100000/Count10000  131,063,388 ns/op   1,067,725,049 B/op   70,220 allocs/op
  [3/4]  bench  MerkleCommit/sha256/Item100000/Count10000  131,033,296 ns/op   1,067,726,186 B/op   70,231 allocs/op
  [4/4]  bench  MerkleCommit/sha256/Item100000/Count10000  132,255,747 ns/op ±2%   1,067,726,584 B/op ±0%   70,234 allocs/op ±0%    3.71s
  [1/4]  bench  MerkleCommit/sha256/Item100000/Count100000  1,144,108,333 ns/op   10,676,931,960 B/op   700,626 allocs/op
  [2/4]  bench  MerkleCommit/sha256/Item100000/Count100000  1,102,412,792 ns/op   10,676,915,392 B/op   700,507 allocs/op
  [3/4]  bench  MerkleCommit/sha256/Item100000/Count100000  1,081,161,444 ns/op   10,676,911,528 B/op   700,481 allocs/op
  [4/4]  bench  MerkleCommit/sha256/Item100000/Count100000  1,074,554,365 ns/op ±5%   10,676,912,588 B/op ±0%   700,495 allocs/op ±0%    3.15s
  [1/4]  bench  AppendMsgBlockHeader                  36.7 ns/op   27.3 MB/s   0.000 B/op   0.000 allocs/op
  [2/4]  bench  AppendMsgBlockHeader                  36.5 ns/op   27.4 MB/s   0.000 B/op   0.000 allocs/op
  [3/4]  bench  AppendMsgBlockHeader                  36.5 ns/op   27.4 MB/s   0.000 B/op   0.000 allocs/op
  [4/4]  bench  AppendMsgBlockHeader                  36.5 ns/op ±1%   27.4 MB/s ±1%   0.000 B/op   0.000 allocs/op    3.73s
  [1/4]  bench  AppendMsgSignedTxn                    74.5 ns/op   13.4 MB/s   0.000 B/op   0.000 allocs/op
  [2/4]  bench  AppendMsgSignedTxn                    74.3 ns/op   13.5 MB/s   0.000 B/op   0.000 allocs/op
  [3/4]  bench  AppendMsgSignedTxn                    74.4 ns/op   13.4 MB/s   0.000 B/op   0.000 allocs/op
  [4/4]  bench  AppendMsgSignedTxn                    74.3 ns/op ±0%   13.5 MB/s ±0%   0.000 B/op   0.000 allocs/op    3.84s
  [1/4]  bench  PaysetGroups                          5,763 ns/op   130,952 B/op   8.00 allocs/op
  [2/4]  bench  PaysetGroups                          5,758 ns/op   130,152 B/op   8.00 allocs/op
  [3/4]  bench  PaysetGroups                          5,702 ns/op   130,929 B/op   8.00 allocs/op
  [4/4]  bench  PaysetGroups                          5,660 ns/op ±2%   130,792 B/op ±1%   8.00 allocs/op    26.1s
  [1/4]  bench  Txn                                   41,310 ns/op   9,432 B/op   12.0 allocs/op
  [2/4]  bench  Txn                                   41,126 ns/op   9,433 B/op   12.0 allocs/op
  [3/4]  bench  Txn                                   41,087 ns/op   9,433 B/op   12.0 allocs/op
  [4/4]  bench  Txn                                   41,027 ns/op ±1%   9,432 B/op ±0%   12.0 allocs/op    9.05s
  [1/4]  bench  TxHandlerProcessing/processDecoded    9,405 ns/op   3,760 B/op   32.0 allocs/op
  [2/4]  bench  TxHandlerProcessing/processDecoded    9,469 ns/op   3,760 B/op   32.0 allocs/op
  [3/4]  bench  TxHandlerProcessing/processDecoded    9,483 ns/op   3,760 B/op   32.0 allocs/op
  [4/4]  bench  TxHandlerProcessing/processDecoded    9,512 ns/op ±1%   3,760 B/op   32.0 allocs/op    9.63s
  [1/4]  bench  TxHandlerProcessing/verify.TxnGroup   41,210 ns/op   11,328 B/op   16.0 allocs/op
  [2/4]  bench  TxHandlerProcessing/verify.TxnGroup   41,371 ns/op   11,328 B/op   16.0 allocs/op
  [3/4]  bench  TxHandlerProcessing/verify.TxnGroup   41,424 ns/op   11,328 B/op   16.0 allocs/op
  [4/4]  bench  TxHandlerProcessing/verify.TxnGroup   41,386 ns/op ±0%   11,328 B/op   16.0 allocs/op    6.55s
  [1/4]  bench  CompactDeltas/account-deltas          1,518,528 ns/op   4,126,526 B/op   0.000 allocs/op
  [2/4]  bench  CompactDeltas/account-deltas          1,458,615 ns/op   4,135,325 B/op   0.000 allocs/op
  [3/4]  bench  CompactDeltas/account-deltas          1,436,509 ns/op   4,137,575 B/op   0.000 allocs/op
  [4/4]  bench  CompactDeltas/account-deltas          1,424,131 ns/op ±5%   4,139,298 B/op ±0%   0.000 allocs/op    17.18s
