  [1/4]  bench  MerkleCommit/sha512_256/Item10/Count10  13,912 ns/op   6,069 B/op   107 allocs/op
  [2/4]  bench  MerkleCommit/sha512_256/Item10/Count10  14,128 ns/op   6,075 B/op   107 allocs/op
  [3/4]  bench  MerkleCommit/sha512_256/Item10/Count10  14,276 ns/op   6,075 B/op   107 allocs/op
  [4/4]  bench  MerkleCommit/sha512_256/Item10/Count10  14,262 ns/op ±2%   6,076 B/op ±0%   107 allocs/op    4.09s
  [1/4]  bench  MerkleCommit/sha512_256/Item10/Count100  56,137 ns/op   34,664 B/op   760 allocs/op
  [2/4]  bench  MerkleCommit/sha512_256/Item10/Count100  55,851 ns/op   34,672 B/op   761 allocs/op
  [3/4]  bench  MerkleCommit/sha512_256/Item10/Count100  55,780 ns/op   34,676 B/op   761 allocs/op
  [4/4]  bench  MerkleCommit/sha512_256/Item10/Count100  55,790 ns/op ±1%   34,672 B/op ±0%   761 allocs/op ±0%    5.31s
  [1/4]  bench  MerkleCommit/sha512_256/Item10/Count1000  253,944 ns/op   299,045 B/op   7,091 allocs/op
  [2/4]  bench  MerkleCommit/sha512_256/Item10/Count1000  255,739 ns/op   299,038 B/op   7,091 allocs/op
  [3/4]  bench  MerkleCommit/sha512_256/Item10/Count1000  255,183 ns/op   299,043 B/op   7,091 allocs/op
  [4/4]  bench  MerkleCommit/sha512_256/Item10/Count1000  256,120 ns/op ±1%   299,034 B/op ±0%   7,091 allocs/op    3.73s
  [1/4]  bench  MerkleCommit/sha512_256/Item10/Count10000  1,277,781 ns/op   2,920,678 B/op   70,183 allocs/op
  [2/4]  bench  MerkleCommit/sha512_256/Item10/Count10000  1,288,201 ns/op   2,920,587 B/op   70,183 allocs/op
  [3/4]  bench  MerkleCommit/sha512_256/Item10/Count10000  1,282,949 ns/op   2,920,584 B/op   70,183 allocs/op
  [4/4]  bench  MerkleCommit/sha512_256/Item10/Count10000  1,282,130 ns/op ±1%   2,920,581 B/op ±0%   70,183 allocs/op ±0%    3.94s
  [1/4]  bench  MerkleCommit/sha512_256/Item10/Count100000  7,845,253 ns/op   28,866,398 B/op   700,281 allocs/op
  [2/4]  bench  MerkleCommit/sha512_256/Item10/Count100000  7,882,097 ns/op   28,866,299 B/op   700,281 allocs/op
  [3/4]  bench  MerkleCommit/sha512_256/Item10/Count100000  7,920,582 ns/op   28,866,203 B/op   700,280 allocs/op
  [4/4]  bench  MerkleCommit/sha512_256/Item10/Count100000  7,872,244 ns/op ±2%   28,866,275 B/op ±0%   700,281 allocs/op ±0%    5.96s
  [1/4]  bench  MerkleCommit/sha512_256/Item1000/Count10  23,161 ns/op   16,254 B/op   108 allocs/op
  [2/4]  bench  MerkleCommit/sha512_256/Item1000/Count10  23,252 ns/op   16,257 B/op   108 allocs/op
  [3/4]  bench  MerkleCommit/sha512_256/Item1000/Count10  23,266 ns/op   16,257 B/op   108 allocs/op
  [4/4]  bench  MerkleCommit/sha512_256/Item1000/Count10  23,169 ns/op ±1%   16,257 B/op ±0%   108 allocs/op    4.29s
  [1/4]  bench  MerkleCommit/sha512_256/Item1000/Count100  100,496 ns/op   135,883 B/op   763 allocs/op
  [2/4]  bench  MerkleCommit/sha512_256/Item1000/Count100  99,200 ns/op   135,892 B/op   763 allocs/op
  [3/4]  bench  MerkleCommit/sha512_256/Item1000/Count100  98,201 ns/op   135,906 B/op   763 allocs/op
  [4/4]  bench  MerkleCommit/sha512_256/Item1000/Count100  97,700 ns/op ±2%   135,905 B/op ±0%   763 allocs/op ±0%    6.52s
  [1/4]  bench  MerkleCommit/sha512_256/Item1000/Count1000  499,083 ns/op   1,308,401 B/op   7,100 allocs/op
  [2/4]  bench  MerkleCommit/sha512_256/Item1000/Count1000  495,681 ns/op   1,308,439 B/op   7,100 allocs/op
  [3/4]  bench  MerkleCommit/sha512_256/Item1000/Count1000  496,487 ns/op   1,308,439 B/op   7,100 allocs/op
  [4/4]  bench  MerkleCommit/sha512_256/Item1000/Count1000  495,939 ns/op ±1%   1,308,450 B/op ±0%   7,100 allocs/op    3.74s
  [1/4]  bench  MerkleCommit/sha512_256/Item1000/Count10000  3,408,026 ns/op   13,001,004 B/op   70,185 allocs/op
  [2/4]  bench  MerkleCommit/sha512_256/Item1000/Count10000  3,378,563 ns/op   13,001,092 B/op   70,186 allocs/op
  [3/4]  bench  MerkleCommit/sha512_256/Item1000/Count10000  3,400,329 ns/op   13,001,032 B/op   70,185 allocs/op
  [4/4]  bench  MerkleCommit/sha512_256/Item1000/Count10000  3,395,969 ns/op ±1%   13,001,081 B/op ±0%   70,186 allocs/op ±0%    4.64s
  [1/4]  bench  MerkleCommit/sha512_256/Item1000/Count100000  28,752,164 ns/op   129,665,139 B/op   700,272 allocs/op
  [2/4]  bench  MerkleCommit/sha512_256/Item1000/Count100000  28,954,061 ns/op   129,665,501 B/op   700,274 allocs/op
  [3/4]  bench  MerkleCommit/sha512_256/Item1000/Count100000  28,761,050 ns/op   129,665,431 B/op   700,274 allocs/op
  [4/4]  bench  MerkleCommit/sha512_256/Item1000/Count100000  28,686,692 ns/op ±1%   129,665,567 B/op ±0%   700,275 allocs/op ±0%    3.53s
  [1/4]  bench  MerkleCommit/sha512_256/Item100000/Count10  327,667 ns/op   1,072,388 B/op   117 allocs/op
  [2/4]  bench  MerkleCommit/sha512_256/Item100000/Count10  329,968 ns/op   1,072,383 B/op   117 allocs/op
  [3/4]  bench  MerkleCommit/sha512_256/Item100000/Count10  329,389 ns/op   1,072,389 B/op   117 allocs/op
  [4/4]  bench  MerkleCommit/sha512_256/Item100000/Count10  328,902 ns/op ±1%   1,072,385 B/op ±0%   117 allocs/op    3.72s
  [1/4]  bench  MerkleCommit/sha512_256/Item100000/Count100  1,960,672 ns/op   10,685,854 B/op   781 allocs/op
  [2/4]  bench  MerkleCommit/sha512_256/Item100000/Count100  1,966,391 ns/op   10,685,859 B/op   781 allocs/op
  [3/4]  bench  MerkleCommit/sha512_256/Item100000/Count100  1,959,519 ns/op   10,685,855 B/op   781 allocs/op
  [4/4]  bench  MerkleCommit/sha512_256/Item100000/Count100  1,964,386 ns/op ±1%   10,685,846 B/op ±0%   781 allocs/op    4.22s
  [1/4]  bench  MerkleCommit/sha512_256/Item100000/Count1000  17,764,300 ns/op   106,782,688 B/op   7,113 allocs/op
  [2/4]  bench  MerkleCommit/sha512_256/Item100000/Count1000  17,926,500 ns/op   106,782,677 B/op   7,113 allocs/op
  [3/4]  bench  MerkleCommit/sha512_256/Item100000/Count1000  17,871,712 ns/op   106,782,701 B/op   7,113 allocs/op
  [4/4]  bench  MerkleCommit/sha512_256/Item100000/Count1000  17,930,472 ns/op ±1%   106,782,700 B/op ±0%   7,113 allocs/op    3.7s
  [1/4]  bench  MerkleCommit/sha512_256/Item100000/Count10000  164,419,655 ns/op   1,067,734,627 B/op   70,260 allocs/op
  [2/4]  bench  MerkleCommit/sha512_256/Item100000/Count10000  165,775,590 ns/op   1,067,733,481 B/op   70,249 allocs/op
  [3/4]  bench  MerkleCommit/sha512_256/Item100000/Count10000  165,262,006 ns/op   1,067,733,236 B/op   70,246 allocs/op
  [4/4]  bench  MerkleCommit/sha512_256/Item100000/Count10000  165,581,225 ns/op ±1%   1,067,733,663 B/op ±0%   70,251 allocs/op ±0%    3.97s
  [1/4]  bench  MerkleCommit/sha512_256/Item100000/Count100000  1,340,469,250 ns/op   10,676,919,176 B/op   700,429 allocs/op
  [2/4]  bench  MerkleCommit/sha512_256/Item100000/Count100000  1,360,447,375 ns/op   10,676,921,768 B/op   700,451 allocs/op
  [3/4]  bench  MerkleCommit/sha512_256/Item100000/Count100000  1,365,751,472 ns/op   10,676,926,531 B/op   700,494 allocs/op
  [4/4]  bench  MerkleCommit/sha512_256/Item100000/Count100000  1,374,516,635 ns/op ±2%   10,676,929,716 B/op ±0%   700,525 allocs/op ±0%    4.16s
  [1/4]  bench  MerkleCommit/sumhash/Item10/Count10   53,114 ns/op   16,783 B/op   217 allocs/op
  [2/4]  bench  MerkleCommit/sumhash/Item10/Count10   52,867 ns/op   16,791 B/op   217 allocs/op
  [3/4]  bench  MerkleCommit/sumhash/Item10/Count10   52,932 ns/op   16,786 B/op   217 allocs/op
  [4/4]  bench  MerkleCommit/sumhash/Item10/Count10   52,869 ns/op ±0%   16,788 B/op ±0%   217 allocs/op    5.2s
  [1/4]  bench  MerkleCommit/sumhash/Item10/Count100  242,493 ns/op   134,801 B/op   1,722 allocs/op
  [2/4]  bench  MerkleCommit/sumhash/Item10/Count100  240,872 ns/op   134,830 B/op   1,723 allocs/op
  [3/4]  bench  MerkleCommit/sumhash/Item10/Count100  241,345 ns/op   134,827 B/op   1,722 allocs/op
  [4/4]  bench  MerkleCommit/sumhash/Item10/Count100  240,452 ns/op ±1%   134,833 B/op ±0%   1,723 allocs/op ±0%    3.68s
  [1/4]  bench  MerkleCommit/sumhash/Item10/Count1000  1,086,923 ns/op   1,268,729 B/op   16,240 allocs/op
  [2/4]  bench  MerkleCommit/sumhash/Item10/Count1000  1,078,925 ns/op   1,268,842 B/op   16,242 allocs/op
  [3/4]  bench  MerkleCommit/sumhash/Item10/Count1000  1,083,012 ns/op   1,268,779 B/op   16,241 allocs/op
  [4/4]  bench  MerkleCommit/sumhash/Item10/Count1000  1,081,424 ns/op ±1%   1,268,815 B/op ±0%   16,242 allocs/op ±0%    3.95s
  [1/4]  bench  MerkleCommit/sumhash/Item10/Count10000  6,539,553 ns/op   12,537,921 B/op   160,465 allocs/op
  [2/4]  bench  MerkleCommit/sumhash/Item10/Count10000  6,497,347 ns/op   12,538,096 B/op   160,467 allocs/op
  [3/4]  bench  MerkleCommit/sumhash/Item10/Count10000  6,472,297 ns/op   12,538,227 B/op   160,469 allocs/op
  [4/4]  bench  MerkleCommit/sumhash/Item10/Count10000  6,496,512 ns/op ±1%   12,538,187 B/op ±0%   160,468 allocs/op ±0%    5.55s
  [1/4]  bench  MerkleCommit/sumhash/Item10/Count100000  50,226,578 ns/op   124,885,985 B/op   1,600,655 allocs/op
  [2/4]  bench  MerkleCommit/sumhash/Item10/Count100000  51,168,620 ns/op   124,885,785 B/op   1,600,653 allocs/op
  [3/4]  bench  MerkleCommit/sumhash/Item10/Count100000  51,055,650 ns/op   124,885,650 B/op   1,600,651 allocs/op
  [4/4]  bench  MerkleCommit/sumhash/Item10/Count100000  51,425,733 ns/op ±2%   124,885,540 B/op ±0%   1,600,649 allocs/op ±0%    3.53s
  [1/4]  bench  MerkleCommit/sumhash/Item1000/Count10  108,263 ns/op   28,663 B/op   233 allocs/op
  [2/4]  bench  MerkleCommit/sumhash/Item1000/Count10  108,115 ns/op   28,661 B/op   233 allocs/op
  [3/4]  bench  MerkleCommit/sumhash/Item1000/Count10  108,352 ns/op   28,660 B/op   233 allocs/op
  [4/4]  bench  MerkleCommit/sumhash/Item1000/Count10  107,874 ns/op ±1%   28,659 B/op ±0%   233 allocs/op    3.26s
  [1/4]  bench  MerkleCommit/sumhash/Item1000/Count100  463,516 ns/op   250,139 B/op   1,843 allocs/op
  [2/4]  bench  MerkleCommit/sumhash/Item1000/Count100  461,874 ns/op   250,191 B/op   1,844 allocs/op
  [3/4]  bench  MerkleCommit/sumhash/Item1000/Count100  462,227 ns/op   250,184 B/op   1,843 allocs/op
  [4/4]  bench  MerkleCommit/sumhash/Item1000/Count100  462,425 ns/op ±0%   250,186 B/op ±0%   1,843 allocs/op ±0%    3.74s
  [1/4]  bench  MerkleCommit/sumhash/Item1000/Count1000  2,526,548 ns/op   2,406,510 B/op   17,261 allocs/op
  [2/4]  bench  MerkleCommit/sumhash/Item1000/Count1000  2,520,783 ns/op   2,406,572 B/op   17,262 allocs/op
  [3/4]  bench  MerkleCommit/sumhash/Item1000/Count1000  2,534,517 ns/op   2,406,499 B/op   17,261 allocs/op
  [4/4]  bench  MerkleCommit/sumhash/Item1000/Count1000  2,527,283 ns/op ±1%   2,406,534 B/op ±0%   17,262 allocs/op ±0%    4.28s
  [1/4]  bench  MerkleCommit/sumhash/Item1000/Count10000  19,788,012 ns/op   23,898,646 B/op   170,473 allocs/op
  [2/4]  bench  MerkleCommit/sumhash/Item1000/Count10000  19,885,454 ns/op   23,898,573 B/op   170,472 allocs/op
  [3/4]  bench  MerkleCommit/sumhash/Item1000/Count10000  19,866,437 ns/op   23,898,657 B/op   170,473 allocs/op
  [4/4]  bench  MerkleCommit/sumhash/Item1000/Count10000  19,929,434 ns/op ±1%   23,898,494 B/op ±0%   170,471 allocs/op ±0%    3.52s
  [1/4]  bench  MerkleCommit/sumhash/Item1000/Count100000  174,068,222 ns/op   238,487,994 B/op   1,700,671 allocs/op
  [2/4]  bench  MerkleCommit/sumhash/Item1000/Count100000  176,860,247 ns/op   238,487,546 B/op   1,700,666 allocs/op
  [3/4]  bench  MerkleCommit/sumhash/Item1000/Count100000  175,708,535 ns/op   238,487,415 B/op   1,700,665 allocs/op
  [4/4]  bench  MerkleCommit/sumhash/Item1000/Count100000  176,563,651 ns/op ±2%   238,486,990 B/op ±0%   1,700,660 allocs/op ±0%    3.72s
  [1/4]  bench  MerkleCommit/sumhash/Item100000/Count10  2,043,958 ns/op   1,085,595 B/op   259 allocs/op
  [2/4]  bench  MerkleCommit/sumhash/Item100000/Count10  2,073,051 ns/op   1,085,591 B/op   259 allocs/op
  [3/4]  bench  MerkleCommit/sumhash/Item100000/Count10  2,065,337 ns/op   1,085,599 B/op   259 allocs/op
  [4/4]  bench  MerkleCommit/sumhash/Item100000/Count10  2,075,648 ns/op ±2%   1,085,594 B/op ±0%   259 allocs/op    4.25s
  [1/4]  bench  MerkleCommit/sumhash/Item100000/Count100  14,964,479 ns/op   10,798,629 B/op   1,857 allocs/op
  [2/4]  bench  MerkleCommit/sumhash/Item100000/Count100  14,997,388 ns/op   10,798,595 B/op   1,857 allocs/op
  [3/4]  bench  MerkleCommit/sumhash/Item100000/Count100  15,029,695 ns/op   10,798,604 B/op   1,857 allocs/op
  [4/4]  bench  MerkleCommit/sumhash/Item100000/Count100  15,128,205 ns/op ±2%   10,798,586 B/op ±0%   1,857 allocs/op ±0%    4.64s
  [1/4]  bench  MerkleCommit/sumhash/Item100000/Count1000  132,016,662 ns/op   107,879,188 B/op   17,262 allocs/op
  [2/4]  bench  MerkleCommit/sumhash/Item100000/Count1000  133,838,560 ns/op   107,879,139 B/op   17,262 allocs/op
  [3/4]  bench  MerkleCommit/sumhash/Item100000/Count1000  133,006,052 ns/op   107,879,003 B/op   17,260 allocs/op
  [4/4]  bench  MerkleCommit/sumhash/Item100000/Count1000  132,324,070 ns/op ±2%   107,879,083 B/op ±0%   17,261 allocs/op ±0%    3.58s
  [1/4]  bench  MerkleCommit/sumhash/Item100000/Count10000  1,296,117,750 ns/op   1,078,623,784 B/op   170,490 allocs/op
  [2/4]  bench  MerkleCommit/sumhash/Item100000/Count10000  1,292,491,021 ns/op   1,078,624,488 B/op   170,489 allocs/op
  [3/4]  bench  MerkleCommit/sumhash/Item100000/Count10000  1,300,495,653 ns/op   1,078,624,936 B/op   170,489 allocs/op
  [4/4]  bench  MerkleCommit/sumhash/Item100000/Count10000  1,304,861,271 ns/op ±1%   1,078,625,284 B/op ±0%   170,492 allocs/op ±0%    3.92s
  [1/4]  bench  MerkleCommit/sumhash/Item100000/Count100000  12,713,192,167 ns/op   10,785,729,128 B/op   1,700,773 allocs/op
  [2/4]  bench  MerkleCommit/sumhash/Item100000/Count100000  12,667,748,417 ns/op   10,785,728,976 B/op   1,700,764 allocs/op
  [3/4]  bench  MerkleCommit/sumhash/Item100000/Count100000  12,630,105,375 ns/op   10,785,727,117 B/op   1,700,752 allocs/op
  [4/4]  bench  MerkleCommit/sumhash/Item100000/Count100000  12,590,058,615 ns/op ±1%   10,785,728,468 B/op ±0%   1,700,760 allocs/op ±0%    37.65s
  [1/4]  bench  MerkleCommit/sha256/Item10/Count10    8,615 ns/op   5,513 B/op   107 allocs/op
  [2/4]  bench  MerkleCommit/sha256/Item10/Count10    8,847 ns/op   5,514 B/op   107 allocs/op
  [3/4]  bench  MerkleCommit/sha256/Item10/Count10    8,946 ns/op   5,514 B/op   107 allocs/op
  [4/4]  bench  MerkleCommit/sha256/Item10/Count10    9,031 ns/op ±4%   5,514 B/op ±0%   107 allocs/op    3.99s
  [1/4]  bench  MerkleCommit/sha256/Item10/Count100   43,969 ns/op   33,555 B/op   759 allocs/op
  [2/4]  bench  MerkleCommit/sha256/Item10/Count100   43,811 ns/op   33,557 B/op   759 allocs/op
  [3/4]  bench  MerkleCommit/sha256/Item10/Count100   44,170 ns/op   33,551 B/op   759 allocs/op
  [4/4]  bench  MerkleCommit/sha256/Item10/Count100   44,047 ns/op ±1%   33,553 B/op ±0%   759 allocs/op    4.96s
  [1/4]  bench  MerkleCommit/sha256/Item10/Count1000  217,947 ns/op   296,428 B/op   7,087 allocs/op
  [2/4]  bench  MerkleCommit/sha256/Item10/Count1000  215,686 ns/op   296,452 B/op   7,087 allocs/op
  [3/4]  bench  MerkleCommit/sha256/Item10/Count1000  215,451 ns/op   296,449 B/op   7,087 allocs/op
  [4/4]  bench  MerkleCommit/sha256/Item10/Count1000  215,047 ns/op ±1%   296,455 B/op ±0%   7,087 allocs/op    3.67s
  [1/4]  bench  MerkleCommit/sha256/Item10/Count10000  1,088,996 ns/op   2,914,636 B/op   70,176 allocs/op
  [2/4]  bench  MerkleCommit/sha256/Item10/Count10000  1,092,590 ns/op   2,914,641 B/op   70,176 allocs/op
  [3/4]  bench  MerkleCommit/sha256/Item10/Count10000  1,090,286 ns/op   2,914,606 B/op   70,176 allocs/op
  [4/4]  bench  MerkleCommit/sha256/Item10/Count10000  1,093,861 ns/op ±1%   2,914,581 B/op ±0%   70,176 allocs/op ±0%    3.87s
  [1/4]  bench  MerkleCommit/sha256/Item10/Count100000  7,026,981 ns/op   28,855,999 B/op   700,271 allocs/op
  [2/4]  bench  MerkleCommit/sha256/Item10/Count100000  7,014,827 ns/op   28,856,111 B/op   700,272 allocs/op
  [3/4]  bench  MerkleCommit/sha256/Item10/Count100000  6,970,277 ns/op   28,856,153 B/op   700,272 allocs/op
  [4/4]  bench  MerkleCommit/sha256/Item10/Count100000  6,989,294 ns/op ±1%   28,856,104 B/op ±0%   700,272 allocs/op ±0%    5.69s
  [1/4]  bench  MerkleCommit/sha256/Item1000/Count10  16,337 ns/op   15,657 B/op   107 allocs/op
  [2/4]  bench  MerkleCommit/sha256/Item1000/Count10  16,161 ns/op   15,656 B/op   107 allocs/op
  [3/4]  bench  MerkleCommit/sha256/Item1000/Count10  16,058 ns/op   15,656 B/op   107 allocs/op
  [4/4]  bench  MerkleCommit/sha256/Item1000/Count10  15,979 ns/op ±2%   15,656 B/op ±0%   107 allocs/op    4.02s
  [1/4]  bench  MerkleCommit/sha256/Item1000/Count100  76,677 ns/op   134,563 B/op   761 allocs/op
  [2/4]  bench  MerkleCommit/sha256/Item1000/Count100  77,711 ns/op   134,564 B/op   761 allocs/op
  [3/4]  bench  MerkleCommit/sha256/Item1000/Count100  78,129 ns/op   134,560 B/op   761 allocs/op
  [4/4]  bench  MerkleCommit/sha256/Item1000/Count100  78,393 ns/op ±2%   134,561 B/op ±0%   761 allocs/op    6s
  [1/4]  bench  MerkleCommit/sha256/Item1000/Count1000  421,046 ns/op   1,305,434 B/op   7,096 allocs/op
  [2/4]  bench  MerkleCommit/sha256/Item1000/Count1000  419,519 ns/op   1,305,458 B/op   7,097 allocs/op
  [3/4]  bench  MerkleCommit/sha256/Item1000/Count1000  421,720 ns/op   1,305,452 B/op   7,096 allocs/op
  [4/4]  bench  MerkleCommit/sha256/Item1000/Count1000  420,951 ns/op ±1%   1,305,462 B/op ±0%   7,097 allocs/op ±0%    3.76s
  [1/4]  bench  MerkleCommit/sha256/Item1000/Count10000  2,816,801 ns/op   12,995,109 B/op   70,180 allocs/op
  [2/4]  bench  MerkleCommit/sha256/Item1000/Count10000  2,868,395 ns/op   12,995,172 B/op   70,181 allocs/op
  [3/4]  bench  MerkleCommit/sha256/Item1000/Count10000  2,885,157 ns/op   12,995,182 B/op   70,181 allocs/op
  [4/4]  bench  MerkleCommit/sha256/Item1000/Count10000  2,887,205 ns/op ±2%   12,995,199 B/op ±0%   70,181 allocs/op ±0%    4.54s
  [1/4]  bench  MerkleCommit/sha256/Item1000/Count100000  26,813,493 ns/op   129,656,049 B/op   700,269 allocs/op
  [2/4]  bench  MerkleCommit/sha256/Item1000/Count100000  26,751,324 ns/op   129,656,045 B/op   700,269 allocs/op
  [3/4]  bench  MerkleCommit/sha256/Item1000/Count100000  26,839,892 ns/op   129,655,932 B/op   700,268 allocs/op
  [4/4]  bench  MerkleCommit/sha256/Item1000/Count100000  26,801,785 ns/op ±1%   129,656,022 B/op ±0%   700,269 allocs/op ±0%    3.62s
  [1/4]  bench  MerkleCommit/sha256/Item100000/Count10  227,779 ns/op   1,071,204 B/op   115 allocs/op
  [2/4]  bench  MerkleCommit/sha256/Item100000/Count10  226,958 ns/op   1,071,210 B/op   115 allocs/op
  [3/4]  bench  MerkleCommit/sha256/Item100000/Count10  226,416 ns/op   1,071,212 B/op   115 allocs/op
  [4/4]  bench  MerkleCommit/sha256/Item100000/Count10  226,381 ns/op ±1%   1,071,214 B/op ±0%   115 allocs/op    3.52s
  [1/4]  bench  MerkleCommit/sha256/Item100000/Count100  1,474,389 ns/op   10,683,707 B/op   779 allocs/op
  [2/4]  bench  MerkleCommit/sha256/Item100000/Count100  1,484,651 ns/op   10,683,710 B/op   780 allocs/op
  [3/4]  bench  MerkleCommit/sha256/Item100000/Count100  1,484,624 ns/op   10,683,718 B/op   780 allocs/op
  [4/4]  bench  MerkleCommit/sha256/Item100000/Count100  1,488,108 ns/op ±1%   10,683,713 B/op ±0%   780 allocs/op ±0%    4.05s
  [1/4]  bench  MerkleCommit/sha256/Item100000/Count1000  14,297,975 ns/op   106,779,588 B/op   7,111 allocs/op
  [2/4]  bench  MerkleCommit/sha256/Item100000/Count1000  14,437,060 ns/op   106,779,559 B/op   7,111 allocs/op
  [3/4]  bench  MerkleCommit/sha256/Item100000/Count1000  14,439,252 ns/op   106,779,573 B/op   7,110 allocs/op
  [4/4]  bench  MerkleCommit/sha256/Item100000/Count1000  14,429,050 ns/op ±1%   106,779,604 B/op ±0%   7,111 allocs/op ±0%    3.65s
  [1/4]  bench  MerkleCommit/sha256/Item100000/Count10000  133,560,844 ns/op   1,067,727,382 B/op   70,240 allocs/op
  [2/4]  bench  MerkleCommit/sha256/Item100000/Count10000  133,225,310 ns/op   1,067,727,087 B/op   70,237 allocs/op
  [3/4]  bench  MerkleCommit/sha256/Item100000/Count10000  132,547,377 ns/op   1,067,727,095 B/op   70,238 allocs/op
  [4/4]  bench  MerkleCommit/sha256/Item100000/Count10000  132,261,020 ns/op ±1%   1,067,726,705 B/op ±0%   70,234 allocs/op ±0%    4.5s
  [1/4]  bench  MerkleCommit/sha256/Item100000/Count100000  1,137,049,750 ns/op   10,676,933,688 B/op   700,635 allocs/op
  [2/4]  bench  MerkleCommit/sha256/Item100000/Count100000  1,133,396,125 ns/op   10,676,933,528 B/op   700,640 allocs/op
  [3/4]  bench  MerkleCommit/sha256/Item100000/Count100000  1,132,018,528 ns/op   10,676,932,616 B/op   700,631 allocs/op
  [4/4]  bench  MerkleCommit/sha256/Item100000/Count100000  1,127,581,500 ns/op ±1%   10,676,932,348 B/op ±0%   700,628 allocs/op ±0%    3.37s
  [1/4]  bench  AppendMsgBlockHeader                  36.5 ns/op   27.4 MB/s   0.000 B/op   0.000 allocs/op
  [2/4]  bench  AppendMsgBlockHeader                  36.4 ns/op   27.5 MB/s   0.000 B/op   0.000 allocs/op
  [3/4]  bench  AppendMsgBlockHeader                  36.4 ns/op   27.5 MB/s   0.000 B/op   0.000 allocs/op
  [4/4]  bench  AppendMsgBlockHeader                  36.4 ns/op ±0%   27.5 MB/s ±0%   0.000 B/op   0.000 allocs/op    3.68s
  [1/4]  bench  AppendMsgSignedTxn                    74.7 ns/op   13.4 MB/s   0.000 B/op   0.000 allocs/op
  [2/4]  bench  AppendMsgSignedTxn                    74.3 ns/op   13.5 MB/s   0.000 B/op   0.000 allocs/op
  [3/4]  bench  AppendMsgSignedTxn                    74.4 ns/op   13.4 MB/s   0.000 B/op   0.000 allocs/op
  [4/4]  bench  AppendMsgSignedTxn                    74.3 ns/op ±1%   13.5 MB/s ±1%   0.000 B/op   0.000 allocs/op    3.84s
  [1/4]  bench  PaysetGroups                          5,757 ns/op   127,252 B/op   8.00 allocs/op
  [2/4]  bench  PaysetGroups                          5,757 ns/op   128,769 B/op   8.00 allocs/op
  [3/4]  bench  PaysetGroups                          5,726 ns/op   129,257 B/op   8.00 allocs/op
  [4/4]  bench  PaysetGroups                          5,699 ns/op ±1%   129,819 B/op ±2%   8.00 allocs/op    26.08s
  [1/4]  bench  Txn                                   41,351 ns/op   9,430 B/op   12.0 allocs/op
  [2/4]  bench  Txn                                   41,263 ns/op   9,431 B/op   12.0 allocs/op
  [3/4]  bench  Txn                                   41,292 ns/op   9,431 B/op   12.0 allocs/op
  [4/4]  bench  Txn                                   41,187 ns/op ±1%   9,431 B/op ±0%   12.0 allocs/op    9.07s
  [1/4]  bench  TxHandlerProcessing/processDecoded    9,480 ns/op   3,760 B/op   32.0 allocs/op
  [2/4]  bench  TxHandlerProcessing/processDecoded    9,459 ns/op   3,760 B/op   32.0 allocs/op
  [3/4]  bench  TxHandlerProcessing/processDecoded    9,493 ns/op   3,760 B/op   32.0 allocs/op
  [4/4]  bench  TxHandlerProcessing/processDecoded    9,504 ns/op ±1%   3,760 B/op   32.0 allocs/op    9.72s
  [1/4]  bench  TxHandlerProcessing/verify.TxnGroup   41,393 ns/op   11,328 B/op   16.0 allocs/op
  [2/4]  bench  TxHandlerProcessing/verify.TxnGroup   41,463 ns/op   11,328 B/op   16.0 allocs/op
  [3/4]  bench  TxHandlerProcessing/verify.TxnGroup   41,371 ns/op   11,328 B/op   16.0 allocs/op
  [4/4]  bench  TxHandlerProcessing/verify.TxnGroup   41,357 ns/op ±0%   11,328 B/op   16.0 allocs/op    6.52s
  [1/4]  bench  CompactDeltas/account-deltas          1,493,707 ns/op   4,130,099 B/op   0.000 allocs/op
  [2/4]  bench  CompactDeltas/account-deltas          1,443,784 ns/op   4,127,659 B/op   0.000 allocs/op
  [3/4]  bench  CompactDeltas/account-deltas          1,421,271 ns/op   4,128,028 B/op   0.000 allocs/op
  [4/4]  bench  CompactDeltas/account-deltas          1,412,601 ns/op ±4%   4,128,322 B/op ±0%   0.000 allocs/op    17.48s
