  [1/4]  bench  MerkleCommit/sha512_256/Item10/Count10  14,311 ns/op   6,082 B/op   107 allocs/op
  [2/4]  bench  MerkleCommit/sha512_256/Item10/Count10  14,163 ns/op   6,083 B/op   107 allocs/op
  [3/4]  bench  MerkleCommit/sha512_256/Item10/Count10  14,152 ns/op   6,082 B/op   107 allocs/op
  [4/4]  bench  MerkleCommit/sha512_256/Item10/Count10  14,099 ns/op ±1%   6,083 B/op ±0%   107 allocs/op    3.97s
  [1/4]  bench  MerkleCommit/sha512_256/Item10/Count100  54,054 ns/op   34,688 B/op   761 allocs/op
  [2/4]  bench  MerkleCommit/sha512_256/Item10/Count100  54,367 ns/op   34,679 B/op   761 allocs/op
  [3/4]  bench  MerkleCommit/sha512_256/Item10/Count100  54,137 ns/op   34,679 B/op   761 allocs/op
  [4/4]  bench  MerkleCommit/sha512_256/Item10/Count100  54,247 ns/op ±1%   34,679 B/op ±0%   761 allocs/op ±0%    5.25s
  [1/4]  bench  MerkleCommit/sha512_256/Item10/Count1000  254,899 ns/op   299,054 B/op   7,091 allocs/op
  [2/4]  bench  MerkleCommit/sha512_256/Item10/Count1000  256,249 ns/op   299,037 B/op   7,091 allocs/op
  [3/4]  bench  MerkleCommit/sha512_256/Item10/Count1000  255,752 ns/op   299,046 B/op   7,091 allocs/op
  [4/4]  bench  MerkleCommit/sha512_256/Item10/Count1000  256,585 ns/op ±1%   299,033 B/op ±0%   7,091 allocs/op    3.71s
  [1/4]  bench  MerkleCommit/sha512_256/Item10/Count10000  1,268,712 ns/op   2,920,723 B/op   70,184 allocs/op
  [2/4]  bench  MerkleCommit/sha512_256/Item10/Count10000  1,277,029 ns/op   2,920,565 B/op   70,183 allocs/op
  [3/4]  bench  MerkleCommit/sha512_256/Item10/Count10000  1,274,319 ns/op   2,920,600 B/op   70,183 allocs/op
  [4/4]  bench  MerkleCommit/sha512_256/Item10/Count10000  1,280,289 ns/op ±1%   2,920,560 B/op ±0%   70,183 allocs/op ±0%    4s
  [1/4]  bench  MerkleCommit/sha512_256/Item10/Count100000  7,862,456 ns/op   28,866,415 B/op   700,281 allocs/op
  [2/4]  bench  MerkleCommit/sha512_256/Item10/Count100000  7,881,313 ns/op   28,866,438 B/op   700,282 allocs/op
  [3/4]  bench  MerkleCommit/sha512_256/Item10/Count100000  7,920,557 ns/op   28,866,390 B/op   700,281 allocs/op
  [4/4]  bench  MerkleCommit/sha512_256/Item10/Count100000  7,927,148 ns/op ±1%   28,866,322 B/op ±0%   700,281 allocs/op ±0%    6.01s
  [1/4]  bench  MerkleCommit/sha512_256/Item1000/Count10  22,512 ns/op   16,260 B/op   108 allocs/op
  [2/4]  bench  MerkleCommit/sha512_256/Item1000/Count10  22,682 ns/op   16,258 B/op   108 allocs/op
  [3/4]  bench  MerkleCommit/sha512_256/Item1000/Count10  22,557 ns/op   16,259 B/op   108 allocs/op
  [4/4]  bench  MerkleCommit/sha512_256/Item1000/Count10  22,707 ns/op ±2%   16,258 B/op ±0%   108 allocs/op    4.36s
  [1/4]  bench  MerkleCommit/sha512_256/Item1000/Count100  98,206 ns/op   135,908 B/op   763 allocs/op
  [2/4]  bench  MerkleCommit/sha512_256/Item1000/Count100  97,269 ns/op   135,910 B/op   763 allocs/op
  [3/4]  bench  MerkleCommit/sha512_256/Item1000/Count100  96,910 ns/op   135,904 B/op   763 allocs/op
  [4/4]  bench  MerkleCommit/sha512_256/Item1000/Count100  96,985 ns/op ±1%   135,909 B/op ±0%   763 allocs/op    6.52s
  [1/4]  bench  MerkleCommit/sha512_256/Item1000/Count1000  490,667 ns/op   1,308,505 B/op   7,100 allocs/op
  [2/4]  bench  MerkleCommit/sha512_256/Item1000/Count1000  494,547 ns/op   1,308,477 B/op   7,100 allocs/op
  [3/4]  bench  MerkleCommit/sha512_256/Item1000/Count1000  493,805 ns/op   1,308,489 B/op   7,100 allocs/op
  [4/4]  bench  MerkleCommit/sha512_256/Item1000/Count1000  494,800 ns/op ±1%   1,308,473 B/op ±0%   7,100 allocs/op    3.8s
  [1/4]  bench  MerkleCommit/sha512_256/Item1000/Count10000  3,277,311 ns/op   13,001,152 B/op   70,186 allocs/op
  [2/4]  bench  MerkleCommit/sha512_256/Item1000/Count10000  3,285,311 ns/op   13,001,131 B/op   70,186 allocs/op
  [3/4]  bench  MerkleCommit/sha512_256/Item1000/Count10000  3,311,163 ns/op   13,001,112 B/op   70,186 allocs/op
  [4/4]  bench  MerkleCommit/sha512_256/Item1000/Count10000  3,323,906 ns/op ±1%   13,001,135 B/op ±0%   70,186 allocs/op ±0%    4.57s
  [1/4]  bench  MerkleCommit/sha512_256/Item1000/Count100000  28,348,321 ns/op   129,665,667 B/op   700,275 allocs/op
  [2/4]  bench  MerkleCommit/sha512_256/Item1000/Count100000  28,407,203 ns/op   129,665,677 B/op   700,275 allocs/op
  [3/4]  bench  MerkleCommit/sha512_256/Item1000/Count100000  28,371,274 ns/op   129,665,728 B/op   700,275 allocs/op
  [4/4]  bench  MerkleCommit/sha512_256/Item1000/Count100000  28,465,570 ns/op ±1%   129,665,665 B/op ±0%   700,275 allocs/op ±0%    3.4s
  [1/4]  bench  MerkleCommit/sha512_256/Item100000/Count10  327,761 ns/op   1,072,409 B/op   117 allocs/op
  [2/4]  bench  MerkleCommit/sha512_256/Item100000/Count10  328,472 ns/op   1,072,413 B/op   117 allocs/op
  [3/4]  bench  MerkleCommit/sha512_256/Item100000/Count10  327,450 ns/op   1,072,410 B/op   117 allocs/op
  [4/4]  bench  MerkleCommit/sha512_256/Item100000/Count10  328,836 ns/op ±1%   1,072,408 B/op ±0%   117 allocs/op    3.68s
  [1/4]  bench  MerkleCommit/sha512_256/Item100000/Count100  1,925,822 ns/op   10,685,850 B/op   781 allocs/op
  [2/4]  bench  MerkleCommit/sha512_256/Item100000/Count100  1,953,155 ns/op   10,685,849 B/op   781 allocs/op
  [3/4]  bench  MerkleCommit/sha512_256/Item100000/Count100  1,948,684 ns/op   10,685,858 B/op   781 allocs/op
  [4/4]  bench  MerkleCommit/sha512_256/Item100000/Count100  1,953,630 ns/op ±1%   10,685,850 B/op ±0%   781 allocs/op    4.17s
  [1/4]  bench  MerkleCommit/sha512_256/Item100000/Count1000  17,858,007 ns/op   106,782,724 B/op   7,113 allocs/op
  [2/4]  bench  MerkleCommit/sha512_256/Item100000/Count1000  17,814,378 ns/op   106,782,751 B/op   7,114 allocs/op
  [3/4]  bench  MerkleCommit/sha512_256/Item100000/Count1000  17,813,471 ns/op   106,782,757 B/op   7,113 allocs/op
  [4/4]  bench  MerkleCommit/sha512_256/Item100000/Count1000  17,899,014 ns/op ±1%   106,782,751 B/op ±0%   7,114 allocs/op ±0%    4.59s
  [1/4]  bench  MerkleCommit/sha512_256/Item100000/Count10000  161,651,018 ns/op   1,067,733,489 B/op   70,248 allocs/op
  [2/4]  bench  MerkleCommit/sha512_256/Item100000/Count10000  163,318,096 ns/op   1,067,733,509 B/op   70,249 allocs/op
  [3/4]  bench  MerkleCommit/sha512_256/Item100000/Count10000  161,589,474 ns/op   1,067,733,100 B/op   70,246 allocs/op
  [4/4]  bench  MerkleCommit/sha512_256/Item100000/Count10000  161,453,476 ns/op ±2%   1,067,732,544 B/op ±0%   70,242 allocs/op ±0%    3.88s
  [1/4]  bench  MerkleCommit/sha512_256/Item100000/Count100000  1,308,345,667 ns/op   10,676,936,072 B/op   700,635 allocs/op
  [2/4]  bench  MerkleCommit/sha512_256/Item100000/Count100000  1,319,193,271 ns/op   10,676,928,080 B/op   700,558 allocs/op
  [3/4]  bench  MerkleCommit/sha512_256/Item100000/Count100000  1,327,012,125 ns/op   10,676,931,021 B/op   700,580 allocs/op
  [4/4]  bench  MerkleCommit/sha512_256/Item100000/Count100000  1,329,696,667 ns/op ±1%   10,676,927,592 B/op ±0%   700,551 allocs/op ±0%    4.01s
  [1/4]  bench  MerkleCommit/sumhash/Item10/Count10   52,221 ns/op   16,783 B/op   217 allocs/op
  [2/4]  bench  MerkleCommit/sumhash/Item10/Count10   51,945 ns/op   16,788 B/op   217 allocs/op
  [3/4]  bench  MerkleCommit/sumhash/Item10/Count10   52,023 ns/op   16,786 B/op   217 allocs/op
  [4/4]  bench  MerkleCommit/sumhash/Item10/Count10   51,969 ns/op ±1%   16,786 B/op ±0%   217 allocs/op    5.19s
  [1/4]  bench  MerkleCommit/sumhash/Item10/Count100  239,037 ns/op   134,868 B/op   1,723 allocs/op
  [2/4]  bench  MerkleCommit/sumhash/Item10/Count100  238,899 ns/op   134,868 B/op   1,723 allocs/op
  [3/4]  bench  MerkleCommit/sumhash/Item10/Count100  239,917 ns/op   134,847 B/op   1,723 allocs/op
  [4/4]  bench  MerkleCommit/sumhash/Item10/Count100  239,783 ns/op ±1%   134,849 B/op ±0%   1,723 allocs/op ±0%    3.7s
  [1/4]  bench  MerkleCommit/sumhash/Item10/Count1000  1,079,640 ns/op   1,268,838 B/op   16,241 allocs/op
  [2/4]  bench  MerkleCommit/sumhash/Item10/Count1000  1,075,196 ns/op   1,268,874 B/op   16,242 allocs/op
  [3/4]  bench  MerkleCommit/sumhash/Item10/Count1000  1,079,718 ns/op   1,268,824 B/op   16,241 allocs/op
  [4/4]  bench  MerkleCommit/sumhash/Item10/Count1000  1,077,342 ns/op ±1%   1,268,847 B/op ±0%   16,242 allocs/op ±0%    3.94s
  [1/4]  bench  MerkleCommit/sumhash/Item10/Count10000  6,398,961 ns/op   12,538,557 B/op   160,473 allocs/op
  [2/4]  bench  MerkleCommit/sumhash/Item10/Count10000  6,462,195 ns/op   12,538,293 B/op   160,470 allocs/op
  [3/4]  bench  MerkleCommit/sumhash/Item10/Count10000  6,433,015 ns/op   12,538,385 B/op   160,471 allocs/op
  [4/4]  bench  MerkleCommit/sumhash/Item10/Count10000  6,424,514 ns/op ±1%   12,538,435 B/op ±0%   160,472 allocs/op ±0%    5.53s
  [1/4]  bench  MerkleCommit/sumhash/Item10/Count100000  50,315,403 ns/op   124,885,902 B/op   1,600,653 allocs/op
  [2/4]  bench  MerkleCommit/sumhash/Item10/Count100000  50,862,643 ns/op   124,885,421 B/op   1,600,648 allocs/op
  [3/4]  bench  MerkleCommit/sumhash/Item10/Count100000  50,619,173 ns/op   124,885,598 B/op   1,600,650 allocs/op
  [4/4]  bench  MerkleCommit/sumhash/Item10/Count100000  50,863,256 ns/op ±1%   124,885,587 B/op ±0%   1,600,650 allocs/op ±0%    3.48s
  [1/4]  bench  MerkleCommit/sumhash/Item1000/Count10  106,804 ns/op   28,670 B/op   233 allocs/op
  [2/4]  bench  MerkleCommit/sumhash/Item1000/Count10  108,125 ns/op   28,666 B/op   233 allocs/op
  [3/4]  bench  MerkleCommit/sumhash/Item1000/Count10  107,458 ns/op   28,663 B/op   233 allocs/op
  [4/4]  bench  MerkleCommit/sumhash/Item1000/Count10  106,994 ns/op ±2%   28,661 B/op ±0%   233 allocs/op    3.24s
  [1/4]  bench  MerkleCommit/sumhash/Item1000/Count100  464,169 ns/op   250,147 B/op   1,843 allocs/op
  [2/4]  bench  MerkleCommit/sumhash/Item1000/Count100  461,837 ns/op   250,182 B/op   1,844 allocs/op
  [3/4]  bench  MerkleCommit/sumhash/Item1000/Count100  463,380 ns/op   250,170 B/op   1,843 allocs/op
  [4/4]  bench  MerkleCommit/sumhash/Item1000/Count100  462,631 ns/op ±1%   250,181 B/op ±0%   1,844 allocs/op ±0%    3.72s
  [1/4]  bench  MerkleCommit/sumhash/Item1000/Count1000  2,563,722 ns/op   2,406,377 B/op   17,260 allocs/op
  [2/4]  bench  MerkleCommit/sumhash/Item1000/Count1000  2,541,660 ns/op   2,406,474 B/op   17,261 allocs/op
  [3/4]  bench  MerkleCommit/sumhash/Item1000/Count1000  2,555,772 ns/op   2,406,365 B/op   17,260 allocs/op
  [4/4]  bench  MerkleCommit/sumhash/Item1000/Count1000  2,546,275 ns/op ±1%   2,406,427 B/op ±0%   17,261 allocs/op ±0%    4.38s
  [1/4]  bench  MerkleCommit/sumhash/Item1000/Count10000  20,068,517 ns/op   23,898,385 B/op   170,470 allocs/op
  [2/4]  bench  MerkleCommit/sumhash/Item1000/Count10000  19,878,609 ns/op   23,898,755 B/op   170,474 allocs/op
  [3/4]  bench  MerkleCommit/sumhash/Item1000/Count10000  19,973,811 ns/op   23,898,572 B/op   170,472 allocs/op
  [4/4]  bench  MerkleCommit/sumhash/Item1000/Count10000  19,896,556 ns/op ±1%   23,898,623 B/op ±0%   170,473 allocs/op ±0%    3.63s
  [1/4]  bench  MerkleCommit/sumhash/Item1000/Count100000  179,260,708 ns/op   238,485,576 B/op   1,700,644 allocs/op
  [2/4]  bench  MerkleCommit/sumhash/Item1000/Count100000  177,010,017 ns/op   238,486,547 B/op   1,700,655 allocs/op
  [3/4]  bench  MerkleCommit/sumhash/Item1000/Count100000  176,261,622 ns/op   238,486,658 B/op   1,700,656 allocs/op
  [4/4]  bench  MerkleCommit/sumhash/Item1000/Count100000  175,771,265 ns/op ±1%   238,486,943 B/op ±0%   1,700,659 allocs/op ±0%    4.42s
  [1/4]  bench  MerkleCommit/sumhash/Item100000/Count10  2,117,406 ns/op   1,085,600 B/op   259 allocs/op
  [2/4]  bench  MerkleCommit/sumhash/Item100000/Count10  2,091,798 ns/op   1,085,604 B/op   259 allocs/op
  [3/4]  bench  MerkleCommit/sumhash/Item100000/Count10  2,100,801 ns/op   1,085,594 B/op   259 allocs/op
  [4/4]  bench  MerkleCommit/sumhash/Item100000/Count10  2,089,420 ns/op ±2%   1,085,594 B/op ±0%   259 allocs/op    4.27s
  [1/4]  bench  MerkleCommit/sumhash/Item100000/Count100  15,162,293 ns/op   10,798,563 B/op   1,856 allocs/op
  [2/4]  bench  MerkleCommit/sumhash/Item100000/Count100  15,077,597 ns/op   10,798,599 B/op   1,857 allocs/op
  [3/4]  bench  MerkleCommit/sumhash/Item100000/Count100  15,215,227 ns/op   10,798,596 B/op   1,856 allocs/op
  [4/4]  bench  MerkleCommit/sumhash/Item100000/Count100  15,174,898 ns/op ±2%   10,798,619 B/op ±0%   1,857 allocs/op ±0%    3.47s
  [1/4]  bench  MerkleCommit/sumhash/Item100000/Count1000  131,183,964 ns/op   107,879,142 B/op   17,262 allocs/op
  [2/4]  bench  MerkleCommit/sumhash/Item100000/Count1000  132,965,878 ns/op   107,879,119 B/op   17,262 allocs/op
  [3/4]  bench  MerkleCommit/sumhash/Item100000/Count1000  133,132,776 ns/op   107,879,159 B/op   17,262 allocs/op
  [4/4]  bench  MerkleCommit/sumhash/Item100000/Count1000  134,041,741 ns/op ±2%   107,879,071 B/op ±0%   17,261 allocs/op ±0%    3.64s
  [1/4]  bench  MerkleCommit/sumhash/Item100000/Count10000  1,275,619,250 ns/op   1,078,625,752 B/op   170,489 allocs/op
  [2/4]  bench  MerkleCommit/sumhash/Item100000/Count10000  1,294,489,354 ns/op   1,078,625,416 B/op   170,488 allocs/op
  [3/4]  bench  MerkleCommit/sumhash/Item100000/Count10000  1,285,193,819 ns/op   1,078,625,763 B/op   170,493 allocs/op
  [4/4]  bench  MerkleCommit/sumhash/Item100000/Count10000  1,292,442,261 ns/op ±2%   1,078,625,696 B/op ±0%   170,495 allocs/op ±0%    3.89s
  [1/4]  bench  MerkleCommit/sumhash/Item100000/Count100000  12,784,295,666 ns/op   10,785,729,192 B/op   1,700,753 allocs/op
  [2/4]  bench  MerkleCommit/sumhash/Item100000/Count100000  12,713,357,750 ns/op   10,785,727,840 B/op   1,700,753 allocs/op
  [3/4]  bench  MerkleCommit/sumhash/Item100000/Count100000  12,668,361,972 ns/op   10,785,726,152 B/op   1,700,735 allocs/op
  [4/4]  bench  MerkleCommit/sumhash/Item100000/Count100000  12,603,656,417 ns/op ±1%   10,785,727,488 B/op ±0%   1,700,747 allocs/op ±0%    37.63s
  [1/4]  bench  MerkleCommit/sha256/Item10/Count10    8,864 ns/op   5,514 B/op   107 allocs/op
  [2/4]  bench  MerkleCommit/sha256/Item10/Count10    8,728 ns/op   5,514 B/op   107 allocs/op
  [3/4]  bench  MerkleCommit/sha256/Item10/Count10    8,758 ns/op   5,514 B/op   107 allocs/op
  [4/4]  bench  MerkleCommit/sha256/Item10/Count10    8,691 ns/op ±2%   5,514 B/op ±0%   107 allocs/op    3.92s
  [1/4]  bench  MerkleCommit/sha256/Item10/Count100   42,518 ns/op   33,543 B/op   759 allocs/op
  [2/4]  bench  MerkleCommit/sha256/Item10/Count100   42,350 ns/op   33,548 B/op   759 allocs/op
  [3/4]  bench  MerkleCommit/sha256/Item10/Count100   42,510 ns/op   33,547 B/op   759 allocs/op
  [4/4]  bench  MerkleCommit/sha256/Item10/Count100   42,473 ns/op ±1%   33,547 B/op ±0%   759 allocs/op    4.89s
  [1/4]  bench  MerkleCommit/sha256/Item10/Count1000  210,701 ns/op   296,431 B/op   7,087 allocs/op
  [2/4]  bench  MerkleCommit/sha256/Item10/Count1000  213,608 ns/op   296,435 B/op   7,087 allocs/op
  [3/4]  bench  MerkleCommit/sha256/Item10/Count1000  213,395 ns/op   296,445 B/op   7,087 allocs/op
  [4/4]  bench  MerkleCommit/sha256/Item10/Count1000  213,270 ns/op ±1%   296,449 B/op ±0%   7,087 allocs/op    3.68s
  [1/4]  bench  MerkleCommit/sha256/Item10/Count10000  1,100,093 ns/op   2,914,676 B/op   70,176 allocs/op
  [2/4]  bench  MerkleCommit/sha256/Item10/Count10000  1,097,484 ns/op   2,914,667 B/op   70,176 allocs/op
  [3/4]  bench  MerkleCommit/sha256/Item10/Count10000  1,099,572 ns/op   2,914,613 B/op   70,176 allocs/op
  [4/4]  bench  MerkleCommit/sha256/Item10/Count10000  1,098,607 ns/op ±0%   2,914,623 B/op ±0%   70,176 allocs/op ±0%    3.92s
  [1/4]  bench  MerkleCommit/sha256/Item10/Count100000  6,934,743 ns/op   28,856,119 B/op   700,272 allocs/op
  [2/4]  bench  MerkleCommit/sha256/Item10/Count100000  7,016,818 ns/op   28,856,071 B/op   700,272 allocs/op
  [3/4]  bench  MerkleCommit/sha256/Item10/Count100000  7,014,464 ns/op   28,856,122 B/op   700,272 allocs/op
  [4/4]  bench  MerkleCommit/sha256/Item10/Count100000  6,986,199 ns/op ±1%   28,856,150 B/op ±0%   700,272 allocs/op ±0%    5.7s
  [1/4]  bench  MerkleCommit/sha256/Item1000/Count10  15,636 ns/op   15,655 B/op   107 allocs/op
  [2/4]  bench  MerkleCommit/sha256/Item1000/Count10  15,597 ns/op   15,657 B/op   107 allocs/op
  [3/4]  bench  MerkleCommit/sha256/Item1000/Count10  15,528 ns/op   15,656 B/op   107 allocs/op
  [4/4]  bench  MerkleCommit/sha256/Item1000/Count10  15,559 ns/op ±1%   15,657 B/op ±0%   107 allocs/op    4.05s
  [1/4]  bench  MerkleCommit/sha256/Item1000/Count100  78,261 ns/op   134,552 B/op   761 allocs/op
  [2/4]  bench  MerkleCommit/sha256/Item1000/Count100  77,661 ns/op   134,555 B/op   761 allocs/op
  [3/4]  bench  MerkleCommit/sha256/Item1000/Count100  77,549 ns/op   134,556 B/op   761 allocs/op
  [4/4]  bench  MerkleCommit/sha256/Item1000/Count100  77,542 ns/op ±1%   134,556 B/op ±0%   761 allocs/op    5.93s
  [1/4]  bench  MerkleCommit/sha256/Item1000/Count1000  417,844 ns/op   1,305,486 B/op   7,097 allocs/op
  [2/4]  bench  MerkleCommit/sha256/Item1000/Count1000  420,301 ns/op   1,305,451 B/op   7,097 allocs/op
  [3/4]  bench  MerkleCommit/sha256/Item1000/Count1000  419,564 ns/op   1,305,455 B/op   7,097 allocs/op
  [4/4]  bench  MerkleCommit/sha256/Item1000/Count1000  420,162 ns/op ±1%   1,305,449 B/op ±0%   7,097 allocs/op ±0%    3.77s
  [1/4]  bench  MerkleCommit/sha256/Item1000/Count10000  2,876,871 ns/op   12,995,241 B/op   70,181 allocs/op
  [2/4]  bench  MerkleCommit/sha256/Item1000/Count10000  2,921,811 ns/op   12,995,255 B/op   70,181 allocs/op
  [3/4]  bench  MerkleCommit/sha256/Item1000/Count10000  2,924,442 ns/op   12,995,273 B/op   70,181 allocs/op
  [4/4]  bench  MerkleCommit/sha256/Item1000/Count10000  2,915,963 ns/op ±2%   12,995,263 B/op ±0%   70,181 allocs/op ±0%    4.45s
  [1/4]  bench  MerkleCommit/sha256/Item1000/Count100000  26,937,005 ns/op   129,656,015 B/op   700,269 allocs/op
  [2/4]  bench  MerkleCommit/sha256/Item1000/Count100000  26,898,962 ns/op   129,656,009 B/op   700,269 allocs/op
  [3/4]  bench  MerkleCommit/sha256/Item1000/Count100000  27,040,419 ns/op   129,656,034 B/op   700,269 allocs/op
  [4/4]  bench  MerkleCommit/sha256/Item1000/Count100000  27,020,990 ns/op ±1%   129,656,007 B/op ±0%   700,269 allocs/op ±0%    3.81s
  [1/4]  bench  MerkleCommit/sha256/Item100000/Count10  230,364 ns/op   1,071,222 B/op   115 allocs/op
  [2/4]  bench  MerkleCommit/sha256/Item100000/Count10  231,770 ns/op   1,071,221 B/op   115 allocs/op
  [3/4]  bench  MerkleCommit/sha256/Item100000/Count10  231,389 ns/op   1,071,221 B/op   115 allocs/op
  [4/4]  bench  MerkleCommit/sha256/Item100000/Count10  231,996 ns/op ±1%   1,071,220 B/op ±0%   115 allocs/op    3.67s
  [1/4]  bench  MerkleCommit/sha256/Item100000/Count100  1,510,670 ns/op   10,683,709 B/op   779 allocs/op
  [2/4]  bench  MerkleCommit/sha256/Item100000/Count100  1,518,087 ns/op   10,683,716 B/op   780 allocs/op
  [3/4]  bench  MerkleCommit/sha256/Item100000/Count100  1,516,517 ns/op   10,683,722 B/op   780 allocs/op
  [4/4]  bench  MerkleCommit/sha256/Item100000/Count100  1,519,051 ns/op ±1%   10,683,719 B/op ±0%   780 allocs/op ±0%    4.08s
  [1/4]  bench  MerkleCommit/sha256/Item100000/Count1000  14,352,528 ns/op   106,779,677 B/op   7,111 allocs/op
  [2/4]  bench  MerkleCommit/sha256/Item100000/Count1000  14,337,942 ns/op   106,779,672 B/op   7,111 allocs/op
  [3/4]  bench  MerkleCommit/sha256/Item100000/Count1000  14,412,715 ns/op   106,779,666 B/op   7,111 allocs/op
  [4/4]  bench  MerkleCommit/sha256/Item100000/Count1000  14,429,382 ns/op ±1%   106,779,695 B/op ±0%   7,111 allocs/op ±0%    3.68s
  [1/4]  bench  MerkleCommit/sha256/Item100000/Count10000  136,558,078 ns/op   1,067,728,012 B/op   70,247 allocs/op
  [2/4]  bench  MerkleCommit/sha256/Item100000/Count10000  135,556,490 ns/op   1,067,728,144 B/op   70,248 allocs/op
  [3/4]  bench  MerkleCommit/sha256/Item100000/Count10000  136,281,179 ns/op   1,067,728,231 B/op   70,248 allocs/op
  [4/4]  bench  MerkleCommit/sha256/Item100000/Count10000  136,042,954 ns/op ±1%   1,067,727,491 B/op ±0%   70,240 allocs/op ±0%    3.67s
  [1/4]  bench  MerkleCommit/sha256/Item100000/Count100000  1,135,197,292 ns/op   10,676,936,200 B/op   700,663 allocs/op
  [2/4]  bench  MerkleCommit/sha256/Item100000/Count100000  1,128,133,875 ns/op   10,676,927,664 B/op   700,579 allocs/op
  [3/4]  bench  MerkleCommit/sha256/Item100000/Count100000  1,128,348,319 ns/op   10,676,928,824 B/op   700,592 allocs/op
  [4/4]  bench  MerkleCommit/sha256/Item100000/Count100000  1,127,463,469 ns/op ±1%   10,676,926,660 B/op ±0%   700,577 allocs/op ±0%    3.37s
  [1/4]  bench  AppendMsgBlockHeader                  36.3 ns/op   27.6 MB/s   0.000 B/op   0.000 allocs/op
  [2/4]  bench  AppendMsgBlockHeader                  36.4 ns/op   27.5 MB/s   0.000 B/op   0.000 allocs/op
  [3/4]  bench  AppendMsgBlockHeader                  36.4 ns/op   27.5 MB/s   0.000 B/op   0.000 allocs/op
  [4/4]  bench  AppendMsgBlockHeader                  36.4 ns/op ±0%   27.5 MB/s ±0%   0.000 B/op   0.000 allocs/op    3.73s
  [1/4]  bench  AppendMsgSignedTxn                    75.7 ns/op   13.2 MB/s   0.000 B/op   0.000 allocs/op
  [2/4]  bench  AppendMsgSignedTxn                    76.1 ns/op   13.1 MB/s   0.000 B/op   0.000 allocs/op
  [3/4]  bench  AppendMsgSignedTxn                    76.0 ns/op   13.2 MB/s   0.000 B/op   0.000 allocs/op
  [4/4]  bench  AppendMsgSignedTxn                    76.1 ns/op ±1%   13.1 MB/s ±0%   0.000 B/op   0.000 allocs/op    3.86s
  [1/4]  bench  PaysetGroups                          5,674 ns/op   132,460 B/op   8.00 allocs/op
  [2/4]  bench  PaysetGroups                          5,671 ns/op   130,257 B/op   8.00 allocs/op
  [3/4]  bench  PaysetGroups                          5,695 ns/op   130,662 B/op   8.00 allocs/op
  [4/4]  bench  PaysetGroups                          5,706 ns/op ±1%   131,035 B/op ±2%   8.00 allocs/op    26.13s
  [1/4]  bench  Txn                                   41,501 ns/op   9,509 B/op   12.0 allocs/op
  [2/4]  bench  Txn                                   41,330 ns/op   9,509 B/op   12.0 allocs/op
  [3/4]  bench  Txn                                   41,379 ns/op   9,507 B/op   12.0 allocs/op
  [4/4]  bench  Txn                                   41,332 ns/op ±0%   9,508 B/op ±0%   12.0 allocs/op    9.07s
  [1/4]  bench  TxHandlerProcessing/processDecoded    9,412 ns/op   3,760 B/op   32.0 allocs/op
  [2/4]  bench  TxHandlerProcessing/processDecoded    9,485 ns/op   3,760 B/op   32.0 allocs/op
  [3/4]  bench  TxHandlerProcessing/processDecoded    9,504 ns/op   3,760 B/op   32.0 allocs/op
  [4/4]  bench  TxHandlerProcessing/processDecoded    9,503 ns/op ±1%   3,760 B/op   32.0 allocs/op    9.62s
  [1/4]  bench  TxHandlerProcessing/verify.TxnGroup   41,560 ns/op   11,712 B/op   16.0 allocs/op
  [2/4]  bench  TxHandlerProcessing/verify.TxnGroup   41,535 ns/op   11,712 B/op   16.0 allocs/op
  [3/4]  bench  TxHandlerProcessing/verify.TxnGroup   41,473 ns/op   11,712 B/op   16.0 allocs/op
  [4/4]  bench  TxHandlerProcessing/verify.TxnGroup   41,434 ns/op ±0%   11,712 B/op   16.0 allocs/op    6.51s
  [1/4]  bench  CompactDeltas/account-deltas          1,485,821 ns/op   4,126,086 B/op   0.000 allocs/op
  [2/4]  bench  CompactDeltas/account-deltas          1,438,060 ns/op   4,123,707 B/op   0.000 allocs/op
  [3/4]  bench  CompactDeltas/account-deltas          1,417,098 ns/op   4,124,654 B/op   0.000 allocs/op
  [4/4]  bench  CompactDeltas/account-deltas          1,410,016 ns/op ±4%   4,125,012 B/op ±0%   0.000 allocs/op    17.52s
