  [1/4]  bench  MerkleCommit/sha512_256/Item10/Count10  14,294 ns/op   6,083 B/op   107 allocs/op
  [2/4]  bench  MerkleCommit/sha512_256/Item10/Count10  14,251 ns/op   6,081 B/op   107 allocs/op
  [3/4]  bench  MerkleCommit/sha512_256/Item10/Count10  14,298 ns/op   6,080 B/op   107 allocs/op
  [4/4]  bench  MerkleCommit/sha512_256/Item10/Count10  14,294 ns/op ±1%   6,079 B/op ±0%   107 allocs/op    4s
  [1/4]  bench  MerkleCommit/sha512_256/Item10/Count100  55,234 ns/op   34,680 B/op   761 allocs/op
  [2/4]  bench  MerkleCommit/sha512_256/Item10/Count100  54,972 ns/op   34,668 B/op   761 allocs/op
  [3/4]  bench  MerkleCommit/sha512_256/Item10/Count100  54,913 ns/op   34,670 B/op   761 allocs/op
  [4/4]  bench  MerkleCommit/sha512_256/Item10/Count100  55,132 ns/op ±1%   34,674 B/op ±0%   761 allocs/op ±0%    5.26s
  [1/4]  bench  MerkleCommit/sha512_256/Item10/Count1000  257,461 ns/op   299,025 B/op   7,091 allocs/op
  [2/4]  bench  MerkleCommit/sha512_256/Item10/Count1000  255,753 ns/op   299,049 B/op   7,091 allocs/op
  [3/4]  bench  MerkleCommit/sha512_256/Item10/Count1000  255,568 ns/op   299,054 B/op   7,091 allocs/op
  [4/4]  bench  MerkleCommit/sha512_256/Item10/Count1000  255,814 ns/op ±1%   299,050 B/op ±0%   7,091 allocs/op    3.64s
  [1/4]  bench  MerkleCommit/sha512_256/Item10/Count10000  1,273,938 ns/op   2,920,736 B/op   70,184 allocs/op
  [2/4]  bench  MerkleCommit/sha512_256/Item10/Count10000  1,278,940 ns/op   2,920,644 B/op   70,184 allocs/op
  [3/4]  bench  MerkleCommit/sha512_256/Item10/Count10000  1,276,354 ns/op   2,920,635 B/op   70,183 allocs/op
  [4/4]  bench  MerkleCommit/sha512_256/Item10/Count10000  1,280,064 ns/op ±1%   2,920,593 B/op ±0%   70,183 allocs/op ±0%    4.02s
  [1/4]  bench  MerkleCommit/sha512_256/Item10/Count100000  7,998,957 ns/op   28,866,059 B/op   700,279 allocs/op
  [2/4]  bench  MerkleCommit/sha512_256/Item10/Count100000  7,919,482 ns/op   28,866,333 B/op   700,281 allocs/op
  [3/4]  bench  MerkleCommit/sha512_256/Item10/Count100000  7,896,356 ns/op   28,866,378 B/op   700,281 allocs/op
  [4/4]  bench  MerkleCommit/sha512_256/Item10/Count100000  7,927,357 ns/op ±1%   28,866,302 B/op ±0%   700,281 allocs/op ±0%    5.98s
  [1/4]  bench  MerkleCommit/sha512_256/Item1000/Count10  22,638 ns/op   16,259 B/op   108 allocs/op
  [2/4]  bench  MerkleCommit/sha512_256/Item1000/Count10  22,950 ns/op   16,257 B/op   108 allocs/op
  [3/4]  bench  MerkleCommit/sha512_256/Item1000/Count10  22,827 ns/op   16,259 B/op   108 allocs/op
  [4/4]  bench  MerkleCommit/sha512_256/Item1000/Count10  22,923 ns/op ±1%   16,257 B/op ±0%   108 allocs/op    4.35s
  [1/4]  bench  MerkleCommit/sha512_256/Item1000/Count100  98,566 ns/op   135,892 B/op   763 allocs/op
  [2/4]  bench  MerkleCommit/sha512_256/Item1000/Count100  98,212 ns/op   135,902 B/op   763 allocs/op
  [3/4]  bench  MerkleCommit/sha512_256/Item1000/Count100  97,451 ns/op   135,913 B/op   763 allocs/op
  [4/4]  bench  MerkleCommit/sha512_256/Item1000/Count100  97,198 ns/op ±1%   135,920 B/op ±0%   764 allocs/op ±0%    6.52s
  [1/4]  bench  MerkleCommit/sha512_256/Item1000/Count1000  493,091 ns/op   1,308,432 B/op   7,100 allocs/op
  [2/4]  bench  MerkleCommit/sha512_256/Item1000/Count1000  491,441 ns/op   1,308,467 B/op   7,100 allocs/op
  [3/4]  bench  MerkleCommit/sha512_256/Item1000/Count1000  490,886 ns/op   1,308,481 B/op   7,100 allocs/op
  [4/4]  bench  MerkleCommit/sha512_256/Item1000/Count1000  492,885 ns/op ±1%   1,308,467 B/op ±0%   7,100 allocs/op    3.78s
  [1/4]  bench  MerkleCommit/sha512_256/Item1000/Count10000  3,311,344 ns/op   13,001,073 B/op   70,186 allocs/op
  [2/4]  bench  MerkleCommit/sha512_256/Item1000/Count10000  3,330,474 ns/op   13,001,070 B/op   70,186 allocs/op
  [3/4]  bench  MerkleCommit/sha512_256/Item1000/Count10000  3,350,643 ns/op   13,001,026 B/op   70,186 allocs/op
  [4/4]  bench  MerkleCommit/sha512_256/Item1000/Count10000  3,356,752 ns/op ±1%   13,001,086 B/op ±0%   70,186 allocs/op ±0%    4.65s
  [1/4]  bench  MerkleCommit/sha512_256/Item1000/Count100000  28,923,538 ns/op   129,665,695 B/op   700,276 allocs/op
  [2/4]  bench  MerkleCommit/sha512_256/Item1000/Count100000  28,763,906 ns/op   129,665,769 B/op   700,276 allocs/op
  [3/4]  bench  MerkleCommit/sha512_256/Item1000/Count100000  28,729,154 ns/op   129,665,729 B/op   700,276 allocs/op
  [4/4]  bench  MerkleCommit/sha512_256/Item1000/Count100000  28,687,515 ns/op ±1%   129,665,815 B/op ±0%   700,277 allocs/op ±0%    3.72s
  [1/4]  bench  MerkleCommit/sha512_256/Item100000/Count10  324,046 ns/op   1,072,387 B/op   117 allocs/op
  [2/4]  bench  MerkleCommit/sha512_256/Item100000/Count10  326,166 ns/op   1,072,392 B/op   117 allocs/op
  [3/4]  bench  MerkleCommit/sha512_256/Item100000/Count10  327,205 ns/op   1,072,402 B/op   117 allocs/op
  [4/4]  bench  MerkleCommit/sha512_256/Item100000/Count10  328,226 ns/op ±1%   1,072,401 B/op ±0%   117 allocs/op    3.67s
  [1/4]  bench  MerkleCommit/sha512_256/Item100000/Count100  1,935,777 ns/op   10,685,848 B/op   781 allocs/op
  [2/4]  bench  MerkleCommit/sha512_256/Item100000/Count100  1,940,311 ns/op   10,685,839 B/op   781 allocs/op
  [3/4]  bench  MerkleCommit/sha512_256/Item100000/Count100  1,945,063 ns/op   10,685,852 B/op   781 allocs/op
  [4/4]  bench  MerkleCommit/sha512_256/Item100000/Count100  1,946,671 ns/op ±0%   10,685,851 B/op ±0%   781 allocs/op    4.25s
  [1/4]  bench  MerkleCommit/sha512_256/Item100000/Count1000  17,762,270 ns/op   106,782,493 B/op   7,111 allocs/op
  [2/4]  bench  MerkleCommit/sha512_256/Item100000/Count1000  17,830,678 ns/op   106,782,664 B/op   7,113 allocs/op
  [3/4]  bench  MerkleCommit/sha512_256/Item100000/Count1000  17,814,810 ns/op   106,782,638 B/op   7,112 allocs/op
  [4/4]  bench  MerkleCommit/sha512_256/Item100000/Count1000  17,820,229 ns/op ±0%   106,782,677 B/op ±0%   7,113 allocs/op ±0%    3.62s
  [1/4]  bench  MerkleCommit/sha512_256/Item100000/Count10000  162,864,107 ns/op   1,067,732,977 B/op   70,241 allocs/op
  [2/4]  bench  MerkleCommit/sha512_256/Item100000/Count10000  163,617,884 ns/op   1,067,732,551 B/op   70,237 allocs/op
  [3/4]  bench  MerkleCommit/sha512_256/Item100000/Count10000  161,614,006 ns/op   1,067,733,073 B/op   70,244 allocs/op
  [4/4]  bench  MerkleCommit/sha512_256/Item100000/Count10000  160,677,764 ns/op ±2%   1,067,733,086 B/op ±0%   70,246 allocs/op ±0%    3.84s
  [1/4]  bench  MerkleCommit/sha512_256/Item100000/Count100000  1,293,928,041 ns/op   10,676,919,288 B/op   700,505 allocs/op
  [2/4]  bench  MerkleCommit/sha512_256/Item100000/Count100000  1,305,155,875 ns/op   10,676,926,160 B/op   700,555 allocs/op
  [3/4]  bench  MerkleCommit/sha512_256/Item100000/Count100000  1,317,454,708 ns/op   10,676,930,211 B/op   700,594 allocs/op
  [4/4]  bench  MerkleCommit/sha512_256/Item100000/Count100000  1,327,291,135 ns/op ±2%   10,676,928,756 B/op ±0%   700,567 allocs/op ±0%    4.01s
  [1/4]  bench  MerkleCommit/sumhash/Item10/Count10   52,497 ns/op   16,789 B/op   217 allocs/op
  [2/4]  bench  MerkleCommit/sumhash/Item10/Count10   52,600 ns/op   16,789 B/op   217 allocs/op
  [3/4]  bench  MerkleCommit/sumhash/Item10/Count10   52,651 ns/op   16,786 B/op   217 allocs/op
  [4/4]  bench  MerkleCommit/sumhash/Item10/Count10   52,674 ns/op ±0%   16,785 B/op ±0%   217 allocs/op    5.2s
  [1/4]  bench  MerkleCommit/sumhash/Item10/Count100  242,911 ns/op   134,827 B/op   1,722 allocs/op
  [2/4]  bench  MerkleCommit/sumhash/Item10/Count100  241,056 ns/op   134,855 B/op   1,723 allocs/op
  [3/4]  bench  MerkleCommit/sumhash/Item10/Count100  241,346 ns/op   134,848 B/op   1,723 allocs/op
  [4/4]  bench  MerkleCommit/sumhash/Item10/Count100  241,120 ns/op ±1%   134,854 B/op ±0%   1,723 allocs/op ±0%    3.68s
  [1/4]  bench  MerkleCommit/sumhash/Item10/Count1000  1,088,731 ns/op   1,268,738 B/op   16,240 allocs/op
  [2/4]  bench  MerkleCommit/sumhash/Item10/Count1000  1,082,046 ns/op   1,268,848 B/op   16,242 allocs/op
  [3/4]  bench  MerkleCommit/sumhash/Item10/Count1000  1,079,175 ns/op   1,268,788 B/op   16,241 allocs/op
  [4/4]  bench  MerkleCommit/sumhash/Item10/Count1000  1,077,798 ns/op ±1%   1,268,821 B/op ±0%   16,242 allocs/op ±0%    3.92s
  [1/4]  bench  MerkleCommit/sumhash/Item10/Count10000  6,504,001 ns/op   12,538,129 B/op   160,468 allocs/op
  [2/4]  bench  MerkleCommit/sumhash/Item10/Count10000  6,474,849 ns/op   12,538,324 B/op   160,470 allocs/op
  [3/4]  bench  MerkleCommit/sumhash/Item10/Count10000  6,462,994 ns/op   12,538,452 B/op   160,472 allocs/op
  [4/4]  bench  MerkleCommit/sumhash/Item10/Count10000  6,484,675 ns/op ±1%   12,538,325 B/op ±0%   160,470 allocs/op ±0%    5.55s
  [1/4]  bench  MerkleCommit/sumhash/Item10/Count100000  50,536,314 ns/op   124,885,921 B/op   1,600,654 allocs/op
  [2/4]  bench  MerkleCommit/sumhash/Item10/Count100000  51,558,325 ns/op   124,885,821 B/op   1,600,652 allocs/op
  [3/4]  bench  MerkleCommit/sumhash/Item10/Count100000  51,235,011 ns/op   124,885,837 B/op   1,600,652 allocs/op
  [4/4]  bench  MerkleCommit/sumhash/Item10/Count100000  51,182,853 ns/op ±2%   124,885,758 B/op ±0%   1,600,651 allocs/op ±0%    3.55s
  [1/4]  bench  MerkleCommit/sumhash/Item1000/Count10  108,088 ns/op   28,644 B/op   233 allocs/op
  [2/4]  bench  MerkleCommit/sumhash/Item1000/Count10  107,161 ns/op   28,648 B/op   233 allocs/op
  [3/4]  bench  MerkleCommit/sumhash/Item1000/Count10  107,659 ns/op   28,651 B/op   233 allocs/op
  [4/4]  bench  MerkleCommit/sumhash/Item1000/Count10  107,693 ns/op ±1%   28,653 B/op ±0%   233 allocs/op    3.26s
  [1/4]  bench  MerkleCommit/sumhash/Item1000/Count100  463,589 ns/op   250,144 B/op   1,843 allocs/op
  [2/4]  bench  MerkleCommit/sumhash/Item1000/Count100  461,812 ns/op   250,171 B/op   1,844 allocs/op
  [3/4]  bench  MerkleCommit/sumhash/Item1000/Count100  460,956 ns/op   250,188 B/op   1,844 allocs/op
  [4/4]  bench  MerkleCommit/sumhash/Item1000/Count100  461,702 ns/op ±1%   250,179 B/op ±0%   1,844 allocs/op ±0%    3.78s
  [1/4]  bench  MerkleCommit/sumhash/Item1000/Count1000  2,519,672 ns/op   2,406,663 B/op   17,263 allocs/op
  [2/4]  bench  MerkleCommit/sumhash/Item1000/Count1000  2,522,775 ns/op   2,406,606 B/op   17,263 allocs/op
  [3/4]  bench  MerkleCommit/sumhash/Item1000/Count1000  2,521,123 ns/op   2,406,587 B/op   17,262 allocs/op
  [4/4]  bench  MerkleCommit/sumhash/Item1000/Count1000  2,519,263 ns/op ±0%   2,406,588 B/op ±0%   17,262 allocs/op ±0%    4.24s
  [1/4]  bench  MerkleCommit/sumhash/Item1000/Count10000  19,618,731 ns/op   23,898,959 B/op   170,476 allocs/op
  [2/4]  bench  MerkleCommit/sumhash/Item1000/Count10000  19,961,666 ns/op   23,898,533 B/op   170,471 allocs/op
  [3/4]  bench  MerkleCommit/sumhash/Item1000/Count10000  19,834,744 ns/op   23,898,642 B/op   170,472 allocs/op
  [4/4]  bench  MerkleCommit/sumhash/Item1000/Count10000  20,020,278 ns/op ±2%   23,898,539 B/op ±0%   170,471 allocs/op ±0%    3.73s
  [1/4]  bench  MerkleCommit/sumhash/Item1000/Count100000  174,630,889 ns/op   238,488,117 B/op   1,700,672 allocs/op
  [2/4]  bench  MerkleCommit/sumhash/Item1000/Count100000  177,375,171 ns/op   238,486,895 B/op   1,700,659 allocs/op
  [3/4]  bench  MerkleCommit/sumhash/Item1000/Count100000  175,993,945 ns/op   238,486,743 B/op   1,700,657 allocs/op
  [4/4]  bench  MerkleCommit/sumhash/Item1000/Count100000  176,791,710 ns/op ±2%   238,486,711 B/op ±0%   1,700,657 allocs/op ±0%    3.73s
  [1/4]  bench  MerkleCommit/sumhash/Item100000/Count10  2,055,870 ns/op   1,085,607 B/op   259 allocs/op
  [2/4]  bench  MerkleCommit/sumhash/Item100000/Count10  2,086,658 ns/op   1,085,595 B/op   259 allocs/op
  [3/4]  bench  MerkleCommit/sumhash/Item100000/Count10  2,072,555 ns/op   1,085,592 B/op   259 allocs/op
  [4/4]  bench  MerkleCommit/sumhash/Item100000/Count10  2,081,835 ns/op ±2%   1,085,591 B/op ±0%   259 allocs/op    4.28s
  [1/4]  bench  MerkleCommit/sumhash/Item100000/Count100  14,891,338 ns/op   10,798,633 B/op   1,857 allocs/op
  [2/4]  bench  MerkleCommit/sumhash/Item100000/Count100  15,138,314 ns/op   10,798,593 B/op   1,857 allocs/op
  [3/4]  bench  MerkleCommit/sumhash/Item100000/Count100  15,077,175 ns/op   10,798,591 B/op   1,857 allocs/op
  [4/4]  bench  MerkleCommit/sumhash/Item100000/Count100  15,034,698 ns/op ±2%   10,798,621 B/op ±0%   1,857 allocs/op ±0%    3.75s
  [1/4]  bench  MerkleCommit/sumhash/Item100000/Count1000  131,268,422 ns/op   107,879,672 B/op   17,268 allocs/op
  [2/4]  bench  MerkleCommit/sumhash/Item100000/Count1000  133,221,711 ns/op   107,879,310 B/op   17,265 allocs/op
  [3/4]  bench  MerkleCommit/sumhash/Item100000/Count1000  132,702,476 ns/op   107,879,291 B/op   17,264 allocs/op
  [4/4]  bench  MerkleCommit/sumhash/Item100000/Count1000  133,186,742 ns/op ±1%   107,879,239 B/op ±0%   17,263 allocs/op ±0%    3.61s
  [1/4]  bench  MerkleCommit/sumhash/Item100000/Count10000  1,292,650,542 ns/op   1,078,626,600 B/op   170,496 allocs/op
  [2/4]  bench  MerkleCommit/sumhash/Item100000/Count10000  1,287,180,417 ns/op   1,078,625,968 B/op   170,494 allocs/op
  [3/4]  bench  MerkleCommit/sumhash/Item100000/Count10000  1,297,756,778 ns/op   1,078,626,563 B/op   170,500 allocs/op
  [4/4]  bench  MerkleCommit/sumhash/Item100000/Count10000  1,294,347,479 ns/op ±1%   1,078,626,284 B/op ±0%   170,498 allocs/op ±0%    3.88s
  [1/4]  bench  MerkleCommit/sumhash/Item100000/Count100000  12,723,050,958 ns/op   10,785,726,984 B/op   1,700,738 allocs/op
  [2/4]  bench  MerkleCommit/sumhash/Item100000/Count100000  12,699,010,417 ns/op   10,785,729,128 B/op   1,700,750 allocs/op
  [3/4]  bench  MerkleCommit/sumhash/Item100000/Count100000  12,639,764,542 ns/op   10,785,728,952 B/op   1,700,752 allocs/op
  [4/4]  bench  MerkleCommit/sumhash/Item100000/Count100000  12,592,595,833 ns/op ±1%   10,785,729,580 B/op ±0%   1,700,763 allocs/op ±0%    37.65s
  [1/4]  bench  MerkleCommit/sha256/Item10/Count10    9,124 ns/op   5,514 B/op   107 allocs/op
  [2/4]  bench  MerkleCommit/sha256/Item10/Count10    8,822 ns/op   5,514 B/op   107 allocs/op
  [3/4]  bench  MerkleCommit/sha256/Item10/Count10    8,863 ns/op   5,514 B/op   107 allocs/op
  [4/4]  bench  MerkleCommit/sha256/Item10/Count10    8,979 ns/op ±4%   5,514 B/op ±0%   107 allocs/op    3.83s
  [1/4]  bench  MerkleCommit/sha256/Item10/Count100   44,927 ns/op   33,541 B/op   759 allocs/op
  [2/4]  bench  MerkleCommit/sha256/Item10/Count100   44,212 ns/op   33,549 B/op   759 allocs/op
  [3/4]  bench  MerkleCommit/sha256/Item10/Count100   44,343 ns/op   33,547 B/op   759 allocs/op
  [4/4]  bench  MerkleCommit/sha256/Item10/Count100   44,520 ns/op ±2%   33,545 B/op ±0%   759 allocs/op    5.02s
  [1/4]  bench  MerkleCommit/sha256/Item10/Count1000  213,459 ns/op   296,458 B/op   7,087 allocs/op
  [2/4]  bench  MerkleCommit/sha256/Item10/Count1000  213,291 ns/op   296,455 B/op   7,087 allocs/op
  [3/4]  bench  MerkleCommit/sha256/Item10/Count1000  214,319 ns/op   296,455 B/op   7,087 allocs/op
  [4/4]  bench  MerkleCommit/sha256/Item10/Count1000  214,444 ns/op ±1%   296,463 B/op ±0%   7,087 allocs/op    3.66s
  [1/4]  bench  MerkleCommit/sha256/Item10/Count10000  1,113,010 ns/op   2,914,513 B/op   70,175 allocs/op
  [2/4]  bench  MerkleCommit/sha256/Item10/Count10000  1,107,971 ns/op   2,914,612 B/op   70,176 allocs/op
  [3/4]  bench  MerkleCommit/sha256/Item10/Count10000  1,105,057 ns/op   2,914,574 B/op   70,176 allocs/op
  [4/4]  bench  MerkleCommit/sha256/Item10/Count10000  1,102,362 ns/op ±1%   2,914,594 B/op ±0%   70,176 allocs/op ±0%    3.94s
  [1/4]  bench  MerkleCommit/sha256/Item10/Count100000  6,854,009 ns/op   28,856,200 B/op   700,273 allocs/op
  [2/4]  bench  MerkleCommit/sha256/Item10/Count100000  6,924,506 ns/op   28,856,067 B/op   700,272 allocs/op
  [3/4]  bench  MerkleCommit/sha256/Item10/Count100000  6,906,551 ns/op   28,856,145 B/op   700,272 allocs/op
  [4/4]  bench  MerkleCommit/sha256/Item10/Count100000  6,890,327 ns/op ±1%   28,856,158 B/op ±0%   700,273 allocs/op ±0%    5.68s
  [1/4]  bench  MerkleCommit/sha256/Item1000/Count10  15,606 ns/op   15,658 B/op   107 allocs/op
  [2/4]  bench  MerkleCommit/sha256/Item1000/Count10  15,900 ns/op   15,657 B/op   107 allocs/op
  [3/4]  bench  MerkleCommit/sha256/Item1000/Count10  16,021 ns/op   15,656 B/op   107 allocs/op
  [4/4]  bench  MerkleCommit/sha256/Item1000/Count10  15,993 ns/op ±2%   15,657 B/op ±0%   107 allocs/op    4.06s
  [1/4]  bench  MerkleCommit/sha256/Item1000/Count100  78,363 ns/op   134,554 B/op   761 allocs/op
  [2/4]  bench  MerkleCommit/sha256/Item1000/Count100  78,301 ns/op   134,559 B/op   761 allocs/op
  [3/4]  bench  MerkleCommit/sha256/Item1000/Count100  78,943 ns/op   134,561 B/op   761 allocs/op
  [4/4]  bench  MerkleCommit/sha256/Item1000/Count100  79,190 ns/op ±1%   134,559 B/op ±0%   761 allocs/op    6.02s
  [1/4]  bench  MerkleCommit/sha256/Item1000/Count1000  419,414 ns/op   1,305,496 B/op   7,097 allocs/op
  [2/4]  bench  MerkleCommit/sha256/Item1000/Count1000  420,471 ns/op   1,305,470 B/op   7,097 allocs/op
  [3/4]  bench  MerkleCommit/sha256/Item1000/Count1000  420,191 ns/op   1,305,475 B/op   7,097 allocs/op
  [4/4]  bench  MerkleCommit/sha256/Item1000/Count1000  421,622 ns/op ±1%   1,305,465 B/op ±0%   7,097 allocs/op ±0%    3.76s
  [1/4]  bench  MerkleCommit/sha256/Item1000/Count10000  2,873,166 ns/op   12,995,215 B/op   70,181 allocs/op
  [2/4]  bench  MerkleCommit/sha256/Item1000/Count10000  2,892,000 ns/op   12,995,194 B/op   70,181 allocs/op
  [3/4]  bench  MerkleCommit/sha256/Item1000/Count10000  2,906,160 ns/op   12,995,224 B/op   70,181 allocs/op
  [4/4]  bench  MerkleCommit/sha256/Item1000/Count10000  2,927,970 ns/op ±2%   12,995,227 B/op ±0%   70,181 allocs/op ±0%    4.46s
  [1/4]  bench  MerkleCommit/sha256/Item1000/Count100000  26,887,441 ns/op   129,656,147 B/op   700,270 allocs/op
  [2/4]  bench  MerkleCommit/sha256/Item1000/Count100000  26,890,446 ns/op   129,656,013 B/op   700,269 allocs/op
  [3/4]  bench  MerkleCommit/sha256/Item1000/Count100000  26,799,551 ns/op   129,656,091 B/op   700,270 allocs/op
  [4/4]  bench  MerkleCommit/sha256/Item1000/Count100000  26,877,014 ns/op ±1%   129,656,068 B/op ±0%   700,270 allocs/op ±0%    3.68s
  [1/4]  bench  MerkleCommit/sha256/Item100000/Count10  230,787 ns/op   1,071,219 B/op   115 allocs/op
  [2/4]  bench  MerkleCommit/sha256/Item100000/Count10  231,933 ns/op   1,071,219 B/op   115 allocs/op
  [3/4]  bench  MerkleCommit/sha256/Item100000/Count10  231,510 ns/op   1,071,218 B/op   115 allocs/op
  [4/4]  bench  MerkleCommit/sha256/Item100000/Count10  231,986 ns/op ±1%   1,071,219 B/op ±0%   115 allocs/op    3.68s
  [1/4]  bench  MerkleCommit/sha256/Item100000/Count100  1,518,419 ns/op   10,683,692 B/op   779 allocs/op
  [2/4]  bench  MerkleCommit/sha256/Item100000/Count100  1,521,237 ns/op   10,683,700 B/op   780 allocs/op
  [3/4]  bench  MerkleCommit/sha256/Item100000/Count100  1,511,350 ns/op   10,683,704 B/op   780 allocs/op
  [4/4]  bench  MerkleCommit/sha256/Item100000/Count100  1,511,454 ns/op ±1%   10,683,708 B/op ±0%   780 allocs/op ±0%    4.03s
  [1/4]  bench  MerkleCommit/sha256/Item100000/Count1000  14,730,671 ns/op   106,779,442 B/op   7,109 allocs/op
  [2/4]  bench  MerkleCommit/sha256/Item100000/Count1000  14,617,796 ns/op   106,779,495 B/op   7,110 allocs/op
  [3/4]  bench  MerkleCommit/sha256/Item100000/Count1000  14,574,760 ns/op   106,779,574 B/op   7,110 allocs/op
  [4/4]  bench  MerkleCommit/sha256/Item100000/Count1000  14,540,923 ns/op ±1%   106,779,601 B/op ±0%   7,111 allocs/op ±0%    3.5s
  [1/4]  bench  MerkleCommit/sha256/Item100000/Count10000  132,027,104 ns/op   1,067,726,306 B/op   70,233 allocs/op
  [2/4]  bench  MerkleCommit/sha256/Item100000/Count10000  132,384,451 ns/op   1,067,726,666 B/op   70,235 allocs/op
  [3/4]  bench  MerkleCommit/sha256/Item100000/Count10000  132,568,646 ns/op   1,067,726,459 B/op   70,233 allocs/op
  [4/4]  bench  MerkleCommit/sha256/Item100000/Count10000  133,307,796 ns/op ±1%   1,067,726,717 B/op ±0%   70,235 allocs/op ±0%    3.61s
  [1/4]  bench  MerkleCommit/sha256/Item100000/Count100000  1,113,931,958 ns/op   10,676,923,192 B/op   700,529 allocs/op
  [2/4]  bench  MerkleCommit/sha256/Item100000/Count100000  1,132,621,167 ns/op   10,676,918,552 B/op   700,490 allocs/op
  [3/4]  bench  MerkleCommit/sha256/Item100000/Count100000  1,124,987,319 ns/op   10,676,919,773 B/op   700,509 allocs/op
  [4/4]  bench  MerkleCommit/sha256/Item100000/Count100000  1,128,480,500 ns/op ±2%   10,676,920,460 B/op ±0%   700,518 allocs/op ±0%    3.4s
  [1/4]  bench  AppendMsgBlockHeader                  36.5 ns/op   27.4 MB/s   0.000 B/op   0.000 allocs/op
  [2/4]  bench  AppendMsgBlockHeader                  36.4 ns/op   27.5 MB/s   0.000 B/op   0.000 allocs/op
  [3/4]  bench  AppendMsgBlockHeader                  36.4 ns/op   27.4 MB/s   0.000 B/op   0.000 allocs/op
  [4/4]  bench  AppendMsgBlockHeader                  36.4 ns/op ±0%   27.5 MB/s ±0%   0.000 B/op   0.000 allocs/op    3.72s
  [1/4]  bench  AppendMsgSignedTxn                    75.8 ns/op   13.2 MB/s   0.000 B/op   0.000 allocs/op
  [2/4]  bench  AppendMsgSignedTxn                    75.8 ns/op   13.2 MB/s   0.000 B/op   0.000 allocs/op
  [3/4]  bench  AppendMsgSignedTxn                    75.9 ns/op   13.2 MB/s   0.000 B/op   0.000 allocs/op
  [4/4]  bench  AppendMsgSignedTxn                    75.8 ns/op ±0%   13.2 MB/s ±0%   0.000 B/op   0.000 allocs/op    3.74s
  [1/4]  bench  PaysetGroups                          5,742 ns/op   127,039 B/op   8.00 allocs/op
  [2/4]  bench  PaysetGroups                          5,669 ns/op   129,356 B/op   8.00 allocs/op
  [3/4]  bench  PaysetGroups                          5,664 ns/op   129,320 B/op   8.00 allocs/op
  [4/4]  bench  PaysetGroups                          5,640 ns/op ±2%   128,712 B/op ±2%   8.00 allocs/op    25.79s
  [1/4]  bench  Txn                                   41,117 ns/op   9,508 B/op   12.0 allocs/op
  [2/4]  bench  Txn                                   41,031 ns/op   9,507 B/op   12.0 allocs/op
  [3/4]  bench  Txn                                   40,988 ns/op   9,506 B/op   12.0 allocs/op
  [4/4]  bench  Txn                                   40,959 ns/op ±0%   9,505 B/op ±0%   12.0 allocs/op    9.04s
  [1/4]  bench  TxHandlerProcessing/processDecoded    9,361 ns/op   3,760 B/op   32.0 allocs/op
  [2/4]  bench  TxHandlerProcessing/processDecoded    9,421 ns/op   3,760 B/op   32.0 allocs/op
  [3/4]  bench  TxHandlerProcessing/processDecoded    9,465 ns/op   3,760 B/op   32.0 allocs/op
  [4/4]  bench  TxHandlerProcessing/processDecoded    9,530 ns/op ±2%   3,760 B/op   32.0 allocs/op    9.59s
  [1/4]  bench  TxHandlerProcessing/verify.TxnGroup   41,250 ns/op   11,712 B/op   16.0 allocs/op
  [2/4]  bench  TxHandlerProcessing/verify.TxnGroup   41,282 ns/op   11,712 B/op   16.0 allocs/op
  [3/4]  bench  TxHandlerProcessing/verify.TxnGroup   41,398 ns/op   11,712 B/op   16.0 allocs/op
  [4/4]  bench  TxHandlerProcessing/verify.TxnGroup   41,430 ns/op ±0%   11,712 B/op   16.0 allocs/op    6.54s
  [1/4]  bench  CompactDeltas/account-deltas          1,514,254 ns/op   4,134,626 B/op   0.000 allocs/op
  [2/4]  bench  CompactDeltas/account-deltas          1,455,394 ns/op   4,140,577 B/op   0.000 allocs/op
  [3/4]  bench  CompactDeltas/account-deltas          1,430,813 ns/op   4,137,534 B/op   0.000 allocs/op
  [4/4]  bench  CompactDeltas/account-deltas          1,421,494 ns/op ±5%   4,135,343 B/op ±0%   0.000 allocs/op    17.34s
