  [1/4]  bench  MerkleCommit/sha512_256/Item10/Count10  14,096 ns/op   6,079 B/op   107 allocs/op
  [2/4]  bench  MerkleCommit/sha512_256/Item10/Count10  13,936 ns/op   6,082 B/op   107 allocs/op
  [3/4]  bench  MerkleCommit/sha512_256/Item10/Count10  13,982 ns/op   6,080 B/op   107 allocs/op
  [4/4]  bench  MerkleCommit/sha512_256/Item10/Count10  13,947 ns/op ±1%   6,082 B/op ±0%   107 allocs/op    4.04s
  [1/4]  bench  MerkleCommit/sha512_256/Item10/Count100  54,543 ns/op   34,668 B/op   760 allocs/op
  [2/4]  bench  MerkleCommit/sha512_256/Item10/Count100  54,359 ns/op   34,679 B/op   761 allocs/op
  [3/4]  bench  MerkleCommit/sha512_256/Item10/Count100  54,178 ns/op   34,681 B/op   761 allocs/op
  [4/4]  bench  MerkleCommit/sha512_256/Item10/Count100  54,294 ns/op ±1%   34,677 B/op ±0%   761 allocs/op ±0%    5.22s
  [1/4]  bench  MerkleCommit/sha512_256/Item10/Count1000  255,151 ns/op   299,060 B/op   7,091 allocs/op
  [2/4]  bench  MerkleCommit/sha512_256/Item10/Count1000  255,832 ns/op   299,048 B/op   7,091 allocs/op
  [3/4]  bench  MerkleCommit/sha512_256/Item10/Count1000  255,416 ns/op   299,046 B/op   7,091 allocs/op
  [4/4]  bench  MerkleCommit/sha512_256/Item10/Count1000  255,627 ns/op ±0%   299,043 B/op ±0%   7,091 allocs/op    3.68s
  [1/4]  bench  MerkleCommit/sha512_256/Item10/Count10000  1,270,187 ns/op   2,920,660 B/op   70,183 allocs/op
  [2/4]  bench  MerkleCommit/sha512_256/Item10/Count10000  1,272,221 ns/op   2,920,730 B/op   70,184 allocs/op
  [3/4]  bench  MerkleCommit/sha512_256/Item10/Count10000  1,275,818 ns/op   2,920,676 B/op   70,183 allocs/op
  [4/4]  bench  MerkleCommit/sha512_256/Item10/Count10000  1,274,536 ns/op ±1%   2,920,699 B/op ±0%   70,184 allocs/op ±0%    3.98s
  [1/4]  bench  MerkleCommit/sha512_256/Item10/Count100000  7,723,252 ns/op   28,866,729 B/op   700,284 allocs/op
  [2/4]  bench  MerkleCommit/sha512_256/Item10/Count100000  7,872,624 ns/op   28,866,367 B/op   700,282 allocs/op
  [3/4]  bench  MerkleCommit/sha512_256/Item10/Count100000  7,882,790 ns/op   28,866,280 B/op   700,281 allocs/op
  [4/4]  bench  MerkleCommit/sha512_256/Item10/Count100000  7,867,129 ns/op ±2%   28,866,352 B/op ±0%   700,282 allocs/op ±0%    6.01s
  [1/4]  bench  MerkleCommit/sha512_256/Item1000/Count10  23,408 ns/op   16,253 B/op   108 allocs/op
  [2/4]  bench  MerkleCommit/sha512_256/Item1000/Count10  22,963 ns/op   16,257 B/op   108 allocs/op
  [3/4]  bench  MerkleCommit/sha512_256/Item1000/Count10  23,002 ns/op   16,256 B/op   108 allocs/op
  [4/4]  bench  MerkleCommit/sha512_256/Item1000/Count10  22,864 ns/op ±2%   16,257 B/op ±0%   108 allocs/op    4.32s
  [1/4]  bench  MerkleCommit/sha512_256/Item1000/Count100  96,458 ns/op   135,939 B/op   764 allocs/op
  [2/4]  bench  MerkleCommit/sha512_256/Item1000/Count100  96,426 ns/op   135,934 B/op   764 allocs/op
  [3/4]  bench  MerkleCommit/sha512_256/Item1000/Count100  96,594 ns/op   135,926 B/op   763 allocs/op
  [4/4]  bench  MerkleCommit/sha512_256/Item1000/Count100  96,860 ns/op ±1%   135,921 B/op ±0%   763 allocs/op ±0%    6.54s
  [1/4]  bench  MerkleCommit/sha512_256/Item1000/Count1000  490,294 ns/op   1,308,503 B/op   7,100 allocs/op
  [2/4]  bench  MerkleCommit/sha512_256/Item1000/Count1000  490,274 ns/op   1,308,492 B/op   7,100 allocs/op
  [3/4]  bench  MerkleCommit/sha512_256/Item1000/Count1000  492,608 ns/op   1,308,474 B/op   7,100 allocs/op
  [4/4]  bench  MerkleCommit/sha512_256/Item1000/Count1000  492,244 ns/op ±1%   1,308,480 B/op ±0%   7,100 allocs/op    3.63s
  [1/4]  bench  MerkleCommit/sha512_256/Item1000/Count10000  3,355,477 ns/op   13,000,944 B/op   70,185 allocs/op
  [2/4]  bench  MerkleCommit/sha512_256/Item1000/Count10000  3,350,540 ns/op   13,001,062 B/op   70,186 allocs/op
  [3/4]  bench  MerkleCommit/sha512_256/Item1000/Count10000  3,337,665 ns/op   13,001,083 B/op   70,186 allocs/op
  [4/4]  bench  MerkleCommit/sha512_256/Item1000/Count10000  3,343,846 ns/op ±1%   13,001,067 B/op ±0%   70,186 allocs/op ±0%    4.6s
  [1/4]  bench  MerkleCommit/sha512_256/Item1000/Count100000  28,258,692 ns/op   129,665,919 B/op   700,277 allocs/op
  [2/4]  bench  MerkleCommit/sha512_256/Item1000/Count100000  28,302,232 ns/op   129,665,989 B/op   700,278 allocs/op
  [3/4]  bench  MerkleCommit/sha512_256/Item1000/Count100000  28,441,795 ns/op   129,665,855 B/op   700,277 allocs/op
  [4/4]  bench  MerkleCommit/sha512_256/Item1000/Count100000  28,431,144 ns/op ±1%   129,665,887 B/op ±0%   700,277 allocs/op ±0%    3.45s
  [1/4]  bench  MerkleCommit/sha512_256/Item100000/Count10  331,117 ns/op   1,072,396 B/op   117 allocs/op
  [2/4]  bench  MerkleCommit/sha512_256/Item100000/Count10  328,803 ns/op   1,072,399 B/op   117 allocs/op
  [3/4]  bench  MerkleCommit/sha512_256/Item100000/Count10  327,950 ns/op   1,072,392 B/op   117 allocs/op
  [4/4]  bench  MerkleCommit/sha512_256/Item100000/Count10  327,830 ns/op ±1%   1,072,397 B/op ±0%   117 allocs/op    3.74s
  [1/4]  bench  MerkleCommit/sha512_256/Item100000/Count100  1,972,689 ns/op   10,685,860 B/op   781 allocs/op
  [2/4]  bench  MerkleCommit/sha512_256/Item100000/Count100  1,969,437 ns/op   10,685,868 B/op   781 allocs/op
  [3/4]  bench  MerkleCommit/sha512_256/Item100000/Count100  1,970,926 ns/op   10,685,861 B/op   781 allocs/op
  [4/4]  bench  MerkleCommit/sha512_256/Item100000/Count100  1,968,413 ns/op ±0%   10,685,865 B/op ±0%   781 allocs/op    4.19s
  [1/4]  bench  MerkleCommit/sha512_256/Item100000/Count1000  18,196,141 ns/op   106,782,540 B/op   7,111 allocs/op
  [2/4]  bench  MerkleCommit/sha512_256/Item100000/Count1000  17,983,503 ns/op   106,782,635 B/op   7,112 allocs/op
  [3/4]  bench  MerkleCommit/sha512_256/Item100000/Count1000  17,913,126 ns/op   106,782,625 B/op   7,112 allocs/op
  [4/4]  bench  MerkleCommit/sha512_256/Item100000/Count1000  17,997,168 ns/op ±1%   106,782,650 B/op ±0%   7,112 allocs/op ±0%    3.5s
  [1/4]  bench  MerkleCommit/sha512_256/Item100000/Count10000  161,761,833 ns/op   1,067,735,029 B/op   70,267 allocs/op
  [2/4]  bench  MerkleCommit/sha512_256/Item100000/Count10000  162,163,432 ns/op   1,067,733,824 B/op   70,254 allocs/op
  [3/4]  bench  MerkleCommit/sha512_256/Item100000/Count10000  162,993,063 ns/op   1,067,734,526 B/op   70,259 allocs/op
  [4/4]  bench  MerkleCommit/sha512_256/Item100000/Count10000  163,389,881 ns/op ±1%   1,067,734,454 B/op ±0%   70,258 allocs/op ±0%    3.93s
  [1/4]  bench  MerkleCommit/sha512_256/Item100000/Count100000  1,334,540,083 ns/op   10,676,939,848 B/op   700,646 allocs/op
  [2/4]  bench  MerkleCommit/sha512_256/Item100000/Count100000  1,364,321,042 ns/op   10,676,933,424 B/op   700,561 allocs/op
  [3/4]  bench  MerkleCommit/sha512_256/Item100000/Count100000  1,357,735,236 ns/op   10,676,936,861 B/op   700,599 allocs/op
  [4/4]  bench  MerkleCommit/sha512_256/Item100000/Count100000  1,350,794,104 ns/op ±2%   10,676,934,628 B/op ±0%   700,586 allocs/op ±0%    4.07s
  [1/4]  bench  MerkleCommit/sumhash/Item10/Count10   52,821 ns/op   16,780 B/op   217 allocs/op
  [2/4]  bench  MerkleCommit/sumhash/Item10/Count10   52,234 ns/op   16,787 B/op   217 allocs/op
  [3/4]  bench  MerkleCommit/sumhash/Item10/Count10   52,320 ns/op   16,787 B/op   217 allocs/op
  [4/4]  bench  MerkleCommit/sumhash/Item10/Count10   52,399 ns/op ±1%   16,786 B/op ±0%   217 allocs/op    5.19s
  [1/4]  bench  MerkleCommit/sumhash/Item10/Count100  239,731 ns/op   134,866 B/op   1,723 allocs/op
  [2/4]  bench  MerkleCommit/sumhash/Item10/Count100  240,514 ns/op   134,853 B/op   1,723 allocs/op
  [3/4]  bench  MerkleCommit/sumhash/Item10/Count100  240,500 ns/op   134,862 B/op   1,723 allocs/op
  [4/4]  bench  MerkleCommit/sumhash/Item10/Count100  239,961 ns/op ±1%   134,870 B/op ±0%   1,723 allocs/op    3.63s
  [1/4]  bench  MerkleCommit/sumhash/Item10/Count1000  1,085,386 ns/op   1,268,784 B/op   16,241 allocs/op
  [2/4]  bench  MerkleCommit/sumhash/Item10/Count1000  1,079,701 ns/op   1,268,876 B/op   16,242 allocs/op
  [3/4]  bench  MerkleCommit/sumhash/Item10/Count1000  1,084,030 ns/op   1,268,825 B/op   16,241 allocs/op
  [4/4]  bench  MerkleCommit/sumhash/Item10/Count1000  1,081,340 ns/op ±1%   1,268,855 B/op ±0%   16,242 allocs/op ±0%    3.95s
  [1/4]  bench  MerkleCommit/sumhash/Item10/Count10000  6,436,234 ns/op   12,538,041 B/op   160,467 allocs/op
  [2/4]  bench  MerkleCommit/sumhash/Item10/Count10000  6,487,431 ns/op   12,538,037 B/op   160,467 allocs/op
  [3/4]  bench  MerkleCommit/sumhash/Item10/Count10000  6,471,908 ns/op   12,538,237 B/op   160,469 allocs/op
  [4/4]  bench  MerkleCommit/sumhash/Item10/Count10000  6,459,739 ns/op ±1%   12,538,284 B/op ±0%   160,470 allocs/op ±0%    5.53s
  [1/4]  bench  MerkleCommit/sumhash/Item10/Count100000  50,674,551 ns/op   124,885,797 B/op   1,600,653 allocs/op
  [2/4]  bench  MerkleCommit/sumhash/Item10/Count100000  51,359,369 ns/op   124,885,429 B/op   1,600,649 allocs/op
  [3/4]  bench  MerkleCommit/sumhash/Item10/Count100000  51,062,238 ns/op   124,885,529 B/op   1,600,650 allocs/op
  [4/4]  bench  MerkleCommit/sumhash/Item10/Count100000  51,369,992 ns/op ±2%   124,885,543 B/op ±0%   1,600,650 allocs/op ±0%    3.52s
  [1/4]  bench  MerkleCommit/sumhash/Item1000/Count10  108,791 ns/op   28,672 B/op   233 allocs/op
  [2/4]  bench  MerkleCommit/sumhash/Item1000/Count10  108,595 ns/op   28,664 B/op   233 allocs/op
  [3/4]  bench  MerkleCommit/sumhash/Item1000/Count10  108,862 ns/op   28,664 B/op   233 allocs/op
  [4/4]  bench  MerkleCommit/sumhash/Item1000/Count10  108,639 ns/op ±1%   28,660 B/op ±0%   233 allocs/op    3.29s
  [1/4]  bench  MerkleCommit/sumhash/Item1000/Count100  464,546 ns/op   250,148 B/op   1,843 allocs/op
  [2/4]  bench  MerkleCommit/sumhash/Item1000/Count100  462,532 ns/op   250,190 B/op   1,844 allocs/op
  [3/4]  bench  MerkleCommit/sumhash/Item1000/Count100  463,647 ns/op   250,176 B/op   1,843 allocs/op
  [4/4]  bench  MerkleCommit/sumhash/Item1000/Count100  462,844 ns/op ±1%   250,189 B/op ±0%   1,844 allocs/op ±0%    3.74s
  [1/4]  bench  MerkleCommit/sumhash/Item1000/Count1000  2,588,980 ns/op   2,406,185 B/op   17,258 allocs/op
  [2/4]  bench  MerkleCommit/sumhash/Item1000/Count1000  2,560,925 ns/op   2,406,419 B/op   17,261 allocs/op
  [3/4]  bench  MerkleCommit/sumhash/Item1000/Count1000  2,570,611 ns/op   2,406,341 B/op   17,260 allocs/op
  [4/4]  bench  MerkleCommit/sumhash/Item1000/Count1000  2,558,793 ns/op ±1%   2,406,399 B/op ±0%   17,260 allocs/op ±0%    4.4s
  [1/4]  bench  MerkleCommit/sumhash/Item1000/Count10000  20,112,365 ns/op   23,898,705 B/op   170,473 allocs/op
  [2/4]  bench  MerkleCommit/sumhash/Item1000/Count10000  19,968,731 ns/op   23,898,920 B/op   170,476 allocs/op
  [3/4]  bench  MerkleCommit/sumhash/Item1000/Count10000  20,013,508 ns/op   23,898,730 B/op   170,473 allocs/op
  [4/4]  bench  MerkleCommit/sumhash/Item1000/Count10000  19,981,741 ns/op ±1%   23,898,807 B/op ±0%   170,474 allocs/op ±0%    3.55s
  [1/4]  bench  MerkleCommit/sumhash/Item1000/Count100000  175,939,007 ns/op   238,486,986 B/op   1,700,659 allocs/op
  [2/4]  bench  MerkleCommit/sumhash/Item1000/Count100000  175,629,716 ns/op   238,486,856 B/op   1,700,659 allocs/op
  [3/4]  bench  MerkleCommit/sumhash/Item1000/Count100000  175,491,347 ns/op   238,486,896 B/op   1,700,659 allocs/op
  [4/4]  bench  MerkleCommit/sumhash/Item1000/Count100000  176,414,745 ns/op ±1%   238,486,648 B/op ±0%   1,700,656 allocs/op ±0%    3.73s
  [1/4]  bench  MerkleCommit/sumhash/Item100000/Count10  2,058,516 ns/op   1,085,579 B/op   259 allocs/op
  [2/4]  bench  MerkleCommit/sumhash/Item100000/Count10  2,089,279 ns/op   1,085,574 B/op   259 allocs/op
  [3/4]  bench  MerkleCommit/sumhash/Item100000/Count10  2,081,276 ns/op   1,085,577 B/op   259 allocs/op
  [4/4]  bench  MerkleCommit/sumhash/Item100000/Count10  2,086,376 ns/op ±1%   1,085,584 B/op ±0%   259 allocs/op    4.28s
  [1/4]  bench  MerkleCommit/sumhash/Item100000/Count100  15,034,257 ns/op   10,798,653 B/op   1,857 allocs/op
  [2/4]  bench  MerkleCommit/sumhash/Item100000/Count100  15,176,780 ns/op   10,798,626 B/op   1,857 allocs/op
  [3/4]  bench  MerkleCommit/sumhash/Item100000/Count100  15,102,961 ns/op   10,798,643 B/op   1,857 allocs/op
  [4/4]  bench  MerkleCommit/sumhash/Item100000/Count100  15,174,522 ns/op ±1%   10,798,606 B/op ±0%   1,857 allocs/op ±0%    3.71s
  [1/4]  bench  MerkleCommit/sumhash/Item100000/Count1000  131,709,500 ns/op   107,878,802 B/op   17,257 allocs/op
  [2/4]  bench  MerkleCommit/sumhash/Item100000/Count1000  134,728,094 ns/op   107,878,777 B/op   17,258 allocs/op
  [3/4]  bench  MerkleCommit/sumhash/Item100000/Count1000  133,630,603 ns/op   107,878,815 B/op   17,258 allocs/op
  [4/4]  bench  MerkleCommit/sumhash/Item100000/Count1000  133,091,422 ns/op ±2%   107,878,770 B/op ±0%   17,258 allocs/op ±0%    3.62s
  [1/4]  bench  MerkleCommit/sumhash/Item100000/Count10000  1,287,726,209 ns/op   1,078,624,328 B/op   170,487 allocs/op
  [2/4]  bench  MerkleCommit/sumhash/Item100000/Count10000  1,278,127,167 ns/op   1,078,624,920 B/op   170,489 allocs/op
  [3/4]  bench  MerkleCommit/sumhash/Item100000/Count10000  1,291,990,681 ns/op   1,078,625,224 B/op   170,494 allocs/op
  [4/4]  bench  MerkleCommit/sumhash/Item100000/Count10000  1,287,353,584 ns/op ±2%   1,078,625,552 B/op ±0%   170,498 allocs/op ±0%    3.86s
  [1/4]  bench  MerkleCommit/sumhash/Item100000/Count100000  12,701,319,417 ns/op   10,785,732,936 B/op   1,700,819 allocs/op
  [2/4]  bench  MerkleCommit/sumhash/Item100000/Count100000  12,676,275,980 ns/op   10,785,733,336 B/op   1,700,816 allocs/op
  [3/4]  bench  MerkleCommit/sumhash/Item100000/Count100000  12,633,250,653 ns/op   10,785,731,523 B/op   1,700,790 allocs/op
  [4/4]  bench  MerkleCommit/sumhash/Item100000/Count100000  12,593,351,740 ns/op ±1%   10,785,731,588 B/op ±0%   1,700,783 allocs/op ±0%    37.67s
  [1/4]  bench  MerkleCommit/sha256/Item10/Count10    8,721 ns/op   5,514 B/op   107 allocs/op
  [2/4]  bench  MerkleCommit/sha256/Item10/Count10    9,019 ns/op   5,514 B/op   107 allocs/op
  [3/4]  bench  MerkleCommit/sha256/Item10/Count10    9,095 ns/op   5,514 B/op   107 allocs/op
  [4/4]  bench  MerkleCommit/sha256/Item10/Count10    9,096 ns/op ±3%   5,514 B/op ±0%   107 allocs/op    3.83s
  [1/4]  bench  MerkleCommit/sha256/Item10/Count100   42,825 ns/op   33,559 B/op   759 allocs/op
  [2/4]  bench  MerkleCommit/sha256/Item10/Count100   43,069 ns/op   33,562 B/op   760 allocs/op
  [3/4]  bench  MerkleCommit/sha256/Item10/Count100   43,397 ns/op   33,556 B/op   759 allocs/op
  [4/4]  bench  MerkleCommit/sha256/Item10/Count100   42,916 ns/op ±3%   33,558 B/op ±0%   760 allocs/op ±0%    4.86s
  [1/4]  bench  MerkleCommit/sha256/Item10/Count1000  216,010 ns/op   296,447 B/op   7,087 allocs/op
  [2/4]  bench  MerkleCommit/sha256/Item10/Count1000  214,190 ns/op   296,452 B/op   7,087 allocs/op
  [3/4]  bench  MerkleCommit/sha256/Item10/Count1000  214,692 ns/op   296,449 B/op   7,087 allocs/op
  [4/4]  bench  MerkleCommit/sha256/Item10/Count1000  214,392 ns/op ±1%   296,457 B/op ±0%   7,087 allocs/op    3.67s
  [1/4]  bench  MerkleCommit/sha256/Item10/Count10000  1,105,683 ns/op   2,914,585 B/op   70,175 allocs/op
  [2/4]  bench  MerkleCommit/sha256/Item10/Count10000  1,105,939 ns/op   2,914,644 B/op   70,176 allocs/op
  [3/4]  bench  MerkleCommit/sha256/Item10/Count10000  1,101,738 ns/op   2,914,628 B/op   70,176 allocs/op
  [4/4]  bench  MerkleCommit/sha256/Item10/Count10000  1,105,937 ns/op ±1%   2,914,620 B/op ±0%   70,176 allocs/op ±0%    3.93s
  [1/4]  bench  MerkleCommit/sha256/Item10/Count100000  6,989,791 ns/op   28,856,036 B/op   700,271 allocs/op
  [2/4]  bench  MerkleCommit/sha256/Item10/Count100000  6,976,931 ns/op   28,856,108 B/op   700,272 allocs/op
  [3/4]  bench  MerkleCommit/sha256/Item10/Count100000  6,953,466 ns/op   28,856,143 B/op   700,272 allocs/op
  [4/4]  bench  MerkleCommit/sha256/Item10/Count100000  6,963,373 ns/op ±1%   28,856,097 B/op ±0%   700,272 allocs/op ±0%    5.67s
  [1/4]  bench  MerkleCommit/sha256/Item1000/Count10  15,766 ns/op   15,658 B/op   107 allocs/op
  [2/4]  bench  MerkleCommit/sha256/Item1000/Count10  15,813 ns/op   15,657 B/op   107 allocs/op
  [3/4]  bench  MerkleCommit/sha256/Item1000/Count10  15,544 ns/op   15,658 B/op   107 allocs/op
  [4/4]  bench  MerkleCommit/sha256/Item1000/Count10  15,583 ns/op ±3%   15,657 B/op ±0%   107 allocs/op    4.04s
  [1/4]  bench  MerkleCommit/sha256/Item1000/Count100  76,312 ns/op   134,561 B/op   761 allocs/op
  [2/4]  bench  MerkleCommit/sha256/Item1000/Count100  77,736 ns/op   134,562 B/op   761 allocs/op
  [3/4]  bench  MerkleCommit/sha256/Item1000/Count100  77,992 ns/op   134,560 B/op   761 allocs/op
  [4/4]  bench  MerkleCommit/sha256/Item1000/Count100  77,311 ns/op ±3%   134,558 B/op ±0%   761 allocs/op    5.96s
  [1/4]  bench  MerkleCommit/sha256/Item1000/Count1000  419,876 ns/op   1,305,459 B/op   7,096 allocs/op
  [2/4]  bench  MerkleCommit/sha256/Item1000/Count1000  419,217 ns/op   1,305,463 B/op   7,097 allocs/op
  [3/4]  bench  MerkleCommit/sha256/Item1000/Count1000  420,619 ns/op   1,305,456 B/op   7,096 allocs/op
  [4/4]  bench  MerkleCommit/sha256/Item1000/Count1000  420,385 ns/op ±1%   1,305,461 B/op ±0%   7,097 allocs/op ±0%    3.76s
  [1/4]  bench  MerkleCommit/sha256/Item1000/Count10000  2,898,604 ns/op   12,995,160 B/op   70,181 allocs/op
  [2/4]  bench  MerkleCommit/sha256/Item1000/Count10000  2,894,930 ns/op   12,995,196 B/op   70,181 allocs/op
  [3/4]  bench  MerkleCommit/sha256/Item1000/Count10000  2,929,054 ns/op   12,995,220 B/op   70,181 allocs/op
  [4/4]  bench  MerkleCommit/sha256/Item1000/Count10000  2,952,575 ns/op ±2%   12,995,209 B/op ±0%   70,181 allocs/op    4.46s
  [1/4]  bench  MerkleCommit/sha256/Item1000/Count100000  27,794,134 ns/op   129,655,707 B/op   700,266 allocs/op
  [2/4]  bench  MerkleCommit/sha256/Item1000/Count100000  27,178,785 ns/op   129,656,032 B/op   700,269 allocs/op
  [3/4]  bench  MerkleCommit/sha256/Item1000/Count100000  27,045,097 ns/op   129,656,048 B/op   700,269 allocs/op
  [4/4]  bench  MerkleCommit/sha256/Item1000/Count100000  26,968,035 ns/op ±2%   129,656,062 B/op ±0%   700,269 allocs/op ±0%    3.71s
  [1/4]  bench  MerkleCommit/sha256/Item100000/Count10  233,366 ns/op   1,071,210 B/op   115 allocs/op
  [2/4]  bench  MerkleCommit/sha256/Item100000/Count10  231,724 ns/op   1,071,215 B/op   115 allocs/op
  [3/4]  bench  MerkleCommit/sha256/Item100000/Count10  232,528 ns/op   1,071,215 B/op   115 allocs/op
  [4/4]  bench  MerkleCommit/sha256/Item100000/Count10  231,905 ns/op ±1%   1,071,216 B/op ±0%   115 allocs/op    3.74s
  [1/4]  bench  MerkleCommit/sha256/Item100000/Count100  1,526,669 ns/op   10,683,704 B/op   779 allocs/op
  [2/4]  bench  MerkleCommit/sha256/Item100000/Count100  1,519,470 ns/op   10,683,709 B/op   780 allocs/op
  [3/4]  bench  MerkleCommit/sha256/Item100000/Count100  1,522,335 ns/op   10,683,703 B/op   779 allocs/op
  [4/4]  bench  MerkleCommit/sha256/Item100000/Count100  1,517,214 ns/op ±1%   10,683,705 B/op ±0%   780 allocs/op ±0%    4.07s
  [1/4]  bench  MerkleCommit/sha256/Item100000/Count1000  14,635,250 ns/op   106,779,571 B/op   7,110 allocs/op
  [2/4]  bench  MerkleCommit/sha256/Item100000/Count1000  14,593,955 ns/op   106,779,509 B/op   7,110 allocs/op
  [3/4]  bench  MerkleCommit/sha256/Item100000/Count1000  14,572,994 ns/op   106,779,535 B/op   7,110 allocs/op
  [4/4]  bench  MerkleCommit/sha256/Item100000/Count1000  14,637,655 ns/op ±1%   106,779,508 B/op ±0%   7,110 allocs/op ±0%    3.54s
  [1/4]  bench  MerkleCommit/sha256/Item100000/Count10000  133,199,625 ns/op   1,067,727,616 B/op   70,244 allocs/op
  [2/4]  bench  MerkleCommit/sha256/Item100000/Count10000  134,406,255 ns/op   1,067,727,744 B/op   70,246 allocs/op
  [3/4]  bench  MerkleCommit/sha256/Item100000/Count10000  133,824,923 ns/op   1,067,727,592 B/op   70,244 allocs/op
  [4/4]  bench  MerkleCommit/sha256/Item100000/Count10000  134,216,644 ns/op ±1%   1,067,727,735 B/op ±0%   70,246 allocs/op ±0%    3.62s
  [1/4]  bench  MerkleCommit/sha256/Item100000/Count100000  1,035,611,667 ns/op   10,676,913,496 B/op   700,471 allocs/op
  [2/4]  bench  MerkleCommit/sha256/Item100000/Count100000  1,038,444,521 ns/op   10,676,909,144 B/op   700,460 allocs/op
  [3/4]  bench  MerkleCommit/sha256/Item100000/Count100000  1,066,119,417 ns/op   10,676,908,024 B/op   700,435 allocs/op
  [4/4]  bench  MerkleCommit/sha256/Item100000/Count100000  1,070,669,552 ns/op ±4%   10,676,908,704 B/op ±0%   700,441 allocs/op ±0%    3.25s
  [1/4]  bench  AppendMsgBlockHeader                  36.7 ns/op   27.2 MB/s   0.000 B/op   0.000 allocs/op
  [2/4]  bench  AppendMsgBlockHeader                  36.5 ns/op   27.4 MB/s   0.000 B/op   0.000 allocs/op
  [3/4]  bench  AppendMsgBlockHeader                  36.5 ns/op   27.4 MB/s   0.000 B/op   0.000 allocs/op
  [4/4]  bench  AppendMsgBlockHeader                  36.4 ns/op ±1%   27.5 MB/s ±1%   0.000 B/op   0.000 allocs/op    3.72s
  [1/4]  bench  AppendMsgSignedTxn                    75.7 ns/op   13.2 MB/s   0.000 B/op   0.000 allocs/op
  [2/4]  bench  AppendMsgSignedTxn                    76.0 ns/op   13.2 MB/s   0.000 B/op   0.000 allocs/op
  [3/4]  bench  AppendMsgSignedTxn                    76.0 ns/op   13.2 MB/s   0.000 B/op   0.000 allocs/op
  [4/4]  bench  AppendMsgSignedTxn                    76.1 ns/op ±1%   13.1 MB/s ±1%   0.000 B/op   0.000 allocs/op    3.86s
  [1/4]  bench  PaysetGroups                          5,741 ns/op   129,121 B/op   8.00 allocs/op
  [2/4]  bench  PaysetGroups                          5,655 ns/op   122,848 B/op   8.00 allocs/op
  [3/4]  bench  PaysetGroups                          5,644 ns/op   123,412 B/op   8.00 allocs/op
  [4/4]  bench  PaysetGroups                          5,676 ns/op ±2%   125,412 B/op ±6%   8.00 allocs/op    24.9s
  [1/4]  bench  Txn                                   40,908 ns/op   9,508 B/op   12.0 allocs/op
  [2/4]  bench  Txn                                   40,905 ns/op   9,508 B/op   12.0 allocs/op
  [3/4]  bench  Txn                                   40,917 ns/op   9,508 B/op   12.0 allocs/op
  [4/4]  bench  Txn                                   41,015 ns/op ±0%   9,506 B/op ±0%   12.0 allocs/op    9.03s
  [1/4]  bench  TxHandlerProcessing/processDecoded    9,396 ns/op   3,760 B/op   32.0 allocs/op
  [2/4]  bench  TxHandlerProcessing/processDecoded    9,486 ns/op   3,760 B/op   32.0 allocs/op
  [3/4]  bench  TxHandlerProcessing/processDecoded    9,512 ns/op   3,760 B/op   32.0 allocs/op
  [4/4]  bench  TxHandlerProcessing/processDecoded    9,511 ns/op ±1%   3,760 B/op   32.0 allocs/op    9.59s
  [1/4]  bench  TxHandlerProcessing/verify.TxnGroup   41,331 ns/op   11,712 B/op   16.0 allocs/op
  [2/4]  bench  TxHandlerProcessing/verify.TxnGroup   41,503 ns/op   11,712 B/op   16.0 allocs/op
  [3/4]  bench  TxHandlerProcessing/verify.TxnGroup   41,501 ns/op   11,712 B/op   16.0 allocs/op
  [4/4]  bench  TxHandlerProcessing/verify.TxnGroup   41,448 ns/op ±0%   11,712 B/op   16.0 allocs/op    6.55s
  [1/4]  bench  CompactDeltas/account-deltas          1,538,116 ns/op   4,134,168 B/op   0.000 allocs/op
  [2/4]  bench  CompactDeltas/account-deltas          1,463,092 ns/op   4,131,023 B/op   0.000 allocs/op
  [3/4]  bench  CompactDeltas/account-deltas          1,444,959 ns/op   4,127,502 B/op   0.000 allocs/op
  [4/4]  bench  CompactDeltas/account-deltas          1,427,151 ns/op ±6%   4,127,148 B/op ±0%   0.000 allocs/op    17.5s
