  [1/4]  bench  MerkleCommit/sha512_256/Item10/Count10  13,871 ns/op   6,083 B/op   107 allocs/op
  [2/4]  bench  MerkleCommit/sha512_256/Item10/Count10  13,843 ns/op   6,085 B/op   107 allocs/op
  [3/4]  bench  MerkleCommit/sha512_256/Item10/Count10  13,861 ns/op   6,084 B/op   107 allocs/op
  [4/4]  bench  MerkleCommit/sha512_256/Item10/Count10  13,854 ns/op ±0%   6,085 B/op ±0%   107 allocs/op    4.01s
  [1/4]  bench  MerkleCommit/sha512_256/Item10/Count100  54,609 ns/op   34,653 B/op   760 allocs/op
  [2/4]  bench  MerkleCommit/sha512_256/Item10/Count100  53,713 ns/op   34,662 B/op   760 allocs/op
  [3/4]  bench  MerkleCommit/sha512_256/Item10/Count100  53,652 ns/op   34,668 B/op   760 allocs/op
  [4/4]  bench  MerkleCommit/sha512_256/Item10/Count100  53,623 ns/op ±2%   34,668 B/op ±0%   760 allocs/op ±0%    5.19s
  [1/4]  bench  MerkleCommit/sha512_256/Item10/Count1000  248,380 ns/op   299,015 B/op   7,091 allocs/op
  [2/4]  bench  MerkleCommit/sha512_256/Item10/Count1000  249,546 ns/op   299,010 B/op   7,091 allocs/op
  [3/4]  bench  MerkleCommit/sha512_256/Item10/Count1000  248,931 ns/op   299,009 B/op   7,091 allocs/op
  [4/4]  bench  MerkleCommit/sha512_256/Item10/Count1000  249,646 ns/op ±1%   299,008 B/op ±0%   7,091 allocs/op    3.71s
  [1/4]  bench  MerkleCommit/sha512_256/Item10/Count10000  1,249,745 ns/op   2,920,553 B/op   70,183 allocs/op
  [2/4]  bench  MerkleCommit/sha512_256/Item10/Count10000  1,260,007 ns/op   2,920,480 B/op   70,183 allocs/op
  [3/4]  bench  MerkleCommit/sha512_256/Item10/Count10000  1,257,771 ns/op   2,920,511 B/op   70,183 allocs/op
  [4/4]  bench  MerkleCommit/sha512_256/Item10/Count10000  1,258,401 ns/op ±1%   2,920,486 B/op ±0%   70,183 allocs/op ±0%    4s
  [1/4]  bench  MerkleCommit/sha512_256/Item10/Count100000  7,732,177 ns/op   28,866,330 B/op   700,281 allocs/op
  [2/4]  bench  MerkleCommit/sha512_256/Item10/Count100000  7,767,260 ns/op   28,866,371 B/op   700,282 allocs/op
  [3/4]  bench  MerkleCommit/sha512_256/Item10/Count100000  7,787,208 ns/op   28,866,252 B/op   700,281 allocs/op
  [4/4]  bench  MerkleCommit/sha512_256/Item10/Count100000  7,773,130 ns/op ±1%   28,866,279 B/op ±0%   700,281 allocs/op ±0%    5.95s
  [1/4]  bench  MerkleCommit/sha512_256/Item1000/Count10  22,517 ns/op   16,256 B/op   108 allocs/op
  [2/4]  bench  MerkleCommit/sha512_256/Item1000/Count10  22,243 ns/op   16,257 B/op   108 allocs/op
  [3/4]  bench  MerkleCommit/sha512_256/Item1000/Count10  22,332 ns/op   16,257 B/op   108 allocs/op
  [4/4]  bench  MerkleCommit/sha512_256/Item1000/Count10  22,305 ns/op ±1%   16,257 B/op ±0%   108 allocs/op    4.29s
  [1/4]  bench  MerkleCommit/sha512_256/Item1000/Count100  93,958 ns/op   135,918 B/op   763 allocs/op
  [2/4]  bench  MerkleCommit/sha512_256/Item1000/Count100  94,981 ns/op   135,913 B/op   763 allocs/op
  [3/4]  bench  MerkleCommit/sha512_256/Item1000/Count100  95,447 ns/op   135,905 B/op   763 allocs/op
  [4/4]  bench  MerkleCommit/sha512_256/Item1000/Count100  95,566 ns/op ±1%   135,903 B/op ±0%   763 allocs/op    6.52s
  [1/4]  bench  MerkleCommit/sha512_256/Item1000/Count1000  481,705 ns/op   1,308,466 B/op   7,100 allocs/op
  [2/4]  bench  MerkleCommit/sha512_256/Item1000/Count1000  484,224 ns/op   1,308,424 B/op   7,100 allocs/op
  [3/4]  bench  MerkleCommit/sha512_256/Item1000/Count1000  482,816 ns/op   1,308,429 B/op   7,100 allocs/op
  [4/4]  bench  MerkleCommit/sha512_256/Item1000/Count1000  482,448 ns/op ±1%   1,308,437 B/op ±0%   7,100 allocs/op    3.73s
  [1/4]  bench  MerkleCommit/sha512_256/Item1000/Count10000  3,252,862 ns/op   13,001,081 B/op   70,186 allocs/op
  [2/4]  bench  MerkleCommit/sha512_256/Item1000/Count10000  3,272,246 ns/op   13,001,001 B/op   70,186 allocs/op
  [3/4]  bench  MerkleCommit/sha512_256/Item1000/Count10000  3,223,076 ns/op   13,000,959 B/op   70,185 allocs/op
  [4/4]  bench  MerkleCommit/sha512_256/Item1000/Count10000  3,205,284 ns/op ±3%   13,000,924 B/op ±0%   70,185 allocs/op ±0%    4.52s
  [1/4]  bench  MerkleCommit/sha512_256/Item1000/Count100000  26,145,098 ns/op   129,665,698 B/op   700,276 allocs/op
  [2/4]  bench  MerkleCommit/sha512_256/Item1000/Count100000  26,169,088 ns/op   129,665,737 B/op   700,276 allocs/op
  [3/4]  bench  MerkleCommit/sha512_256/Item1000/Count100000  26,232,381 ns/op   129,665,683 B/op   700,276 allocs/op
  [4/4]  bench  MerkleCommit/sha512_256/Item1000/Count100000  26,240,016 ns/op ±0%   129,665,780 B/op ±0%   700,277 allocs/op ±0%    3.58s
  [1/4]  bench  MerkleCommit/sha512_256/Item100000/Count10  324,614 ns/op   1,072,381 B/op   117 allocs/op
  [2/4]  bench  MerkleCommit/sha512_256/Item100000/Count10  321,227 ns/op   1,072,385 B/op   117 allocs/op
  [3/4]  bench  MerkleCommit/sha512_256/Item100000/Count10  322,630 ns/op   1,072,385 B/op   117 allocs/op
  [4/4]  bench  MerkleCommit/sha512_256/Item100000/Count10  322,198 ns/op ±1%   1,072,388 B/op ±0%   117 allocs/op    3.61s
  [1/4]  bench  MerkleCommit/sha512_256/Item100000/Count100  1,922,037 ns/op   10,685,755 B/op   780 allocs/op
  [2/4]  bench  MerkleCommit/sha512_256/Item100000/Count100  1,911,014 ns/op   10,685,796 B/op   781 allocs/op
  [3/4]  bench  MerkleCommit/sha512_256/Item100000/Count100  1,922,190 ns/op   10,685,804 B/op   781 allocs/op
  [4/4]  bench  MerkleCommit/sha512_256/Item100000/Count100  1,918,513 ns/op ±1%   10,685,805 B/op ±0%   781 allocs/op ±0%    4.15s
  [1/4]  bench  MerkleCommit/sha512_256/Item100000/Count1000  17,808,073 ns/op   106,782,471 B/op   7,111 allocs/op
  [2/4]  bench  MerkleCommit/sha512_256/Item100000/Count1000  17,685,611 ns/op   106,782,545 B/op   7,112 allocs/op
  [3/4]  bench  MerkleCommit/sha512_256/Item100000/Count1000  17,722,177 ns/op   106,782,556 B/op   7,112 allocs/op
  [4/4]  bench  MerkleCommit/sha512_256/Item100000/Count1000  17,773,049 ns/op ±1%   106,782,555 B/op ±0%   7,112 allocs/op ±0%    3.44s
  [1/4]  bench  MerkleCommit/sha512_256/Item100000/Count10000  162,132,845 ns/op   1,067,733,297 B/op   70,248 allocs/op
  [2/4]  bench  MerkleCommit/sha512_256/Item100000/Count10000  162,154,878 ns/op   1,067,732,721 B/op   70,243 allocs/op
  [3/4]  bench  MerkleCommit/sha512_256/Item100000/Count10000  162,014,345 ns/op   1,067,732,573 B/op   70,242 allocs/op
  [4/4]  bench  MerkleCommit/sha512_256/Item100000/Count10000  163,029,444 ns/op ±1%   1,067,732,580 B/op ±0%   70,241 allocs/op ±0%    3.91s
  [1/4]  bench  MerkleCommit/sha512_256/Item100000/Count100000  1,375,497,541 ns/op   10,676,926,728 B/op   700,491 allocs/op
  [2/4]  bench  MerkleCommit/sha512_256/Item100000/Count100000  1,378,169,979 ns/op   10,676,926,464 B/op   700,496 allocs/op
  [3/4]  bench  MerkleCommit/sha512_256/Item100000/Count100000  1,366,734,778 ns/op   10,676,928,813 B/op   700,523 allocs/op
  [4/4]  bench  MerkleCommit/sha512_256/Item100000/Count100000  1,371,529,448 ns/op ±2%   10,676,928,064 B/op ±0%   700,518 allocs/op ±0%    4.11s
  [1/4]  bench  MerkleCommit/sumhash/Item10/Count10   50,635 ns/op   16,788 B/op   217 allocs/op
  [2/4]  bench  MerkleCommit/sumhash/Item10/Count10   50,044 ns/op   16,795 B/op   217 allocs/op
  [3/4]  bench  MerkleCommit/sumhash/Item10/Count10   50,088 ns/op   16,798 B/op   217 allocs/op
  [4/4]  bench  MerkleCommit/sumhash/Item10/Count10   50,061 ns/op ±1%   16,790 B/op ±0%   217 allocs/op ±0%    5.1s
  [1/4]  bench  MerkleCommit/sumhash/Item10/Count100  235,476 ns/op   134,851 B/op   1,723 allocs/op
  [2/4]  bench  MerkleCommit/sumhash/Item10/Count100  236,537 ns/op   134,820 B/op   1,723 allocs/op
  [3/4]  bench  MerkleCommit/sumhash/Item10/Count100  236,079 ns/op   134,827 B/op   1,723 allocs/op
  [4/4]  bench  MerkleCommit/sumhash/Item10/Count100  236,351 ns/op ±1%   134,829 B/op ±0%   1,723 allocs/op ±0%    3.66s
  [1/4]  bench  MerkleCommit/sumhash/Item10/Count1000  1,062,466 ns/op   1,268,883 B/op   16,242 allocs/op
  [2/4]  bench  MerkleCommit/sumhash/Item10/Count1000  1,060,996 ns/op   1,268,878 B/op   16,242 allocs/op
  [3/4]  bench  MerkleCommit/sumhash/Item10/Count1000  1,063,722 ns/op   1,268,827 B/op   16,241 allocs/op
  [4/4]  bench  MerkleCommit/sumhash/Item10/Count1000  1,063,090 ns/op ±0%   1,268,831 B/op ±0%   16,242 allocs/op ±0%    3.92s
  [1/4]  bench  MerkleCommit/sumhash/Item10/Count10000  6,328,231 ns/op   12,538,624 B/op   160,474 allocs/op
  [2/4]  bench  MerkleCommit/sumhash/Item10/Count10000  6,386,199 ns/op   12,538,165 B/op   160,469 allocs/op
  [3/4]  bench  MerkleCommit/sumhash/Item10/Count10000  6,368,491 ns/op   12,538,276 B/op   160,470 allocs/op
  [4/4]  bench  MerkleCommit/sumhash/Item10/Count10000  6,366,360 ns/op ±1%   12,538,332 B/op ±0%   160,470 allocs/op ±0%    5.51s
  [1/4]  bench  MerkleCommit/sumhash/Item10/Count100000  51,147,326 ns/op   124,885,656 B/op   1,600,649 allocs/op
  [2/4]  bench  MerkleCommit/sumhash/Item10/Count100000  50,575,291 ns/op   124,885,679 B/op   1,600,649 allocs/op
  [3/4]  bench  MerkleCommit/sumhash/Item10/Count100000  50,877,918 ns/op   124,885,605 B/op   1,600,648 allocs/op
  [4/4]  bench  MerkleCommit/sumhash/Item10/Count100000  50,572,268 ns/op ±2%   124,885,662 B/op ±0%   1,600,649 allocs/op ±0%    4.69s
  [1/4]  bench  MerkleCommit/sumhash/Item1000/Count10  107,354 ns/op   28,635 B/op   232 allocs/op
  [2/4]  bench  MerkleCommit/sumhash/Item1000/Count10  106,736 ns/op   28,638 B/op   233 allocs/op
  [3/4]  bench  MerkleCommit/sumhash/Item1000/Count10  106,336 ns/op   28,641 B/op   233 allocs/op
  [4/4]  bench  MerkleCommit/sumhash/Item1000/Count10  106,296 ns/op ±1%   28,640 B/op ±0%   233 allocs/op ±0%    3.21s
  [1/4]  bench  MerkleCommit/sumhash/Item1000/Count100  453,130 ns/op   250,211 B/op   1,844 allocs/op
  [2/4]  bench  MerkleCommit/sumhash/Item1000/Count100  455,937 ns/op   250,158 B/op   1,843 allocs/op
  [3/4]  bench  MerkleCommit/sumhash/Item1000/Count100  455,376 ns/op   250,179 B/op   1,843 allocs/op
  [4/4]  bench  MerkleCommit/sumhash/Item1000/Count100  455,732 ns/op ±1%   250,161 B/op ±0%   1,843 allocs/op ±0%    3.78s
  [1/4]  bench  MerkleCommit/sumhash/Item1000/Count1000  2,496,768 ns/op   2,406,524 B/op   17,262 allocs/op
  [2/4]  bench  MerkleCommit/sumhash/Item1000/Count1000  2,536,008 ns/op   2,406,348 B/op   17,260 allocs/op
  [3/4]  bench  MerkleCommit/sumhash/Item1000/Count1000  2,524,187 ns/op   2,406,417 B/op   17,260 allocs/op
  [4/4]  bench  MerkleCommit/sumhash/Item1000/Count1000  2,533,495 ns/op ±2%   2,406,361 B/op ±0%   17,260 allocs/op ±0%    4.42s
  [1/4]  bench  MerkleCommit/sumhash/Item1000/Count10000  19,440,624 ns/op   23,898,861 B/op   170,475 allocs/op
  [2/4]  bench  MerkleCommit/sumhash/Item1000/Count10000  19,657,122 ns/op   23,898,659 B/op   170,473 allocs/op
  [3/4]  bench  MerkleCommit/sumhash/Item1000/Count10000  19,592,760 ns/op   23,898,724 B/op   170,473 allocs/op
  [4/4]  bench  MerkleCommit/sumhash/Item1000/Count10000  19,648,344 ns/op ±1%   23,898,649 B/op ±0%   170,473 allocs/op ±0%    3.63s
  [1/4]  bench  MerkleCommit/sumhash/Item1000/Count100000  171,506,014 ns/op   238,486,898 B/op   1,700,660 allocs/op
  [2/4]  bench  MerkleCommit/sumhash/Item1000/Count100000  172,197,653 ns/op   238,486,880 B/op   1,700,660 allocs/op
  [3/4]  bench  MerkleCommit/sumhash/Item1000/Count100000  172,620,331 ns/op   238,486,709 B/op   1,700,658 allocs/op
  [4/4]  bench  MerkleCommit/sumhash/Item1000/Count100000  172,381,105 ns/op ±1%   238,486,618 B/op ±0%   1,700,657 allocs/op ±0%    3.66s
  [1/4]  bench  MerkleCommit/sumhash/Item100000/Count10  2,093,658 ns/op   1,085,582 B/op   259 allocs/op
  [2/4]  bench  MerkleCommit/sumhash/Item100000/Count10  2,064,021 ns/op   1,085,586 B/op   259 allocs/op
  [3/4]  bench  MerkleCommit/sumhash/Item100000/Count10  2,072,534 ns/op   1,085,587 B/op   259 allocs/op
  [4/4]  bench  MerkleCommit/sumhash/Item100000/Count10  2,060,019 ns/op ±2%   1,085,588 B/op ±0%   259 allocs/op    4.22s
  [1/4]  bench  MerkleCommit/sumhash/Item100000/Count100  15,094,903 ns/op   10,798,572 B/op   1,857 allocs/op
  [2/4]  bench  MerkleCommit/sumhash/Item100000/Count100  14,887,829 ns/op   10,798,622 B/op   1,857 allocs/op
  [3/4]  bench  MerkleCommit/sumhash/Item100000/Count100  15,009,897 ns/op   10,798,603 B/op   1,857 allocs/op
  [4/4]  bench  MerkleCommit/sumhash/Item100000/Count100  14,937,395 ns/op ±2%   10,798,610 B/op ±0%   1,857 allocs/op ±0%    3.6s
  [1/4]  bench  MerkleCommit/sumhash/Item100000/Count1000  133,349,260 ns/op   107,878,644 B/op   17,256 allocs/op
  [2/4]  bench  MerkleCommit/sumhash/Item100000/Count1000  130,827,260 ns/op   107,878,556 B/op   17,256 allocs/op
  [3/4]  bench  MerkleCommit/sumhash/Item100000/Count1000  130,828,821 ns/op   107,878,613 B/op   17,256 allocs/op
  [4/4]  bench  MerkleCommit/sumhash/Item100000/Count1000  130,624,409 ns/op ±2%   107,878,607 B/op ±0%   17,256 allocs/op ±0%    4.44s
  [1/4]  bench  MerkleCommit/sumhash/Item100000/Count10000  1,278,275,167 ns/op   1,078,624,760 B/op   170,489 allocs/op
  [2/4]  bench  MerkleCommit/sumhash/Item100000/Count10000  1,268,841,042 ns/op   1,078,626,672 B/op   170,504 allocs/op
  [3/4]  bench  MerkleCommit/sumhash/Item100000/Count10000  1,272,780,431 ns/op   1,078,626,339 B/op   170,503 allocs/op
  [4/4]  bench  MerkleCommit/sumhash/Item100000/Count10000  1,268,436,834 ns/op ±1%   1,078,625,840 B/op ±0%   170,499 allocs/op ±0%    3.79s
  [1/4]  bench  MerkleCommit/sumhash/Item100000/Count100000  12,615,507,333 ns/op   10,785,727,384 B/op   1,700,780 allocs/op
  [2/4]  bench  MerkleCommit/sumhash/Item100000/Count100000  12,513,291,854 ns/op   10,785,727,568 B/op   1,700,771 allocs/op
  [3/4]  bench  MerkleCommit/sumhash/Item100000/Count100000  12,473,575,292 ns/op   10,785,728,968 B/op   1,700,772 allocs/op
  [4/4]  bench  MerkleCommit/sumhash/Item100000/Count100000  12,421,938,854 ns/op ±1%   10,785,728,068 B/op ±0%   1,700,766 allocs/op ±0%    37.07s
  [1/4]  bench  MerkleCommit/sha256/Item10/Count10    8,142 ns/op   5,511 B/op   107 allocs/op
  [2/4]  bench  MerkleCommit/sha256/Item10/Count10    8,085 ns/op   5,511 B/op   107 allocs/op
  [3/4]  bench  MerkleCommit/sha256/Item10/Count10    8,002 ns/op   5,511 B/op   107 allocs/op
  [4/4]  bench  MerkleCommit/sha256/Item10/Count10    8,057 ns/op ±2%   5,511 B/op   107 allocs/op    3.85s
  [1/4]  bench  MerkleCommit/sha256/Item10/Count100   38,897 ns/op   33,491 B/op   759 allocs/op
  [2/4]  bench  MerkleCommit/sha256/Item10/Count100   38,857 ns/op   33,489 B/op   759 allocs/op
  [3/4]  bench  MerkleCommit/sha256/Item10/Count100   39,040 ns/op   33,490 B/op   759 allocs/op
  [4/4]  bench  MerkleCommit/sha256/Item10/Count100   39,406 ns/op ±2%   33,489 B/op ±0%   759 allocs/op    4.8s
  [1/4]  bench  MerkleCommit/sha256/Item10/Count1000  199,119 ns/op   296,349 B/op   7,086 allocs/op
  [2/4]  bench  MerkleCommit/sha256/Item10/Count1000  200,708 ns/op   296,338 B/op   7,086 allocs/op
  [3/4]  bench  MerkleCommit/sha256/Item10/Count1000  200,185 ns/op   296,340 B/op   7,086 allocs/op
  [4/4]  bench  MerkleCommit/sha256/Item10/Count1000  200,468 ns/op ±1%   296,331 B/op ±0%   7,086 allocs/op ±0%    3.68s
  [1/4]  bench  MerkleCommit/sha256/Item10/Count10000  1,016,159 ns/op   2,914,135 B/op   70,171 allocs/op
  [2/4]  bench  MerkleCommit/sha256/Item10/Count10000  1,022,195 ns/op   2,914,128 B/op   70,171 allocs/op
  [3/4]  bench  MerkleCommit/sha256/Item10/Count10000  1,031,566 ns/op   2,914,194 B/op   70,172 allocs/op
  [4/4]  bench  MerkleCommit/sha256/Item10/Count10000  1,034,637 ns/op ±2%   2,914,224 B/op ±0%   70,172 allocs/op ±0%    3.8s
  [1/4]  bench  MerkleCommit/sha256/Item10/Count100000  6,625,743 ns/op   28,855,531 B/op   700,266 allocs/op
  [2/4]  bench  MerkleCommit/sha256/Item10/Count100000  6,647,866 ns/op   28,855,501 B/op   700,266 allocs/op
  [3/4]  bench  MerkleCommit/sha256/Item10/Count100000  6,659,431 ns/op   28,855,547 B/op   700,267 allocs/op
  [4/4]  bench  MerkleCommit/sha256/Item10/Count100000  6,655,744 ns/op ±0%   28,855,550 B/op ±0%   700,267 allocs/op ±0%    5.62s
  [1/4]  bench  MerkleCommit/sha256/Item1000/Count10  14,691 ns/op   15,641 B/op   107 allocs/op
  [2/4]  bench  MerkleCommit/sha256/Item1000/Count10  14,862 ns/op   15,643 B/op   107 allocs/op
  [3/4]  bench  MerkleCommit/sha256/Item1000/Count10  14,957 ns/op   15,643 B/op   107 allocs/op
  [4/4]  bench  MerkleCommit/sha256/Item1000/Count10  15,078 ns/op ±2%   15,644 B/op ±0%   107 allocs/op    4.1s
  [1/4]  bench  MerkleCommit/sha256/Item1000/Count100  74,487 ns/op   134,519 B/op   761 allocs/op
  [2/4]  bench  MerkleCommit/sha256/Item1000/Count100  74,004 ns/op   134,522 B/op   761 allocs/op
  [3/4]  bench  MerkleCommit/sha256/Item1000/Count100  73,397 ns/op   134,524 B/op   761 allocs/op
  [4/4]  bench  MerkleCommit/sha256/Item1000/Count100  73,293 ns/op ±2%   134,525 B/op ±0%   761 allocs/op    5.81s
  [1/4]  bench  MerkleCommit/sha256/Item1000/Count1000  401,330 ns/op   1,305,324 B/op   7,095 allocs/op
  [2/4]  bench  MerkleCommit/sha256/Item1000/Count1000  402,433 ns/op   1,305,298 B/op   7,095 allocs/op
  [3/4]  bench  MerkleCommit/sha256/Item1000/Count1000  400,609 ns/op   1,305,302 B/op   7,095 allocs/op
  [4/4]  bench  MerkleCommit/sha256/Item1000/Count1000  401,307 ns/op ±1%   1,305,292 B/op ±0%   7,095 allocs/op    3.77s
  [1/4]  bench  MerkleCommit/sha256/Item1000/Count10000  2,488,890 ns/op   12,994,841 B/op   70,178 allocs/op
  [2/4]  bench  MerkleCommit/sha256/Item1000/Count10000  2,582,070 ns/op   12,994,866 B/op   70,178 allocs/op
  [3/4]  bench  MerkleCommit/sha256/Item1000/Count10000  2,581,097 ns/op   12,994,869 B/op   70,178 allocs/op
  [4/4]  bench  MerkleCommit/sha256/Item1000/Count10000  2,612,301 ns/op ±4%   12,994,879 B/op ±0%   70,178 allocs/op    4.46s
  [1/4]  bench  MerkleCommit/sha256/Item1000/Count100000  23,014,611 ns/op   129,655,648 B/op   700,266 allocs/op
  [2/4]  bench  MerkleCommit/sha256/Item1000/Count100000  23,217,366 ns/op   129,655,733 B/op   700,267 allocs/op
  [3/4]  bench  MerkleCommit/sha256/Item1000/Count100000  23,175,701 ns/op   129,655,830 B/op   700,267 allocs/op
  [4/4]  bench  MerkleCommit/sha256/Item1000/Count100000  23,285,090 ns/op ±1%   129,655,859 B/op ±0%   700,268 allocs/op ±0%    3.72s
  [1/4]  bench  MerkleCommit/sha256/Item100000/Count10  229,755 ns/op   1,071,229 B/op   115 allocs/op
  [2/4]  bench  MerkleCommit/sha256/Item100000/Count10  230,584 ns/op   1,071,228 B/op   115 allocs/op
  [3/4]  bench  MerkleCommit/sha256/Item100000/Count10  230,352 ns/op   1,071,230 B/op   115 allocs/op
  [4/4]  bench  MerkleCommit/sha256/Item100000/Count10  231,225 ns/op ±1%   1,071,227 B/op ±0%   115 allocs/op    3.69s
  [1/4]  bench  MerkleCommit/sha256/Item100000/Count100  1,447,573 ns/op   10,683,659 B/op   779 allocs/op
  [2/4]  bench  MerkleCommit/sha256/Item100000/Count100  1,459,295 ns/op   10,683,646 B/op   779 allocs/op
  [3/4]  bench  MerkleCommit/sha256/Item100000/Count100  1,455,287 ns/op   10,683,649 B/op   779 allocs/op
  [4/4]  bench  MerkleCommit/sha256/Item100000/Count100  1,456,796 ns/op ±1%   10,683,650 B/op ±0%   779 allocs/op    4.07s
  [1/4]  bench  MerkleCommit/sha256/Item100000/Count1000  14,097,930 ns/op   106,779,197 B/op   7,107 allocs/op
  [2/4]  bench  MerkleCommit/sha256/Item100000/Count1000  14,072,585 ns/op   106,779,147 B/op   7,107 allocs/op
  [3/4]  bench  MerkleCommit/sha256/Item100000/Count1000  14,121,542 ns/op   106,779,173 B/op   7,107 allocs/op
  [4/4]  bench  MerkleCommit/sha256/Item100000/Count1000  14,049,915 ns/op ±1%   106,779,203 B/op ±0%   7,107 allocs/op ±0%    3.57s
  [1/4]  bench  MerkleCommit/sha256/Item100000/Count10000  133,102,807 ns/op   1,067,724,396 B/op   70,211 allocs/op
  [2/4]  bench  MerkleCommit/sha256/Item100000/Count10000  131,879,518 ns/op   1,067,724,089 B/op   70,207 allocs/op
  [3/4]  bench  MerkleCommit/sha256/Item100000/Count10000  133,911,727 ns/op   1,067,724,681 B/op   70,213 allocs/op
  [4/4]  bench  MerkleCommit/sha256/Item100000/Count10000  133,618,428 ns/op ±3%   1,067,724,638 B/op ±0%   70,212 allocs/op ±0%    3.61s
  [1/4]  bench  MerkleCommit/sha256/Item100000/Count100000  1,112,608,167 ns/op   10,676,916,536 B/op   700,472 allocs/op
  [2/4]  bench  MerkleCommit/sha256/Item100000/Count100000  1,118,789,500 ns/op   10,676,911,456 B/op   700,420 allocs/op
  [3/4]  bench  MerkleCommit/sha256/Item100000/Count100000  1,122,354,222 ns/op   10,676,915,149 B/op   700,455 allocs/op
  [4/4]  bench  MerkleCommit/sha256/Item100000/Count100000  1,122,456,657 ns/op ±1%   10,676,915,860 B/op ±0%   700,470 allocs/op ±0%    3.38s
  [1/4]  bench  AppendMsgBlockHeader                  35.9 ns/op   27.9 MB/s   0.000 B/op   0.000 allocs/op
  [2/4]  bench  AppendMsgBlockHeader                  35.7 ns/op   28.0 MB/s   0.000 B/op   0.000 allocs/op
  [3/4]  bench  AppendMsgBlockHeader                  35.7 ns/op   28.0 MB/s   0.000 B/op   0.000 allocs/op
  [4/4]  bench  AppendMsgBlockHeader                  35.6 ns/op ±1%   28.1 MB/s ±1%   0.000 B/op   0.000 allocs/op    3.72s
  [1/4]  bench  AppendMsgSignedTxn                    74.8 ns/op   13.4 MB/s   0.000 B/op   0.000 allocs/op
  [2/4]  bench  AppendMsgSignedTxn                    75.2 ns/op   13.3 MB/s   0.000 B/op   0.000 allocs/op
  [3/4]  bench  AppendMsgSignedTxn                    75.1 ns/op   13.3 MB/s   0.000 B/op   0.000 allocs/op
  [4/4]  bench  AppendMsgSignedTxn                    75.1 ns/op ±0%   13.3 MB/s ±0%   0.000 B/op   0.000 allocs/op    3.85s
  [1/4]  bench  PaysetGroups                          5,627 ns/op   132,443 B/op   8.00 allocs/op
  [2/4]  bench  PaysetGroups                          5,628 ns/op   131,965 B/op   8.00 allocs/op
  [3/4]  bench  PaysetGroups                          5,598 ns/op   127,643 B/op   8.00 allocs/op
  [4/4]  bench  PaysetGroups                          5,603 ns/op ±1%   128,109 B/op ±5%   8.00 allocs/op    25.22s
  [1/4]  bench  Txn                                   40,992 ns/op   9,503 B/op   12.0 allocs/op
  [2/4]  bench  Txn                                   40,913 ns/op   9,504 B/op   12.0 allocs/op
  [3/4]  bench  Txn                                   40,884 ns/op   9,504 B/op   12.0 allocs/op
  [4/4]  bench  Txn                                   40,889 ns/op ±0%   9,505 B/op ±0%   12.0 allocs/op    9.02s
  [1/4]  bench  TxHandlerProcessing/processDecoded    9,473 ns/op   3,760 B/op   32.0 allocs/op
  [2/4]  bench  TxHandlerProcessing/processDecoded    9,541 ns/op   3,760 B/op   32.0 allocs/op
  [3/4]  bench  TxHandlerProcessing/processDecoded    9,553 ns/op   3,760 B/op   32.0 allocs/op
  [4/4]  bench  TxHandlerProcessing/processDecoded    9,614 ns/op ±2%   3,760 B/op   32.0 allocs/op    9.55s
  [1/4]  bench  TxHandlerProcessing/verify.TxnGroup   41,929 ns/op   11,712 B/op   16.0 allocs/op
  [2/4]  bench  TxHandlerProcessing/verify.TxnGroup   42,029 ns/op   11,712 B/op   16.0 allocs/op
  [3/4]  bench  TxHandlerProcessing/verify.TxnGroup   41,960 ns/op   11,712 B/op   16.0 allocs/op
  [4/4]  bench  TxHandlerProcessing/verify.TxnGroup   41,911 ns/op ±0%   11,712 B/op   16.0 allocs/op    6.57s
  [1/4]  bench  CompactDeltas/account-deltas          1,670,994 ns/op   4,178,460 B/op   18.0 allocs/op
  [2/4]  bench  CompactDeltas/account-deltas          1,561,541 ns/op   4,185,450 B/op   18.5 allocs/op
  [3/4]  bench  CompactDeltas/account-deltas          1,526,347 ns/op   4,190,789 B/op   18.7 allocs/op
  [4/4]  bench  CompactDeltas/account-deltas          1,505,105 ns/op ±8%   4,192,603 B/op ±0%   18.8 allocs/op ±3%    16.93s
