  [1/4]  bench  MerkleCommit/sha512_256/Item10/Count10  13,484 ns/op   6,086 B/op   107 allocs/op
  [2/4]  bench  MerkleCommit/sha512_256/Item10/Count10  13,356 ns/op   6,090 B/op   107 allocs/op
  [3/4]  bench  MerkleCommit/sha512_256/Item10/Count10  13,353 ns/op   6,089 B/op   107 allocs/op
  [4/4]  bench  MerkleCommit/sha512_256/Item10/Count10  13,325 ns/op ±1%   6,090 B/op ±0%   107 allocs/op    3.95s
  [1/4]  bench  MerkleCommit/sha512_256/Item10/Count100  52,465 ns/op   34,657 B/op   760 allocs/op
  [2/4]  bench  MerkleCommit/sha512_256/Item10/Count100  51,709 ns/op   34,671 B/op   761 allocs/op
  [3/4]  bench  MerkleCommit/sha512_256/Item10/Count100  51,877 ns/op   34,669 B/op   760 allocs/op
  [4/4]  bench  MerkleCommit/sha512_256/Item10/Count100  51,926 ns/op ±1%   34,668 B/op ±0%   760 allocs/op ±0%    5.18s
  [1/4]  bench  MerkleCommit/sha512_256/Item10/Count1000  248,416 ns/op   299,012 B/op   7,091 allocs/op
  [2/4]  bench  MerkleCommit/sha512_256/Item10/Count1000  247,775 ns/op   299,021 B/op   7,091 allocs/op
  [3/4]  bench  MerkleCommit/sha512_256/Item10/Count1000  248,889 ns/op   299,008 B/op   7,091 allocs/op
  [4/4]  bench  MerkleCommit/sha512_256/Item10/Count1000  248,480 ns/op ±1%   299,014 B/op ±0%   7,091 allocs/op ±0%    3.59s
  [1/4]  bench  MerkleCommit/sha512_256/Item10/Count10000  1,257,886 ns/op   2,920,099 B/op   70,180 allocs/op
  [2/4]  bench  MerkleCommit/sha512_256/Item10/Count10000  1,256,253 ns/op   2,920,346 B/op   70,182 allocs/op
  [3/4]  bench  MerkleCommit/sha512_256/Item10/Count10000  1,260,867 ns/op   2,920,335 B/op   70,181 allocs/op
  [4/4]  bench  MerkleCommit/sha512_256/Item10/Count10000  1,257,870 ns/op ±1%   2,920,380 B/op ±0%   70,182 allocs/op ±0%    4s
  [1/4]  bench  MerkleCommit/sha512_256/Item10/Count100000  7,750,996 ns/op   28,866,237 B/op   700,280 allocs/op
  [2/4]  bench  MerkleCommit/sha512_256/Item10/Count100000  7,827,338 ns/op   28,866,093 B/op   700,280 allocs/op
  [3/4]  bench  MerkleCommit/sha512_256/Item10/Count100000  7,768,852 ns/op   28,866,292 B/op   700,281 allocs/op
  [4/4]  bench  MerkleCommit/sha512_256/Item10/Count100000  7,744,200 ns/op ±2%   28,866,360 B/op ±0%   700,281 allocs/op ±0%    5.93s
  [1/4]  bench  MerkleCommit/sha512_256/Item1000/Count10  22,315 ns/op   16,254 B/op   108 allocs/op
  [2/4]  bench  MerkleCommit/sha512_256/Item1000/Count10  21,854 ns/op   16,256 B/op   108 allocs/op
  [3/4]  bench  MerkleCommit/sha512_256/Item1000/Count10  21,796 ns/op   16,255 B/op   108 allocs/op
  [4/4]  bench  MerkleCommit/sha512_256/Item1000/Count10  21,914 ns/op ±2%   16,255 B/op ±0%   108 allocs/op    4.23s
  [1/4]  bench  MerkleCommit/sha512_256/Item1000/Count100  94,324 ns/op   135,924 B/op   763 allocs/op
  [2/4]  bench  MerkleCommit/sha512_256/Item1000/Count100  94,571 ns/op   135,909 B/op   763 allocs/op
  [3/4]  bench  MerkleCommit/sha512_256/Item1000/Count100  94,876 ns/op   135,903 B/op   763 allocs/op
  [4/4]  bench  MerkleCommit/sha512_256/Item1000/Count100  94,558 ns/op ±1%   135,907 B/op ±0%   763 allocs/op    6.47s
  [1/4]  bench  MerkleCommit/sha512_256/Item1000/Count1000  486,289 ns/op   1,308,337 B/op   7,099 allocs/op
  [2/4]  bench  MerkleCommit/sha512_256/Item1000/Count1000  483,927 ns/op   1,308,402 B/op   7,100 allocs/op
  [3/4]  bench  MerkleCommit/sha512_256/Item1000/Count1000  485,489 ns/op   1,308,385 B/op   7,099 allocs/op
  [4/4]  bench  MerkleCommit/sha512_256/Item1000/Count1000  484,302 ns/op ±1%   1,308,399 B/op ±0%   7,100 allocs/op ±0%    3.77s
  [1/4]  bench  MerkleCommit/sha512_256/Item1000/Count10000  3,248,491 ns/op   13,000,835 B/op   70,184 allocs/op
  [2/4]  bench  MerkleCommit/sha512_256/Item1000/Count10000  3,255,546 ns/op   13,000,943 B/op   70,185 allocs/op
  [3/4]  bench  MerkleCommit/sha512_256/Item1000/Count10000  3,228,801 ns/op   13,000,908 B/op   70,185 allocs/op
  [4/4]  bench  MerkleCommit/sha512_256/Item1000/Count10000  3,232,618 ns/op ±1%   13,000,948 B/op ±0%   70,185 allocs/op ±0%    4.56s
  [1/4]  bench  MerkleCommit/sha512_256/Item1000/Count100000  26,505,775 ns/op   129,665,154 B/op   700,272 allocs/op
  [2/4]  bench  MerkleCommit/sha512_256/Item1000/Count100000  26,237,817 ns/op   129,665,457 B/op   700,274 allocs/op
  [3/4]  bench  MerkleCommit/sha512_256/Item1000/Count100000  26,208,049 ns/op   129,665,530 B/op   700,275 allocs/op
  [4/4]  bench  MerkleCommit/sha512_256/Item1000/Count100000  26,162,890 ns/op ±1%   129,665,625 B/op ±0%   700,275 allocs/op ±0%    3.57s
  [1/4]  bench  MerkleCommit/sha512_256/Item100000/Count10  324,980 ns/op   1,072,377 B/op   117 allocs/op
  [2/4]  bench  MerkleCommit/sha512_256/Item100000/Count10  323,625 ns/op   1,072,383 B/op   117 allocs/op
  [3/4]  bench  MerkleCommit/sha512_256/Item100000/Count10  323,064 ns/op   1,072,392 B/op   117 allocs/op
  [4/4]  bench  MerkleCommit/sha512_256/Item100000/Count10  322,900 ns/op ±0%   1,072,390 B/op ±0%   117 allocs/op    3.66s
  [1/4]  bench  MerkleCommit/sha512_256/Item100000/Count100  1,908,811 ns/op   10,685,774 B/op   780 allocs/op
  [2/4]  bench  MerkleCommit/sha512_256/Item100000/Count100  1,930,553 ns/op   10,685,796 B/op   781 allocs/op
  [3/4]  bench  MerkleCommit/sha512_256/Item100000/Count100  1,929,377 ns/op   10,685,812 B/op   781 allocs/op
  [4/4]  bench  MerkleCommit/sha512_256/Item100000/Count100  1,927,437 ns/op ±1%   10,685,806 B/op ±0%   781 allocs/op ±0%    4.18s
  [1/4]  bench  MerkleCommit/sha512_256/Item100000/Count1000  17,573,029 ns/op   106,782,749 B/op   7,113 allocs/op
  [2/4]  bench  MerkleCommit/sha512_256/Item100000/Count1000  17,749,653 ns/op   106,782,608 B/op   7,112 allocs/op
  [3/4]  bench  MerkleCommit/sha512_256/Item100000/Count1000  17,729,895 ns/op   106,782,596 B/op   7,112 allocs/op
  [4/4]  bench  MerkleCommit/sha512_256/Item100000/Count1000  17,757,190 ns/op ±1%   106,782,508 B/op ±0%   7,111 allocs/op ±0%    3.77s
  [1/4]  bench  MerkleCommit/sha512_256/Item100000/Count10000  161,770,119 ns/op   1,067,732,008 B/op   70,235 allocs/op
  [2/4]  bench  MerkleCommit/sha512_256/Item100000/Count10000  163,082,063 ns/op   1,067,731,632 B/op   70,233 allocs/op
  [3/4]  bench  MerkleCommit/sha512_256/Item100000/Count10000  162,840,831 ns/op   1,067,731,954 B/op   70,235 allocs/op
  [4/4]  bench  MerkleCommit/sha512_256/Item100000/Count10000  162,203,171 ns/op ±1%   1,067,732,004 B/op ±0%   70,237 allocs/op ±0%    3.88s
  [1/4]  bench  MerkleCommit/sha512_256/Item100000/Count100000  1,341,899,125 ns/op   10,676,938,568 B/op   700,644 allocs/op
  [2/4]  bench  MerkleCommit/sha512_256/Item100000/Count100000  1,381,835,542 ns/op   10,676,940,544 B/op   700,647 allocs/op
  [3/4]  bench  MerkleCommit/sha512_256/Item100000/Count100000  1,342,714,556 ns/op   10,676,932,781 B/op   700,595 allocs/op
  [4/4]  bench  MerkleCommit/sha512_256/Item100000/Count100000  1,344,813,459 ns/op ±6%   10,676,932,648 B/op ±0%   700,593 allocs/op ±0%    4.04s
  [1/4]  bench  MerkleCommit/sumhash/Item10/Count10   50,144 ns/op   16,782 B/op   217 allocs/op
  [2/4]  bench  MerkleCommit/sumhash/Item10/Count10   49,532 ns/op   16,793 B/op   217 allocs/op
  [3/4]  bench  MerkleCommit/sumhash/Item10/Count10   49,544 ns/op   16,789 B/op   217 allocs/op
  [4/4]  bench  MerkleCommit/sumhash/Item10/Count10   49,356 ns/op ±1%   16,791 B/op ±0%   217 allocs/op    5.08s
  [1/4]  bench  MerkleCommit/sumhash/Item10/Count100  236,409 ns/op   134,787 B/op   1,722 allocs/op
  [2/4]  bench  MerkleCommit/sumhash/Item10/Count100  234,989 ns/op   134,812 B/op   1,723 allocs/op
  [3/4]  bench  MerkleCommit/sumhash/Item10/Count100  235,396 ns/op   134,803 B/op   1,722 allocs/op
  [4/4]  bench  MerkleCommit/sumhash/Item10/Count100  235,275 ns/op ±1%   134,809 B/op ±0%   1,722 allocs/op ±0%    3.69s
  [1/4]  bench  MerkleCommit/sumhash/Item10/Count1000  1,070,108 ns/op   1,268,686 B/op   16,240 allocs/op
  [2/4]  bench  MerkleCommit/sumhash/Item10/Count1000  1,065,199 ns/op   1,268,779 B/op   16,241 allocs/op
  [3/4]  bench  MerkleCommit/sumhash/Item10/Count1000  1,066,935 ns/op   1,268,732 B/op   16,240 allocs/op
  [4/4]  bench  MerkleCommit/sumhash/Item10/Count1000  1,064,546 ns/op ±1%   1,268,745 B/op ±0%   16,241 allocs/op ±0%    3.95s
  [1/4]  bench  MerkleCommit/sumhash/Item10/Count10000  6,446,541 ns/op   12,537,788 B/op   160,464 allocs/op
  [2/4]  bench  MerkleCommit/sumhash/Item10/Count10000  6,390,721 ns/op   12,538,047 B/op   160,467 allocs/op
  [3/4]  bench  MerkleCommit/sumhash/Item10/Count10000  6,368,846 ns/op   12,538,115 B/op   160,467 allocs/op
  [4/4]  bench  MerkleCommit/sumhash/Item10/Count10000  6,375,235 ns/op ±1%   12,538,074 B/op ±0%   160,467 allocs/op ±0%    5.5s
  [1/4]  bench  MerkleCommit/sumhash/Item10/Count100000  49,625,746 ns/op   124,886,008 B/op   1,600,654 allocs/op
  [2/4]  bench  MerkleCommit/sumhash/Item10/Count100000  50,322,488 ns/op   124,885,581 B/op   1,600,650 allocs/op
  [3/4]  bench  MerkleCommit/sumhash/Item10/Count100000  50,149,333 ns/op   124,885,699 B/op   1,600,651 allocs/op
  [4/4]  bench  MerkleCommit/sumhash/Item10/Count100000  50,268,723 ns/op ±1%   124,885,630 B/op ±0%   1,600,650 allocs/op ±0%    3.79s
  [1/4]  bench  MerkleCommit/sumhash/Item1000/Count10  103,915 ns/op   28,616 B/op   232 allocs/op
  [2/4]  bench  MerkleCommit/sumhash/Item1000/Count10  103,222 ns/op   28,619 B/op   232 allocs/op
  [3/4]  bench  MerkleCommit/sumhash/Item1000/Count10  103,846 ns/op   28,617 B/op   232 allocs/op
  [4/4]  bench  MerkleCommit/sumhash/Item1000/Count10  103,372 ns/op ±2%   28,617 B/op ±0%   232 allocs/op    3.13s
  [1/4]  bench  MerkleCommit/sumhash/Item1000/Count100  452,886 ns/op   250,133 B/op   1,843 allocs/op
  [2/4]  bench  MerkleCommit/sumhash/Item1000/Count100  452,589 ns/op   250,175 B/op   1,844 allocs/op
  [3/4]  bench  MerkleCommit/sumhash/Item1000/Count100  453,946 ns/op   250,170 B/op   1,843 allocs/op
  [4/4]  bench  MerkleCommit/sumhash/Item1000/Count100  453,822 ns/op ±0%   250,179 B/op ±0%   1,844 allocs/op ±0%    3.65s
  [1/4]  bench  MerkleCommit/sumhash/Item1000/Count1000  2,474,286 ns/op   2,406,549 B/op   17,262 allocs/op
  [2/4]  bench  MerkleCommit/sumhash/Item1000/Count1000  2,480,790 ns/op   2,406,517 B/op   17,262 allocs/op
  [3/4]  bench  MerkleCommit/sumhash/Item1000/Count1000  2,486,738 ns/op   2,406,463 B/op   17,261 allocs/op
  [4/4]  bench  MerkleCommit/sumhash/Item1000/Count1000  2,485,164 ns/op ±0%   2,406,471 B/op ±0%   17,261 allocs/op ±0%    4.22s
  [1/4]  bench  MerkleCommit/sumhash/Item1000/Count10000  19,234,496 ns/op   23,898,972 B/op   170,476 allocs/op
  [2/4]  bench  MerkleCommit/sumhash/Item1000/Count10000  19,411,146 ns/op   23,898,615 B/op   170,472 allocs/op
  [3/4]  bench  MerkleCommit/sumhash/Item1000/Count10000  19,332,665 ns/op   23,898,640 B/op   170,472 allocs/op
  [4/4]  bench  MerkleCommit/sumhash/Item1000/Count10000  19,453,479 ns/op ±2%   23,898,559 B/op ±0%   170,472 allocs/op ±0%    3.69s
  [1/4]  bench  MerkleCommit/sumhash/Item1000/Count100000  170,605,812 ns/op   238,487,584 B/op   1,700,667 allocs/op
  [2/4]  bench  MerkleCommit/sumhash/Item1000/Count100000  173,492,625 ns/op   238,486,941 B/op   1,700,660 allocs/op
  [3/4]  bench  MerkleCommit/sumhash/Item1000/Count100000  173,044,893 ns/op   238,487,142 B/op   1,700,662 allocs/op
  [4/4]  bench  MerkleCommit/sumhash/Item1000/Count100000  173,555,493 ns/op ±2%   238,486,631 B/op ±0%   1,700,656 allocs/op ±0%    3.66s
  [1/4]  bench  MerkleCommit/sumhash/Item100000/Count10  2,029,487 ns/op   1,085,593 B/op   259 allocs/op
  [2/4]  bench  MerkleCommit/sumhash/Item100000/Count10  2,052,526 ns/op   1,085,596 B/op   259 allocs/op
  [3/4]  bench  MerkleCommit/sumhash/Item100000/Count10  2,040,243 ns/op   1,085,593 B/op   259 allocs/op
  [4/4]  bench  MerkleCommit/sumhash/Item100000/Count10  2,052,999 ns/op ±2%   1,085,597 B/op ±0%   259 allocs/op    4.26s
  [1/4]  bench  MerkleCommit/sumhash/Item100000/Count100  14,784,630 ns/op   10,798,560 B/op   1,856 allocs/op
  [2/4]  bench  MerkleCommit/sumhash/Item100000/Count100  14,677,226 ns/op   10,798,608 B/op   1,857 allocs/op
  [3/4]  bench  MerkleCommit/sumhash/Item100000/Count100  14,833,536 ns/op   10,798,579 B/op   1,857 allocs/op
  [4/4]  bench  MerkleCommit/sumhash/Item100000/Count100  14,811,092 ns/op ±2%   10,798,590 B/op ±0%   1,857 allocs/op ±0%    3.69s
  [1/4]  bench  MerkleCommit/sumhash/Item100000/Count1000  132,551,755 ns/op   107,878,004 B/op   17,249 allocs/op
  [2/4]  bench  MerkleCommit/sumhash/Item100000/Count1000  132,128,511 ns/op   107,878,621 B/op   17,256 allocs/op
  [3/4]  bench  MerkleCommit/sumhash/Item100000/Count1000  132,459,219 ns/op   107,878,389 B/op   17,253 allocs/op
  [4/4]  bench  MerkleCommit/sumhash/Item100000/Count1000  131,813,689 ns/op ±1%   107,878,515 B/op ±0%   17,255 allocs/op ±0%    3.55s
  [1/4]  bench  MerkleCommit/sumhash/Item100000/Count10000  1,275,479,709 ns/op   1,078,627,672 B/op   170,515 allocs/op
  [2/4]  bench  MerkleCommit/sumhash/Item100000/Count10000  1,267,679,334 ns/op   1,078,627,544 B/op   170,511 allocs/op
  [3/4]  bench  MerkleCommit/sumhash/Item100000/Count10000  1,260,162,320 ns/op   1,078,626,616 B/op   170,501 allocs/op
  [4/4]  bench  MerkleCommit/sumhash/Item100000/Count10000  1,262,982,073 ns/op ±1%   1,078,626,564 B/op ±0%   170,504 allocs/op ±0%    3.77s
  [1/4]  bench  MerkleCommit/sumhash/Item100000/Count100000  12,313,086,750 ns/op   10,785,727,384 B/op   1,700,758 allocs/op
  [2/4]  bench  MerkleCommit/sumhash/Item100000/Count100000  12,348,959,604 ns/op   10,785,728,624 B/op   1,700,769 allocs/op
  [3/4]  bench  MerkleCommit/sumhash/Item100000/Count100000  12,313,910,097 ns/op   10,785,727,656 B/op   1,700,762 allocs/op
  [4/4]  bench  MerkleCommit/sumhash/Item100000/Count100000  12,300,864,406 ns/op ±1%   10,785,728,436 B/op ±0%   1,700,764 allocs/op ±0%    36.89s
  [1/4]  bench  MerkleCommit/sha256/Item10/Count10    7,714 ns/op   5,511 B/op   107 allocs/op
  [2/4]  bench  MerkleCommit/sha256/Item10/Count10    7,563 ns/op   5,511 B/op   107 allocs/op
  [3/4]  bench  MerkleCommit/sha256/Item10/Count10    7,566 ns/op   5,511 B/op   107 allocs/op
  [4/4]  bench  MerkleCommit/sha256/Item10/Count10    7,577 ns/op ±2%   5,511 B/op   107 allocs/op    3.75s
  [1/4]  bench  MerkleCommit/sha256/Item10/Count100   37,774 ns/op   33,491 B/op   759 allocs/op
  [2/4]  bench  MerkleCommit/sha256/Item10/Count100   37,488 ns/op   33,497 B/op   759 allocs/op
  [3/4]  bench  MerkleCommit/sha256/Item10/Count100   37,962 ns/op   33,495 B/op   759 allocs/op
  [4/4]  bench  MerkleCommit/sha256/Item10/Count100   37,747 ns/op ±2%   33,497 B/op ±0%   759 allocs/op    4.75s
  [1/4]  bench  MerkleCommit/sha256/Item10/Count1000  199,664 ns/op   296,312 B/op   7,086 allocs/op
  [2/4]  bench  MerkleCommit/sha256/Item10/Count1000  199,056 ns/op   296,322 B/op   7,086 allocs/op
  [3/4]  bench  MerkleCommit/sha256/Item10/Count1000  200,193 ns/op   296,322 B/op   7,086 allocs/op
  [4/4]  bench  MerkleCommit/sha256/Item10/Count1000  199,943 ns/op ±1%   296,332 B/op ±0%   7,086 allocs/op    3.72s
  [1/4]  bench  MerkleCommit/sha256/Item10/Count10000  1,047,678 ns/op   2,914,249 B/op   70,172 allocs/op
  [2/4]  bench  MerkleCommit/sha256/Item10/Count10000  1,044,305 ns/op   2,914,288 B/op   70,173 allocs/op
  [3/4]  bench  MerkleCommit/sha256/Item10/Count10000  1,044,808 ns/op   2,914,259 B/op   70,172 allocs/op
  [4/4]  bench  MerkleCommit/sha256/Item10/Count10000  1,045,002 ns/op ±0%   2,914,270 B/op ±0%   70,173 allocs/op ±0%    3.92s
  [1/4]  bench  MerkleCommit/sha256/Item10/Count100000  6,712,487 ns/op   28,855,612 B/op   700,267 allocs/op
  [2/4]  bench  MerkleCommit/sha256/Item10/Count100000  6,637,065 ns/op   28,855,698 B/op   700,268 allocs/op
  [3/4]  bench  MerkleCommit/sha256/Item10/Count100000  6,650,504 ns/op   28,855,755 B/op   700,269 allocs/op
  [4/4]  bench  MerkleCommit/sha256/Item10/Count100000  6,659,005 ns/op ±1%   28,855,731 B/op ±0%   700,269 allocs/op ±0%    5.59s
  [1/4]  bench  MerkleCommit/sha256/Item1000/Count10  14,310 ns/op   15,648 B/op   107 allocs/op
  [2/4]  bench  MerkleCommit/sha256/Item1000/Count10  14,450 ns/op   15,647 B/op   107 allocs/op
  [3/4]  bench  MerkleCommit/sha256/Item1000/Count10  14,335 ns/op   15,647 B/op   107 allocs/op
  [4/4]  bench  MerkleCommit/sha256/Item1000/Count10  14,333 ns/op ±2%   15,647 B/op ±0%   107 allocs/op    4.06s
  [1/4]  bench  MerkleCommit/sha256/Item1000/Count100  70,958 ns/op   134,526 B/op   761 allocs/op
  [2/4]  bench  MerkleCommit/sha256/Item1000/Count100  71,432 ns/op   134,526 B/op   761 allocs/op
  [3/4]  bench  MerkleCommit/sha256/Item1000/Count100  71,411 ns/op   134,523 B/op   761 allocs/op
  [4/4]  bench  MerkleCommit/sha256/Item1000/Count100  70,861 ns/op ±2%   134,523 B/op ±0%   761 allocs/op    5.74s
  [1/4]  bench  MerkleCommit/sha256/Item1000/Count1000  404,916 ns/op   1,305,300 B/op   7,095 allocs/op
  [2/4]  bench  MerkleCommit/sha256/Item1000/Count1000  402,796 ns/op   1,305,313 B/op   7,095 allocs/op
  [3/4]  bench  MerkleCommit/sha256/Item1000/Count1000  402,920 ns/op   1,305,309 B/op   7,095 allocs/op
  [4/4]  bench  MerkleCommit/sha256/Item1000/Count1000  402,306 ns/op ±1%   1,305,315 B/op ±0%   7,095 allocs/op    3.71s
  [1/4]  bench  MerkleCommit/sha256/Item1000/Count10000  2,669,409 ns/op   12,994,903 B/op   70,178 allocs/op
  [2/4]  bench  MerkleCommit/sha256/Item1000/Count10000  2,677,607 ns/op   12,994,947 B/op   70,179 allocs/op
  [3/4]  bench  MerkleCommit/sha256/Item1000/Count10000  2,657,482 ns/op   12,994,923 B/op   70,178 allocs/op
  [4/4]  bench  MerkleCommit/sha256/Item1000/Count10000  2,669,658 ns/op ±2%   12,994,949 B/op ±0%   70,179 allocs/op ±0%    4.32s
  [1/4]  bench  MerkleCommit/sha256/Item1000/Count100000  23,677,609 ns/op   129,655,982 B/op   700,269 allocs/op
  [2/4]  bench  MerkleCommit/sha256/Item1000/Count100000  23,417,720 ns/op   129,656,031 B/op   700,270 allocs/op
  [3/4]  bench  MerkleCommit/sha256/Item1000/Count100000  23,454,124 ns/op   129,655,964 B/op   700,269 allocs/op
  [4/4]  bench  MerkleCommit/sha256/Item1000/Count100000  23,470,347 ns/op ±1%   129,655,920 B/op ±0%   700,268 allocs/op ±0%    3.63s
  [1/4]  bench  MerkleCommit/sha256/Item100000/Count10  231,921 ns/op   1,071,205 B/op   115 allocs/op
  [2/4]  bench  MerkleCommit/sha256/Item100000/Count10  229,689 ns/op   1,071,218 B/op   115 allocs/op
  [3/4]  bench  MerkleCommit/sha256/Item100000/Count10  229,632 ns/op   1,071,220 B/op   115 allocs/op
  [4/4]  bench  MerkleCommit/sha256/Item100000/Count10  229,138 ns/op ±1%   1,071,221 B/op ±0%   115 allocs/op    3.62s
  [1/4]  bench  MerkleCommit/sha256/Item100000/Count100  1,452,932 ns/op   10,683,640 B/op   779 allocs/op
  [2/4]  bench  MerkleCommit/sha256/Item100000/Count100  1,468,968 ns/op   10,683,642 B/op   779 allocs/op
  [3/4]  bench  MerkleCommit/sha256/Item100000/Count100  1,469,033 ns/op   10,683,652 B/op   779 allocs/op
  [4/4]  bench  MerkleCommit/sha256/Item100000/Count100  1,472,156 ns/op ±1%   10,683,654 B/op ±0%   779 allocs/op    4.09s
  [1/4]  bench  MerkleCommit/sha256/Item100000/Count1000  13,977,273 ns/op   106,779,103 B/op   7,106 allocs/op
  [2/4]  bench  MerkleCommit/sha256/Item100000/Count1000  14,101,036 ns/op   106,779,205 B/op   7,107 allocs/op
  [3/4]  bench  MerkleCommit/sha256/Item100000/Count1000  14,060,885 ns/op   106,779,272 B/op   7,108 allocs/op
  [4/4]  bench  MerkleCommit/sha256/Item100000/Count1000  14,051,499 ns/op ±1%   106,779,240 B/op ±0%   7,107 allocs/op ±0%    3.62s
  [1/4]  bench  MerkleCommit/sha256/Item100000/Count10000  129,862,729 ns/op   1,067,725,158 B/op   70,219 allocs/op
  [2/4]  bench  MerkleCommit/sha256/Item100000/Count10000  130,741,802 ns/op   1,067,724,417 B/op   70,213 allocs/op
  [3/4]  bench  MerkleCommit/sha256/Item100000/Count10000  129,959,142 ns/op   1,067,724,969 B/op   70,218 allocs/op
  [4/4]  bench  MerkleCommit/sha256/Item100000/Count10000  130,551,878 ns/op ±2%   1,067,725,045 B/op ±0%   70,218 allocs/op ±0%    3.53s
  [1/4]  bench  MerkleCommit/sha256/Item100000/Count100000  1,075,464,958 ns/op   10,676,898,312 B/op   700,360 allocs/op
  [2/4]  bench  MerkleCommit/sha256/Item100000/Count100000  1,095,702,000 ns/op   10,676,908,648 B/op   700,433 allocs/op
  [3/4]  bench  MerkleCommit/sha256/Item100000/Count100000  1,093,314,014 ns/op   10,676,909,395 B/op   700,446 allocs/op
  [4/4]  bench  MerkleCommit/sha256/Item100000/Count100000  1,096,960,083 ns/op ±2%   10,676,909,592 B/op ±0%   700,445 allocs/op ±0%    3.31s
  [1/4]  bench  AppendMsgBlockHeader                  35.5 ns/op   28.1 MB/s   0.000 B/op   0.000 allocs/op
  [2/4]  bench  AppendMsgBlockHeader                  35.6 ns/op   28.1 MB/s   0.000 B/op   0.000 allocs/op
  [3/4]  bench  AppendMsgBlockHeader                  35.6 ns/op   28.1 MB/s   0.000 B/op   0.000 allocs/op
  [4/4]  bench  AppendMsgBlockHeader                  35.7 ns/op ±1%   28.0 MB/s ±1%   0.000 B/op   0.000 allocs/op    3.68s
  [1/4]  bench  AppendMsgSignedTxn                    75.9 ns/op   13.2 MB/s   0.000 B/op   0.000 allocs/op
  [2/4]  bench  AppendMsgSignedTxn                    75.4 ns/op   13.3 MB/s   0.000 B/op   0.000 allocs/op
  [3/4]  bench  AppendMsgSignedTxn                    75.5 ns/op   13.3 MB/s   0.000 B/op   0.000 allocs/op
  [4/4]  bench  AppendMsgSignedTxn                    75.3 ns/op ±1%   13.3 MB/s ±1%   0.000 B/op   0.000 allocs/op    3.84s
  [1/4]  bench  PaysetGroups                          5,739 ns/op   130,156 B/op   8.00 allocs/op
  [2/4]  bench  PaysetGroups                          5,726 ns/op   123,988 B/op   8.00 allocs/op
  [3/4]  bench  PaysetGroups                          5,695 ns/op   126,429 B/op   8.00 allocs/op
  [4/4]  bench  PaysetGroups                          5,716 ns/op ±1%   124,496 B/op ±5%   8.00 allocs/op    24.6s
  [1/4]  bench  Txn                                   41,089 ns/op   9,507 B/op   12.0 allocs/op
  [2/4]  bench  Txn                                   41,187 ns/op   9,509 B/op   12.0 allocs/op
  [3/4]  bench  Txn                                   41,176 ns/op   9,507 B/op   12.0 allocs/op
  [4/4]  bench  Txn                                   41,168 ns/op ±0%   9,506 B/op ±0%   12.0 allocs/op    9.06s
  [1/4]  bench  TxHandlerProcessing/processDecoded    9,398 ns/op   3,760 B/op   32.0 allocs/op
  [2/4]  bench  TxHandlerProcessing/processDecoded    9,472 ns/op   3,760 B/op   32.0 allocs/op
  [3/4]  bench  TxHandlerProcessing/processDecoded    9,517 ns/op   3,760 B/op   32.0 allocs/op
  [4/4]  bench  TxHandlerProcessing/processDecoded    9,525 ns/op ±1%   3,760 B/op   32.0 allocs/op    9.42s
  [1/4]  bench  TxHandlerProcessing/verify.TxnGroup   41,236 ns/op   11,712 B/op   16.0 allocs/op
  [2/4]  bench  TxHandlerProcessing/verify.TxnGroup   41,472 ns/op   11,712 B/op   16.0 allocs/op
  [3/4]  bench  TxHandlerProcessing/verify.TxnGroup   41,545 ns/op   11,712 B/op   16.0 allocs/op
  [4/4]  bench  TxHandlerProcessing/verify.TxnGroup   41,507 ns/op ±1%   11,712 B/op   16.0 allocs/op    6.56s
  [1/4]  bench  CompactDeltas/account-deltas          1,671,639 ns/op   4,189,135 B/op   19.0 allocs/op
  [2/4]  bench  CompactDeltas/account-deltas          1,556,642 ns/op   4,185,902 B/op   18.5 allocs/op
  [3/4]  bench  CompactDeltas/account-deltas          1,511,607 ns/op   4,187,162 B/op   18.7 allocs/op
  [4/4]  bench  CompactDeltas/account-deltas          1,488,981 ns/op ±8%   4,186,439 B/op ±0%   18.5 allocs/op ±3%    16.86s
