  [1/4]  bench  MerkleCommit/sha512_256/Item10/Count10  13,816 ns/op   6,082 B/op   107 allocs/op
  [2/4]  bench  MerkleCommit/sha512_256/Item10/Count10  13,818 ns/op   6,085 B/op   107 allocs/op
  [3/4]  bench  MerkleCommit/sha512_256/Item10/Count10  13,784 ns/op   6,085 B/op   107 allocs/op
  [4/4]  bench  MerkleCommit/sha512_256/Item10/Count10  13,791 ns/op ±0%   6,085 B/op ±0%   107 allocs/op    4.01s
  [1/4]  bench  MerkleCommit/sha512_256/Item10/Count100  52,888 ns/op   34,653 B/op   760 allocs/op
  [2/4]  bench  MerkleCommit/sha512_256/Item10/Count100  53,344 ns/op   34,660 B/op   760 allocs/op
  [3/4]  bench  MerkleCommit/sha512_256/Item10/Count100  53,500 ns/op   34,662 B/op   760 allocs/op
  [4/4]  bench  MerkleCommit/sha512_256/Item10/Count100  53,664 ns/op ±1%   34,661 B/op ±0%   760 allocs/op    5.24s
  [1/4]  bench  MerkleCommit/sha512_256/Item10/Count1000  248,191 ns/op   299,020 B/op   7,091 allocs/op
  [2/4]  bench  MerkleCommit/sha512_256/Item10/Count1000  249,326 ns/op   299,012 B/op   7,091 allocs/op
  [3/4]  bench  MerkleCommit/sha512_256/Item10/Count1000  248,687 ns/op   299,012 B/op   7,091 allocs/op
  [4/4]  bench  MerkleCommit/sha512_256/Item10/Count1000  248,886 ns/op ±1%   299,007 B/op ±0%   7,091 allocs/op    3.68s
  [1/4]  bench  MerkleCommit/sha512_256/Item10/Count10000  1,224,662 ns/op   2,920,248 B/op   70,180 allocs/op
  [2/4]  bench  MerkleCommit/sha512_256/Item10/Count10000  1,235,911 ns/op   2,920,177 B/op   70,180 allocs/op
  [3/4]  bench  MerkleCommit/sha512_256/Item10/Count10000  1,231,049 ns/op   2,920,193 B/op   70,180 allocs/op
  [4/4]  bench  MerkleCommit/sha512_256/Item10/Count10000  1,235,609 ns/op ±1%   2,920,148 B/op ±0%   70,180 allocs/op ±0%    4s
  [1/4]  bench  MerkleCommit/sha512_256/Item10/Count100000  7,744,328 ns/op   28,866,297 B/op   700,281 allocs/op
  [2/4]  bench  MerkleCommit/sha512_256/Item10/Count100000  7,756,277 ns/op   28,866,211 B/op   700,281 allocs/op
  [3/4]  bench  MerkleCommit/sha512_256/Item10/Count100000  7,814,611 ns/op   28,866,085 B/op   700,280 allocs/op
  [4/4]  bench  MerkleCommit/sha512_256/Item10/Count100000  7,790,773 ns/op ±1%   28,866,150 B/op ±0%   700,280 allocs/op ±0%    5.94s
  [1/4]  bench  MerkleCommit/sha512_256/Item1000/Count10  22,994 ns/op   16,261 B/op   108 allocs/op
  [2/4]  bench  MerkleCommit/sha512_256/Item1000/Count10  22,657 ns/op   16,259 B/op   108 allocs/op
  [3/4]  bench  MerkleCommit/sha512_256/Item1000/Count10  22,851 ns/op   16,259 B/op   108 allocs/op
  [4/4]  bench  MerkleCommit/sha512_256/Item1000/Count10  22,932 ns/op ±2%   16,258 B/op ±0%   108 allocs/op    4.3s
  [1/4]  bench  MerkleCommit/sha512_256/Item1000/Count100  96,522 ns/op   135,908 B/op   763 allocs/op
  [2/4]  bench  MerkleCommit/sha512_256/Item1000/Count100  96,382 ns/op   135,917 B/op   763 allocs/op
  [3/4]  bench  MerkleCommit/sha512_256/Item1000/Count100  96,660 ns/op   135,907 B/op   763 allocs/op
  [4/4]  bench  MerkleCommit/sha512_256/Item1000/Count100  96,811 ns/op ±1%   135,906 B/op ±0%   763 allocs/op    6.55s
  [1/4]  bench  MerkleCommit/sha512_256/Item1000/Count1000  468,418 ns/op   1,308,311 B/op   7,099 allocs/op
  [2/4]  bench  MerkleCommit/sha512_256/Item1000/Count1000  474,143 ns/op   1,308,291 B/op   7,099 allocs/op
  [3/4]  bench  MerkleCommit/sha512_256/Item1000/Count1000  472,952 ns/op   1,308,305 B/op   7,099 allocs/op
  [4/4]  bench  MerkleCommit/sha512_256/Item1000/Count1000  473,566 ns/op ±1%   1,308,297 B/op ±0%   7,099 allocs/op    3.78s
  [1/4]  bench  MerkleCommit/sha512_256/Item1000/Count10000  2,916,577 ns/op   13,000,652 B/op   70,183 allocs/op
  [2/4]  bench  MerkleCommit/sha512_256/Item1000/Count10000  2,998,301 ns/op   13,000,697 B/op   70,184 allocs/op
  [3/4]  bench  MerkleCommit/sha512_256/Item1000/Count10000  2,961,725 ns/op   13,000,695 B/op   70,183 allocs/op
  [4/4]  bench  MerkleCommit/sha512_256/Item1000/Count10000  2,965,200 ns/op ±3%   13,000,671 B/op ±0%   70,183 allocs/op ±0%    4.35s
  [1/4]  bench  MerkleCommit/sha512_256/Item1000/Count100000  25,772,592 ns/op   129,665,708 B/op   700,276 allocs/op
  [2/4]  bench  MerkleCommit/sha512_256/Item1000/Count100000  25,924,811 ns/op   129,665,635 B/op   700,276 allocs/op
  [3/4]  bench  MerkleCommit/sha512_256/Item1000/Count100000  25,916,983 ns/op   129,665,581 B/op   700,275 allocs/op
  [4/4]  bench  MerkleCommit/sha512_256/Item1000/Count100000  25,959,875 ns/op ±1%   129,665,579 B/op ±0%   700,275 allocs/op ±0%    3.62s
  [1/4]  bench  MerkleCommit/sha512_256/Item100000/Count10  321,433 ns/op   1,072,387 B/op   117 allocs/op
  [2/4]  bench  MerkleCommit/sha512_256/Item100000/Count10  318,952 ns/op   1,072,394 B/op   117 allocs/op
  [3/4]  bench  MerkleCommit/sha512_256/Item100000/Count10  319,365 ns/op   1,072,394 B/op   117 allocs/op
  [4/4]  bench  MerkleCommit/sha512_256/Item100000/Count10  318,744 ns/op ±1%   1,072,397 B/op ±0%   117 allocs/op    3.72s
  [1/4]  bench  MerkleCommit/sha512_256/Item100000/Count100  1,895,261 ns/op   10,685,846 B/op   781 allocs/op
  [2/4]  bench  MerkleCommit/sha512_256/Item100000/Count100  1,879,005 ns/op   10,685,885 B/op   782 allocs/op
  [3/4]  bench  MerkleCommit/sha512_256/Item100000/Count100  1,881,441 ns/op   10,685,864 B/op   781 allocs/op
  [4/4]  bench  MerkleCommit/sha512_256/Item100000/Count100  1,871,849 ns/op ±1%   10,685,863 B/op ±0%   781 allocs/op ±0%    4.2s
  [1/4]  bench  MerkleCommit/sha512_256/Item100000/Count1000  17,401,876 ns/op   106,782,306 B/op   7,110 allocs/op
  [2/4]  bench  MerkleCommit/sha512_256/Item100000/Count1000  17,302,143 ns/op   106,782,470 B/op   7,111 allocs/op
  [3/4]  bench  MerkleCommit/sha512_256/Item100000/Count1000  17,285,975 ns/op   106,782,492 B/op   7,111 allocs/op
  [4/4]  bench  MerkleCommit/sha512_256/Item100000/Count1000  17,267,134 ns/op ±1%   106,782,529 B/op ±0%   7,112 allocs/op ±0%    3.58s
  [1/4]  bench  MerkleCommit/sha512_256/Item100000/Count10000  156,520,542 ns/op   1,067,730,346 B/op   70,221 allocs/op
  [2/4]  bench  MerkleCommit/sha512_256/Item100000/Count10000  156,564,221 ns/op   1,067,729,972 B/op   70,218 allocs/op
  [3/4]  bench  MerkleCommit/sha512_256/Item100000/Count10000  157,491,429 ns/op   1,067,730,783 B/op   70,226 allocs/op
  [4/4]  bench  MerkleCommit/sha512_256/Item100000/Count10000  158,448,421 ns/op ±2%   1,067,730,774 B/op ±0%   70,225 allocs/op ±0%    3.82s
  [1/4]  bench  MerkleCommit/sha512_256/Item100000/Count100000  1,373,692,208 ns/op   10,676,941,400 B/op   700,635 allocs/op
  [2/4]  bench  MerkleCommit/sha512_256/Item100000/Count100000  1,326,763,979 ns/op   10,676,928,752 B/op   700,569 allocs/op
  [3/4]  bench  MerkleCommit/sha512_256/Item100000/Count100000  1,344,648,125 ns/op   10,676,929,821 B/op   700,559 allocs/op
  [4/4]  bench  MerkleCommit/sha512_256/Item100000/Count100000  1,351,733,511 ns/op ±4%   10,676,929,288 B/op ±0%   700,552 allocs/op ±0%    4.03s
  [1/4]  bench  MerkleCommit/sumhash/Item10/Count10   50,467 ns/op   16,784 B/op   217 allocs/op
  [2/4]  bench  MerkleCommit/sumhash/Item10/Count10   50,666 ns/op   16,786 B/op   217 allocs/op
  [3/4]  bench  MerkleCommit/sumhash/Item10/Count10   50,441 ns/op   16,790 B/op   217 allocs/op
  [4/4]  bench  MerkleCommit/sumhash/Item10/Count10   50,432 ns/op ±1%   16,789 B/op ±0%   217 allocs/op    5.17s
  [1/4]  bench  MerkleCommit/sumhash/Item10/Count100  236,703 ns/op   134,876 B/op   1,723 allocs/op
  [2/4]  bench  MerkleCommit/sumhash/Item10/Count100  237,393 ns/op   134,839 B/op   1,723 allocs/op
  [3/4]  bench  MerkleCommit/sumhash/Item10/Count100  237,318 ns/op   134,841 B/op   1,723 allocs/op
  [4/4]  bench  MerkleCommit/sumhash/Item10/Count100  237,944 ns/op ±1%   134,834 B/op ±0%   1,723 allocs/op ±0%    3.68s
  [1/4]  bench  MerkleCommit/sumhash/Item10/Count1000  1,052,865 ns/op   1,268,744 B/op   16,240 allocs/op
  [2/4]  bench  MerkleCommit/sumhash/Item10/Count1000  1,057,821 ns/op   1,268,681 B/op   16,240 allocs/op
  [3/4]  bench  MerkleCommit/sumhash/Item10/Count1000  1,055,252 ns/op   1,268,850 B/op   16,242 allocs/op
  [4/4]  bench  MerkleCommit/sumhash/Item10/Count1000  1,055,435 ns/op ±1%   1,268,797 B/op ±0%   16,241 allocs/op ±0%    3.94s
  [1/4]  bench  MerkleCommit/sumhash/Item10/Count10000  6,249,066 ns/op   12,538,364 B/op   160,471 allocs/op
  [2/4]  bench  MerkleCommit/sumhash/Item10/Count10000  6,296,777 ns/op   12,538,074 B/op   160,468 allocs/op
  [3/4]  bench  MerkleCommit/sumhash/Item10/Count10000  6,322,337 ns/op   12,538,039 B/op   160,467 allocs/op
  [4/4]  bench  MerkleCommit/sumhash/Item10/Count10000  6,306,489 ns/op ±1%   12,538,123 B/op ±0%   160,468 allocs/op ±0%    5.52s
  [1/4]  bench  MerkleCommit/sumhash/Item10/Count100000  53,170,017 ns/op   124,883,714 B/op   1,600,629 allocs/op
  [2/4]  bench  MerkleCommit/sumhash/Item10/Count100000  52,258,011 ns/op   124,884,142 B/op   1,600,634 allocs/op
  [3/4]  bench  MerkleCommit/sumhash/Item10/Count100000  52,394,181 ns/op   124,884,251 B/op   1,600,635 allocs/op
  [4/4]  bench  MerkleCommit/sumhash/Item10/Count100000  51,855,692 ns/op ±3%   124,884,462 B/op ±0%   1,600,637 allocs/op ±0%    3.65s
  [1/4]  bench  MerkleCommit/sumhash/Item1000/Count10  105,880 ns/op   28,646 B/op   233 allocs/op
  [2/4]  bench  MerkleCommit/sumhash/Item1000/Count10  106,322 ns/op   28,640 B/op   233 allocs/op
  [3/4]  bench  MerkleCommit/sumhash/Item1000/Count10  106,252 ns/op   28,638 B/op   233 allocs/op
  [4/4]  bench  MerkleCommit/sumhash/Item1000/Count10  106,488 ns/op ±1%   28,634 B/op ±0%   233 allocs/op ±0%    3.23s
  [1/4]  bench  MerkleCommit/sumhash/Item1000/Count100  447,496 ns/op   250,092 B/op   1,842 allocs/op
  [2/4]  bench  MerkleCommit/sumhash/Item1000/Count100  449,846 ns/op   250,066 B/op   1,842 allocs/op
  [3/4]  bench  MerkleCommit/sumhash/Item1000/Count100  450,174 ns/op   250,067 B/op   1,842 allocs/op
  [4/4]  bench  MerkleCommit/sumhash/Item1000/Count100  449,793 ns/op ±1%   250,070 B/op ±0%   1,842 allocs/op    3.68s
  [1/4]  bench  MerkleCommit/sumhash/Item1000/Count1000  2,520,694 ns/op   2,406,265 B/op   17,259 allocs/op
  [2/4]  bench  MerkleCommit/sumhash/Item1000/Count1000  2,495,665 ns/op   2,406,395 B/op   17,261 allocs/op
  [3/4]  bench  MerkleCommit/sumhash/Item1000/Count1000  2,496,527 ns/op   2,406,374 B/op   17,260 allocs/op
  [4/4]  bench  MerkleCommit/sumhash/Item1000/Count1000  2,492,640 ns/op ±1%   2,406,359 B/op ±0%   17,260 allocs/op ±0%    4.27s
  [1/4]  bench  MerkleCommit/sumhash/Item1000/Count10000  19,168,032 ns/op   23,898,626 B/op   170,473 allocs/op
  [2/4]  bench  MerkleCommit/sumhash/Item1000/Count10000  19,538,001 ns/op   23,898,251 B/op   170,469 allocs/op
  [3/4]  bench  MerkleCommit/sumhash/Item1000/Count10000  19,463,113 ns/op   23,898,465 B/op   170,471 allocs/op
  [4/4]  bench  MerkleCommit/sumhash/Item1000/Count10000  19,607,077 ns/op ±2%   23,898,449 B/op ±0%   170,471 allocs/op ±0%    3.69s
  [1/4]  bench  MerkleCommit/sumhash/Item1000/Count100000  171,555,320 ns/op   238,486,154 B/op   1,700,654 allocs/op
  [2/4]  bench  MerkleCommit/sumhash/Item1000/Count100000  172,348,181 ns/op   238,486,432 B/op   1,700,656 allocs/op
  [3/4]  bench  MerkleCommit/sumhash/Item1000/Count100000  173,663,602 ns/op   238,486,641 B/op   1,700,658 allocs/op
  [4/4]  bench  MerkleCommit/sumhash/Item1000/Count100000  173,295,957 ns/op ±1%   238,486,663 B/op ±0%   1,700,658 allocs/op ±0%    3.67s
  [1/4]  bench  MerkleCommit/sumhash/Item100000/Count10  2,091,594 ns/op   1,085,602 B/op   259 allocs/op
  [2/4]  bench  MerkleCommit/sumhash/Item100000/Count10  2,042,986 ns/op   1,085,616 B/op   259 allocs/op
  [3/4]  bench  MerkleCommit/sumhash/Item100000/Count10  2,069,817 ns/op   1,085,599 B/op   259 allocs/op
  [4/4]  bench  MerkleCommit/sumhash/Item100000/Count10  2,048,225 ns/op ±3%   1,085,609 B/op ±0%   259 allocs/op ±0%    4.28s
  [1/4]  bench  MerkleCommit/sumhash/Item100000/Count100  15,033,793 ns/op   10,798,677 B/op   1,856 allocs/op
  [2/4]  bench  MerkleCommit/sumhash/Item100000/Count100  14,814,846 ns/op   10,798,617 B/op   1,856 allocs/op
  [3/4]  bench  MerkleCommit/sumhash/Item100000/Count100  14,891,260 ns/op   10,798,573 B/op   1,856 allocs/op
  [4/4]  bench  MerkleCommit/sumhash/Item100000/Count100  14,827,707 ns/op ±2%   10,798,580 B/op ±0%   1,856 allocs/op ±0%    3.69s
  [1/4]  bench  MerkleCommit/sumhash/Item100000/Count1000  134,175,120 ns/op   107,878,572 B/op   17,256 allocs/op
  [2/4]  bench  MerkleCommit/sumhash/Item100000/Count1000  132,604,878 ns/op   107,878,833 B/op   17,259 allocs/op
  [3/4]  bench  MerkleCommit/sumhash/Item100000/Count1000  133,328,007 ns/op   107,878,657 B/op   17,257 allocs/op
  [4/4]  bench  MerkleCommit/sumhash/Item100000/Count1000  132,312,204 ns/op ±2%   107,878,612 B/op ±0%   17,257 allocs/op ±0%    4.5s
  [1/4]  bench  MerkleCommit/sumhash/Item100000/Count10000  1,294,666,333 ns/op   1,078,625,176 B/op   170,497 allocs/op
  [2/4]  bench  MerkleCommit/sumhash/Item100000/Count10000  1,274,409,209 ns/op   1,078,625,760 B/op   170,503 allocs/op
  [3/4]  bench  MerkleCommit/sumhash/Item100000/Count10000  1,281,878,278 ns/op   1,078,625,192 B/op   170,494 allocs/op
  [4/4]  bench  MerkleCommit/sumhash/Item100000/Count10000  1,274,313,136 ns/op ±2%   1,078,625,468 B/op ±0%   170,498 allocs/op ±0%    3.8s
  [1/4]  bench  MerkleCommit/sumhash/Item100000/Count100000  12,598,723,875 ns/op   10,785,723,624 B/op   1,700,743 allocs/op
  [2/4]  bench  MerkleCommit/sumhash/Item100000/Count100000  12,493,211,625 ns/op   10,785,723,416 B/op   1,700,742 allocs/op
  [3/4]  bench  MerkleCommit/sumhash/Item100000/Count100000  12,448,326,806 ns/op   10,785,723,501 B/op   1,700,730 allocs/op
  [4/4]  bench  MerkleCommit/sumhash/Item100000/Count100000  12,391,310,417 ns/op ±2%   10,785,723,716 B/op ±0%   1,700,729 allocs/op ±0%    36.97s
  [1/4]  bench  MerkleCommit/sha256/Item10/Count10    8,072 ns/op   5,511 B/op   107 allocs/op
  [2/4]  bench  MerkleCommit/sha256/Item10/Count10    8,092 ns/op   5,511 B/op   107 allocs/op
  [3/4]  bench  MerkleCommit/sha256/Item10/Count10    8,106 ns/op   5,511 B/op   107 allocs/op
  [4/4]  bench  MerkleCommit/sha256/Item10/Count10    8,088 ns/op ±1%   5,511 B/op   107 allocs/op    3.81s
  [1/4]  bench  MerkleCommit/sha256/Item10/Count100   40,192 ns/op   33,494 B/op   759 allocs/op
  [2/4]  bench  MerkleCommit/sha256/Item10/Count100   40,142 ns/op   33,492 B/op   759 allocs/op
  [3/4]  bench  MerkleCommit/sha256/Item10/Count100   40,177 ns/op   33,493 B/op   759 allocs/op
  [4/4]  bench  MerkleCommit/sha256/Item10/Count100   40,216 ns/op ±0%   33,492 B/op ±0%   759 allocs/op    4.83s
  [1/4]  bench  MerkleCommit/sha256/Item10/Count1000  199,828 ns/op   296,362 B/op   7,086 allocs/op
  [2/4]  bench  MerkleCommit/sha256/Item10/Count1000  201,441 ns/op   296,349 B/op   7,086 allocs/op
  [3/4]  bench  MerkleCommit/sha256/Item10/Count1000  201,196 ns/op   296,349 B/op   7,086 allocs/op
  [4/4]  bench  MerkleCommit/sha256/Item10/Count1000  202,101 ns/op ±1%   296,346 B/op ±0%   7,086 allocs/op    3.69s
  [1/4]  bench  MerkleCommit/sha256/Item10/Count10000  1,046,949 ns/op   2,914,331 B/op   70,173 allocs/op
  [2/4]  bench  MerkleCommit/sha256/Item10/Count10000  1,049,828 ns/op   2,914,308 B/op   70,173 allocs/op
  [3/4]  bench  MerkleCommit/sha256/Item10/Count10000  1,045,059 ns/op   2,914,300 B/op   70,173 allocs/op
  [4/4]  bench  MerkleCommit/sha256/Item10/Count10000  1,047,635 ns/op ±1%   2,914,293 B/op ±0%   70,173 allocs/op ±0%    3.95s
  [1/4]  bench  MerkleCommit/sha256/Item10/Count100000  6,594,423 ns/op   28,855,822 B/op   700,269 allocs/op
  [2/4]  bench  MerkleCommit/sha256/Item10/Count100000  6,627,533 ns/op   28,855,762 B/op   700,269 allocs/op
  [3/4]  bench  MerkleCommit/sha256/Item10/Count100000  6,671,332 ns/op   28,855,711 B/op   700,268 allocs/op
  [4/4]  bench  MerkleCommit/sha256/Item10/Count100000  6,655,489 ns/op ±1%   28,855,744 B/op ±0%   700,269 allocs/op ±0%    5.6s
  [1/4]  bench  MerkleCommit/sha256/Item1000/Count10  15,260 ns/op   15,646 B/op   107 allocs/op
  [2/4]  bench  MerkleCommit/sha256/Item1000/Count10  15,230 ns/op   15,648 B/op   107 allocs/op
  [3/4]  bench  MerkleCommit/sha256/Item1000/Count10  15,252 ns/op   15,647 B/op   107 allocs/op
  [4/4]  bench  MerkleCommit/sha256/Item1000/Count10  15,255 ns/op ±0%   15,648 B/op ±0%   107 allocs/op    4.04s
  [1/4]  bench  MerkleCommit/sha256/Item1000/Count100  74,434 ns/op   134,531 B/op   761 allocs/op
  [2/4]  bench  MerkleCommit/sha256/Item1000/Count100  74,736 ns/op   134,528 B/op   761 allocs/op
  [3/4]  bench  MerkleCommit/sha256/Item1000/Count100  74,575 ns/op   134,530 B/op   761 allocs/op
  [4/4]  bench  MerkleCommit/sha256/Item1000/Count100  74,500 ns/op ±1%   134,530 B/op ±0%   761 allocs/op    5.86s
  [1/4]  bench  MerkleCommit/sha256/Item1000/Count1000  408,357 ns/op   1,305,303 B/op   7,095 allocs/op
  [2/4]  bench  MerkleCommit/sha256/Item1000/Count1000  404,906 ns/op   1,305,327 B/op   7,095 allocs/op
  [3/4]  bench  MerkleCommit/sha256/Item1000/Count1000  404,684 ns/op   1,305,329 B/op   7,095 allocs/op
  [4/4]  bench  MerkleCommit/sha256/Item1000/Count1000  404,578 ns/op ±1%   1,305,331 B/op ±0%   7,095 allocs/op    3.6s
  [1/4]  bench  MerkleCommit/sha256/Item1000/Count10000  2,662,540 ns/op   12,994,936 B/op   70,178 allocs/op
  [2/4]  bench  MerkleCommit/sha256/Item1000/Count10000  2,701,391 ns/op   12,994,975 B/op   70,179 allocs/op
  [3/4]  bench  MerkleCommit/sha256/Item1000/Count10000  2,680,725 ns/op   12,994,934 B/op   70,178 allocs/op
  [4/4]  bench  MerkleCommit/sha256/Item1000/Count10000  2,638,373 ns/op ±4%   12,994,922 B/op ±0%   70,178 allocs/op ±0%    4.29s
  [1/4]  bench  MerkleCommit/sha256/Item1000/Count100000  23,338,676 ns/op   129,655,891 B/op   700,268 allocs/op
  [2/4]  bench  MerkleCommit/sha256/Item1000/Count100000  23,561,833 ns/op   129,655,907 B/op   700,268 allocs/op
  [3/4]  bench  MerkleCommit/sha256/Item1000/Count100000  23,573,517 ns/op   129,655,912 B/op   700,268 allocs/op
  [4/4]  bench  MerkleCommit/sha256/Item1000/Count100000  23,554,782 ns/op ±1%   129,655,917 B/op ±0%   700,268 allocs/op    3.95s
  [1/4]  bench  MerkleCommit/sha256/Item100000/Count10  228,200 ns/op   1,071,227 B/op   115 allocs/op
  [2/4]  bench  MerkleCommit/sha256/Item100000/Count10  230,477 ns/op   1,071,222 B/op   115 allocs/op
  [3/4]  bench  MerkleCommit/sha256/Item100000/Count10  230,116 ns/op   1,071,224 B/op   115 allocs/op
  [4/4]  bench  MerkleCommit/sha256/Item100000/Count10  230,562 ns/op ±1%   1,071,226 B/op ±0%   115 allocs/op    3.73s
  [1/4]  bench  MerkleCommit/sha256/Item100000/Count100  1,466,493 ns/op   10,683,670 B/op   779 allocs/op
  [2/4]  bench  MerkleCommit/sha256/Item100000/Count100  1,487,402 ns/op   10,683,660 B/op   779 allocs/op
  [3/4]  bench  MerkleCommit/sha256/Item100000/Count100  1,488,425 ns/op   10,683,656 B/op   779 allocs/op
  [4/4]  bench  MerkleCommit/sha256/Item100000/Count100  1,484,811 ns/op ±1%   10,683,655 B/op ±0%   779 allocs/op    4.11s
  [1/4]  bench  MerkleCommit/sha256/Item100000/Count1000  14,022,735 ns/op   106,779,186 B/op   7,107 allocs/op
  [2/4]  bench  MerkleCommit/sha256/Item100000/Count1000  14,164,641 ns/op   106,779,181 B/op   7,107 allocs/op
  [3/4]  bench  MerkleCommit/sha256/Item100000/Count1000  14,115,398 ns/op   106,779,187 B/op   7,107 allocs/op
  [4/4]  bench  MerkleCommit/sha256/Item100000/Count1000  14,067,507 ns/op ±1%   106,779,228 B/op ±0%   7,107 allocs/op ±0%    3.62s
  [1/4]  bench  MerkleCommit/sha256/Item100000/Count10000  129,549,604 ns/op   1,067,724,894 B/op   70,217 allocs/op
  [2/4]  bench  MerkleCommit/sha256/Item100000/Count10000  131,361,580 ns/op   1,067,724,918 B/op   70,218 allocs/op
  [3/4]  bench  MerkleCommit/sha256/Item100000/Count10000  130,962,501 ns/op   1,067,725,198 B/op   70,220 allocs/op
  [4/4]  bench  MerkleCommit/sha256/Item100000/Count10000  131,605,398 ns/op ±2%   1,067,724,809 B/op ±0%   70,216 allocs/op ±0%    3.69s
  [1/4]  bench  MerkleCommit/sha256/Item100000/Count100000  1,072,112,208 ns/op   10,676,915,560 B/op   700,503 allocs/op
  [2/4]  bench  MerkleCommit/sha256/Item100000/Count100000  1,074,031,959 ns/op   10,676,913,600 B/op   700,487 allocs/op
  [3/4]  bench  MerkleCommit/sha256/Item100000/Count100000  1,096,902,528 ns/op   10,676,915,443 B/op   700,495 allocs/op
  [4/4]  bench  MerkleCommit/sha256/Item100000/Count100000  1,092,292,334 ns/op ±3%   10,676,916,804 B/op ±0%   700,513 allocs/op ±0%    3.3s
  [1/4]  bench  AppendMsgBlockHeader                  35.7 ns/op   28.0 MB/s   0.000 B/op   0.000 allocs/op
  [2/4]  bench  AppendMsgBlockHeader                  35.7 ns/op   28.0 MB/s   0.000 B/op   0.000 allocs/op
  [3/4]  bench  AppendMsgBlockHeader                  35.6 ns/op   28.1 MB/s   0.000 B/op   0.000 allocs/op
  [4/4]  bench  AppendMsgBlockHeader                  35.7 ns/op ±1%   28.0 MB/s ±0%   0.000 B/op   0.000 allocs/op    3.68s
  [1/4]  bench  AppendMsgSignedTxn                    76.0 ns/op   13.2 MB/s   0.000 B/op   0.000 allocs/op
  [2/4]  bench  AppendMsgSignedTxn                    76.0 ns/op   13.2 MB/s   0.000 B/op   0.000 allocs/op
  [3/4]  bench  AppendMsgSignedTxn                    76.1 ns/op   13.1 MB/s   0.000 B/op   0.000 allocs/op
  [4/4]  bench  AppendMsgSignedTxn                    76.0 ns/op ±0%   13.2 MB/s ±0%   0.000 B/op   0.000 allocs/op    3.82s
  [1/4]  bench  PaysetGroups                          5,990 ns/op   130,689 B/op   8.00 allocs/op
  [2/4]  bench  PaysetGroups                          5,911 ns/op   129,898 B/op   8.00 allocs/op
  [3/4]  bench  PaysetGroups                          5,868 ns/op   129,383 B/op   8.00 allocs/op
  [4/4]  bench  PaysetGroups                          5,828 ns/op ±2%   128,817 B/op ±1%   8.00 allocs/op    25.94s
  [1/4]  bench  Txn                                   41,619 ns/op   9,501 B/op   12.0 allocs/op
  [2/4]  bench  Txn                                   41,824 ns/op   9,504 B/op   12.0 allocs/op
  [3/4]  bench  Txn                                   41,787 ns/op   9,505 B/op   12.0 allocs/op
  [4/4]  bench  Txn                                   41,650 ns/op ±1%   9,505 B/op ±0%   12.0 allocs/op    9.17s
  [1/4]  bench  TxHandlerProcessing/processDecoded    9,761 ns/op   3,760 B/op   32.0 allocs/op
  [2/4]  bench  TxHandlerProcessing/processDecoded    9,767 ns/op   3,760 B/op   32.0 allocs/op
  [3/4]  bench  TxHandlerProcessing/processDecoded    9,769 ns/op   3,760 B/op   32.0 allocs/op
  [4/4]  bench  TxHandlerProcessing/processDecoded    9,729 ns/op ±1%   3,760 B/op   32.0 allocs/op    9.46s
  [1/4]  bench  TxHandlerProcessing/verify.TxnGroup   41,805 ns/op   11,712 B/op   16.0 allocs/op
  [2/4]  bench  TxHandlerProcessing/verify.TxnGroup   41,702 ns/op   11,712 B/op   16.0 allocs/op
  [3/4]  bench  TxHandlerProcessing/verify.TxnGroup   41,597 ns/op   11,712 B/op   16.0 allocs/op
  [4/4]  bench  TxHandlerProcessing/verify.TxnGroup   41,525 ns/op ±1%   11,712 B/op   16.0 allocs/op    6.52s
  [1/4]  bench  CompactDeltas/account-deltas          1,523,193 ns/op   4,172,793 B/op   18.0 allocs/op
  [2/4]  bench  CompactDeltas/account-deltas          1,460,544 ns/op   4,176,413 B/op   18.0 allocs/op
  [3/4]  bench  CompactDeltas/account-deltas          1,443,309 ns/op   4,175,376 B/op   18.0 allocs/op
  [4/4]  bench  CompactDeltas/account-deltas          1,432,361 ns/op ±4%   4,176,541 B/op ±0%   18.0 allocs/op    16.95s
