  [1/4]  bench  MerkleCommit/sha512_256/Item10/Count10  13,339 ns/op   6,095 B/op   107 allocs/op
  [2/4]  bench  MerkleCommit/sha512_256/Item10/Count10  13,463 ns/op   6,090 B/op   107 allocs/op
  [3/4]  bench  MerkleCommit/sha512_256/Item10/Count10  13,402 ns/op   6,091 B/op   107 allocs/op
  [4/4]  bench  MerkleCommit/sha512_256/Item10/Count10  13,474 ns/op ±2%   6,090 B/op ±0%   107 allocs/op    3.99s
  [1/4]  bench  MerkleCommit/sha512_256/Item10/Count100  52,582 ns/op   34,661 B/op   760 allocs/op
  [2/4]  bench  MerkleCommit/sha512_256/Item10/Count100  52,068 ns/op   34,668 B/op   761 allocs/op
  [3/4]  bench  MerkleCommit/sha512_256/Item10/Count100  52,251 ns/op   34,665 B/op   760 allocs/op
  [4/4]  bench  MerkleCommit/sha512_256/Item10/Count100  52,040 ns/op ±1%   34,667 B/op ±0%   761 allocs/op ±0%    5.17s
  [1/4]  bench  MerkleCommit/sha512_256/Item10/Count1000  251,866 ns/op   298,976 B/op   7,090 allocs/op
  [2/4]  bench  MerkleCommit/sha512_256/Item10/Count1000  249,985 ns/op   299,002 B/op   7,091 allocs/op
  [3/4]  bench  MerkleCommit/sha512_256/Item10/Count1000  250,338 ns/op   298,987 B/op   7,090 allocs/op
  [4/4]  bench  MerkleCommit/sha512_256/Item10/Count1000  249,629 ns/op ±1%   298,996 B/op ±0%   7,091 allocs/op ±0%    3.7s
  [1/4]  bench  MerkleCommit/sha512_256/Item10/Count10000  1,282,890 ns/op   2,920,313 B/op   70,181 allocs/op
  [2/4]  bench  MerkleCommit/sha512_256/Item10/Count10000  1,271,030 ns/op   2,920,450 B/op   70,182 allocs/op
  [3/4]  bench  MerkleCommit/sha512_256/Item10/Count10000  1,270,153 ns/op   2,920,413 B/op   70,182 allocs/op
  [4/4]  bench  MerkleCommit/sha512_256/Item10/Count10000  1,266,649 ns/op ±1%   2,920,452 B/op ±0%   70,182 allocs/op ±0%    4s
  [1/4]  bench  MerkleCommit/sha512_256/Item10/Count100000  7,965,861 ns/op   28,865,827 B/op   700,278 allocs/op
  [2/4]  bench  MerkleCommit/sha512_256/Item10/Count100000  7,928,297 ns/op   28,865,924 B/op   700,279 allocs/op
  [3/4]  bench  MerkleCommit/sha512_256/Item10/Count100000  7,861,952 ns/op   28,866,098 B/op   700,280 allocs/op
  [4/4]  bench  MerkleCommit/sha512_256/Item10/Count100000  7,832,406 ns/op ±2%   28,866,198 B/op ±0%   700,280 allocs/op ±0%    5.97s
  [1/4]  bench  MerkleCommit/sha512_256/Item1000/Count10  21,898 ns/op   16,254 B/op   108 allocs/op
  [2/4]  bench  MerkleCommit/sha512_256/Item1000/Count10  22,028 ns/op   16,255 B/op   108 allocs/op
  [3/4]  bench  MerkleCommit/sha512_256/Item1000/Count10  22,181 ns/op   16,254 B/op   108 allocs/op
  [4/4]  bench  MerkleCommit/sha512_256/Item1000/Count10  21,994 ns/op ±2%   16,256 B/op ±0%   108 allocs/op    4.25s
  [1/4]  bench  MerkleCommit/sha512_256/Item1000/Count100  96,517 ns/op   135,872 B/op   763 allocs/op
  [2/4]  bench  MerkleCommit/sha512_256/Item1000/Count100  96,017 ns/op   135,870 B/op   763 allocs/op
  [3/4]  bench  MerkleCommit/sha512_256/Item1000/Count100  95,602 ns/op   135,877 B/op   763 allocs/op
  [4/4]  bench  MerkleCommit/sha512_256/Item1000/Count100  95,012 ns/op ±2%   135,882 B/op ±0%   763 allocs/op    6.47s
  [1/4]  bench  MerkleCommit/sha512_256/Item1000/Count1000  490,895 ns/op   1,308,348 B/op   7,099 allocs/op
  [2/4]  bench  MerkleCommit/sha512_256/Item1000/Count1000  485,484 ns/op   1,308,374 B/op   7,100 allocs/op
  [3/4]  bench  MerkleCommit/sha512_256/Item1000/Count1000  485,935 ns/op   1,308,382 B/op   7,100 allocs/op
  [4/4]  bench  MerkleCommit/sha512_256/Item1000/Count1000  485,117 ns/op ±1%   1,308,401 B/op ±0%   7,100 allocs/op ±0%    3.76s
  [1/4]  bench  MerkleCommit/sha512_256/Item1000/Count10000  3,226,662 ns/op   13,000,778 B/op   70,184 allocs/op
  [2/4]  bench  MerkleCommit/sha512_256/Item1000/Count10000  3,167,615 ns/op   13,000,860 B/op   70,185 allocs/op
  [3/4]  bench  MerkleCommit/sha512_256/Item1000/Count10000  3,217,646 ns/op   13,000,923 B/op   70,185 allocs/op
  [4/4]  bench  MerkleCommit/sha512_256/Item1000/Count10000  3,226,275 ns/op ±3%   13,000,954 B/op ±0%   70,185 allocs/op ±0%    4.61s
  [1/4]  bench  MerkleCommit/sha512_256/Item1000/Count100000  26,974,463 ns/op   129,665,665 B/op   700,276 allocs/op
  [2/4]  bench  MerkleCommit/sha512_256/Item1000/Count100000  26,595,164 ns/op   129,665,793 B/op   700,277 allocs/op
  [3/4]  bench  MerkleCommit/sha512_256/Item1000/Count100000  26,686,735 ns/op   129,665,775 B/op   700,276 allocs/op
  [4/4]  bench  MerkleCommit/sha512_256/Item1000/Count100000  26,606,984 ns/op ±1%   129,665,782 B/op ±0%   700,277 allocs/op ±0%    3.68s
  [1/4]  bench  MerkleCommit/sha512_256/Item100000/Count10  323,472 ns/op   1,072,376 B/op   117 allocs/op
  [2/4]  bench  MerkleCommit/sha512_256/Item100000/Count10  320,978 ns/op   1,072,371 B/op   117 allocs/op
  [3/4]  bench  MerkleCommit/sha512_256/Item100000/Count10  321,006 ns/op   1,072,379 B/op   117 allocs/op
  [4/4]  bench  MerkleCommit/sha512_256/Item100000/Count10  322,268 ns/op ±1%   1,072,382 B/op ±0%   117 allocs/op    3.73s
  [1/4]  bench  MerkleCommit/sha512_256/Item100000/Count100  1,902,924 ns/op   10,685,836 B/op   781 allocs/op
  [2/4]  bench  MerkleCommit/sha512_256/Item100000/Count100  1,908,299 ns/op   10,685,827 B/op   781 allocs/op
  [3/4]  bench  MerkleCommit/sha512_256/Item100000/Count100  1,898,686 ns/op   10,685,825 B/op   781 allocs/op
  [4/4]  bench  MerkleCommit/sha512_256/Item100000/Count100  1,903,286 ns/op ±1%   10,685,825 B/op ±0%   781 allocs/op    4.1s
  [1/4]  bench  MerkleCommit/sha512_256/Item100000/Count1000  17,512,127 ns/op   106,782,711 B/op   7,113 allocs/op
  [2/4]  bench  MerkleCommit/sha512_256/Item100000/Count1000  17,747,882 ns/op   106,782,670 B/op   7,113 allocs/op
  [3/4]  bench  MerkleCommit/sha512_256/Item100000/Count1000  17,656,104 ns/op   106,782,749 B/op   7,113 allocs/op
  [4/4]  bench  MerkleCommit/sha512_256/Item100000/Count1000  17,668,910 ns/op ±1%   106,782,689 B/op ±0%   7,113 allocs/op ±0%    3.61s
  [1/4]  bench  MerkleCommit/sha512_256/Item100000/Count10000  162,725,458 ns/op   1,067,733,098 B/op   70,247 allocs/op
  [2/4]  bench  MerkleCommit/sha512_256/Item100000/Count10000  164,094,792 ns/op   1,067,732,233 B/op   70,239 allocs/op
  [3/4]  bench  MerkleCommit/sha512_256/Item100000/Count10000  164,011,091 ns/op   1,067,732,997 B/op   70,246 allocs/op
  [4/4]  bench  MerkleCommit/sha512_256/Item100000/Count10000  164,539,009 ns/op ±1%   1,067,733,033 B/op ±0%   70,246 allocs/op ±0%    3.94s
  [1/4]  bench  MerkleCommit/sha512_256/Item100000/Count100000  1,329,698,417 ns/op   10,676,914,520 B/op   700,395 allocs/op
  [2/4]  bench  MerkleCommit/sha512_256/Item100000/Count100000  1,355,636,188 ns/op   10,676,923,680 B/op   700,482 allocs/op
  [3/4]  bench  MerkleCommit/sha512_256/Item100000/Count100000  1,346,150,639 ns/op   10,676,927,448 B/op   700,525 allocs/op
  [4/4]  bench  MerkleCommit/sha512_256/Item100000/Count100000  1,356,149,615 ns/op ±2%   10,676,931,616 B/op ±0%   700,563 allocs/op ±0%    4.1s
  [1/4]  bench  MerkleCommit/sumhash/Item10/Count10   50,030 ns/op   16,794 B/op   217 allocs/op
  [2/4]  bench  MerkleCommit/sumhash/Item10/Count10   49,516 ns/op   16,804 B/op   217 allocs/op
  [3/4]  bench  MerkleCommit/sumhash/Item10/Count10   49,653 ns/op   16,801 B/op   217 allocs/op
  [4/4]  bench  MerkleCommit/sumhash/Item10/Count10   49,488 ns/op ±1%   16,804 B/op ±0%   217 allocs/op    5.11s
  [1/4]  bench  MerkleCommit/sumhash/Item10/Count100  238,097 ns/op   134,809 B/op   1,722 allocs/op
  [2/4]  bench  MerkleCommit/sumhash/Item10/Count100  236,537 ns/op   134,823 B/op   1,723 allocs/op
  [3/4]  bench  MerkleCommit/sumhash/Item10/Count100  236,924 ns/op   134,813 B/op   1,722 allocs/op
  [4/4]  bench  MerkleCommit/sumhash/Item10/Count100  236,495 ns/op ±1%   134,822 B/op ±0%   1,723 allocs/op ±0%    3.66s
  [1/4]  bench  MerkleCommit/sumhash/Item10/Count1000  1,079,579 ns/op   1,268,701 B/op   16,240 allocs/op
  [2/4]  bench  MerkleCommit/sumhash/Item10/Count1000  1,069,185 ns/op   1,268,791 B/op   16,241 allocs/op
  [3/4]  bench  MerkleCommit/sumhash/Item10/Count1000  1,069,110 ns/op   1,268,766 B/op   16,241 allocs/op
  [4/4]  bench  MerkleCommit/sumhash/Item10/Count1000  1,065,130 ns/op ±1%   1,268,777 B/op ±0%   16,241 allocs/op ±0%    3.93s
  [1/4]  bench  MerkleCommit/sumhash/Item10/Count10000  6,488,865 ns/op   12,537,991 B/op   160,466 allocs/op
  [2/4]  bench  MerkleCommit/sumhash/Item10/Count10000  6,460,039 ns/op   12,538,155 B/op   160,468 allocs/op
  [3/4]  bench  MerkleCommit/sumhash/Item10/Count10000  6,423,474 ns/op   12,538,251 B/op   160,469 allocs/op
  [4/4]  bench  MerkleCommit/sumhash/Item10/Count10000  6,451,283 ns/op ±1%   12,538,174 B/op ±0%   160,468 allocs/op ±0%    5.54s
  [1/4]  bench  MerkleCommit/sumhash/Item10/Count100000  49,985,845 ns/op   124,885,823 B/op   1,600,653 allocs/op
  [2/4]  bench  MerkleCommit/sumhash/Item10/Count100000  50,630,392 ns/op   124,885,597 B/op   1,600,650 allocs/op
  [3/4]  bench  MerkleCommit/sumhash/Item10/Count100000  50,418,316 ns/op   124,885,724 B/op   1,600,651 allocs/op
  [4/4]  bench  MerkleCommit/sumhash/Item10/Count100000  50,513,687 ns/op ±1%   124,885,644 B/op ±0%   1,600,650 allocs/op ±0%    3.71s
  [1/4]  bench  MerkleCommit/sumhash/Item1000/Count10  103,229 ns/op   28,621 B/op   232 allocs/op
  [2/4]  bench  MerkleCommit/sumhash/Item1000/Count10  102,391 ns/op   28,617 B/op   232 allocs/op
  [3/4]  bench  MerkleCommit/sumhash/Item1000/Count10  103,263 ns/op   28,615 B/op   232 allocs/op
  [4/4]  bench  MerkleCommit/sumhash/Item1000/Count10  102,916 ns/op ±2%   28,615 B/op ±0%   232 allocs/op    3.11s
  [1/4]  bench  MerkleCommit/sumhash/Item1000/Count100  459,206 ns/op   250,120 B/op   1,843 allocs/op
  [2/4]  bench  MerkleCommit/sumhash/Item1000/Count100  456,252 ns/op   250,160 B/op   1,844 allocs/op
  [3/4]  bench  MerkleCommit/sumhash/Item1000/Count100  455,473 ns/op   250,175 B/op   1,844 allocs/op
  [4/4]  bench  MerkleCommit/sumhash/Item1000/Count100  456,950 ns/op ±1%   250,164 B/op ±0%   1,844 allocs/op ±0%    3.7s
  [1/4]  bench  MerkleCommit/sumhash/Item1000/Count1000  2,488,976 ns/op   2,406,591 B/op   17,262 allocs/op
  [2/4]  bench  MerkleCommit/sumhash/Item1000/Count1000  2,494,176 ns/op   2,406,539 B/op   17,262 allocs/op
  [3/4]  bench  MerkleCommit/sumhash/Item1000/Count1000  2,491,068 ns/op   2,406,534 B/op   17,262 allocs/op
  [4/4]  bench  MerkleCommit/sumhash/Item1000/Count1000  2,493,448 ns/op ±0%   2,406,511 B/op ±0%   17,262 allocs/op ±0%    4.2s
  [1/4]  bench  MerkleCommit/sumhash/Item1000/Count10000  19,360,837 ns/op   23,898,991 B/op   170,477 allocs/op
  [2/4]  bench  MerkleCommit/sumhash/Item1000/Count10000  19,608,550 ns/op   23,898,751 B/op   170,474 allocs/op
  [3/4]  bench  MerkleCommit/sumhash/Item1000/Count10000  19,561,704 ns/op   23,898,709 B/op   170,473 allocs/op
  [4/4]  bench  MerkleCommit/sumhash/Item1000/Count10000  19,689,639 ns/op ±2%   23,898,605 B/op ±0%   170,472 allocs/op ±0%    3.76s
  [1/4]  bench  MerkleCommit/sumhash/Item1000/Count100000  172,301,403 ns/op   238,486,562 B/op   1,700,656 allocs/op
  [2/4]  bench  MerkleCommit/sumhash/Item1000/Count100000  174,978,212 ns/op   238,486,360 B/op   1,700,654 allocs/op
  [3/4]  bench  MerkleCommit/sumhash/Item1000/Count100000  173,865,813 ns/op   238,486,840 B/op   1,700,659 allocs/op
  [4/4]  bench  MerkleCommit/sumhash/Item1000/Count100000  174,623,891 ns/op ±2%   238,486,634 B/op ±0%   1,700,657 allocs/op ±0%    3.68s
  [1/4]  bench  MerkleCommit/sumhash/Item100000/Count10  2,042,736 ns/op   1,085,598 B/op   259 allocs/op
  [2/4]  bench  MerkleCommit/sumhash/Item100000/Count10  2,058,834 ns/op   1,085,603 B/op   259 allocs/op
  [3/4]  bench  MerkleCommit/sumhash/Item100000/Count10  2,051,152 ns/op   1,085,599 B/op   259 allocs/op
  [4/4]  bench  MerkleCommit/sumhash/Item100000/Count10  2,061,406 ns/op ±1%   1,085,597 B/op ±0%   259 allocs/op    4.26s
  [1/4]  bench  MerkleCommit/sumhash/Item100000/Count100  14,837,651 ns/op   10,798,579 B/op   1,857 allocs/op
  [2/4]  bench  MerkleCommit/sumhash/Item100000/Count100  14,893,608 ns/op   10,798,582 B/op   1,857 allocs/op
  [3/4]  bench  MerkleCommit/sumhash/Item100000/Count100  14,875,397 ns/op   10,798,581 B/op   1,857 allocs/op
  [4/4]  bench  MerkleCommit/sumhash/Item100000/Count100  14,835,430 ns/op ±1%   10,798,600 B/op ±0%   1,857 allocs/op ±0%    3.6s
  [1/4]  bench  MerkleCommit/sumhash/Item100000/Count1000  134,558,182 ns/op   107,878,618 B/op   17,256 allocs/op
  [2/4]  bench  MerkleCommit/sumhash/Item100000/Count1000  133,147,094 ns/op   107,878,775 B/op   17,257 allocs/op
  [3/4]  bench  MerkleCommit/sumhash/Item100000/Count1000  133,705,559 ns/op   107,878,741 B/op   17,256 allocs/op
  [4/4]  bench  MerkleCommit/sumhash/Item100000/Count1000  133,578,546 ns/op ±1%   107,878,732 B/op ±0%   17,256 allocs/op ±0%    3.59s
  [1/4]  bench  MerkleCommit/sumhash/Item100000/Count10000  1,277,907,708 ns/op   1,078,624,904 B/op   170,496 allocs/op
  [2/4]  bench  MerkleCommit/sumhash/Item100000/Count10000  1,274,802,063 ns/op   1,078,625,056 B/op   170,489 allocs/op
  [3/4]  bench  MerkleCommit/sumhash/Item100000/Count10000  1,272,501,639 ns/op   1,078,622,904 B/op   170,464 allocs/op
  [4/4]  bench  MerkleCommit/sumhash/Item100000/Count10000  1,272,166,802 ns/op ±0%   1,078,624,000 B/op ±0%   170,476 allocs/op ±0%    3.81s
  [1/4]  bench  MerkleCommit/sumhash/Item100000/Count100000  12,490,822,750 ns/op   10,785,725,816 B/op   1,700,745 allocs/op
  [2/4]  bench  MerkleCommit/sumhash/Item100000/Count100000  12,469,532,959 ns/op   10,785,727,872 B/op   1,700,762 allocs/op
  [3/4]  bench  MerkleCommit/sumhash/Item100000/Count100000  12,432,886,736 ns/op   10,785,729,341 B/op   1,700,778 allocs/op
  [4/4]  bench  MerkleCommit/sumhash/Item100000/Count100000  12,380,640,250 ns/op ±1%   10,785,728,820 B/op ±0%   1,700,771 allocs/op ±0%    37.03s
  [1/4]  bench  MerkleCommit/sha256/Item10/Count10    7,485 ns/op   5,511 B/op   107 allocs/op
  [2/4]  bench  MerkleCommit/sha256/Item10/Count10    7,628 ns/op   5,511 B/op   107 allocs/op
  [3/4]  bench  MerkleCommit/sha256/Item10/Count10    7,601 ns/op   5,511 B/op   107 allocs/op
  [4/4]  bench  MerkleCommit/sha256/Item10/Count10    7,647 ns/op ±2%   5,511 B/op   107 allocs/op    3.92s
  [1/4]  bench  MerkleCommit/sha256/Item10/Count100   37,188 ns/op   33,502 B/op   759 allocs/op
  [2/4]  bench  MerkleCommit/sha256/Item10/Count100   37,989 ns/op   33,496 B/op   759 allocs/op
  [3/4]  bench  MerkleCommit/sha256/Item10/Count100   37,766 ns/op   33,498 B/op   759 allocs/op
  [4/4]  bench  MerkleCommit/sha256/Item10/Count100   37,951 ns/op ±2%   33,499 B/op ±0%   759 allocs/op    4.75s
  [1/4]  bench  MerkleCommit/sha256/Item10/Count1000  196,182 ns/op   296,330 B/op   7,086 allocs/op
  [2/4]  bench  MerkleCommit/sha256/Item10/Count1000  199,202 ns/op   296,331 B/op   7,086 allocs/op
  [3/4]  bench  MerkleCommit/sha256/Item10/Count1000  198,848 ns/op   296,332 B/op   7,086 allocs/op
  [4/4]  bench  MerkleCommit/sha256/Item10/Count1000  199,425 ns/op ±2%   296,328 B/op ±0%   7,086 allocs/op    3.68s
  [1/4]  bench  MerkleCommit/sha256/Item10/Count10000  1,037,881 ns/op   2,914,320 B/op   70,173 allocs/op
  [2/4]  bench  MerkleCommit/sha256/Item10/Count10000  1,049,767 ns/op   2,914,299 B/op   70,173 allocs/op
  [3/4]  bench  MerkleCommit/sha256/Item10/Count10000  1,048,461 ns/op   2,914,330 B/op   70,173 allocs/op
  [4/4]  bench  MerkleCommit/sha256/Item10/Count10000  1,050,858 ns/op ±1%   2,914,313 B/op ±0%   70,173 allocs/op ±0%    3.95s
  [1/4]  bench  MerkleCommit/sha256/Item10/Count100000  6,648,069 ns/op   28,855,861 B/op   700,270 allocs/op
  [2/4]  bench  MerkleCommit/sha256/Item10/Count100000  6,649,432 ns/op   28,855,894 B/op   700,270 allocs/op
  [3/4]  bench  MerkleCommit/sha256/Item10/Count100000  6,672,924 ns/op   28,855,837 B/op   700,269 allocs/op
  [4/4]  bench  MerkleCommit/sha256/Item10/Count100000  6,670,780 ns/op ±1%   28,855,818 B/op ±0%   700,269 allocs/op ±0%    5.61s
  [1/4]  bench  MerkleCommit/sha256/Item1000/Count10  14,538 ns/op   15,648 B/op   107 allocs/op
  [2/4]  bench  MerkleCommit/sha256/Item1000/Count10  14,417 ns/op   15,649 B/op   107 allocs/op
  [3/4]  bench  MerkleCommit/sha256/Item1000/Count10  14,478 ns/op   15,648 B/op   107 allocs/op
  [4/4]  bench  MerkleCommit/sha256/Item1000/Count10  14,502 ns/op ±1%   15,648 B/op ±0%   107 allocs/op    4.09s
  [1/4]  bench  MerkleCommit/sha256/Item1000/Count100  70,644 ns/op   134,524 B/op   761 allocs/op
  [2/4]  bench  MerkleCommit/sha256/Item1000/Count100  71,096 ns/op   134,522 B/op   761 allocs/op
  [3/4]  bench  MerkleCommit/sha256/Item1000/Count100  70,962 ns/op   134,519 B/op   761 allocs/op
  [4/4]  bench  MerkleCommit/sha256/Item1000/Count100  70,853 ns/op ±1%   134,521 B/op ±0%   761 allocs/op    5.76s
  [1/4]  bench  MerkleCommit/sha256/Item1000/Count1000  409,621 ns/op   1,305,312 B/op   7,095 allocs/op
  [2/4]  bench  MerkleCommit/sha256/Item1000/Count1000  406,482 ns/op   1,305,333 B/op   7,095 allocs/op
  [3/4]  bench  MerkleCommit/sha256/Item1000/Count1000  407,771 ns/op   1,305,322 B/op   7,095 allocs/op
  [4/4]  bench  MerkleCommit/sha256/Item1000/Count1000  406,500 ns/op ±1%   1,305,328 B/op ±0%   7,095 allocs/op    3.77s
  [1/4]  bench  MerkleCommit/sha256/Item1000/Count10000  2,639,025 ns/op   12,994,833 B/op   70,177 allocs/op
  [2/4]  bench  MerkleCommit/sha256/Item1000/Count10000  2,575,192 ns/op   12,994,855 B/op   70,178 allocs/op
  [3/4]  bench  MerkleCommit/sha256/Item1000/Count10000  2,637,053 ns/op   12,994,872 B/op   70,178 allocs/op
  [4/4]  bench  MerkleCommit/sha256/Item1000/Count10000  2,615,393 ns/op ±5%   12,994,878 B/op ±0%   70,178 allocs/op ±0%    4.31s
  [1/4]  bench  MerkleCommit/sha256/Item1000/Count100000  23,904,968 ns/op   129,655,791 B/op   700,267 allocs/op
  [2/4]  bench  MerkleCommit/sha256/Item1000/Count100000  23,738,484 ns/op   129,655,919 B/op   700,268 allocs/op
  [3/4]  bench  MerkleCommit/sha256/Item1000/Count100000  23,614,527 ns/op   129,655,894 B/op   700,268 allocs/op
  [4/4]  bench  MerkleCommit/sha256/Item1000/Count100000  23,733,797 ns/op ±2%   129,655,886 B/op ±0%   700,268 allocs/op ±0%    3.56s
  [1/4]  bench  MerkleCommit/sha256/Item100000/Count10  230,079 ns/op   1,071,221 B/op   115 allocs/op
  [2/4]  bench  MerkleCommit/sha256/Item100000/Count10  231,831 ns/op   1,071,223 B/op   115 allocs/op
  [3/4]  bench  MerkleCommit/sha256/Item100000/Count10  231,521 ns/op   1,071,226 B/op   115 allocs/op
  [4/4]  bench  MerkleCommit/sha256/Item100000/Count10  232,569 ns/op ±1%   1,071,226 B/op ±0%   115 allocs/op    3.68s
  [1/4]  bench  MerkleCommit/sha256/Item100000/Count100  1,474,248 ns/op   10,683,667 B/op   779 allocs/op
  [2/4]  bench  MerkleCommit/sha256/Item100000/Count100  1,479,132 ns/op   10,683,653 B/op   779 allocs/op
  [3/4]  bench  MerkleCommit/sha256/Item100000/Count100  1,470,651 ns/op   10,683,655 B/op   779 allocs/op
  [4/4]  bench  MerkleCommit/sha256/Item100000/Count100  1,479,338 ns/op ±2%   10,683,655 B/op ±0%   779 allocs/op    4.07s
  [1/4]  bench  MerkleCommit/sha256/Item100000/Count1000  14,016,790 ns/op   106,779,257 B/op   7,107 allocs/op
  [2/4]  bench  MerkleCommit/sha256/Item100000/Count1000  14,070,100 ns/op   106,779,234 B/op   7,107 allocs/op
  [3/4]  bench  MerkleCommit/sha256/Item100000/Count1000  14,087,107 ns/op   106,779,237 B/op   7,107 allocs/op
  [4/4]  bench  MerkleCommit/sha256/Item100000/Count1000  14,131,611 ns/op ±1%   106,779,186 B/op ±0%   7,107 allocs/op ±0%    4.5s
  [1/4]  bench  MerkleCommit/sha256/Item100000/Count10000  129,224,833 ns/op   1,067,725,248 B/op   70,221 allocs/op
  [2/4]  bench  MerkleCommit/sha256/Item100000/Count10000  131,309,917 ns/op   1,067,725,876 B/op   70,227 allocs/op
  [3/4]  bench  MerkleCommit/sha256/Item100000/Count10000  131,571,076 ns/op   1,067,725,775 B/op   70,225 allocs/op
  [4/4]  bench  MerkleCommit/sha256/Item100000/Count10000  131,253,898 ns/op ±2%   1,067,725,386 B/op ±0%   70,221 allocs/op ±0%    3.56s
  [1/4]  bench  MerkleCommit/sha256/Item100000/Count100000  1,157,114,667 ns/op   10,676,910,504 B/op   700,398 allocs/op
  [2/4]  bench  MerkleCommit/sha256/Item100000/Count100000  1,141,825,855 ns/op   10,676,913,248 B/op   700,433 allocs/op
  [3/4]  bench  MerkleCommit/sha256/Item100000/Count100000  1,144,066,945 ns/op   10,676,916,296 B/op   700,462 allocs/op
  [4/4]  bench  MerkleCommit/sha256/Item100000/Count100000  1,140,417,792 ns/op ±1%   10,676,920,880 B/op ±0%   700,510 allocs/op ±0%    3.4s
  [1/4]  bench  AppendMsgBlockHeader                  35.6 ns/op   28.1 MB/s   0.000 B/op   0.000 allocs/op
  [2/4]  bench  AppendMsgBlockHeader                  35.7 ns/op   28.0 MB/s   0.000 B/op   0.000 allocs/op
  [3/4]  bench  AppendMsgBlockHeader                  35.7 ns/op   28.0 MB/s   0.000 B/op   0.000 allocs/op
  [4/4]  bench  AppendMsgBlockHeader                  35.7 ns/op ±0%   28.0 MB/s ±0%   0.000 B/op   0.000 allocs/op    3.74s
  [1/4]  bench  AppendMsgSignedTxn                    75.7 ns/op   13.2 MB/s   0.000 B/op   0.000 allocs/op
  [2/4]  bench  AppendMsgSignedTxn                    75.3 ns/op   13.3 MB/s   0.000 B/op   0.000 allocs/op
  [3/4]  bench  AppendMsgSignedTxn                    75.3 ns/op   13.3 MB/s   0.000 B/op   0.000 allocs/op
  [4/4]  bench  AppendMsgSignedTxn                    75.2 ns/op ±1%   13.3 MB/s ±0%   0.000 B/op   0.000 allocs/op    3.81s
  [1/4]  bench  PaysetGroups                          5,732 ns/op   128,213 B/op   8.00 allocs/op
  [2/4]  bench  PaysetGroups                          5,738 ns/op   130,674 B/op   8.00 allocs/op
  [3/4]  bench  PaysetGroups                          5,740 ns/op   131,301 B/op   8.00 allocs/op
  [4/4]  bench  PaysetGroups                          5,718 ns/op ±1%   131,844 B/op ±2%   8.00 allocs/op    26.41s
  [1/4]  bench  Txn                                   41,174 ns/op   9,502 B/op   12.0 allocs/op
  [2/4]  bench  Txn                                   41,286 ns/op   9,505 B/op   12.0 allocs/op
  [3/4]  bench  Txn                                   41,140 ns/op   9,504 B/op   12.0 allocs/op
  [4/4]  bench  Txn                                   41,065 ns/op ±1%   9,505 B/op ±0%   12.0 allocs/op    9.05s
  [1/4]  bench  TxHandlerProcessing/processDecoded    10,138 ns/op   3,896 B/op   44.0 allocs/op
  [2/4]  bench  TxHandlerProcessing/processDecoded    10,105 ns/op   3,896 B/op   44.0 allocs/op
  [3/4]  bench  TxHandlerProcessing/processDecoded    10,103 ns/op   3,896 B/op   44.0 allocs/op
  [4/4]  bench  TxHandlerProcessing/processDecoded    10,092 ns/op ±0%   3,896 B/op   44.0 allocs/op    9.23s
  [1/4]  bench  TxHandlerProcessing/verify.TxnGroup   41,432 ns/op   11,712 B/op   16.0 allocs/op
  [2/4]  bench  TxHandlerProcessing/verify.TxnGroup   41,542 ns/op   11,712 B/op   16.0 allocs/op
  [3/4]  bench  TxHandlerProcessing/verify.TxnGroup   41,447 ns/op   11,712 B/op   16.0 allocs/op
  [4/4]  bench  TxHandlerProcessing/verify.TxnGroup   41,399 ns/op ±0%   11,712 B/op   16.0 allocs/op    6.5s
  [1/4]  bench  CompactDeltas/account-deltas          1,573,739 ns/op   4,161,392 B/op   17.0 allocs/op
  [2/4]  bench  CompactDeltas/account-deltas          1,487,498 ns/op   4,170,713 B/op   17.5 allocs/op
  [3/4]  bench  CompactDeltas/account-deltas          1,458,250 ns/op   4,171,236 B/op   17.7 allocs/op
  [4/4]  bench  CompactDeltas/account-deltas          1,441,821 ns/op ±6%   4,172,525 B/op ±0%   17.8 allocs/op ±3%    16.95s
