  [1/4]  bench  MerkleCommit/sha512_256/Item10/Count10  13,604 ns/op   6,090 B/op   107 allocs/op
  [2/4]  bench  MerkleCommit/sha512_256/Item10/Count10  13,640 ns/op   6,090 B/op   107 allocs/op
  [3/4]  bench  MerkleCommit/sha512_256/Item10/Count10  13,662 ns/op   6,089 B/op   107 allocs/op
  [4/4]  bench  MerkleCommit/sha512_256/Item10/Count10  13,649 ns/op ±0%   6,089 B/op ±0%   107 allocs/op    3.98s
  [1/4]  bench  MerkleCommit/sha512_256/Item10/Count100  52,954 ns/op   34,683 B/op   761 allocs/op
  [2/4]  bench  MerkleCommit/sha512_256/Item10/Count100  53,098 ns/op   34,668 B/op   761 allocs/op
  [3/4]  bench  MerkleCommit/sha512_256/Item10/Count100  53,011 ns/op   34,675 B/op   761 allocs/op
  [4/4]  bench  MerkleCommit/sha512_256/Item10/Count100  53,107 ns/op ±1%   34,676 B/op ±0%   761 allocs/op ±0%    5.21s
  [1/4]  bench  MerkleCommit/sha512_256/Item10/Count1000  247,173 ns/op   299,034 B/op   7,091 allocs/op
  [2/4]  bench  MerkleCommit/sha512_256/Item10/Count1000  249,203 ns/op   298,999 B/op   7,091 allocs/op
  [3/4]  bench  MerkleCommit/sha512_256/Item10/Count1000  248,449 ns/op   299,010 B/op   7,091 allocs/op
  [4/4]  bench  MerkleCommit/sha512_256/Item10/Count1000  249,099 ns/op ±1%   299,003 B/op ±0%   7,091 allocs/op ±0%    3.72s
  [1/4]  bench  MerkleCommit/sha512_256/Item10/Count10000  1,251,976 ns/op   2,920,476 B/op   70,182 allocs/op
  [2/4]  bench  MerkleCommit/sha512_256/Item10/Count10000  1,260,906 ns/op   2,920,402 B/op   70,182 allocs/op
  [3/4]  bench  MerkleCommit/sha512_256/Item10/Count10000  1,260,773 ns/op   2,920,441 B/op   70,182 allocs/op
  [4/4]  bench  MerkleCommit/sha512_256/Item10/Count10000  1,263,319 ns/op ±1%   2,920,417 B/op ±0%   70,182 allocs/op ±0%    4.02s
  [1/4]  bench  MerkleCommit/sha512_256/Item10/Count100000  7,753,117 ns/op   28,866,225 B/op   700,280 allocs/op
  [2/4]  bench  MerkleCommit/sha512_256/Item10/Count100000  7,736,754 ns/op   28,866,309 B/op   700,281 allocs/op
  [3/4]  bench  MerkleCommit/sha512_256/Item10/Count100000  7,793,160 ns/op   28,866,244 B/op   700,281 allocs/op
  [4/4]  bench  MerkleCommit/sha512_256/Item10/Count100000  7,830,416 ns/op ±1%   28,866,165 B/op ±0%   700,280 allocs/op ±0%    5.97s
  [1/4]  bench  MerkleCommit/sha512_256/Item1000/Count10  22,493 ns/op   16,259 B/op   108 allocs/op
  [2/4]  bench  MerkleCommit/sha512_256/Item1000/Count10  22,388 ns/op   16,257 B/op   108 allocs/op
  [3/4]  bench  MerkleCommit/sha512_256/Item1000/Count10  22,340 ns/op   16,257 B/op   108 allocs/op
  [4/4]  bench  MerkleCommit/sha512_256/Item1000/Count10  22,363 ns/op ±1%   16,257 B/op ±0%   108 allocs/op    4.33s
  [1/4]  bench  MerkleCommit/sha512_256/Item1000/Count100  95,694 ns/op   135,896 B/op   763 allocs/op
  [2/4]  bench  MerkleCommit/sha512_256/Item1000/Count100  94,601 ns/op   135,910 B/op   763 allocs/op
  [3/4]  bench  MerkleCommit/sha512_256/Item1000/Count100  94,473 ns/op   135,917 B/op   763 allocs/op
  [4/4]  bench  MerkleCommit/sha512_256/Item1000/Count100  94,598 ns/op ±1%   135,915 B/op ±0%   763 allocs/op ±0%    6.46s
  [1/4]  bench  MerkleCommit/sha512_256/Item1000/Count1000  482,225 ns/op   1,308,434 B/op   7,100 allocs/op
  [2/4]  bench  MerkleCommit/sha512_256/Item1000/Count1000  485,085 ns/op   1,308,408 B/op   7,100 allocs/op
  [3/4]  bench  MerkleCommit/sha512_256/Item1000/Count1000  484,304 ns/op   1,308,420 B/op   7,100 allocs/op
  [4/4]  bench  MerkleCommit/sha512_256/Item1000/Count1000  485,968 ns/op ±1%   1,308,411 B/op ±0%   7,100 allocs/op    3.79s
  [1/4]  bench  MerkleCommit/sha512_256/Item1000/Count10000  3,254,368 ns/op   13,001,021 B/op   70,185 allocs/op
  [2/4]  bench  MerkleCommit/sha512_256/Item1000/Count10000  3,205,578 ns/op   13,000,925 B/op   70,185 allocs/op
  [3/4]  bench  MerkleCommit/sha512_256/Item1000/Count10000  3,236,833 ns/op   13,001,006 B/op   70,185 allocs/op
  [4/4]  bench  MerkleCommit/sha512_256/Item1000/Count10000  3,239,339 ns/op ±2%   13,001,011 B/op ±0%   70,185 allocs/op ±0%    4.56s
  [1/4]  bench  MerkleCommit/sha512_256/Item1000/Count100000  26,348,146 ns/op   129,665,893 B/op   700,277 allocs/op
  [2/4]  bench  MerkleCommit/sha512_256/Item1000/Count100000  26,731,976 ns/op   129,665,671 B/op   700,276 allocs/op
  [3/4]  bench  MerkleCommit/sha512_256/Item1000/Count100000  26,639,160 ns/op   129,665,671 B/op   700,276 allocs/op
  [4/4]  bench  MerkleCommit/sha512_256/Item1000/Count100000  26,701,114 ns/op ±1%   129,665,659 B/op ±0%   700,276 allocs/op ±0%    3.67s
  [1/4]  bench  MerkleCommit/sha512_256/Item100000/Count10  319,901 ns/op   1,072,389 B/op   117 allocs/op
  [2/4]  bench  MerkleCommit/sha512_256/Item100000/Count10  321,778 ns/op   1,072,394 B/op   117 allocs/op
  [3/4]  bench  MerkleCommit/sha512_256/Item100000/Count10  321,809 ns/op   1,072,394 B/op   117 allocs/op
  [4/4]  bench  MerkleCommit/sha512_256/Item100000/Count10  323,234 ns/op ±1%   1,072,394 B/op ±0%   117 allocs/op    3.68s
  [1/4]  bench  MerkleCommit/sha512_256/Item100000/Count100  1,873,164 ns/op   10,685,808 B/op   781 allocs/op
  [2/4]  bench  MerkleCommit/sha512_256/Item100000/Count100  1,897,322 ns/op   10,685,810 B/op   781 allocs/op
  [3/4]  bench  MerkleCommit/sha512_256/Item100000/Count100  1,901,899 ns/op   10,685,812 B/op   781 allocs/op
  [4/4]  bench  MerkleCommit/sha512_256/Item100000/Count100  1,912,927 ns/op ±2%   10,685,814 B/op ±0%   781 allocs/op    4.22s
  [1/4]  bench  MerkleCommit/sha512_256/Item100000/Count1000  17,657,102 ns/op   106,782,540 B/op   7,111 allocs/op
  [2/4]  bench  MerkleCommit/sha512_256/Item100000/Count1000  17,570,666 ns/op   106,782,628 B/op   7,112 allocs/op
  [3/4]  bench  MerkleCommit/sha512_256/Item100000/Count1000  17,632,016 ns/op   106,782,584 B/op   7,112 allocs/op
  [4/4]  bench  MerkleCommit/sha512_256/Item100000/Count1000  17,605,600 ns/op ±1%   106,782,625 B/op ±0%   7,112 allocs/op ±0%    3.6s
  [1/4]  bench  MerkleCommit/sha512_256/Item100000/Count10000  166,245,310 ns/op   1,067,732,104 B/op   70,234 allocs/op
  [2/4]  bench  MerkleCommit/sha512_256/Item100000/Count10000  164,939,188 ns/op   1,067,733,033 B/op   70,244 allocs/op
  [3/4]  bench  MerkleCommit/sha512_256/Item100000/Count10000  165,554,758 ns/op   1,067,732,709 B/op   70,241 allocs/op
  [4/4]  bench  MerkleCommit/sha512_256/Item100000/Count10000  165,226,880 ns/op ±1%   1,067,733,250 B/op ±0%   70,247 allocs/op ±0%    3.94s
  [1/4]  bench  MerkleCommit/sha512_256/Item100000/Count100000  1,399,537,500 ns/op   10,676,937,816 B/op   700,587 allocs/op
  [2/4]  bench  MerkleCommit/sha512_256/Item100000/Count100000  1,391,015,604 ns/op   10,676,935,728 B/op   700,567 allocs/op
  [3/4]  bench  MerkleCommit/sha512_256/Item100000/Count100000  1,392,122,055 ns/op   10,676,935,597 B/op   700,570 allocs/op
  [4/4]  bench  MerkleCommit/sha512_256/Item100000/Count100000  1,387,282,635 ns/op ±1%   10,676,939,284 B/op ±0%   700,609 allocs/op ±0%    4.15s
  [1/4]  bench  MerkleCommit/sumhash/Item10/Count10   49,707 ns/op   16,803 B/op   217 allocs/op
  [2/4]  bench  MerkleCommit/sumhash/Item10/Count10   50,043 ns/op   16,797 B/op   217 allocs/op
  [3/4]  bench  MerkleCommit/sumhash/Item10/Count10   50,267 ns/op   16,794 B/op   217 allocs/op
  [4/4]  bench  MerkleCommit/sumhash/Item10/Count10   49,906 ns/op ±2%   16,797 B/op ±0%   217 allocs/op    5.13s
  [1/4]  bench  MerkleCommit/sumhash/Item10/Count100  236,769 ns/op   134,810 B/op   1,722 allocs/op
  [2/4]  bench  MerkleCommit/sumhash/Item10/Count100  236,447 ns/op   134,821 B/op   1,722 allocs/op
  [3/4]  bench  MerkleCommit/sumhash/Item10/Count100  236,404 ns/op   134,823 B/op   1,722 allocs/op
  [4/4]  bench  MerkleCommit/sumhash/Item10/Count100  236,176 ns/op ±0%   134,820 B/op ±0%   1,722 allocs/op    3.48s
  [1/4]  bench  MerkleCommit/sumhash/Item10/Count1000  1,058,711 ns/op   1,268,867 B/op   16,242 allocs/op
  [2/4]  bench  MerkleCommit/sumhash/Item10/Count1000  1,061,281 ns/op   1,268,782 B/op   16,241 allocs/op
  [3/4]  bench  MerkleCommit/sumhash/Item10/Count1000  1,059,837 ns/op   1,268,797 B/op   16,241 allocs/op
  [4/4]  bench  MerkleCommit/sumhash/Item10/Count1000  1,062,718 ns/op ±1%   1,268,757 B/op ±0%   16,241 allocs/op ±0%    3.93s
  [1/4]  bench  MerkleCommit/sumhash/Item10/Count10000  6,338,769 ns/op   12,538,431 B/op   160,471 allocs/op
  [2/4]  bench  MerkleCommit/sumhash/Item10/Count10000  6,334,971 ns/op   12,538,535 B/op   160,473 allocs/op
  [3/4]  bench  MerkleCommit/sumhash/Item10/Count10000  6,380,453 ns/op   12,538,338 B/op   160,470 allocs/op
  [4/4]  bench  MerkleCommit/sumhash/Item10/Count10000  6,365,509 ns/op ±1%   12,538,356 B/op ±0%   160,470 allocs/op ±0%    5.51s
  [1/4]  bench  MerkleCommit/sumhash/Item10/Count100000  50,956,817 ns/op   124,886,170 B/op   1,600,657 allocs/op
  [2/4]  bench  MerkleCommit/sumhash/Item10/Count100000  50,422,211 ns/op   124,885,911 B/op   1,600,654 allocs/op
  [3/4]  bench  MerkleCommit/sumhash/Item10/Count100000  50,639,135 ns/op   124,885,791 B/op   1,600,652 allocs/op
  [4/4]  bench  MerkleCommit/sumhash/Item10/Count100000  50,522,078 ns/op ±1%   124,885,847 B/op ±0%   1,600,653 allocs/op ±0%    3.68s
  [1/4]  bench  MerkleCommit/sumhash/Item1000/Count10  105,562 ns/op   28,626 B/op   232 allocs/op
  [2/4]  bench  MerkleCommit/sumhash/Item1000/Count10  103,998 ns/op   28,623 B/op   232 allocs/op
  [3/4]  bench  MerkleCommit/sumhash/Item1000/Count10  103,831 ns/op   28,626 B/op   232 allocs/op
  [4/4]  bench  MerkleCommit/sumhash/Item1000/Count10  104,114 ns/op ±2%   28,625 B/op ±0%   232 allocs/op    3.14s
  [1/4]  bench  MerkleCommit/sumhash/Item1000/Count100  450,723 ns/op   250,215 B/op   1,844 allocs/op
  [2/4]  bench  MerkleCommit/sumhash/Item1000/Count100  454,933 ns/op   250,162 B/op   1,843 allocs/op
  [3/4]  bench  MerkleCommit/sumhash/Item1000/Count100  453,933 ns/op   250,167 B/op   1,843 allocs/op
  [4/4]  bench  MerkleCommit/sumhash/Item1000/Count100  454,999 ns/op ±1%   250,152 B/op ±0%   1,843 allocs/op ±0%    3.77s
  [1/4]  bench  MerkleCommit/sumhash/Item1000/Count1000  2,496,260 ns/op   2,406,535 B/op   17,262 allocs/op
  [2/4]  bench  MerkleCommit/sumhash/Item1000/Count1000  2,518,855 ns/op   2,406,353 B/op   17,260 allocs/op
  [3/4]  bench  MerkleCommit/sumhash/Item1000/Count1000  2,505,834 ns/op   2,406,422 B/op   17,260 allocs/op
  [4/4]  bench  MerkleCommit/sumhash/Item1000/Count1000  2,517,182 ns/op ±1%   2,406,360 B/op ±0%   17,260 allocs/op ±0%    4.4s
  [1/4]  bench  MerkleCommit/sumhash/Item1000/Count10000  19,265,935 ns/op   23,898,802 B/op   170,475 allocs/op
  [2/4]  bench  MerkleCommit/sumhash/Item1000/Count10000  19,581,812 ns/op   23,898,548 B/op   170,472 allocs/op
  [3/4]  bench  MerkleCommit/sumhash/Item1000/Count10000  19,534,083 ns/op   23,898,619 B/op   170,472 allocs/op
  [4/4]  bench  MerkleCommit/sumhash/Item1000/Count10000  19,623,079 ns/op ±2%   23,898,606 B/op ±0%   170,472 allocs/op ±0%    3.63s
  [1/4]  bench  MerkleCommit/sumhash/Item1000/Count100000  172,543,333 ns/op   238,487,416 B/op   1,700,665 allocs/op
  [2/4]  bench  MerkleCommit/sumhash/Item1000/Count100000  172,059,920 ns/op   238,487,111 B/op   1,700,662 allocs/op
  [3/4]  bench  MerkleCommit/sumhash/Item1000/Count100000  173,636,030 ns/op   238,486,789 B/op   1,700,658 allocs/op
  [4/4]  bench  MerkleCommit/sumhash/Item1000/Count100000  173,244,641 ns/op ±2%   238,487,089 B/op ±0%   1,700,662 allocs/op ±0%    3.65s
  [1/4]  bench  MerkleCommit/sumhash/Item100000/Count10  2,081,989 ns/op   1,085,577 B/op   259 allocs/op
  [2/4]  bench  MerkleCommit/sumhash/Item100000/Count10  2,055,658 ns/op   1,085,594 B/op   259 allocs/op
  [3/4]  bench  MerkleCommit/sumhash/Item100000/Count10  2,062,347 ns/op   1,085,593 B/op   259 allocs/op
  [4/4]  bench  MerkleCommit/sumhash/Item100000/Count10  2,051,515 ns/op ±2%   1,085,599 B/op ±0%   259 allocs/op    4.22s
  [1/4]  bench  MerkleCommit/sumhash/Item100000/Count100  15,239,741 ns/op   10,798,580 B/op   1,857 allocs/op
  [2/4]  bench  MerkleCommit/sumhash/Item100000/Count100  14,982,094 ns/op   10,798,643 B/op   1,858 allocs/op
  [3/4]  bench  MerkleCommit/sumhash/Item100000/Count100  15,021,314 ns/op   10,798,593 B/op   1,857 allocs/op
  [4/4]  bench  MerkleCommit/sumhash/Item100000/Count100  14,978,228 ns/op ±2%   10,798,611 B/op ±0%   1,857 allocs/op ±0%    3.72s
  [1/4]  bench  MerkleCommit/sumhash/Item100000/Count1000  134,569,672 ns/op   107,879,242 B/op   17,260 allocs/op
  [2/4]  bench  MerkleCommit/sumhash/Item100000/Count1000  132,775,032 ns/op   107,879,452 B/op   17,261 allocs/op
  [3/4]  bench  MerkleCommit/sumhash/Item100000/Count1000  133,046,077 ns/op   107,879,185 B/op   17,258 allocs/op
  [4/4]  bench  MerkleCommit/sumhash/Item100000/Count1000  132,612,731 ns/op ±1%   107,879,223 B/op ±0%   17,259 allocs/op ±0%    4.49s
  [1/4]  bench  MerkleCommit/sumhash/Item100000/Count10000  1,285,494,417 ns/op   1,078,624,520 B/op   170,484 allocs/op
  [2/4]  bench  MerkleCommit/sumhash/Item100000/Count10000  1,271,475,667 ns/op   1,078,626,000 B/op   170,495 allocs/op
  [3/4]  bench  MerkleCommit/sumhash/Item100000/Count10000  1,273,968,195 ns/op   1,078,626,573 B/op   170,503 allocs/op
  [4/4]  bench  MerkleCommit/sumhash/Item100000/Count10000  1,271,168,271 ns/op ±1%   1,078,625,844 B/op ±0%   170,494 allocs/op ±0%    3.8s
  [1/4]  bench  MerkleCommit/sumhash/Item100000/Count100000  12,441,921,584 ns/op   10,785,731,064 B/op   1,700,771 allocs/op
  [2/4]  bench  MerkleCommit/sumhash/Item100000/Count100000  12,421,958,355 ns/op   10,785,729,048 B/op   1,700,763 allocs/op
  [3/4]  bench  MerkleCommit/sumhash/Item100000/Count100000  12,385,493,458 ns/op   10,785,729,320 B/op   1,700,770 allocs/op
  [4/4]  bench  MerkleCommit/sumhash/Item100000/Count100000  12,334,330,427 ns/op ±1%   10,785,728,600 B/op ±0%   1,700,767 allocs/op ±0%    36.9s
  [1/4]  bench  MerkleCommit/sha256/Item10/Count10    8,099 ns/op   5,512 B/op   107 allocs/op
  [2/4]  bench  MerkleCommit/sha256/Item10/Count10    8,002 ns/op   5,512 B/op   107 allocs/op
  [3/4]  bench  MerkleCommit/sha256/Item10/Count10    7,949 ns/op   5,511 B/op   107 allocs/op
  [4/4]  bench  MerkleCommit/sha256/Item10/Count10    7,834 ns/op ±4%   5,511 B/op ±0%   107 allocs/op    3.79s
  [1/4]  bench  MerkleCommit/sha256/Item10/Count100   39,504 ns/op   33,487 B/op   759 allocs/op
  [2/4]  bench  MerkleCommit/sha256/Item10/Count100   38,643 ns/op   33,494 B/op   759 allocs/op
  [3/4]  bench  MerkleCommit/sha256/Item10/Count100   38,619 ns/op   33,496 B/op   759 allocs/op
  [4/4]  bench  MerkleCommit/sha256/Item10/Count100   38,758 ns/op ±2%   33,494 B/op ±0%   759 allocs/op    4.77s
  [1/4]  bench  MerkleCommit/sha256/Item10/Count1000  198,686 ns/op   296,349 B/op   7,086 allocs/op
  [2/4]  bench  MerkleCommit/sha256/Item10/Count1000  199,903 ns/op   296,332 B/op   7,086 allocs/op
  [3/4]  bench  MerkleCommit/sha256/Item10/Count1000  200,252 ns/op   296,338 B/op   7,086 allocs/op
  [4/4]  bench  MerkleCommit/sha256/Item10/Count1000  200,132 ns/op ±1%   296,340 B/op ±0%   7,086 allocs/op    3.69s
  [1/4]  bench  MerkleCommit/sha256/Item10/Count10000  1,068,852 ns/op   2,914,235 B/op   70,172 allocs/op
  [2/4]  bench  MerkleCommit/sha256/Item10/Count10000  1,054,477 ns/op   2,914,292 B/op   70,173 allocs/op
  [3/4]  bench  MerkleCommit/sha256/Item10/Count10000  1,057,363 ns/op   2,914,275 B/op   70,172 allocs/op
  [4/4]  bench  MerkleCommit/sha256/Item10/Count10000  1,056,778 ns/op ±1%   2,914,311 B/op ±0%   70,173 allocs/op ±0%    3.95s
  [1/4]  bench  MerkleCommit/sha256/Item10/Count100000  6,716,770 ns/op   28,855,915 B/op   700,270 allocs/op
  [2/4]  bench  MerkleCommit/sha256/Item10/Count100000  6,725,749 ns/op   28,855,811 B/op   700,269 allocs/op
  [3/4]  bench  MerkleCommit/sha256/Item10/Count100000  6,687,555 ns/op   28,855,842 B/op   700,269 allocs/op
  [4/4]  bench  MerkleCommit/sha256/Item10/Count100000  6,672,772 ns/op ±1%   28,855,864 B/op ±0%   700,270 allocs/op ±0%    5.58s
  [1/4]  bench  MerkleCommit/sha256/Item1000/Count10  15,114 ns/op   15,645 B/op   107 allocs/op
  [2/4]  bench  MerkleCommit/sha256/Item1000/Count10  15,202 ns/op   15,646 B/op   107 allocs/op
  [3/4]  bench  MerkleCommit/sha256/Item1000/Count10  15,014 ns/op   15,646 B/op   107 allocs/op
  [4/4]  bench  MerkleCommit/sha256/Item1000/Count10  15,003 ns/op ±2%   15,646 B/op ±0%   107 allocs/op    4s
  [1/4]  bench  MerkleCommit/sha256/Item1000/Count100  74,253 ns/op   134,521 B/op   761 allocs/op
  [2/4]  bench  MerkleCommit/sha256/Item1000/Count100  74,324 ns/op   134,525 B/op   761 allocs/op
  [3/4]  bench  MerkleCommit/sha256/Item1000/Count100  73,631 ns/op   134,525 B/op   761 allocs/op
  [4/4]  bench  MerkleCommit/sha256/Item1000/Count100  73,901 ns/op ±2%   134,525 B/op ±0%   761 allocs/op    5.84s
  [1/4]  bench  MerkleCommit/sha256/Item1000/Count1000  403,927 ns/op   1,305,353 B/op   7,095 allocs/op
  [2/4]  bench  MerkleCommit/sha256/Item1000/Count1000  407,578 ns/op   1,305,324 B/op   7,095 allocs/op
  [3/4]  bench  MerkleCommit/sha256/Item1000/Count1000  406,468 ns/op   1,305,331 B/op   7,095 allocs/op
  [4/4]  bench  MerkleCommit/sha256/Item1000/Count1000  407,142 ns/op ±1%   1,305,326 B/op ±0%   7,095 allocs/op    3.78s
  [1/4]  bench  MerkleCommit/sha256/Item1000/Count10000  2,729,498 ns/op   12,995,006 B/op   70,179 allocs/op
  [2/4]  bench  MerkleCommit/sha256/Item1000/Count10000  2,770,305 ns/op   12,994,996 B/op   70,179 allocs/op
  [3/4]  bench  MerkleCommit/sha256/Item1000/Count10000  2,744,170 ns/op   12,994,994 B/op   70,179 allocs/op
  [4/4]  bench  MerkleCommit/sha256/Item1000/Count10000  2,767,350 ns/op ±3%   12,994,996 B/op ±0%   70,179 allocs/op    4.4s
  [1/4]  bench  MerkleCommit/sha256/Item1000/Count100000  23,860,298 ns/op   129,655,898 B/op   700,267 allocs/op
  [2/4]  bench  MerkleCommit/sha256/Item1000/Count100000  23,968,672 ns/op   129,655,908 B/op   700,268 allocs/op
  [3/4]  bench  MerkleCommit/sha256/Item1000/Count100000  23,840,192 ns/op   129,655,993 B/op   700,269 allocs/op
  [4/4]  bench  MerkleCommit/sha256/Item1000/Count100000  23,811,044 ns/op ±1%   129,655,981 B/op ±0%   700,269 allocs/op ±0%    3.67s
  [1/4]  bench  MerkleCommit/sha256/Item100000/Count10  231,818 ns/op   1,071,229 B/op   115 allocs/op
  [2/4]  bench  MerkleCommit/sha256/Item100000/Count10  232,683 ns/op   1,071,225 B/op   115 allocs/op
  [3/4]  bench  MerkleCommit/sha256/Item100000/Count10  231,985 ns/op   1,071,226 B/op   115 allocs/op
  [4/4]  bench  MerkleCommit/sha256/Item100000/Count10  232,309 ns/op ±1%   1,071,227 B/op ±0%   115 allocs/op    3.7s
  [1/4]  bench  MerkleCommit/sha256/Item100000/Count100  1,476,849 ns/op   10,683,648 B/op   779 allocs/op
  [2/4]  bench  MerkleCommit/sha256/Item100000/Count100  1,476,504 ns/op   10,683,648 B/op   779 allocs/op
  [3/4]  bench  MerkleCommit/sha256/Item100000/Count100  1,477,123 ns/op   10,683,649 B/op   779 allocs/op
  [4/4]  bench  MerkleCommit/sha256/Item100000/Count100  1,471,392 ns/op ±1%   10,683,651 B/op ±0%   779 allocs/op    3.98s
  [1/4]  bench  MerkleCommit/sha256/Item100000/Count1000  14,153,187 ns/op   106,779,206 B/op   7,107 allocs/op
  [2/4]  bench  MerkleCommit/sha256/Item100000/Count1000  14,162,413 ns/op   106,779,117 B/op   7,106 allocs/op
  [3/4]  bench  MerkleCommit/sha256/Item100000/Count1000  14,179,148 ns/op   106,779,145 B/op   7,106 allocs/op
  [4/4]  bench  MerkleCommit/sha256/Item100000/Count1000  14,141,526 ns/op ±1%   106,779,191 B/op ±0%   7,107 allocs/op ±0%    3.56s
  [1/4]  bench  MerkleCommit/sha256/Item100000/Count10000  134,449,448 ns/op   1,067,726,200 B/op   70,229 allocs/op
  [2/4]  bench  MerkleCommit/sha256/Item100000/Count10000  133,597,742 ns/op   1,067,726,066 B/op   70,228 allocs/op
  [3/4]  bench  MerkleCommit/sha256/Item100000/Count10000  133,629,450 ns/op   1,067,725,644 B/op   70,222 allocs/op
  [4/4]  bench  MerkleCommit/sha256/Item100000/Count10000  133,473,236 ns/op ±1%   1,067,725,872 B/op ±0%   70,225 allocs/op ±0%    4.54s
  [1/4]  bench  MerkleCommit/sha256/Item100000/Count100000  1,151,951,584 ns/op   10,676,915,128 B/op   700,454 allocs/op
  [2/4]  bench  MerkleCommit/sha256/Item100000/Count100000  1,143,739,542 ns/op   10,676,914,968 B/op   700,444 allocs/op
  [3/4]  bench  MerkleCommit/sha256/Item100000/Count100000  1,140,308,347 ns/op   10,676,915,965 B/op   700,466 allocs/op
  [4/4]  bench  MerkleCommit/sha256/Item100000/Count100000  1,131,797,073 ns/op ±2%   10,676,916,260 B/op ±0%   700,475 allocs/op ±0%    3.38s
  [1/4]  bench  AppendMsgBlockHeader                  35.6 ns/op   28.1 MB/s   0.000 B/op   0.000 allocs/op
  [2/4]  bench  AppendMsgBlockHeader                  35.7 ns/op   28.0 MB/s   0.000 B/op   0.000 allocs/op
  [3/4]  bench  AppendMsgBlockHeader                  35.7 ns/op   28.0 MB/s   0.000 B/op   0.000 allocs/op
  [4/4]  bench  AppendMsgBlockHeader                  35.7 ns/op ±0%   28.0 MB/s ±0%   0.000 B/op   0.000 allocs/op    3.73s
  [1/4]  bench  AppendMsgSignedTxn                    75.6 ns/op   13.2 MB/s   0.000 B/op   0.000 allocs/op
  [2/4]  bench  AppendMsgSignedTxn                    75.3 ns/op   13.3 MB/s   0.000 B/op   0.000 allocs/op
  [3/4]  bench  AppendMsgSignedTxn                    75.4 ns/op   13.3 MB/s   0.000 B/op   0.000 allocs/op
  [4/4]  bench  AppendMsgSignedTxn                    75.3 ns/op ±0%   13.3 MB/s ±1%   0.000 B/op   0.000 allocs/op    3.83s
  [1/4]  bench  PaysetGroups                          5,713 ns/op   132,737 B/op   8.00 allocs/op
  [2/4]  bench  PaysetGroups                          5,666 ns/op   132,553 B/op   8.00 allocs/op
  [3/4]  bench  PaysetGroups                          5,656 ns/op   132,693 B/op   8.00 allocs/op
  [4/4]  bench  PaysetGroups                          5,683 ns/op ±1%   132,545 B/op ±0%   8.00 allocs/op    26.35s
  [1/4]  bench  Txn                                   40,852 ns/op   9,507 B/op   12.0 allocs/op
  [2/4]  bench  Txn                                   40,859 ns/op   9,508 B/op   12.0 allocs/op
  [3/4]  bench  Txn                                   40,876 ns/op   9,507 B/op   12.0 allocs/op
  [4/4]  bench  Txn                                   40,895 ns/op ±0%   9,508 B/op ±0%   12.0 allocs/op    8.98s
  [1/4]  bench  TxHandlerProcessing/processDecoded    10,129 ns/op   3,896 B/op   44.0 allocs/op
  [2/4]  bench  TxHandlerProcessing/processDecoded    10,162 ns/op   3,896 B/op   44.0 allocs/op
  [3/4]  bench  TxHandlerProcessing/processDecoded    10,134 ns/op   3,896 B/op   44.0 allocs/op
  [4/4]  bench  TxHandlerProcessing/processDecoded    10,129 ns/op ±1%   3,896 B/op   44.0 allocs/op    9.21s
  [1/4]  bench  TxHandlerProcessing/verify.TxnGroup   41,492 ns/op   11,712 B/op   16.0 allocs/op
  [2/4]  bench  TxHandlerProcessing/verify.TxnGroup   41,379 ns/op   11,712 B/op   16.0 allocs/op
  [3/4]  bench  TxHandlerProcessing/verify.TxnGroup   41,371 ns/op   11,712 B/op   16.0 allocs/op
  [4/4]  bench  TxHandlerProcessing/verify.TxnGroup   41,358 ns/op ±0%   11,712 B/op   16.0 allocs/op    6.51s
  [1/4]  bench  CompactDeltas/account-deltas          1,643,358 ns/op   4,167,273 B/op   18.0 allocs/op
  [2/4]  bench  CompactDeltas/account-deltas          1,520,973 ns/op   4,170,288 B/op   18.0 allocs/op
  [3/4]  bench  CompactDeltas/account-deltas          1,480,236 ns/op   4,171,977 B/op   18.0 allocs/op
  [4/4]  bench  CompactDeltas/account-deltas          1,460,511 ns/op ±8%   4,173,598 B/op ±0%   18.0 allocs/op    16.96s
