  [1/4]  bench  MerkleCommit/sha512_256/Item10/Count10  13,438 ns/op   6,091 B/op   107 allocs/op
  [2/4]  bench  MerkleCommit/sha512_256/Item10/Count10  13,532 ns/op   6,088 B/op   107 allocs/op
  [3/4]  bench  MerkleCommit/sha512_256/Item10/Count10  13,419 ns/op   6,090 B/op   107 allocs/op
  [4/4]  bench  MerkleCommit/sha512_256/Item10/Count10  13,456 ns/op ±2%   6,089 B/op ±0%   107 allocs/op    4.06s
  [1/4]  bench  MerkleCommit/sha512_256/Item10/Count100  53,102 ns/op   34,682 B/op   761 allocs/op
  [2/4]  bench  MerkleCommit/sha512_256/Item10/Count100  53,313 ns/op   34,678 B/op   761 allocs/op
  [3/4]  bench  MerkleCommit/sha512_256/Item10/Count100  52,966 ns/op   34,671 B/op   761 allocs/op
  [4/4]  bench  MerkleCommit/sha512_256/Item10/Count100  52,900 ns/op ±1%   34,673 B/op ±0%   761 allocs/op ±0%    5.18s
  [1/4]  bench  MerkleCommit/sha512_256/Item10/Count1000  251,727 ns/op   298,966 B/op   7,090 allocs/op
  [2/4]  bench  MerkleCommit/sha512_256/Item10/Count1000  249,851 ns/op   298,995 B/op   7,091 allocs/op
  [3/4]  bench  MerkleCommit/sha512_256/Item10/Count1000  250,051 ns/op   298,988 B/op   7,090 allocs/op
  [4/4]  bench  MerkleCommit/sha512_256/Item10/Count1000  249,573 ns/op ±1%   298,997 B/op ±0%   7,091 allocs/op ±0%    3.68s
  [1/4]  bench  MerkleCommit/sha512_256/Item10/Count10000  1,267,319 ns/op   2,920,376 B/op   70,181 allocs/op
  [2/4]  bench  MerkleCommit/sha512_256/Item10/Count10000  1,262,182 ns/op   2,920,441 B/op   70,182 allocs/op
  [3/4]  bench  MerkleCommit/sha512_256/Item10/Count10000  1,259,445 ns/op   2,920,424 B/op   70,181 allocs/op
  [4/4]  bench  MerkleCommit/sha512_256/Item10/Count10000  1,263,161 ns/op ±1%   2,920,451 B/op ±0%   70,182 allocs/op ±0%    3.91s
  [1/4]  bench  MerkleCommit/sha512_256/Item10/Count100000  7,929,658 ns/op   28,865,801 B/op   700,278 allocs/op
  [2/4]  bench  MerkleCommit/sha512_256/Item10/Count100000  7,878,393 ns/op   28,866,007 B/op   700,279 allocs/op
  [3/4]  bench  MerkleCommit/sha512_256/Item10/Count100000  7,789,511 ns/op   28,866,195 B/op   700,280 allocs/op
  [4/4]  bench  MerkleCommit/sha512_256/Item10/Count100000  7,813,877 ns/op ±2%   28,866,125 B/op ±0%   700,280 allocs/op ±0%    5.95s
  [1/4]  bench  MerkleCommit/sha512_256/Item1000/Count10  21,610 ns/op   16,259 B/op   108 allocs/op
  [2/4]  bench  MerkleCommit/sha512_256/Item1000/Count10  22,071 ns/op   16,258 B/op   108 allocs/op
  [3/4]  bench  MerkleCommit/sha512_256/Item1000/Count10  22,096 ns/op   16,259 B/op   108 allocs/op
  [4/4]  bench  MerkleCommit/sha512_256/Item1000/Count10  22,188 ns/op ±2%   16,258 B/op ±0%   108 allocs/op    4.35s
  [1/4]  bench  MerkleCommit/sha512_256/Item1000/Count100  95,225 ns/op   135,901 B/op   763 allocs/op
  [2/4]  bench  MerkleCommit/sha512_256/Item1000/Count100  94,369 ns/op   135,892 B/op   763 allocs/op
  [3/4]  bench  MerkleCommit/sha512_256/Item1000/Count100  94,174 ns/op   135,895 B/op   763 allocs/op
  [4/4]  bench  MerkleCommit/sha512_256/Item1000/Count100  94,152 ns/op ±1%   135,905 B/op ±0%   763 allocs/op ±0%    6.44s
  [1/4]  bench  MerkleCommit/sha512_256/Item1000/Count1000  491,803 ns/op   1,308,366 B/op   7,100 allocs/op
  [2/4]  bench  MerkleCommit/sha512_256/Item1000/Count1000  488,421 ns/op   1,308,382 B/op   7,100 allocs/op
  [3/4]  bench  MerkleCommit/sha512_256/Item1000/Count1000  487,876 ns/op   1,308,393 B/op   7,100 allocs/op
  [4/4]  bench  MerkleCommit/sha512_256/Item1000/Count1000  487,833 ns/op ±1%   1,308,388 B/op ±0%   7,100 allocs/op    3.81s
  [1/4]  bench  MerkleCommit/sha512_256/Item1000/Count10000  3,203,749 ns/op   13,000,970 B/op   70,185 allocs/op
  [2/4]  bench  MerkleCommit/sha512_256/Item1000/Count10000  3,174,384 ns/op   13,000,965 B/op   70,185 allocs/op
  [3/4]  bench  MerkleCommit/sha512_256/Item1000/Count10000  3,185,605 ns/op   13,000,947 B/op   70,185 allocs/op
  [4/4]  bench  MerkleCommit/sha512_256/Item1000/Count10000  3,189,154 ns/op ±1%   13,000,969 B/op ±0%   70,185 allocs/op ±0%    4.46s
  [1/4]  bench  MerkleCommit/sha512_256/Item1000/Count100000  26,879,969 ns/op   129,665,486 B/op   700,274 allocs/op
  [2/4]  bench  MerkleCommit/sha512_256/Item1000/Count100000  26,634,212 ns/op   129,665,713 B/op   700,276 allocs/op
  [3/4]  bench  MerkleCommit/sha512_256/Item1000/Count100000  26,509,309 ns/op   129,665,646 B/op   700,276 allocs/op
  [4/4]  bench  MerkleCommit/sha512_256/Item1000/Count100000  26,551,301 ns/op ±1%   129,665,605 B/op ±0%   700,276 allocs/op ±0%    3.55s
  [1/4]  bench  MerkleCommit/sha512_256/Item100000/Count10  321,237 ns/op   1,072,380 B/op   117 allocs/op
  [2/4]  bench  MerkleCommit/sha512_256/Item100000/Count10  323,931 ns/op   1,072,384 B/op   117 allocs/op
  [3/4]  bench  MerkleCommit/sha512_256/Item100000/Count10  322,694 ns/op   1,072,384 B/op   117 allocs/op
  [4/4]  bench  MerkleCommit/sha512_256/Item100000/Count10  323,332 ns/op ±1%   1,072,388 B/op ±0%   117 allocs/op    3.72s
  [1/4]  bench  MerkleCommit/sha512_256/Item100000/Count100  1,902,882 ns/op   10,685,842 B/op   781 allocs/op
  [2/4]  bench  MerkleCommit/sha512_256/Item100000/Count100  1,919,954 ns/op   10,685,825 B/op   781 allocs/op
  [3/4]  bench  MerkleCommit/sha512_256/Item100000/Count100  1,917,840 ns/op   10,685,821 B/op   781 allocs/op
  [4/4]  bench  MerkleCommit/sha512_256/Item100000/Count100  1,922,912 ns/op ±1%   10,685,812 B/op ±0%   781 allocs/op    4.25s
  [1/4]  bench  MerkleCommit/sha512_256/Item100000/Count1000  17,634,711 ns/op   106,782,635 B/op   7,112 allocs/op
  [2/4]  bench  MerkleCommit/sha512_256/Item100000/Count1000  17,735,052 ns/op   106,782,516 B/op   7,111 allocs/op
  [3/4]  bench  MerkleCommit/sha512_256/Item100000/Count1000  17,683,091 ns/op   106,782,567 B/op   7,112 allocs/op
  [4/4]  bench  MerkleCommit/sha512_256/Item100000/Count1000  17,640,658 ns/op ±1%   106,782,549 B/op ±0%   7,112 allocs/op ±0%    3.56s
  [1/4]  bench  MerkleCommit/sha512_256/Item100000/Count10000  163,274,344 ns/op   1,067,731,434 B/op   70,230 allocs/op
  [2/4]  bench  MerkleCommit/sha512_256/Item100000/Count10000  162,821,321 ns/op   1,067,733,047 B/op   70,247 allocs/op
  [3/4]  bench  MerkleCommit/sha512_256/Item100000/Count10000  162,689,252 ns/op   1,067,732,880 B/op   70,244 allocs/op
  [4/4]  bench  MerkleCommit/sha512_256/Item100000/Count10000  162,424,150 ns/op ±1%   1,067,732,745 B/op ±0%   70,243 allocs/op ±0%    4.87s
  [1/4]  bench  MerkleCommit/sha512_256/Item100000/Count100000  1,248,438,041 ns/op   10,676,915,144 B/op   700,476 allocs/op
  [2/4]  bench  MerkleCommit/sha512_256/Item100000/Count100000  1,288,653,979 ns/op   10,676,916,456 B/op   700,471 allocs/op
  [3/4]  bench  MerkleCommit/sha512_256/Item100000/Count100000  1,304,205,597 ns/op   10,676,920,829 B/op   700,499 allocs/op
  [4/4]  bench  MerkleCommit/sha512_256/Item100000/Count100000  1,308,974,084 ns/op ±3%   10,676,925,436 B/op ±0%   700,548 allocs/op ±0%    3.99s
  [1/4]  bench  MerkleCommit/sumhash/Item10/Count10   50,167 ns/op   16,783 B/op   217 allocs/op
  [2/4]  bench  MerkleCommit/sumhash/Item10/Count10   50,064 ns/op   16,791 B/op   217 allocs/op
  [3/4]  bench  MerkleCommit/sumhash/Item10/Count10   49,824 ns/op   16,793 B/op   217 allocs/op
  [4/4]  bench  MerkleCommit/sumhash/Item10/Count10   49,669 ns/op ±1%   16,792 B/op ±0%   217 allocs/op    5.08s
  [1/4]  bench  MerkleCommit/sumhash/Item10/Count100  234,100 ns/op   134,845 B/op   1,723 allocs/op
  [2/4]  bench  MerkleCommit/sumhash/Item10/Count100  234,185 ns/op   134,834 B/op   1,723 allocs/op
  [3/4]  bench  MerkleCommit/sumhash/Item10/Count100  234,110 ns/op   134,821 B/op   1,722 allocs/op
  [4/4]  bench  MerkleCommit/sumhash/Item10/Count100  233,645 ns/op ±0%   134,823 B/op ±0%   1,722 allocs/op ±0%    3.6s
  [1/4]  bench  MerkleCommit/sumhash/Item10/Count1000  1,069,946 ns/op   1,268,705 B/op   16,240 allocs/op
  [2/4]  bench  MerkleCommit/sumhash/Item10/Count1000  1,063,997 ns/op   1,268,798 B/op   16,241 allocs/op
  [3/4]  bench  MerkleCommit/sumhash/Item10/Count1000  1,066,068 ns/op   1,268,750 B/op   16,241 allocs/op
  [4/4]  bench  MerkleCommit/sumhash/Item10/Count1000  1,064,095 ns/op ±1%   1,268,783 B/op ±0%   16,241 allocs/op ±0%    3.93s
  [1/4]  bench  MerkleCommit/sumhash/Item10/Count10000  6,359,977 ns/op   12,538,364 B/op   160,471 allocs/op
  [2/4]  bench  MerkleCommit/sumhash/Item10/Count10000  6,383,098 ns/op   12,538,131 B/op   160,468 allocs/op
  [3/4]  bench  MerkleCommit/sumhash/Item10/Count10000  6,348,450 ns/op   12,538,260 B/op   160,469 allocs/op
  [4/4]  bench  MerkleCommit/sumhash/Item10/Count10000  6,343,218 ns/op ±1%   12,538,301 B/op ±0%   160,470 allocs/op ±0%    5.49s
  [1/4]  bench  MerkleCommit/sumhash/Item10/Count100000  49,706,142 ns/op   124,885,933 B/op   1,600,654 allocs/op
  [2/4]  bench  MerkleCommit/sumhash/Item10/Count100000  50,221,277 ns/op   124,885,790 B/op   1,600,653 allocs/op
  [3/4]  bench  MerkleCommit/sumhash/Item10/Count100000  50,017,753 ns/op   124,885,853 B/op   1,600,653 allocs/op
  [4/4]  bench  MerkleCommit/sumhash/Item10/Count100000  50,341,668 ns/op ±2%   124,885,785 B/op ±0%   1,600,653 allocs/op ±0%    3.69s
  [1/4]  bench  MerkleCommit/sumhash/Item1000/Count10  104,287 ns/op   28,648 B/op   233 allocs/op
  [2/4]  bench  MerkleCommit/sumhash/Item1000/Count10  104,755 ns/op   28,644 B/op   233 allocs/op
  [3/4]  bench  MerkleCommit/sumhash/Item1000/Count10  105,287 ns/op   28,646 B/op   233 allocs/op
  [4/4]  bench  MerkleCommit/sumhash/Item1000/Count10  105,318 ns/op ±1%   28,646 B/op ±0%   233 allocs/op    3.2s
  [1/4]  bench  MerkleCommit/sumhash/Item1000/Count100  458,449 ns/op   250,138 B/op   1,843 allocs/op
  [2/4]  bench  MerkleCommit/sumhash/Item1000/Count100  457,250 ns/op   250,184 B/op   1,844 allocs/op
  [3/4]  bench  MerkleCommit/sumhash/Item1000/Count100  457,665 ns/op   250,174 B/op   1,843 allocs/op
  [4/4]  bench  MerkleCommit/sumhash/Item1000/Count100  457,149 ns/op ±0%   250,192 B/op ±0%   1,844 allocs/op ±0%    3.77s
  [1/4]  bench  MerkleCommit/sumhash/Item1000/Count1000  2,552,655 ns/op   2,406,311 B/op   17,259 allocs/op
  [2/4]  bench  MerkleCommit/sumhash/Item1000/Count1000  2,532,991 ns/op   2,406,387 B/op   17,260 allocs/op
  [3/4]  bench  MerkleCommit/sumhash/Item1000/Count1000  2,535,775 ns/op   2,406,359 B/op   17,260 allocs/op
  [4/4]  bench  MerkleCommit/sumhash/Item1000/Count1000  2,528,920 ns/op ±1%   2,406,414 B/op ±0%   17,260 allocs/op ±0%    4.38s
  [1/4]  bench  MerkleCommit/sumhash/Item1000/Count10000  20,012,956 ns/op   23,898,139 B/op   170,467 allocs/op
  [2/4]  bench  MerkleCommit/sumhash/Item1000/Count10000  19,739,708 ns/op   23,898,519 B/op   170,472 allocs/op
  [3/4]  bench  MerkleCommit/sumhash/Item1000/Count10000  19,825,341 ns/op   23,898,428 B/op   170,470 allocs/op
  [4/4]  bench  MerkleCommit/sumhash/Item1000/Count10000  19,766,919 ns/op ±1%   23,898,608 B/op ±0%   170,472 allocs/op ±0%    3.62s
  [1/4]  bench  MerkleCommit/sumhash/Item1000/Count100000  175,707,618 ns/op   238,486,794 B/op   1,700,658 allocs/op
  [2/4]  bench  MerkleCommit/sumhash/Item1000/Count100000  174,258,406 ns/op   238,486,982 B/op   1,700,660 allocs/op
  [3/4]  bench  MerkleCommit/sumhash/Item1000/Count100000  173,856,338 ns/op   238,486,573 B/op   1,700,655 allocs/op
  [4/4]  bench  MerkleCommit/sumhash/Item1000/Count100000  174,606,151 ns/op ±1%   238,486,560 B/op ±0%   1,700,656 allocs/op ±0%    3.68s
  [1/4]  bench  MerkleCommit/sumhash/Item100000/Count10  2,026,882 ns/op   1,085,615 B/op   259 allocs/op
  [2/4]  bench  MerkleCommit/sumhash/Item100000/Count10  2,039,817 ns/op   1,085,609 B/op   259 allocs/op
  [3/4]  bench  MerkleCommit/sumhash/Item100000/Count10  2,037,387 ns/op   1,085,603 B/op   259 allocs/op
  [4/4]  bench  MerkleCommit/sumhash/Item100000/Count10  2,041,749 ns/op ±1%   1,085,599 B/op ±0%   259 allocs/op    4.01s
  [1/4]  bench  MerkleCommit/sumhash/Item100000/Count100  14,715,716 ns/op   10,798,516 B/op   1,856 allocs/op
  [2/4]  bench  MerkleCommit/sumhash/Item100000/Count100  14,892,010 ns/op   10,798,512 B/op   1,856 allocs/op
  [3/4]  bench  MerkleCommit/sumhash/Item100000/Count100  14,851,666 ns/op   10,798,534 B/op   1,856 allocs/op
  [4/4]  bench  MerkleCommit/sumhash/Item100000/Count100  14,910,126 ns/op ±1%   10,798,536 B/op ±0%   1,856 allocs/op ±0%    3.65s
  [1/4]  bench  MerkleCommit/sumhash/Item100000/Count1000  132,298,750 ns/op   107,878,968 B/op   17,259 allocs/op
  [2/4]  bench  MerkleCommit/sumhash/Item100000/Count1000  132,624,771 ns/op   107,878,746 B/op   17,257 allocs/op
  [3/4]  bench  MerkleCommit/sumhash/Item100000/Count1000  132,161,563 ns/op   107,878,677 B/op   17,256 allocs/op
  [4/4]  bench  MerkleCommit/sumhash/Item100000/Count1000  131,426,935 ns/op ±1%   107,878,723 B/op ±0%   17,257 allocs/op ±0%    3.53s
  [1/4]  bench  MerkleCommit/sumhash/Item100000/Count10000  1,283,616,583 ns/op   1,078,624,088 B/op   170,478 allocs/op
  [2/4]  bench  MerkleCommit/sumhash/Item100000/Count10000  1,256,656,042 ns/op   1,078,623,864 B/op   170,477 allocs/op
  [3/4]  bench  MerkleCommit/sumhash/Item100000/Count10000  1,264,467,458 ns/op   1,078,623,816 B/op   170,476 allocs/op
  [4/4]  bench  MerkleCommit/sumhash/Item100000/Count10000  1,260,188,969 ns/op ±2%   1,078,624,156 B/op ±0%   170,479 allocs/op ±0%    3.75s
  [1/4]  bench  MerkleCommit/sumhash/Item100000/Count100000  12,386,477,750 ns/op   10,785,723,608 B/op   1,700,735 allocs/op
  [2/4]  bench  MerkleCommit/sumhash/Item100000/Count100000  12,363,217,875 ns/op   10,785,725,072 B/op   1,700,738 allocs/op
  [3/4]  bench  MerkleCommit/sumhash/Item100000/Count100000  12,333,207,486 ns/op   10,785,725,427 B/op   1,700,735 allocs/op
  [4/4]  bench  MerkleCommit/sumhash/Item100000/Count100000  12,298,336,979 ns/op ±1%   10,785,727,316 B/op ±0%   1,700,749 allocs/op ±0%    36.81s
  [1/4]  bench  MerkleCommit/sha256/Item10/Count10    7,697 ns/op   5,511 B/op   107 allocs/op
  [2/4]  bench  MerkleCommit/sha256/Item10/Count10    7,749 ns/op   5,511 B/op   107 allocs/op
  [3/4]  bench  MerkleCommit/sha256/Item10/Count10    7,797 ns/op   5,511 B/op   107 allocs/op
  [4/4]  bench  MerkleCommit/sha256/Item10/Count10    7,772 ns/op ±1%   5,511 B/op   107 allocs/op    3.75s
  [1/4]  bench  MerkleCommit/sha256/Item10/Count100   39,593 ns/op   33,500 B/op   759 allocs/op
  [2/4]  bench  MerkleCommit/sha256/Item10/Count100   39,697 ns/op   33,495 B/op   759 allocs/op
  [3/4]  bench  MerkleCommit/sha256/Item10/Count100   38,990 ns/op   33,498 B/op   759 allocs/op
  [4/4]  bench  MerkleCommit/sha256/Item10/Count100   39,404 ns/op ±4%   33,496 B/op ±0%   759 allocs/op    4.88s
  [1/4]  bench  MerkleCommit/sha256/Item10/Count1000  201,206 ns/op   296,351 B/op   7,086 allocs/op
  [2/4]  bench  MerkleCommit/sha256/Item10/Count1000  202,610 ns/op   296,343 B/op   7,086 allocs/op
  [3/4]  bench  MerkleCommit/sha256/Item10/Count1000  202,032 ns/op   296,349 B/op   7,086 allocs/op
  [4/4]  bench  MerkleCommit/sha256/Item10/Count1000  202,033 ns/op ±1%   296,345 B/op ±0%   7,086 allocs/op    3.68s
  [1/4]  bench  MerkleCommit/sha256/Item10/Count10000  1,048,821 ns/op   2,914,332 B/op   70,173 allocs/op
  [2/4]  bench  MerkleCommit/sha256/Item10/Count10000  1,053,102 ns/op   2,914,302 B/op   70,173 allocs/op
  [3/4]  bench  MerkleCommit/sha256/Item10/Count10000  1,048,433 ns/op   2,914,305 B/op   70,173 allocs/op
  [4/4]  bench  MerkleCommit/sha256/Item10/Count10000  1,051,334 ns/op ±1%   2,914,283 B/op ±0%   70,173 allocs/op ±0%    3.91s
  [1/4]  bench  MerkleCommit/sha256/Item10/Count100000  6,646,452 ns/op   28,855,887 B/op   700,270 allocs/op
  [2/4]  bench  MerkleCommit/sha256/Item10/Count100000  6,658,732 ns/op   28,855,869 B/op   700,270 allocs/op
  [3/4]  bench  MerkleCommit/sha256/Item10/Count100000  6,703,701 ns/op   28,855,780 B/op   700,269 allocs/op
  [4/4]  bench  MerkleCommit/sha256/Item10/Count100000  6,701,768 ns/op ±1%   28,855,809 B/op ±0%   700,269 allocs/op ±0%    5.62s
  [1/4]  bench  MerkleCommit/sha256/Item1000/Count10  15,254 ns/op   15,645 B/op   107 allocs/op
  [2/4]  bench  MerkleCommit/sha256/Item1000/Count10  15,312 ns/op   15,647 B/op   107 allocs/op
  [3/4]  bench  MerkleCommit/sha256/Item1000/Count10  15,308 ns/op   15,646 B/op   107 allocs/op
  [4/4]  bench  MerkleCommit/sha256/Item1000/Count10  15,292 ns/op ±0%   15,646 B/op ±0%   107 allocs/op    4.03s
  [1/4]  bench  MerkleCommit/sha256/Item1000/Count100  74,057 ns/op   134,530 B/op   761 allocs/op
  [2/4]  bench  MerkleCommit/sha256/Item1000/Count100  74,262 ns/op   134,526 B/op   761 allocs/op
  [3/4]  bench  MerkleCommit/sha256/Item1000/Count100  73,618 ns/op   134,525 B/op   761 allocs/op
  [4/4]  bench  MerkleCommit/sha256/Item1000/Count100  73,677 ns/op ±1%   134,527 B/op ±0%   761 allocs/op    5.83s
  [1/4]  bench  MerkleCommit/sha256/Item1000/Count1000  406,171 ns/op   1,305,328 B/op   7,095 allocs/op
  [2/4]  bench  MerkleCommit/sha256/Item1000/Count1000  405,015 ns/op   1,305,343 B/op   7,095 allocs/op
  [3/4]  bench  MerkleCommit/sha256/Item1000/Count1000  405,763 ns/op   1,305,334 B/op   7,095 allocs/op
  [4/4]  bench  MerkleCommit/sha256/Item1000/Count1000  405,245 ns/op ±0%   1,305,338 B/op ±0%   7,095 allocs/op    3.73s
  [1/4]  bench  MerkleCommit/sha256/Item1000/Count10000  2,699,045 ns/op   12,994,839 B/op   70,177 allocs/op
  [2/4]  bench  MerkleCommit/sha256/Item1000/Count10000  2,748,747 ns/op   12,994,960 B/op   70,179 allocs/op
  [3/4]  bench  MerkleCommit/sha256/Item1000/Count10000  2,729,489 ns/op   12,994,924 B/op   70,178 allocs/op
  [4/4]  bench  MerkleCommit/sha256/Item1000/Count10000  2,727,153 ns/op ±2%   12,994,938 B/op ±0%   70,179 allocs/op ±0%    4.32s
  [1/4]  bench  MerkleCommit/sha256/Item1000/Count100000  23,603,948 ns/op   129,655,412 B/op   700,263 allocs/op
  [2/4]  bench  MerkleCommit/sha256/Item1000/Count100000  23,604,015 ns/op   129,655,762 B/op   700,267 allocs/op
  [3/4]  bench  MerkleCommit/sha256/Item1000/Count100000  23,632,952 ns/op   129,655,788 B/op   700,267 allocs/op
  [4/4]  bench  MerkleCommit/sha256/Item1000/Count100000  23,592,935 ns/op ±0%   129,655,862 B/op ±0%   700,268 allocs/op ±0%    3.61s
  [1/4]  bench  MerkleCommit/sha256/Item100000/Count10  230,428 ns/op   1,071,231 B/op   115 allocs/op
  [2/4]  bench  MerkleCommit/sha256/Item100000/Count10  231,535 ns/op   1,071,227 B/op   115 allocs/op
  [3/4]  bench  MerkleCommit/sha256/Item100000/Count10  230,618 ns/op   1,071,229 B/op   115 allocs/op
  [4/4]  bench  MerkleCommit/sha256/Item100000/Count10  230,977 ns/op ±1%   1,071,229 B/op ±0%   115 allocs/op    3.7s
  [1/4]  bench  MerkleCommit/sha256/Item100000/Count100  1,457,927 ns/op   10,683,658 B/op   779 allocs/op
  [2/4]  bench  MerkleCommit/sha256/Item100000/Count100  1,480,675 ns/op   10,683,661 B/op   779 allocs/op
  [3/4]  bench  MerkleCommit/sha256/Item100000/Count100  1,475,351 ns/op   10,683,663 B/op   779 allocs/op
  [4/4]  bench  MerkleCommit/sha256/Item100000/Count100  1,476,805 ns/op ±2%   10,683,658 B/op ±0%   779 allocs/op    4.05s
  [1/4]  bench  MerkleCommit/sha256/Item100000/Count1000  14,122,544 ns/op   106,779,207 B/op   7,107 allocs/op
  [2/4]  bench  MerkleCommit/sha256/Item100000/Count1000  14,223,783 ns/op   106,779,218 B/op   7,107 allocs/op
  [3/4]  bench  MerkleCommit/sha256/Item100000/Count1000  14,159,327 ns/op   106,779,243 B/op   7,107 allocs/op
  [4/4]  bench  MerkleCommit/sha256/Item100000/Count1000  14,144,150 ns/op ±1%   106,779,263 B/op ±0%   7,108 allocs/op ±0%    3.66s
  [1/4]  bench  MerkleCommit/sha256/Item100000/Count10000  131,486,714 ns/op   1,067,725,654 B/op   70,223 allocs/op
  [2/4]  bench  MerkleCommit/sha256/Item100000/Count10000  132,378,183 ns/op   1,067,725,836 B/op   70,226 allocs/op
  [3/4]  bench  MerkleCommit/sha256/Item100000/Count10000  132,182,926 ns/op   1,067,725,295 B/op   70,220 allocs/op
  [4/4]  bench  MerkleCommit/sha256/Item100000/Count10000  133,014,034 ns/op ±2%   1,067,725,218 B/op ±0%   70,219 allocs/op ±0%    3.6s
  [1/4]  bench  MerkleCommit/sha256/Item100000/Count100000  1,113,443,375 ns/op   10,676,901,240 B/op   700,334 allocs/op
  [2/4]  bench  MerkleCommit/sha256/Item100000/Count100000  1,122,037,167 ns/op   10,676,904,808 B/op   700,362 allocs/op
  [3/4]  bench  MerkleCommit/sha256/Item100000/Count100000  1,132,199,347 ns/op   10,676,909,491 B/op   700,413 allocs/op
  [4/4]  bench  MerkleCommit/sha256/Item100000/Count100000  1,134,374,614 ns/op ±2%   10,676,913,152 B/op ±0%   700,448 allocs/op ±0%    3.42s
  [1/4]  bench  AppendMsgBlockHeader                  35.8 ns/op   27.9 MB/s   0.000 B/op   0.000 allocs/op
  [2/4]  bench  AppendMsgBlockHeader                  35.7 ns/op   28.0 MB/s   0.000 B/op   0.000 allocs/op
  [3/4]  bench  AppendMsgBlockHeader                  35.7 ns/op   28.0 MB/s   0.000 B/op   0.000 allocs/op
  [4/4]  bench  AppendMsgBlockHeader                  35.7 ns/op ±0%   28.0 MB/s ±0%   0.000 B/op   0.000 allocs/op    3.67s
  [1/4]  bench  AppendMsgSignedTxn                    75.5 ns/op   13.2 MB/s   0.000 B/op   0.000 allocs/op
  [2/4]  bench  AppendMsgSignedTxn                    75.1 ns/op   13.3 MB/s   0.000 B/op   0.000 allocs/op
  [3/4]  bench  AppendMsgSignedTxn                    75.3 ns/op   13.3 MB/s   0.000 B/op   0.000 allocs/op
  [4/4]  bench  AppendMsgSignedTxn                    75.2 ns/op ±1%   13.3 MB/s ±0%   0.000 B/op   0.000 allocs/op    3.84s
  [1/4]  bench  PaysetGroups                          5,789 ns/op   129,539 B/op   8.00 allocs/op
  [2/4]  bench  PaysetGroups                          5,783 ns/op   131,515 B/op   8.00 allocs/op
  [3/4]  bench  PaysetGroups                          5,722 ns/op   132,217 B/op   8.00 allocs/op
  [4/4]  bench  PaysetGroups                          5,708 ns/op ±2%   132,438 B/op ±2%   8.00 allocs/op    26.45s
  [1/4]  bench  Txn                                   40,975 ns/op   9,506 B/op   12.0 allocs/op
  [2/4]  bench  Txn                                   40,911 ns/op   9,508 B/op   12.0 allocs/op
  [3/4]  bench  Txn                                   40,892 ns/op   9,508 B/op   12.0 allocs/op
  [4/4]  bench  Txn                                   40,874 ns/op ±0%   9,508 B/op ±0%   12.0 allocs/op    9s
  [1/4]  bench  TxHandlerProcessing/processDecoded    10,096 ns/op   3,896 B/op   44.0 allocs/op
  [2/4]  bench  TxHandlerProcessing/processDecoded    10,103 ns/op   3,896 B/op   44.0 allocs/op
  [3/4]  bench  TxHandlerProcessing/processDecoded    10,089 ns/op   3,896 B/op   44.0 allocs/op
  [4/4]  bench  TxHandlerProcessing/processDecoded    10,117 ns/op ±1%   3,896 B/op   44.0 allocs/op    9.2s
  [1/4]  bench  TxHandlerProcessing/verify.TxnGroup   41,376 ns/op   11,712 B/op   16.0 allocs/op
  [2/4]  bench  TxHandlerProcessing/verify.TxnGroup   41,476 ns/op   11,712 B/op   16.0 allocs/op
  [3/4]  bench  TxHandlerProcessing/verify.TxnGroup   41,423 ns/op   11,712 B/op   16.0 allocs/op
  [4/4]  bench  TxHandlerProcessing/verify.TxnGroup   41,388 ns/op ±0%   11,712 B/op   16.0 allocs/op    6.54s
  [1/4]  bench  CompactDeltas/account-deltas          1,588,856 ns/op   4,169,773 B/op   18.0 allocs/op
  [2/4]  bench  CompactDeltas/account-deltas          1,497,538 ns/op   4,170,273 B/op   18.0 allocs/op
  [3/4]  bench  CompactDeltas/account-deltas          1,466,790 ns/op   4,173,002 B/op   18.0 allocs/op
  [4/4]  bench  CompactDeltas/account-deltas          1,449,590 ns/op ±7%   4,174,500 B/op ±0%   18.0 allocs/op    16.9s
