  [1/4]  bench  MerkleCommit/sha512_256/Item10/Count10  13,579 ns/op   6,089 B/op   107 allocs/op
  [2/4]  bench  MerkleCommit/sha512_256/Item10/Count10  13,579 ns/op   6,088 B/op   107 allocs/op
  [3/4]  bench  MerkleCommit/sha512_256/Item10/Count10  13,500 ns/op   6,089 B/op   107 allocs/op
  [4/4]  bench  MerkleCommit/sha512_256/Item10/Count10  13,519 ns/op ±1%   6,088 B/op ±0%   107 allocs/op    4.07s
  [1/4]  bench  MerkleCommit/sha512_256/Item10/Count100  53,255 ns/op   34,678 B/op   761 allocs/op
  [2/4]  bench  MerkleCommit/sha512_256/Item10/Count100  53,587 ns/op   34,676 B/op   761 allocs/op
  [3/4]  bench  MerkleCommit/sha512_256/Item10/Count100  53,452 ns/op   34,672 B/op   761 allocs/op
  [4/4]  bench  MerkleCommit/sha512_256/Item10/Count100  53,224 ns/op ±1%   34,672 B/op ±0%   761 allocs/op ±0%    5.2s
  [1/4]  bench  MerkleCommit/sha512_256/Item10/Count1000  250,674 ns/op   298,998 B/op   7,091 allocs/op
  [2/4]  bench  MerkleCommit/sha512_256/Item10/Count1000  249,515 ns/op   299,006 B/op   7,091 allocs/op
  [3/4]  bench  MerkleCommit/sha512_256/Item10/Count1000  250,471 ns/op   298,996 B/op   7,091 allocs/op
  [4/4]  bench  MerkleCommit/sha512_256/Item10/Count1000  249,902 ns/op ±1%   299,001 B/op ±0%   7,091 allocs/op ±0%    3.69s
  [1/4]  bench  MerkleCommit/sha512_256/Item10/Count10000  1,269,700 ns/op   2,920,366 B/op   70,181 allocs/op
  [2/4]  bench  MerkleCommit/sha512_256/Item10/Count10000  1,263,999 ns/op   2,920,490 B/op   70,182 allocs/op
  [3/4]  bench  MerkleCommit/sha512_256/Item10/Count10000  1,268,158 ns/op   2,920,435 B/op   70,182 allocs/op
  [4/4]  bench  MerkleCommit/sha512_256/Item10/Count10000  1,264,687 ns/op ±1%   2,920,468 B/op ±0%   70,182 allocs/op ±0%    4s
  [1/4]  bench  MerkleCommit/sha512_256/Item10/Count100000  7,869,760 ns/op   28,865,874 B/op   700,278 allocs/op
  [2/4]  bench  MerkleCommit/sha512_256/Item10/Count100000  7,835,062 ns/op   28,866,017 B/op   700,279 allocs/op
  [3/4]  bench  MerkleCommit/sha512_256/Item10/Count100000  7,795,114 ns/op   28,866,142 B/op   700,280 allocs/op
  [4/4]  bench  MerkleCommit/sha512_256/Item10/Count100000  7,784,270 ns/op ±1%   28,866,192 B/op ±0%   700,280 allocs/op ±0%    5.92s
  [1/4]  bench  MerkleCommit/sha512_256/Item1000/Count10  22,195 ns/op   16,259 B/op   108 allocs/op
  [2/4]  bench  MerkleCommit/sha512_256/Item1000/Count10  22,243 ns/op   16,259 B/op   108 allocs/op
  [3/4]  bench  MerkleCommit/sha512_256/Item1000/Count10  22,040 ns/op   16,259 B/op   108 allocs/op
  [4/4]  bench  MerkleCommit/sha512_256/Item1000/Count10  22,062 ns/op ±1%   16,259 B/op ±0%   108 allocs/op    4.22s
  [1/4]  bench  MerkleCommit/sha512_256/Item1000/Count100  97,511 ns/op   135,882 B/op   763 allocs/op
  [2/4]  bench  MerkleCommit/sha512_256/Item1000/Count100  96,553 ns/op   135,887 B/op   763 allocs/op
  [3/4]  bench  MerkleCommit/sha512_256/Item1000/Count100  95,617 ns/op   135,892 B/op   763 allocs/op
  [4/4]  bench  MerkleCommit/sha512_256/Item1000/Count100  95,155 ns/op ±2%   135,895 B/op ±0%   763 allocs/op    6.46s
  [1/4]  bench  MerkleCommit/sha512_256/Item1000/Count1000  487,576 ns/op   1,308,371 B/op   7,100 allocs/op
  [2/4]  bench  MerkleCommit/sha512_256/Item1000/Count1000  485,695 ns/op   1,308,418 B/op   7,100 allocs/op
  [3/4]  bench  MerkleCommit/sha512_256/Item1000/Count1000  487,595 ns/op   1,308,400 B/op   7,100 allocs/op
  [4/4]  bench  MerkleCommit/sha512_256/Item1000/Count1000  486,679 ns/op ±1%   1,308,413 B/op ±0%   7,100 allocs/op    3.75s
  [1/4]  bench  MerkleCommit/sha512_256/Item1000/Count10000  3,129,014 ns/op   13,000,778 B/op   70,184 allocs/op
  [2/4]  bench  MerkleCommit/sha512_256/Item1000/Count10000  3,177,538 ns/op   13,000,888 B/op   70,185 allocs/op
  [3/4]  bench  MerkleCommit/sha512_256/Item1000/Count10000  3,163,549 ns/op   13,000,823 B/op   70,184 allocs/op
  [4/4]  bench  MerkleCommit/sha512_256/Item1000/Count10000  3,175,980 ns/op ±2%   13,000,877 B/op ±0%   70,184 allocs/op ±0%    4.74s
  [1/4]  bench  MerkleCommit/sha512_256/Item1000/Count100000  26,554,791 ns/op   129,665,412 B/op   700,274 allocs/op
  [2/4]  bench  MerkleCommit/sha512_256/Item1000/Count100000  26,561,290 ns/op   129,665,593 B/op   700,275 allocs/op
  [3/4]  bench  MerkleCommit/sha512_256/Item1000/Count100000  26,556,016 ns/op   129,665,511 B/op   700,275 allocs/op
  [4/4]  bench  MerkleCommit/sha512_256/Item1000/Count100000  26,458,869 ns/op ±1%   129,665,538 B/op ±0%   700,275 allocs/op ±0%    3.65s
  [1/4]  bench  MerkleCommit/sha512_256/Item100000/Count10  319,587 ns/op   1,072,392 B/op   117 allocs/op
  [2/4]  bench  MerkleCommit/sha512_256/Item100000/Count10  321,383 ns/op   1,072,399 B/op   117 allocs/op
  [3/4]  bench  MerkleCommit/sha512_256/Item100000/Count10  321,431 ns/op   1,072,397 B/op   117 allocs/op
  [4/4]  bench  MerkleCommit/sha512_256/Item100000/Count10  322,138 ns/op ±1%   1,072,393 B/op ±0%   117 allocs/op    3.69s
  [1/4]  bench  MerkleCommit/sha512_256/Item100000/Count100  1,914,820 ns/op   10,685,813 B/op   781 allocs/op
  [2/4]  bench  MerkleCommit/sha512_256/Item100000/Count100  1,931,228 ns/op   10,685,811 B/op   781 allocs/op
  [3/4]  bench  MerkleCommit/sha512_256/Item100000/Count100  1,919,748 ns/op   10,685,813 B/op   781 allocs/op
  [4/4]  bench  MerkleCommit/sha512_256/Item100000/Count100  1,925,023 ns/op ±1%   10,685,813 B/op ±0%   781 allocs/op    4.23s
  [1/4]  bench  MerkleCommit/sha512_256/Item100000/Count1000  17,728,862 ns/op   106,782,440 B/op   7,111 allocs/op
  [2/4]  bench  MerkleCommit/sha512_256/Item100000/Count1000  17,896,153 ns/op   106,782,499 B/op   7,112 allocs/op
  [3/4]  bench  MerkleCommit/sha512_256/Item100000/Count1000  17,785,134 ns/op   106,782,469 B/op   7,111 allocs/op
  [4/4]  bench  MerkleCommit/sha512_256/Item100000/Count1000  17,859,512 ns/op ±1%   106,782,457 B/op ±0%   7,111 allocs/op ±0%    3.65s
  [1/4]  bench  MerkleCommit/sha512_256/Item100000/Count10000  161,661,673 ns/op   1,067,734,072 B/op   70,256 allocs/op
  [2/4]  bench  MerkleCommit/sha512_256/Item100000/Count10000  161,860,661 ns/op   1,067,732,062 B/op   70,237 allocs/op
  [3/4]  bench  MerkleCommit/sha512_256/Item100000/Count10000  160,865,750 ns/op   1,067,731,558 B/op   70,232 allocs/op
  [4/4]  bench  MerkleCommit/sha512_256/Item100000/Count10000  161,021,841 ns/op ±1%   1,067,731,778 B/op ±0%   70,235 allocs/op ±0%    3.87s
  [1/4]  bench  MerkleCommit/sha512_256/Item100000/Count100000  1,270,682,917 ns/op   10,676,916,792 B/op   700,457 allocs/op
  [2/4]  bench  MerkleCommit/sha512_256/Item100000/Count100000  1,274,744,980 ns/op   10,676,917,264 B/op   700,481 allocs/op
  [3/4]  bench  MerkleCommit/sha512_256/Item100000/Count100000  1,278,085,667 ns/op   10,676,917,939 B/op   700,488 allocs/op
  [4/4]  bench  MerkleCommit/sha512_256/Item100000/Count100000  1,304,675,271 ns/op ±4%   10,676,922,972 B/op ±0%   700,513 allocs/op ±0%    3.95s
  [1/4]  bench  MerkleCommit/sumhash/Item10/Count10   51,537 ns/op   16,788 B/op   217 allocs/op
  [2/4]  bench  MerkleCommit/sumhash/Item10/Count10   51,179 ns/op   16,797 B/op   217 allocs/op
  [3/4]  bench  MerkleCommit/sumhash/Item10/Count10   51,156 ns/op   16,794 B/op   217 allocs/op
  [4/4]  bench  MerkleCommit/sumhash/Item10/Count10   51,298 ns/op ±1%   16,793 B/op ±0%   217 allocs/op    5.17s
  [1/4]  bench  MerkleCommit/sumhash/Item10/Count100  237,983 ns/op   134,869 B/op   1,723 allocs/op
  [2/4]  bench  MerkleCommit/sumhash/Item10/Count100  237,286 ns/op   134,867 B/op   1,723 allocs/op
  [3/4]  bench  MerkleCommit/sumhash/Item10/Count100  239,136 ns/op   134,848 B/op   1,723 allocs/op
  [4/4]  bench  MerkleCommit/sumhash/Item10/Count100  238,853 ns/op ±1%   134,857 B/op ±0%   1,723 allocs/op ±0%    3.71s
  [1/4]  bench  MerkleCommit/sumhash/Item10/Count1000  1,084,796 ns/op   1,268,705 B/op   16,240 allocs/op
  [2/4]  bench  MerkleCommit/sumhash/Item10/Count1000  1,075,946 ns/op   1,268,818 B/op   16,242 allocs/op
  [3/4]  bench  MerkleCommit/sumhash/Item10/Count1000  1,080,083 ns/op   1,268,784 B/op   16,241 allocs/op
  [4/4]  bench  MerkleCommit/sumhash/Item10/Count1000  1,077,167 ns/op ±1%   1,268,824 B/op ±0%   16,242 allocs/op ±0%    3.94s
  [1/4]  bench  MerkleCommit/sumhash/Item10/Count10000  6,353,179 ns/op   12,538,405 B/op   160,471 allocs/op
  [2/4]  bench  MerkleCommit/sumhash/Item10/Count10000  6,438,542 ns/op   12,538,237 B/op   160,469 allocs/op
  [3/4]  bench  MerkleCommit/sumhash/Item10/Count10000  6,417,682 ns/op   12,538,373 B/op   160,471 allocs/op
  [4/4]  bench  MerkleCommit/sumhash/Item10/Count10000  6,414,170 ns/op ±1%   12,538,375 B/op ±0%   160,471 allocs/op ±0%    5.53s
  [1/4]  bench  MerkleCommit/sumhash/Item10/Count100000  49,967,792 ns/op   124,885,838 B/op   1,600,653 allocs/op
  [2/4]  bench  MerkleCommit/sumhash/Item10/Count100000  50,843,473 ns/op   124,885,494 B/op   1,600,649 allocs/op
  [3/4]  bench  MerkleCommit/sumhash/Item10/Count100000  50,547,038 ns/op   124,885,513 B/op   1,600,649 allocs/op
  [4/4]  bench  MerkleCommit/sumhash/Item10/Count100000  50,872,567 ns/op ±2%   124,885,465 B/op ±0%   1,600,649 allocs/op ±0%    3.74s
  [1/4]  bench  MerkleCommit/sumhash/Item1000/Count10  106,252 ns/op   28,669 B/op   233 allocs/op
  [2/4]  bench  MerkleCommit/sumhash/Item1000/Count10  106,899 ns/op   28,661 B/op   233 allocs/op
  [3/4]  bench  MerkleCommit/sumhash/Item1000/Count10  106,780 ns/op   28,662 B/op   233 allocs/op
  [4/4]  bench  MerkleCommit/sumhash/Item1000/Count10  106,412 ns/op ±1%   28,665 B/op ±0%   233 allocs/op    3.23s
  [1/4]  bench  MerkleCommit/sumhash/Item1000/Count100  464,761 ns/op   250,124 B/op   1,843 allocs/op
  [2/4]  bench  MerkleCommit/sumhash/Item1000/Count100  463,009 ns/op   250,173 B/op   1,844 allocs/op
  [3/4]  bench  MerkleCommit/sumhash/Item1000/Count100  465,039 ns/op   250,165 B/op   1,843 allocs/op
  [4/4]  bench  MerkleCommit/sumhash/Item1000/Count100  463,890 ns/op ±1%   250,184 B/op ±0%   1,844 allocs/op ±0%    3.76s
  [1/4]  bench  MerkleCommit/sumhash/Item1000/Count1000  2,607,993 ns/op   2,406,278 B/op   17,259 allocs/op
  [2/4]  bench  MerkleCommit/sumhash/Item1000/Count1000  2,574,534 ns/op   2,406,466 B/op   17,261 allocs/op
  [3/4]  bench  MerkleCommit/sumhash/Item1000/Count1000  2,591,578 ns/op   2,406,288 B/op   17,259 allocs/op
  [4/4]  bench  MerkleCommit/sumhash/Item1000/Count1000  2,579,687 ns/op ±2%   2,406,384 B/op ±0%   17,260 allocs/op ±0%    4.39s
  [1/4]  bench  MerkleCommit/sumhash/Item1000/Count10000  20,269,272 ns/op   23,898,629 B/op   170,473 allocs/op
  [2/4]  bench  MerkleCommit/sumhash/Item1000/Count10000  20,040,823 ns/op   23,898,797 B/op   170,475 allocs/op
  [3/4]  bench  MerkleCommit/sumhash/Item1000/Count10000  20,138,665 ns/op   23,898,691 B/op   170,474 allocs/op
  [4/4]  bench  MerkleCommit/sumhash/Item1000/Count10000  20,061,200 ns/op ±1%   23,898,773 B/op ±0%   170,475 allocs/op ±0%    3.74s
  [1/4]  bench  MerkleCommit/sumhash/Item1000/Count100000  180,951,944 ns/op   238,486,181 B/op   1,700,652 allocs/op
  [2/4]  bench  MerkleCommit/sumhash/Item1000/Count100000  179,632,990 ns/op   238,486,489 B/op   1,700,656 allocs/op
  [3/4]  bench  MerkleCommit/sumhash/Item1000/Count100000  180,476,150 ns/op   238,486,515 B/op   1,700,656 allocs/op
  [4/4]  bench  MerkleCommit/sumhash/Item1000/Count100000  179,713,309 ns/op ±1%   238,486,708 B/op ±0%   1,700,657 allocs/op ±0%    3.77s
  [1/4]  bench  MerkleCommit/sumhash/Item100000/Count10  2,122,540 ns/op   1,085,587 B/op   259 allocs/op
  [2/4]  bench  MerkleCommit/sumhash/Item100000/Count10  2,098,205 ns/op   1,085,596 B/op   259 allocs/op
  [3/4]  bench  MerkleCommit/sumhash/Item100000/Count10  2,145,300 ns/op   1,085,575 B/op   259 allocs/op
  [4/4]  bench  MerkleCommit/sumhash/Item100000/Count10  2,129,387 ns/op ±4%   1,085,591 B/op ±0%   259 allocs/op ±0%    4.31s
  [1/4]  bench  MerkleCommit/sumhash/Item100000/Count100  15,545,713 ns/op   10,798,651 B/op   1,856 allocs/op
  [2/4]  bench  MerkleCommit/sumhash/Item100000/Count100  15,422,061 ns/op   10,798,661 B/op   1,857 allocs/op
  [3/4]  bench  MerkleCommit/sumhash/Item100000/Count100  15,324,549 ns/op   10,798,651 B/op   1,857 allocs/op
  [4/4]  bench  MerkleCommit/sumhash/Item100000/Count100  15,379,470 ns/op ±1%   10,798,620 B/op ±0%   1,857 allocs/op ±0%    3.5s
  [1/4]  bench  MerkleCommit/sumhash/Item100000/Count1000  133,193,432 ns/op   107,879,070 B/op   17,261 allocs/op
  [2/4]  bench  MerkleCommit/sumhash/Item100000/Count1000  134,101,828 ns/op   107,878,793 B/op   17,259 allocs/op
  [3/4]  bench  MerkleCommit/sumhash/Item100000/Count1000  133,919,779 ns/op   107,878,855 B/op   17,259 allocs/op
  [4/4]  bench  MerkleCommit/sumhash/Item100000/Count1000  134,876,598 ns/op ±2%   107,878,974 B/op ±0%   17,260 allocs/op ±0%    3.65s
  [1/4]  bench  MerkleCommit/sumhash/Item100000/Count10000  1,297,955,625 ns/op   1,078,627,688 B/op   170,511 allocs/op
  [2/4]  bench  MerkleCommit/sumhash/Item100000/Count10000  1,310,027,167 ns/op   1,078,627,472 B/op   170,511 allocs/op
  [3/4]  bench  MerkleCommit/sumhash/Item100000/Count10000  1,303,402,208 ns/op   1,078,627,683 B/op   170,513 allocs/op
  [4/4]  bench  MerkleCommit/sumhash/Item100000/Count10000  1,306,028,823 ns/op ±1%   1,078,627,124 B/op ±0%   170,510 allocs/op ±0%    3.92s
  [1/4]  bench  MerkleCommit/sumhash/Item100000/Count100000  12,724,878,542 ns/op   10,785,727,928 B/op   1,700,754 allocs/op
  [2/4]  bench  MerkleCommit/sumhash/Item100000/Count100000  12,724,890,771 ns/op   10,785,729,032 B/op   1,700,763 allocs/op
  [3/4]  bench  MerkleCommit/sumhash/Item100000/Count100000  12,700,771,375 ns/op   10,785,729,725 B/op   1,700,767 allocs/op
  [4/4]  bench  MerkleCommit/sumhash/Item100000/Count100000  12,682,769,500 ns/op ±0%   10,785,729,288 B/op ±0%   1,700,762 allocs/op ±0%    38.01s
  [1/4]  bench  MerkleCommit/sha256/Item10/Count10    8,015 ns/op   5,511 B/op   107 allocs/op
  [2/4]  bench  MerkleCommit/sha256/Item10/Count10    8,080 ns/op   5,512 B/op   107 allocs/op
  [3/4]  bench  MerkleCommit/sha256/Item10/Count10    8,128 ns/op   5,511 B/op   107 allocs/op
  [4/4]  bench  MerkleCommit/sha256/Item10/Count10    8,134 ns/op ±1%   5,511 B/op ±0%   107 allocs/op    4.03s
  [1/4]  bench  MerkleCommit/sha256/Item10/Count100   39,363 ns/op   33,498 B/op   759 allocs/op
  [2/4]  bench  MerkleCommit/sha256/Item10/Count100   39,812 ns/op   33,492 B/op   759 allocs/op
  [3/4]  bench  MerkleCommit/sha256/Item10/Count100   39,941 ns/op   33,495 B/op   759 allocs/op
  [4/4]  bench  MerkleCommit/sha256/Item10/Count100   39,934 ns/op ±1%   33,493 B/op ±0%   759 allocs/op    4.81s
  [1/4]  bench  MerkleCommit/sha256/Item10/Count1000  200,855 ns/op   296,356 B/op   7,086 allocs/op
  [2/4]  bench  MerkleCommit/sha256/Item10/Count1000  201,929 ns/op   296,340 B/op   7,086 allocs/op
  [3/4]  bench  MerkleCommit/sha256/Item10/Count1000  201,097 ns/op   296,342 B/op   7,086 allocs/op
  [4/4]  bench  MerkleCommit/sha256/Item10/Count1000  201,359 ns/op ±1%   296,339 B/op ±0%   7,086 allocs/op    3.64s
  [1/4]  bench  MerkleCommit/sha256/Item10/Count10000  1,042,459 ns/op   2,914,337 B/op   70,173 allocs/op
  [2/4]  bench  MerkleCommit/sha256/Item10/Count10000  1,045,771 ns/op   2,914,326 B/op   70,173 allocs/op
  [3/4]  bench  MerkleCommit/sha256/Item10/Count10000  1,048,943 ns/op   2,914,342 B/op   70,173 allocs/op
  [4/4]  bench  MerkleCommit/sha256/Item10/Count10000  1,047,198 ns/op ±1%   2,914,336 B/op ±0%   70,173 allocs/op    3.86s
  [1/4]  bench  MerkleCommit/sha256/Item10/Count100000  6,718,659 ns/op   28,855,959 B/op   700,271 allocs/op
  [2/4]  bench  MerkleCommit/sha256/Item10/Count100000  6,761,370 ns/op   28,855,811 B/op   700,270 allocs/op
  [3/4]  bench  MerkleCommit/sha256/Item10/Count100000  6,723,253 ns/op   28,855,791 B/op   700,269 allocs/op
  [4/4]  bench  MerkleCommit/sha256/Item10/Count100000  6,717,023 ns/op ±1%   28,855,786 B/op ±0%   700,269 allocs/op ±0%    5.62s
  [1/4]  bench  MerkleCommit/sha256/Item1000/Count10  15,191 ns/op   15,644 B/op   107 allocs/op
  [2/4]  bench  MerkleCommit/sha256/Item1000/Count10  15,234 ns/op   15,646 B/op   107 allocs/op
  [3/4]  bench  MerkleCommit/sha256/Item1000/Count10  15,202 ns/op   15,645 B/op   107 allocs/op
  [4/4]  bench  MerkleCommit/sha256/Item1000/Count10  15,107 ns/op ±1%   15,646 B/op ±0%   107 allocs/op    4.05s
  [1/4]  bench  MerkleCommit/sha256/Item1000/Count100  73,156 ns/op   134,522 B/op   761 allocs/op
  [2/4]  bench  MerkleCommit/sha256/Item1000/Count100  72,916 ns/op   134,520 B/op   761 allocs/op
  [3/4]  bench  MerkleCommit/sha256/Item1000/Count100  73,021 ns/op   134,522 B/op   761 allocs/op
  [4/4]  bench  MerkleCommit/sha256/Item1000/Count100  73,106 ns/op ±0%   134,524 B/op ±0%   761 allocs/op    5.82s
  [1/4]  bench  MerkleCommit/sha256/Item1000/Count1000  403,907 ns/op   1,305,355 B/op   7,095 allocs/op
  [2/4]  bench  MerkleCommit/sha256/Item1000/Count1000  407,529 ns/op   1,305,336 B/op   7,095 allocs/op
  [3/4]  bench  MerkleCommit/sha256/Item1000/Count1000  406,376 ns/op   1,305,344 B/op   7,095 allocs/op
  [4/4]  bench  MerkleCommit/sha256/Item1000/Count1000  407,127 ns/op ±1%   1,305,335 B/op ±0%   7,095 allocs/op ±0%    3.78s
  [1/4]  bench  MerkleCommit/sha256/Item1000/Count10000  2,678,433 ns/op   12,995,013 B/op   70,179 allocs/op
  [2/4]  bench  MerkleCommit/sha256/Item1000/Count10000  2,706,474 ns/op   12,994,994 B/op   70,179 allocs/op
  [3/4]  bench  MerkleCommit/sha256/Item1000/Count10000  2,736,825 ns/op   12,995,023 B/op   70,179 allocs/op
  [4/4]  bench  MerkleCommit/sha256/Item1000/Count10000  2,725,527 ns/op ±2%   12,995,008 B/op ±0%   70,179 allocs/op ±0%    4.32s
  [1/4]  bench  MerkleCommit/sha256/Item1000/Count100000  23,440,397 ns/op   129,655,990 B/op   700,269 allocs/op
  [2/4]  bench  MerkleCommit/sha256/Item1000/Count100000  23,642,358 ns/op   129,656,078 B/op   700,270 allocs/op
  [3/4]  bench  MerkleCommit/sha256/Item1000/Count100000  23,666,458 ns/op   129,656,133 B/op   700,270 allocs/op
  [4/4]  bench  MerkleCommit/sha256/Item1000/Count100000  23,697,425 ns/op ±1%   129,656,055 B/op ±0%   700,270 allocs/op ±0%    3.73s
  [1/4]  bench  MerkleCommit/sha256/Item100000/Count10  230,395 ns/op   1,071,224 B/op   115 allocs/op
  [2/4]  bench  MerkleCommit/sha256/Item100000/Count10  232,103 ns/op   1,071,223 B/op   115 allocs/op
  [3/4]  bench  MerkleCommit/sha256/Item100000/Count10  231,196 ns/op   1,071,224 B/op   115 allocs/op
  [4/4]  bench  MerkleCommit/sha256/Item100000/Count10  231,865 ns/op ±1%   1,071,224 B/op ±0%   115 allocs/op    3.71s
  [1/4]  bench  MerkleCommit/sha256/Item100000/Count100  1,479,851 ns/op   10,683,660 B/op   779 allocs/op
  [2/4]  bench  MerkleCommit/sha256/Item100000/Count100  1,481,562 ns/op   10,683,655 B/op   779 allocs/op
  [3/4]  bench  MerkleCommit/sha256/Item100000/Count100  1,477,696 ns/op   10,683,663 B/op   779 allocs/op
  [4/4]  bench  MerkleCommit/sha256/Item100000/Count100  1,480,751 ns/op ±1%   10,683,661 B/op ±0%   779 allocs/op    4.07s
  [1/4]  bench  MerkleCommit/sha256/Item100000/Count1000  13,994,289 ns/op   106,779,299 B/op   7,108 allocs/op
  [2/4]  bench  MerkleCommit/sha256/Item100000/Count1000  14,002,301 ns/op   106,779,298 B/op   7,108 allocs/op
  [3/4]  bench  MerkleCommit/sha256/Item100000/Count1000  14,074,466 ns/op   106,779,241 B/op   7,107 allocs/op
  [4/4]  bench  MerkleCommit/sha256/Item100000/Count1000  14,066,136 ns/op ±1%   106,779,264 B/op ±0%   7,108 allocs/op ±0%    3.5s
  [1/4]  bench  MerkleCommit/sha256/Item100000/Count10000  132,238,614 ns/op   1,067,725,334 B/op   70,223 allocs/op
  [2/4]  bench  MerkleCommit/sha256/Item100000/Count10000  131,524,812 ns/op   1,067,724,778 B/op   70,217 allocs/op
  [3/4]  bench  MerkleCommit/sha256/Item100000/Count10000  132,331,338 ns/op   1,067,725,114 B/op   70,220 allocs/op
  [4/4]  bench  MerkleCommit/sha256/Item100000/Count10000  132,036,362 ns/op ±1%   1,067,725,185 B/op ±0%   70,220 allocs/op ±0%    3.56s
  [1/4]  bench  MerkleCommit/sha256/Item100000/Count100000  1,110,498,041 ns/op   10,676,923,000 B/op   700,560 allocs/op
  [2/4]  bench  MerkleCommit/sha256/Item100000/Count100000  1,131,208,333 ns/op   10,676,926,144 B/op   700,576 allocs/op
  [3/4]  bench  MerkleCommit/sha256/Item100000/Count100000  1,128,526,639 ns/op   10,676,923,341 B/op   700,541 allocs/op
  [4/4]  bench  MerkleCommit/sha256/Item100000/Count100000  1,132,184,240 ns/op ±2%   10,676,923,192 B/op ±0%   700,541 allocs/op ±0%    3.42s
  [1/4]  bench  AppendMsgBlockHeader                  35.7 ns/op   28.0 MB/s   0.000 B/op   0.000 allocs/op
  [2/4]  bench  AppendMsgBlockHeader                  35.6 ns/op   28.1 MB/s   0.000 B/op   0.000 allocs/op
  [3/4]  bench  AppendMsgBlockHeader                  35.7 ns/op   28.0 MB/s   0.000 B/op   0.000 allocs/op
  [4/4]  bench  AppendMsgBlockHeader                  35.7 ns/op ±0%   28.0 MB/s ±0%   0.000 B/op   0.000 allocs/op    3.72s
  [1/4]  bench  AppendMsgSignedTxn                    74.8 ns/op   13.4 MB/s   0.000 B/op   0.000 allocs/op
  [2/4]  bench  AppendMsgSignedTxn                    75.2 ns/op   13.3 MB/s   0.000 B/op   0.000 allocs/op
  [3/4]  bench  AppendMsgSignedTxn                    75.1 ns/op   13.3 MB/s   0.000 B/op   0.000 allocs/op
  [4/4]  bench  AppendMsgSignedTxn                    75.2 ns/op ±1%   13.3 MB/s ±1%   0.000 B/op   0.000 allocs/op    3.86s
  [1/4]  bench  PaysetGroups                          5,598 ns/op   132,761 B/op   8.00 allocs/op
  [2/4]  bench  PaysetGroups                          5,589 ns/op   129,504 B/op   8.00 allocs/op
  [3/4]  bench  PaysetGroups                          5,568 ns/op   125,547 B/op   8.00 allocs/op
  [4/4]  bench  PaysetGroups                          5,581 ns/op ±1%   123,658 B/op ±6%   8.00 allocs/op    23.96s
  [1/4]  bench  Txn                                   41,378 ns/op   9,504 B/op   12.0 allocs/op
  [2/4]  bench  Txn                                   41,272 ns/op   9,508 B/op   12.0 allocs/op
  [3/4]  bench  Txn                                   41,267 ns/op   9,506 B/op   12.0 allocs/op
  [4/4]  bench  Txn                                   41,213 ns/op ±0%   9,508 B/op ±0%   12.0 allocs/op    9.07s
  [1/4]  bench  TxHandlerProcessing/processDecoded    10,091 ns/op   3,896 B/op   44.0 allocs/op
  [2/4]  bench  TxHandlerProcessing/processDecoded    10,155 ns/op   3,896 B/op   44.0 allocs/op
  [3/4]  bench  TxHandlerProcessing/processDecoded    10,164 ns/op   3,896 B/op   44.0 allocs/op
  [4/4]  bench  TxHandlerProcessing/processDecoded    10,156 ns/op ±1%   3,896 B/op   44.0 allocs/op    9.21s
  [1/4]  bench  TxHandlerProcessing/verify.TxnGroup   41,656 ns/op   11,712 B/op   16.0 allocs/op
  [2/4]  bench  TxHandlerProcessing/verify.TxnGroup   41,614 ns/op   11,712 B/op   16.0 allocs/op
  [3/4]  bench  TxHandlerProcessing/verify.TxnGroup   41,541 ns/op   11,712 B/op   16.0 allocs/op
  [4/4]  bench  TxHandlerProcessing/verify.TxnGroup   41,504 ns/op ±0%   11,712 B/op   16.0 allocs/op    6.53s
  [1/4]  bench  CompactDeltas/account-deltas          1,595,486 ns/op   4,169,262 B/op   18.0 allocs/op
  [2/4]  bench  CompactDeltas/account-deltas          1,496,078 ns/op   4,172,309 B/op   18.0 allocs/op
  [3/4]  bench  CompactDeltas/account-deltas          1,470,254 ns/op   4,170,299 B/op   18.0 allocs/op
  [4/4]  bench  CompactDeltas/account-deltas          1,451,030 ns/op ±7%   4,171,822 B/op ±0%   18.0 allocs/op    17.06s
