  [1/4]  bench  MerkleCommit/sha512_256/Item10/Count10  13,539 ns/op   6,092 B/op   107 allocs/op
  [2/4]  bench  MerkleCommit/sha512_256/Item10/Count10  13,670 ns/op   6,087 B/op   107 allocs/op
  [3/4]  bench  MerkleCommit/sha512_256/Item10/Count10  13,700 ns/op   6,087 B/op   107 allocs/op
  [4/4]  bench  MerkleCommit/sha512_256/Item10/Count10  13,715 ns/op ±1%   6,086 B/op ±0%   107 allocs/op    4.08s
  [1/4]  bench  MerkleCommit/sha512_256/Item10/Count100  53,111 ns/op   34,682 B/op   761 allocs/op
  [2/4]  bench  MerkleCommit/sha512_256/Item10/Count100  53,348 ns/op   34,684 B/op   761 allocs/op
  [3/4]  bench  MerkleCommit/sha512_256/Item10/Count100  53,675 ns/op   34,675 B/op   761 allocs/op
  [4/4]  bench  MerkleCommit/sha512_256/Item10/Count100  53,642 ns/op ±1%   34,676 B/op ±0%   761 allocs/op ±0%    5.23s
  [1/4]  bench  MerkleCommit/sha512_256/Item10/Count1000  253,560 ns/op   298,960 B/op   7,090 allocs/op
  [2/4]  bench  MerkleCommit/sha512_256/Item10/Count1000  251,155 ns/op   298,992 B/op   7,091 allocs/op
  [3/4]  bench  MerkleCommit/sha512_256/Item10/Count1000  251,193 ns/op   298,988 B/op   7,090 allocs/op
  [4/4]  bench  MerkleCommit/sha512_256/Item10/Count1000  250,639 ns/op ±1%   298,996 B/op ±0%   7,091 allocs/op ±0%    3.67s
  [1/4]  bench  MerkleCommit/sha512_256/Item10/Count10000  1,256,255 ns/op   2,920,364 B/op   70,181 allocs/op
  [2/4]  bench  MerkleCommit/sha512_256/Item10/Count10000  1,253,705 ns/op   2,920,455 B/op   70,182 allocs/op
  [3/4]  bench  MerkleCommit/sha512_256/Item10/Count10000  1,259,445 ns/op   2,920,436 B/op   70,182 allocs/op
  [4/4]  bench  MerkleCommit/sha512_256/Item10/Count10000  1,258,168 ns/op ±1%   2,920,471 B/op ±0%   70,182 allocs/op ±0%    4.01s
  [1/4]  bench  MerkleCommit/sha512_256/Item10/Count100000  7,960,066 ns/op   28,866,088 B/op   700,279 allocs/op
  [2/4]  bench  MerkleCommit/sha512_256/Item10/Count100000  7,896,917 ns/op   28,866,063 B/op   700,279 allocs/op
  [3/4]  bench  MerkleCommit/sha512_256/Item10/Count100000  7,860,230 ns/op   28,866,182 B/op   700,280 allocs/op
  [4/4]  bench  MerkleCommit/sha512_256/Item10/Count100000  7,826,977 ns/op ±1%   28,866,250 B/op ±0%   700,281 allocs/op ±0%    5.92s
  [1/4]  bench  MerkleCommit/sha512_256/Item1000/Count10  22,948 ns/op   16,259 B/op   108 allocs/op
  [2/4]  bench  MerkleCommit/sha512_256/Item1000/Count10  22,551 ns/op   16,260 B/op   108 allocs/op
  [3/4]  bench  MerkleCommit/sha512_256/Item1000/Count10  22,455 ns/op   16,258 B/op   108 allocs/op
  [4/4]  bench  MerkleCommit/sha512_256/Item1000/Count10  22,426 ns/op ±2%   16,259 B/op ±0%   108 allocs/op    4.25s
  [1/4]  bench  MerkleCommit/sha512_256/Item1000/Count100  96,991 ns/op   135,890 B/op   763 allocs/op
  [2/4]  bench  MerkleCommit/sha512_256/Item1000/Count100  96,753 ns/op   135,899 B/op   763 allocs/op
  [3/4]  bench  MerkleCommit/sha512_256/Item1000/Count100  95,991 ns/op   135,911 B/op   763 allocs/op
  [4/4]  bench  MerkleCommit/sha512_256/Item1000/Count100  95,547 ns/op ±1%   135,914 B/op ±0%   763 allocs/op ±0%    6.48s
  [1/4]  bench  MerkleCommit/sha512_256/Item1000/Count1000  493,174 ns/op   1,308,329 B/op   7,099 allocs/op
  [2/4]  bench  MerkleCommit/sha512_256/Item1000/Count1000  487,423 ns/op   1,308,365 B/op   7,100 allocs/op
  [3/4]  bench  MerkleCommit/sha512_256/Item1000/Count1000  488,839 ns/op   1,308,363 B/op   7,099 allocs/op
  [4/4]  bench  MerkleCommit/sha512_256/Item1000/Count1000  487,574 ns/op ±1%   1,308,384 B/op ±0%   7,100 allocs/op ±0%    3.76s
  [1/4]  bench  MerkleCommit/sha512_256/Item1000/Count10000  3,285,278 ns/op   13,000,950 B/op   70,185 allocs/op
  [2/4]  bench  MerkleCommit/sha512_256/Item1000/Count10000  3,259,291 ns/op   13,001,030 B/op   70,186 allocs/op
  [3/4]  bench  MerkleCommit/sha512_256/Item1000/Count10000  3,273,534 ns/op   13,001,006 B/op   70,185 allocs/op
  [4/4]  bench  MerkleCommit/sha512_256/Item1000/Count10000  3,251,878 ns/op ±2%   13,001,009 B/op ±0%   70,185 allocs/op ±0%    4.55s
  [1/4]  bench  MerkleCommit/sha512_256/Item1000/Count100000  26,494,445 ns/op   129,665,468 B/op   700,274 allocs/op
  [2/4]  bench  MerkleCommit/sha512_256/Item1000/Count100000  26,407,401 ns/op   129,665,639 B/op   700,276 allocs/op
  [3/4]  bench  MerkleCommit/sha512_256/Item1000/Count100000  26,601,193 ns/op   129,665,555 B/op   700,275 allocs/op
  [4/4]  bench  MerkleCommit/sha512_256/Item1000/Count100000  26,564,340 ns/op ±1%   129,665,625 B/op ±0%   700,276 allocs/op ±0%    3.54s
  [1/4]  bench  MerkleCommit/sha512_256/Item100000/Count10  326,655 ns/op   1,072,384 B/op   117 allocs/op
  [2/4]  bench  MerkleCommit/sha512_256/Item100000/Count10  326,866 ns/op   1,072,403 B/op   117 allocs/op
  [3/4]  bench  MerkleCommit/sha512_256/Item100000/Count10  327,198 ns/op   1,072,408 B/op   117 allocs/op
  [4/4]  bench  MerkleCommit/sha512_256/Item100000/Count10  327,850 ns/op ±0%   1,072,408 B/op ±0%   117 allocs/op    3.66s
  [1/4]  bench  MerkleCommit/sha512_256/Item100000/Count100  1,924,724 ns/op   10,685,849 B/op   781 allocs/op
  [2/4]  bench  MerkleCommit/sha512_256/Item100000/Count100  1,936,194 ns/op   10,685,840 B/op   781 allocs/op
  [3/4]  bench  MerkleCommit/sha512_256/Item100000/Count100  1,928,360 ns/op   10,685,836 B/op   781 allocs/op
  [4/4]  bench  MerkleCommit/sha512_256/Item100000/Count100  1,936,571 ns/op ±1%   10,685,834 B/op ±0%   781 allocs/op    4.2s
  [1/4]  bench  MerkleCommit/sha512_256/Item100000/Count1000  17,668,771 ns/op   106,782,494 B/op   7,111 allocs/op
  [2/4]  bench  MerkleCommit/sha512_256/Item100000/Count1000  17,783,848 ns/op   106,782,496 B/op   7,111 allocs/op
  [3/4]  bench  MerkleCommit/sha512_256/Item100000/Count1000  17,683,114 ns/op   106,782,554 B/op   7,112 allocs/op
  [4/4]  bench  MerkleCommit/sha512_256/Item100000/Count1000  17,699,154 ns/op ±1%   106,782,531 B/op ±0%   7,112 allocs/op ±0%    3.65s
  [1/4]  bench  MerkleCommit/sha512_256/Item100000/Count10000  163,012,137 ns/op   1,067,732,387 B/op   70,240 allocs/op
  [2/4]  bench  MerkleCommit/sha512_256/Item100000/Count10000  163,604,069 ns/op   1,067,732,642 B/op   70,243 allocs/op
  [3/4]  bench  MerkleCommit/sha512_256/Item100000/Count10000  161,939,236 ns/op   1,067,731,701 B/op   70,233 allocs/op
  [4/4]  bench  MerkleCommit/sha512_256/Item100000/Count10000  162,218,609 ns/op ±2%   1,067,732,064 B/op ±0%   70,237 allocs/op ±0%    3.88s
  [1/4]  bench  MerkleCommit/sha512_256/Item100000/Count100000  1,248,688,833 ns/op   10,676,913,144 B/op   700,458 allocs/op
  [2/4]  bench  MerkleCommit/sha512_256/Item100000/Count100000  1,318,898,959 ns/op   10,676,923,792 B/op   700,523 allocs/op
  [3/4]  bench  MerkleCommit/sha512_256/Item100000/Count100000  1,323,286,514 ns/op   10,676,923,475 B/op   700,514 allocs/op
  [4/4]  bench  MerkleCommit/sha512_256/Item100000/Count100000  1,342,753,229 ns/op ±6%   10,676,925,304 B/op ±0%   700,520 allocs/op ±0%    4.12s
  [1/4]  bench  MerkleCommit/sumhash/Item10/Count10   50,458 ns/op   16,788 B/op   217 allocs/op
  [2/4]  bench  MerkleCommit/sumhash/Item10/Count10   50,356 ns/op   16,793 B/op   217 allocs/op
  [3/4]  bench  MerkleCommit/sumhash/Item10/Count10   50,489 ns/op   16,791 B/op   217 allocs/op
  [4/4]  bench  MerkleCommit/sumhash/Item10/Count10   50,476 ns/op ±0%   16,793 B/op ±0%   217 allocs/op    5.13s
  [1/4]  bench  MerkleCommit/sumhash/Item10/Count100  236,393 ns/op   134,833 B/op   1,723 allocs/op
  [2/4]  bench  MerkleCommit/sumhash/Item10/Count100  236,258 ns/op   134,836 B/op   1,723 allocs/op
  [3/4]  bench  MerkleCommit/sumhash/Item10/Count100  236,943 ns/op   134,817 B/op   1,723 allocs/op
  [4/4]  bench  MerkleCommit/sumhash/Item10/Count100  236,775 ns/op ±0%   134,826 B/op ±0%   1,723 allocs/op ±0%    3.68s
  [1/4]  bench  MerkleCommit/sumhash/Item10/Count1000  1,063,461 ns/op   1,268,692 B/op   16,240 allocs/op
  [2/4]  bench  MerkleCommit/sumhash/Item10/Count1000  1,062,204 ns/op   1,268,765 B/op   16,241 allocs/op
  [3/4]  bench  MerkleCommit/sumhash/Item10/Count1000  1,065,313 ns/op   1,268,739 B/op   16,241 allocs/op
  [4/4]  bench  MerkleCommit/sumhash/Item10/Count1000  1,064,181 ns/op ±1%   1,268,769 B/op ±0%   16,241 allocs/op ±0%    3.95s
  [1/4]  bench  MerkleCommit/sumhash/Item10/Count10000  6,467,856 ns/op   12,537,832 B/op   160,464 allocs/op
  [2/4]  bench  MerkleCommit/sumhash/Item10/Count10000  6,431,122 ns/op   12,537,978 B/op   160,466 allocs/op
  [3/4]  bench  MerkleCommit/sumhash/Item10/Count10000  6,389,776 ns/op   12,538,145 B/op   160,468 allocs/op
  [4/4]  bench  MerkleCommit/sumhash/Item10/Count10000  6,404,026 ns/op ±1%   12,538,120 B/op ±0%   160,468 allocs/op ±0%    5.52s
  [1/4]  bench  MerkleCommit/sumhash/Item10/Count100000  49,308,977 ns/op   124,886,061 B/op   1,600,655 allocs/op
  [2/4]  bench  MerkleCommit/sumhash/Item10/Count100000  49,893,279 ns/op   124,885,593 B/op   1,600,650 allocs/op
  [3/4]  bench  MerkleCommit/sumhash/Item10/Count100000  49,773,545 ns/op   124,885,666 B/op   1,600,651 allocs/op
  [4/4]  bench  MerkleCommit/sumhash/Item10/Count100000  50,136,135 ns/op ±2%   124,885,564 B/op ±0%   1,600,650 allocs/op ±0%    3.69s
  [1/4]  bench  MerkleCommit/sumhash/Item1000/Count10  105,269 ns/op   28,639 B/op   233 allocs/op
  [2/4]  bench  MerkleCommit/sumhash/Item1000/Count10  105,779 ns/op   28,638 B/op   233 allocs/op
  [3/4]  bench  MerkleCommit/sumhash/Item1000/Count10  105,668 ns/op   28,638 B/op   233 allocs/op
  [4/4]  bench  MerkleCommit/sumhash/Item1000/Count10  105,565 ns/op ±0%   28,638 B/op ±0%   233 allocs/op    3.2s
  [1/4]  bench  MerkleCommit/sumhash/Item1000/Count100  459,122 ns/op   250,094 B/op   1,842 allocs/op
  [2/4]  bench  MerkleCommit/sumhash/Item1000/Count100  455,426 ns/op   250,152 B/op   1,843 allocs/op
  [3/4]  bench  MerkleCommit/sumhash/Item1000/Count100  455,048 ns/op   250,153 B/op   1,843 allocs/op
  [4/4]  bench  MerkleCommit/sumhash/Item1000/Count100  454,246 ns/op ±1%   250,169 B/op ±0%   1,843 allocs/op ±0%    3.74s
  [1/4]  bench  MerkleCommit/sumhash/Item1000/Count1000  2,549,638 ns/op   2,406,159 B/op   17,257 allocs/op
  [2/4]  bench  MerkleCommit/sumhash/Item1000/Count1000  2,524,627 ns/op   2,406,304 B/op   17,259 allocs/op
  [3/4]  bench  MerkleCommit/sumhash/Item1000/Count1000  2,526,828 ns/op   2,406,280 B/op   17,259 allocs/op
  [4/4]  bench  MerkleCommit/sumhash/Item1000/Count1000  2,519,042 ns/op ±1%   2,406,336 B/op ±0%   17,259 allocs/op ±0%    4.38s
  [1/4]  bench  MerkleCommit/sumhash/Item1000/Count10000  19,849,470 ns/op   23,898,313 B/op   170,469 allocs/op
  [2/4]  bench  MerkleCommit/sumhash/Item1000/Count10000  19,620,083 ns/op   23,898,555 B/op   170,472 allocs/op
  [3/4]  bench  MerkleCommit/sumhash/Item1000/Count10000  19,675,070 ns/op   23,898,617 B/op   170,473 allocs/op
  [4/4]  bench  MerkleCommit/sumhash/Item1000/Count10000  19,603,407 ns/op ±1%   23,898,611 B/op ±0%   170,473 allocs/op ±0%    3.69s
  [1/4]  bench  MerkleCommit/sumhash/Item1000/Count100000  178,585,993 ns/op   238,486,600 B/op   1,700,656 allocs/op
  [2/4]  bench  MerkleCommit/sumhash/Item1000/Count100000  175,869,900 ns/op   238,486,763 B/op   1,700,658 allocs/op
  [3/4]  bench  MerkleCommit/sumhash/Item1000/Count100000  174,234,634 ns/op   238,486,637 B/op   1,700,656 allocs/op
  [4/4]  bench  MerkleCommit/sumhash/Item1000/Count100000  173,849,613 ns/op ±2%   238,486,637 B/op ±0%   1,700,657 allocs/op ±0%    3.64s
  [1/4]  bench  MerkleCommit/sumhash/Item100000/Count10  2,028,125 ns/op   1,085,585 B/op   259 allocs/op
  [2/4]  bench  MerkleCommit/sumhash/Item100000/Count10  2,036,734 ns/op   1,085,605 B/op   259 allocs/op
  [3/4]  bench  MerkleCommit/sumhash/Item100000/Count10  2,031,570 ns/op   1,085,617 B/op   259 allocs/op
  [4/4]  bench  MerkleCommit/sumhash/Item100000/Count10  2,032,313 ns/op ±1%   1,085,621 B/op ±0%   259 allocs/op    4.06s
  [1/4]  bench  MerkleCommit/sumhash/Item100000/Count100  14,795,131 ns/op   10,798,845 B/op   1,858 allocs/op
  [2/4]  bench  MerkleCommit/sumhash/Item100000/Count100  14,944,562 ns/op   10,798,719 B/op   1,858 allocs/op
  [3/4]  bench  MerkleCommit/sumhash/Item100000/Count100  14,890,661 ns/op   10,798,697 B/op   1,857 allocs/op
  [4/4]  bench  MerkleCommit/sumhash/Item100000/Count100  14,931,547 ns/op ±1%   10,798,649 B/op ±0%   1,857 allocs/op ±0%    3.71s
  [1/4]  bench  MerkleCommit/sumhash/Item100000/Count1000  131,737,912 ns/op   107,878,600 B/op   17,255 allocs/op
  [2/4]  bench  MerkleCommit/sumhash/Item100000/Count1000  132,988,599 ns/op   107,878,625 B/op   17,255 allocs/op
  [3/4]  bench  MerkleCommit/sumhash/Item100000/Count1000  132,485,578 ns/op   107,878,707 B/op   17,256 allocs/op
  [4/4]  bench  MerkleCommit/sumhash/Item100000/Count1000  132,269,380 ns/op ±1%   107,878,849 B/op ±0%   17,257 allocs/op ±0%    3.57s
  [1/4]  bench  MerkleCommit/sumhash/Item100000/Count10000  1,275,442,958 ns/op   1,078,625,896 B/op   170,495 allocs/op
  [2/4]  bench  MerkleCommit/sumhash/Item100000/Count10000  1,272,536,458 ns/op   1,078,627,320 B/op   170,503 allocs/op
  [3/4]  bench  MerkleCommit/sumhash/Item100000/Count10000  1,276,909,694 ns/op   1,078,627,000 B/op   170,502 allocs/op
  [4/4]  bench  MerkleCommit/sumhash/Item100000/Count10000  1,272,333,917 ns/op ±1%   1,078,626,712 B/op ±0%   170,499 allocs/op ±0%    3.81s
  [1/4]  bench  MerkleCommit/sumhash/Item100000/Count100000  12,409,173,709 ns/op   10,785,728,632 B/op   1,700,765 allocs/op
  [2/4]  bench  MerkleCommit/sumhash/Item100000/Count100000  12,397,368,917 ns/op   10,785,728,784 B/op   1,700,757 allocs/op
  [3/4]  bench  MerkleCommit/sumhash/Item100000/Count100000  12,366,827,083 ns/op   10,785,728,643 B/op   1,700,761 allocs/op
  [4/4]  bench  MerkleCommit/sumhash/Item100000/Count100000  12,339,266,615 ns/op ±1%   10,785,729,676 B/op ±0%   1,700,765 allocs/op ±0%    36.95s
  [1/4]  bench  MerkleCommit/sha256/Item10/Count10    8,171 ns/op   5,512 B/op   107 allocs/op
  [2/4]  bench  MerkleCommit/sha256/Item10/Count10    8,164 ns/op   5,512 B/op   107 allocs/op
  [3/4]  bench  MerkleCommit/sha256/Item10/Count10    8,173 ns/op   5,511 B/op   107 allocs/op
  [4/4]  bench  MerkleCommit/sha256/Item10/Count10    8,167 ns/op ±0%   5,511 B/op ±0%   107 allocs/op    3.83s
  [1/4]  bench  MerkleCommit/sha256/Item10/Count100   39,691 ns/op   33,502 B/op   759 allocs/op
  [2/4]  bench  MerkleCommit/sha256/Item10/Count100   39,739 ns/op   33,496 B/op   759 allocs/op
  [3/4]  bench  MerkleCommit/sha256/Item10/Count100   39,926 ns/op   33,498 B/op   759 allocs/op
  [4/4]  bench  MerkleCommit/sha256/Item10/Count100   39,760 ns/op ±1%   33,499 B/op ±0%   759 allocs/op    4.86s
  [1/4]  bench  MerkleCommit/sha256/Item10/Count1000  200,866 ns/op   296,359 B/op   7,086 allocs/op
  [2/4]  bench  MerkleCommit/sha256/Item10/Count1000  201,249 ns/op   296,349 B/op   7,086 allocs/op
  [3/4]  bench  MerkleCommit/sha256/Item10/Count1000  200,096 ns/op   296,344 B/op   7,086 allocs/op
  [4/4]  bench  MerkleCommit/sha256/Item10/Count1000  200,866 ns/op ±1%   296,338 B/op ±0%   7,086 allocs/op    3.55s
  [1/4]  bench  MerkleCommit/sha256/Item10/Count10000  1,042,614 ns/op   2,914,353 B/op   70,173 allocs/op
  [2/4]  bench  MerkleCommit/sha256/Item10/Count10000  1,056,871 ns/op   2,914,312 B/op   70,173 allocs/op
  [3/4]  bench  MerkleCommit/sha256/Item10/Count10000  1,052,595 ns/op   2,914,338 B/op   70,173 allocs/op
  [4/4]  bench  MerkleCommit/sha256/Item10/Count10000  1,054,634 ns/op ±1%   2,914,319 B/op ±0%   70,173 allocs/op ±0%    3.96s
  [1/4]  bench  MerkleCommit/sha256/Item10/Count100000  6,656,667 ns/op   28,855,909 B/op   700,270 allocs/op
  [2/4]  bench  MerkleCommit/sha256/Item10/Count100000  6,647,953 ns/op   28,855,904 B/op   700,270 allocs/op
  [3/4]  bench  MerkleCommit/sha256/Item10/Count100000  6,681,223 ns/op   28,855,846 B/op   700,269 allocs/op
  [4/4]  bench  MerkleCommit/sha256/Item10/Count100000  6,669,571 ns/op ±1%   28,855,844 B/op ±0%   700,269 allocs/op ±0%    5.6s
  [1/4]  bench  MerkleCommit/sha256/Item1000/Count10  15,178 ns/op   15,645 B/op   107 allocs/op
  [2/4]  bench  MerkleCommit/sha256/Item1000/Count10  14,760 ns/op   15,647 B/op   107 allocs/op
  [3/4]  bench  MerkleCommit/sha256/Item1000/Count10  14,904 ns/op   15,646 B/op   107 allocs/op
  [4/4]  bench  MerkleCommit/sha256/Item1000/Count10  14,960 ns/op ±3%   15,646 B/op ±0%   107 allocs/op    4.05s
  [1/4]  bench  MerkleCommit/sha256/Item1000/Count100  73,580 ns/op   134,530 B/op   761 allocs/op
  [2/4]  bench  MerkleCommit/sha256/Item1000/Count100  73,891 ns/op   134,526 B/op   761 allocs/op
  [3/4]  bench  MerkleCommit/sha256/Item1000/Count100  73,985 ns/op   134,524 B/op   761 allocs/op
  [4/4]  bench  MerkleCommit/sha256/Item1000/Count100  73,887 ns/op ±0%   134,526 B/op ±0%   761 allocs/op    5.85s
  [1/4]  bench  MerkleCommit/sha256/Item1000/Count1000  405,417 ns/op   1,305,298 B/op   7,095 allocs/op
  [2/4]  bench  MerkleCommit/sha256/Item1000/Count1000  404,076 ns/op   1,305,325 B/op   7,095 allocs/op
  [3/4]  bench  MerkleCommit/sha256/Item1000/Count1000  404,472 ns/op   1,305,316 B/op   7,095 allocs/op
  [4/4]  bench  MerkleCommit/sha256/Item1000/Count1000  404,088 ns/op ±0%   1,305,323 B/op ±0%   7,095 allocs/op    3.73s
  [1/4]  bench  MerkleCommit/sha256/Item1000/Count10000  2,724,480 ns/op   12,994,930 B/op   70,178 allocs/op
  [2/4]  bench  MerkleCommit/sha256/Item1000/Count10000  2,749,488 ns/op   12,995,002 B/op   70,179 allocs/op
  [3/4]  bench  MerkleCommit/sha256/Item1000/Count10000  2,741,410 ns/op   12,994,953 B/op   70,179 allocs/op
  [4/4]  bench  MerkleCommit/sha256/Item1000/Count10000  2,745,450 ns/op ±1%   12,994,988 B/op ±0%   70,179 allocs/op ±0%    4.35s
  [1/4]  bench  MerkleCommit/sha256/Item1000/Count100000  23,839,691 ns/op   129,655,794 B/op   700,267 allocs/op
  [2/4]  bench  MerkleCommit/sha256/Item1000/Count100000  23,724,394 ns/op   129,655,824 B/op   700,267 allocs/op
  [3/4]  bench  MerkleCommit/sha256/Item1000/Count100000  23,871,873 ns/op   129,655,837 B/op   700,267 allocs/op
  [4/4]  bench  MerkleCommit/sha256/Item1000/Count100000  23,774,568 ns/op ±1%   129,655,884 B/op ±0%   700,268 allocs/op ±0%    3.69s
  [1/4]  bench  MerkleCommit/sha256/Item100000/Count10  231,005 ns/op   1,071,223 B/op   115 allocs/op
  [2/4]  bench  MerkleCommit/sha256/Item100000/Count10  229,896 ns/op   1,071,228 B/op   115 allocs/op
  [3/4]  bench  MerkleCommit/sha256/Item100000/Count10  229,581 ns/op   1,071,227 B/op   115 allocs/op
  [4/4]  bench  MerkleCommit/sha256/Item100000/Count10  230,439 ns/op ±1%   1,071,226 B/op ±0%   115 allocs/op    3.72s
  [1/4]  bench  MerkleCommit/sha256/Item100000/Count100  1,469,124 ns/op   10,683,660 B/op   779 allocs/op
  [2/4]  bench  MerkleCommit/sha256/Item100000/Count100  1,469,594 ns/op   10,683,647 B/op   779 allocs/op
  [3/4]  bench  MerkleCommit/sha256/Item100000/Count100  1,467,464 ns/op   10,683,650 B/op   779 allocs/op
  [4/4]  bench  MerkleCommit/sha256/Item100000/Count100  1,473,750 ns/op ±1%   10,683,646 B/op ±0%   779 allocs/op    4.1s
  [1/4]  bench  MerkleCommit/sha256/Item100000/Count1000  14,045,788 ns/op   106,779,363 B/op   7,109 allocs/op
  [2/4]  bench  MerkleCommit/sha256/Item100000/Count1000  14,156,863 ns/op   106,779,313 B/op   7,109 allocs/op
  [3/4]  bench  MerkleCommit/sha256/Item100000/Count1000  14,099,162 ns/op   106,779,323 B/op   7,108 allocs/op
  [4/4]  bench  MerkleCommit/sha256/Item100000/Count1000  14,130,386 ns/op ±1%   106,779,295 B/op ±0%   7,108 allocs/op ±0%    3.62s
  [1/4]  bench  MerkleCommit/sha256/Item100000/Count10000  132,278,042 ns/op   1,067,725,872 B/op   70,225 allocs/op
  [2/4]  bench  MerkleCommit/sha256/Item100000/Count10000  132,151,870 ns/op   1,067,725,215 B/op   70,220 allocs/op
  [3/4]  bench  MerkleCommit/sha256/Item100000/Count10000  131,366,882 ns/op   1,067,725,186 B/op   70,220 allocs/op
  [4/4]  bench  MerkleCommit/sha256/Item100000/Count10000  131,448,568 ns/op ±1%   1,067,725,178 B/op ±0%   70,220 allocs/op ±0%    3.54s
  [1/4]  bench  MerkleCommit/sha256/Item100000/Count100000  1,152,445,458 ns/op   10,676,918,856 B/op   700,489 allocs/op
  [2/4]  bench  MerkleCommit/sha256/Item100000/Count100000  1,141,758,250 ns/op   10,676,920,136 B/op   700,501 allocs/op
  [3/4]  bench  MerkleCommit/sha256/Item100000/Count100000  1,144,879,694 ns/op   10,676,919,784 B/op   700,496 allocs/op
  [4/4]  bench  MerkleCommit/sha256/Item100000/Count100000  1,143,205,927 ns/op ±1%   10,676,919,420 B/op ±0%   700,493 allocs/op ±0%    3.42s
  [1/4]  bench  AppendMsgBlockHeader                  35.6 ns/op   28.1 MB/s   0.000 B/op   0.000 allocs/op
  [2/4]  bench  AppendMsgBlockHeader                  35.7 ns/op   28.0 MB/s   0.000 B/op   0.000 allocs/op
  [3/4]  bench  AppendMsgBlockHeader                  35.7 ns/op   28.0 MB/s   0.000 B/op   0.000 allocs/op
  [4/4]  bench  AppendMsgBlockHeader                  35.8 ns/op ±1%   28.0 MB/s ±1%   0.000 B/op   0.000 allocs/op    3.74s
  [1/4]  bench  AppendMsgSignedTxn                    75.6 ns/op   13.2 MB/s   0.000 B/op   0.000 allocs/op
  [2/4]  bench  AppendMsgSignedTxn                    75.2 ns/op   13.3 MB/s   0.000 B/op   0.000 allocs/op
  [3/4]  bench  AppendMsgSignedTxn                    75.4 ns/op   13.3 MB/s   0.000 B/op   0.000 allocs/op
  [4/4]  bench  AppendMsgSignedTxn                    75.3 ns/op ±1%   13.3 MB/s ±1%   0.000 B/op   0.000 allocs/op    3.84s
  [1/4]  bench  PaysetGroups                          5,859 ns/op   131,645 B/op   8.00 allocs/op
  [2/4]  bench  PaysetGroups                          5,791 ns/op   131,525 B/op   8.00 allocs/op
  [3/4]  bench  PaysetGroups                          5,747 ns/op   130,814 B/op   8.00 allocs/op
  [4/4]  bench  PaysetGroups                          5,715 ns/op ±2%   130,931 B/op ±1%   8.00 allocs/op    25.98s
  [1/4]  bench  Txn                                   41,351 ns/op   9,505 B/op   12.0 allocs/op
  [2/4]  bench  Txn                                   41,305 ns/op   9,509 B/op   12.0 allocs/op
  [3/4]  bench  Txn                                   41,212 ns/op   9,509 B/op   12.0 allocs/op
  [4/4]  bench  Txn                                   41,153 ns/op ±0%   9,509 B/op ±0%   12.0 allocs/op    9.05s
  [1/4]  bench  TxHandlerProcessing/processDecoded    10,130 ns/op   3,896 B/op   44.0 allocs/op
  [2/4]  bench  TxHandlerProcessing/processDecoded    10,134 ns/op   3,896 B/op   44.0 allocs/op
  [3/4]  bench  TxHandlerProcessing/processDecoded    10,122 ns/op   3,896 B/op   44.0 allocs/op
  [4/4]  bench  TxHandlerProcessing/processDecoded    10,138 ns/op ±0%   3,896 B/op   44.0 allocs/op    9.22s
  [1/4]  bench  TxHandlerProcessing/verify.TxnGroup   41,796 ns/op   11,712 B/op   16.0 allocs/op
  [2/4]  bench  TxHandlerProcessing/verify.TxnGroup   41,644 ns/op   11,712 B/op   16.0 allocs/op
  [3/4]  bench  TxHandlerProcessing/verify.TxnGroup   41,554 ns/op   11,712 B/op   16.0 allocs/op
  [4/4]  bench  TxHandlerProcessing/verify.TxnGroup   41,516 ns/op ±1%   11,712 B/op   16.0 allocs/op    6.5s
  [1/4]  bench  CompactDeltas/account-deltas          1,582,336 ns/op   4,169,773 B/op   18.0 allocs/op
  [2/4]  bench  CompactDeltas/account-deltas          1,501,915 ns/op   4,172,823 B/op   18.0 allocs/op
  [3/4]  bench  CompactDeltas/account-deltas          1,462,032 ns/op   4,172,983 B/op   18.0 allocs/op
  [4/4]  bench  CompactDeltas/account-deltas          1,446,794 ns/op ±7%   4,172,935 B/op ±0%   18.0 allocs/op    16.97s
