  [1/4]  bench  MerkleCommit/sha512_256/Item10/Count10  13,332 ns/op   6,088 B/op   107 allocs/op
  [2/4]  bench  MerkleCommit/sha512_256/Item10/Count10  13,210 ns/op   6,092 B/op   107 allocs/op
  [3/4]  bench  MerkleCommit/sha512_256/Item10/Count10  13,230 ns/op   6,091 B/op   107 allocs/op
  [4/4]  bench  MerkleCommit/sha512_256/Item10/Count10  13,251 ns/op ±1%   6,092 B/op ±0%   107 allocs/op    3.93s
  [1/4]  bench  MerkleCommit/sha512_256/Item10/Count100  53,393 ns/op   34,664 B/op   760 allocs/op
  [2/4]  bench  MerkleCommit/sha512_256/Item10/Count100  52,440 ns/op   34,671 B/op   761 allocs/op
  [3/4]  bench  MerkleCommit/sha512_256/Item10/Count100  52,292 ns/op   34,667 B/op   760 allocs/op
  [4/4]  bench  MerkleCommit/sha512_256/Item10/Count100  52,099 ns/op ±2%   34,668 B/op ±0%   760 allocs/op ±0%    5.18s
  [1/4]  bench  MerkleCommit/sha512_256/Item10/Count1000  247,833 ns/op   299,028 B/op   7,091 allocs/op
  [2/4]  bench  MerkleCommit/sha512_256/Item10/Count1000  248,124 ns/op   299,022 B/op   7,091 allocs/op
  [3/4]  bench  MerkleCommit/sha512_256/Item10/Count1000  248,979 ns/op   299,009 B/op   7,091 allocs/op
  [4/4]  bench  MerkleCommit/sha512_256/Item10/Count1000  248,817 ns/op ±1%   299,013 B/op ±0%   7,091 allocs/op ±0%    3.72s
  [1/4]  bench  MerkleCommit/sha512_256/Item10/Count10000  1,269,512 ns/op   2,920,341 B/op   70,181 allocs/op
  [2/4]  bench  MerkleCommit/sha512_256/Item10/Count10000  1,262,199 ns/op   2,920,469 B/op   70,182 allocs/op
  [3/4]  bench  MerkleCommit/sha512_256/Item10/Count10000  1,265,714 ns/op   2,920,456 B/op   70,182 allocs/op
  [4/4]  bench  MerkleCommit/sha512_256/Item10/Count10000  1,264,370 ns/op ±1%   2,920,489 B/op ±0%   70,182 allocs/op ±0%    3.97s
  [1/4]  bench  MerkleCommit/sha512_256/Item10/Count100000  7,796,609 ns/op   28,866,374 B/op   700,281 allocs/op
  [2/4]  bench  MerkleCommit/sha512_256/Item10/Count100000  7,866,757 ns/op   28,866,145 B/op   700,280 allocs/op
  [3/4]  bench  MerkleCommit/sha512_256/Item10/Count100000  7,831,904 ns/op   28,866,192 B/op   700,280 allocs/op
  [4/4]  bench  MerkleCommit/sha512_256/Item10/Count100000  7,811,929 ns/op ±1%   28,866,264 B/op ±0%   700,281 allocs/op ±0%    5.96s
  [1/4]  bench  MerkleCommit/sha512_256/Item1000/Count10  22,251 ns/op   16,255 B/op   108 allocs/op
  [2/4]  bench  MerkleCommit/sha512_256/Item1000/Count10  22,295 ns/op   16,257 B/op   108 allocs/op
  [3/4]  bench  MerkleCommit/sha512_256/Item1000/Count10  22,141 ns/op   16,257 B/op   108 allocs/op
  [4/4]  bench  MerkleCommit/sha512_256/Item1000/Count10  21,931 ns/op ±2%   16,258 B/op ±0%   108 allocs/op    4.25s
  [1/4]  bench  MerkleCommit/sha512_256/Item1000/Count100  93,840 ns/op   135,907 B/op   763 allocs/op
  [2/4]  bench  MerkleCommit/sha512_256/Item1000/Count100  94,799 ns/op   135,900 B/op   763 allocs/op
  [3/4]  bench  MerkleCommit/sha512_256/Item1000/Count100  95,052 ns/op   135,895 B/op   763 allocs/op
  [4/4]  bench  MerkleCommit/sha512_256/Item1000/Count100  94,769 ns/op ±1%   135,895 B/op ±0%   763 allocs/op    6.49s
  [1/4]  bench  MerkleCommit/sha512_256/Item1000/Count1000  491,895 ns/op   1,308,355 B/op   7,099 allocs/op
  [2/4]  bench  MerkleCommit/sha512_256/Item1000/Count1000  488,145 ns/op   1,308,402 B/op   7,100 allocs/op
  [3/4]  bench  MerkleCommit/sha512_256/Item1000/Count1000  488,881 ns/op   1,308,394 B/op   7,100 allocs/op
  [4/4]  bench  MerkleCommit/sha512_256/Item1000/Count1000  487,640 ns/op ±1%   1,308,409 B/op ±0%   7,100 allocs/op ±0%    3.78s
  [1/4]  bench  MerkleCommit/sha512_256/Item1000/Count10000  3,264,831 ns/op   13,000,896 B/op   70,185 allocs/op
  [2/4]  bench  MerkleCommit/sha512_256/Item1000/Count10000  3,274,538 ns/op   13,001,007 B/op   70,186 allocs/op
  [3/4]  bench  MerkleCommit/sha512_256/Item1000/Count10000  3,276,316 ns/op   13,001,048 B/op   70,186 allocs/op
  [4/4]  bench  MerkleCommit/sha512_256/Item1000/Count10000  3,242,433 ns/op ±2%   13,001,018 B/op ±0%   70,186 allocs/op ±0%    4.62s
  [1/4]  bench  MerkleCommit/sha512_256/Item1000/Count100000  26,167,975 ns/op   129,665,793 B/op   700,276 allocs/op
  [2/4]  bench  MerkleCommit/sha512_256/Item1000/Count100000  26,361,486 ns/op   129,665,806 B/op   700,277 allocs/op
  [3/4]  bench  MerkleCommit/sha512_256/Item1000/Count100000  26,373,222 ns/op   129,665,659 B/op   700,276 allocs/op
  [4/4]  bench  MerkleCommit/sha512_256/Item1000/Count100000  26,411,558 ns/op ±1%   129,665,691 B/op ±0%   700,276 allocs/op ±0%    3.61s
  [1/4]  bench  MerkleCommit/sha512_256/Item100000/Count10  328,582 ns/op   1,072,379 B/op   117 allocs/op
  [2/4]  bench  MerkleCommit/sha512_256/Item100000/Count10  326,781 ns/op   1,072,395 B/op   117 allocs/op
  [3/4]  bench  MerkleCommit/sha512_256/Item100000/Count10  326,806 ns/op   1,072,393 B/op   117 allocs/op
  [4/4]  bench  MerkleCommit/sha512_256/Item100000/Count10  325,979 ns/op ±1%   1,072,392 B/op ±0%   117 allocs/op    3.69s
  [1/4]  bench  MerkleCommit/sha512_256/Item100000/Count100  1,945,670 ns/op   10,685,780 B/op   781 allocs/op
  [2/4]  bench  MerkleCommit/sha512_256/Item100000/Count100  1,946,495 ns/op   10,685,802 B/op   781 allocs/op
  [3/4]  bench  MerkleCommit/sha512_256/Item100000/Count100  1,958,664 ns/op   10,685,814 B/op   781 allocs/op
  [4/4]  bench  MerkleCommit/sha512_256/Item100000/Count100  1,951,987 ns/op ±1%   10,685,817 B/op ±0%   781 allocs/op    4.2s
  [1/4]  bench  MerkleCommit/sha512_256/Item100000/Count1000  18,054,838 ns/op   106,782,504 B/op   7,111 allocs/op
  [2/4]  bench  MerkleCommit/sha512_256/Item100000/Count1000  17,923,693 ns/op   106,782,518 B/op   7,112 allocs/op
  [3/4]  bench  MerkleCommit/sha512_256/Item100000/Count1000  17,849,859 ns/op   106,782,474 B/op   7,111 allocs/op
  [4/4]  bench  MerkleCommit/sha512_256/Item100000/Count1000  17,899,856 ns/op ±1%   106,782,448 B/op ±0%   7,111 allocs/op ±0%    3.46s
  [1/4]  bench  MerkleCommit/sha512_256/Item100000/Count10000  165,204,089 ns/op   1,067,734,705 B/op   70,262 allocs/op
  [2/4]  bench  MerkleCommit/sha512_256/Item100000/Count10000  166,458,717 ns/op   1,067,732,614 B/op   70,241 allocs/op
  [3/4]  bench  MerkleCommit/sha512_256/Item100000/Count10000  164,992,915 ns/op   1,067,733,160 B/op   70,246 allocs/op
  [4/4]  bench  MerkleCommit/sha512_256/Item100000/Count10000  165,360,351 ns/op ±2%   1,067,732,914 B/op ±0%   70,244 allocs/op ±0%    3.96s
  [1/4]  bench  MerkleCommit/sha512_256/Item100000/Count100000  1,300,983,750 ns/op   10,676,921,432 B/op   700,488 allocs/op
  [2/4]  bench  MerkleCommit/sha512_256/Item100000/Count100000  1,302,535,834 ns/op   10,676,924,136 B/op   700,534 allocs/op
  [3/4]  bench  MerkleCommit/sha512_256/Item100000/Count100000  1,299,820,972 ns/op   10,676,927,005 B/op   700,562 allocs/op
  [4/4]  bench  MerkleCommit/sha512_256/Item100000/Count100000  1,328,108,115 ns/op ±4%   10,676,927,564 B/op ±0%   700,550 allocs/op ±0%    4.01s
  [1/4]  bench  MerkleCommit/sumhash/Item10/Count10   49,574 ns/op   16,788 B/op   217 allocs/op
  [2/4]  bench  MerkleCommit/sumhash/Item10/Count10   49,225 ns/op   16,801 B/op   217 allocs/op
  [3/4]  bench  MerkleCommit/sumhash/Item10/Count10   49,098 ns/op   16,804 B/op   217 allocs/op
  [4/4]  bench  MerkleCommit/sumhash/Item10/Count10   49,238 ns/op ±1%   16,799 B/op ±0%   217 allocs/op    5.09s
  [1/4]  bench  MerkleCommit/sumhash/Item10/Count100  235,551 ns/op   134,863 B/op   1,723 allocs/op
  [2/4]  bench  MerkleCommit/sumhash/Item10/Count100  235,971 ns/op   134,825 B/op   1,723 allocs/op
  [3/4]  bench  MerkleCommit/sumhash/Item10/Count100  235,102 ns/op   134,830 B/op   1,723 allocs/op
  [4/4]  bench  MerkleCommit/sumhash/Item10/Count100  234,997 ns/op ±1%   134,823 B/op ±0%   1,723 allocs/op ±0%    3.68s
  [1/4]  bench  MerkleCommit/sumhash/Item10/Count1000  1,059,369 ns/op   1,268,869 B/op   16,242 allocs/op
  [2/4]  bench  MerkleCommit/sumhash/Item10/Count1000  1,062,321 ns/op   1,268,825 B/op   16,242 allocs/op
  [3/4]  bench  MerkleCommit/sumhash/Item10/Count1000  1,061,547 ns/op   1,268,832 B/op   16,242 allocs/op
  [4/4]  bench  MerkleCommit/sumhash/Item10/Count1000  1,061,320 ns/op ±0%   1,268,817 B/op ±0%   16,242 allocs/op ±0%    3.92s
  [1/4]  bench  MerkleCommit/sumhash/Item10/Count10000  6,354,054 ns/op   12,538,342 B/op   160,470 allocs/op
  [2/4]  bench  MerkleCommit/sumhash/Item10/Count10000  6,385,568 ns/op   12,538,146 B/op   160,468 allocs/op
  [3/4]  bench  MerkleCommit/sumhash/Item10/Count10000  6,399,740 ns/op   12,538,125 B/op   160,468 allocs/op
  [4/4]  bench  MerkleCommit/sumhash/Item10/Count10000  6,376,993 ns/op ±1%   12,538,207 B/op ±0%   160,469 allocs/op ±0%    5.53s
  [1/4]  bench  MerkleCommit/sumhash/Item10/Count100000  51,043,898 ns/op   124,885,530 B/op   1,600,649 allocs/op
  [2/4]  bench  MerkleCommit/sumhash/Item10/Count100000  50,386,019 ns/op   124,885,602 B/op   1,600,650 allocs/op
  [3/4]  bench  MerkleCommit/sumhash/Item10/Count100000  50,312,179 ns/op   124,885,570 B/op   1,600,649 allocs/op
  [4/4]  bench  MerkleCommit/sumhash/Item10/Count100000  50,320,624 ns/op ±1%   124,885,564 B/op ±0%   1,600,649 allocs/op ±0%    3.42s
  [1/4]  bench  MerkleCommit/sumhash/Item1000/Count10  105,414 ns/op   28,638 B/op   233 allocs/op
  [2/4]  bench  MerkleCommit/sumhash/Item1000/Count10  105,777 ns/op   28,633 B/op   233 allocs/op
  [3/4]  bench  MerkleCommit/sumhash/Item1000/Count10  104,767 ns/op   28,628 B/op   232 allocs/op
  [4/4]  bench  MerkleCommit/sumhash/Item1000/Count10  104,279 ns/op ±2%   28,625 B/op ±0%   232 allocs/op ±0%    3.15s
  [1/4]  bench  MerkleCommit/sumhash/Item1000/Count100  453,645 ns/op   250,163 B/op   1,843 allocs/op
  [2/4]  bench  MerkleCommit/sumhash/Item1000/Count100  452,987 ns/op   250,191 B/op   1,844 allocs/op
  [3/4]  bench  MerkleCommit/sumhash/Item1000/Count100  454,061 ns/op   250,170 B/op   1,843 allocs/op
  [4/4]  bench  MerkleCommit/sumhash/Item1000/Count100  453,830 ns/op ±0%   250,183 B/op ±0%   1,844 allocs/op ±0%    3.77s
  [1/4]  bench  MerkleCommit/sumhash/Item1000/Count1000  2,553,899 ns/op   2,406,213 B/op   17,258 allocs/op
  [2/4]  bench  MerkleCommit/sumhash/Item1000/Count1000  2,524,391 ns/op   2,406,350 B/op   17,260 allocs/op
  [3/4]  bench  MerkleCommit/sumhash/Item1000/Count1000  2,522,118 ns/op   2,406,354 B/op   17,260 allocs/op
  [4/4]  bench  MerkleCommit/sumhash/Item1000/Count1000  2,516,951 ns/op ±1%   2,406,378 B/op ±0%   17,260 allocs/op ±0%    4.34s
  [1/4]  bench  MerkleCommit/sumhash/Item1000/Count10000  19,802,312 ns/op   23,898,398 B/op   170,470 allocs/op
  [2/4]  bench  MerkleCommit/sumhash/Item1000/Count10000  19,654,793 ns/op   23,898,575 B/op   170,472 allocs/op
  [3/4]  bench  MerkleCommit/sumhash/Item1000/Count10000  19,691,048 ns/op   23,898,552 B/op   170,472 allocs/op
  [4/4]  bench  MerkleCommit/sumhash/Item1000/Count10000  19,634,638 ns/op ±1%   23,898,643 B/op ±0%   170,473 allocs/op ±0%    3.56s
  [1/4]  bench  MerkleCommit/sumhash/Item1000/Count100000  177,402,097 ns/op   238,487,200 B/op   1,700,662 allocs/op
  [2/4]  bench  MerkleCommit/sumhash/Item1000/Count100000  174,628,677 ns/op   238,487,229 B/op   1,700,663 allocs/op
  [3/4]  bench  MerkleCommit/sumhash/Item1000/Count100000  175,620,037 ns/op   238,486,995 B/op   1,700,661 allocs/op
  [4/4]  bench  MerkleCommit/sumhash/Item1000/Count100000  174,604,457 ns/op ±2%   238,486,764 B/op ±0%   1,700,658 allocs/op ±0%    3.65s
  [1/4]  bench  MerkleCommit/sumhash/Item100000/Count10  2,073,473 ns/op   1,085,579 B/op   259 allocs/op
  [2/4]  bench  MerkleCommit/sumhash/Item100000/Count10  2,048,782 ns/op   1,085,583 B/op   259 allocs/op
  [3/4]  bench  MerkleCommit/sumhash/Item100000/Count10  2,053,124 ns/op   1,085,587 B/op   259 allocs/op
  [4/4]  bench  MerkleCommit/sumhash/Item100000/Count10  2,045,380 ns/op ±1%   1,085,590 B/op ±0%   259 allocs/op    4.22s
  [1/4]  bench  MerkleCommit/sumhash/Item100000/Count100  15,094,597 ns/op   10,798,502 B/op   1,856 allocs/op
  [2/4]  bench  MerkleCommit/sumhash/Item100000/Count100  14,934,002 ns/op   10,798,522 B/op   1,856 allocs/op
  [3/4]  bench  MerkleCommit/sumhash/Item100000/Count100  14,884,010 ns/op   10,798,536 B/op   1,856 allocs/op
  [4/4]  bench  MerkleCommit/sumhash/Item100000/Count100  14,954,791 ns/op ±1%   10,798,523 B/op ±0%   1,856 allocs/op ±0%    3.65s
  [1/4]  bench  MerkleCommit/sumhash/Item100000/Count1000  130,312,604 ns/op   107,878,968 B/op   17,259 allocs/op
  [2/4]  bench  MerkleCommit/sumhash/Item100000/Count1000  130,817,625 ns/op   107,879,026 B/op   17,261 allocs/op
  [3/4]  bench  MerkleCommit/sumhash/Item100000/Count1000  130,561,625 ns/op   107,879,023 B/op   17,260 allocs/op
  [4/4]  bench  MerkleCommit/sumhash/Item100000/Count1000  131,277,199 ns/op ±1%   107,878,813 B/op ±0%   17,258 allocs/op ±0%    3.55s
  [1/4]  bench  MerkleCommit/sumhash/Item100000/Count10000  1,242,869,917 ns/op   1,078,625,864 B/op   170,496 allocs/op
  [2/4]  bench  MerkleCommit/sumhash/Item100000/Count10000  1,258,576,084 ns/op   1,078,625,600 B/op   170,495 allocs/op
  [3/4]  bench  MerkleCommit/sumhash/Item100000/Count10000  1,254,152,833 ns/op   1,078,626,259 B/op   170,501 allocs/op
  [4/4]  bench  MerkleCommit/sumhash/Item100000/Count10000  1,252,283,094 ns/op ±1%   1,078,626,036 B/op ±0%   170,498 allocs/op ±0%    3.76s
  [1/4]  bench  MerkleCommit/sumhash/Item100000/Count100000  12,387,615,209 ns/op   10,785,726,376 B/op   1,700,746 allocs/op
  [2/4]  bench  MerkleCommit/sumhash/Item100000/Count100000  12,396,411,125 ns/op   10,785,725,616 B/op   1,700,733 allocs/op
  [3/4]  bench  MerkleCommit/sumhash/Item100000/Count100000  12,359,459,583 ns/op   10,785,726,099 B/op   1,700,737 allocs/op
  [4/4]  bench  MerkleCommit/sumhash/Item100000/Count100000  12,337,337,927 ns/op ±1%   10,785,725,920 B/op ±0%   1,700,739 allocs/op ±0%    36.96s
  [1/4]  bench  MerkleCommit/sha256/Item10/Count10    7,624 ns/op   5,511 B/op   107 allocs/op
  [2/4]  bench  MerkleCommit/sha256/Item10/Count10    7,669 ns/op   5,511 B/op   107 allocs/op
  [3/4]  bench  MerkleCommit/sha256/Item10/Count10    7,640 ns/op   5,511 B/op   107 allocs/op
  [4/4]  bench  MerkleCommit/sha256/Item10/Count10    7,698 ns/op ±2%   5,511 B/op   107 allocs/op    3.81s
  [1/4]  bench  MerkleCommit/sha256/Item10/Count100   37,516 ns/op   33,502 B/op   759 allocs/op
  [2/4]  bench  MerkleCommit/sha256/Item10/Count100   37,680 ns/op   33,502 B/op   759 allocs/op
  [3/4]  bench  MerkleCommit/sha256/Item10/Count100   38,154 ns/op   33,498 B/op   759 allocs/op
  [4/4]  bench  MerkleCommit/sha256/Item10/Count100   38,071 ns/op ±2%   33,500 B/op ±0%   759 allocs/op    4.77s
  [1/4]  bench  MerkleCommit/sha256/Item10/Count1000  201,166 ns/op   296,317 B/op   7,086 allocs/op
  [2/4]  bench  MerkleCommit/sha256/Item10/Count1000  200,567 ns/op   296,330 B/op   7,086 allocs/op
  [3/4]  bench  MerkleCommit/sha256/Item10/Count1000  201,724 ns/op   296,325 B/op   7,086 allocs/op
  [4/4]  bench  MerkleCommit/sha256/Item10/Count1000  201,295 ns/op ±1%   296,331 B/op ±0%   7,086 allocs/op    3.68s
  [1/4]  bench  MerkleCommit/sha256/Item10/Count10000  1,060,740 ns/op   2,914,265 B/op   70,172 allocs/op
  [2/4]  bench  MerkleCommit/sha256/Item10/Count10000  1,052,293 ns/op   2,914,305 B/op   70,173 allocs/op
  [3/4]  bench  MerkleCommit/sha256/Item10/Count10000  1,055,148 ns/op   2,914,290 B/op   70,172 allocs/op
  [4/4]  bench  MerkleCommit/sha256/Item10/Count10000  1,052,279 ns/op ±1%   2,914,300 B/op ±0%   70,173 allocs/op ±0%    3.91s
  [1/4]  bench  MerkleCommit/sha256/Item10/Count100000  6,793,809 ns/op   28,855,520 B/op   700,266 allocs/op
  [2/4]  bench  MerkleCommit/sha256/Item10/Count100000  6,770,931 ns/op   28,855,654 B/op   700,268 allocs/op
  [3/4]  bench  MerkleCommit/sha256/Item10/Count100000  6,737,202 ns/op   28,855,627 B/op   700,267 allocs/op
  [4/4]  bench  MerkleCommit/sha256/Item10/Count100000  6,746,305 ns/op ±1%   28,855,605 B/op ±0%   700,267 allocs/op ±0%    5.61s
  [1/4]  bench  MerkleCommit/sha256/Item1000/Count10  14,424 ns/op   15,648 B/op   107 allocs/op
  [2/4]  bench  MerkleCommit/sha256/Item1000/Count10  14,530 ns/op   15,647 B/op   107 allocs/op
  [3/4]  bench  MerkleCommit/sha256/Item1000/Count10  14,483 ns/op   15,647 B/op   107 allocs/op
  [4/4]  bench  MerkleCommit/sha256/Item1000/Count10  14,601 ns/op ±2%   15,647 B/op ±0%   107 allocs/op    4.13s
  [1/4]  bench  MerkleCommit/sha256/Item1000/Count100  73,912 ns/op   134,526 B/op   761 allocs/op
  [2/4]  bench  MerkleCommit/sha256/Item1000/Count100  73,579 ns/op   134,529 B/op   761 allocs/op
  [3/4]  bench  MerkleCommit/sha256/Item1000/Count100  73,565 ns/op   134,527 B/op   761 allocs/op
  [4/4]  bench  MerkleCommit/sha256/Item1000/Count100  73,734 ns/op ±1%   134,526 B/op ±0%   761 allocs/op    5.84s
  [1/4]  bench  MerkleCommit/sha256/Item1000/Count1000  403,912 ns/op   1,305,347 B/op   7,095 allocs/op
  [2/4]  bench  MerkleCommit/sha256/Item1000/Count1000  406,034 ns/op   1,305,329 B/op   7,095 allocs/op
  [3/4]  bench  MerkleCommit/sha256/Item1000/Count1000  405,961 ns/op   1,305,340 B/op   7,095 allocs/op
  [4/4]  bench  MerkleCommit/sha256/Item1000/Count1000  406,834 ns/op ±1%   1,305,337 B/op ±0%   7,095 allocs/op ±0%    3.75s
  [1/4]  bench  MerkleCommit/sha256/Item1000/Count10000  2,602,525 ns/op   12,994,940 B/op   70,179 allocs/op
  [2/4]  bench  MerkleCommit/sha256/Item1000/Count10000  2,652,246 ns/op   12,994,913 B/op   70,179 allocs/op
  [3/4]  bench  MerkleCommit/sha256/Item1000/Count10000  2,670,096 ns/op   12,994,943 B/op   70,179 allocs/op
  [4/4]  bench  MerkleCommit/sha256/Item1000/Count10000  2,671,299 ns/op ±2%   12,994,929 B/op ±0%   70,179 allocs/op ±0%    4.43s
  [1/4]  bench  MerkleCommit/sha256/Item1000/Count100000  23,640,390 ns/op   129,655,963 B/op   700,268 allocs/op
  [2/4]  bench  MerkleCommit/sha256/Item1000/Count100000  23,794,316 ns/op   129,655,775 B/op   700,267 allocs/op
  [3/4]  bench  MerkleCommit/sha256/Item1000/Count100000  23,697,747 ns/op   129,655,835 B/op   700,267 allocs/op
  [4/4]  bench  MerkleCommit/sha256/Item1000/Count100000  23,692,810 ns/op ±1%   129,655,882 B/op ±0%   700,268 allocs/op ±0%    3.61s
  [1/4]  bench  MerkleCommit/sha256/Item100000/Count10  231,988 ns/op   1,071,220 B/op   115 allocs/op
  [2/4]  bench  MerkleCommit/sha256/Item100000/Count10  230,749 ns/op   1,071,226 B/op   115 allocs/op
  [3/4]  bench  MerkleCommit/sha256/Item100000/Count10  231,099 ns/op   1,071,226 B/op   115 allocs/op
  [4/4]  bench  MerkleCommit/sha256/Item100000/Count10  230,574 ns/op ±1%   1,071,228 B/op ±0%   115 allocs/op    3.7s
  [1/4]  bench  MerkleCommit/sha256/Item100000/Count100  1,472,983 ns/op   10,683,640 B/op   779 allocs/op
  [2/4]  bench  MerkleCommit/sha256/Item100000/Count100  1,471,390 ns/op   10,683,651 B/op   779 allocs/op
  [3/4]  bench  MerkleCommit/sha256/Item100000/Count100  1,478,069 ns/op   10,683,649 B/op   779 allocs/op
  [4/4]  bench  MerkleCommit/sha256/Item100000/Count100  1,477,406 ns/op ±1%   10,683,651 B/op ±0%   779 allocs/op    3.99s
  [1/4]  bench  MerkleCommit/sha256/Item100000/Count1000  14,259,680 ns/op   106,778,996 B/op   7,105 allocs/op
  [2/4]  bench  MerkleCommit/sha256/Item100000/Count1000  14,223,725 ns/op   106,779,132 B/op   7,107 allocs/op
  [3/4]  bench  MerkleCommit/sha256/Item100000/Count1000  14,252,026 ns/op   106,779,076 B/op   7,106 allocs/op
  [4/4]  bench  MerkleCommit/sha256/Item100000/Count1000  14,235,228 ns/op ±0%   106,779,076 B/op ±0%   7,106 allocs/op ±0%    3.58s
  [1/4]  bench  MerkleCommit/sha256/Item100000/Count10000  131,152,078 ns/op   1,067,725,006 B/op   70,217 allocs/op
  [2/4]  bench  MerkleCommit/sha256/Item100000/Count10000  132,625,703 ns/op   1,067,725,353 B/op   70,221 allocs/op
  [3/4]  bench  MerkleCommit/sha256/Item100000/Count10000  132,080,130 ns/op   1,067,725,532 B/op   70,223 allocs/op
  [4/4]  bench  MerkleCommit/sha256/Item100000/Count10000  132,378,631 ns/op ±1%   1,067,725,282 B/op ±0%   70,220 allocs/op ±0%    3.58s
  [1/4]  bench  MerkleCommit/sha256/Item100000/Count100000  1,116,161,500 ns/op   10,676,924,984 B/op   700,566 allocs/op
  [2/4]  bench  MerkleCommit/sha256/Item100000/Count100000  1,121,900,271 ns/op   10,676,922,280 B/op   700,543 allocs/op
  [3/4]  bench  MerkleCommit/sha256/Item100000/Count100000  1,125,823,486 ns/op   10,676,922,771 B/op   700,541 allocs/op
  [4/4]  bench  MerkleCommit/sha256/Item100000/Count100000  1,125,353,052 ns/op ±1%   10,676,920,908 B/op ±0%   700,522 allocs/op ±0%    3.38s
  [1/4]  bench  AppendMsgBlockHeader                  35.7 ns/op   28.0 MB/s   0.000 B/op   0.000 allocs/op
  [2/4]  bench  AppendMsgBlockHeader                  35.7 ns/op   28.0 MB/s   0.000 B/op   0.000 allocs/op
  [3/4]  bench  AppendMsgBlockHeader                  35.7 ns/op   28.0 MB/s   0.000 B/op   0.000 allocs/op
  [4/4]  bench  AppendMsgBlockHeader                  35.7 ns/op ±0%   28.0 MB/s ±0%   0.000 B/op   0.000 allocs/op    3.72s
  [1/4]  bench  AppendMsgSignedTxn                    75.4 ns/op   13.2 MB/s   0.000 B/op   0.000 allocs/op
  [2/4]  bench  AppendMsgSignedTxn                    75.1 ns/op   13.3 MB/s   0.000 B/op   0.000 allocs/op
  [3/4]  bench  AppendMsgSignedTxn                    75.1 ns/op   13.3 MB/s   0.000 B/op   0.000 allocs/op
  [4/4]  bench  AppendMsgSignedTxn                    75.1 ns/op ±0%   13.3 MB/s ±0%   0.000 B/op   0.000 allocs/op    3.8s
  [1/4]  bench  PaysetGroups                          5,772 ns/op   131,068 B/op   8.00 allocs/op
  [2/4]  bench  PaysetGroups                          5,700 ns/op   130,399 B/op   8.00 allocs/op
  [3/4]  bench  PaysetGroups                          5,658 ns/op   130,667 B/op   8.00 allocs/op
  [4/4]  bench  PaysetGroups                          5,640 ns/op ±2%   129,336 B/op ±2%   8.00 allocs/op    25.68s
  [1/4]  bench  Txn                                   41,182 ns/op   9,508 B/op   12.0 allocs/op
  [2/4]  bench  Txn                                   41,062 ns/op   9,505 B/op   12.0 allocs/op
  [3/4]  bench  Txn                                   41,013 ns/op   9,506 B/op   12.0 allocs/op
  [4/4]  bench  Txn                                   40,979 ns/op ±0%   9,507 B/op ±0%   12.0 allocs/op    9.04s
  [1/4]  bench  TxHandlerProcessing/processDecoded    10,088 ns/op   3,896 B/op   44.0 allocs/op
  [2/4]  bench  TxHandlerProcessing/processDecoded    10,153 ns/op   3,896 B/op   44.0 allocs/op
  [3/4]  bench  TxHandlerProcessing/processDecoded    10,151 ns/op   3,896 B/op   44.0 allocs/op
  [4/4]  bench  TxHandlerProcessing/processDecoded    10,187 ns/op ±1%   3,896 B/op   44.0 allocs/op    9.16s
  [1/4]  bench  TxHandlerProcessing/verify.TxnGroup   41,352 ns/op   11,712 B/op   16.0 allocs/op
  [2/4]  bench  TxHandlerProcessing/verify.TxnGroup   41,455 ns/op   11,712 B/op   16.0 allocs/op
  [3/4]  bench  TxHandlerProcessing/verify.TxnGroup   41,547 ns/op   11,712 B/op   16.0 allocs/op
  [4/4]  bench  TxHandlerProcessing/verify.TxnGroup   41,606 ns/op ±1%   11,712 B/op   16.0 allocs/op    6.52s
  [1/4]  bench  CompactDeltas/account-deltas          1,610,251 ns/op   4,163,818 B/op   18.0 allocs/op
  [2/4]  bench  CompactDeltas/account-deltas          1,507,568 ns/op   4,172,453 B/op   18.0 allocs/op
  [3/4]  bench  CompactDeltas/account-deltas          1,473,585 ns/op   4,173,421 B/op   18.0 allocs/op
  [4/4]  bench  CompactDeltas/account-deltas          1,454,149 ns/op ±7%   4,174,034 B/op ±0%   18.0 allocs/op    16.99s
