  [1/4]  bench  MerkleCommit/sha512_256/Item10/Count10  13,484 ns/op   6,087 B/op   107 allocs/op
  [2/4]  bench  MerkleCommit/sha512_256/Item10/Count10  13,541 ns/op   6,089 B/op   107 allocs/op
  [3/4]  bench  MerkleCommit/sha512_256/Item10/Count10  13,569 ns/op   6,088 B/op   107 allocs/op
  [4/4]  bench  MerkleCommit/sha512_256/Item10/Count10  13,534 ns/op ±1%   6,089 B/op ±0%   107 allocs/op    3.98s
  [1/4]  bench  MerkleCommit/sha512_256/Item10/Count100  53,583 ns/op   34,670 B/op   760 allocs/op
  [2/4]  bench  MerkleCommit/sha512_256/Item10/Count100  53,487 ns/op   34,681 B/op   761 allocs/op
  [3/4]  bench  MerkleCommit/sha512_256/Item10/Count100  53,578 ns/op   34,674 B/op   760 allocs/op
  [4/4]  bench  MerkleCommit/sha512_256/Item10/Count100  53,652 ns/op ±0%   34,675 B/op ±0%   761 allocs/op ±0%    5.24s
  [1/4]  bench  MerkleCommit/sha512_256/Item10/Count1000  250,041 ns/op   299,023 B/op   7,091 allocs/op
  [2/4]  bench  MerkleCommit/sha512_256/Item10/Count1000  249,950 ns/op   299,030 B/op   7,091 allocs/op
  [3/4]  bench  MerkleCommit/sha512_256/Item10/Count1000  250,715 ns/op   299,018 B/op   7,091 allocs/op
  [4/4]  bench  MerkleCommit/sha512_256/Item10/Count1000  250,316 ns/op ±1%   299,021 B/op ±0%   7,091 allocs/op    3.7s
  [1/4]  bench  MerkleCommit/sha512_256/Item10/Count10000  1,278,690 ns/op   2,920,316 B/op   70,181 allocs/op
  [2/4]  bench  MerkleCommit/sha512_256/Item10/Count10000  1,270,852 ns/op   2,920,438 B/op   70,182 allocs/op
  [3/4]  bench  MerkleCommit/sha512_256/Item10/Count10000  1,275,931 ns/op   2,920,420 B/op   70,182 allocs/op
  [4/4]  bench  MerkleCommit/sha512_256/Item10/Count10000  1,274,616 ns/op ±1%   2,920,482 B/op ±0%   70,182 allocs/op ±0%    3.99s
  [1/4]  bench  MerkleCommit/sha512_256/Item10/Count100000  7,662,524 ns/op   28,866,292 B/op   700,281 allocs/op
  [2/4]  bench  MerkleCommit/sha512_256/Item10/Count100000  7,770,160 ns/op   28,866,086 B/op   700,280 allocs/op
  [3/4]  bench  MerkleCommit/sha512_256/Item10/Count100000  7,740,278 ns/op   28,866,242 B/op   700,281 allocs/op
  [4/4]  bench  MerkleCommit/sha512_256/Item10/Count100000  7,710,123 ns/op ±2%   28,866,287 B/op ±0%   700,281 allocs/op ±0%    5.92s
  [1/4]  bench  MerkleCommit/sha512_256/Item1000/Count10  21,761 ns/op   16,257 B/op   108 allocs/op
  [2/4]  bench  MerkleCommit/sha512_256/Item1000/Count10  22,005 ns/op   16,258 B/op   108 allocs/op
  [3/4]  bench  MerkleCommit/sha512_256/Item1000/Count10  22,057 ns/op   16,257 B/op   108 allocs/op
  [4/4]  bench  MerkleCommit/sha512_256/Item1000/Count10  21,953 ns/op ±1%   16,257 B/op ±0%   108 allocs/op    4.27s
  [1/4]  bench  MerkleCommit/sha512_256/Item1000/Count100  96,398 ns/op   135,899 B/op   763 allocs/op
  [2/4]  bench  MerkleCommit/sha512_256/Item1000/Count100  96,314 ns/op   135,896 B/op   763 allocs/op
  [3/4]  bench  MerkleCommit/sha512_256/Item1000/Count100  96,061 ns/op   135,899 B/op   763 allocs/op
  [4/4]  bench  MerkleCommit/sha512_256/Item1000/Count100  95,572 ns/op ±1%   135,902 B/op ±0%   763 allocs/op    6.49s
  [1/4]  bench  MerkleCommit/sha512_256/Item1000/Count1000  493,549 ns/op   1,308,241 B/op   7,099 allocs/op
  [2/4]  bench  MerkleCommit/sha512_256/Item1000/Count1000  489,214 ns/op   1,308,305 B/op   7,100 allocs/op
  [3/4]  bench  MerkleCommit/sha512_256/Item1000/Count1000  490,639 ns/op   1,308,292 B/op   7,099 allocs/op
  [4/4]  bench  MerkleCommit/sha512_256/Item1000/Count1000  489,235 ns/op ±1%   1,308,308 B/op ±0%   7,099 allocs/op ±0%    3.73s
  [1/4]  bench  MerkleCommit/sha512_256/Item1000/Count10000  3,347,217 ns/op   13,000,856 B/op   70,184 allocs/op
  [2/4]  bench  MerkleCommit/sha512_256/Item1000/Count10000  3,332,016 ns/op   13,000,955 B/op   70,185 allocs/op
  [3/4]  bench  MerkleCommit/sha512_256/Item1000/Count10000  3,330,547 ns/op   13,000,924 B/op   70,184 allocs/op
  [4/4]  bench  MerkleCommit/sha512_256/Item1000/Count10000  3,316,705 ns/op ±1%   13,000,936 B/op ±0%   70,185 allocs/op ±0%    4.6s
  [1/4]  bench  MerkleCommit/sha512_256/Item1000/Count100000  26,903,082 ns/op   129,665,682 B/op   700,276 allocs/op
  [2/4]  bench  MerkleCommit/sha512_256/Item1000/Count100000  26,651,865 ns/op   129,665,717 B/op   700,276 allocs/op
  [3/4]  bench  MerkleCommit/sha512_256/Item1000/Count100000  26,802,953 ns/op   129,665,559 B/op   700,275 allocs/op
  [4/4]  bench  MerkleCommit/sha512_256/Item1000/Count100000  26,741,279 ns/op ±1%   129,665,593 B/op ±0%   700,275 allocs/op ±0%    3.66s
  [1/4]  bench  MerkleCommit/sha512_256/Item100000/Count10  326,329 ns/op   1,072,399 B/op   117 allocs/op
  [2/4]  bench  MerkleCommit/sha512_256/Item100000/Count10  324,590 ns/op   1,072,405 B/op   117 allocs/op
  [3/4]  bench  MerkleCommit/sha512_256/Item100000/Count10  324,230 ns/op   1,072,408 B/op   117 allocs/op
  [4/4]  bench  MerkleCommit/sha512_256/Item100000/Count10  324,585 ns/op ±1%   1,072,400 B/op ±0%   117 allocs/op    3.68s
  [1/4]  bench  MerkleCommit/sha512_256/Item100000/Count100  1,969,782 ns/op   10,685,863 B/op   781 allocs/op
  [2/4]  bench  MerkleCommit/sha512_256/Item100000/Count100  1,979,919 ns/op   10,685,847 B/op   781 allocs/op
  [3/4]  bench  MerkleCommit/sha512_256/Item100000/Count100  1,971,853 ns/op   10,685,858 B/op   781 allocs/op
  [4/4]  bench  MerkleCommit/sha512_256/Item100000/Count100  1,979,548 ns/op ±1%   10,685,852 B/op ±0%   781 allocs/op    4.23s
  [1/4]  bench  MerkleCommit/sha512_256/Item100000/Count1000  17,852,772 ns/op   106,782,591 B/op   7,111 allocs/op
  [2/4]  bench  MerkleCommit/sha512_256/Item100000/Count1000  17,918,608 ns/op   106,782,482 B/op   7,111 allocs/op
  [3/4]  bench  MerkleCommit/sha512_256/Item100000/Count1000  17,860,806 ns/op   106,782,505 B/op   7,111 allocs/op
  [4/4]  bench  MerkleCommit/sha512_256/Item100000/Count1000  17,931,712 ns/op ±1%   106,782,508 B/op ±0%   7,111 allocs/op ±0%    3.59s
  [1/4]  bench  MerkleCommit/sha512_256/Item100000/Count10000  166,833,202 ns/op   1,067,735,185 B/op   70,261 allocs/op
  [2/4]  bench  MerkleCommit/sha512_256/Item100000/Count10000  167,977,399 ns/op   1,067,734,027 B/op   70,251 allocs/op
  [3/4]  bench  MerkleCommit/sha512_256/Item100000/Count10000  167,632,436 ns/op   1,067,734,603 B/op   70,256 allocs/op
  [4/4]  bench  MerkleCommit/sha512_256/Item100000/Count10000  168,222,093 ns/op ±1%   1,067,734,423 B/op ±0%   70,255 allocs/op ±0%    3.87s
  [1/4]  bench  MerkleCommit/sha512_256/Item100000/Count100000  1,394,120,625 ns/op   10,676,940,440 B/op   700,616 allocs/op
  [2/4]  bench  MerkleCommit/sha512_256/Item100000/Count100000  1,410,558,792 ns/op   10,676,941,752 B/op   700,633 allocs/op
  [3/4]  bench  MerkleCommit/sha512_256/Item100000/Count100000  1,405,466,597 ns/op   10,676,937,427 B/op   700,584 allocs/op
  [4/4]  bench  MerkleCommit/sha512_256/Item100000/Count100000  1,412,180,052 ns/op ±1%   10,676,938,420 B/op ±0%   700,593 allocs/op ±0%    4.25s
  [1/4]  bench  MerkleCommit/sumhash/Item10/Count10   51,125 ns/op   16,780 B/op   217 allocs/op
  [2/4]  bench  MerkleCommit/sumhash/Item10/Count10   50,882 ns/op   16,790 B/op   217 allocs/op
  [3/4]  bench  MerkleCommit/sumhash/Item10/Count10   50,864 ns/op   16,788 B/op   217 allocs/op
  [4/4]  bench  MerkleCommit/sumhash/Item10/Count10   50,759 ns/op ±1%   16,790 B/op ±0%   217 allocs/op    5.14s
  [1/4]  bench  MerkleCommit/sumhash/Item10/Count100  240,133 ns/op   134,797 B/op   1,722 allocs/op
  [2/4]  bench  MerkleCommit/sumhash/Item10/Count100  238,566 ns/op   134,814 B/op   1,722 allocs/op
  [3/4]  bench  MerkleCommit/sumhash/Item10/Count100  239,540 ns/op   134,805 B/op   1,722 allocs/op
  [4/4]  bench  MerkleCommit/sumhash/Item10/Count100  238,342 ns/op ±1%   134,822 B/op ±0%   1,722 allocs/op ±0%    3.71s
  [1/4]  bench  MerkleCommit/sumhash/Item10/Count1000  1,088,857 ns/op   1,268,654 B/op   16,239 allocs/op
  [2/4]  bench  MerkleCommit/sumhash/Item10/Count1000  1,077,669 ns/op   1,268,782 B/op   16,241 allocs/op
  [3/4]  bench  MerkleCommit/sumhash/Item10/Count1000  1,082,158 ns/op   1,268,747 B/op   16,240 allocs/op
  [4/4]  bench  MerkleCommit/sumhash/Item10/Count1000  1,078,875 ns/op ±1%   1,268,785 B/op ±0%   16,241 allocs/op ±0%    3.95s
  [1/4]  bench  MerkleCommit/sumhash/Item10/Count10000  6,545,997 ns/op   12,537,970 B/op   160,466 allocs/op
  [2/4]  bench  MerkleCommit/sumhash/Item10/Count10000  6,494,018 ns/op   12,537,994 B/op   160,466 allocs/op
  [3/4]  bench  MerkleCommit/sumhash/Item10/Count10000  6,455,167 ns/op   12,538,137 B/op   160,468 allocs/op
  [4/4]  bench  MerkleCommit/sumhash/Item10/Count10000  6,479,594 ns/op ±1%   12,538,074 B/op ±0%   160,467 allocs/op ±0%    5.55s
  [1/4]  bench  MerkleCommit/sumhash/Item10/Count100000  49,940,845 ns/op   124,886,100 B/op   1,600,656 allocs/op
  [2/4]  bench  MerkleCommit/sumhash/Item10/Count100000  50,688,202 ns/op   124,885,731 B/op   1,600,652 allocs/op
  [3/4]  bench  MerkleCommit/sumhash/Item10/Count100000  50,365,968 ns/op   124,885,801 B/op   1,600,652 allocs/op
  [4/4]  bench  MerkleCommit/sumhash/Item10/Count100000  50,698,443 ns/op ±2%   124,885,573 B/op ±0%   1,600,650 allocs/op ±0%    3.72s
  [1/4]  bench  MerkleCommit/sumhash/Item1000/Count10  106,350 ns/op   28,647 B/op   233 allocs/op
  [2/4]  bench  MerkleCommit/sumhash/Item1000/Count10  106,361 ns/op   28,641 B/op   233 allocs/op
  [3/4]  bench  MerkleCommit/sumhash/Item1000/Count10  106,477 ns/op   28,641 B/op   233 allocs/op
  [4/4]  bench  MerkleCommit/sumhash/Item1000/Count10  106,000 ns/op ±1%   28,643 B/op ±0%   233 allocs/op ±0%    3.21s
  [1/4]  bench  MerkleCommit/sumhash/Item1000/Count100  461,025 ns/op   250,159 B/op   1,843 allocs/op
  [2/4]  bench  MerkleCommit/sumhash/Item1000/Count100  459,512 ns/op   250,206 B/op   1,844 allocs/op
  [3/4]  bench  MerkleCommit/sumhash/Item1000/Count100  461,411 ns/op   250,190 B/op   1,843 allocs/op
  [4/4]  bench  MerkleCommit/sumhash/Item1000/Count100  460,545 ns/op ±1%   250,196 B/op ±0%   1,844 allocs/op ±0%    3.73s
  [1/4]  bench  MerkleCommit/sumhash/Item1000/Count1000  2,566,527 ns/op   2,406,398 B/op   17,260 allocs/op
  [2/4]  bench  MerkleCommit/sumhash/Item1000/Count1000  2,536,544 ns/op   2,406,460 B/op   17,261 allocs/op
  [3/4]  bench  MerkleCommit/sumhash/Item1000/Count1000  2,552,630 ns/op   2,406,392 B/op   17,260 allocs/op
  [4/4]  bench  MerkleCommit/sumhash/Item1000/Count1000  2,543,974 ns/op ±2%   2,406,450 B/op ±0%   17,261 allocs/op ±0%    4.36s
  [1/4]  bench  MerkleCommit/sumhash/Item1000/Count10000  19,907,676 ns/op   23,898,181 B/op   170,467 allocs/op
  [2/4]  bench  MerkleCommit/sumhash/Item1000/Count10000  19,797,337 ns/op   23,898,479 B/op   170,471 allocs/op
  [3/4]  bench  MerkleCommit/sumhash/Item1000/Count10000  19,828,706 ns/op   23,898,490 B/op   170,471 allocs/op
  [4/4]  bench  MerkleCommit/sumhash/Item1000/Count10000  19,960,343 ns/op ±2%   23,898,388 B/op ±0%   170,470 allocs/op ±0%    3.58s
  [1/4]  bench  MerkleCommit/sumhash/Item1000/Count100000  172,807,681 ns/op   238,486,261 B/op   1,700,652 allocs/op
  [2/4]  bench  MerkleCommit/sumhash/Item1000/Count100000  176,496,667 ns/op   238,486,373 B/op   1,700,654 allocs/op
  [3/4]  bench  MerkleCommit/sumhash/Item1000/Count100000  175,482,209 ns/op   238,486,538 B/op   1,700,655 allocs/op
  [4/4]  bench  MerkleCommit/sumhash/Item1000/Count100000  176,524,271 ns/op ±2%   238,486,472 B/op ±0%   1,700,655 allocs/op ±0%    3.73s
  [1/4]  bench  MerkleCommit/sumhash/Item100000/Count10  2,038,519 ns/op   1,085,601 B/op   259 allocs/op
  [2/4]  bench  MerkleCommit/sumhash/Item100000/Count10  2,079,965 ns/op   1,085,586 B/op   259 allocs/op
  [3/4]  bench  MerkleCommit/sumhash/Item100000/Count10  2,069,489 ns/op   1,085,592 B/op   259 allocs/op
  [4/4]  bench  MerkleCommit/sumhash/Item100000/Count10  2,083,131 ns/op ±2%   1,085,594 B/op ±0%   259 allocs/op    4.3s
  [1/4]  bench  MerkleCommit/sumhash/Item100000/Count100  14,962,659 ns/op   10,798,600 B/op   1,857 allocs/op
  [2/4]  bench  MerkleCommit/sumhash/Item100000/Count100  15,082,570 ns/op   10,798,614 B/op   1,857 allocs/op
  [3/4]  bench  MerkleCommit/sumhash/Item100000/Count100  15,068,362 ns/op   10,798,620 B/op   1,857 allocs/op
  [4/4]  bench  MerkleCommit/sumhash/Item100000/Count100  15,050,324 ns/op ±1%   10,798,642 B/op ±0%   1,857 allocs/op ±0%    3.54s
  [1/4]  bench  MerkleCommit/sumhash/Item100000/Count1000  135,815,312 ns/op   107,878,210 B/op   17,252 allocs/op
  [2/4]  bench  MerkleCommit/sumhash/Item100000/Count1000  134,084,760 ns/op   107,878,842 B/op   17,258 allocs/op
  [3/4]  bench  MerkleCommit/sumhash/Item100000/Count1000  135,261,526 ns/op   107,878,754 B/op   17,257 allocs/op
  [4/4]  bench  MerkleCommit/sumhash/Item100000/Count1000  133,774,081 ns/op ±3%   107,878,811 B/op ±0%   17,258 allocs/op ±0%    3.59s
  [1/4]  bench  MerkleCommit/sumhash/Item100000/Count10000  1,301,609,792 ns/op   1,078,624,328 B/op   170,486 allocs/op
  [2/4]  bench  MerkleCommit/sumhash/Item100000/Count10000  1,285,367,521 ns/op   1,078,626,016 B/op   170,502 allocs/op
  [3/4]  bench  MerkleCommit/sumhash/Item100000/Count10000  1,281,885,236 ns/op   1,078,625,155 B/op   170,493 allocs/op
  [4/4]  bench  MerkleCommit/sumhash/Item100000/Count10000  1,274,593,063 ns/op ±2%   1,078,625,340 B/op ±0%   170,495 allocs/op ±0%    3.79s
  [1/4]  bench  MerkleCommit/sumhash/Item100000/Count100000  12,544,737,167 ns/op   10,785,729,480 B/op   1,700,773 allocs/op
  [2/4]  bench  MerkleCommit/sumhash/Item100000/Count100000  12,531,048,542 ns/op   10,785,728,264 B/op   1,700,762 allocs/op
  [3/4]  bench  MerkleCommit/sumhash/Item100000/Count100000  12,512,776,417 ns/op   10,785,726,925 B/op   1,700,738 allocs/op
  [4/4]  bench  MerkleCommit/sumhash/Item100000/Count100000  12,474,279,563 ns/op ±1%   10,785,727,088 B/op ±0%   1,700,741 allocs/op ±0%    37.35s
  [1/4]  bench  MerkleCommit/sha256/Item10/Count10    8,267 ns/op   5,511 B/op   107 allocs/op
  [2/4]  bench  MerkleCommit/sha256/Item10/Count10    8,110 ns/op   5,511 B/op   107 allocs/op
  [3/4]  bench  MerkleCommit/sha256/Item10/Count10    8,141 ns/op   5,511 B/op   107 allocs/op
  [4/4]  bench  MerkleCommit/sha256/Item10/Count10    8,073 ns/op ±2%   5,511 B/op   107 allocs/op    3.78s
  [1/4]  bench  MerkleCommit/sha256/Item10/Count100   39,743 ns/op   33,488 B/op   759 allocs/op
  [2/4]  bench  MerkleCommit/sha256/Item10/Count100   39,224 ns/op   33,495 B/op   759 allocs/op
  [3/4]  bench  MerkleCommit/sha256/Item10/Count100   39,234 ns/op   33,496 B/op   759 allocs/op
  [4/4]  bench  MerkleCommit/sha256/Item10/Count100   39,181 ns/op ±1%   33,495 B/op ±0%   759 allocs/op    4.78s
  [1/4]  bench  MerkleCommit/sha256/Item10/Count1000  203,227 ns/op   296,362 B/op   7,086 allocs/op
  [2/4]  bench  MerkleCommit/sha256/Item10/Count1000  202,626 ns/op   296,365 B/op   7,086 allocs/op
  [3/4]  bench  MerkleCommit/sha256/Item10/Count1000  203,257 ns/op   296,354 B/op   7,086 allocs/op
  [4/4]  bench  MerkleCommit/sha256/Item10/Count1000  202,829 ns/op ±1%   296,353 B/op ±0%   7,086 allocs/op    3.72s
  [1/4]  bench  MerkleCommit/sha256/Item10/Count10000  1,081,964 ns/op   2,914,242 B/op   70,172 allocs/op
  [2/4]  bench  MerkleCommit/sha256/Item10/Count10000  1,069,212 ns/op   2,914,320 B/op   70,173 allocs/op
  [3/4]  bench  MerkleCommit/sha256/Item10/Count10000  1,070,893 ns/op   2,914,299 B/op   70,173 allocs/op
  [4/4]  bench  MerkleCommit/sha256/Item10/Count10000  1,065,905 ns/op ±1%   2,914,314 B/op ±0%   70,173 allocs/op ±0%    3.91s
  [1/4]  bench  MerkleCommit/sha256/Item10/Count100000  6,780,001 ns/op   28,855,749 B/op   700,269 allocs/op
  [2/4]  bench  MerkleCommit/sha256/Item10/Count100000  6,768,760 ns/op   28,855,638 B/op   700,268 allocs/op
  [3/4]  bench  MerkleCommit/sha256/Item10/Count100000  6,720,781 ns/op   28,855,761 B/op   700,269 allocs/op
  [4/4]  bench  MerkleCommit/sha256/Item10/Count100000  6,720,646 ns/op ±1%   28,855,773 B/op ±0%   700,269 allocs/op ±0%    5.62s
  [1/4]  bench  MerkleCommit/sha256/Item1000/Count10  14,344 ns/op   15,650 B/op   107 allocs/op
  [2/4]  bench  MerkleCommit/sha256/Item1000/Count10  14,773 ns/op   15,648 B/op   107 allocs/op
  [3/4]  bench  MerkleCommit/sha256/Item1000/Count10  14,795 ns/op   15,648 B/op   107 allocs/op
  [4/4]  bench  MerkleCommit/sha256/Item1000/Count10  14,896 ns/op ±3%   15,647 B/op ±0%   107 allocs/op    4.07s
  [1/4]  bench  MerkleCommit/sha256/Item1000/Count100  74,182 ns/op   134,517 B/op   761 allocs/op
  [2/4]  bench  MerkleCommit/sha256/Item1000/Count100  72,652 ns/op   134,522 B/op   761 allocs/op
  [3/4]  bench  MerkleCommit/sha256/Item1000/Count100  72,243 ns/op   134,523 B/op   761 allocs/op
  [4/4]  bench  MerkleCommit/sha256/Item1000/Count100  72,613 ns/op ±2%   134,523 B/op ±0%   761 allocs/op    5.79s
  [1/4]  bench  MerkleCommit/sha256/Item1000/Count1000  403,022 ns/op   1,305,308 B/op   7,095 allocs/op
  [2/4]  bench  MerkleCommit/sha256/Item1000/Count1000  407,153 ns/op   1,305,281 B/op   7,095 allocs/op
  [3/4]  bench  MerkleCommit/sha256/Item1000/Count1000  405,834 ns/op   1,305,287 B/op   7,095 allocs/op
  [4/4]  bench  MerkleCommit/sha256/Item1000/Count1000  405,510 ns/op ±1%   1,305,283 B/op ±0%   7,095 allocs/op    3.74s
  [1/4]  bench  MerkleCommit/sha256/Item1000/Count10000  2,772,341 ns/op   12,995,006 B/op   70,179 allocs/op
  [2/4]  bench  MerkleCommit/sha256/Item1000/Count10000  2,826,587 ns/op   12,994,968 B/op   70,179 allocs/op
  [3/4]  bench  MerkleCommit/sha256/Item1000/Count10000  2,821,964 ns/op   12,994,980 B/op   70,179 allocs/op
  [4/4]  bench  MerkleCommit/sha256/Item1000/Count10000  2,817,084 ns/op ±2%   12,994,976 B/op ±0%   70,179 allocs/op ±0%    4.49s
  [1/4]  bench  MerkleCommit/sha256/Item1000/Count100000  23,707,032 ns/op   129,656,019 B/op   700,269 allocs/op
  [2/4]  bench  MerkleCommit/sha256/Item1000/Count100000  23,919,962 ns/op   129,655,894 B/op   700,268 allocs/op
  [3/4]  bench  MerkleCommit/sha256/Item1000/Count100000  23,863,860 ns/op   129,656,020 B/op   700,269 allocs/op
  [4/4]  bench  MerkleCommit/sha256/Item1000/Count100000  23,878,506 ns/op ±1%   129,655,972 B/op ±0%   700,268 allocs/op ±0%    3.81s
  [1/4]  bench  MerkleCommit/sha256/Item100000/Count10  230,973 ns/op   1,071,226 B/op   115 allocs/op
  [2/4]  bench  MerkleCommit/sha256/Item100000/Count10  231,371 ns/op   1,071,228 B/op   115 allocs/op
  [3/4]  bench  MerkleCommit/sha256/Item100000/Count10  232,280 ns/op   1,071,225 B/op   115 allocs/op
  [4/4]  bench  MerkleCommit/sha256/Item100000/Count10  231,833 ns/op ±1%   1,071,226 B/op ±0%   115 allocs/op    3.67s
  [1/4]  bench  MerkleCommit/sha256/Item100000/Count100  1,514,121 ns/op   10,683,649 B/op   779 allocs/op
  [2/4]  bench  MerkleCommit/sha256/Item100000/Count100  1,501,276 ns/op   10,683,659 B/op   779 allocs/op
  [3/4]  bench  MerkleCommit/sha256/Item100000/Count100  1,508,374 ns/op   10,683,657 B/op   779 allocs/op
  [4/4]  bench  MerkleCommit/sha256/Item100000/Count100  1,506,636 ns/op ±1%   10,683,661 B/op ±0%   779 allocs/op    4.08s
  [1/4]  bench  MerkleCommit/sha256/Item100000/Count1000  14,215,434 ns/op   106,779,207 B/op   7,107 allocs/op
  [2/4]  bench  MerkleCommit/sha256/Item100000/Count1000  14,189,728 ns/op   106,779,248 B/op   7,108 allocs/op
  [3/4]  bench  MerkleCommit/sha256/Item100000/Count1000  14,221,636 ns/op   106,779,272 B/op   7,108 allocs/op
  [4/4]  bench  MerkleCommit/sha256/Item100000/Count1000  14,240,189 ns/op ±0%   106,779,304 B/op ±0%   7,108 allocs/op ±0%    3.57s
  [1/4]  bench  MerkleCommit/sha256/Item100000/Count10000  133,708,318 ns/op   1,067,726,830 B/op   70,235 allocs/op
  [2/4]  bench  MerkleCommit/sha256/Item100000/Count10000  132,983,099 ns/op   1,067,725,692 B/op   70,223 allocs/op
  [3/4]  bench  MerkleCommit/sha256/Item100000/Count10000  133,383,024 ns/op   1,067,725,398 B/op   70,220 allocs/op
  [4/4]  bench  MerkleCommit/sha256/Item100000/Count10000  133,301,271 ns/op ±1%   1,067,725,737 B/op ±0%   70,223 allocs/op ±0%    4.54s
  [1/4]  bench  MerkleCommit/sha256/Item100000/Count100000  1,147,849,041 ns/op   10,676,914,024 B/op   700,434 allocs/op
  [2/4]  bench  MerkleCommit/sha256/Item100000/Count100000  1,144,552,958 ns/op   10,676,918,448 B/op   700,478 allocs/op
  [3/4]  bench  MerkleCommit/sha256/Item100000/Count100000  1,143,621,736 ns/op   10,676,920,125 B/op   700,493 allocs/op
  [4/4]  bench  MerkleCommit/sha256/Item100000/Count100000  1,144,509,729 ns/op ±0%   10,676,921,080 B/op ±0%   700,503 allocs/op ±0%    3.43s
  [1/4]  bench  AppendMsgBlockHeader                  36.6 ns/op   27.3 MB/s   0.000 B/op   0.000 allocs/op
  [2/4]  bench  AppendMsgBlockHeader                  36.7 ns/op   27.3 MB/s   0.000 B/op   0.000 allocs/op
  [3/4]  bench  AppendMsgBlockHeader                  36.6 ns/op   27.3 MB/s   0.000 B/op   0.000 allocs/op
  [4/4]  bench  AppendMsgBlockHeader                  36.7 ns/op ±0%   27.3 MB/s ±0%   0.000 B/op   0.000 allocs/op    3.72s
  [1/4]  bench  AppendMsgSignedTxn                    75.5 ns/op   13.2 MB/s   0.000 B/op   0.000 allocs/op
  [2/4]  bench  AppendMsgSignedTxn                    75.1 ns/op   13.3 MB/s   0.000 B/op   0.000 allocs/op
  [3/4]  bench  AppendMsgSignedTxn                    75.3 ns/op   13.3 MB/s   0.000 B/op   0.000 allocs/op
  [4/4]  bench  AppendMsgSignedTxn                    75.2 ns/op ±1%   13.3 MB/s ±1%   0.000 B/op   0.000 allocs/op    3.83s
  [1/4]  bench  PaysetGroups                          5,708 ns/op   132,974 B/op   8.00 allocs/op
  [2/4]  bench  PaysetGroups                          5,658 ns/op   133,795 B/op   8.00 allocs/op
  [3/4]  bench  PaysetGroups                          5,650 ns/op   128,616 B/op   8.00 allocs/op
  [4/4]  bench  PaysetGroups                          5,643 ns/op ±1%   128,155 B/op ±6%   8.00 allocs/op    25.16s
  [1/4]  bench  Txn                                   40,888 ns/op   7,862 B/op   8.00 allocs/op
  [2/4]  bench  Txn                                   40,870 ns/op   7,861 B/op   8.00 allocs/op
  [3/4]  bench  Txn                                   40,759 ns/op   7,865 B/op   8.00 allocs/op
  [4/4]  bench  Txn                                   40,742 ns/op ±0%   7,867 B/op ±0%   8.00 allocs/op    9.08s
  [1/4]  bench  TxHandlerProcessing/processDecoded    10,468 ns/op   3,912 B/op   44.0 allocs/op
  [2/4]  bench  TxHandlerProcessing/processDecoded    10,526 ns/op   3,912 B/op   44.0 allocs/op
  [3/4]  bench  TxHandlerProcessing/processDecoded    10,563 ns/op   3,912 B/op   44.0 allocs/op
  [4/4]  bench  TxHandlerProcessing/processDecoded    10,604 ns/op ±1%   3,912 B/op   44.0 allocs/op    8.96s
  [1/4]  bench  TxHandlerProcessing/verify.TxnGroup   41,210 ns/op   11,744 B/op   16.0 allocs/op
  [2/4]  bench  TxHandlerProcessing/verify.TxnGroup   41,258 ns/op   11,744 B/op   16.0 allocs/op
  [3/4]  bench  TxHandlerProcessing/verify.TxnGroup   41,385 ns/op   11,744 B/op   16.0 allocs/op
  [4/4]  bench  TxHandlerProcessing/verify.TxnGroup   41,430 ns/op ±1%   11,744 B/op   16.0 allocs/op    6.55s
  [1/4]  bench  CompactDeltas/account-deltas          1,631,263 ns/op   4,168,761 B/op   18.0 allocs/op
  [2/4]  bench  CompactDeltas/account-deltas          1,535,373 ns/op   4,177,593 B/op   18.0 allocs/op
  [3/4]  bench  CompactDeltas/account-deltas          1,499,059 ns/op   4,175,657 B/op   18.0 allocs/op
  [4/4]  bench  CompactDeltas/account-deltas          1,475,512 ns/op ±8%   4,176,620 B/op ±0%   18.0 allocs/op    17.08s
