  [1/4]  bench  MerkleCommit/sha512_256/Item10/Count10  13,602 ns/op   6,093 B/op   107 allocs/op
  [2/4]  bench  MerkleCommit/sha512_256/Item10/Count10  13,615 ns/op   6,090 B/op   107 allocs/op
  [3/4]  bench  MerkleCommit/sha512_256/Item10/Count10  13,655 ns/op   6,090 B/op   107 allocs/op
  [4/4]  bench  MerkleCommit/sha512_256/Item10/Count10  13,743 ns/op ±1%   6,088 B/op ±0%   107 allocs/op    4.09s
  [1/4]  bench  MerkleCommit/sha512_256/Item10/Count100  53,602 ns/op   34,695 B/op   761 allocs/op
  [2/4]  bench  MerkleCommit/sha512_256/Item10/Count100  53,554 ns/op   34,689 B/op   761 allocs/op
  [3/4]  bench  MerkleCommit/sha512_256/Item10/Count100  53,463 ns/op   34,681 B/op   761 allocs/op
  [4/4]  bench  MerkleCommit/sha512_256/Item10/Count100  53,076 ns/op ±2%   34,680 B/op ±0%   761 allocs/op ±0%    5.18s
  [1/4]  bench  MerkleCommit/sha512_256/Item10/Count1000  253,831 ns/op   298,997 B/op   7,091 allocs/op
  [2/4]  bench  MerkleCommit/sha512_256/Item10/Count1000  252,010 ns/op   299,023 B/op   7,091 allocs/op
  [3/4]  bench  MerkleCommit/sha512_256/Item10/Count1000  253,087 ns/op   299,008 B/op   7,091 allocs/op
  [4/4]  bench  MerkleCommit/sha512_256/Item10/Count1000  252,484 ns/op ±1%   299,014 B/op ±0%   7,091 allocs/op ±0%    3.72s
  [1/4]  bench  MerkleCommit/sha512_256/Item10/Count10000  1,276,492 ns/op   2,920,401 B/op   70,182 allocs/op
  [2/4]  bench  MerkleCommit/sha512_256/Item10/Count10000  1,269,577 ns/op   2,920,459 B/op   70,182 allocs/op
  [3/4]  bench  MerkleCommit/sha512_256/Item10/Count10000  1,272,009 ns/op   2,920,475 B/op   70,182 allocs/op
  [4/4]  bench  MerkleCommit/sha512_256/Item10/Count10000  1,271,662 ns/op ±1%   2,920,509 B/op ±0%   70,182 allocs/op ±0%    3.9s
  [1/4]  bench  MerkleCommit/sha512_256/Item10/Count100000  7,748,041 ns/op   28,866,070 B/op   700,279 allocs/op
  [2/4]  bench  MerkleCommit/sha512_256/Item10/Count100000  7,664,950 ns/op   28,866,338 B/op   700,281 allocs/op
  [3/4]  bench  MerkleCommit/sha512_256/Item10/Count100000  7,658,334 ns/op   28,866,361 B/op   700,281 allocs/op
  [4/4]  bench  MerkleCommit/sha512_256/Item10/Count100000  7,679,380 ns/op ±1%   28,866,247 B/op ±0%   700,280 allocs/op ±0%    5.9s
  [1/4]  bench  MerkleCommit/sha512_256/Item1000/Count10  22,199 ns/op   16,262 B/op   108 allocs/op
  [2/4]  bench  MerkleCommit/sha512_256/Item1000/Count10  22,485 ns/op   16,260 B/op   108 allocs/op
  [3/4]  bench  MerkleCommit/sha512_256/Item1000/Count10  22,444 ns/op   16,260 B/op   108 allocs/op
  [4/4]  bench  MerkleCommit/sha512_256/Item1000/Count10  22,404 ns/op ±1%   16,260 B/op ±0%   108 allocs/op    4.29s
  [1/4]  bench  MerkleCommit/sha512_256/Item1000/Count100  97,785 ns/op   135,901 B/op   763 allocs/op
  [2/4]  bench  MerkleCommit/sha512_256/Item1000/Count100  96,996 ns/op   135,915 B/op   764 allocs/op
  [3/4]  bench  MerkleCommit/sha512_256/Item1000/Count100  96,312 ns/op   135,910 B/op   763 allocs/op
  [4/4]  bench  MerkleCommit/sha512_256/Item1000/Count100  95,968 ns/op ±1%   135,911 B/op ±0%   763 allocs/op ±0%    6.49s
  [1/4]  bench  MerkleCommit/sha512_256/Item1000/Count1000  492,070 ns/op   1,308,293 B/op   7,099 allocs/op
  [2/4]  bench  MerkleCommit/sha512_256/Item1000/Count1000  489,761 ns/op   1,308,319 B/op   7,099 allocs/op
  [3/4]  bench  MerkleCommit/sha512_256/Item1000/Count1000  488,984 ns/op   1,308,333 B/op   7,099 allocs/op
  [4/4]  bench  MerkleCommit/sha512_256/Item1000/Count1000  490,239 ns/op ±1%   1,308,320 B/op ±0%   7,099 allocs/op    3.71s
  [1/4]  bench  MerkleCommit/sha512_256/Item1000/Count10000  3,300,879 ns/op   13,000,985 B/op   70,185 allocs/op
  [2/4]  bench  MerkleCommit/sha512_256/Item1000/Count10000  3,301,529 ns/op   13,000,993 B/op   70,185 allocs/op
  [3/4]  bench  MerkleCommit/sha512_256/Item1000/Count10000  3,313,697 ns/op   13,000,963 B/op   70,185 allocs/op
  [4/4]  bench  MerkleCommit/sha512_256/Item1000/Count10000  3,315,250 ns/op ±1%   13,000,983 B/op ±0%   70,185 allocs/op ±0%    4.64s
  [1/4]  bench  MerkleCommit/sha512_256/Item1000/Count100000  26,853,521 ns/op   129,665,473 B/op   700,274 allocs/op
  [2/4]  bench  MerkleCommit/sha512_256/Item1000/Count100000  26,574,294 ns/op   129,665,582 B/op   700,275 allocs/op
  [3/4]  bench  MerkleCommit/sha512_256/Item1000/Count100000  26,509,399 ns/op   129,665,601 B/op   700,275 allocs/op
  [4/4]  bench  MerkleCommit/sha512_256/Item1000/Count100000  26,578,451 ns/op ±1%   129,665,552 B/op ±0%   700,275 allocs/op ±0%    3.53s
  [1/4]  bench  MerkleCommit/sha512_256/Item100000/Count10  322,599 ns/op   1,072,398 B/op   117 allocs/op
  [2/4]  bench  MerkleCommit/sha512_256/Item100000/Count10  328,046 ns/op   1,072,416 B/op   117 allocs/op
  [3/4]  bench  MerkleCommit/sha512_256/Item100000/Count10  327,515 ns/op   1,072,413 B/op   117 allocs/op
  [4/4]  bench  MerkleCommit/sha512_256/Item100000/Count10  327,987 ns/op ±2%   1,072,414 B/op ±0%   117 allocs/op    3.75s
  [1/4]  bench  MerkleCommit/sha512_256/Item100000/Count100  1,970,019 ns/op   10,685,829 B/op   781 allocs/op
  [2/4]  bench  MerkleCommit/sha512_256/Item100000/Count100  1,996,680 ns/op   10,685,827 B/op   781 allocs/op
  [3/4]  bench  MerkleCommit/sha512_256/Item100000/Count100  1,991,608 ns/op   10,685,828 B/op   781 allocs/op
  [4/4]  bench  MerkleCommit/sha512_256/Item100000/Count100  1,997,664 ns/op ±1%   10,685,828 B/op ±0%   781 allocs/op    4.21s
  [1/4]  bench  MerkleCommit/sha512_256/Item100000/Count1000  17,988,121 ns/op   106,783,039 B/op   7,116 allocs/op
  [2/4]  bench  MerkleCommit/sha512_256/Item100000/Count1000  18,003,378 ns/op   106,782,763 B/op   7,114 allocs/op
  [3/4]  bench  MerkleCommit/sha512_256/Item100000/Count1000  17,885,931 ns/op   106,782,738 B/op   7,113 allocs/op
  [4/4]  bench  MerkleCommit/sha512_256/Item100000/Count1000  17,918,468 ns/op ±1%   106,782,683 B/op ±0%   7,113 allocs/op ±0%    3.56s
  [1/4]  bench  MerkleCommit/sha512_256/Item100000/Count10000  157,861,720 ns/op   1,067,732,634 B/op   70,245 allocs/op
  [2/4]  bench  MerkleCommit/sha512_256/Item100000/Count10000  162,564,069 ns/op   1,067,732,470 B/op   70,241 allocs/op
  [3/4]  bench  MerkleCommit/sha512_256/Item100000/Count10000  163,715,210 ns/op   1,067,733,048 B/op   70,245 allocs/op
  [4/4]  bench  MerkleCommit/sha512_256/Item100000/Count10000  164,776,859 ns/op ±3%   1,067,733,514 B/op ±0%   70,250 allocs/op ±0%    4s
  [1/4]  bench  MerkleCommit/sha512_256/Item100000/Count100000  1,329,034,917 ns/op   10,676,929,768 B/op   700,557 allocs/op
  [2/4]  bench  MerkleCommit/sha512_256/Item100000/Count100000  1,366,269,542 ns/op   10,676,927,832 B/op   700,519 allocs/op
  [3/4]  bench  MerkleCommit/sha512_256/Item100000/Count100000  1,375,092,278 ns/op   10,676,933,299 B/op   700,565 allocs/op
  [4/4]  bench  MerkleCommit/sha512_256/Item100000/Count100000  1,372,670,354 ns/op ±3%   10,676,936,056 B/op ±0%   700,597 allocs/op ±0%    4.16s
  [1/4]  bench  MerkleCommit/sumhash/Item10/Count10   49,397 ns/op   16,811 B/op   217 allocs/op
  [2/4]  bench  MerkleCommit/sumhash/Item10/Count10   49,520 ns/op   16,803 B/op   217 allocs/op
  [3/4]  bench  MerkleCommit/sumhash/Item10/Count10   49,681 ns/op   16,804 B/op   217 allocs/op
  [4/4]  bench  MerkleCommit/sumhash/Item10/Count10   49,961 ns/op ±1%   16,802 B/op ±0%   217 allocs/op    5.14s
  [1/4]  bench  MerkleCommit/sumhash/Item10/Count100  235,270 ns/op   134,861 B/op   1,723 allocs/op
  [2/4]  bench  MerkleCommit/sumhash/Item10/Count100  236,617 ns/op   134,821 B/op   1,723 allocs/op
  [3/4]  bench  MerkleCommit/sumhash/Item10/Count100  236,633 ns/op   134,816 B/op   1,722 allocs/op
  [4/4]  bench  MerkleCommit/sumhash/Item10/Count100  236,914 ns/op ±1%   134,814 B/op ±0%   1,722 allocs/op ±0%    3.72s
  [1/4]  bench  MerkleCommit/sumhash/Item10/Count1000  1,061,510 ns/op   1,268,884 B/op   16,242 allocs/op
  [2/4]  bench  MerkleCommit/sumhash/Item10/Count1000  1,067,281 ns/op   1,268,781 B/op   16,241 allocs/op
  [3/4]  bench  MerkleCommit/sumhash/Item10/Count1000  1,065,655 ns/op   1,268,812 B/op   16,241 allocs/op
  [4/4]  bench  MerkleCommit/sumhash/Item10/Count1000  1,066,175 ns/op ±1%   1,268,780 B/op ±0%   16,241 allocs/op ±0%    3.94s
  [1/4]  bench  MerkleCommit/sumhash/Item10/Count10000  6,386,478 ns/op   12,538,428 B/op   160,471 allocs/op
  [2/4]  bench  MerkleCommit/sumhash/Item10/Count10000  6,423,719 ns/op   12,538,331 B/op   160,470 allocs/op
  [3/4]  bench  MerkleCommit/sumhash/Item10/Count10000  6,434,552 ns/op   12,538,153 B/op   160,468 allocs/op
  [4/4]  bench  MerkleCommit/sumhash/Item10/Count10000  6,404,322 ns/op ±1%   12,538,177 B/op ±0%   160,468 allocs/op ±0%    5.54s
  [1/4]  bench  MerkleCommit/sumhash/Item10/Count100000  50,831,741 ns/op   124,885,802 B/op   1,600,652 allocs/op
  [2/4]  bench  MerkleCommit/sumhash/Item10/Count100000  50,188,920 ns/op   124,885,753 B/op   1,600,651 allocs/op
  [3/4]  bench  MerkleCommit/sumhash/Item10/Count100000  50,394,471 ns/op   124,885,565 B/op   1,600,649 allocs/op
  [4/4]  bench  MerkleCommit/sumhash/Item10/Count100000  50,155,154 ns/op ±1%   124,885,554 B/op ±0%   1,600,649 allocs/op ±0%    3.65s
  [1/4]  bench  MerkleCommit/sumhash/Item1000/Count10  105,972 ns/op   28,640 B/op   233 allocs/op
  [2/4]  bench  MerkleCommit/sumhash/Item1000/Count10  106,099 ns/op   28,634 B/op   233 allocs/op
  [3/4]  bench  MerkleCommit/sumhash/Item1000/Count10  104,880 ns/op   28,631 B/op   232 allocs/op
  [4/4]  bench  MerkleCommit/sumhash/Item1000/Count10  104,680 ns/op ±2%   28,630 B/op ±0%   232 allocs/op ±0%    3.16s
  [1/4]  bench  MerkleCommit/sumhash/Item1000/Count100  453,755 ns/op   250,236 B/op   1,844 allocs/op
  [2/4]  bench  MerkleCommit/sumhash/Item1000/Count100  455,750 ns/op   250,203 B/op   1,844 allocs/op
  [3/4]  bench  MerkleCommit/sumhash/Item1000/Count100  455,421 ns/op   250,208 B/op   1,844 allocs/op
  [4/4]  bench  MerkleCommit/sumhash/Item1000/Count100  455,382 ns/op ±0%   250,213 B/op ±0%   1,844 allocs/op ±0%    3.78s
  [1/4]  bench  MerkleCommit/sumhash/Item1000/Count1000  2,497,897 ns/op   2,406,571 B/op   17,262 allocs/op
  [2/4]  bench  MerkleCommit/sumhash/Item1000/Count1000  2,503,378 ns/op   2,406,494 B/op   17,261 allocs/op
  [3/4]  bench  MerkleCommit/sumhash/Item1000/Count1000  2,504,013 ns/op   2,406,482 B/op   17,261 allocs/op
  [4/4]  bench  MerkleCommit/sumhash/Item1000/Count1000  2,513,690 ns/op ±1%   2,406,440 B/op ±0%   17,261 allocs/op ±0%    4.33s
  [1/4]  bench  MerkleCommit/sumhash/Item1000/Count10000  19,682,937 ns/op   23,898,654 B/op   170,473 allocs/op
  [2/4]  bench  MerkleCommit/sumhash/Item1000/Count10000  19,656,241 ns/op   23,898,848 B/op   170,475 allocs/op
  [3/4]  bench  MerkleCommit/sumhash/Item1000/Count10000  19,777,735 ns/op   23,898,686 B/op   170,473 allocs/op
  [4/4]  bench  MerkleCommit/sumhash/Item1000/Count10000  19,729,146 ns/op ±1%   23,898,699 B/op ±0%   170,473 allocs/op ±0%    3.59s
  [1/4]  bench  MerkleCommit/sumhash/Item1000/Count100000  177,144,875 ns/op   238,486,405 B/op   1,700,654 allocs/op
  [2/4]  bench  MerkleCommit/sumhash/Item1000/Count100000  174,361,757 ns/op   238,486,240 B/op   1,700,652 allocs/op
  [3/4]  bench  MerkleCommit/sumhash/Item1000/Count100000  175,210,171 ns/op   238,486,432 B/op   1,700,655 allocs/op
  [4/4]  bench  MerkleCommit/sumhash/Item1000/Count100000  174,470,129 ns/op ±2%   238,486,561 B/op ±0%   1,700,656 allocs/op ±0%    3.65s
  [1/4]  bench  MerkleCommit/sumhash/Item100000/Count10  2,082,538 ns/op   1,085,591 B/op   259 allocs/op
  [2/4]  bench  MerkleCommit/sumhash/Item100000/Count10  2,052,267 ns/op   1,085,594 B/op   259 allocs/op
  [3/4]  bench  MerkleCommit/sumhash/Item100000/Count10  2,062,447 ns/op   1,085,588 B/op   259 allocs/op
  [4/4]  bench  MerkleCommit/sumhash/Item100000/Count10  2,053,419 ns/op ±1%   1,085,593 B/op ±0%   259 allocs/op    4.25s
  [1/4]  bench  MerkleCommit/sumhash/Item100000/Count100  15,130,427 ns/op   10,798,529 B/op   1,856 allocs/op
  [2/4]  bench  MerkleCommit/sumhash/Item100000/Count100  14,928,781 ns/op   10,798,593 B/op   1,857 allocs/op
  [3/4]  bench  MerkleCommit/sumhash/Item100000/Count100  14,973,940 ns/op   10,798,590 B/op   1,856 allocs/op
  [4/4]  bench  MerkleCommit/sumhash/Item100000/Count100  14,978,019 ns/op ±1%   10,798,612 B/op ±0%   1,857 allocs/op ±0%    3.48s
  [1/4]  bench  MerkleCommit/sumhash/Item100000/Count1000  129,905,458 ns/op   107,878,910 B/op   17,259 allocs/op
  [2/4]  bench  MerkleCommit/sumhash/Item100000/Count1000  133,076,891 ns/op   107,878,833 B/op   17,258 allocs/op
  [3/4]  bench  MerkleCommit/sumhash/Item100000/Count1000  132,993,594 ns/op   107,878,889 B/op   17,258 allocs/op
  [4/4]  bench  MerkleCommit/sumhash/Item100000/Count1000  133,490,199 ns/op ±2%   107,878,753 B/op ±0%   17,257 allocs/op ±0%    3.62s
  [1/4]  bench  MerkleCommit/sumhash/Item100000/Count10000  1,249,469,916 ns/op   1,078,627,000 B/op   170,504 allocs/op
  [2/4]  bench  MerkleCommit/sumhash/Item100000/Count10000  1,268,095,229 ns/op   1,078,627,000 B/op   170,507 allocs/op
  [3/4]  bench  MerkleCommit/sumhash/Item100000/Count10000  1,265,653,042 ns/op   1,078,626,659 B/op   170,503 allocs/op
  [4/4]  bench  MerkleCommit/sumhash/Item100000/Count10000  1,265,591,594 ns/op ±1%   1,078,626,544 B/op ±0%   170,502 allocs/op ±0%    3.81s
  [1/4]  bench  MerkleCommit/sumhash/Item100000/Count100000  12,403,692,916 ns/op   10,785,731,992 B/op   1,700,741 allocs/op
  [2/4]  bench  MerkleCommit/sumhash/Item100000/Count100000  12,352,334,750 ns/op   10,785,729,224 B/op   1,700,738 allocs/op
  [3/4]  bench  MerkleCommit/sumhash/Item100000/Count100000  12,343,825,736 ns/op   10,785,730,280 B/op   1,700,757 allocs/op
  [4/4]  bench  MerkleCommit/sumhash/Item100000/Count100000  12,306,891,917 ns/op ±1%   10,785,730,300 B/op ±0%   1,700,765 allocs/op ±0%    36.82s
  [1/4]  bench  MerkleCommit/sha256/Item10/Count10    7,559 ns/op   5,511 B/op   107 allocs/op
  [2/4]  bench  MerkleCommit/sha256/Item10/Count10    7,764 ns/op   5,511 B/op   107 allocs/op
  [3/4]  bench  MerkleCommit/sha256/Item10/Count10    7,917 ns/op   5,511 B/op   107 allocs/op
  [4/4]  bench  MerkleCommit/sha256/Item10/Count10    8,018 ns/op ±5%   5,511 B/op   107 allocs/op    3.89s
  [1/4]  bench  MerkleCommit/sha256/Item10/Count100   39,486 ns/op   33,502 B/op   759 allocs/op
  [2/4]  bench  MerkleCommit/sha256/Item10/Count100   39,747 ns/op   33,495 B/op   759 allocs/op
  [3/4]  bench  MerkleCommit/sha256/Item10/Count100   39,887 ns/op   33,496 B/op   759 allocs/op
  [4/4]  bench  MerkleCommit/sha256/Item10/Count100   39,831 ns/op ±1%   33,494 B/op ±0%   759 allocs/op    4.84s
  [1/4]  bench  MerkleCommit/sha256/Item10/Count1000  199,392 ns/op   296,333 B/op   7,086 allocs/op
  [2/4]  bench  MerkleCommit/sha256/Item10/Count1000  202,175 ns/op   296,329 B/op   7,086 allocs/op
  [3/4]  bench  MerkleCommit/sha256/Item10/Count1000  202,069 ns/op   296,342 B/op   7,086 allocs/op
  [4/4]  bench  MerkleCommit/sha256/Item10/Count1000  202,710 ns/op ±1%   296,341 B/op ±0%   7,086 allocs/op    3.72s
  [1/4]  bench  MerkleCommit/sha256/Item10/Count10000  1,060,357 ns/op   2,914,413 B/op   70,174 allocs/op
  [2/4]  bench  MerkleCommit/sha256/Item10/Count10000  1,066,484 ns/op   2,914,316 B/op   70,173 allocs/op
  [3/4]  bench  MerkleCommit/sha256/Item10/Count10000  1,064,213 ns/op   2,914,344 B/op   70,173 allocs/op
  [4/4]  bench  MerkleCommit/sha256/Item10/Count10000  1,065,108 ns/op ±1%   2,914,320 B/op ±0%   70,173 allocs/op ±0%    3.98s
  [1/4]  bench  MerkleCommit/sha256/Item10/Count100000  6,648,190 ns/op   28,855,969 B/op   700,271 allocs/op
  [2/4]  bench  MerkleCommit/sha256/Item10/Count100000  6,725,392 ns/op   28,855,865 B/op   700,270 allocs/op
  [3/4]  bench  MerkleCommit/sha256/Item10/Count100000  6,737,642 ns/op   28,855,754 B/op   700,269 allocs/op
  [4/4]  bench  MerkleCommit/sha256/Item10/Count100000  6,713,915 ns/op ±1%   28,855,792 B/op ±0%   700,269 allocs/op ±0%    5.65s
  [1/4]  bench  MerkleCommit/sha256/Item1000/Count10  15,130 ns/op   15,644 B/op   107 allocs/op
  [2/4]  bench  MerkleCommit/sha256/Item1000/Count10  14,912 ns/op   15,646 B/op   107 allocs/op
  [3/4]  bench  MerkleCommit/sha256/Item1000/Count10  15,009 ns/op   15,646 B/op   107 allocs/op
  [4/4]  bench  MerkleCommit/sha256/Item1000/Count10  15,067 ns/op ±2%   15,646 B/op ±0%   107 allocs/op    4.09s
  [1/4]  bench  MerkleCommit/sha256/Item1000/Count100  74,330 ns/op   134,524 B/op   761 allocs/op
  [2/4]  bench  MerkleCommit/sha256/Item1000/Count100  74,606 ns/op   134,522 B/op   761 allocs/op
  [3/4]  bench  MerkleCommit/sha256/Item1000/Count100  74,320 ns/op   134,526 B/op   761 allocs/op
  [4/4]  bench  MerkleCommit/sha256/Item1000/Count100  74,122 ns/op ±1%   134,527 B/op ±0%   761 allocs/op    5.84s
  [1/4]  bench  MerkleCommit/sha256/Item1000/Count1000  405,580 ns/op   1,305,298 B/op   7,095 allocs/op
  [2/4]  bench  MerkleCommit/sha256/Item1000/Count1000  408,232 ns/op   1,305,291 B/op   7,095 allocs/op
  [3/4]  bench  MerkleCommit/sha256/Item1000/Count1000  407,477 ns/op   1,305,298 B/op   7,095 allocs/op
  [4/4]  bench  MerkleCommit/sha256/Item1000/Count1000  408,123 ns/op ±1%   1,305,291 B/op ±0%   7,095 allocs/op    3.66s
  [1/4]  bench  MerkleCommit/sha256/Item1000/Count10000  2,895,146 ns/op   12,995,111 B/op   70,180 allocs/op
  [2/4]  bench  MerkleCommit/sha256/Item1000/Count10000  2,883,540 ns/op   12,995,054 B/op   70,180 allocs/op
  [3/4]  bench  MerkleCommit/sha256/Item1000/Count10000  2,896,916 ns/op   12,995,071 B/op   70,180 allocs/op
  [4/4]  bench  MerkleCommit/sha256/Item1000/Count10000  2,866,543 ns/op ±3%   12,995,052 B/op ±0%   70,180 allocs/op ±0%    4.41s
  [1/4]  bench  MerkleCommit/sha256/Item1000/Count100000  23,853,438 ns/op   129,656,008 B/op   700,269 allocs/op
  [2/4]  bench  MerkleCommit/sha256/Item1000/Count100000  23,854,240 ns/op   129,655,895 B/op   700,268 allocs/op
  [3/4]  bench  MerkleCommit/sha256/Item1000/Count100000  23,785,420 ns/op   129,655,950 B/op   700,268 allocs/op
  [4/4]  bench  MerkleCommit/sha256/Item1000/Count100000  23,820,612 ns/op ±1%   129,655,858 B/op ±0%   700,268 allocs/op ±0%    3.72s
  [1/4]  bench  MerkleCommit/sha256/Item100000/Count10  231,462 ns/op   1,071,226 B/op   115 allocs/op
  [2/4]  bench  MerkleCommit/sha256/Item100000/Count10  232,646 ns/op   1,071,224 B/op   115 allocs/op
  [3/4]  bench  MerkleCommit/sha256/Item100000/Count10  232,018 ns/op   1,071,225 B/op   115 allocs/op
  [4/4]  bench  MerkleCommit/sha256/Item100000/Count10  231,801 ns/op ±1%   1,071,225 B/op ±0%   115 allocs/op    3.75s
  [1/4]  bench  MerkleCommit/sha256/Item100000/Count100  1,516,414 ns/op   10,683,660 B/op   779 allocs/op
  [2/4]  bench  MerkleCommit/sha256/Item100000/Count100  1,517,557 ns/op   10,683,661 B/op   779 allocs/op
  [3/4]  bench  MerkleCommit/sha256/Item100000/Count100  1,520,678 ns/op   10,683,661 B/op   779 allocs/op
  [4/4]  bench  MerkleCommit/sha256/Item100000/Count100  1,519,537 ns/op ±0%   10,683,664 B/op ±0%   779 allocs/op    4.06s
  [1/4]  bench  MerkleCommit/sha256/Item100000/Count1000  14,378,027 ns/op   106,779,393 B/op   7,109 allocs/op
  [2/4]  bench  MerkleCommit/sha256/Item100000/Count1000  14,283,817 ns/op   106,779,352 B/op   7,109 allocs/op
  [3/4]  bench  MerkleCommit/sha256/Item100000/Count1000  14,311,394 ns/op   106,779,275 B/op   7,108 allocs/op
  [4/4]  bench  MerkleCommit/sha256/Item100000/Count1000  14,302,154 ns/op ±1%   106,779,279 B/op ±0%   7,108 allocs/op ±0%    3.62s
  [1/4]  bench  MerkleCommit/sha256/Item100000/Count10000  135,756,578 ns/op   1,067,726,550 B/op   70,232 allocs/op
  [2/4]  bench  MerkleCommit/sha256/Item100000/Count10000  134,569,813 ns/op   1,067,725,688 B/op   70,224 allocs/op
  [3/4]  bench  MerkleCommit/sha256/Item100000/Count10000  134,054,238 ns/op   1,067,725,870 B/op   70,226 allocs/op
  [4/4]  bench  MerkleCommit/sha256/Item100000/Count10000  134,213,745 ns/op ±1%   1,067,725,753 B/op ±0%   70,224 allocs/op ±0%    3.6s
  [1/4]  bench  MerkleCommit/sha256/Item100000/Count100000  1,101,273,000 ns/op   10,676,909,272 B/op   700,415 allocs/op
  [2/4]  bench  MerkleCommit/sha256/Item100000/Count100000  1,130,892,688 ns/op   10,676,908,312 B/op   700,389 allocs/op
  [3/4]  bench  MerkleCommit/sha256/Item100000/Count100000  1,113,812,875 ns/op   10,676,911,709 B/op   700,440 allocs/op
  [4/4]  bench  MerkleCommit/sha256/Item100000/Count100000  1,118,765,802 ns/op ±4%   10,676,915,084 B/op ±0%   700,469 allocs/op ±0%    3.37s
  [1/4]  bench  AppendMsgBlockHeader                  36.8 ns/op   27.2 MB/s   0.000 B/op   0.000 allocs/op
  [2/4]  bench  AppendMsgBlockHeader                  36.6 ns/op   27.3 MB/s   0.000 B/op   0.000 allocs/op
  [3/4]  bench  AppendMsgBlockHeader                  36.7 ns/op   27.2 MB/s   0.000 B/op   0.000 allocs/op
  [4/4]  bench  AppendMsgBlockHeader                  36.7 ns/op ±0%   27.3 MB/s ±0%   0.000 B/op   0.000 allocs/op    3.72s
  [1/4]  bench  AppendMsgSignedTxn                    75.0 ns/op   13.3 MB/s   0.000 B/op   0.000 allocs/op
  [2/4]  bench  AppendMsgSignedTxn                    75.0 ns/op   13.3 MB/s   0.000 B/op   0.000 allocs/op
  [3/4]  bench  AppendMsgSignedTxn                    75.1 ns/op   13.3 MB/s   0.000 B/op   0.000 allocs/op
  [4/4]  bench  AppendMsgSignedTxn                    75.0 ns/op ±0%   13.3 MB/s ±0%   0.000 B/op   0.000 allocs/op    3.84s
  [1/4]  bench  PaysetGroups                          5,777 ns/op   130,182 B/op   8.00 allocs/op
  [2/4]  bench  PaysetGroups                          5,708 ns/op   131,243 B/op   8.00 allocs/op
  [3/4]  bench  PaysetGroups                          5,678 ns/op   132,389 B/op   8.00 allocs/op
  [4/4]  bench  PaysetGroups                          5,673 ns/op ±1%   128,904 B/op ±6%   8.00 allocs/op    25.6s
  [1/4]  bench  Txn                                   40,837 ns/op   7,866 B/op   8.00 allocs/op
  [2/4]  bench  Txn                                   40,776 ns/op   7,870 B/op   8.00 allocs/op
  [3/4]  bench  Txn                                   40,695 ns/op   7,869 B/op   8.00 allocs/op
  [4/4]  bench  Txn                                   40,652 ns/op ±0%   7,867 B/op ±0%   8.00 allocs/op    9.07s
  [1/4]  bench  TxHandlerProcessing/processDecoded    10,420 ns/op   3,912 B/op   44.0 allocs/op
  [2/4]  bench  TxHandlerProcessing/processDecoded    10,479 ns/op   3,912 B/op   44.0 allocs/op
  [3/4]  bench  TxHandlerProcessing/processDecoded    10,516 ns/op   3,912 B/op   44.0 allocs/op
  [4/4]  bench  TxHandlerProcessing/processDecoded    10,527 ns/op ±1%   3,912 B/op   44.0 allocs/op    9.05s
  [1/4]  bench  TxHandlerProcessing/verify.TxnGroup   41,539 ns/op   11,744 B/op   16.0 allocs/op
  [2/4]  bench  TxHandlerProcessing/verify.TxnGroup   41,453 ns/op   11,744 B/op   16.0 allocs/op
  [3/4]  bench  TxHandlerProcessing/verify.TxnGroup   41,440 ns/op   11,744 B/op   16.0 allocs/op
  [4/4]  bench  TxHandlerProcessing/verify.TxnGroup   41,424 ns/op ±0%   11,744 B/op   16.0 allocs/op    6.52s
  [1/4]  bench  CompactDeltas/account-deltas          1,642,200 ns/op   4,169,773 B/op   18.0 allocs/op
  [2/4]  bench  CompactDeltas/account-deltas          1,535,353 ns/op   4,172,565 B/op   18.0 allocs/op
  [3/4]  bench  CompactDeltas/account-deltas          1,494,988 ns/op   4,172,641 B/op   18.0 allocs/op
  [4/4]  bench  CompactDeltas/account-deltas          1,479,150 ns/op ±8%   4,173,449 B/op ±0%   18.0 allocs/op    16.9s
