  [1/4]  bench  MerkleCommit/sha512_256/Item10/Count10  13,761 ns/op   6,083 B/op   107 allocs/op
  [2/4]  bench  MerkleCommit/sha512_256/Item10/Count10  13,479 ns/op   6,090 B/op   107 allocs/op
  [3/4]  bench  MerkleCommit/sha512_256/Item10/Count10  13,607 ns/op   6,088 B/op   107 allocs/op
  [4/4]  bench  MerkleCommit/sha512_256/Item10/Count10  13,637 ns/op ±2%   6,088 B/op ±0%   107 allocs/op    4.05s
  [1/4]  bench  MerkleCommit/sha512_256/Item10/Count100  53,941 ns/op   34,660 B/op   760 allocs/op
  [2/4]  bench  MerkleCommit/sha512_256/Item10/Count100  53,161 ns/op   34,671 B/op   761 allocs/op
  [3/4]  bench  MerkleCommit/sha512_256/Item10/Count100  53,014 ns/op   34,675 B/op   761 allocs/op
  [4/4]  bench  MerkleCommit/sha512_256/Item10/Count100  53,078 ns/op ±1%   34,674 B/op ±0%   761 allocs/op ±0%    5.2s
  [1/4]  bench  MerkleCommit/sha512_256/Item10/Count1000  249,812 ns/op   299,035 B/op   7,091 allocs/op
  [2/4]  bench  MerkleCommit/sha512_256/Item10/Count1000  252,423 ns/op   299,004 B/op   7,091 allocs/op
  [3/4]  bench  MerkleCommit/sha512_256/Item10/Count1000  251,851 ns/op   299,014 B/op   7,091 allocs/op
  [4/4]  bench  MerkleCommit/sha512_256/Item10/Count1000  251,896 ns/op ±1%   299,006 B/op ±0%   7,091 allocs/op ±0%    3.69s
  [1/4]  bench  MerkleCommit/sha512_256/Item10/Count10000  1,263,952 ns/op   2,920,518 B/op   70,182 allocs/op
  [2/4]  bench  MerkleCommit/sha512_256/Item10/Count10000  1,275,759 ns/op   2,920,492 B/op   70,182 allocs/op
  [3/4]  bench  MerkleCommit/sha512_256/Item10/Count10000  1,271,439 ns/op   2,920,506 B/op   70,182 allocs/op
  [4/4]  bench  MerkleCommit/sha512_256/Item10/Count10000  1,271,992 ns/op ±1%   2,920,483 B/op ±0%   70,182 allocs/op    4.03s
  [1/4]  bench  MerkleCommit/sha512_256/Item10/Count100000  7,730,727 ns/op   28,866,327 B/op   700,281 allocs/op
  [2/4]  bench  MerkleCommit/sha512_256/Item10/Count100000  7,699,486 ns/op   28,866,345 B/op   700,281 allocs/op
  [3/4]  bench  MerkleCommit/sha512_256/Item10/Count100000  7,739,683 ns/op   28,866,258 B/op   700,281 allocs/op
  [4/4]  bench  MerkleCommit/sha512_256/Item10/Count100000  7,716,472 ns/op ±1%   28,866,326 B/op ±0%   700,281 allocs/op ±0%    5.91s
  [1/4]  bench  MerkleCommit/sha512_256/Item1000/Count10  22,581 ns/op   16,254 B/op   108 allocs/op
  [2/4]  bench  MerkleCommit/sha512_256/Item1000/Count10  22,455 ns/op   16,256 B/op   108 allocs/op
  [3/4]  bench  MerkleCommit/sha512_256/Item1000/Count10  22,269 ns/op   16,256 B/op   108 allocs/op
  [4/4]  bench  MerkleCommit/sha512_256/Item1000/Count10  22,056 ns/op ±3%   16,257 B/op ±0%   108 allocs/op    4.21s
  [1/4]  bench  MerkleCommit/sha512_256/Item1000/Count100  94,501 ns/op   135,927 B/op   763 allocs/op
  [2/4]  bench  MerkleCommit/sha512_256/Item1000/Count100  94,543 ns/op   135,924 B/op   763 allocs/op
  [3/4]  bench  MerkleCommit/sha512_256/Item1000/Count100  95,291 ns/op   135,914 B/op   763 allocs/op
  [4/4]  bench  MerkleCommit/sha512_256/Item1000/Count100  95,321 ns/op ±1%   135,911 B/op ±0%   763 allocs/op    6.5s
  [1/4]  bench  MerkleCommit/sha512_256/Item1000/Count1000  483,159 ns/op   1,308,347 B/op   7,099 allocs/op
  [2/4]  bench  MerkleCommit/sha512_256/Item1000/Count1000  485,372 ns/op   1,308,324 B/op   7,099 allocs/op
  [3/4]  bench  MerkleCommit/sha512_256/Item1000/Count1000  485,893 ns/op   1,308,318 B/op   7,099 allocs/op
  [4/4]  bench  MerkleCommit/sha512_256/Item1000/Count1000  485,461 ns/op ±0%   1,308,324 B/op ±0%   7,099 allocs/op    3.63s
  [1/4]  bench  MerkleCommit/sha512_256/Item1000/Count10000  3,325,693 ns/op   13,000,984 B/op   70,185 allocs/op
  [2/4]  bench  MerkleCommit/sha512_256/Item1000/Count10000  3,253,871 ns/op   13,000,952 B/op   70,185 allocs/op
  [3/4]  bench  MerkleCommit/sha512_256/Item1000/Count10000  3,242,948 ns/op   13,000,962 B/op   70,185 allocs/op
  [4/4]  bench  MerkleCommit/sha512_256/Item1000/Count10000  3,259,521 ns/op ±2%   13,000,956 B/op ±0%   70,185 allocs/op    4.51s
  [1/4]  bench  MerkleCommit/sha512_256/Item1000/Count100000  26,546,058 ns/op   129,665,644 B/op   700,275 allocs/op
  [2/4]  bench  MerkleCommit/sha512_256/Item1000/Count100000  26,424,469 ns/op   129,665,604 B/op   700,275 allocs/op
  [3/4]  bench  MerkleCommit/sha512_256/Item1000/Count100000  26,578,513 ns/op   129,665,666 B/op   700,275 allocs/op
  [4/4]  bench  MerkleCommit/sha512_256/Item1000/Count100000  26,551,125 ns/op ±1%   129,665,662 B/op ±0%   700,275 allocs/op ±0%    3.56s
  [1/4]  bench  MerkleCommit/sha512_256/Item100000/Count10  322,745 ns/op   1,072,388 B/op   117 allocs/op
  [2/4]  bench  MerkleCommit/sha512_256/Item100000/Count10  323,445 ns/op   1,072,400 B/op   117 allocs/op
  [3/4]  bench  MerkleCommit/sha512_256/Item100000/Count10  324,254 ns/op   1,072,397 B/op   117 allocs/op
  [4/4]  bench  MerkleCommit/sha512_256/Item100000/Count10  323,886 ns/op ±0%   1,072,400 B/op ±0%   117 allocs/op    3.72s
  [1/4]  bench  MerkleCommit/sha512_256/Item100000/Count100  2,004,764 ns/op   10,685,858 B/op   781 allocs/op
  [2/4]  bench  MerkleCommit/sha512_256/Item100000/Count100  1,983,295 ns/op   10,685,846 B/op   781 allocs/op
  [3/4]  bench  MerkleCommit/sha512_256/Item100000/Count100  1,992,715 ns/op   10,685,850 B/op   781 allocs/op
  [4/4]  bench  MerkleCommit/sha512_256/Item100000/Count100  1,986,902 ns/op ±1%   10,685,851 B/op ±0%   781 allocs/op    4.17s
  [1/4]  bench  MerkleCommit/sha512_256/Item100000/Count1000  18,126,341 ns/op   106,782,276 B/op   7,109 allocs/op
  [2/4]  bench  MerkleCommit/sha512_256/Item100000/Count1000  18,002,362 ns/op   106,782,518 B/op   7,111 allocs/op
  [3/4]  bench  MerkleCommit/sha512_256/Item100000/Count1000  17,996,482 ns/op   106,782,551 B/op   7,111 allocs/op
  [4/4]  bench  MerkleCommit/sha512_256/Item100000/Count1000  17,962,513 ns/op ±1%   106,782,548 B/op ±0%   7,111 allocs/op ±0%    3.62s
  [1/4]  bench  MerkleCommit/sha512_256/Item100000/Count10000  169,045,893 ns/op   1,067,734,435 B/op   70,255 allocs/op
  [2/4]  bench  MerkleCommit/sha512_256/Item100000/Count10000  168,182,709 ns/op   1,067,733,127 B/op   70,242 allocs/op
  [3/4]  bench  MerkleCommit/sha512_256/Item100000/Count10000  169,224,294 ns/op   1,067,733,713 B/op   70,248 allocs/op
  [4/4]  bench  MerkleCommit/sha512_256/Item100000/Count10000  168,831,814 ns/op ±1%   1,067,733,814 B/op ±0%   70,249 allocs/op ±0%    3.87s
  [1/4]  bench  MerkleCommit/sha512_256/Item100000/Count100000  1,409,508,333 ns/op   10,676,933,272 B/op   700,527 allocs/op
  [2/4]  bench  MerkleCommit/sha512_256/Item100000/Count100000  1,401,104,771 ns/op   10,676,937,904 B/op   700,582 allocs/op
  [3/4]  bench  MerkleCommit/sha512_256/Item100000/Count100000  1,399,921,264 ns/op   10,676,940,371 B/op   700,611 allocs/op
  [4/4]  bench  MerkleCommit/sha512_256/Item100000/Count100000  1,390,820,864 ns/op ±2%   10,676,942,836 B/op ±0%   700,640 allocs/op ±0%    4.15s
  [1/4]  bench  MerkleCommit/sumhash/Item10/Count10   48,911 ns/op   16,806 B/op   217 allocs/op
  [2/4]  bench  MerkleCommit/sumhash/Item10/Count10   48,981 ns/op   16,806 B/op   217 allocs/op
  [3/4]  bench  MerkleCommit/sumhash/Item10/Count10   49,204 ns/op   16,799 B/op   217 allocs/op
  [4/4]  bench  MerkleCommit/sumhash/Item10/Count10   49,091 ns/op ±1%   16,801 B/op ±0%   217 allocs/op    5.08s
  [1/4]  bench  MerkleCommit/sumhash/Item10/Count100  237,820 ns/op   134,790 B/op   1,722 allocs/op
  [2/4]  bench  MerkleCommit/sumhash/Item10/Count100  236,453 ns/op   134,814 B/op   1,723 allocs/op
  [3/4]  bench  MerkleCommit/sumhash/Item10/Count100  237,203 ns/op   134,796 B/op   1,722 allocs/op
  [4/4]  bench  MerkleCommit/sumhash/Item10/Count100  236,512 ns/op ±1%   134,810 B/op ±0%   1,723 allocs/op ±0%    3.64s
  [1/4]  bench  MerkleCommit/sumhash/Item10/Count1000  1,069,700 ns/op   1,268,764 B/op   16,241 allocs/op
  [2/4]  bench  MerkleCommit/sumhash/Item10/Count1000  1,068,155 ns/op   1,268,804 B/op   16,242 allocs/op
  [3/4]  bench  MerkleCommit/sumhash/Item10/Count1000  1,066,150 ns/op   1,268,808 B/op   16,242 allocs/op
  [4/4]  bench  MerkleCommit/sumhash/Item10/Count1000  1,076,156 ns/op ±2%   1,268,742 B/op ±0%   16,241 allocs/op ±0%    3.89s
  [1/4]  bench  MerkleCommit/sumhash/Item10/Count10000  6,447,437 ns/op   12,537,594 B/op   160,461 allocs/op
  [2/4]  bench  MerkleCommit/sumhash/Item10/Count10000  6,401,760 ns/op   12,537,955 B/op   160,466 allocs/op
  [3/4]  bench  MerkleCommit/sumhash/Item10/Count10000  6,416,379 ns/op   12,538,058 B/op   160,467 allocs/op
  [4/4]  bench  MerkleCommit/sumhash/Item10/Count10000  6,428,769 ns/op ±1%   12,538,019 B/op ±0%   160,466 allocs/op ±0%    5.53s
  [1/4]  bench  MerkleCommit/sumhash/Item10/Count100000  50,114,007 ns/op   124,886,024 B/op   1,600,655 allocs/op
  [2/4]  bench  MerkleCommit/sumhash/Item10/Count100000  50,773,704 ns/op   124,885,692 B/op   1,600,651 allocs/op
  [3/4]  bench  MerkleCommit/sumhash/Item10/Count100000  50,332,776 ns/op   124,885,710 B/op   1,600,651 allocs/op
  [4/4]  bench  MerkleCommit/sumhash/Item10/Count100000  50,221,366 ns/op ±2%   124,885,633 B/op ±0%   1,600,651 allocs/op ±0%    3.58s
  [1/4]  bench  MerkleCommit/sumhash/Item1000/Count10  105,491 ns/op   28,621 B/op   232 allocs/op
  [2/4]  bench  MerkleCommit/sumhash/Item1000/Count10  103,771 ns/op   28,622 B/op   232 allocs/op
  [3/4]  bench  MerkleCommit/sumhash/Item1000/Count10  104,101 ns/op   28,621 B/op   232 allocs/op
  [4/4]  bench  MerkleCommit/sumhash/Item1000/Count10  104,245 ns/op ±2%   28,624 B/op ±0%   232 allocs/op    3.15s
  [1/4]  bench  MerkleCommit/sumhash/Item1000/Count100  453,596 ns/op   250,224 B/op   1,844 allocs/op
  [2/4]  bench  MerkleCommit/sumhash/Item1000/Count100  456,220 ns/op   250,191 B/op   1,844 allocs/op
  [3/4]  bench  MerkleCommit/sumhash/Item1000/Count100  455,918 ns/op   250,197 B/op   1,844 allocs/op
  [4/4]  bench  MerkleCommit/sumhash/Item1000/Count100  457,449 ns/op ±1%   250,174 B/op ±0%   1,843 allocs/op ±0%    3.77s
  [1/4]  bench  MerkleCommit/sumhash/Item1000/Count1000  2,517,706 ns/op   2,406,577 B/op   17,262 allocs/op
  [2/4]  bench  MerkleCommit/sumhash/Item1000/Count1000  2,535,415 ns/op   2,406,425 B/op   17,261 allocs/op
  [3/4]  bench  MerkleCommit/sumhash/Item1000/Count1000  2,523,534 ns/op   2,406,474 B/op   17,261 allocs/op
  [4/4]  bench  MerkleCommit/sumhash/Item1000/Count1000  2,522,888 ns/op ±1%   2,406,470 B/op ±0%   17,261 allocs/op ±0%    4.33s
  [1/4]  bench  MerkleCommit/sumhash/Item1000/Count10000  19,542,422 ns/op   23,898,767 B/op   170,474 allocs/op
  [2/4]  bench  MerkleCommit/sumhash/Item1000/Count10000  19,744,653 ns/op   23,898,468 B/op   170,471 allocs/op
  [3/4]  bench  MerkleCommit/sumhash/Item1000/Count10000  19,668,192 ns/op   23,898,617 B/op   170,472 allocs/op
  [4/4]  bench  MerkleCommit/sumhash/Item1000/Count10000  19,721,300 ns/op ±1%   23,898,568 B/op ±0%   170,472 allocs/op ±0%    3.54s
  [1/4]  bench  MerkleCommit/sumhash/Item1000/Count100000  170,587,396 ns/op   238,486,408 B/op   1,700,654 allocs/op
  [2/4]  bench  MerkleCommit/sumhash/Item1000/Count100000  173,976,160 ns/op   238,485,956 B/op   1,700,649 allocs/op
  [3/4]  bench  MerkleCommit/sumhash/Item1000/Count100000  173,218,574 ns/op   238,486,289 B/op   1,700,652 allocs/op
  [4/4]  bench  MerkleCommit/sumhash/Item1000/Count100000  172,913,856 ns/op ±2%   238,486,289 B/op ±0%   1,700,653 allocs/op ±0%    3.65s
  [1/4]  bench  MerkleCommit/sumhash/Item100000/Count10  2,029,996 ns/op   1,085,609 B/op   259 allocs/op
  [2/4]  bench  MerkleCommit/sumhash/Item100000/Count10  2,037,534 ns/op   1,085,601 B/op   259 allocs/op
  [3/4]  bench  MerkleCommit/sumhash/Item100000/Count10  2,035,591 ns/op   1,085,599 B/op   259 allocs/op
  [4/4]  bench  MerkleCommit/sumhash/Item100000/Count10  2,034,793 ns/op ±0%   1,085,599 B/op ±0%   259 allocs/op    4.1s
  [1/4]  bench  MerkleCommit/sumhash/Item100000/Count100  15,201,302 ns/op   10,798,732 B/op   1,857 allocs/op
  [2/4]  bench  MerkleCommit/sumhash/Item100000/Count100  15,000,176 ns/op   10,798,655 B/op   1,857 allocs/op
  [3/4]  bench  MerkleCommit/sumhash/Item100000/Count100  15,008,030 ns/op   10,798,617 B/op   1,857 allocs/op
  [4/4]  bench  MerkleCommit/sumhash/Item100000/Count100  14,939,295 ns/op ±2%   10,798,621 B/op ±0%   1,857 allocs/op ±0%    3.52s
  [1/4]  bench  MerkleCommit/sumhash/Item100000/Count1000  134,424,620 ns/op   107,878,512 B/op   17,255 allocs/op
  [2/4]  bench  MerkleCommit/sumhash/Item100000/Count1000  133,388,133 ns/op   107,878,739 B/op   17,257 allocs/op
  [3/4]  bench  MerkleCommit/sumhash/Item100000/Count1000  133,569,559 ns/op   107,878,663 B/op   17,256 allocs/op
  [4/4]  bench  MerkleCommit/sumhash/Item100000/Count1000  132,466,405 ns/op ±2%   107,878,714 B/op ±0%   17,257 allocs/op ±0%    3.55s
  [1/4]  bench  MerkleCommit/sumhash/Item100000/Count10000  1,260,941,000 ns/op   1,078,625,768 B/op   170,489 allocs/op
  [2/4]  bench  MerkleCommit/sumhash/Item100000/Count10000  1,278,610,979 ns/op   1,078,626,016 B/op   170,492 allocs/op
  [3/4]  bench  MerkleCommit/sumhash/Item100000/Count10000  1,269,815,222 ns/op   1,078,625,896 B/op   170,492 allocs/op
  [4/4]  bench  MerkleCommit/sumhash/Item100000/Count10000  1,275,514,417 ns/op ±2%   1,078,626,344 B/op ±0%   170,498 allocs/op ±0%    3.84s
  [1/4]  bench  MerkleCommit/sumhash/Item100000/Count100000  12,347,234,375 ns/op   10,785,727,656 B/op   1,700,745 allocs/op
  [2/4]  bench  MerkleCommit/sumhash/Item100000/Count100000  12,364,374,334 ns/op   10,785,726,720 B/op   1,700,740 allocs/op
  [3/4]  bench  MerkleCommit/sumhash/Item100000/Count100000  12,337,296,361 ns/op   10,785,725,981 B/op   1,700,732 allocs/op
  [4/4]  bench  MerkleCommit/sumhash/Item100000/Count100000  12,310,572,115 ns/op ±1%   10,785,726,908 B/op ±0%   1,700,739 allocs/op ±0%    36.89s
  [1/4]  bench  MerkleCommit/sha256/Item10/Count10    8,216 ns/op   5,512 B/op   107 allocs/op
  [2/4]  bench  MerkleCommit/sha256/Item10/Count10    8,099 ns/op   5,512 B/op   107 allocs/op
  [3/4]  bench  MerkleCommit/sha256/Item10/Count10    8,020 ns/op   5,511 B/op   107 allocs/op
  [4/4]  bench  MerkleCommit/sha256/Item10/Count10    7,972 ns/op ±2%   5,511 B/op ±0%   107 allocs/op    3.89s
  [1/4]  bench  MerkleCommit/sha256/Item10/Count100   39,441 ns/op   33,490 B/op   759 allocs/op
  [2/4]  bench  MerkleCommit/sha256/Item10/Count100   38,695 ns/op   33,495 B/op   759 allocs/op
  [3/4]  bench  MerkleCommit/sha256/Item10/Count100   38,747 ns/op   33,497 B/op   759 allocs/op
  [4/4]  bench  MerkleCommit/sha256/Item10/Count100   38,662 ns/op ±2%   33,496 B/op ±0%   759 allocs/op    4.72s
  [1/4]  bench  MerkleCommit/sha256/Item10/Count1000  200,482 ns/op   296,340 B/op   7,086 allocs/op
  [2/4]  bench  MerkleCommit/sha256/Item10/Count1000  201,034 ns/op   296,346 B/op   7,086 allocs/op
  [3/4]  bench  MerkleCommit/sha256/Item10/Count1000  202,055 ns/op   296,344 B/op   7,086 allocs/op
  [4/4]  bench  MerkleCommit/sha256/Item10/Count1000  201,876 ns/op ±1%   296,349 B/op ±0%   7,086 allocs/op    3.69s
  [1/4]  bench  MerkleCommit/sha256/Item10/Count10000  1,061,056 ns/op   2,914,261 B/op   70,172 allocs/op
  [2/4]  bench  MerkleCommit/sha256/Item10/Count10000  1,057,936 ns/op   2,914,319 B/op   70,173 allocs/op
  [3/4]  bench  MerkleCommit/sha256/Item10/Count10000  1,059,455 ns/op   2,914,288 B/op   70,172 allocs/op
  [4/4]  bench  MerkleCommit/sha256/Item10/Count10000  1,056,986 ns/op ±1%   2,914,302 B/op ±0%   70,173 allocs/op ±0%    3.94s
  [1/4]  bench  MerkleCommit/sha256/Item10/Count100000  6,631,012 ns/op   28,855,983 B/op   700,271 allocs/op
  [2/4]  bench  MerkleCommit/sha256/Item10/Count100000  6,678,492 ns/op   28,855,887 B/op   700,270 allocs/op
  [3/4]  bench  MerkleCommit/sha256/Item10/Count100000  6,683,637 ns/op   28,855,863 B/op   700,270 allocs/op
  [4/4]  bench  MerkleCommit/sha256/Item10/Count100000  6,680,554 ns/op ±1%   28,855,887 B/op ±0%   700,270 allocs/op ±0%    5.63s
  [1/4]  bench  MerkleCommit/sha256/Item1000/Count10  15,001 ns/op   15,645 B/op   107 allocs/op
  [2/4]  bench  MerkleCommit/sha256/Item1000/Count10  15,147 ns/op   15,646 B/op   107 allocs/op
  [3/4]  bench  MerkleCommit/sha256/Item1000/Count10  15,122 ns/op   15,646 B/op   107 allocs/op
  [4/4]  bench  MerkleCommit/sha256/Item1000/Count10  15,068 ns/op ±1%   15,646 B/op ±0%   107 allocs/op    4.07s
  [1/4]  bench  MerkleCommit/sha256/Item1000/Count100  75,265 ns/op   134,520 B/op   761 allocs/op
  [2/4]  bench  MerkleCommit/sha256/Item1000/Count100  74,257 ns/op   134,525 B/op   761 allocs/op
  [3/4]  bench  MerkleCommit/sha256/Item1000/Count100  73,943 ns/op   134,527 B/op   761 allocs/op
  [4/4]  bench  MerkleCommit/sha256/Item1000/Count100  73,740 ns/op ±1%   134,525 B/op ±0%   761 allocs/op    5.8s
  [1/4]  bench  MerkleCommit/sha256/Item1000/Count1000  404,837 ns/op   1,305,297 B/op   7,095 allocs/op
  [2/4]  bench  MerkleCommit/sha256/Item1000/Count1000  405,051 ns/op   1,305,283 B/op   7,095 allocs/op
  [3/4]  bench  MerkleCommit/sha256/Item1000/Count1000  404,711 ns/op   1,305,294 B/op   7,095 allocs/op
  [4/4]  bench  MerkleCommit/sha256/Item1000/Count1000  406,073 ns/op ±1%   1,305,287 B/op ±0%   7,095 allocs/op    3.77s
  [1/4]  bench  MerkleCommit/sha256/Item1000/Count10000  2,783,559 ns/op   12,995,061 B/op   70,180 allocs/op
  [2/4]  bench  MerkleCommit/sha256/Item1000/Count10000  2,823,741 ns/op   12,995,051 B/op   70,180 allocs/op
  [3/4]  bench  MerkleCommit/sha256/Item1000/Count10000  2,830,028 ns/op   12,995,060 B/op   70,180 allocs/op
  [4/4]  bench  MerkleCommit/sha256/Item1000/Count10000  2,794,570 ns/op ±3%   12,995,027 B/op ±0%   70,179 allocs/op ±0%    4.38s
  [1/4]  bench  MerkleCommit/sha256/Item1000/Count100000  23,714,811 ns/op   129,655,935 B/op   700,268 allocs/op
  [2/4]  bench  MerkleCommit/sha256/Item1000/Count100000  23,823,541 ns/op   129,655,853 B/op   700,268 allocs/op
  [3/4]  bench  MerkleCommit/sha256/Item1000/Count100000  23,817,810 ns/op   129,655,873 B/op   700,268 allocs/op
  [4/4]  bench  MerkleCommit/sha256/Item1000/Count100000  23,870,121 ns/op ±1%   129,655,881 B/op ±0%   700,268 allocs/op ±0%    3.61s
  [1/4]  bench  MerkleCommit/sha256/Item100000/Count10  230,565 ns/op   1,071,229 B/op   115 allocs/op
  [2/4]  bench  MerkleCommit/sha256/Item100000/Count10  232,299 ns/op   1,071,226 B/op   115 allocs/op
  [3/4]  bench  MerkleCommit/sha256/Item100000/Count10  231,413 ns/op   1,071,227 B/op   115 allocs/op
  [4/4]  bench  MerkleCommit/sha256/Item100000/Count10  231,002 ns/op ±1%   1,071,228 B/op ±0%   115 allocs/op    3.65s
  [1/4]  bench  MerkleCommit/sha256/Item100000/Count100  1,498,574 ns/op   10,683,660 B/op   779 allocs/op
  [2/4]  bench  MerkleCommit/sha256/Item100000/Count100  1,498,321 ns/op   10,683,670 B/op   779 allocs/op
  [3/4]  bench  MerkleCommit/sha256/Item100000/Count100  1,496,590 ns/op   10,683,662 B/op   779 allocs/op
  [4/4]  bench  MerkleCommit/sha256/Item100000/Count100  1,496,245 ns/op ±0%   10,683,661 B/op ±0%   779 allocs/op    4.03s
  [1/4]  bench  MerkleCommit/sha256/Item100000/Count1000  14,350,503 ns/op   106,779,151 B/op   7,106 allocs/op
  [2/4]  bench  MerkleCommit/sha256/Item100000/Count1000  14,251,235 ns/op   106,779,285 B/op   7,108 allocs/op
  [3/4]  bench  MerkleCommit/sha256/Item100000/Count1000  14,265,303 ns/op   106,779,268 B/op   7,107 allocs/op
  [4/4]  bench  MerkleCommit/sha256/Item100000/Count1000  14,242,514 ns/op ±1%   106,779,245 B/op ±0%   7,107 allocs/op ±0%    3.54s
  [1/4]  bench  MerkleCommit/sha256/Item100000/Count10000  133,369,182 ns/op   1,067,726,134 B/op   70,231 allocs/op
  [2/4]  bench  MerkleCommit/sha256/Item100000/Count10000  133,157,146 ns/op   1,067,726,062 B/op   70,229 allocs/op
  [3/4]  bench  MerkleCommit/sha256/Item100000/Count10000  132,680,866 ns/op   1,067,725,593 B/op   70,223 allocs/op
  [4/4]  bench  MerkleCommit/sha256/Item100000/Count10000  132,467,186 ns/op ±1%   1,067,725,330 B/op ±0%   70,221 allocs/op ±0%    3.57s
  [1/4]  bench  MerkleCommit/sha256/Item100000/Count100000  1,130,713,291 ns/op   10,676,926,024 B/op   700,555 allocs/op
  [2/4]  bench  MerkleCommit/sha256/Item100000/Count100000  1,150,083,250 ns/op   10,676,928,464 B/op   700,579 allocs/op
  [3/4]  bench  MerkleCommit/sha256/Item100000/Count100000  1,145,935,694 ns/op   10,676,928,077 B/op   700,577 allocs/op
  [4/4]  bench  MerkleCommit/sha256/Item100000/Count100000  1,133,120,146 ns/op ±3%   10,676,922,784 B/op ±0%   700,536 allocs/op ±0%    3.4s
  [1/4]  bench  AppendMsgBlockHeader                  36.3 ns/op   27.6 MB/s   0.000 B/op   0.000 allocs/op
  [2/4]  bench  AppendMsgBlockHeader                  36.4 ns/op   27.4 MB/s   0.000 B/op   0.000 allocs/op
  [3/4]  bench  AppendMsgBlockHeader                  36.4 ns/op   27.5 MB/s   0.000 B/op   0.000 allocs/op
  [4/4]  bench  AppendMsgBlockHeader                  36.4 ns/op ±0%   27.5 MB/s ±0%   0.000 B/op   0.000 allocs/op    3.73s
  [1/4]  bench  AppendMsgSignedTxn                    75.6 ns/op   13.2 MB/s   0.000 B/op   0.000 allocs/op
  [2/4]  bench  AppendMsgSignedTxn                    75.2 ns/op   13.3 MB/s   0.000 B/op   0.000 allocs/op
  [3/4]  bench  AppendMsgSignedTxn                    75.4 ns/op   13.3 MB/s   0.000 B/op   0.000 allocs/op
  [4/4]  bench  AppendMsgSignedTxn                    75.3 ns/op ±1%   13.3 MB/s ±1%   0.000 B/op   0.000 allocs/op    3.85s
  [1/4]  bench  PaysetGroups                          5,657 ns/op   131,032 B/op   8.00 allocs/op
  [2/4]  bench  PaysetGroups                          5,671 ns/op   131,106 B/op   8.00 allocs/op
  [3/4]  bench  PaysetGroups                          5,667 ns/op   130,221 B/op   8.00 allocs/op
  [4/4]  bench  PaysetGroups                          5,679 ns/op ±1%   128,868 B/op ±2%   8.00 allocs/op    25.47s
  [1/4]  bench  Txn                                   40,847 ns/op   9,509 B/op   12.0 allocs/op
  [2/4]  bench  Txn                                   40,880 ns/op   9,510 B/op   12.0 allocs/op
  [3/4]  bench  Txn                                   40,889 ns/op   9,511 B/op   12.0 allocs/op
  [4/4]  bench  Txn                                   40,944 ns/op ±0%   9,511 B/op ±0%   12.0 allocs/op    9.01s
  [1/4]  bench  TxHandlerProcessing/processDecoded    9,966 ns/op   3,888 B/op   43.0 allocs/op
  [2/4]  bench  TxHandlerProcessing/processDecoded    10,005 ns/op   3,888 B/op   43.0 allocs/op
  [3/4]  bench  TxHandlerProcessing/processDecoded    10,036 ns/op   3,888 B/op   43.0 allocs/op
  [4/4]  bench  TxHandlerProcessing/processDecoded    10,090 ns/op ±1%   3,888 B/op   43.0 allocs/op    9.06s
  [1/4]  bench  TxHandlerProcessing/verify.TxnGroup   41,256 ns/op   11,744 B/op   16.0 allocs/op
  [2/4]  bench  TxHandlerProcessing/verify.TxnGroup   41,480 ns/op   11,744 B/op   16.0 allocs/op
  [3/4]  bench  TxHandlerProcessing/verify.TxnGroup   41,519 ns/op   11,744 B/op   16.0 allocs/op
  [4/4]  bench  TxHandlerProcessing/verify.TxnGroup   41,486 ns/op ±1%   11,744 B/op   16.0 allocs/op    6.55s
  [1/4]  bench  CompactDeltas/account-deltas          1,679,519 ns/op   4,171,785 B/op   18.0 allocs/op
  [2/4]  bench  CompactDeltas/account-deltas          1,551,875 ns/op   4,175,647 B/op   18.0 allocs/op
  [3/4]  bench  CompactDeltas/account-deltas          1,506,051 ns/op   4,177,109 B/op   18.0 allocs/op
  [4/4]  bench  CompactDeltas/account-deltas          1,481,911 ns/op ±9%   4,176,542 B/op ±0%   18.0 allocs/op    16.86s
