  [1/4]  bench  MerkleCommit/sha512_256/Item10/Count10  13,741 ns/op   6,089 B/op   107 allocs/op
  [2/4]  bench  MerkleCommit/sha512_256/Item10/Count10  13,877 ns/op   6,086 B/op   107 allocs/op
  [3/4]  bench  MerkleCommit/sha512_256/Item10/Count10  13,866 ns/op   6,086 B/op   107 allocs/op
  [4/4]  bench  MerkleCommit/sha512_256/Item10/Count10  13,879 ns/op ±1%   6,086 B/op ±0%   107 allocs/op    4.03s
  [1/4]  bench  MerkleCommit/sha512_256/Item10/Count100  53,523 ns/op   34,686 B/op   761 allocs/op
  [2/4]  bench  MerkleCommit/sha512_256/Item10/Count100  53,801 ns/op   34,683 B/op   761 allocs/op
  [3/4]  bench  MerkleCommit/sha512_256/Item10/Count100  53,990 ns/op   34,677 B/op   761 allocs/op
  [4/4]  bench  MerkleCommit/sha512_256/Item10/Count100  53,919 ns/op ±1%   34,677 B/op ±0%   761 allocs/op ±0%    5.23s
  [1/4]  bench  MerkleCommit/sha512_256/Item10/Count1000  254,174 ns/op   298,989 B/op   7,091 allocs/op
  [2/4]  bench  MerkleCommit/sha512_256/Item10/Count1000  252,536 ns/op   299,004 B/op   7,091 allocs/op
  [3/4]  bench  MerkleCommit/sha512_256/Item10/Count1000  252,219 ns/op   299,001 B/op   7,091 allocs/op
  [4/4]  bench  MerkleCommit/sha512_256/Item10/Count1000  251,748 ns/op ±1%   299,006 B/op ±0%   7,091 allocs/op    3.68s
  [1/4]  bench  MerkleCommit/sha512_256/Item10/Count10000  1,286,282 ns/op   2,920,343 B/op   70,181 allocs/op
  [2/4]  bench  MerkleCommit/sha512_256/Item10/Count10000  1,293,168 ns/op   2,920,401 B/op   70,182 allocs/op
  [3/4]  bench  MerkleCommit/sha512_256/Item10/Count10000  1,284,310 ns/op   2,920,424 B/op   70,182 allocs/op
  [4/4]  bench  MerkleCommit/sha512_256/Item10/Count10000  1,280,770 ns/op ±1%   2,920,445 B/op ±0%   70,182 allocs/op ±0%    3.99s
  [1/4]  bench  MerkleCommit/sha512_256/Item10/Count100000  7,853,355 ns/op   28,866,023 B/op   700,279 allocs/op
  [2/4]  bench  MerkleCommit/sha512_256/Item10/Count100000  7,770,405 ns/op   28,866,202 B/op   700,281 allocs/op
  [3/4]  bench  MerkleCommit/sha512_256/Item10/Count100000  7,748,840 ns/op   28,866,243 B/op   700,281 allocs/op
  [4/4]  bench  MerkleCommit/sha512_256/Item10/Count100000  7,787,010 ns/op ±1%   28,866,167 B/op ±0%   700,280 allocs/op ±0%    5.95s
  [1/4]  bench  MerkleCommit/sha512_256/Item1000/Count10  22,814 ns/op   16,256 B/op   108 allocs/op
  [2/4]  bench  MerkleCommit/sha512_256/Item1000/Count10  22,704 ns/op   16,254 B/op   108 allocs/op
  [3/4]  bench  MerkleCommit/sha512_256/Item1000/Count10  22,574 ns/op   16,255 B/op   108 allocs/op
  [4/4]  bench  MerkleCommit/sha512_256/Item1000/Count10  22,554 ns/op ±1%   16,255 B/op ±0%   108 allocs/op    4.28s
  [1/4]  bench  MerkleCommit/sha512_256/Item1000/Count100  96,347 ns/op   135,901 B/op   763 allocs/op
  [2/4]  bench  MerkleCommit/sha512_256/Item1000/Count100  95,458 ns/op   135,915 B/op   763 allocs/op
  [3/4]  bench  MerkleCommit/sha512_256/Item1000/Count100  95,106 ns/op   135,921 B/op   763 allocs/op
  [4/4]  bench  MerkleCommit/sha512_256/Item1000/Count100  95,195 ns/op ±1%   135,918 B/op ±0%   763 allocs/op ±0%    6.47s
  [1/4]  bench  MerkleCommit/sha512_256/Item1000/Count1000  484,192 ns/op   1,308,317 B/op   7,099 allocs/op
  [2/4]  bench  MerkleCommit/sha512_256/Item1000/Count1000  485,684 ns/op   1,308,316 B/op   7,099 allocs/op
  [3/4]  bench  MerkleCommit/sha512_256/Item1000/Count1000  485,428 ns/op   1,308,337 B/op   7,099 allocs/op
  [4/4]  bench  MerkleCommit/sha512_256/Item1000/Count1000  486,653 ns/op ±1%   1,308,325 B/op ±0%   7,099 allocs/op ±0%    3.71s
  [1/4]  bench  MerkleCommit/sha512_256/Item1000/Count10000  3,275,143 ns/op   13,001,001 B/op   70,185 allocs/op
  [2/4]  bench  MerkleCommit/sha512_256/Item1000/Count10000  3,278,139 ns/op   13,001,010 B/op   70,185 allocs/op
  [3/4]  bench  MerkleCommit/sha512_256/Item1000/Count10000  3,263,540 ns/op   13,001,000 B/op   70,185 allocs/op
  [4/4]  bench  MerkleCommit/sha512_256/Item1000/Count10000  3,251,801 ns/op ±1%   13,000,986 B/op ±0%   70,185 allocs/op    4.49s
  [1/4]  bench  MerkleCommit/sha512_256/Item1000/Count100000  26,669,818 ns/op   129,665,737 B/op   700,276 allocs/op
  [2/4]  bench  MerkleCommit/sha512_256/Item1000/Count100000  26,813,339 ns/op   129,665,511 B/op   700,275 allocs/op
  [3/4]  bench  MerkleCommit/sha512_256/Item1000/Count100000  26,695,217 ns/op   129,665,619 B/op   700,275 allocs/op
  [4/4]  bench  MerkleCommit/sha512_256/Item1000/Count100000  26,793,779 ns/op ±1%   129,665,537 B/op ±0%   700,275 allocs/op ±0%    3.68s
  [1/4]  bench  MerkleCommit/sha512_256/Item100000/Count10  318,175 ns/op   1,072,393 B/op   117 allocs/op
  [2/4]  bench  MerkleCommit/sha512_256/Item100000/Count10  321,629 ns/op   1,072,398 B/op   117 allocs/op
  [3/4]  bench  MerkleCommit/sha512_256/Item100000/Count10  322,060 ns/op   1,072,402 B/op   117 allocs/op
  [4/4]  bench  MerkleCommit/sha512_256/Item100000/Count10  322,970 ns/op ±1%   1,072,398 B/op ±0%   117 allocs/op    3.75s
  [1/4]  bench  MerkleCommit/sha512_256/Item100000/Count100  1,957,737 ns/op   10,685,874 B/op   781 allocs/op
  [2/4]  bench  MerkleCommit/sha512_256/Item100000/Count100  1,971,100 ns/op   10,685,861 B/op   781 allocs/op
  [3/4]  bench  MerkleCommit/sha512_256/Item100000/Count100  1,967,834 ns/op   10,685,860 B/op   781 allocs/op
  [4/4]  bench  MerkleCommit/sha512_256/Item100000/Count100  1,977,164 ns/op ±1%   10,685,858 B/op ±0%   781 allocs/op    4.23s
  [1/4]  bench  MerkleCommit/sha512_256/Item100000/Count1000  17,853,264 ns/op   106,782,823 B/op   7,114 allocs/op
  [2/4]  bench  MerkleCommit/sha512_256/Item100000/Count1000  17,823,053 ns/op   106,782,739 B/op   7,114 allocs/op
  [3/4]  bench  MerkleCommit/sha512_256/Item100000/Count1000  17,912,574 ns/op   106,782,703 B/op   7,113 allocs/op
  [4/4]  bench  MerkleCommit/sha512_256/Item100000/Count1000  17,915,961 ns/op ±1%   106,782,676 B/op ±0%   7,113 allocs/op ±0%    3.53s
  [1/4]  bench  MerkleCommit/sha512_256/Item100000/Count10000  166,825,065 ns/op   1,067,732,993 B/op   70,244 allocs/op
  [2/4]  bench  MerkleCommit/sha512_256/Item100000/Count10000  166,564,938 ns/op   1,067,733,167 B/op   70,245 allocs/op
  [3/4]  bench  MerkleCommit/sha512_256/Item100000/Count10000  166,192,560 ns/op   1,067,733,999 B/op   70,252 allocs/op
  [4/4]  bench  MerkleCommit/sha512_256/Item100000/Count10000  166,997,203 ns/op ±1%   1,067,733,464 B/op ±0%   70,246 allocs/op ±0%    4.99s
  [1/4]  bench  MerkleCommit/sha512_256/Item100000/Count100000  1,344,515,333 ns/op   10,676,941,832 B/op   700,665 allocs/op
  [2/4]  bench  MerkleCommit/sha512_256/Item100000/Count100000  1,372,475,875 ns/op   10,676,942,472 B/op   700,655 allocs/op
  [3/4]  bench  MerkleCommit/sha512_256/Item100000/Count100000  1,363,623,125 ns/op   10,676,937,635 B/op   700,611 allocs/op
  [4/4]  bench  MerkleCommit/sha512_256/Item100000/Count100000  1,368,088,344 ns/op ±2%   10,676,935,588 B/op ±0%   700,589 allocs/op ±0%    4.13s
  [1/4]  bench  MerkleCommit/sumhash/Item10/Count10   51,123 ns/op   16,792 B/op   217 allocs/op
  [2/4]  bench  MerkleCommit/sumhash/Item10/Count10   51,010 ns/op   16,798 B/op   217 allocs/op
  [3/4]  bench  MerkleCommit/sumhash/Item10/Count10   51,160 ns/op   16,796 B/op   217 allocs/op
  [4/4]  bench  MerkleCommit/sumhash/Item10/Count10   51,173 ns/op ±1%   16,798 B/op ±0%   217 allocs/op    5.16s
  [1/4]  bench  MerkleCommit/sumhash/Item10/Count100  241,130 ns/op   134,808 B/op   1,722 allocs/op
  [2/4]  bench  MerkleCommit/sumhash/Item10/Count100  239,754 ns/op   134,831 B/op   1,723 allocs/op
  [3/4]  bench  MerkleCommit/sumhash/Item10/Count100  239,878 ns/op   134,828 B/op   1,722 allocs/op
  [4/4]  bench  MerkleCommit/sumhash/Item10/Count100  239,499 ns/op ±1%   134,838 B/op ±0%   1,723 allocs/op ±0%    3.68s
  [1/4]  bench  MerkleCommit/sumhash/Item10/Count1000  1,089,670 ns/op   1,268,710 B/op   16,240 allocs/op
  [2/4]  bench  MerkleCommit/sumhash/Item10/Count1000  1,080,180 ns/op   1,268,790 B/op   16,241 allocs/op
  [3/4]  bench  MerkleCommit/sumhash/Item10/Count1000  1,080,202 ns/op   1,268,774 B/op   16,241 allocs/op
  [4/4]  bench  MerkleCommit/sumhash/Item10/Count1000  1,077,797 ns/op ±1%   1,268,801 B/op ±0%   16,241 allocs/op ±0%    3.92s
  [1/4]  bench  MerkleCommit/sumhash/Item10/Count10000  6,534,019 ns/op   12,538,017 B/op   160,466 allocs/op
  [2/4]  bench  MerkleCommit/sumhash/Item10/Count10000  6,474,162 ns/op   12,538,173 B/op   160,468 allocs/op
  [3/4]  bench  MerkleCommit/sumhash/Item10/Count10000  6,447,990 ns/op   12,538,254 B/op   160,469 allocs/op
  [4/4]  bench  MerkleCommit/sumhash/Item10/Count10000  6,468,573 ns/op ±1%   12,538,189 B/op ±0%   160,468 allocs/op ±0%    5.54s
  [1/4]  bench  MerkleCommit/sumhash/Item10/Count100000  50,029,104 ns/op   124,885,961 B/op   1,600,654 allocs/op
  [2/4]  bench  MerkleCommit/sumhash/Item10/Count100000  50,687,253 ns/op   124,885,888 B/op   1,600,654 allocs/op
  [3/4]  bench  MerkleCommit/sumhash/Item10/Count100000  50,466,685 ns/op   124,886,041 B/op   1,600,655 allocs/op
  [4/4]  bench  MerkleCommit/sumhash/Item10/Count100000  50,649,984 ns/op ±1%   124,885,907 B/op ±0%   1,600,654 allocs/op ±0%    3.62s
  [1/4]  bench  MerkleCommit/sumhash/Item1000/Count10  107,230 ns/op   28,651 B/op   233 allocs/op
  [2/4]  bench  MerkleCommit/sumhash/Item1000/Count10  106,952 ns/op   28,651 B/op   233 allocs/op
  [3/4]  bench  MerkleCommit/sumhash/Item1000/Count10  107,203 ns/op   28,648 B/op   233 allocs/op
  [4/4]  bench  MerkleCommit/sumhash/Item1000/Count10  107,198 ns/op ±0%   28,649 B/op ±0%   233 allocs/op    3.25s
  [1/4]  bench  MerkleCommit/sumhash/Item1000/Count100  462,456 ns/op   250,139 B/op   1,843 allocs/op
  [2/4]  bench  MerkleCommit/sumhash/Item1000/Count100  461,713 ns/op   250,153 B/op   1,843 allocs/op
  [3/4]  bench  MerkleCommit/sumhash/Item1000/Count100  461,442 ns/op   250,158 B/op   1,843 allocs/op
  [4/4]  bench  MerkleCommit/sumhash/Item1000/Count100  460,934 ns/op ±0%   250,168 B/op ±0%   1,843 allocs/op ±0%    3.73s
  [1/4]  bench  MerkleCommit/sumhash/Item1000/Count1000  2,541,277 ns/op   2,406,526 B/op   17,262 allocs/op
  [2/4]  bench  MerkleCommit/sumhash/Item1000/Count1000  2,532,737 ns/op   2,406,516 B/op   17,262 allocs/op
  [3/4]  bench  MerkleCommit/sumhash/Item1000/Count1000  2,543,932 ns/op   2,406,454 B/op   17,261 allocs/op
  [4/4]  bench  MerkleCommit/sumhash/Item1000/Count1000  2,540,420 ns/op ±1%   2,406,474 B/op ±0%   17,261 allocs/op ±0%    4.32s
  [1/4]  bench  MerkleCommit/sumhash/Item1000/Count10000  19,722,029 ns/op   23,898,686 B/op   170,473 allocs/op
  [2/4]  bench  MerkleCommit/sumhash/Item1000/Count10000  19,927,926 ns/op   23,898,674 B/op   170,473 allocs/op
  [3/4]  bench  MerkleCommit/sumhash/Item1000/Count10000  19,844,192 ns/op   23,898,807 B/op   170,475 allocs/op
  [4/4]  bench  MerkleCommit/sumhash/Item1000/Count10000  19,941,180 ns/op ±1%   23,898,701 B/op ±0%   170,474 allocs/op ±0%    3.56s
  [1/4]  bench  MerkleCommit/sumhash/Item1000/Count100000  174,503,750 ns/op   238,487,856 B/op   1,700,669 allocs/op
  [2/4]  bench  MerkleCommit/sumhash/Item1000/Count100000  176,487,302 ns/op   238,487,177 B/op   1,700,663 allocs/op
  [3/4]  bench  MerkleCommit/sumhash/Item1000/Count100000  175,677,123 ns/op   238,487,106 B/op   1,700,662 allocs/op
  [4/4]  bench  MerkleCommit/sumhash/Item1000/Count100000  176,019,106 ns/op ±1%   238,486,762 B/op ±0%   1,700,658 allocs/op ±0%    3.71s
  [1/4]  bench  MerkleCommit/sumhash/Item100000/Count10  2,068,093 ns/op   1,085,596 B/op   259 allocs/op
  [2/4]  bench  MerkleCommit/sumhash/Item100000/Count10  2,086,844 ns/op   1,085,593 B/op   259 allocs/op
  [3/4]  bench  MerkleCommit/sumhash/Item100000/Count10  2,081,068 ns/op   1,085,597 B/op   259 allocs/op
  [4/4]  bench  MerkleCommit/sumhash/Item100000/Count10  2,091,322 ns/op ±1%   1,085,597 B/op ±0%   259 allocs/op    4.27s
  [1/4]  bench  MerkleCommit/sumhash/Item100000/Count100  15,122,616 ns/op   10,798,630 B/op   1,857 allocs/op
  [2/4]  bench  MerkleCommit/sumhash/Item100000/Count100  15,021,027 ns/op   10,798,646 B/op   1,857 allocs/op
  [3/4]  bench  MerkleCommit/sumhash/Item100000/Count100  15,167,541 ns/op   10,798,596 B/op   1,857 allocs/op
  [4/4]  bench  MerkleCommit/sumhash/Item100000/Count100  15,135,101 ns/op ±2%   10,798,593 B/op ±0%   1,857 allocs/op ±0%    3.65s
  [1/4]  bench  MerkleCommit/sumhash/Item100000/Count1000  135,597,979 ns/op   107,878,736 B/op   17,258 allocs/op
  [2/4]  bench  MerkleCommit/sumhash/Item100000/Count1000  133,927,094 ns/op   107,878,878 B/op   17,260 allocs/op
  [3/4]  bench  MerkleCommit/sumhash/Item100000/Count1000  134,902,507 ns/op   107,878,851 B/op   17,259 allocs/op
  [4/4]  bench  MerkleCommit/sumhash/Item100000/Count1000  133,994,975 ns/op ±2%   107,878,863 B/op ±0%   17,259 allocs/op ±0%    3.59s
  [1/4]  bench  MerkleCommit/sumhash/Item100000/Count10000  1,285,893,375 ns/op   1,078,626,712 B/op   170,516 allocs/op
  [2/4]  bench  MerkleCommit/sumhash/Item100000/Count10000  1,273,094,000 ns/op   1,078,625,256 B/op   170,503 allocs/op
  [3/4]  bench  MerkleCommit/sumhash/Item100000/Count10000  1,270,442,431 ns/op   1,078,623,939 B/op   170,484 allocs/op
  [4/4]  bench  MerkleCommit/sumhash/Item100000/Count10000  1,278,741,959 ns/op ±2%   1,078,624,840 B/op ±0%   170,490 allocs/op ±0%    3.83s
  [1/4]  bench  MerkleCommit/sumhash/Item100000/Count100000  12,541,286,417 ns/op   10,785,726,024 B/op   1,700,722 allocs/op
  [2/4]  bench  MerkleCommit/sumhash/Item100000/Count100000  12,551,628,042 ns/op   10,785,727,328 B/op   1,700,744 allocs/op
  [3/4]  bench  MerkleCommit/sumhash/Item100000/Count100000  12,513,464,347 ns/op   10,785,725,821 B/op   1,700,726 allocs/op
  [4/4]  bench  MerkleCommit/sumhash/Item100000/Count100000  12,488,324,969 ns/op ±1%   10,785,726,864 B/op ±0%   1,700,739 allocs/op ±0%    37.41s
  [1/4]  bench  MerkleCommit/sha256/Item10/Count10    8,250 ns/op   5,512 B/op   107 allocs/op
  [2/4]  bench  MerkleCommit/sha256/Item10/Count10    8,224 ns/op   5,512 B/op   107 allocs/op
  [3/4]  bench  MerkleCommit/sha256/Item10/Count10    8,228 ns/op   5,511 B/op   107 allocs/op
  [4/4]  bench  MerkleCommit/sha256/Item10/Count10    8,225 ns/op ±0%   5,511 B/op ±0%   107 allocs/op    3.83s
  [1/4]  bench  MerkleCommit/sha256/Item10/Count100   40,536 ns/op   33,490 B/op   759 allocs/op
  [2/4]  bench  MerkleCommit/sha256/Item10/Count100   40,508 ns/op   33,497 B/op   759 allocs/op
  [3/4]  bench  MerkleCommit/sha256/Item10/Count100   40,444 ns/op   33,497 B/op   759 allocs/op
  [4/4]  bench  MerkleCommit/sha256/Item10/Count100   40,489 ns/op ±0%   33,495 B/op ±0%   759 allocs/op    4.83s
  [1/4]  bench  MerkleCommit/sha256/Item10/Count1000  203,012 ns/op   296,357 B/op   7,086 allocs/op
  [2/4]  bench  MerkleCommit/sha256/Item10/Count1000  203,041 ns/op   296,365 B/op   7,086 allocs/op
  [3/4]  bench  MerkleCommit/sha256/Item10/Count1000  203,480 ns/op   296,354 B/op   7,086 allocs/op
  [4/4]  bench  MerkleCommit/sha256/Item10/Count1000  202,629 ns/op ±1%   296,352 B/op ±0%   7,086 allocs/op    3.67s
  [1/4]  bench  MerkleCommit/sha256/Item10/Count10000  1,068,019 ns/op   2,914,295 B/op   70,172 allocs/op
  [2/4]  bench  MerkleCommit/sha256/Item10/Count10000  1,063,135 ns/op   2,914,330 B/op   70,173 allocs/op
  [3/4]  bench  MerkleCommit/sha256/Item10/Count10000  1,065,765 ns/op   2,914,300 B/op   70,172 allocs/op
  [4/4]  bench  MerkleCommit/sha256/Item10/Count10000  1,063,642 ns/op ±1%   2,914,324 B/op ±0%   70,173 allocs/op ±0%    3.94s
  [1/4]  bench  MerkleCommit/sha256/Item10/Count100000  6,677,201 ns/op   28,855,743 B/op   700,269 allocs/op
  [2/4]  bench  MerkleCommit/sha256/Item10/Count100000  6,743,878 ns/op   28,855,706 B/op   700,269 allocs/op
  [3/4]  bench  MerkleCommit/sha256/Item10/Count100000  6,696,756 ns/op   28,855,767 B/op   700,269 allocs/op
  [4/4]  bench  MerkleCommit/sha256/Item10/Count100000  6,696,458 ns/op ±2%   28,855,773 B/op ±0%   700,269 allocs/op ±0%    5.62s
  [1/4]  bench  MerkleCommit/sha256/Item1000/Count10  15,355 ns/op   15,647 B/op   107 allocs/op
  [2/4]  bench  MerkleCommit/sha256/Item1000/Count10  15,293 ns/op   15,646 B/op   107 allocs/op
  [3/4]  bench  MerkleCommit/sha256/Item1000/Count10  15,315 ns/op   15,646 B/op   107 allocs/op
  [4/4]  bench  MerkleCommit/sha256/Item1000/Count10  15,308 ns/op ±0%   15,646 B/op ±0%   107 allocs/op    4.01s
  [1/4]  bench  MerkleCommit/sha256/Item1000/Count100  74,724 ns/op   134,521 B/op   761 allocs/op
  [2/4]  bench  MerkleCommit/sha256/Item1000/Count100  74,428 ns/op   134,527 B/op   761 allocs/op
  [3/4]  bench  MerkleCommit/sha256/Item1000/Count100  74,153 ns/op   134,528 B/op   761 allocs/op
  [4/4]  bench  MerkleCommit/sha256/Item1000/Count100  74,364 ns/op ±1%   134,527 B/op ±0%   761 allocs/op    5.85s
  [1/4]  bench  MerkleCommit/sha256/Item1000/Count1000  403,187 ns/op   1,305,307 B/op   7,095 allocs/op
  [2/4]  bench  MerkleCommit/sha256/Item1000/Count1000  405,879 ns/op   1,305,293 B/op   7,095 allocs/op
  [3/4]  bench  MerkleCommit/sha256/Item1000/Count1000  404,678 ns/op   1,305,297 B/op   7,095 allocs/op
  [4/4]  bench  MerkleCommit/sha256/Item1000/Count1000  406,177 ns/op ±1%   1,305,293 B/op ±0%   7,095 allocs/op    3.79s
  [1/4]  bench  MerkleCommit/sha256/Item1000/Count10000  2,777,234 ns/op   12,995,019 B/op   70,179 allocs/op
  [2/4]  bench  MerkleCommit/sha256/Item1000/Count10000  2,833,436 ns/op   12,995,017 B/op   70,179 allocs/op
  [3/4]  bench  MerkleCommit/sha256/Item1000/Count10000  2,848,356 ns/op   12,995,049 B/op   70,179 allocs/op
  [4/4]  bench  MerkleCommit/sha256/Item1000/Count10000  2,852,672 ns/op ±2%   12,995,030 B/op ±0%   70,179 allocs/op ±0%    4.59s
  [1/4]  bench  MerkleCommit/sha256/Item1000/Count100000  23,637,748 ns/op   129,656,174 B/op   700,270 allocs/op
  [2/4]  bench  MerkleCommit/sha256/Item1000/Count100000  23,650,970 ns/op   129,656,061 B/op   700,269 allocs/op
  [3/4]  bench  MerkleCommit/sha256/Item1000/Count100000  23,647,588 ns/op   129,656,049 B/op   700,269 allocs/op
  [4/4]  bench  MerkleCommit/sha256/Item1000/Count100000  23,733,440 ns/op ±1%   129,655,994 B/op ±0%   700,269 allocs/op ±0%    3.76s
  [1/4]  bench  MerkleCommit/sha256/Item100000/Count10  229,177 ns/op   1,071,224 B/op   115 allocs/op
  [2/4]  bench  MerkleCommit/sha256/Item100000/Count10  229,143 ns/op   1,071,228 B/op   115 allocs/op
  [3/4]  bench  MerkleCommit/sha256/Item100000/Count10  229,545 ns/op   1,071,226 B/op   115 allocs/op
  [4/4]  bench  MerkleCommit/sha256/Item100000/Count10  229,253 ns/op ±0%   1,071,227 B/op ±0%   115 allocs/op    3.58s
  [1/4]  bench  MerkleCommit/sha256/Item100000/Count100  1,513,902 ns/op   10,683,654 B/op   779 allocs/op
  [2/4]  bench  MerkleCommit/sha256/Item100000/Count100  1,505,699 ns/op   10,683,667 B/op   779 allocs/op
  [3/4]  bench  MerkleCommit/sha256/Item100000/Count100  1,512,925 ns/op   10,683,665 B/op   779 allocs/op
  [4/4]  bench  MerkleCommit/sha256/Item100000/Count100  1,507,033 ns/op ±1%   10,683,658 B/op ±0%   779 allocs/op    4.09s
  [1/4]  bench  MerkleCommit/sha256/Item100000/Count1000  14,462,891 ns/op   106,779,267 B/op   7,107 allocs/op
  [2/4]  bench  MerkleCommit/sha256/Item100000/Count1000  14,320,461 ns/op   106,779,234 B/op   7,107 allocs/op
  [3/4]  bench  MerkleCommit/sha256/Item100000/Count1000  14,321,537 ns/op   106,779,248 B/op   7,107 allocs/op
  [4/4]  bench  MerkleCommit/sha256/Item100000/Count1000  14,276,628 ns/op ±1%   106,779,255 B/op ±0%   7,107 allocs/op    3.57s
  [1/4]  bench  MerkleCommit/sha256/Item100000/Count10000  133,546,719 ns/op   1,067,725,680 B/op   70,222 allocs/op
  [2/4]  bench  MerkleCommit/sha256/Item100000/Count10000  133,126,276 ns/op   1,067,725,779 B/op   70,224 allocs/op
  [3/4]  bench  MerkleCommit/sha256/Item100000/Count10000  133,718,365 ns/op   1,067,725,771 B/op   70,223 allocs/op
  [4/4]  bench  MerkleCommit/sha256/Item100000/Count10000  133,628,102 ns/op ±1%   1,067,725,759 B/op ±0%   70,223 allocs/op ±0%    4.54s
  [1/4]  bench  MerkleCommit/sha256/Item100000/Count100000  1,142,862,042 ns/op   10,676,917,640 B/op   700,484 allocs/op
  [2/4]  bench  MerkleCommit/sha256/Item100000/Count100000  1,131,969,063 ns/op   10,676,921,864 B/op   700,528 allocs/op
  [3/4]  bench  MerkleCommit/sha256/Item100000/Count100000  1,133,312,486 ns/op   10,676,919,107 B/op   700,497 allocs/op
  [4/4]  bench  MerkleCommit/sha256/Item100000/Count100000  1,140,810,771 ns/op ±2%   10,676,917,380 B/op ±0%   700,474 allocs/op ±0%    3.42s
  [1/4]  bench  AppendMsgBlockHeader                  36.5 ns/op   27.4 MB/s   0.000 B/op   0.000 allocs/op
  [2/4]  bench  AppendMsgBlockHeader                  36.6 ns/op   27.4 MB/s   0.000 B/op   0.000 allocs/op
  [3/4]  bench  AppendMsgBlockHeader                  36.6 ns/op   27.3 MB/s   0.000 B/op   0.000 allocs/op
  [4/4]  bench  AppendMsgBlockHeader                  36.6 ns/op ±0%   27.3 MB/s ±0%   0.000 B/op   0.000 allocs/op    3.7s
  [1/4]  bench  AppendMsgSignedTxn                    74.8 ns/op   13.4 MB/s   0.000 B/op   0.000 allocs/op
  [2/4]  bench  AppendMsgSignedTxn                    75.3 ns/op   13.3 MB/s   0.000 B/op   0.000 allocs/op
  [3/4]  bench  AppendMsgSignedTxn                    75.1 ns/op   13.3 MB/s   0.000 B/op   0.000 allocs/op
  [4/4]  bench  AppendMsgSignedTxn                    75.2 ns/op ±1%   13.3 MB/s ±1%   0.000 B/op   0.000 allocs/op    3.86s
  [1/4]  bench  PaysetGroups                          5,607 ns/op   130,746 B/op   8.00 allocs/op
  [2/4]  bench  PaysetGroups                          5,657 ns/op   130,502 B/op   8.00 allocs/op
  [3/4]  bench  PaysetGroups                          5,692 ns/op   130,512 B/op   8.00 allocs/op
  [4/4]  bench  PaysetGroups                          5,708 ns/op ±1%   129,984 B/op ±1%   8.00 allocs/op    25.89s
  [1/4]  bench  Txn                                   40,860 ns/op   9,513 B/op   12.0 allocs/op
  [2/4]  bench  Txn                                   40,861 ns/op   9,514 B/op   12.0 allocs/op
  [3/4]  bench  Txn                                   40,900 ns/op   9,511 B/op   12.0 allocs/op
  [4/4]  bench  Txn                                   40,961 ns/op ±0%   9,511 B/op ±0%   12.0 allocs/op    9.07s
  [1/4]  bench  TxHandlerProcessing/processDecoded    9,984 ns/op   3,888 B/op   43.0 allocs/op
  [2/4]  bench  TxHandlerProcessing/processDecoded    10,035 ns/op   3,888 B/op   43.0 allocs/op
  [3/4]  bench  TxHandlerProcessing/processDecoded    10,075 ns/op   3,888 B/op   43.0 allocs/op
  [4/4]  bench  TxHandlerProcessing/processDecoded    10,096 ns/op ±1%   3,888 B/op   43.0 allocs/op    9.09s
  [1/4]  bench  TxHandlerProcessing/verify.TxnGroup   41,178 ns/op   11,744 B/op   16.0 allocs/op
  [2/4]  bench  TxHandlerProcessing/verify.TxnGroup   41,284 ns/op   11,744 B/op   16.0 allocs/op
  [3/4]  bench  TxHandlerProcessing/verify.TxnGroup   41,453 ns/op   11,744 B/op   16.0 allocs/op
  [4/4]  bench  TxHandlerProcessing/verify.TxnGroup   41,479 ns/op ±1%   11,744 B/op   16.0 allocs/op    6.56s
  [1/4]  bench  CompactDeltas/account-deltas          1,541,221 ns/op   4,181,617 B/op   18.0 allocs/op
  [2/4]  bench  CompactDeltas/account-deltas          1,477,564 ns/op   4,180,825 B/op   18.0 allocs/op
  [3/4]  bench  CompactDeltas/account-deltas          1,458,615 ns/op   4,184,144 B/op   18.3 allocs/op
  [4/4]  bench  CompactDeltas/account-deltas          1,449,195 ns/op ±4%   4,184,176 B/op ±0%   18.2 allocs/op ±3%    16.95s
