  [1/4]  bench  MerkleCommit/sha512_256/Item10/Count10  13,527 ns/op   6,091 B/op   107 allocs/op
  [2/4]  bench  MerkleCommit/sha512_256/Item10/Count10  13,565 ns/op   6,090 B/op   107 allocs/op
  [3/4]  bench  MerkleCommit/sha512_256/Item10/Count10  13,630 ns/op   6,090 B/op   107 allocs/op
  [4/4]  bench  MerkleCommit/sha512_256/Item10/Count10  13,618 ns/op ±1%   6,089 B/op ±0%   107 allocs/op    3.99s
  [1/4]  bench  MerkleCommit/sha512_256/Item10/Count100  52,565 ns/op   34,677 B/op   761 allocs/op
  [2/4]  bench  MerkleCommit/sha512_256/Item10/Count100  52,924 ns/op   34,668 B/op   761 allocs/op
  [3/4]  bench  MerkleCommit/sha512_256/Item10/Count100  52,880 ns/op   34,672 B/op   761 allocs/op
  [4/4]  bench  MerkleCommit/sha512_256/Item10/Count100  52,881 ns/op ±1%   34,674 B/op ±0%   761 allocs/op ±0%    5.18s
  [1/4]  bench  MerkleCommit/sha512_256/Item10/Count1000  250,933 ns/op   299,015 B/op   7,091 allocs/op
  [2/4]  bench  MerkleCommit/sha512_256/Item10/Count1000  251,591 ns/op   299,015 B/op   7,091 allocs/op
  [3/4]  bench  MerkleCommit/sha512_256/Item10/Count1000  251,101 ns/op   299,025 B/op   7,091 allocs/op
  [4/4]  bench  MerkleCommit/sha512_256/Item10/Count1000  251,719 ns/op ±1%   299,017 B/op ±0%   7,091 allocs/op    3.64s
  [1/4]  bench  MerkleCommit/sha512_256/Item10/Count10000  1,258,183 ns/op   2,920,514 B/op   70,182 allocs/op
  [2/4]  bench  MerkleCommit/sha512_256/Item10/Count10000  1,272,658 ns/op   2,920,482 B/op   70,182 allocs/op
  [3/4]  bench  MerkleCommit/sha512_256/Item10/Count10000  1,268,576 ns/op   2,920,472 B/op   70,182 allocs/op
  [4/4]  bench  MerkleCommit/sha512_256/Item10/Count10000  1,265,820 ns/op ±1%   2,920,433 B/op ±0%   70,182 allocs/op ±0%    4s
  [1/4]  bench  MerkleCommit/sha512_256/Item10/Count100000  7,680,625 ns/op   28,866,344 B/op   700,281 allocs/op
  [2/4]  bench  MerkleCommit/sha512_256/Item10/Count100000  7,635,961 ns/op   28,866,473 B/op   700,282 allocs/op
  [3/4]  bench  MerkleCommit/sha512_256/Item10/Count100000  7,651,329 ns/op   28,866,378 B/op   700,281 allocs/op
  [4/4]  bench  MerkleCommit/sha512_256/Item10/Count100000  7,686,765 ns/op ±1%   28,866,291 B/op ±0%   700,281 allocs/op ±0%    5.9s
  [1/4]  bench  MerkleCommit/sha512_256/Item1000/Count10  21,981 ns/op   16,259 B/op   108 allocs/op
  [2/4]  bench  MerkleCommit/sha512_256/Item1000/Count10  22,234 ns/op   16,257 B/op   108 allocs/op
  [3/4]  bench  MerkleCommit/sha512_256/Item1000/Count10  22,257 ns/op   16,257 B/op   108 allocs/op
  [4/4]  bench  MerkleCommit/sha512_256/Item1000/Count10  22,335 ns/op ±1%   16,257 B/op ±0%   108 allocs/op    4.29s
  [1/4]  bench  MerkleCommit/sha512_256/Item1000/Count100  94,579 ns/op   135,943 B/op   764 allocs/op
  [2/4]  bench  MerkleCommit/sha512_256/Item1000/Count100  94,548 ns/op   135,937 B/op   764 allocs/op
  [3/4]  bench  MerkleCommit/sha512_256/Item1000/Count100  94,700 ns/op   135,931 B/op   764 allocs/op
  [4/4]  bench  MerkleCommit/sha512_256/Item1000/Count100  94,803 ns/op ±0%   135,923 B/op ±0%   764 allocs/op ±0%    6.47s
  [1/4]  bench  MerkleCommit/sha512_256/Item1000/Count1000  482,658 ns/op   1,308,331 B/op   7,099 allocs/op
  [2/4]  bench  MerkleCommit/sha512_256/Item1000/Count1000  486,904 ns/op   1,308,301 B/op   7,099 allocs/op
  [3/4]  bench  MerkleCommit/sha512_256/Item1000/Count1000  485,148 ns/op   1,308,304 B/op   7,099 allocs/op
  [4/4]  bench  MerkleCommit/sha512_256/Item1000/Count1000  485,991 ns/op ±1%   1,308,303 B/op ±0%   7,099 allocs/op    3.77s
  [1/4]  bench  MerkleCommit/sha512_256/Item1000/Count10000  3,264,148 ns/op   13,001,026 B/op   70,185 allocs/op
  [2/4]  bench  MerkleCommit/sha512_256/Item1000/Count10000  3,300,139 ns/op   13,000,979 B/op   70,185 allocs/op
  [3/4]  bench  MerkleCommit/sha512_256/Item1000/Count10000  3,273,268 ns/op   13,000,982 B/op   70,185 allocs/op
  [4/4]  bench  MerkleCommit/sha512_256/Item1000/Count10000  3,293,618 ns/op ±2%   13,000,976 B/op ±0%   70,185 allocs/op    4.58s
  [1/4]  bench  MerkleCommit/sha512_256/Item1000/Count100000  26,780,806 ns/op   129,665,634 B/op   700,275 allocs/op
  [2/4]  bench  MerkleCommit/sha512_256/Item1000/Count100000  26,753,899 ns/op   129,665,531 B/op   700,275 allocs/op
  [3/4]  bench  MerkleCommit/sha512_256/Item1000/Count100000  26,659,467 ns/op   129,665,610 B/op   700,275 allocs/op
  [4/4]  bench  MerkleCommit/sha512_256/Item1000/Count100000  26,642,241 ns/op ±1%   129,665,516 B/op ±0%   700,275 allocs/op ±0%    3.59s
  [1/4]  bench  MerkleCommit/sha512_256/Item100000/Count10  323,773 ns/op   1,072,417 B/op   117 allocs/op
  [2/4]  bench  MerkleCommit/sha512_256/Item100000/Count10  324,136 ns/op   1,072,420 B/op   117 allocs/op
  [3/4]  bench  MerkleCommit/sha512_256/Item100000/Count10  325,454 ns/op   1,072,414 B/op   117 allocs/op
  [4/4]  bench  MerkleCommit/sha512_256/Item100000/Count10  323,448 ns/op ±2%   1,072,407 B/op ±0%   117 allocs/op    3.66s
  [1/4]  bench  MerkleCommit/sha512_256/Item100000/Count100  1,990,012 ns/op   10,685,858 B/op   781 allocs/op
  [2/4]  bench  MerkleCommit/sha512_256/Item100000/Count100  1,989,621 ns/op   10,685,871 B/op   781 allocs/op
  [3/4]  bench  MerkleCommit/sha512_256/Item100000/Count100  2,000,618 ns/op   10,685,862 B/op   781 allocs/op
  [4/4]  bench  MerkleCommit/sha512_256/Item100000/Count100  1,989,449 ns/op ±2%   10,685,849 B/op ±0%   781 allocs/op    4.18s
  [1/4]  bench  MerkleCommit/sha512_256/Item100000/Count1000  18,167,803 ns/op   106,782,585 B/op   7,112 allocs/op
  [2/4]  bench  MerkleCommit/sha512_256/Item100000/Count1000  18,080,437 ns/op   106,782,646 B/op   7,113 allocs/op
  [3/4]  bench  MerkleCommit/sha512_256/Item100000/Count1000  18,102,002 ns/op   106,782,608 B/op   7,112 allocs/op
  [4/4]  bench  MerkleCommit/sha512_256/Item100000/Count1000  18,024,407 ns/op ±1%   106,782,620 B/op ±0%   7,112 allocs/op ±0%    3.58s
  [1/4]  bench  MerkleCommit/sha512_256/Item100000/Count10000  168,115,988 ns/op   1,067,733,304 B/op   70,246 allocs/op
  [2/4]  bench  MerkleCommit/sha512_256/Item100000/Count10000  165,901,753 ns/op   1,067,733,318 B/op   70,247 allocs/op
  [3/4]  bench  MerkleCommit/sha512_256/Item100000/Count10000  165,365,571 ns/op   1,067,733,148 B/op   70,245 allocs/op
  [4/4]  bench  MerkleCommit/sha512_256/Item100000/Count10000  165,186,333 ns/op ±1%   1,067,733,201 B/op ±0%   70,245 allocs/op ±0%    4.92s
  [1/4]  bench  MerkleCommit/sha512_256/Item100000/Count100000  1,391,637,958 ns/op   10,676,934,104 B/op   700,565 allocs/op
  [2/4]  bench  MerkleCommit/sha512_256/Item100000/Count100000  1,388,474,604 ns/op   10,676,934,480 B/op   700,561 allocs/op
  [3/4]  bench  MerkleCommit/sha512_256/Item100000/Count100000  1,388,986,958 ns/op   10,676,935,821 B/op   700,574 allocs/op
  [4/4]  bench  MerkleCommit/sha512_256/Item100000/Count100000  1,384,603,781 ns/op ±1%   10,676,936,360 B/op ±0%   700,579 allocs/op ±0%    4.15s
  [1/4]  bench  MerkleCommit/sumhash/Item10/Count10   50,115 ns/op   16,812 B/op   217 allocs/op
  [2/4]  bench  MerkleCommit/sumhash/Item10/Count10   50,021 ns/op   16,809 B/op   217 allocs/op
  [3/4]  bench  MerkleCommit/sumhash/Item10/Count10   50,192 ns/op   16,804 B/op   217 allocs/op
  [4/4]  bench  MerkleCommit/sumhash/Item10/Count10   50,264 ns/op ±1%   16,804 B/op ±0%   217 allocs/op    5.1s
  [1/4]  bench  MerkleCommit/sumhash/Item10/Count100  238,298 ns/op   134,823 B/op   1,722 allocs/op
  [2/4]  bench  MerkleCommit/sumhash/Item10/Count100  236,127 ns/op   134,838 B/op   1,723 allocs/op
  [3/4]  bench  MerkleCommit/sumhash/Item10/Count100  237,163 ns/op   134,821 B/op   1,722 allocs/op
  [4/4]  bench  MerkleCommit/sumhash/Item10/Count100  237,106 ns/op ±1%   134,828 B/op ±0%   1,723 allocs/op ±0%    3.64s
  [1/4]  bench  MerkleCommit/sumhash/Item10/Count1000  1,069,497 ns/op   1,268,810 B/op   16,241 allocs/op
  [2/4]  bench  MerkleCommit/sumhash/Item10/Count1000  1,064,781 ns/op   1,268,819 B/op   16,242 allocs/op
  [3/4]  bench  MerkleCommit/sumhash/Item10/Count1000  1,063,279 ns/op   1,268,829 B/op   16,242 allocs/op
  [4/4]  bench  MerkleCommit/sumhash/Item10/Count1000  1,065,401 ns/op ±1%   1,268,814 B/op ±0%   16,242 allocs/op ±0%    3.9s
  [1/4]  bench  MerkleCommit/sumhash/Item10/Count10000  6,479,092 ns/op   12,537,922 B/op   160,465 allocs/op
  [2/4]  bench  MerkleCommit/sumhash/Item10/Count10000  6,399,417 ns/op   12,538,175 B/op   160,468 allocs/op
  [3/4]  bench  MerkleCommit/sumhash/Item10/Count10000  6,421,607 ns/op   12,538,140 B/op   160,468 allocs/op
  [4/4]  bench  MerkleCommit/sumhash/Item10/Count10000  6,417,384 ns/op ±1%   12,538,074 B/op ±0%   160,467 allocs/op ±0%    5.53s
  [1/4]  bench  MerkleCommit/sumhash/Item10/Count100000  49,787,642 ns/op   124,886,403 B/op   1,600,659 allocs/op
  [2/4]  bench  MerkleCommit/sumhash/Item10/Count100000  49,821,316 ns/op   124,886,018 B/op   1,600,655 allocs/op
  [3/4]  bench  MerkleCommit/sumhash/Item10/Count100000  50,152,851 ns/op   124,885,739 B/op   1,600,651 allocs/op
  [4/4]  bench  MerkleCommit/sumhash/Item10/Count100000  50,183,294 ns/op ±1%   124,885,872 B/op ±0%   1,600,653 allocs/op ±0%    3.58s
  [1/4]  bench  MerkleCommit/sumhash/Item1000/Count10  106,194 ns/op   28,635 B/op   232 allocs/op
  [2/4]  bench  MerkleCommit/sumhash/Item1000/Count10  105,717 ns/op   28,641 B/op   233 allocs/op
  [3/4]  bench  MerkleCommit/sumhash/Item1000/Count10  105,368 ns/op   28,640 B/op   233 allocs/op
  [4/4]  bench  MerkleCommit/sumhash/Item1000/Count10  105,858 ns/op ±1%   28,640 B/op ±0%   233 allocs/op ±0%    3.21s
  [1/4]  bench  MerkleCommit/sumhash/Item1000/Count100  453,748 ns/op   250,193 B/op   1,843 allocs/op
  [2/4]  bench  MerkleCommit/sumhash/Item1000/Count100  456,807 ns/op   250,160 B/op   1,843 allocs/op
  [3/4]  bench  MerkleCommit/sumhash/Item1000/Count100  456,494 ns/op   250,184 B/op   1,843 allocs/op
  [4/4]  bench  MerkleCommit/sumhash/Item1000/Count100  457,755 ns/op ±1%   250,173 B/op ±0%   1,843 allocs/op ±0%    3.76s
  [1/4]  bench  MerkleCommit/sumhash/Item1000/Count1000  2,499,438 ns/op   2,406,561 B/op   17,262 allocs/op
  [2/4]  bench  MerkleCommit/sumhash/Item1000/Count1000  2,527,335 ns/op   2,406,416 B/op   17,261 allocs/op
  [3/4]  bench  MerkleCommit/sumhash/Item1000/Count1000  2,519,570 ns/op   2,406,462 B/op   17,261 allocs/op
  [4/4]  bench  MerkleCommit/sumhash/Item1000/Count1000  2,529,014 ns/op ±1%   2,406,406 B/op ±0%   17,260 allocs/op ±0%    4.41s
  [1/4]  bench  MerkleCommit/sumhash/Item1000/Count10000  19,527,749 ns/op   23,898,769 B/op   170,474 allocs/op
  [2/4]  bench  MerkleCommit/sumhash/Item1000/Count10000  19,822,018 ns/op   23,898,588 B/op   170,472 allocs/op
  [3/4]  bench  MerkleCommit/sumhash/Item1000/Count10000  19,774,217 ns/op   23,898,718 B/op   170,474 allocs/op
  [4/4]  bench  MerkleCommit/sumhash/Item1000/Count10000  19,760,144 ns/op ±1%   23,898,633 B/op ±0%   170,473 allocs/op ±0%    3.59s
  [1/4]  bench  MerkleCommit/sumhash/Item1000/Count100000  172,757,680 ns/op   238,487,216 B/op   1,700,662 allocs/op
  [2/4]  bench  MerkleCommit/sumhash/Item1000/Count100000  172,832,566 ns/op   238,487,140 B/op   1,700,662 allocs/op
  [3/4]  bench  MerkleCommit/sumhash/Item1000/Count100000  174,686,766 ns/op   238,486,844 B/op   1,700,658 allocs/op
  [4/4]  bench  MerkleCommit/sumhash/Item1000/Count100000  174,076,785 ns/op ±2%   238,486,900 B/op ±0%   1,700,659 allocs/op ±0%    3.69s
  [1/4]  bench  MerkleCommit/sumhash/Item100000/Count10  2,076,211 ns/op   1,085,597 B/op   259 allocs/op
  [2/4]  bench  MerkleCommit/sumhash/Item100000/Count10  2,060,629 ns/op   1,085,594 B/op   259 allocs/op
  [3/4]  bench  MerkleCommit/sumhash/Item100000/Count10  2,070,719 ns/op   1,085,601 B/op   259 allocs/op
  [4/4]  bench  MerkleCommit/sumhash/Item100000/Count10  2,064,898 ns/op ±1%   1,085,603 B/op ±0%   259 allocs/op    4.24s
  [1/4]  bench  MerkleCommit/sumhash/Item100000/Count100  15,328,203 ns/op   10,798,675 B/op   1,856 allocs/op
  [2/4]  bench  MerkleCommit/sumhash/Item100000/Count100  15,113,337 ns/op   10,798,632 B/op   1,857 allocs/op
  [3/4]  bench  MerkleCommit/sumhash/Item100000/Count100  15,133,292 ns/op   10,798,603 B/op   1,856 allocs/op
  [4/4]  bench  MerkleCommit/sumhash/Item100000/Count100  15,032,169 ns/op ±2%   10,798,601 B/op ±0%   1,857 allocs/op ±0%    3.6s
  [1/4]  bench  MerkleCommit/sumhash/Item100000/Count1000  133,717,656 ns/op   107,878,766 B/op   17,257 allocs/op
  [2/4]  bench  MerkleCommit/sumhash/Item100000/Count1000  132,728,453 ns/op   107,878,894 B/op   17,259 allocs/op
  [3/4]  bench  MerkleCommit/sumhash/Item100000/Count1000  132,658,273 ns/op   107,878,837 B/op   17,258 allocs/op
  [4/4]  bench  MerkleCommit/sumhash/Item100000/Count1000  133,364,056 ns/op ±1%   107,878,862 B/op ±0%   17,258 allocs/op ±0%    3.6s
  [1/4]  bench  MerkleCommit/sumhash/Item100000/Count10000  1,267,172,250 ns/op   1,078,624,760 B/op   170,489 allocs/op
  [2/4]  bench  MerkleCommit/sumhash/Item100000/Count10000  1,276,281,938 ns/op   1,078,624,808 B/op   170,494 allocs/op
  [3/4]  bench  MerkleCommit/sumhash/Item100000/Count10000  1,268,986,958 ns/op   1,078,625,080 B/op   170,495 allocs/op
  [4/4]  bench  MerkleCommit/sumhash/Item100000/Count10000  1,273,944,511 ns/op ±1%   1,078,625,068 B/op ±0%   170,496 allocs/op ±0%    3.83s
  [1/4]  bench  MerkleCommit/sumhash/Item100000/Count100000  12,429,481,875 ns/op   10,785,731,496 B/op   1,700,801 allocs/op
  [2/4]  bench  MerkleCommit/sumhash/Item100000/Count100000  12,452,255,250 ns/op   10,785,729,672 B/op   1,700,773 allocs/op
  [3/4]  bench  MerkleCommit/sumhash/Item100000/Count100000  12,425,383,208 ns/op   10,785,728,845 B/op   1,700,765 allocs/op
  [4/4]  bench  MerkleCommit/sumhash/Item100000/Count100000  12,392,860,406 ns/op ±1%   10,785,729,204 B/op ±0%   1,700,763 allocs/op ±0%    37.14s
  [1/4]  bench  MerkleCommit/sha256/Item10/Count10    8,149 ns/op   5,512 B/op   107 allocs/op
  [2/4]  bench  MerkleCommit/sha256/Item10/Count10    8,163 ns/op   5,512 B/op   107 allocs/op
  [3/4]  bench  MerkleCommit/sha256/Item10/Count10    8,103 ns/op   5,511 B/op   107 allocs/op
  [4/4]  bench  MerkleCommit/sha256/Item10/Count10    8,088 ns/op ±1%   5,511 B/op ±0%   107 allocs/op    3.82s
  [1/4]  bench  MerkleCommit/sha256/Item10/Count100   38,387 ns/op   33,495 B/op   759 allocs/op
  [2/4]  bench  MerkleCommit/sha256/Item10/Count100   39,014 ns/op   33,499 B/op   759 allocs/op
  [3/4]  bench  MerkleCommit/sha256/Item10/Count100   39,470 ns/op   33,495 B/op   759 allocs/op
  [4/4]  bench  MerkleCommit/sha256/Item10/Count100   39,271 ns/op ±3%   33,497 B/op ±0%   759 allocs/op    4.76s
  [1/4]  bench  MerkleCommit/sha256/Item10/Count1000  204,621 ns/op   296,334 B/op   7,086 allocs/op
  [2/4]  bench  MerkleCommit/sha256/Item10/Count1000  203,574 ns/op   296,352 B/op   7,086 allocs/op
  [3/4]  bench  MerkleCommit/sha256/Item10/Count1000  203,959 ns/op   296,350 B/op   7,086 allocs/op
  [4/4]  bench  MerkleCommit/sha256/Item10/Count1000  203,800 ns/op ±1%   296,357 B/op ±0%   7,086 allocs/op    3.7s
  [1/4]  bench  MerkleCommit/sha256/Item10/Count10000  1,072,160 ns/op   2,914,274 B/op   70,172 allocs/op
  [2/4]  bench  MerkleCommit/sha256/Item10/Count10000  1,060,809 ns/op   2,914,327 B/op   70,173 allocs/op
  [3/4]  bench  MerkleCommit/sha256/Item10/Count10000  1,058,596 ns/op   2,914,341 B/op   70,173 allocs/op
  [4/4]  bench  MerkleCommit/sha256/Item10/Count10000  1,055,669 ns/op ±1%   2,914,340 B/op ±0%   70,173 allocs/op ±0%    3.8s
  [1/4]  bench  MerkleCommit/sha256/Item10/Count100000  6,787,267 ns/op   28,855,723 B/op   700,268 allocs/op
  [2/4]  bench  MerkleCommit/sha256/Item10/Count100000  6,768,731 ns/op   28,855,810 B/op   700,269 allocs/op
  [3/4]  bench  MerkleCommit/sha256/Item10/Count100000  6,744,510 ns/op   28,855,849 B/op   700,269 allocs/op
  [4/4]  bench  MerkleCommit/sha256/Item10/Count100000  6,743,650 ns/op ±1%   28,855,786 B/op ±0%   700,269 allocs/op ±0%    5.63s
  [1/4]  bench  MerkleCommit/sha256/Item1000/Count10  15,008 ns/op   15,648 B/op   107 allocs/op
  [2/4]  bench  MerkleCommit/sha256/Item1000/Count10  15,040 ns/op   15,646 B/op   107 allocs/op
  [3/4]  bench  MerkleCommit/sha256/Item1000/Count10  15,102 ns/op   15,647 B/op   107 allocs/op
  [4/4]  bench  MerkleCommit/sha256/Item1000/Count10  15,154 ns/op ±1%   15,646 B/op ±0%   107 allocs/op    4.12s
  [1/4]  bench  MerkleCommit/sha256/Item1000/Count100  72,982 ns/op   134,533 B/op   761 allocs/op
  [2/4]  bench  MerkleCommit/sha256/Item1000/Count100  73,247 ns/op   134,533 B/op   761 allocs/op
  [3/4]  bench  MerkleCommit/sha256/Item1000/Count100  73,653 ns/op   134,530 B/op   761 allocs/op
  [4/4]  bench  MerkleCommit/sha256/Item1000/Count100  73,023 ns/op ±2%   134,530 B/op ±0%   761 allocs/op    5.81s
  [1/4]  bench  MerkleCommit/sha256/Item1000/Count1000  410,279 ns/op   1,305,272 B/op   7,095 allocs/op
  [2/4]  bench  MerkleCommit/sha256/Item1000/Count1000  406,281 ns/op   1,305,283 B/op   7,095 allocs/op
  [3/4]  bench  MerkleCommit/sha256/Item1000/Count1000  407,233 ns/op   1,305,272 B/op   7,095 allocs/op
  [4/4]  bench  MerkleCommit/sha256/Item1000/Count1000  406,211 ns/op ±1%   1,305,280 B/op ±0%   7,095 allocs/op ±0%    3.72s
  [1/4]  bench  MerkleCommit/sha256/Item1000/Count10000  2,823,856 ns/op   12,995,006 B/op   70,179 allocs/op
  [2/4]  bench  MerkleCommit/sha256/Item1000/Count10000  2,815,399 ns/op   12,995,011 B/op   70,179 allocs/op
  [3/4]  bench  MerkleCommit/sha256/Item1000/Count10000  2,815,737 ns/op   12,995,015 B/op   70,179 allocs/op
  [4/4]  bench  MerkleCommit/sha256/Item1000/Count10000  2,818,928 ns/op ±0%   12,995,027 B/op ±0%   70,179 allocs/op ±0%    4.49s
  [1/4]  bench  MerkleCommit/sha256/Item1000/Count100000  24,045,622 ns/op   129,655,800 B/op   700,267 allocs/op
  [2/4]  bench  MerkleCommit/sha256/Item1000/Count100000  23,814,349 ns/op   129,655,978 B/op   700,269 allocs/op
  [3/4]  bench  MerkleCommit/sha256/Item1000/Count100000  23,941,602 ns/op   129,655,941 B/op   700,268 allocs/op
  [4/4]  bench  MerkleCommit/sha256/Item1000/Count100000  23,860,869 ns/op ±1%   129,655,997 B/op ±0%   700,269 allocs/op ±0%    3.6s
  [1/4]  bench  MerkleCommit/sha256/Item100000/Count10  229,509 ns/op   1,071,216 B/op   115 allocs/op
  [2/4]  bench  MerkleCommit/sha256/Item100000/Count10  228,246 ns/op   1,071,220 B/op   115 allocs/op
  [3/4]  bench  MerkleCommit/sha256/Item100000/Count10  227,870 ns/op   1,071,221 B/op   115 allocs/op
  [4/4]  bench  MerkleCommit/sha256/Item100000/Count10  228,290 ns/op ±1%   1,071,221 B/op ±0%   115 allocs/op    3.53s
  [1/4]  bench  MerkleCommit/sha256/Item100000/Count100  1,481,731 ns/op   10,683,651 B/op   779 allocs/op
  [2/4]  bench  MerkleCommit/sha256/Item100000/Count100  1,489,647 ns/op   10,683,655 B/op   779 allocs/op
  [3/4]  bench  MerkleCommit/sha256/Item100000/Count100  1,488,421 ns/op   10,683,661 B/op   779 allocs/op
  [4/4]  bench  MerkleCommit/sha256/Item100000/Count100  1,495,250 ns/op ±1%   10,683,664 B/op ±0%   779 allocs/op    4.11s
  [1/4]  bench  MerkleCommit/sha256/Item100000/Count1000  14,064,272 ns/op   106,779,308 B/op   7,108 allocs/op
  [2/4]  bench  MerkleCommit/sha256/Item100000/Count1000  14,198,599 ns/op   106,779,275 B/op   7,108 allocs/op
  [3/4]  bench  MerkleCommit/sha256/Item100000/Count1000  14,176,225 ns/op   106,779,296 B/op   7,108 allocs/op
  [4/4]  bench  MerkleCommit/sha256/Item100000/Count1000  14,212,747 ns/op ±1%   106,779,272 B/op ±0%   7,108 allocs/op ±0%    3.62s
  [1/4]  bench  MerkleCommit/sha256/Item100000/Count10000  132,050,922 ns/op   1,067,727,136 B/op   70,237 allocs/op
  [2/4]  bench  MerkleCommit/sha256/Item100000/Count10000  133,282,956 ns/op   1,067,726,411 B/op   70,231 allocs/op
  [3/4]  bench  MerkleCommit/sha256/Item100000/Count10000  133,171,132 ns/op   1,067,726,733 B/op   70,233 allocs/op
  [4/4]  bench  MerkleCommit/sha256/Item100000/Count10000  133,012,979 ns/op ±1%   1,067,726,331 B/op ±0%   70,229 allocs/op ±0%    3.59s
  [1/4]  bench  MerkleCommit/sha256/Item100000/Count100000  1,118,079,750 ns/op   10,676,909,672 B/op   700,447 allocs/op
  [2/4]  bench  MerkleCommit/sha256/Item100000/Count100000  1,124,370,521 ns/op   10,676,915,192 B/op   700,480 allocs/op
  [3/4]  bench  MerkleCommit/sha256/Item100000/Count100000  1,135,093,042 ns/op   10,676,912,243 B/op   700,438 allocs/op
  [4/4]  bench  MerkleCommit/sha256/Item100000/Count100000  1,133,841,438 ns/op ±2%   10,676,912,568 B/op ±0%   700,439 allocs/op ±0%    3.42s
  [1/4]  bench  AppendMsgBlockHeader                  36.5 ns/op   27.4 MB/s   0.000 B/op   0.000 allocs/op
  [2/4]  bench  AppendMsgBlockHeader                  36.6 ns/op   27.3 MB/s   0.000 B/op   0.000 allocs/op
  [3/4]  bench  AppendMsgBlockHeader                  36.6 ns/op   27.3 MB/s   0.000 B/op   0.000 allocs/op
  [4/4]  bench  AppendMsgBlockHeader                  36.7 ns/op ±1%   27.3 MB/s ±1%   0.000 B/op   0.000 allocs/op    3.74s
  [1/4]  bench  AppendMsgSignedTxn                    75.6 ns/op   13.2 MB/s   0.000 B/op   0.000 allocs/op
  [2/4]  bench  AppendMsgSignedTxn                    75.2 ns/op   13.3 MB/s   0.000 B/op   0.000 allocs/op
  [3/4]  bench  AppendMsgSignedTxn                    75.3 ns/op   13.3 MB/s   0.000 B/op   0.000 allocs/op
  [4/4]  bench  AppendMsgSignedTxn                    75.2 ns/op ±0%   13.3 MB/s ±0%   0.000 B/op   0.000 allocs/op    3.84s
  [1/4]  bench  PaysetGroups                          5,813 ns/op   132,517 B/op   8.00 allocs/op
  [2/4]  bench  PaysetGroups                          5,765 ns/op   133,131 B/op   8.00 allocs/op
  [3/4]  bench  PaysetGroups                          5,706 ns/op   130,869 B/op   8.00 allocs/op
  [4/4]  bench  PaysetGroups                          5,685 ns/op ±2%   131,584 B/op ±3%   8.00 allocs/op    26.09s
  [1/4]  bench  Txn                                   41,003 ns/op   7,863 B/op   8.00 allocs/op
  [2/4]  bench  Txn                                   40,815 ns/op   7,863 B/op   8.00 allocs/op
  [3/4]  bench  Txn                                   40,691 ns/op   7,865 B/op   8.00 allocs/op
  [4/4]  bench  Txn                                   40,639 ns/op ±1%   7,864 B/op ±0%   8.00 allocs/op    9.07s
  [1/4]  bench  TxHandlerProcessing/processDecoded    10,428 ns/op   3,912 B/op   44.0 allocs/op
  [2/4]  bench  TxHandlerProcessing/processDecoded    10,539 ns/op   3,912 B/op   44.0 allocs/op
  [3/4]  bench  TxHandlerProcessing/processDecoded    10,552 ns/op   3,912 B/op   44.0 allocs/op
  [4/4]  bench  TxHandlerProcessing/processDecoded    10,538 ns/op ±1%   3,912 B/op   44.0 allocs/op    9.04s
  [1/4]  bench  TxHandlerProcessing/verify.TxnGroup   41,492 ns/op   11,744 B/op   16.0 allocs/op
  [2/4]  bench  TxHandlerProcessing/verify.TxnGroup   41,583 ns/op   11,744 B/op   16.0 allocs/op
  [3/4]  bench  TxHandlerProcessing/verify.TxnGroup   41,502 ns/op   11,744 B/op   16.0 allocs/op
  [4/4]  bench  TxHandlerProcessing/verify.TxnGroup   41,475 ns/op ±0%   11,744 B/op   16.0 allocs/op    6.49s
  [1/4]  bench  CompactDeltas/account-deltas          1,592,310 ns/op   4,168,761 B/op   18.0 allocs/op
  [2/4]  bench  CompactDeltas/account-deltas          1,502,201 ns/op   4,174,397 B/op   18.0 allocs/op
  [3/4]  bench  CompactDeltas/account-deltas          1,478,089 ns/op   4,173,862 B/op   18.0 allocs/op
  [4/4]  bench  CompactDeltas/account-deltas          1,457,045 ns/op ±7%   4,174,624 B/op ±0%   18.0 allocs/op    16.95s
