  [1/4]  bench  MerkleCommit/sha512_256/Item10/Count10  13,813 ns/op   6,090 B/op   107 allocs/op
  [2/4]  bench  MerkleCommit/sha512_256/Item10/Count10  13,862 ns/op   6,087 B/op   107 allocs/op
  [3/4]  bench  MerkleCommit/sha512_256/Item10/Count10  13,846 ns/op   6,088 B/op   107 allocs/op
  [4/4]  bench  MerkleCommit/sha512_256/Item10/Count10  13,908 ns/op ±1%   6,087 B/op ±0%   107 allocs/op    4.03s
  [1/4]  bench  MerkleCommit/sha512_256/Item10/Count100  53,996 ns/op   34,690 B/op   761 allocs/op
  [2/4]  bench  MerkleCommit/sha512_256/Item10/Count100  53,887 ns/op   34,687 B/op   761 allocs/op
  [3/4]  bench  MerkleCommit/sha512_256/Item10/Count100  53,809 ns/op   34,679 B/op   761 allocs/op
  [4/4]  bench  MerkleCommit/sha512_256/Item10/Count100  53,758 ns/op ±0%   34,681 B/op ±0%   761 allocs/op ±0%    5.23s
  [1/4]  bench  MerkleCommit/sha512_256/Item10/Count1000  252,580 ns/op   299,012 B/op   7,091 allocs/op
  [2/4]  bench  MerkleCommit/sha512_256/Item10/Count1000  251,388 ns/op   299,027 B/op   7,091 allocs/op
  [3/4]  bench  MerkleCommit/sha512_256/Item10/Count1000  252,120 ns/op   299,019 B/op   7,091 allocs/op
  [4/4]  bench  MerkleCommit/sha512_256/Item10/Count1000  251,835 ns/op ±1%   299,023 B/op ±0%   7,091 allocs/op    3.69s
  [1/4]  bench  MerkleCommit/sha512_256/Item10/Count10000  1,273,438 ns/op   2,920,488 B/op   70,182 allocs/op
  [2/4]  bench  MerkleCommit/sha512_256/Item10/Count10000  1,268,248 ns/op   2,920,507 B/op   70,182 allocs/op
  [3/4]  bench  MerkleCommit/sha512_256/Item10/Count10000  1,273,140 ns/op   2,920,474 B/op   70,182 allocs/op
  [4/4]  bench  MerkleCommit/sha512_256/Item10/Count10000  1,271,577 ns/op ±1%   2,920,504 B/op ±0%   70,182 allocs/op ±0%    4.01s
  [1/4]  bench  MerkleCommit/sha512_256/Item10/Count100000  7,726,405 ns/op   28,866,162 B/op   700,280 allocs/op
  [2/4]  bench  MerkleCommit/sha512_256/Item10/Count100000  7,758,161 ns/op   28,866,227 B/op   700,281 allocs/op
  [3/4]  bench  MerkleCommit/sha512_256/Item10/Count100000  7,742,069 ns/op   28,866,281 B/op   700,281 allocs/op
  [4/4]  bench  MerkleCommit/sha512_256/Item10/Count100000  7,734,941 ns/op ±1%   28,866,303 B/op ±0%   700,281 allocs/op ±0%    5.92s
  [1/4]  bench  MerkleCommit/sha512_256/Item1000/Count10  22,709 ns/op   16,257 B/op   108 allocs/op
  [2/4]  bench  MerkleCommit/sha512_256/Item1000/Count10  22,591 ns/op   16,257 B/op   108 allocs/op
  [3/4]  bench  MerkleCommit/sha512_256/Item1000/Count10  22,347 ns/op   16,258 B/op   108 allocs/op
  [4/4]  bench  MerkleCommit/sha512_256/Item1000/Count10  22,258 ns/op ±2%   16,258 B/op ±0%   108 allocs/op    4.15s
  [1/4]  bench  MerkleCommit/sha512_256/Item1000/Count100  97,091 ns/op   135,902 B/op   763 allocs/op
  [2/4]  bench  MerkleCommit/sha512_256/Item1000/Count100  96,523 ns/op   135,905 B/op   763 allocs/op
  [3/4]  bench  MerkleCommit/sha512_256/Item1000/Count100  95,842 ns/op   135,910 B/op   763 allocs/op
  [4/4]  bench  MerkleCommit/sha512_256/Item1000/Count100  95,513 ns/op ±1%   135,914 B/op ±0%   763 allocs/op    6.47s
  [1/4]  bench  MerkleCommit/sha512_256/Item1000/Count1000  488,419 ns/op   1,308,276 B/op   7,099 allocs/op
  [2/4]  bench  MerkleCommit/sha512_256/Item1000/Count1000  486,205 ns/op   1,308,313 B/op   7,099 allocs/op
  [3/4]  bench  MerkleCommit/sha512_256/Item1000/Count1000  485,859 ns/op   1,308,324 B/op   7,099 allocs/op
  [4/4]  bench  MerkleCommit/sha512_256/Item1000/Count1000  485,281 ns/op ±1%   1,308,322 B/op ±0%   7,099 allocs/op    4.74s
  [1/4]  bench  MerkleCommit/sha512_256/Item1000/Count10000  3,278,558 ns/op   13,000,850 B/op   70,184 allocs/op
  [2/4]  bench  MerkleCommit/sha512_256/Item1000/Count10000  3,286,543 ns/op   13,000,965 B/op   70,185 allocs/op
  [3/4]  bench  MerkleCommit/sha512_256/Item1000/Count10000  3,275,914 ns/op   13,000,969 B/op   70,185 allocs/op
  [4/4]  bench  MerkleCommit/sha512_256/Item1000/Count10000  3,286,906 ns/op ±1%   13,000,987 B/op ±0%   70,185 allocs/op ±0%    4.59s
  [1/4]  bench  MerkleCommit/sha512_256/Item1000/Count100000  26,456,931 ns/op   129,665,693 B/op   700,275 allocs/op
  [2/4]  bench  MerkleCommit/sha512_256/Item1000/Count100000  26,471,469 ns/op   129,665,728 B/op   700,276 allocs/op
  [3/4]  bench  MerkleCommit/sha512_256/Item1000/Count100000  26,591,190 ns/op   129,665,612 B/op   700,275 allocs/op
  [4/4]  bench  MerkleCommit/sha512_256/Item1000/Count100000  26,536,955 ns/op ±1%   129,665,627 B/op ±0%   700,275 allocs/op ±0%    3.57s
  [1/4]  bench  MerkleCommit/sha512_256/Item100000/Count10  320,822 ns/op   1,072,390 B/op   117 allocs/op
  [2/4]  bench  MerkleCommit/sha512_256/Item100000/Count10  321,098 ns/op   1,072,397 B/op   117 allocs/op
  [3/4]  bench  MerkleCommit/sha512_256/Item100000/Count10  323,164 ns/op   1,072,407 B/op   117 allocs/op
  [4/4]  bench  MerkleCommit/sha512_256/Item100000/Count10  322,818 ns/op ±1%   1,072,407 B/op ±0%   117 allocs/op    3.66s
  [1/4]  bench  MerkleCommit/sha512_256/Item100000/Count100  1,975,088 ns/op   10,685,808 B/op   781 allocs/op
  [2/4]  bench  MerkleCommit/sha512_256/Item100000/Count100  1,972,310 ns/op   10,685,836 B/op   781 allocs/op
  [3/4]  bench  MerkleCommit/sha512_256/Item100000/Count100  1,982,852 ns/op   10,685,839 B/op   781 allocs/op
  [4/4]  bench  MerkleCommit/sha512_256/Item100000/Count100  1,979,590 ns/op ±1%   10,685,846 B/op ±0%   781 allocs/op    4.23s
  [1/4]  bench  MerkleCommit/sha512_256/Item100000/Count1000  18,303,880 ns/op   106,782,606 B/op   7,112 allocs/op
  [2/4]  bench  MerkleCommit/sha512_256/Item100000/Count1000  18,165,592 ns/op   106,782,547 B/op   7,112 allocs/op
  [3/4]  bench  MerkleCommit/sha512_256/Item100000/Count1000  18,071,610 ns/op   106,782,555 B/op   7,111 allocs/op
  [4/4]  bench  MerkleCommit/sha512_256/Item100000/Count1000  18,112,954 ns/op ±1%   106,782,501 B/op ±0%   7,111 allocs/op ±0%    3.61s
  [1/4]  bench  MerkleCommit/sha512_256/Item100000/Count10000  165,302,685 ns/op   1,067,734,302 B/op   70,254 allocs/op
  [2/4]  bench  MerkleCommit/sha512_256/Item100000/Count10000  167,058,176 ns/op   1,067,733,725 B/op   70,250 allocs/op
  [3/4]  bench  MerkleCommit/sha512_256/Item100000/Count10000  166,518,657 ns/op   1,067,732,979 B/op   70,243 allocs/op
  [4/4]  bench  MerkleCommit/sha512_256/Item100000/Count10000  166,367,539 ns/op ±1%   1,067,733,274 B/op ±0%   70,246 allocs/op ±0%    4.99s
  [1/4]  bench  MerkleCommit/sha512_256/Item100000/Count100000  1,320,374,709 ns/op   10,676,931,096 B/op   700,600 allocs/op
  [2/4]  bench  MerkleCommit/sha512_256/Item100000/Count100000  1,359,809,167 ns/op   10,676,933,160 B/op   700,578 allocs/op
  [3/4]  bench  MerkleCommit/sha512_256/Item100000/Count100000  1,383,195,834 ns/op   10,676,939,149 B/op   700,627 allocs/op
  [4/4]  bench  MerkleCommit/sha512_256/Item100000/Count100000  1,373,572,615 ns/op ±4%   10,676,935,972 B/op ±0%   700,597 allocs/op ±0%    4.17s
  [1/4]  bench  MerkleCommit/sumhash/Item10/Count10   49,156 ns/op   16,800 B/op   217 allocs/op
  [2/4]  bench  MerkleCommit/sumhash/Item10/Count10   49,846 ns/op   16,796 B/op   217 allocs/op
  [3/4]  bench  MerkleCommit/sumhash/Item10/Count10   50,021 ns/op   16,792 B/op   217 allocs/op
  [4/4]  bench  MerkleCommit/sumhash/Item10/Count10   49,999 ns/op ±1%   16,794 B/op ±0%   217 allocs/op    5.13s
  [1/4]  bench  MerkleCommit/sumhash/Item10/Count100  239,143 ns/op   134,788 B/op   1,722 allocs/op
  [2/4]  bench  MerkleCommit/sumhash/Item10/Count100  237,776 ns/op   134,801 B/op   1,722 allocs/op
  [3/4]  bench  MerkleCommit/sumhash/Item10/Count100  237,587 ns/op   134,801 B/op   1,722 allocs/op
  [4/4]  bench  MerkleCommit/sumhash/Item10/Count100  236,981 ns/op ±1%   134,810 B/op ±0%   1,722 allocs/op ±0%    3.65s
  [1/4]  bench  MerkleCommit/sumhash/Item10/Count1000  1,063,522 ns/op   1,268,789 B/op   16,241 allocs/op
  [2/4]  bench  MerkleCommit/sumhash/Item10/Count1000  1,063,417 ns/op   1,268,797 B/op   16,241 allocs/op
  [3/4]  bench  MerkleCommit/sumhash/Item10/Count1000  1,062,670 ns/op   1,268,800 B/op   16,241 allocs/op
  [4/4]  bench  MerkleCommit/sumhash/Item10/Count1000  1,065,165 ns/op ±1%   1,268,761 B/op ±0%   16,241 allocs/op ±0%    3.8s
  [1/4]  bench  MerkleCommit/sumhash/Item10/Count10000  6,451,071 ns/op   12,537,887 B/op   160,465 allocs/op
  [2/4]  bench  MerkleCommit/sumhash/Item10/Count10000  6,408,782 ns/op   12,538,110 B/op   160,468 allocs/op
  [3/4]  bench  MerkleCommit/sumhash/Item10/Count10000  6,416,293 ns/op   12,538,104 B/op   160,467 allocs/op
  [4/4]  bench  MerkleCommit/sumhash/Item10/Count10000  6,423,790 ns/op ±1%   12,538,051 B/op ±0%   160,467 allocs/op ±0%    5.54s
  [1/4]  bench  MerkleCommit/sumhash/Item10/Count100000  49,313,361 ns/op   124,885,866 B/op   1,600,653 allocs/op
  [2/4]  bench  MerkleCommit/sumhash/Item10/Count100000  49,525,589 ns/op   124,885,658 B/op   1,600,651 allocs/op
  [3/4]  bench  MerkleCommit/sumhash/Item10/Count100000  49,877,049 ns/op   124,885,722 B/op   1,600,651 allocs/op
  [4/4]  bench  MerkleCommit/sumhash/Item10/Count100000  49,883,893 ns/op ±1%   124,885,800 B/op ±0%   1,600,653 allocs/op ±0%    3.47s
  [1/4]  bench  MerkleCommit/sumhash/Item1000/Count10  107,420 ns/op   28,638 B/op   233 allocs/op
  [2/4]  bench  MerkleCommit/sumhash/Item1000/Count10  106,550 ns/op   28,637 B/op   233 allocs/op
  [3/4]  bench  MerkleCommit/sumhash/Item1000/Count10  106,301 ns/op   28,636 B/op   233 allocs/op
  [4/4]  bench  MerkleCommit/sumhash/Item1000/Count10  106,290 ns/op ±1%   28,635 B/op ±0%   233 allocs/op ±0%    3.21s
  [1/4]  bench  MerkleCommit/sumhash/Item1000/Count100  455,656 ns/op   250,225 B/op   1,844 allocs/op
  [2/4]  bench  MerkleCommit/sumhash/Item1000/Count100  457,093 ns/op   250,189 B/op   1,844 allocs/op
  [3/4]  bench  MerkleCommit/sumhash/Item1000/Count100  455,650 ns/op   250,181 B/op   1,843 allocs/op
  [4/4]  bench  MerkleCommit/sumhash/Item1000/Count100  456,286 ns/op ±1%   250,177 B/op ±0%   1,843 allocs/op ±0%    3.75s
  [1/4]  bench  MerkleCommit/sumhash/Item1000/Count1000  2,507,897 ns/op   2,406,555 B/op   17,262 allocs/op
  [2/4]  bench  MerkleCommit/sumhash/Item1000/Count1000  2,531,122 ns/op   2,406,398 B/op   17,260 allocs/op
  [3/4]  bench  MerkleCommit/sumhash/Item1000/Count1000  2,525,414 ns/op   2,406,441 B/op   17,261 allocs/op
  [4/4]  bench  MerkleCommit/sumhash/Item1000/Count1000  2,531,876 ns/op ±1%   2,406,403 B/op ±0%   17,260 allocs/op ±0%    4.41s
  [1/4]  bench  MerkleCommit/sumhash/Item1000/Count10000  19,431,537 ns/op   23,898,943 B/op   170,476 allocs/op
  [2/4]  bench  MerkleCommit/sumhash/Item1000/Count10000  19,794,333 ns/op   23,898,669 B/op   170,473 allocs/op
  [3/4]  bench  MerkleCommit/sumhash/Item1000/Count10000  19,692,495 ns/op   23,898,718 B/op   170,474 allocs/op
  [4/4]  bench  MerkleCommit/sumhash/Item1000/Count10000  19,744,665 ns/op ±2%   23,898,560 B/op ±0%   170,472 allocs/op ±0%    3.57s
  [1/4]  bench  MerkleCommit/sumhash/Item1000/Count100000  172,570,688 ns/op   238,487,744 B/op   1,700,669 allocs/op
  [2/4]  bench  MerkleCommit/sumhash/Item1000/Count100000  174,568,730 ns/op   238,487,712 B/op   1,700,668 allocs/op
  [3/4]  bench  MerkleCommit/sumhash/Item1000/Count100000  174,848,491 ns/op   238,487,471 B/op   1,700,666 allocs/op
  [4/4]  bench  MerkleCommit/sumhash/Item1000/Count100000  174,689,757 ns/op ±1%   238,487,412 B/op ±0%   1,700,665 allocs/op ±0%    3.71s
  [1/4]  bench  MerkleCommit/sumhash/Item100000/Count10  2,076,645 ns/op   1,085,592 B/op   259 allocs/op
  [2/4]  bench  MerkleCommit/sumhash/Item100000/Count10  2,056,134 ns/op   1,085,603 B/op   259 allocs/op
  [3/4]  bench  MerkleCommit/sumhash/Item100000/Count10  2,051,665 ns/op   1,085,596 B/op   259 allocs/op
  [4/4]  bench  MerkleCommit/sumhash/Item100000/Count10  2,052,878 ns/op ±1%   1,085,596 B/op ±0%   259 allocs/op    4.19s
  [1/4]  bench  MerkleCommit/sumhash/Item100000/Count100  15,089,499 ns/op   10,798,645 B/op   1,856 allocs/op
  [2/4]  bench  MerkleCommit/sumhash/Item100000/Count100  14,970,367 ns/op   10,798,638 B/op   1,857 allocs/op
  [3/4]  bench  MerkleCommit/sumhash/Item100000/Count100  15,062,820 ns/op   10,798,621 B/op   1,857 allocs/op
  [4/4]  bench  MerkleCommit/sumhash/Item100000/Count100  15,022,073 ns/op ±1%   10,798,628 B/op ±0%   1,857 allocs/op ±0%    3.73s
  [1/4]  bench  MerkleCommit/sumhash/Item100000/Count1000  133,671,984 ns/op   107,879,332 B/op   17,257 allocs/op
  [2/4]  bench  MerkleCommit/sumhash/Item100000/Count1000  131,462,146 ns/op   107,879,023 B/op   17,257 allocs/op
  [3/4]  bench  MerkleCommit/sumhash/Item100000/Count1000  131,801,411 ns/op   107,878,841 B/op   17,256 allocs/op
  [4/4]  bench  MerkleCommit/sumhash/Item100000/Count1000  131,938,178 ns/op ±2%   107,878,789 B/op ±0%   17,256 allocs/op ±0%    4.47s
  [1/4]  bench  MerkleCommit/sumhash/Item100000/Count10000  1,277,026,750 ns/op   1,078,626,280 B/op   170,498 allocs/op
  [2/4]  bench  MerkleCommit/sumhash/Item100000/Count10000  1,263,956,605 ns/op   1,078,625,336 B/op   170,487 allocs/op
  [3/4]  bench  MerkleCommit/sumhash/Item100000/Count10000  1,268,679,931 ns/op   1,078,624,909 B/op   170,488 allocs/op
  [4/4]  bench  MerkleCommit/sumhash/Item100000/Count10000  1,265,609,282 ns/op ±1%   1,078,624,892 B/op ±0%   170,488 allocs/op ±0%    3.78s
  [1/4]  bench  MerkleCommit/sumhash/Item100000/Count100000  12,410,358,916 ns/op   10,785,727,704 B/op   1,700,750 allocs/op
  [2/4]  bench  MerkleCommit/sumhash/Item100000/Count100000  12,398,477,542 ns/op   10,785,727,112 B/op   1,700,740 allocs/op
  [3/4]  bench  MerkleCommit/sumhash/Item100000/Count100000  12,373,531,500 ns/op   10,785,726,589 B/op   1,700,735 allocs/op
  [4/4]  bench  MerkleCommit/sumhash/Item100000/Count100000  12,331,340,156 ns/op ±1%   10,785,727,892 B/op ±0%   1,700,745 allocs/op ±0%    36.92s
  [1/4]  bench  MerkleCommit/sha256/Item10/Count10    8,124 ns/op   5,512 B/op   107 allocs/op
  [2/4]  bench  MerkleCommit/sha256/Item10/Count10    8,169 ns/op   5,512 B/op   107 allocs/op
  [3/4]  bench  MerkleCommit/sha256/Item10/Count10    8,207 ns/op   5,512 B/op   107 allocs/op
  [4/4]  bench  MerkleCommit/sha256/Item10/Count10    8,255 ns/op ±2%   5,512 B/op ±0%   107 allocs/op    3.79s
  [1/4]  bench  MerkleCommit/sha256/Item10/Count100   40,715 ns/op   33,495 B/op   759 allocs/op
  [2/4]  bench  MerkleCommit/sha256/Item10/Count100   40,697 ns/op   33,491 B/op   759 allocs/op
  [3/4]  bench  MerkleCommit/sha256/Item10/Count100   40,655 ns/op   33,493 B/op   759 allocs/op
  [4/4]  bench  MerkleCommit/sha256/Item10/Count100   40,523 ns/op ±1%   33,491 B/op ±0%   759 allocs/op    4.83s
  [1/4]  bench  MerkleCommit/sha256/Item10/Count1000  203,904 ns/op   296,371 B/op   7,086 allocs/op
  [2/4]  bench  MerkleCommit/sha256/Item10/Count1000  204,604 ns/op   296,353 B/op   7,086 allocs/op
  [3/4]  bench  MerkleCommit/sha256/Item10/Count1000  204,197 ns/op   296,358 B/op   7,086 allocs/op
  [4/4]  bench  MerkleCommit/sha256/Item10/Count1000  204,503 ns/op ±0%   296,354 B/op ±0%   7,086 allocs/op    3.71s
  [1/4]  bench  MerkleCommit/sha256/Item10/Count10000  1,061,018 ns/op   2,914,381 B/op   70,173 allocs/op
  [2/4]  bench  MerkleCommit/sha256/Item10/Count10000  1,061,701 ns/op   2,914,337 B/op   70,173 allocs/op
  [3/4]  bench  MerkleCommit/sha256/Item10/Count10000  1,061,826 ns/op   2,914,335 B/op   70,173 allocs/op
  [4/4]  bench  MerkleCommit/sha256/Item10/Count10000  1,061,970 ns/op ±0%   2,914,342 B/op ±0%   70,173 allocs/op    3.89s
  [1/4]  bench  MerkleCommit/sha256/Item10/Count100000  6,645,197 ns/op   28,855,972 B/op   700,271 allocs/op
  [2/4]  bench  MerkleCommit/sha256/Item10/Count100000  6,718,105 ns/op   28,855,790 B/op   700,269 allocs/op
  [3/4]  bench  MerkleCommit/sha256/Item10/Count100000  6,685,494 ns/op   28,855,800 B/op   700,269 allocs/op
  [4/4]  bench  MerkleCommit/sha256/Item10/Count100000  6,705,656 ns/op ±1%   28,855,833 B/op ±0%   700,269 allocs/op ±0%    5.62s
  [1/4]  bench  MerkleCommit/sha256/Item1000/Count10  15,474 ns/op   15,646 B/op   107 allocs/op
  [2/4]  bench  MerkleCommit/sha256/Item1000/Count10  15,274 ns/op   15,648 B/op   107 allocs/op
  [3/4]  bench  MerkleCommit/sha256/Item1000/Count10  15,308 ns/op   15,647 B/op   107 allocs/op
  [4/4]  bench  MerkleCommit/sha256/Item1000/Count10  15,323 ns/op ±1%   15,648 B/op ±0%   107 allocs/op    4.04s
  [1/4]  bench  MerkleCommit/sha256/Item1000/Count100  75,544 ns/op   134,525 B/op   761 allocs/op
  [2/4]  bench  MerkleCommit/sha256/Item1000/Count100  75,737 ns/op   134,525 B/op   761 allocs/op
  [3/4]  bench  MerkleCommit/sha256/Item1000/Count100  75,158 ns/op   134,527 B/op   761 allocs/op
  [4/4]  bench  MerkleCommit/sha256/Item1000/Count100  75,124 ns/op ±1%   134,529 B/op ±0%   761 allocs/op    5.87s
  [1/4]  bench  MerkleCommit/sha256/Item1000/Count1000  405,616 ns/op   1,305,313 B/op   7,095 allocs/op
  [2/4]  bench  MerkleCommit/sha256/Item1000/Count1000  409,848 ns/op   1,305,289 B/op   7,095 allocs/op
  [3/4]  bench  MerkleCommit/sha256/Item1000/Count1000  407,945 ns/op   1,305,295 B/op   7,095 allocs/op
  [4/4]  bench  MerkleCommit/sha256/Item1000/Count1000  408,695 ns/op ±1%   1,305,289 B/op ±0%   7,095 allocs/op    3.78s
  [1/4]  bench  MerkleCommit/sha256/Item1000/Count10000  2,829,488 ns/op   12,995,083 B/op   70,180 allocs/op
  [2/4]  bench  MerkleCommit/sha256/Item1000/Count10000  2,857,117 ns/op   12,995,055 B/op   70,180 allocs/op
  [3/4]  bench  MerkleCommit/sha256/Item1000/Count10000  2,844,307 ns/op   12,995,045 B/op   70,179 allocs/op
  [4/4]  bench  MerkleCommit/sha256/Item1000/Count10000  2,846,882 ns/op ±1%   12,995,056 B/op ±0%   70,180 allocs/op ±0%    4.45s
  [1/4]  bench  MerkleCommit/sha256/Item1000/Count100000  23,815,072 ns/op   129,656,135 B/op   700,270 allocs/op
  [2/4]  bench  MerkleCommit/sha256/Item1000/Count100000  23,782,894 ns/op   129,655,986 B/op   700,269 allocs/op
  [3/4]  bench  MerkleCommit/sha256/Item1000/Count100000  23,755,375 ns/op   129,655,983 B/op   700,268 allocs/op
  [4/4]  bench  MerkleCommit/sha256/Item1000/Count100000  23,857,047 ns/op ±1%   129,655,903 B/op ±0%   700,268 allocs/op ±0%    3.63s
  [1/4]  bench  MerkleCommit/sha256/Item100000/Count10  237,987 ns/op   1,071,241 B/op   115 allocs/op
  [2/4]  bench  MerkleCommit/sha256/Item100000/Count10  240,505 ns/op   1,071,240 B/op   115 allocs/op
  [3/4]  bench  MerkleCommit/sha256/Item100000/Count10  240,084 ns/op   1,071,242 B/op   115 allocs/op
  [4/4]  bench  MerkleCommit/sha256/Item100000/Count10  240,106 ns/op ±1%   1,071,242 B/op ±0%   115 allocs/op    3.71s
  [1/4]  bench  MerkleCommit/sha256/Item100000/Count100  1,507,063 ns/op   10,683,641 B/op   779 allocs/op
  [2/4]  bench  MerkleCommit/sha256/Item100000/Count100  1,529,899 ns/op   10,683,654 B/op   779 allocs/op
  [3/4]  bench  MerkleCommit/sha256/Item100000/Count100  1,530,012 ns/op   10,683,654 B/op   779 allocs/op
  [4/4]  bench  MerkleCommit/sha256/Item100000/Count100  1,526,649 ns/op ±1%   10,683,657 B/op ±0%   779 allocs/op    4.09s
  [1/4]  bench  MerkleCommit/sha256/Item100000/Count1000  14,278,141 ns/op   106,779,317 B/op   7,108 allocs/op
  [2/4]  bench  MerkleCommit/sha256/Item100000/Count1000  14,263,246 ns/op   106,779,271 B/op   7,108 allocs/op
  [3/4]  bench  MerkleCommit/sha256/Item100000/Count1000  14,288,101 ns/op   106,779,208 B/op   7,107 allocs/op
  [4/4]  bench  MerkleCommit/sha256/Item100000/Count1000  14,285,769 ns/op ±0%   106,779,222 B/op ±0%   7,107 allocs/op ±0%    3.5s
  [1/4]  bench  MerkleCommit/sha256/Item100000/Count10000  134,048,448 ns/op   1,067,724,886 B/op   70,216 allocs/op
  [2/4]  bench  MerkleCommit/sha256/Item100000/Count10000  132,890,063 ns/op   1,067,726,114 B/op   70,226 allocs/op
  [3/4]  bench  MerkleCommit/sha256/Item100000/Count10000  132,873,878 ns/op   1,067,725,881 B/op   70,223 allocs/op
  [4/4]  bench  MerkleCommit/sha256/Item100000/Count10000  132,776,784 ns/op ±1%   1,067,725,883 B/op ±0%   70,224 allocs/op ±0%    3.58s
  [1/4]  bench  MerkleCommit/sha256/Item100000/Count100000  1,133,661,958 ns/op   10,676,919,528 B/op   700,496 allocs/op
  [2/4]  bench  MerkleCommit/sha256/Item100000/Count100000  1,145,590,688 ns/op   10,676,922,768 B/op   700,529 allocs/op
  [3/4]  bench  MerkleCommit/sha256/Item100000/Count100000  1,147,493,903 ns/op   10,676,923,363 B/op   700,529 allocs/op
  [4/4]  bench  MerkleCommit/sha256/Item100000/Count100000  1,152,526,844 ns/op ±1%   10,676,922,880 B/op ±0%   700,525 allocs/op ±0%    3.48s
  [1/4]  bench  AppendMsgBlockHeader                  36.8 ns/op   27.2 MB/s   0.000 B/op   0.000 allocs/op
  [2/4]  bench  AppendMsgBlockHeader                  36.6 ns/op   27.3 MB/s   0.000 B/op   0.000 allocs/op
  [3/4]  bench  AppendMsgBlockHeader                  36.7 ns/op   27.3 MB/s   0.000 B/op   0.000 allocs/op
  [4/4]  bench  AppendMsgBlockHeader                  36.7 ns/op ±0%   27.3 MB/s ±0%   0.000 B/op   0.000 allocs/op    3.73s
  [1/4]  bench  AppendMsgSignedTxn                    74.9 ns/op   13.4 MB/s   0.000 B/op   0.000 allocs/op
  [2/4]  bench  AppendMsgSignedTxn                    75.2 ns/op   13.3 MB/s   0.000 B/op   0.000 allocs/op
  [3/4]  bench  AppendMsgSignedTxn                    75.1 ns/op   13.3 MB/s   0.000 B/op   0.000 allocs/op
  [4/4]  bench  AppendMsgSignedTxn                    75.2 ns/op ±0%   13.3 MB/s ±0%   0.000 B/op   0.000 allocs/op    3.85s
  [1/4]  bench  PaysetGroups                          5,658 ns/op   132,434 B/op   8.00 allocs/op
  [2/4]  bench  PaysetGroups                          5,620 ns/op   131,679 B/op   8.00 allocs/op
  [3/4]  bench  PaysetGroups                          5,606 ns/op   126,447 B/op   8.00 allocs/op
  [4/4]  bench  PaysetGroups                          5,596 ns/op ±1%   128,032 B/op ±7%   8.00 allocs/op    25.2s
  [1/4]  bench  Txn                                   41,304 ns/op   9,510 B/op   12.0 allocs/op
  [2/4]  bench  Txn                                   41,129 ns/op   9,507 B/op   12.0 allocs/op
  [3/4]  bench  Txn                                   41,051 ns/op   9,509 B/op   12.0 allocs/op
  [4/4]  bench  Txn                                   41,021 ns/op ±0%   9,511 B/op ±0%   12.0 allocs/op    9.05s
  [1/4]  bench  TxHandlerProcessing/processDecoded    9,964 ns/op   3,888 B/op   43.0 allocs/op
  [2/4]  bench  TxHandlerProcessing/processDecoded    10,064 ns/op   3,888 B/op   43.0 allocs/op
  [3/4]  bench  TxHandlerProcessing/processDecoded    10,090 ns/op   3,888 B/op   43.0 allocs/op
  [4/4]  bench  TxHandlerProcessing/processDecoded    10,069 ns/op ±1%   3,888 B/op   43.0 allocs/op    9.27s
  [1/4]  bench  TxHandlerProcessing/verify.TxnGroup   41,519 ns/op   11,744 B/op   16.0 allocs/op
  [2/4]  bench  TxHandlerProcessing/verify.TxnGroup   41,612 ns/op   11,744 B/op   16.0 allocs/op
  [3/4]  bench  TxHandlerProcessing/verify.TxnGroup   41,558 ns/op   11,744 B/op   16.0 allocs/op
  [4/4]  bench  TxHandlerProcessing/verify.TxnGroup   41,528 ns/op ±0%   11,744 B/op   16.0 allocs/op    6.52s
  [1/4]  bench  CompactDeltas/account-deltas          1,577,115 ns/op   4,170,268 B/op   18.0 allocs/op
  [2/4]  bench  CompactDeltas/account-deltas          1,490,875 ns/op   4,174,888 B/op   18.0 allocs/op
  [3/4]  bench  CompactDeltas/account-deltas          1,459,771 ns/op   4,175,044 B/op   18.0 allocs/op
  [4/4]  bench  CompactDeltas/account-deltas          1,450,590 ns/op ±6%   4,174,481 B/op ±0%   18.0 allocs/op    16.98s
