  [1/4]  bench  MerkleCommit/sha512_256/Item10/Count10  13,584 ns/op   6,086 B/op   107 allocs/op
  [2/4]  bench  MerkleCommit/sha512_256/Item10/Count10  13,415 ns/op   6,090 B/op   107 allocs/op
  [3/4]  bench  MerkleCommit/sha512_256/Item10/Count10  13,497 ns/op   6,088 B/op   107 allocs/op
  [4/4]  bench  MerkleCommit/sha512_256/Item10/Count10  13,514 ns/op ±2%   6,089 B/op ±0%   107 allocs/op    3.97s
  [1/4]  bench  MerkleCommit/sha512_256/Item10/Count100  52,968 ns/op   34,662 B/op   760 allocs/op
  [2/4]  bench  MerkleCommit/sha512_256/Item10/Count100  52,435 ns/op   34,674 B/op   761 allocs/op
  [3/4]  bench  MerkleCommit/sha512_256/Item10/Count100  52,639 ns/op   34,677 B/op   761 allocs/op
  [4/4]  bench  MerkleCommit/sha512_256/Item10/Count100  52,990 ns/op ±2%   34,673 B/op ±0%   761 allocs/op ±0%    5.22s
  [1/4]  bench  MerkleCommit/sha512_256/Item10/Count1000  250,207 ns/op   299,031 B/op   7,091 allocs/op
  [2/4]  bench  MerkleCommit/sha512_256/Item10/Count1000  250,058 ns/op   299,026 B/op   7,091 allocs/op
  [3/4]  bench  MerkleCommit/sha512_256/Item10/Count1000  250,263 ns/op   299,018 B/op   7,091 allocs/op
  [4/4]  bench  MerkleCommit/sha512_256/Item10/Count1000  250,026 ns/op ±0%   299,021 B/op ±0%   7,091 allocs/op    3.6s
  [1/4]  bench  MerkleCommit/sha512_256/Item10/Count10000  1,288,903 ns/op   2,920,367 B/op   70,181 allocs/op
  [2/4]  bench  MerkleCommit/sha512_256/Item10/Count10000  1,276,302 ns/op   2,920,444 B/op   70,182 allocs/op
  [3/4]  bench  MerkleCommit/sha512_256/Item10/Count10000  1,277,928 ns/op   2,920,392 B/op   70,181 allocs/op
  [4/4]  bench  MerkleCommit/sha512_256/Item10/Count10000  1,275,451 ns/op ±1%   2,920,451 B/op ±0%   70,182 allocs/op ±0%    3.98s
  [1/4]  bench  MerkleCommit/sha512_256/Item10/Count100000  7,716,378 ns/op   28,866,327 B/op   700,281 allocs/op
  [2/4]  bench  MerkleCommit/sha512_256/Item10/Count100000  7,805,777 ns/op   28,866,144 B/op   700,280 allocs/op
  [3/4]  bench  MerkleCommit/sha512_256/Item10/Count100000  7,770,380 ns/op   28,866,213 B/op   700,280 allocs/op
  [4/4]  bench  MerkleCommit/sha512_256/Item10/Count100000  7,753,415 ns/op ±1%   28,866,285 B/op ±0%   700,281 allocs/op ±0%    5.94s
  [1/4]  bench  MerkleCommit/sha512_256/Item1000/Count10  22,413 ns/op   16,255 B/op   108 allocs/op
  [2/4]  bench  MerkleCommit/sha512_256/Item1000/Count10  22,112 ns/op   16,257 B/op   108 allocs/op
  [3/4]  bench  MerkleCommit/sha512_256/Item1000/Count10  22,223 ns/op   16,256 B/op   108 allocs/op
  [4/4]  bench  MerkleCommit/sha512_256/Item1000/Count10  22,127 ns/op ±1%   16,257 B/op ±0%   108 allocs/op    4.25s
  [1/4]  bench  MerkleCommit/sha512_256/Item1000/Count100  95,337 ns/op   135,921 B/op   763 allocs/op
  [2/4]  bench  MerkleCommit/sha512_256/Item1000/Count100  95,670 ns/op   135,911 B/op   763 allocs/op
  [3/4]  bench  MerkleCommit/sha512_256/Item1000/Count100  95,907 ns/op   135,909 B/op   763 allocs/op
  [4/4]  bench  MerkleCommit/sha512_256/Item1000/Count100  95,519 ns/op ±1%   135,910 B/op ±0%   763 allocs/op    6.51s
  [1/4]  bench  MerkleCommit/sha512_256/Item1000/Count1000  485,311 ns/op   1,308,272 B/op   7,099 allocs/op
  [2/4]  bench  MerkleCommit/sha512_256/Item1000/Count1000  485,100 ns/op   1,308,318 B/op   7,100 allocs/op
  [3/4]  bench  MerkleCommit/sha512_256/Item1000/Count1000  487,312 ns/op   1,308,296 B/op   7,099 allocs/op
  [4/4]  bench  MerkleCommit/sha512_256/Item1000/Count1000  486,771 ns/op ±1%   1,308,314 B/op ±0%   7,100 allocs/op ±0%    3.78s
  [1/4]  bench  MerkleCommit/sha512_256/Item1000/Count10000  3,247,648 ns/op   13,000,866 B/op   70,184 allocs/op
  [2/4]  bench  MerkleCommit/sha512_256/Item1000/Count10000  3,290,566 ns/op   13,000,962 B/op   70,185 allocs/op
  [3/4]  bench  MerkleCommit/sha512_256/Item1000/Count10000  3,255,844 ns/op   13,000,895 B/op   70,185 allocs/op
  [4/4]  bench  MerkleCommit/sha512_256/Item1000/Count10000  3,258,483 ns/op ±2%   13,000,910 B/op ±0%   70,185 allocs/op ±0%    4.55s
  [1/4]  bench  MerkleCommit/sha512_256/Item1000/Count100000  26,439,894 ns/op   129,665,367 B/op   700,274 allocs/op
  [2/4]  bench  MerkleCommit/sha512_256/Item1000/Count100000  26,565,051 ns/op   129,665,579 B/op   700,276 allocs/op
  [3/4]  bench  MerkleCommit/sha512_256/Item1000/Count100000  26,706,657 ns/op   129,665,520 B/op   700,275 allocs/op
  [4/4]  bench  MerkleCommit/sha512_256/Item1000/Count100000  26,695,792 ns/op ±1%   129,665,632 B/op ±0%   700,276 allocs/op ±0%    3.64s
  [1/4]  bench  MerkleCommit/sha512_256/Item100000/Count10  325,976 ns/op   1,072,394 B/op   117 allocs/op
  [2/4]  bench  MerkleCommit/sha512_256/Item100000/Count10  325,737 ns/op   1,072,393 B/op   117 allocs/op
  [3/4]  bench  MerkleCommit/sha512_256/Item100000/Count10  324,975 ns/op   1,072,398 B/op   117 allocs/op
  [4/4]  bench  MerkleCommit/sha512_256/Item100000/Count10  324,866 ns/op ±0%   1,072,398 B/op ±0%   117 allocs/op    3.59s
  [1/4]  bench  MerkleCommit/sha512_256/Item100000/Count100  1,965,009 ns/op   10,685,869 B/op   781 allocs/op
  [2/4]  bench  MerkleCommit/sha512_256/Item100000/Count100  1,980,865 ns/op   10,685,843 B/op   781 allocs/op
  [3/4]  bench  MerkleCommit/sha512_256/Item100000/Count100  1,977,179 ns/op   10,685,850 B/op   781 allocs/op
  [4/4]  bench  MerkleCommit/sha512_256/Item100000/Count100  1,974,967 ns/op ±1%   10,685,837 B/op ±0%   781 allocs/op    4.23s
  [1/4]  bench  MerkleCommit/sha512_256/Item100000/Count1000  17,796,284 ns/op   106,782,480 B/op   7,111 allocs/op
  [2/4]  bench  MerkleCommit/sha512_256/Item100000/Count1000  17,933,927 ns/op   106,782,589 B/op   7,112 allocs/op
  [3/4]  bench  MerkleCommit/sha512_256/Item100000/Count1000  17,923,457 ns/op   106,782,565 B/op   7,112 allocs/op
  [4/4]  bench  MerkleCommit/sha512_256/Item100000/Count1000  17,928,283 ns/op ±1%   106,782,540 B/op ±0%   7,112 allocs/op ±0%    3.54s
  [1/4]  bench  MerkleCommit/sha512_256/Item100000/Count10000  162,838,083 ns/op   1,067,732,600 B/op   70,240 allocs/op
  [2/4]  bench  MerkleCommit/sha512_256/Item100000/Count10000  164,331,717 ns/op   1,067,732,842 B/op   70,242 allocs/op
  [3/4]  bench  MerkleCommit/sha512_256/Item100000/Count10000  164,646,464 ns/op   1,067,733,060 B/op   70,245 allocs/op
  [4/4]  bench  MerkleCommit/sha512_256/Item100000/Count10000  165,091,589 ns/op ±1%   1,067,733,332 B/op ±0%   70,248 allocs/op ±0%    3.96s
  [1/4]  bench  MerkleCommit/sha512_256/Item100000/Count100000  1,284,876,166 ns/op   10,676,923,608 B/op   700,535 allocs/op
  [2/4]  bench  MerkleCommit/sha512_256/Item100000/Count100000  1,306,915,021 ns/op   10,676,924,184 B/op   700,537 allocs/op
  [3/4]  bench  MerkleCommit/sha512_256/Item100000/Count100000  1,324,930,153 ns/op   10,676,928,211 B/op   700,554 allocs/op
  [4/4]  bench  MerkleCommit/sha512_256/Item100000/Count100000  1,346,049,563 ns/op ±5%   10,676,928,828 B/op ±0%   700,547 allocs/op ±0%    4.1s
  [1/4]  bench  MerkleCommit/sumhash/Item10/Count10   51,196 ns/op   16,791 B/op   217 allocs/op
  [2/4]  bench  MerkleCommit/sumhash/Item10/Count10   50,755 ns/op   16,796 B/op   217 allocs/op
  [3/4]  bench  MerkleCommit/sumhash/Item10/Count10   50,699 ns/op   16,795 B/op   217 allocs/op
  [4/4]  bench  MerkleCommit/sumhash/Item10/Count10   50,775 ns/op ±1%   16,794 B/op ±0%   217 allocs/op    5.14s
  [1/4]  bench  MerkleCommit/sumhash/Item10/Count100  237,764 ns/op   134,885 B/op   1,723 allocs/op
  [2/4]  bench  MerkleCommit/sumhash/Item10/Count100  237,294 ns/op   134,885 B/op   1,723 allocs/op
  [3/4]  bench  MerkleCommit/sumhash/Item10/Count100  238,596 ns/op   134,861 B/op   1,723 allocs/op
  [4/4]  bench  MerkleCommit/sumhash/Item10/Count100  238,230 ns/op ±1%   134,862 B/op ±0%   1,723 allocs/op ±0%    3.7s
  [1/4]  bench  MerkleCommit/sumhash/Item10/Count1000  1,078,281 ns/op   1,268,748 B/op   16,240 allocs/op
  [2/4]  bench  MerkleCommit/sumhash/Item10/Count1000  1,075,168 ns/op   1,268,788 B/op   16,241 allocs/op
  [3/4]  bench  MerkleCommit/sumhash/Item10/Count1000  1,079,865 ns/op   1,268,732 B/op   16,240 allocs/op
  [4/4]  bench  MerkleCommit/sumhash/Item10/Count1000  1,076,219 ns/op ±1%   1,268,779 B/op ±0%   16,241 allocs/op ±0%    3.94s
  [1/4]  bench  MerkleCommit/sumhash/Item10/Count10000  6,483,178 ns/op   12,538,082 B/op   160,467 allocs/op
  [2/4]  bench  MerkleCommit/sumhash/Item10/Count10000  6,499,089 ns/op   12,538,046 B/op   160,467 allocs/op
  [3/4]  bench  MerkleCommit/sumhash/Item10/Count10000  6,463,629 ns/op   12,538,183 B/op   160,468 allocs/op
  [4/4]  bench  MerkleCommit/sumhash/Item10/Count10000  6,466,418 ns/op ±1%   12,538,176 B/op ±0%   160,468 allocs/op ±0%    5.56s
  [1/4]  bench  MerkleCommit/sumhash/Item10/Count100000  50,091,790 ns/op   124,885,621 B/op   1,600,650 allocs/op
  [2/4]  bench  MerkleCommit/sumhash/Item10/Count100000  51,089,107 ns/op   124,885,614 B/op   1,600,650 allocs/op
  [3/4]  bench  MerkleCommit/sumhash/Item10/Count100000  50,671,417 ns/op   124,885,679 B/op   1,600,651 allocs/op
  [4/4]  bench  MerkleCommit/sumhash/Item10/Count100000  50,978,118 ns/op ±2%   124,885,397 B/op ±0%   1,600,648 allocs/op ±0%    3.74s
  [1/4]  bench  MerkleCommit/sumhash/Item1000/Count10  104,035 ns/op   28,635 B/op   232 allocs/op
  [2/4]  bench  MerkleCommit/sumhash/Item1000/Count10  104,904 ns/op   28,634 B/op   232 allocs/op
  [3/4]  bench  MerkleCommit/sumhash/Item1000/Count10  105,623 ns/op   28,634 B/op   232 allocs/op
  [4/4]  bench  MerkleCommit/sumhash/Item1000/Count10  105,674 ns/op ±1%   28,636 B/op ±0%   232 allocs/op ±0%    3.22s
  [1/4]  bench  MerkleCommit/sumhash/Item1000/Count100  457,706 ns/op   250,130 B/op   1,843 allocs/op
  [2/4]  bench  MerkleCommit/sumhash/Item1000/Count100  456,264 ns/op   250,177 B/op   1,844 allocs/op
  [3/4]  bench  MerkleCommit/sumhash/Item1000/Count100  456,662 ns/op   250,165 B/op   1,843 allocs/op
  [4/4]  bench  MerkleCommit/sumhash/Item1000/Count100  456,390 ns/op ±0%   250,179 B/op ±0%   1,844 allocs/op ±0%    3.74s
  [1/4]  bench  MerkleCommit/sumhash/Item1000/Count1000  2,552,812 ns/op   2,406,217 B/op   17,258 allocs/op
  [2/4]  bench  MerkleCommit/sumhash/Item1000/Count1000  2,523,578 ns/op   2,406,401 B/op   17,260 allocs/op
  [3/4]  bench  MerkleCommit/sumhash/Item1000/Count1000  2,531,426 ns/op   2,406,361 B/op   17,260 allocs/op
  [4/4]  bench  MerkleCommit/sumhash/Item1000/Count1000  2,524,076 ns/op ±1%   2,406,409 B/op ±0%   17,260 allocs/op ±0%    4.37s
  [1/4]  bench  MerkleCommit/sumhash/Item1000/Count10000  19,941,821 ns/op   23,898,317 B/op   170,469 allocs/op
  [2/4]  bench  MerkleCommit/sumhash/Item1000/Count10000  19,743,878 ns/op   23,898,610 B/op   170,473 allocs/op
  [3/4]  bench  MerkleCommit/sumhash/Item1000/Count10000  19,675,774 ns/op   23,898,587 B/op   170,472 allocs/op
  [4/4]  bench  MerkleCommit/sumhash/Item1000/Count10000  19,735,290 ns/op ±1%   23,898,560 B/op ±0%   170,472 allocs/op ±0%    3.6s
  [1/4]  bench  MerkleCommit/sumhash/Item1000/Count100000  172,788,951 ns/op   238,487,485 B/op   1,700,666 allocs/op
  [2/4]  bench  MerkleCommit/sumhash/Item1000/Count100000  174,868,403 ns/op   238,486,733 B/op   1,700,658 allocs/op
  [3/4]  bench  MerkleCommit/sumhash/Item1000/Count100000  174,310,516 ns/op   238,486,732 B/op   1,700,658 allocs/op
  [4/4]  bench  MerkleCommit/sumhash/Item1000/Count100000  175,387,337 ns/op ±2%   238,486,314 B/op ±0%   1,700,653 allocs/op ±0%    3.7s
  [1/4]  bench  MerkleCommit/sumhash/Item100000/Count10  2,037,980 ns/op   1,085,597 B/op   259 allocs/op
  [2/4]  bench  MerkleCommit/sumhash/Item100000/Count10  2,060,454 ns/op   1,085,594 B/op   259 allocs/op
  [3/4]  bench  MerkleCommit/sumhash/Item100000/Count10  2,048,889 ns/op   1,085,599 B/op   259 allocs/op
  [4/4]  bench  MerkleCommit/sumhash/Item100000/Count10  2,056,732 ns/op ±1%   1,085,597 B/op ±0%   259 allocs/op    4.27s
  [1/4]  bench  MerkleCommit/sumhash/Item100000/Count100  14,699,697 ns/op   10,798,612 B/op   1,857 allocs/op
  [2/4]  bench  MerkleCommit/sumhash/Item100000/Count100  14,885,020 ns/op   10,798,613 B/op   1,857 allocs/op
  [3/4]  bench  MerkleCommit/sumhash/Item100000/Count100  14,887,024 ns/op   10,798,656 B/op   1,857 allocs/op
  [4/4]  bench  MerkleCommit/sumhash/Item100000/Count100  14,873,831 ns/op ±1%   10,798,674 B/op ±0%   1,857 allocs/op ±0%    3.54s
  [1/4]  bench  MerkleCommit/sumhash/Item100000/Count1000  133,139,844 ns/op   107,878,382 B/op   17,254 allocs/op
  [2/4]  bench  MerkleCommit/sumhash/Item100000/Count1000  131,774,870 ns/op   107,878,607 B/op   17,256 allocs/op
  [3/4]  bench  MerkleCommit/sumhash/Item100000/Count1000  132,391,575 ns/op   107,878,610 B/op   17,256 allocs/op
  [4/4]  bench  MerkleCommit/sumhash/Item100000/Count1000  132,039,297 ns/op ±1%   107,878,646 B/op ±0%   17,256 allocs/op ±0%    3.56s
  [1/4]  bench  MerkleCommit/sumhash/Item100000/Count10000  1,283,137,750 ns/op   1,078,626,408 B/op   170,501 allocs/op
  [2/4]  bench  MerkleCommit/sumhash/Item100000/Count10000  1,268,138,354 ns/op   1,078,626,016 B/op   170,498 allocs/op
  [3/4]  bench  MerkleCommit/sumhash/Item100000/Count10000  1,263,867,819 ns/op   1,078,624,051 B/op   170,472 allocs/op
  [4/4]  bench  MerkleCommit/sumhash/Item100000/Count10000  1,268,310,021 ns/op ±1%   1,078,623,032 B/op ±0%   170,462 allocs/op ±0%    3.79s
  [1/4]  bench  MerkleCommit/sumhash/Item100000/Count100000  12,392,930,125 ns/op   10,785,726,648 B/op   1,700,754 allocs/op
  [2/4]  bench  MerkleCommit/sumhash/Item100000/Count100000  12,412,026,854 ns/op   10,785,730,400 B/op   1,700,778 allocs/op
  [3/4]  bench  MerkleCommit/sumhash/Item100000/Count100000  12,392,502,972 ns/op   10,785,730,435 B/op   1,700,783 allocs/op
  [4/4]  bench  MerkleCommit/sumhash/Item100000/Count100000  12,361,189,521 ns/op ±1%   10,785,729,548 B/op ±0%   1,700,773 allocs/op ±0%    37.05s
  [1/4]  bench  MerkleCommit/sha256/Item10/Count10    7,542 ns/op   5,511 B/op   107 allocs/op
  [2/4]  bench  MerkleCommit/sha256/Item10/Count10    7,608 ns/op   5,511 B/op   107 allocs/op
  [3/4]  bench  MerkleCommit/sha256/Item10/Count10    7,630 ns/op   5,511 B/op   107 allocs/op
  [4/4]  bench  MerkleCommit/sha256/Item10/Count10    7,667 ns/op ±2%   5,511 B/op   107 allocs/op    3.84s
  [1/4]  bench  MerkleCommit/sha256/Item10/Count100   38,940 ns/op   33,488 B/op   759 allocs/op
  [2/4]  bench  MerkleCommit/sha256/Item10/Count100   38,201 ns/op   33,496 B/op   759 allocs/op
  [3/4]  bench  MerkleCommit/sha256/Item10/Count100   38,477 ns/op   33,493 B/op   759 allocs/op
  [4/4]  bench  MerkleCommit/sha256/Item10/Count100   38,201 ns/op ±2%   33,494 B/op ±0%   759 allocs/op    4.78s
  [1/4]  bench  MerkleCommit/sha256/Item10/Count1000  204,441 ns/op   296,338 B/op   7,086 allocs/op
  [2/4]  bench  MerkleCommit/sha256/Item10/Count1000  202,274 ns/op   296,343 B/op   7,086 allocs/op
  [3/4]  bench  MerkleCommit/sha256/Item10/Count1000  202,979 ns/op   296,339 B/op   7,086 allocs/op
  [4/4]  bench  MerkleCommit/sha256/Item10/Count1000  202,338 ns/op ±1%   296,342 B/op ±0%   7,086 allocs/op    3.65s
  [1/4]  bench  MerkleCommit/sha256/Item10/Count10000  1,062,816 ns/op   2,914,246 B/op   70,172 allocs/op
  [2/4]  bench  MerkleCommit/sha256/Item10/Count10000  1,056,122 ns/op   2,914,305 B/op   70,173 allocs/op
  [3/4]  bench  MerkleCommit/sha256/Item10/Count10000  1,058,926 ns/op   2,914,274 B/op   70,172 allocs/op
  [4/4]  bench  MerkleCommit/sha256/Item10/Count10000  1,057,049 ns/op ±1%   2,914,286 B/op ±0%   70,173 allocs/op ±0%    3.94s
  [1/4]  bench  MerkleCommit/sha256/Item10/Count100000  6,773,200 ns/op   28,855,514 B/op   700,266 allocs/op
  [2/4]  bench  MerkleCommit/sha256/Item10/Count100000  6,745,139 ns/op   28,855,643 B/op   700,268 allocs/op
  [3/4]  bench  MerkleCommit/sha256/Item10/Count100000  6,708,534 ns/op   28,855,720 B/op   700,268 allocs/op
  [4/4]  bench  MerkleCommit/sha256/Item10/Count100000  6,719,207 ns/op ±1%   28,855,711 B/op ±0%   700,268 allocs/op ±0%    5.62s
  [1/4]  bench  MerkleCommit/sha256/Item1000/Count10  15,070 ns/op   15,648 B/op   107 allocs/op
  [2/4]  bench  MerkleCommit/sha256/Item1000/Count10  14,902 ns/op   15,647 B/op   107 allocs/op
  [3/4]  bench  MerkleCommit/sha256/Item1000/Count10  14,941 ns/op   15,647 B/op   107 allocs/op
  [4/4]  bench  MerkleCommit/sha256/Item1000/Count10  14,887 ns/op ±1%   15,647 B/op ±0%   107 allocs/op    4.08s
  [1/4]  bench  MerkleCommit/sha256/Item1000/Count100  73,792 ns/op   134,522 B/op   761 allocs/op
  [2/4]  bench  MerkleCommit/sha256/Item1000/Count100  73,065 ns/op   134,524 B/op   761 allocs/op
  [3/4]  bench  MerkleCommit/sha256/Item1000/Count100  73,249 ns/op   134,523 B/op   761 allocs/op
  [4/4]  bench  MerkleCommit/sha256/Item1000/Count100  73,080 ns/op ±1%   134,522 B/op ±0%   761 allocs/op    5.82s
  [1/4]  bench  MerkleCommit/sha256/Item1000/Count1000  401,154 ns/op   1,305,313 B/op   7,095 allocs/op
  [2/4]  bench  MerkleCommit/sha256/Item1000/Count1000  404,499 ns/op   1,305,296 B/op   7,095 allocs/op
  [3/4]  bench  MerkleCommit/sha256/Item1000/Count1000  403,953 ns/op   1,305,299 B/op   7,095 allocs/op
  [4/4]  bench  MerkleCommit/sha256/Item1000/Count1000  403,513 ns/op ±1%   1,305,300 B/op ±0%   7,095 allocs/op    3.73s
  [1/4]  bench  MerkleCommit/sha256/Item1000/Count10000  2,902,092 ns/op   12,995,155 B/op   70,180 allocs/op
  [2/4]  bench  MerkleCommit/sha256/Item1000/Count10000  2,835,589 ns/op   12,995,023 B/op   70,179 allocs/op
  [3/4]  bench  MerkleCommit/sha256/Item1000/Count10000  2,831,968 ns/op   12,995,050 B/op   70,179 allocs/op
  [4/4]  bench  MerkleCommit/sha256/Item1000/Count10000  2,827,862 ns/op ±2%   12,995,033 B/op ±0%   70,179 allocs/op ±0%    4.55s
  [1/4]  bench  MerkleCommit/sha256/Item1000/Count100000  23,686,924 ns/op   129,655,970 B/op   700,268 allocs/op
  [2/4]  bench  MerkleCommit/sha256/Item1000/Count100000  23,718,788 ns/op   129,655,989 B/op   700,268 allocs/op
  [3/4]  bench  MerkleCommit/sha256/Item1000/Count100000  23,793,449 ns/op   129,655,940 B/op   700,268 allocs/op
  [4/4]  bench  MerkleCommit/sha256/Item1000/Count100000  23,802,534 ns/op ±1%   129,656,020 B/op ±0%   700,269 allocs/op ±0%    3.6s
  [1/4]  bench  MerkleCommit/sha256/Item100000/Count10  228,759 ns/op   1,071,219 B/op   115 allocs/op
  [2/4]  bench  MerkleCommit/sha256/Item100000/Count10  227,294 ns/op   1,071,222 B/op   115 allocs/op
  [3/4]  bench  MerkleCommit/sha256/Item100000/Count10  228,279 ns/op   1,071,220 B/op   115 allocs/op
  [4/4]  bench  MerkleCommit/sha256/Item100000/Count10  227,638 ns/op ±1%   1,071,222 B/op ±0%   115 allocs/op    3.62s
  [1/4]  bench  MerkleCommit/sha256/Item100000/Count100  1,504,294 ns/op   10,683,653 B/op   779 allocs/op
  [2/4]  bench  MerkleCommit/sha256/Item100000/Count100  1,499,726 ns/op   10,683,655 B/op   779 allocs/op
  [3/4]  bench  MerkleCommit/sha256/Item100000/Count100  1,508,316 ns/op   10,683,656 B/op   779 allocs/op
  [4/4]  bench  MerkleCommit/sha256/Item100000/Count100  1,497,551 ns/op ±2%   10,683,656 B/op ±0%   779 allocs/op    4.06s
  [1/4]  bench  MerkleCommit/sha256/Item100000/Count1000  14,218,656 ns/op   106,779,331 B/op   7,108 allocs/op
  [2/4]  bench  MerkleCommit/sha256/Item100000/Count1000  14,177,908 ns/op   106,779,228 B/op   7,107 allocs/op
  [3/4]  bench  MerkleCommit/sha256/Item100000/Count1000  14,107,427 ns/op   106,779,278 B/op   7,108 allocs/op
  [4/4]  bench  MerkleCommit/sha256/Item100000/Count1000  14,146,456 ns/op ±1%   106,779,260 B/op ±0%   7,108 allocs/op ±0%    3.42s
  [1/4]  bench  MerkleCommit/sha256/Item100000/Count10000  131,022,984 ns/op   1,067,725,548 B/op   70,222 allocs/op
  [2/4]  bench  MerkleCommit/sha256/Item100000/Count10000  132,364,688 ns/op   1,067,725,544 B/op   70,222 allocs/op
  [3/4]  bench  MerkleCommit/sha256/Item100000/Count10000  132,143,667 ns/op   1,067,725,481 B/op   70,221 allocs/op
  [4/4]  bench  MerkleCommit/sha256/Item100000/Count10000  131,660,831 ns/op ±1%   1,067,725,573 B/op ±0%   70,222 allocs/op ±0%    3.56s
  [1/4]  bench  MerkleCommit/sha256/Item100000/Count100000  1,140,535,208 ns/op   10,676,912,664 B/op   700,443 allocs/op
  [2/4]  bench  MerkleCommit/sha256/Item100000/Count100000  1,138,739,021 ns/op   10,676,919,560 B/op   700,504 allocs/op
  [3/4]  bench  MerkleCommit/sha256/Item100000/Count100000  1,135,387,805 ns/op   10,676,918,648 B/op   700,498 allocs/op
  [4/4]  bench  MerkleCommit/sha256/Item100000/Count100000  1,131,150,521 ns/op ±1%   10,676,920,640 B/op ±0%   700,517 allocs/op ±0%    3.38s
  [1/4]  bench  AppendMsgBlockHeader                  36.3 ns/op   27.5 MB/s   0.000 B/op   0.000 allocs/op
  [2/4]  bench  AppendMsgBlockHeader                  36.5 ns/op   27.4 MB/s   0.000 B/op   0.000 allocs/op
  [3/4]  bench  AppendMsgBlockHeader                  36.4 ns/op   27.5 MB/s   0.000 B/op   0.000 allocs/op
  [4/4]  bench  AppendMsgBlockHeader                  36.6 ns/op ±1%   27.3 MB/s ±1%   0.000 B/op   0.000 allocs/op    3.75s
  [1/4]  bench  AppendMsgSignedTxn                    76.5 ns/op   13.1 MB/s   0.000 B/op   0.000 allocs/op
  [2/4]  bench  AppendMsgSignedTxn                    75.7 ns/op   13.2 MB/s   0.000 B/op   0.000 allocs/op
  [3/4]  bench  AppendMsgSignedTxn                    75.6 ns/op   13.2 MB/s   0.000 B/op   0.000 allocs/op
  [4/4]  bench  AppendMsgSignedTxn                    75.4 ns/op ±1%   13.3 MB/s ±1%   0.000 B/op   0.000 allocs/op    3.83s
  [1/4]  bench  PaysetGroups                          5,812 ns/op   127,349 B/op   8.00 allocs/op
  [2/4]  bench  PaysetGroups                          5,694 ns/op   119,041 B/op   8.00 allocs/op
  [3/4]  bench  PaysetGroups                          5,669 ns/op   117,881 B/op   8.00 allocs/op
  [4/4]  bench  PaysetGroups                          5,668 ns/op ±2%   120,514 B/op ±7%   8.00 allocs/op    23.54s
  [1/4]  bench  Txn                                   41,380 ns/op   7,901 B/op   8.00 allocs/op
  [2/4]  bench  Txn                                   41,357 ns/op   7,907 B/op   8.00 allocs/op
  [3/4]  bench  Txn                                   41,335 ns/op   7,905 B/op   8.00 allocs/op
  [4/4]  bench  Txn                                   41,251 ns/op ±0%   7,905 B/op ±0%   8.00 allocs/op    9.08s
  [1/4]  bench  TxHandlerProcessing/processDecoded    10,540 ns/op   3,912 B/op   44.0 allocs/op
  [2/4]  bench  TxHandlerProcessing/processDecoded    10,606 ns/op   3,912 B/op   44.0 allocs/op
  [3/4]  bench  TxHandlerProcessing/processDecoded    10,610 ns/op   3,912 B/op   44.0 allocs/op
  [4/4]  bench  TxHandlerProcessing/processDecoded    10,603 ns/op ±1%   3,912 B/op   44.0 allocs/op    9.01s
  [1/4]  bench  TxHandlerProcessing/verify.TxnGroup   41,641 ns/op   11,744 B/op   16.0 allocs/op
  [2/4]  bench  TxHandlerProcessing/verify.TxnGroup   41,535 ns/op   11,744 B/op   16.0 allocs/op
  [3/4]  bench  TxHandlerProcessing/verify.TxnGroup   41,440 ns/op   11,744 B/op   16.0 allocs/op
  [4/4]  bench  TxHandlerProcessing/verify.TxnGroup   41,516 ns/op ±1%   11,744 B/op   16.0 allocs/op    6.51s
  [1/4]  bench  CompactDeltas/account-deltas          1,607,877 ns/op   4,167,273 B/op   18.0 allocs/op
  [2/4]  bench  CompactDeltas/account-deltas          1,516,825 ns/op   4,170,033 B/op   18.0 allocs/op
  [3/4]  bench  CompactDeltas/account-deltas          1,487,784 ns/op   4,171,636 B/op   18.0 allocs/op
  [4/4]  bench  CompactDeltas/account-deltas          1,468,411 ns/op ±7%   4,174,131 B/op ±0%   18.0 allocs/op    17.02s
