  [1/4]  bench  MerkleCommit/sha512_256/Item10/Count10  13,635 ns/op   6,089 B/op   107 allocs/op
  [2/4]  bench  MerkleCommit/sha512_256/Item10/Count10  13,530 ns/op   6,091 B/op   107 allocs/op
  [3/4]  bench  MerkleCommit/sha512_256/Item10/Count10  13,562 ns/op   6,089 B/op   107 allocs/op
  [4/4]  bench  MerkleCommit/sha512_256/Item10/Count10  13,558 ns/op ±1%   6,090 B/op ±0%   107 allocs/op    4.03s
  [1/4]  bench  MerkleCommit/sha512_256/Item10/Count100  53,852 ns/op   34,685 B/op   761 allocs/op
  [2/4]  bench  MerkleCommit/sha512_256/Item10/Count100  53,917 ns/op   34,675 B/op   761 allocs/op
  [3/4]  bench  MerkleCommit/sha512_256/Item10/Count100  53,725 ns/op   34,677 B/op   761 allocs/op
  [4/4]  bench  MerkleCommit/sha512_256/Item10/Count100  53,561 ns/op ±1%   34,673 B/op ±0%   761 allocs/op ±0%    5.23s
  [1/4]  bench  MerkleCommit/sha512_256/Item10/Count1000  249,276 ns/op   299,030 B/op   7,091 allocs/op
  [2/4]  bench  MerkleCommit/sha512_256/Item10/Count1000  250,520 ns/op   299,015 B/op   7,091 allocs/op
  [3/4]  bench  MerkleCommit/sha512_256/Item10/Count1000  250,211 ns/op   299,023 B/op   7,091 allocs/op
  [4/4]  bench  MerkleCommit/sha512_256/Item10/Count1000  250,986 ns/op ±1%   299,016 B/op ±0%   7,091 allocs/op    3.72s
  [1/4]  bench  MerkleCommit/sha512_256/Item10/Count10000  1,255,875 ns/op   2,920,533 B/op   70,182 allocs/op
  [2/4]  bench  MerkleCommit/sha512_256/Item10/Count10000  1,264,814 ns/op   2,920,427 B/op   70,182 allocs/op
  [3/4]  bench  MerkleCommit/sha512_256/Item10/Count10000  1,263,319 ns/op   2,920,468 B/op   70,182 allocs/op
  [4/4]  bench  MerkleCommit/sha512_256/Item10/Count10000  1,267,996 ns/op ±1%   2,920,430 B/op ±0%   70,182 allocs/op ±0%    4.03s
  [1/4]  bench  MerkleCommit/sha512_256/Item10/Count100000  7,649,464 ns/op   28,866,439 B/op   700,282 allocs/op
  [2/4]  bench  MerkleCommit/sha512_256/Item10/Count100000  7,643,916 ns/op   28,866,479 B/op   700,282 allocs/op
  [3/4]  bench  MerkleCommit/sha512_256/Item10/Count100000  7,673,741 ns/op   28,866,304 B/op   700,281 allocs/op
  [4/4]  bench  MerkleCommit/sha512_256/Item10/Count100000  7,682,780 ns/op ±1%   28,866,287 B/op ±0%   700,281 allocs/op ±0%    5.89s
  [1/4]  bench  MerkleCommit/sha512_256/Item1000/Count10  22,247 ns/op   16,258 B/op   108 allocs/op
  [2/4]  bench  MerkleCommit/sha512_256/Item1000/Count10  22,146 ns/op   16,258 B/op   108 allocs/op
  [3/4]  bench  MerkleCommit/sha512_256/Item1000/Count10  22,156 ns/op   16,258 B/op   108 allocs/op
  [4/4]  bench  MerkleCommit/sha512_256/Item1000/Count10  22,148 ns/op ±0%   16,258 B/op ±0%   108 allocs/op    4.25s
  [1/4]  bench  MerkleCommit/sha512_256/Item1000/Count100  94,597 ns/op   135,923 B/op   763 allocs/op
  [2/4]  bench  MerkleCommit/sha512_256/Item1000/Count100  94,545 ns/op   135,928 B/op   764 allocs/op
  [3/4]  bench  MerkleCommit/sha512_256/Item1000/Count100  95,261 ns/op   135,915 B/op   763 allocs/op
  [4/4]  bench  MerkleCommit/sha512_256/Item1000/Count100  95,428 ns/op ±1%   135,906 B/op ±0%   763 allocs/op ±0%    6.5s
  [1/4]  bench  MerkleCommit/sha512_256/Item1000/Count1000  481,700 ns/op   1,308,369 B/op   7,100 allocs/op
  [2/4]  bench  MerkleCommit/sha512_256/Item1000/Count1000  484,772 ns/op   1,308,326 B/op   7,100 allocs/op
  [3/4]  bench  MerkleCommit/sha512_256/Item1000/Count1000  483,974 ns/op   1,308,334 B/op   7,099 allocs/op
  [4/4]  bench  MerkleCommit/sha512_256/Item1000/Count1000  483,367 ns/op ±1%   1,308,342 B/op ±0%   7,099 allocs/op ±0%    3.77s
  [1/4]  bench  MerkleCommit/sha512_256/Item1000/Count10000  3,292,430 ns/op   13,001,118 B/op   70,186 allocs/op
  [2/4]  bench  MerkleCommit/sha512_256/Item1000/Count10000  3,264,506 ns/op   13,001,002 B/op   70,186 allocs/op
  [3/4]  bench  MerkleCommit/sha512_256/Item1000/Count10000  3,288,572 ns/op   13,001,055 B/op   70,186 allocs/op
  [4/4]  bench  MerkleCommit/sha512_256/Item1000/Count10000  3,305,034 ns/op ±2%   13,000,999 B/op ±0%   70,185 allocs/op ±0%    4.58s
  [1/4]  bench  MerkleCommit/sha512_256/Item1000/Count100000  26,595,679 ns/op   129,665,721 B/op   700,275 allocs/op
  [2/4]  bench  MerkleCommit/sha512_256/Item1000/Count100000  26,681,585 ns/op   129,665,422 B/op   700,274 allocs/op
  [3/4]  bench  MerkleCommit/sha512_256/Item1000/Count100000  26,588,211 ns/op   129,665,417 B/op   700,274 allocs/op
  [4/4]  bench  MerkleCommit/sha512_256/Item1000/Count100000  26,560,168 ns/op ±1%   129,665,547 B/op ±0%   700,275 allocs/op ±0%    3.46s
  [1/4]  bench  MerkleCommit/sha512_256/Item100000/Count10  325,271 ns/op   1,072,386 B/op   117 allocs/op
  [2/4]  bench  MerkleCommit/sha512_256/Item100000/Count10  323,560 ns/op   1,072,404 B/op   117 allocs/op
  [3/4]  bench  MerkleCommit/sha512_256/Item100000/Count10  324,074 ns/op   1,072,399 B/op   117 allocs/op
  [4/4]  bench  MerkleCommit/sha512_256/Item100000/Count10  322,665 ns/op ±1%   1,072,396 B/op ±0%   117 allocs/op    3.69s
  [1/4]  bench  MerkleCommit/sha512_256/Item100000/Count100  1,982,470 ns/op   10,685,830 B/op   781 allocs/op
  [2/4]  bench  MerkleCommit/sha512_256/Item100000/Count100  1,962,224 ns/op   10,685,851 B/op   781 allocs/op
  [3/4]  bench  MerkleCommit/sha512_256/Item100000/Count100  1,968,536 ns/op   10,685,850 B/op   781 allocs/op
  [4/4]  bench  MerkleCommit/sha512_256/Item100000/Count100  1,963,009 ns/op ±1%   10,685,857 B/op ±0%   781 allocs/op    4.21s
  [1/4]  bench  MerkleCommit/sha512_256/Item100000/Count1000  17,923,337 ns/op   106,782,441 B/op   7,110 allocs/op
  [2/4]  bench  MerkleCommit/sha512_256/Item100000/Count1000  17,837,004 ns/op   106,782,551 B/op   7,111 allocs/op
  [3/4]  bench  MerkleCommit/sha512_256/Item100000/Count1000  17,754,675 ns/op   106,782,562 B/op   7,111 allocs/op
  [4/4]  bench  MerkleCommit/sha512_256/Item100000/Count1000  17,787,381 ns/op ±1%   106,782,607 B/op ±0%   7,112 allocs/op ±0%    3.6s
  [1/4]  bench  MerkleCommit/sha512_256/Item100000/Count10000  162,892,661 ns/op   1,067,733,173 B/op   70,247 allocs/op
  [2/4]  bench  MerkleCommit/sha512_256/Item100000/Count10000  164,357,616 ns/op   1,067,733,178 B/op   70,248 allocs/op
  [3/4]  bench  MerkleCommit/sha512_256/Item100000/Count10000  166,964,696 ns/op   1,067,732,285 B/op   70,239 allocs/op
  [4/4]  bench  MerkleCommit/sha512_256/Item100000/Count10000  167,377,212 ns/op ±3%   1,067,732,678 B/op ±0%   70,242 allocs/op ±0%    3.87s
  [1/4]  bench  MerkleCommit/sha512_256/Item100000/Count100000  1,361,272,250 ns/op   10,676,937,560 B/op   700,603 allocs/op
  [2/4]  bench  MerkleCommit/sha512_256/Item100000/Count100000  1,375,632,354 ns/op   10,676,937,600 B/op   700,608 allocs/op
  [3/4]  bench  MerkleCommit/sha512_256/Item100000/Count100000  1,373,026,042 ns/op   10,676,937,912 B/op   700,607 allocs/op
  [4/4]  bench  MerkleCommit/sha512_256/Item100000/Count100000  1,351,116,458 ns/op ±4%   10,676,932,840 B/op ±0%   700,581 allocs/op ±0%    4.04s
  [1/4]  bench  MerkleCommit/sumhash/Item10/Count10   50,673 ns/op   16,772 B/op   216 allocs/op
  [2/4]  bench  MerkleCommit/sumhash/Item10/Count10   50,166 ns/op   16,782 B/op   217 allocs/op
  [3/4]  bench  MerkleCommit/sumhash/Item10/Count10   49,833 ns/op   16,789 B/op   217 allocs/op
  [4/4]  bench  MerkleCommit/sumhash/Item10/Count10   49,896 ns/op ±2%   16,788 B/op ±0%   217 allocs/op ±0%    5.1s
  [1/4]  bench  MerkleCommit/sumhash/Item10/Count100  235,008 ns/op   134,842 B/op   1,723 allocs/op
  [2/4]  bench  MerkleCommit/sumhash/Item10/Count100  236,261 ns/op   134,824 B/op   1,723 allocs/op
  [3/4]  bench  MerkleCommit/sumhash/Item10/Count100  236,332 ns/op   134,818 B/op   1,722 allocs/op
  [4/4]  bench  MerkleCommit/sumhash/Item10/Count100  236,082 ns/op ±1%   134,821 B/op ±0%   1,722 allocs/op ±0%    3.63s
  [1/4]  bench  MerkleCommit/sumhash/Item10/Count1000  1,079,228 ns/op   1,268,702 B/op   16,240 allocs/op
  [2/4]  bench  MerkleCommit/sumhash/Item10/Count1000  1,071,247 ns/op   1,268,779 B/op   16,241 allocs/op
  [3/4]  bench  MerkleCommit/sumhash/Item10/Count1000  1,069,945 ns/op   1,268,761 B/op   16,241 allocs/op
  [4/4]  bench  MerkleCommit/sumhash/Item10/Count1000  1,068,718 ns/op ±1%   1,268,782 B/op ±0%   16,241 allocs/op ±0%    3.92s
  [1/4]  bench  MerkleCommit/sumhash/Item10/Count10000  6,378,105 ns/op   12,538,427 B/op   160,471 allocs/op
  [2/4]  bench  MerkleCommit/sumhash/Item10/Count10000  6,392,695 ns/op   12,538,089 B/op   160,467 allocs/op
  [3/4]  bench  MerkleCommit/sumhash/Item10/Count10000  6,381,118 ns/op   12,538,248 B/op   160,469 allocs/op
  [4/4]  bench  MerkleCommit/sumhash/Item10/Count10000  6,369,796 ns/op ±1%   12,538,271 B/op ±0%   160,469 allocs/op ±0%    5.5s
  [1/4]  bench  MerkleCommit/sumhash/Item10/Count100000  49,661,625 ns/op   124,886,113 B/op   1,600,656 allocs/op
  [2/4]  bench  MerkleCommit/sumhash/Item10/Count100000  50,354,602 ns/op   124,885,698 B/op   1,600,651 allocs/op
  [3/4]  bench  MerkleCommit/sumhash/Item10/Count100000  50,143,484 ns/op   124,885,811 B/op   1,600,652 allocs/op
  [4/4]  bench  MerkleCommit/sumhash/Item10/Count100000  50,503,547 ns/op ±2%   124,885,648 B/op ±0%   1,600,651 allocs/op ±0%    3.71s
  [1/4]  bench  MerkleCommit/sumhash/Item1000/Count10  105,669 ns/op   28,623 B/op   232 allocs/op
  [2/4]  bench  MerkleCommit/sumhash/Item1000/Count10  105,233 ns/op   28,621 B/op   232 allocs/op
  [3/4]  bench  MerkleCommit/sumhash/Item1000/Count10  105,132 ns/op   28,624 B/op   232 allocs/op
  [4/4]  bench  MerkleCommit/sumhash/Item1000/Count10  104,646 ns/op ±1%   28,625 B/op ±0%   232 allocs/op    3.16s
  [1/4]  bench  MerkleCommit/sumhash/Item1000/Count100  462,815 ns/op   250,125 B/op   1,843 allocs/op
  [2/4]  bench  MerkleCommit/sumhash/Item1000/Count100  459,816 ns/op   250,189 B/op   1,844 allocs/op
  [3/4]  bench  MerkleCommit/sumhash/Item1000/Count100  460,227 ns/op   250,176 B/op   1,843 allocs/op
  [4/4]  bench  MerkleCommit/sumhash/Item1000/Count100  459,130 ns/op ±1%   250,191 B/op ±0%   1,844 allocs/op ±0%    3.74s
  [1/4]  bench  MerkleCommit/sumhash/Item1000/Count1000  2,574,084 ns/op   2,406,123 B/op   17,257 allocs/op
  [2/4]  bench  MerkleCommit/sumhash/Item1000/Count1000  2,536,623 ns/op   2,406,405 B/op   17,261 allocs/op
  [3/4]  bench  MerkleCommit/sumhash/Item1000/Count1000  2,547,239 ns/op   2,406,327 B/op   17,259 allocs/op
  [4/4]  bench  MerkleCommit/sumhash/Item1000/Count1000  2,535,788 ns/op ±1%   2,406,394 B/op ±0%   17,260 allocs/op ±0%    4.4s
  [1/4]  bench  MerkleCommit/sumhash/Item1000/Count10000  20,229,031 ns/op   23,898,128 B/op   170,467 allocs/op
  [2/4]  bench  MerkleCommit/sumhash/Item1000/Count10000  19,933,974 ns/op   23,898,317 B/op   170,469 allocs/op
  [3/4]  bench  MerkleCommit/sumhash/Item1000/Count10000  20,033,626 ns/op   23,898,288 B/op   170,469 allocs/op
  [4/4]  bench  MerkleCommit/sumhash/Item1000/Count10000  19,941,791 ns/op ±1%   23,898,488 B/op ±0%   170,471 allocs/op ±0%    3.55s
  [1/4]  bench  MerkleCommit/sumhash/Item1000/Count100000  171,843,382 ns/op   238,487,080 B/op   1,700,662 allocs/op
  [2/4]  bench  MerkleCommit/sumhash/Item1000/Count100000  174,182,577 ns/op   238,487,105 B/op   1,700,663 allocs/op
  [3/4]  bench  MerkleCommit/sumhash/Item1000/Count100000  173,575,704 ns/op   238,487,266 B/op   1,700,664 allocs/op
  [4/4]  bench  MerkleCommit/sumhash/Item1000/Count100000  174,648,439 ns/op ±2%   238,486,856 B/op ±0%   1,700,660 allocs/op ±0%    3.69s
  [1/4]  bench  MerkleCommit/sumhash/Item100000/Count10  2,024,526 ns/op   1,085,617 B/op   259 allocs/op
  [2/4]  bench  MerkleCommit/sumhash/Item100000/Count10  2,052,789 ns/op   1,085,598 B/op   259 allocs/op
  [3/4]  bench  MerkleCommit/sumhash/Item100000/Count10  2,045,835 ns/op   1,085,600 B/op   259 allocs/op
  [4/4]  bench  MerkleCommit/sumhash/Item100000/Count10  2,063,740 ns/op ±2%   1,085,596 B/op ±0%   259 allocs/op    4.29s
  [1/4]  bench  MerkleCommit/sumhash/Item100000/Count100  14,810,075 ns/op   10,798,723 B/op   1,857 allocs/op
  [2/4]  bench  MerkleCommit/sumhash/Item100000/Count100  14,997,772 ns/op   10,798,641 B/op   1,857 allocs/op
  [3/4]  bench  MerkleCommit/sumhash/Item100000/Count100  14,948,927 ns/op   10,798,630 B/op   1,857 allocs/op
  [4/4]  bench  MerkleCommit/sumhash/Item100000/Count100  15,028,698 ns/op ±2%   10,798,603 B/op ±0%   1,857 allocs/op ±0%    3.68s
  [1/4]  bench  MerkleCommit/sumhash/Item100000/Count1000  128,747,812 ns/op   107,879,026 B/op   17,261 allocs/op
  [2/4]  bench  MerkleCommit/sumhash/Item100000/Count1000  129,060,315 ns/op   107,878,739 B/op   17,258 allocs/op
  [3/4]  bench  MerkleCommit/sumhash/Item100000/Count1000  131,168,811 ns/op   107,878,811 B/op   17,258 allocs/op
  [4/4]  bench  MerkleCommit/sumhash/Item100000/Count1000  130,098,953 ns/op ±3%   107,878,728 B/op ±0%   17,258 allocs/op ±0%    3.53s
  [1/4]  bench  MerkleCommit/sumhash/Item100000/Count10000  1,297,280,250 ns/op   1,078,626,264 B/op   170,500 allocs/op
  [2/4]  bench  MerkleCommit/sumhash/Item100000/Count10000  1,271,296,167 ns/op   1,078,626,504 B/op   170,500 allocs/op
  [3/4]  bench  MerkleCommit/sumhash/Item100000/Count10000  1,273,877,944 ns/op   1,078,626,851 B/op   170,506 allocs/op
  [4/4]  bench  MerkleCommit/sumhash/Item100000/Count10000  1,266,602,063 ns/op ±2%   1,078,626,868 B/op ±0%   170,506 allocs/op ±0%    3.77s
  [1/4]  bench  MerkleCommit/sumhash/Item100000/Count100000  12,448,938,250 ns/op   10,785,727,144 B/op   1,700,738 allocs/op
  [2/4]  bench  MerkleCommit/sumhash/Item100000/Count100000  12,429,477,146 ns/op   10,785,731,256 B/op   1,700,780 allocs/op
  [3/4]  bench  MerkleCommit/sumhash/Item100000/Count100000  12,396,616,305 ns/op   10,785,731,347 B/op   1,700,782 allocs/op
  [4/4]  bench  MerkleCommit/sumhash/Item100000/Count100000  12,350,462,698 ns/op ±1%   10,785,730,536 B/op ±0%   1,700,777 allocs/op ±0%    36.95s
  [1/4]  bench  MerkleCommit/sha256/Item10/Count10    8,156 ns/op   5,512 B/op   107 allocs/op
  [2/4]  bench  MerkleCommit/sha256/Item10/Count10    8,103 ns/op   5,512 B/op   107 allocs/op
  [3/4]  bench  MerkleCommit/sha256/Item10/Count10    8,114 ns/op   5,512 B/op   107 allocs/op
  [4/4]  bench  MerkleCommit/sha256/Item10/Count10    8,127 ns/op ±1%   5,512 B/op ±0%   107 allocs/op    3.98s
  [1/4]  bench  MerkleCommit/sha256/Item10/Count100   39,543 ns/op   33,488 B/op   759 allocs/op
  [2/4]  bench  MerkleCommit/sha256/Item10/Count100   39,524 ns/op   33,496 B/op   759 allocs/op
  [3/4]  bench  MerkleCommit/sha256/Item10/Count100   39,738 ns/op   33,494 B/op   759 allocs/op
  [4/4]  bench  MerkleCommit/sha256/Item10/Count100   39,824 ns/op ±1%   33,495 B/op ±0%   759 allocs/op    4.87s
  [1/4]  bench  MerkleCommit/sha256/Item10/Count1000  202,470 ns/op   296,343 B/op   7,086 allocs/op
  [2/4]  bench  MerkleCommit/sha256/Item10/Count1000  201,220 ns/op   296,336 B/op   7,086 allocs/op
  [3/4]  bench  MerkleCommit/sha256/Item10/Count1000  202,529 ns/op   296,334 B/op   7,086 allocs/op
  [4/4]  bench  MerkleCommit/sha256/Item10/Count1000  202,534 ns/op ±1%   296,341 B/op ±0%   7,086 allocs/op    3.65s
  [1/4]  bench  MerkleCommit/sha256/Item10/Count10000  1,066,157 ns/op   2,914,241 B/op   70,172 allocs/op
  [2/4]  bench  MerkleCommit/sha256/Item10/Count10000  1,061,363 ns/op   2,914,311 B/op   70,173 allocs/op
  [3/4]  bench  MerkleCommit/sha256/Item10/Count10000  1,066,388 ns/op   2,914,292 B/op   70,172 allocs/op
  [4/4]  bench  MerkleCommit/sha256/Item10/Count10000  1,064,068 ns/op ±1%   2,914,315 B/op ±0%   70,173 allocs/op ±0%    3.94s
  [1/4]  bench  MerkleCommit/sha256/Item10/Count100000  6,781,234 ns/op   28,855,640 B/op   700,268 allocs/op
  [2/4]  bench  MerkleCommit/sha256/Item10/Count100000  6,725,660 ns/op   28,855,714 B/op   700,269 allocs/op
  [3/4]  bench  MerkleCommit/sha256/Item10/Count100000  6,683,147 ns/op   28,855,791 B/op   700,269 allocs/op
  [4/4]  bench  MerkleCommit/sha256/Item10/Count100000  6,689,402 ns/op ±1%   28,855,762 B/op ±0%   700,269 allocs/op ±0%    5.62s
  [1/4]  bench  MerkleCommit/sha256/Item1000/Count10  15,287 ns/op   15,649 B/op   107 allocs/op
  [2/4]  bench  MerkleCommit/sha256/Item1000/Count10  15,376 ns/op   15,647 B/op   107 allocs/op
  [3/4]  bench  MerkleCommit/sha256/Item1000/Count10  15,246 ns/op   15,648 B/op   107 allocs/op
  [4/4]  bench  MerkleCommit/sha256/Item1000/Count10  15,254 ns/op ±2%   15,648 B/op ±0%   107 allocs/op    4.02s
  [1/4]  bench  MerkleCommit/sha256/Item1000/Count100  75,550 ns/op   134,525 B/op   761 allocs/op
  [2/4]  bench  MerkleCommit/sha256/Item1000/Count100  75,341 ns/op   134,531 B/op   761 allocs/op
  [3/4]  bench  MerkleCommit/sha256/Item1000/Count100  75,206 ns/op   134,531 B/op   761 allocs/op
  [4/4]  bench  MerkleCommit/sha256/Item1000/Count100  75,445 ns/op ±1%   134,529 B/op ±0%   761 allocs/op    5.89s
  [1/4]  bench  MerkleCommit/sha256/Item1000/Count1000  405,055 ns/op   1,305,308 B/op   7,095 allocs/op
  [2/4]  bench  MerkleCommit/sha256/Item1000/Count1000  405,957 ns/op   1,305,299 B/op   7,095 allocs/op
  [3/4]  bench  MerkleCommit/sha256/Item1000/Count1000  405,448 ns/op   1,305,304 B/op   7,095 allocs/op
  [4/4]  bench  MerkleCommit/sha256/Item1000/Count1000  405,137 ns/op ±0%   1,305,306 B/op ±0%   7,095 allocs/op    3.67s
  [1/4]  bench  MerkleCommit/sha256/Item1000/Count10000  2,720,743 ns/op   12,994,964 B/op   70,179 allocs/op
  [2/4]  bench  MerkleCommit/sha256/Item1000/Count10000  2,797,415 ns/op   12,995,003 B/op   70,179 allocs/op
  [3/4]  bench  MerkleCommit/sha256/Item1000/Count10000  2,784,919 ns/op   12,994,997 B/op   70,179 allocs/op
  [4/4]  bench  MerkleCommit/sha256/Item1000/Count10000  2,776,496 ns/op ±3%   12,994,981 B/op ±0%   70,179 allocs/op ±0%    4.39s
  [1/4]  bench  MerkleCommit/sha256/Item1000/Count100000  23,744,275 ns/op   129,656,054 B/op   700,268 allocs/op
  [2/4]  bench  MerkleCommit/sha256/Item1000/Count100000  23,804,153 ns/op   129,655,952 B/op   700,268 allocs/op
  [3/4]  bench  MerkleCommit/sha256/Item1000/Count100000  23,759,984 ns/op   129,655,962 B/op   700,268 allocs/op
  [4/4]  bench  MerkleCommit/sha256/Item1000/Count100000  23,751,482 ns/op ±0%   129,655,974 B/op ±0%   700,268 allocs/op ±0%    3.68s
  [1/4]  bench  MerkleCommit/sha256/Item100000/Count10  238,579 ns/op   1,071,220 B/op   115 allocs/op
  [2/4]  bench  MerkleCommit/sha256/Item100000/Count10  236,173 ns/op   1,071,228 B/op   115 allocs/op
  [3/4]  bench  MerkleCommit/sha256/Item100000/Count10  236,818 ns/op   1,071,228 B/op   115 allocs/op
  [4/4]  bench  MerkleCommit/sha256/Item100000/Count10  236,794 ns/op ±1%   1,071,232 B/op ±0%   115 allocs/op    3.65s
  [1/4]  bench  MerkleCommit/sha256/Item100000/Count100  1,537,953 ns/op   10,683,666 B/op   779 allocs/op
  [2/4]  bench  MerkleCommit/sha256/Item100000/Count100  1,525,812 ns/op   10,683,672 B/op   779 allocs/op
  [3/4]  bench  MerkleCommit/sha256/Item100000/Count100  1,522,514 ns/op   10,683,671 B/op   779 allocs/op
  [4/4]  bench  MerkleCommit/sha256/Item100000/Count100  1,525,149 ns/op ±1%   10,683,668 B/op ±0%   779 allocs/op    4.04s
  [1/4]  bench  MerkleCommit/sha256/Item100000/Count1000  14,408,131 ns/op   106,779,269 B/op   7,107 allocs/op
  [2/4]  bench  MerkleCommit/sha256/Item100000/Count1000  14,367,647 ns/op   106,779,309 B/op   7,108 allocs/op
  [3/4]  bench  MerkleCommit/sha256/Item100000/Count1000  14,330,485 ns/op   106,779,263 B/op   7,107 allocs/op
  [4/4]  bench  MerkleCommit/sha256/Item100000/Count1000  14,299,923 ns/op ±1%   106,779,241 B/op ±0%   7,107 allocs/op ±0%    3.54s
  [1/4]  bench  MerkleCommit/sha256/Item100000/Count10000  132,375,245 ns/op   1,067,727,150 B/op   70,238 allocs/op
  [2/4]  bench  MerkleCommit/sha256/Item100000/Count10000  133,298,638 ns/op   1,067,726,342 B/op   70,230 allocs/op
  [3/4]  bench  MerkleCommit/sha256/Item100000/Count10000  132,626,939 ns/op   1,067,725,634 B/op   70,223 allocs/op
  [4/4]  bench  MerkleCommit/sha256/Item100000/Count10000  132,873,341 ns/op ±1%   1,067,725,622 B/op ±0%   70,223 allocs/op ±0%    3.59s
  [1/4]  bench  MerkleCommit/sha256/Item100000/Count100000  1,136,175,708 ns/op   10,676,925,288 B/op   700,550 allocs/op
  [2/4]  bench  MerkleCommit/sha256/Item100000/Count100000  1,145,470,250 ns/op   10,676,919,112 B/op   700,479 allocs/op
  [3/4]  bench  MerkleCommit/sha256/Item100000/Count100000  1,148,598,570 ns/op   10,676,916,749 B/op   700,456 allocs/op
  [4/4]  bench  MerkleCommit/sha256/Item100000/Count100000  1,143,537,907 ns/op ±1%   10,676,918,160 B/op ±0%   700,473 allocs/op ±0%    3.44s
  [1/4]  bench  AppendMsgBlockHeader                  36.5 ns/op   27.4 MB/s   0.000 B/op   0.000 allocs/op
  [2/4]  bench  AppendMsgBlockHeader                  36.4 ns/op   27.4 MB/s   0.000 B/op   0.000 allocs/op
  [3/4]  bench  AppendMsgBlockHeader                  36.4 ns/op   27.4 MB/s   0.000 B/op   0.000 allocs/op
  [4/4]  bench  AppendMsgBlockHeader                  36.4 ns/op ±0%   27.5 MB/s ±0%   0.000 B/op   0.000 allocs/op    3.69s
  [1/4]  bench  AppendMsgSignedTxn                    75.4 ns/op   13.3 MB/s   0.000 B/op   0.000 allocs/op
  [2/4]  bench  AppendMsgSignedTxn                    75.1 ns/op   13.3 MB/s   0.000 B/op   0.000 allocs/op
  [3/4]  bench  AppendMsgSignedTxn                    75.3 ns/op   13.3 MB/s   0.000 B/op   0.000 allocs/op
  [4/4]  bench  AppendMsgSignedTxn                    75.2 ns/op ±1%   13.3 MB/s ±1%   0.000 B/op   0.000 allocs/op    3.85s
  [1/4]  bench  PaysetGroups                          5,870 ns/op   129,128 B/op   8.00 allocs/op
  [2/4]  bench  PaysetGroups                          5,805 ns/op   128,228 B/op   8.00 allocs/op
  [3/4]  bench  PaysetGroups                          5,765 ns/op   128,918 B/op   8.00 allocs/op
  [4/4]  bench  PaysetGroups                          5,730 ns/op ±2%   127,543 B/op ±3%   8.00 allocs/op    25.28s
  [1/4]  bench  Txn                                   41,416 ns/op   7,896 B/op   8.00 allocs/op
  [2/4]  bench  Txn                                   41,357 ns/op   7,900 B/op   8.00 allocs/op
  [3/4]  bench  Txn                                   41,297 ns/op   7,904 B/op   8.00 allocs/op
  [4/4]  bench  Txn                                   41,234 ns/op ±0%   7,907 B/op ±0%   8.00 allocs/op    9.04s
  [1/4]  bench  TxHandlerProcessing/processDecoded    10,560 ns/op   3,912 B/op   44.0 allocs/op
  [2/4]  bench  TxHandlerProcessing/processDecoded    10,665 ns/op   3,912 B/op   44.0 allocs/op
  [3/4]  bench  TxHandlerProcessing/processDecoded    10,662 ns/op   3,912 B/op   44.0 allocs/op
  [4/4]  bench  TxHandlerProcessing/processDecoded    10,685 ns/op ±1%   3,912 B/op   44.0 allocs/op    9.07s
  [1/4]  bench  TxHandlerProcessing/verify.TxnGroup   41,947 ns/op   11,744 B/op   16.0 allocs/op
  [2/4]  bench  TxHandlerProcessing/verify.TxnGroup   41,872 ns/op   11,744 B/op   16.0 allocs/op
  [3/4]  bench  TxHandlerProcessing/verify.TxnGroup   41,841 ns/op   11,744 B/op   16.0 allocs/op
  [4/4]  bench  TxHandlerProcessing/verify.TxnGroup   41,801 ns/op ±0%   11,744 B/op   16.0 allocs/op    6.55s
  [1/4]  bench  CompactDeltas/account-deltas          1,624,069 ns/op   4,179,508 B/op   18.0 allocs/op
  [2/4]  bench  CompactDeltas/account-deltas          1,536,637 ns/op   4,189,346 B/op   18.5 allocs/op
  [3/4]  bench  CompactDeltas/account-deltas          1,507,275 ns/op   4,188,730 B/op   18.7 allocs/op
  [4/4]  bench  CompactDeltas/account-deltas          1,490,289 ns/op ±6%   4,187,750 B/op ±0%   18.5 allocs/op ±3%    17.11s
