  [1/4]  bench  MerkleCommit/sha512_256/Item10/Count10  13,360 ns/op   6,097 B/op   107 allocs/op
  [2/4]  bench  MerkleCommit/sha512_256/Item10/Count10  13,469 ns/op   6,093 B/op   107 allocs/op
  [3/4]  bench  MerkleCommit/sha512_256/Item10/Count10  13,421 ns/op   6,092 B/op   107 allocs/op
  [4/4]  bench  MerkleCommit/sha512_256/Item10/Count10  13,402 ns/op ±1%   6,093 B/op ±0%   107 allocs/op    4.03s
  [1/4]  bench  MerkleCommit/sha512_256/Item10/Count100  52,732 ns/op   34,697 B/op   761 allocs/op
  [2/4]  bench  MerkleCommit/sha512_256/Item10/Count100  53,123 ns/op   34,679 B/op   761 allocs/op
  [3/4]  bench  MerkleCommit/sha512_256/Item10/Count100  53,016 ns/op   34,683 B/op   761 allocs/op
  [4/4]  bench  MerkleCommit/sha512_256/Item10/Count100  53,074 ns/op ±1%   34,683 B/op ±0%   761 allocs/op ±0%    5.21s
  [1/4]  bench  MerkleCommit/sha512_256/Item10/Count1000  250,552 ns/op   299,036 B/op   7,091 allocs/op
  [2/4]  bench  MerkleCommit/sha512_256/Item10/Count1000  251,964 ns/op   299,015 B/op   7,091 allocs/op
  [3/4]  bench  MerkleCommit/sha512_256/Item10/Count1000  252,128 ns/op   299,022 B/op   7,091 allocs/op
  [4/4]  bench  MerkleCommit/sha512_256/Item10/Count1000  252,701 ns/op ±1%   299,010 B/op ±0%   7,091 allocs/op ±0%    3.73s
  [1/4]  bench  MerkleCommit/sha512_256/Item10/Count10000  1,269,321 ns/op   2,920,598 B/op   70,183 allocs/op
  [2/4]  bench  MerkleCommit/sha512_256/Item10/Count10000  1,277,688 ns/op   2,920,505 B/op   70,183 allocs/op
  [3/4]  bench  MerkleCommit/sha512_256/Item10/Count10000  1,273,936 ns/op   2,920,536 B/op   70,183 allocs/op
  [4/4]  bench  MerkleCommit/sha512_256/Item10/Count10000  1,276,253 ns/op ±1%   2,920,493 B/op ±0%   70,182 allocs/op ±0%    4s
  [1/4]  bench  MerkleCommit/sha512_256/Item10/Count100000  7,642,174 ns/op   28,866,329 B/op   700,281 allocs/op
  [2/4]  bench  MerkleCommit/sha512_256/Item10/Count100000  7,672,679 ns/op   28,866,401 B/op   700,282 allocs/op
  [3/4]  bench  MerkleCommit/sha512_256/Item10/Count100000  7,759,533 ns/op   28,866,235 B/op   700,280 allocs/op
  [4/4]  bench  MerkleCommit/sha512_256/Item10/Count100000  7,772,843 ns/op ±2%   28,866,183 B/op ±0%   700,280 allocs/op ±0%    5.95s
  [1/4]  bench  MerkleCommit/sha512_256/Item1000/Count10  22,197 ns/op   16,260 B/op   108 allocs/op
  [2/4]  bench  MerkleCommit/sha512_256/Item1000/Count10  22,108 ns/op   16,259 B/op   108 allocs/op
  [3/4]  bench  MerkleCommit/sha512_256/Item1000/Count10  21,899 ns/op   16,259 B/op   108 allocs/op
  [4/4]  bench  MerkleCommit/sha512_256/Item1000/Count10  21,918 ns/op ±2%   16,259 B/op ±0%   108 allocs/op    4.21s
  [1/4]  bench  MerkleCommit/sha512_256/Item1000/Count100  95,237 ns/op   135,936 B/op   764 allocs/op
  [2/4]  bench  MerkleCommit/sha512_256/Item1000/Count100  95,275 ns/op   135,933 B/op   764 allocs/op
  [3/4]  bench  MerkleCommit/sha512_256/Item1000/Count100  95,932 ns/op   135,920 B/op   764 allocs/op
  [4/4]  bench  MerkleCommit/sha512_256/Item1000/Count100  95,952 ns/op ±1%   135,913 B/op ±0%   764 allocs/op ±0%    6.52s
  [1/4]  bench  MerkleCommit/sha512_256/Item1000/Count1000  484,612 ns/op   1,308,336 B/op   7,099 allocs/op
  [2/4]  bench  MerkleCommit/sha512_256/Item1000/Count1000  487,434 ns/op   1,308,308 B/op   7,099 allocs/op
  [3/4]  bench  MerkleCommit/sha512_256/Item1000/Count1000  486,324 ns/op   1,308,322 B/op   7,099 allocs/op
  [4/4]  bench  MerkleCommit/sha512_256/Item1000/Count1000  486,273 ns/op ±1%   1,308,323 B/op ±0%   7,099 allocs/op    3.74s
  [1/4]  bench  MerkleCommit/sha512_256/Item1000/Count10000  3,319,882 ns/op   13,001,042 B/op   70,185 allocs/op
  [2/4]  bench  MerkleCommit/sha512_256/Item1000/Count10000  3,311,398 ns/op   13,000,960 B/op   70,185 allocs/op
  [3/4]  bench  MerkleCommit/sha512_256/Item1000/Count10000  3,327,095 ns/op   13,001,012 B/op   70,185 allocs/op
  [4/4]  bench  MerkleCommit/sha512_256/Item1000/Count10000  3,311,501 ns/op ±1%   13,000,974 B/op ±0%   70,185 allocs/op ±0%    4.56s
  [1/4]  bench  MerkleCommit/sha512_256/Item1000/Count100000  26,628,067 ns/op   129,665,636 B/op   700,275 allocs/op
  [2/4]  bench  MerkleCommit/sha512_256/Item1000/Count100000  26,861,360 ns/op   129,665,456 B/op   700,274 allocs/op
  [3/4]  bench  MerkleCommit/sha512_256/Item1000/Count100000  26,708,357 ns/op   129,665,567 B/op   700,275 allocs/op
  [4/4]  bench  MerkleCommit/sha512_256/Item1000/Count100000  26,685,879 ns/op ±1%   129,665,627 B/op ±0%   700,276 allocs/op ±0%    3.64s
  [1/4]  bench  MerkleCommit/sha512_256/Item100000/Count10  329,002 ns/op   1,072,395 B/op   117 allocs/op
  [2/4]  bench  MerkleCommit/sha512_256/Item100000/Count10  326,713 ns/op   1,072,403 B/op   117 allocs/op
  [3/4]  bench  MerkleCommit/sha512_256/Item100000/Count10  327,470 ns/op   1,072,402 B/op   117 allocs/op
  [4/4]  bench  MerkleCommit/sha512_256/Item100000/Count10  327,384 ns/op ±1%   1,072,408 B/op ±0%   117 allocs/op    3.75s
  [1/4]  bench  MerkleCommit/sha512_256/Item100000/Count100  1,992,859 ns/op   10,685,861 B/op   781 allocs/op
  [2/4]  bench  MerkleCommit/sha512_256/Item100000/Count100  1,978,802 ns/op   10,685,853 B/op   781 allocs/op
  [3/4]  bench  MerkleCommit/sha512_256/Item100000/Count100  1,983,813 ns/op   10,685,863 B/op   781 allocs/op
  [4/4]  bench  MerkleCommit/sha512_256/Item100000/Count100  1,976,813 ns/op ±1%   10,685,859 B/op ±0%   781 allocs/op    4.19s
  [1/4]  bench  MerkleCommit/sha512_256/Item100000/Count1000  18,055,391 ns/op   106,782,536 B/op   7,111 allocs/op
  [2/4]  bench  MerkleCommit/sha512_256/Item100000/Count1000  17,965,177 ns/op   106,782,547 B/op   7,111 allocs/op
  [3/4]  bench  MerkleCommit/sha512_256/Item100000/Count1000  17,980,862 ns/op   106,782,481 B/op   7,110 allocs/op
  [4/4]  bench  MerkleCommit/sha512_256/Item100000/Count1000  17,949,644 ns/op ±1%   106,782,542 B/op ±0%   7,111 allocs/op ±0%    3.56s
  [1/4]  bench  MerkleCommit/sha512_256/Item100000/Count10000  169,065,190 ns/op   1,067,732,307 B/op   70,234 allocs/op
  [2/4]  bench  MerkleCommit/sha512_256/Item100000/Count10000  169,251,998 ns/op   1,067,733,038 B/op   70,241 allocs/op
  [3/4]  bench  MerkleCommit/sha512_256/Item100000/Count10000  168,706,126 ns/op   1,067,734,031 B/op   70,250 allocs/op
  [4/4]  bench  MerkleCommit/sha512_256/Item100000/Count10000  169,005,142 ns/op ±1%   1,067,733,985 B/op ±0%   70,250 allocs/op ±0%    3.72s
  [1/4]  bench  MerkleCommit/sha512_256/Item100000/Count100000  1,391,511,667 ns/op   10,676,939,640 B/op   700,596 allocs/op
  [2/4]  bench  MerkleCommit/sha512_256/Item100000/Count100000  1,403,374,855 ns/op   10,676,941,200 B/op   700,616 allocs/op
  [3/4]  bench  MerkleCommit/sha512_256/Item100000/Count100000  1,395,739,514 ns/op   10,676,942,413 B/op   700,631 allocs/op
  [4/4]  bench  MerkleCommit/sha512_256/Item100000/Count100000  1,399,038,771 ns/op ±1%   10,676,942,000 B/op ±0%   700,627 allocs/op ±0%    4.2s
  [1/4]  bench  MerkleCommit/sumhash/Item10/Count10   50,061 ns/op   16,791 B/op   217 allocs/op
  [2/4]  bench  MerkleCommit/sumhash/Item10/Count10   49,889 ns/op   16,799 B/op   217 allocs/op
  [3/4]  bench  MerkleCommit/sumhash/Item10/Count10   49,929 ns/op   16,801 B/op   217 allocs/op
  [4/4]  bench  MerkleCommit/sumhash/Item10/Count10   50,233 ns/op ±1%   16,798 B/op ±0%   217 allocs/op    5.13s
  [1/4]  bench  MerkleCommit/sumhash/Item10/Count100  236,940 ns/op   134,867 B/op   1,723 allocs/op
  [2/4]  bench  MerkleCommit/sumhash/Item10/Count100  238,359 ns/op   134,825 B/op   1,723 allocs/op
  [3/4]  bench  MerkleCommit/sumhash/Item10/Count100  238,138 ns/op   134,833 B/op   1,723 allocs/op
  [4/4]  bench  MerkleCommit/sumhash/Item10/Count100  237,603 ns/op ±1%   134,838 B/op ±0%   1,723 allocs/op ±0%    3.66s
  [1/4]  bench  MerkleCommit/sumhash/Item10/Count1000  1,072,090 ns/op   1,268,860 B/op   16,242 allocs/op
  [2/4]  bench  MerkleCommit/sumhash/Item10/Count1000  1,072,035 ns/op   1,268,859 B/op   16,242 allocs/op
  [3/4]  bench  MerkleCommit/sumhash/Item10/Count1000  1,073,767 ns/op   1,268,804 B/op   16,241 allocs/op
  [4/4]  bench  MerkleCommit/sumhash/Item10/Count1000  1,073,181 ns/op ±0%   1,268,826 B/op ±0%   16,242 allocs/op ±0%    3.94s
  [1/4]  bench  MerkleCommit/sumhash/Item10/Count10000  6,397,962 ns/op   12,538,539 B/op   160,473 allocs/op
  [2/4]  bench  MerkleCommit/sumhash/Item10/Count10000  6,444,050 ns/op   12,538,245 B/op   160,470 allocs/op
  [3/4]  bench  MerkleCommit/sumhash/Item10/Count10000  6,408,846 ns/op   12,538,296 B/op   160,470 allocs/op
  [4/4]  bench  MerkleCommit/sumhash/Item10/Count10000  6,402,423 ns/op ±1%   12,538,323 B/op ±0%   160,470 allocs/op ±0%    5.52s
  [1/4]  bench  MerkleCommit/sumhash/Item10/Count100000  50,320,062 ns/op   124,885,856 B/op   1,600,653 allocs/op
  [2/4]  bench  MerkleCommit/sumhash/Item10/Count100000  50,934,489 ns/op   124,885,446 B/op   1,600,649 allocs/op
  [3/4]  bench  MerkleCommit/sumhash/Item10/Count100000  50,696,534 ns/op   124,885,622 B/op   1,600,651 allocs/op
  [4/4]  bench  MerkleCommit/sumhash/Item10/Count100000  50,809,991 ns/op ±1%   124,885,534 B/op ±0%   1,600,650 allocs/op ±0%    3.72s
  [1/4]  bench  MerkleCommit/sumhash/Item1000/Count10  105,569 ns/op   28,632 B/op   232 allocs/op
  [2/4]  bench  MerkleCommit/sumhash/Item1000/Count10  106,000 ns/op   28,628 B/op   232 allocs/op
  [3/4]  bench  MerkleCommit/sumhash/Item1000/Count10  106,328 ns/op   28,631 B/op   232 allocs/op
  [4/4]  bench  MerkleCommit/sumhash/Item1000/Count10  105,882 ns/op ±1%   28,630 B/op ±0%   232 allocs/op ±0%    3.21s
  [1/4]  bench  MerkleCommit/sumhash/Item1000/Count100  460,638 ns/op   250,163 B/op   1,843 allocs/op
  [2/4]  bench  MerkleCommit/sumhash/Item1000/Count100  459,140 ns/op   250,200 B/op   1,844 allocs/op
  [3/4]  bench  MerkleCommit/sumhash/Item1000/Count100  460,368 ns/op   250,182 B/op   1,843 allocs/op
  [4/4]  bench  MerkleCommit/sumhash/Item1000/Count100  459,649 ns/op ±1%   250,192 B/op ±0%   1,844 allocs/op ±0%    3.76s
  [1/4]  bench  MerkleCommit/sumhash/Item1000/Count1000  2,559,506 ns/op   2,406,257 B/op   17,258 allocs/op
  [2/4]  bench  MerkleCommit/sumhash/Item1000/Count1000  2,539,267 ns/op   2,406,421 B/op   17,260 allocs/op
  [3/4]  bench  MerkleCommit/sumhash/Item1000/Count1000  2,550,356 ns/op   2,406,339 B/op   17,259 allocs/op
  [4/4]  bench  MerkleCommit/sumhash/Item1000/Count1000  2,543,147 ns/op ±1%   2,406,385 B/op ±0%   17,260 allocs/op ±0%    4.41s
  [1/4]  bench  MerkleCommit/sumhash/Item1000/Count10000  19,963,117 ns/op   23,898,181 B/op   170,467 allocs/op
  [2/4]  bench  MerkleCommit/sumhash/Item1000/Count10000  19,791,819 ns/op   23,898,555 B/op   170,472 allocs/op
  [3/4]  bench  MerkleCommit/sumhash/Item1000/Count10000  19,883,595 ns/op   23,898,440 B/op   170,470 allocs/op
  [4/4]  bench  MerkleCommit/sumhash/Item1000/Count10000  19,834,410 ns/op ±1%   23,898,530 B/op ±0%   170,472 allocs/op ±0%    3.52s
  [1/4]  bench  MerkleCommit/sumhash/Item1000/Count100000  172,636,014 ns/op   238,486,730 B/op   1,700,658 allocs/op
  [2/4]  bench  MerkleCommit/sumhash/Item1000/Count100000  175,601,691 ns/op   238,486,046 B/op   1,700,651 allocs/op
  [3/4]  bench  MerkleCommit/sumhash/Item1000/Count100000  174,686,458 ns/op   238,486,174 B/op   1,700,652 allocs/op
  [4/4]  bench  MerkleCommit/sumhash/Item1000/Count100000  175,651,936 ns/op ±2%   238,486,078 B/op ±0%   1,700,651 allocs/op ±0%    3.71s
  [1/4]  bench  MerkleCommit/sumhash/Item100000/Count10  2,057,204 ns/op   1,085,599 B/op   259 allocs/op
  [2/4]  bench  MerkleCommit/sumhash/Item100000/Count10  2,077,751 ns/op   1,085,588 B/op   259 allocs/op
  [3/4]  bench  MerkleCommit/sumhash/Item100000/Count10  2,069,440 ns/op   1,085,588 B/op   259 allocs/op
  [4/4]  bench  MerkleCommit/sumhash/Item100000/Count10  2,081,935 ns/op ±2%   1,085,583 B/op ±0%   259 allocs/op    4.29s
  [1/4]  bench  MerkleCommit/sumhash/Item100000/Count100  14,979,447 ns/op   10,798,650 B/op   1,857 allocs/op
  [2/4]  bench  MerkleCommit/sumhash/Item100000/Count100  15,231,193 ns/op   10,798,643 B/op   1,857 allocs/op
  [3/4]  bench  MerkleCommit/sumhash/Item100000/Count100  15,202,356 ns/op   10,798,638 B/op   1,857 allocs/op
  [4/4]  bench  MerkleCommit/sumhash/Item100000/Count100  15,205,174 ns/op ±2%   10,798,631 B/op ±0%   1,857 allocs/op ±0%    3.71s
  [1/4]  bench  MerkleCommit/sumhash/Item100000/Count1000  131,398,411 ns/op   107,878,562 B/op   17,255 allocs/op
  [2/4]  bench  MerkleCommit/sumhash/Item100000/Count1000  131,292,878 ns/op   107,878,615 B/op   17,256 allocs/op
  [3/4]  bench  MerkleCommit/sumhash/Item100000/Count1000  132,946,519 ns/op   107,878,700 B/op   17,257 allocs/op
  [4/4]  bench  MerkleCommit/sumhash/Item100000/Count1000  132,653,440 ns/op ±2%   107,878,632 B/op ±0%   17,256 allocs/op ±0%    3.59s
  [1/4]  bench  MerkleCommit/sumhash/Item100000/Count10000  1,291,474,750 ns/op   1,078,626,552 B/op   170,511 allocs/op
  [2/4]  bench  MerkleCommit/sumhash/Item100000/Count10000  1,285,697,334 ns/op   1,078,626,624 B/op   170,504 allocs/op
  [3/4]  bench  MerkleCommit/sumhash/Item100000/Count10000  1,285,856,139 ns/op   1,078,625,821 B/op   170,499 allocs/op
  [4/4]  bench  MerkleCommit/sumhash/Item100000/Count10000  1,281,085,125 ns/op ±1%   1,078,625,816 B/op ±0%   170,500 allocs/op ±0%    3.83s
  [1/4]  bench  MerkleCommit/sumhash/Item100000/Count100000  12,538,036,458 ns/op   10,785,729,736 B/op   1,700,775 allocs/op
  [2/4]  bench  MerkleCommit/sumhash/Item100000/Count100000  12,500,578,334 ns/op   10,785,728,800 B/op   1,700,778 allocs/op
  [3/4]  bench  MerkleCommit/sumhash/Item100000/Count100000  12,488,944,153 ns/op   10,785,729,091 B/op   1,700,778 allocs/op
  [4/4]  bench  MerkleCommit/sumhash/Item100000/Count100000  12,463,784,615 ns/op ±1%   10,785,729,524 B/op ±0%   1,700,777 allocs/op ±0%    37.32s
  [1/4]  bench  MerkleCommit/sha256/Item10/Count10    8,017 ns/op   5,512 B/op   107 allocs/op
  [2/4]  bench  MerkleCommit/sha256/Item10/Count10    7,869 ns/op   5,512 B/op   107 allocs/op
  [3/4]  bench  MerkleCommit/sha256/Item10/Count10    7,836 ns/op   5,511 B/op   107 allocs/op
  [4/4]  bench  MerkleCommit/sha256/Item10/Count10    7,777 ns/op ±3%   5,511 B/op ±0%   107 allocs/op    3.81s
  [1/4]  bench  MerkleCommit/sha256/Item10/Count100   38,695 ns/op   33,498 B/op   759 allocs/op
  [2/4]  bench  MerkleCommit/sha256/Item10/Count100   38,606 ns/op   33,498 B/op   759 allocs/op
  [3/4]  bench  MerkleCommit/sha256/Item10/Count100   38,360 ns/op   33,499 B/op   759 allocs/op
  [4/4]  bench  MerkleCommit/sha256/Item10/Count100   38,458 ns/op ±1%   33,498 B/op ±0%   759 allocs/op    4.72s
  [1/4]  bench  MerkleCommit/sha256/Item10/Count1000  202,177 ns/op   296,366 B/op   7,086 allocs/op
  [2/4]  bench  MerkleCommit/sha256/Item10/Count1000  201,975 ns/op   296,357 B/op   7,086 allocs/op
  [3/4]  bench  MerkleCommit/sha256/Item10/Count1000  202,766 ns/op   296,351 B/op   7,086 allocs/op
  [4/4]  bench  MerkleCommit/sha256/Item10/Count1000  202,685 ns/op ±1%   296,353 B/op ±0%   7,086 allocs/op    3.62s
  [1/4]  bench  MerkleCommit/sha256/Item10/Count10000  1,059,230 ns/op   2,914,267 B/op   70,172 allocs/op
  [2/4]  bench  MerkleCommit/sha256/Item10/Count10000  1,056,870 ns/op   2,914,318 B/op   70,173 allocs/op
  [3/4]  bench  MerkleCommit/sha256/Item10/Count10000  1,056,502 ns/op   2,914,295 B/op   70,172 allocs/op
  [4/4]  bench  MerkleCommit/sha256/Item10/Count10000  1,056,509 ns/op ±0%   2,914,321 B/op ±0%   70,173 allocs/op ±0%    3.94s
  [1/4]  bench  MerkleCommit/sha256/Item10/Count100000  6,728,459 ns/op   28,855,732 B/op   700,268 allocs/op
  [2/4]  bench  MerkleCommit/sha256/Item10/Count100000  6,710,414 ns/op   28,855,685 B/op   700,268 allocs/op
  [3/4]  bench  MerkleCommit/sha256/Item10/Count100000  6,688,897 ns/op   28,855,741 B/op   700,268 allocs/op
  [4/4]  bench  MerkleCommit/sha256/Item10/Count100000  6,689,248 ns/op ±1%   28,855,788 B/op ±0%   700,269 allocs/op ±0%    5.61s
  [1/4]  bench  MerkleCommit/sha256/Item1000/Count10  15,306 ns/op   15,649 B/op   107 allocs/op
  [2/4]  bench  MerkleCommit/sha256/Item1000/Count10  15,064 ns/op   15,649 B/op   107 allocs/op
  [3/4]  bench  MerkleCommit/sha256/Item1000/Count10  15,048 ns/op   15,649 B/op   107 allocs/op
  [4/4]  bench  MerkleCommit/sha256/Item1000/Count10  15,096 ns/op ±2%   15,649 B/op ±0%   107 allocs/op    4.05s
  [1/4]  bench  MerkleCommit/sha256/Item1000/Count100  74,260 ns/op   134,524 B/op   761 allocs/op
  [2/4]  bench  MerkleCommit/sha256/Item1000/Count100  74,236 ns/op   134,527 B/op   761 allocs/op
  [3/4]  bench  MerkleCommit/sha256/Item1000/Count100  74,331 ns/op   134,529 B/op   761 allocs/op
  [4/4]  bench  MerkleCommit/sha256/Item1000/Count100  74,417 ns/op ±0%   134,528 B/op ±0%   761 allocs/op    5.86s
  [1/4]  bench  MerkleCommit/sha256/Item1000/Count1000  402,547 ns/op   1,305,288 B/op   7,095 allocs/op
  [2/4]  bench  MerkleCommit/sha256/Item1000/Count1000  406,102 ns/op   1,305,277 B/op   7,095 allocs/op
  [3/4]  bench  MerkleCommit/sha256/Item1000/Count1000  405,648 ns/op   1,305,290 B/op   7,095 allocs/op
  [4/4]  bench  MerkleCommit/sha256/Item1000/Count1000  406,158 ns/op ±1%   1,305,287 B/op ±0%   7,095 allocs/op    3.75s
  [1/4]  bench  MerkleCommit/sha256/Item1000/Count10000  2,829,640 ns/op   12,995,050 B/op   70,179 allocs/op
  [2/4]  bench  MerkleCommit/sha256/Item1000/Count10000  2,841,644 ns/op   12,995,024 B/op   70,179 allocs/op
  [3/4]  bench  MerkleCommit/sha256/Item1000/Count10000  2,844,396 ns/op   12,995,043 B/op   70,179 allocs/op
  [4/4]  bench  MerkleCommit/sha256/Item1000/Count10000  2,842,568 ns/op ±0%   12,995,032 B/op ±0%   70,179 allocs/op ±0%    4.46s
  [1/4]  bench  MerkleCommit/sha256/Item1000/Count100000  23,632,714 ns/op   129,656,064 B/op   700,269 allocs/op
  [2/4]  bench  MerkleCommit/sha256/Item1000/Count100000  23,851,215 ns/op   129,655,984 B/op   700,269 allocs/op
  [3/4]  bench  MerkleCommit/sha256/Item1000/Count100000  23,796,199 ns/op   129,656,023 B/op   700,269 allocs/op
  [4/4]  bench  MerkleCommit/sha256/Item1000/Count100000  23,825,457 ns/op ±1%   129,655,978 B/op ±0%   700,269 allocs/op ±0%    3.66s
  [1/4]  bench  MerkleCommit/sha256/Item100000/Count10  227,097 ns/op   1,071,229 B/op   115 allocs/op
  [2/4]  bench  MerkleCommit/sha256/Item100000/Count10  227,035 ns/op   1,071,230 B/op   115 allocs/op
  [3/4]  bench  MerkleCommit/sha256/Item100000/Count10  228,321 ns/op   1,071,225 B/op   115 allocs/op
  [4/4]  bench  MerkleCommit/sha256/Item100000/Count10  227,866 ns/op ±1%   1,071,226 B/op ±0%   115 allocs/op    3.66s
  [1/4]  bench  MerkleCommit/sha256/Item100000/Count100  1,514,555 ns/op   10,683,665 B/op   779 allocs/op
  [2/4]  bench  MerkleCommit/sha256/Item100000/Count100  1,514,056 ns/op   10,683,678 B/op   779 allocs/op
  [3/4]  bench  MerkleCommit/sha256/Item100000/Count100  1,516,441 ns/op   10,683,666 B/op   779 allocs/op
  [4/4]  bench  MerkleCommit/sha256/Item100000/Count100  1,507,705 ns/op ±1%   10,683,662 B/op ±0%   779 allocs/op    4.08s
  [1/4]  bench  MerkleCommit/sha256/Item100000/Count1000  14,382,265 ns/op   106,779,286 B/op   7,108 allocs/op
  [2/4]  bench  MerkleCommit/sha256/Item100000/Count1000  14,224,603 ns/op   106,779,288 B/op   7,108 allocs/op
  [3/4]  bench  MerkleCommit/sha256/Item100000/Count1000  14,266,198 ns/op   106,779,272 B/op   7,108 allocs/op
  [4/4]  bench  MerkleCommit/sha256/Item100000/Count1000  14,235,386 ns/op ±1%   106,779,270 B/op ±0%   7,108 allocs/op ±0%    3.48s
  [1/4]  bench  MerkleCommit/sha256/Item100000/Count10000  132,793,495 ns/op   1,067,726,312 B/op   70,229 allocs/op
  [2/4]  bench  MerkleCommit/sha256/Item100000/Count10000  133,503,545 ns/op   1,067,725,335 B/op   70,219 allocs/op
  [3/4]  bench  MerkleCommit/sha256/Item100000/Count10000  132,852,672 ns/op   1,067,725,395 B/op   70,220 allocs/op
  [4/4]  bench  MerkleCommit/sha256/Item100000/Count10000  133,383,026 ns/op ±1%   1,067,725,503 B/op ±0%   70,221 allocs/op ±0%    3.6s
  [1/4]  bench  MerkleCommit/sha256/Item100000/Count100000  1,124,584,833 ns/op   10,676,922,648 B/op   700,517 allocs/op
  [2/4]  bench  MerkleCommit/sha256/Item100000/Count100000  1,123,583,021 ns/op   10,676,917,040 B/op   700,482 allocs/op
  [3/4]  bench  MerkleCommit/sha256/Item100000/Count100000  1,128,654,097 ns/op   10,676,915,357 B/op   700,458 allocs/op
  [4/4]  bench  MerkleCommit/sha256/Item100000/Count100000  1,127,217,542 ns/op ±1%   10,676,911,996 B/op ±0%   700,425 allocs/op ±0%    3.38s
  [1/4]  bench  AppendMsgBlockHeader                  36.6 ns/op   27.4 MB/s   0.000 B/op   0.000 allocs/op
  [2/4]  bench  AppendMsgBlockHeader                  36.5 ns/op   27.4 MB/s   0.000 B/op   0.000 allocs/op
  [3/4]  bench  AppendMsgBlockHeader                  36.6 ns/op   27.3 MB/s   0.000 B/op   0.000 allocs/op
  [4/4]  bench  AppendMsgBlockHeader                  36.6 ns/op ±0%   27.3 MB/s ±0%   0.000 B/op   0.000 allocs/op    3.71s
  [1/4]  bench  AppendMsgSignedTxn                    75.4 ns/op   13.3 MB/s   0.000 B/op   0.000 allocs/op
  [2/4]  bench  AppendMsgSignedTxn                    75.2 ns/op   13.3 MB/s   0.000 B/op   0.000 allocs/op
  [3/4]  bench  AppendMsgSignedTxn                    75.2 ns/op   13.3 MB/s   0.000 B/op   0.000 allocs/op
  [4/4]  bench  AppendMsgSignedTxn                    75.1 ns/op ±0%   13.3 MB/s ±0%   0.000 B/op   0.000 allocs/op    3.83s
  [1/4]  bench  PaysetGroups                          5,718 ns/op   131,459 B/op   8.00 allocs/op
  [2/4]  bench  PaysetGroups                          5,710 ns/op   131,431 B/op   8.00 allocs/op
  [3/4]  bench  PaysetGroups                          5,656 ns/op   130,409 B/op   8.00 allocs/op
  [4/4]  bench  PaysetGroups                          5,657 ns/op ±1%   130,138 B/op ±1%   8.00 allocs/op    25.81s
  [1/4]  bench  Txn                                   41,234 ns/op   9,513 B/op   12.0 allocs/op
  [2/4]  bench  Txn                                   41,060 ns/op   9,510 B/op   12.0 allocs/op
  [3/4]  bench  Txn                                   40,982 ns/op   9,508 B/op   12.0 allocs/op
  [4/4]  bench  Txn                                   40,944 ns/op ±0%   9,508 B/op ±0%   12.0 allocs/op    9.03s
  [1/4]  bench  TxHandlerProcessing/processDecoded    10,064 ns/op   3,888 B/op   43.0 allocs/op
  [2/4]  bench  TxHandlerProcessing/processDecoded    10,111 ns/op   3,888 B/op   43.0 allocs/op
  [3/4]  bench  TxHandlerProcessing/processDecoded    10,136 ns/op   3,888 B/op   43.0 allocs/op
  [4/4]  bench  TxHandlerProcessing/processDecoded    10,148 ns/op ±1%   3,888 B/op   43.0 allocs/op    9.26s
  [1/4]  bench  TxHandlerProcessing/verify.TxnGroup   41,334 ns/op   11,744 B/op   16.0 allocs/op
  [2/4]  bench  TxHandlerProcessing/verify.TxnGroup   41,324 ns/op   11,744 B/op   16.0 allocs/op
  [3/4]  bench  TxHandlerProcessing/verify.TxnGroup   41,346 ns/op   11,744 B/op   16.0 allocs/op
  [4/4]  bench  TxHandlerProcessing/verify.TxnGroup   41,438 ns/op ±0%   11,744 B/op   16.0 allocs/op    6.55s
  [1/4]  bench  CompactDeltas/account-deltas          1,605,837 ns/op   4,170,268 B/op   18.0 allocs/op
  [2/4]  bench  CompactDeltas/account-deltas          1,503,401 ns/op   4,172,555 B/op   18.0 allocs/op
  [3/4]  bench  CompactDeltas/account-deltas          1,474,341 ns/op   4,173,317 B/op   18.0 allocs/op
  [4/4]  bench  CompactDeltas/account-deltas          1,455,465 ns/op ±7%   4,173,186 B/op ±0%   18.0 allocs/op    17.13s
