  [1/4]  bench  MerkleCommit/sha512_256/Item10/Count10  13,711 ns/op   6,091 B/op   107 allocs/op
  [2/4]  bench  MerkleCommit/sha512_256/Item10/Count10  13,722 ns/op   6,089 B/op   107 allocs/op
  [3/4]  bench  MerkleCommit/sha512_256/Item10/Count10  13,639 ns/op   6,090 B/op   107 allocs/op
  [4/4]  bench  MerkleCommit/sha512_256/Item10/Count10  13,656 ns/op ±1%   6,089 B/op ±0%   107 allocs/op    3.99s
  [1/4]  bench  MerkleCommit/sha512_256/Item10/Count100  51,844 ns/op   34,676 B/op   761 allocs/op
  [2/4]  bench  MerkleCommit/sha512_256/Item10/Count100  52,987 ns/op   34,667 B/op   761 allocs/op
  [3/4]  bench  MerkleCommit/sha512_256/Item10/Count100  53,175 ns/op   34,666 B/op   760 allocs/op
  [4/4]  bench  MerkleCommit/sha512_256/Item10/Count100  53,137 ns/op ±2%   34,668 B/op ±0%   761 allocs/op ±0%    5.28s
  [1/4]  bench  MerkleCommit/sha512_256/Item10/Count1000  253,173 ns/op   298,994 B/op   7,091 allocs/op
  [2/4]  bench  MerkleCommit/sha512_256/Item10/Count1000  251,382 ns/op   299,024 B/op   7,091 allocs/op
  [3/4]  bench  MerkleCommit/sha512_256/Item10/Count1000  252,353 ns/op   299,011 B/op   7,091 allocs/op
  [4/4]  bench  MerkleCommit/sha512_256/Item10/Count1000  251,441 ns/op ±1%   299,019 B/op ±0%   7,091 allocs/op ±0%    3.73s
  [1/4]  bench  MerkleCommit/sha512_256/Item10/Count10000  1,266,650 ns/op   2,920,376 B/op   70,181 allocs/op
  [2/4]  bench  MerkleCommit/sha512_256/Item10/Count10000  1,258,764 ns/op   2,920,411 B/op   70,182 allocs/op
  [3/4]  bench  MerkleCommit/sha512_256/Item10/Count10000  1,262,618 ns/op   2,920,499 B/op   70,182 allocs/op
  [4/4]  bench  MerkleCommit/sha512_256/Item10/Count10000  1,266,316 ns/op ±1%   2,920,505 B/op ±0%   70,182 allocs/op ±0%    3.81s
  [1/4]  bench  MerkleCommit/sha512_256/Item10/Count100000  7,790,465 ns/op   28,866,004 B/op   700,279 allocs/op
  [2/4]  bench  MerkleCommit/sha512_256/Item10/Count100000  7,713,379 ns/op   28,866,256 B/op   700,281 allocs/op
  [3/4]  bench  MerkleCommit/sha512_256/Item10/Count100000  7,673,034 ns/op   28,866,377 B/op   700,281 allocs/op
  [4/4]  bench  MerkleCommit/sha512_256/Item10/Count100000  7,694,585 ns/op ±1%   28,866,268 B/op ±0%   700,281 allocs/op ±0%    5.86s
  [1/4]  bench  MerkleCommit/sha512_256/Item1000/Count10  22,237 ns/op   16,257 B/op   108 allocs/op
  [2/4]  bench  MerkleCommit/sha512_256/Item1000/Count10  22,275 ns/op   16,257 B/op   108 allocs/op
  [3/4]  bench  MerkleCommit/sha512_256/Item1000/Count10  22,057 ns/op   16,257 B/op   108 allocs/op
  [4/4]  bench  MerkleCommit/sha512_256/Item1000/Count10  22,069 ns/op ±2%   16,257 B/op ±0%   108 allocs/op    4.31s
  [1/4]  bench  MerkleCommit/sha512_256/Item1000/Count100  95,651 ns/op   135,889 B/op   763 allocs/op
  [2/4]  bench  MerkleCommit/sha512_256/Item1000/Count100  95,395 ns/op   135,887 B/op   763 allocs/op
  [3/4]  bench  MerkleCommit/sha512_256/Item1000/Count100  94,919 ns/op   135,892 B/op   763 allocs/op
  [4/4]  bench  MerkleCommit/sha512_256/Item1000/Count100  94,764 ns/op ±1%   135,902 B/op ±0%   763 allocs/op ±0%    6.45s
  [1/4]  bench  MerkleCommit/sha512_256/Item1000/Count1000  483,451 ns/op   1,308,168 B/op   7,098 allocs/op
  [2/4]  bench  MerkleCommit/sha512_256/Item1000/Count1000  482,678 ns/op   1,308,239 B/op   7,099 allocs/op
  [3/4]  bench  MerkleCommit/sha512_256/Item1000/Count1000  482,337 ns/op   1,308,272 B/op   7,099 allocs/op
  [4/4]  bench  MerkleCommit/sha512_256/Item1000/Count1000  483,802 ns/op ±1%   1,308,268 B/op ±0%   7,099 allocs/op ±0%    3.7s
  [1/4]  bench  MerkleCommit/sha512_256/Item1000/Count10000  3,214,651 ns/op   13,000,955 B/op   70,185 allocs/op
  [2/4]  bench  MerkleCommit/sha512_256/Item1000/Count10000  3,244,499 ns/op   13,000,990 B/op   70,185 allocs/op
  [3/4]  bench  MerkleCommit/sha512_256/Item1000/Count10000  3,272,526 ns/op   13,000,981 B/op   70,185 allocs/op
  [4/4]  bench  MerkleCommit/sha512_256/Item1000/Count10000  3,284,230 ns/op ±2%   13,001,013 B/op ±0%   70,185 allocs/op ±0%    4.58s
  [1/4]  bench  MerkleCommit/sha512_256/Item1000/Count100000  26,798,194 ns/op   129,665,399 B/op   700,274 allocs/op
  [2/4]  bench  MerkleCommit/sha512_256/Item1000/Count100000  26,622,019 ns/op   129,665,575 B/op   700,275 allocs/op
  [3/4]  bench  MerkleCommit/sha512_256/Item1000/Count100000  26,525,649 ns/op   129,665,632 B/op   700,275 allocs/op
  [4/4]  bench  MerkleCommit/sha512_256/Item1000/Count100000  26,526,432 ns/op ±1%   129,665,657 B/op ±0%   700,276 allocs/op ±0%    3.55s
  [1/4]  bench  MerkleCommit/sha512_256/Item100000/Count10  321,240 ns/op   1,072,409 B/op   117 allocs/op
  [2/4]  bench  MerkleCommit/sha512_256/Item100000/Count10  323,710 ns/op   1,072,402 B/op   117 allocs/op
  [3/4]  bench  MerkleCommit/sha512_256/Item100000/Count10  323,287 ns/op   1,072,407 B/op   117 allocs/op
  [4/4]  bench  MerkleCommit/sha512_256/Item100000/Count10  323,465 ns/op ±1%   1,072,403 B/op ±0%   117 allocs/op    3.72s
  [1/4]  bench  MerkleCommit/sha512_256/Item100000/Count100  1,963,518 ns/op   10,685,824 B/op   781 allocs/op
  [2/4]  bench  MerkleCommit/sha512_256/Item100000/Count100  1,992,288 ns/op   10,685,829 B/op   781 allocs/op
  [3/4]  bench  MerkleCommit/sha512_256/Item100000/Count100  1,983,041 ns/op   10,685,846 B/op   781 allocs/op
  [4/4]  bench  MerkleCommit/sha512_256/Item100000/Count100  1,986,263 ns/op ±1%   10,685,846 B/op ±0%   781 allocs/op    4.26s
  [1/4]  bench  MerkleCommit/sha512_256/Item100000/Count1000  17,803,212 ns/op   106,782,469 B/op   7,111 allocs/op
  [2/4]  bench  MerkleCommit/sha512_256/Item100000/Count1000  17,947,149 ns/op   106,782,431 B/op   7,111 allocs/op
  [3/4]  bench  MerkleCommit/sha512_256/Item100000/Count1000  17,917,913 ns/op   106,782,488 B/op   7,111 allocs/op
  [4/4]  bench  MerkleCommit/sha512_256/Item100000/Count1000  17,939,359 ns/op ±1%   106,782,442 B/op ±0%   7,111 allocs/op ±0%    3.68s
  [1/4]  bench  MerkleCommit/sha512_256/Item100000/Count10000  165,810,655 ns/op   1,067,734,707 B/op   70,259 allocs/op
  [2/4]  bench  MerkleCommit/sha512_256/Item100000/Count10000  166,817,355 ns/op   1,067,733,723 B/op   70,251 allocs/op
  [3/4]  bench  MerkleCommit/sha512_256/Item100000/Count10000  165,137,913 ns/op   1,067,733,738 B/op   70,252 allocs/op
  [4/4]  bench  MerkleCommit/sha512_256/Item100000/Count10000  165,046,905 ns/op ±2%   1,067,733,746 B/op ±0%   70,252 allocs/op ±0%    3.94s
  [1/4]  bench  MerkleCommit/sha512_256/Item100000/Count100000  1,386,200,041 ns/op   10,676,944,792 B/op   700,654 allocs/op
  [2/4]  bench  MerkleCommit/sha512_256/Item100000/Count100000  1,394,160,750 ns/op   10,676,947,736 B/op   700,691 allocs/op
  [3/4]  bench  MerkleCommit/sha512_256/Item100000/Count100000  1,393,395,445 ns/op   10,676,947,149 B/op   700,684 allocs/op
  [4/4]  bench  MerkleCommit/sha512_256/Item100000/Count100000  1,397,258,625 ns/op ±1%   10,676,945,304 B/op ±0%   700,666 allocs/op ±0%    4.2s
  [1/4]  bench  MerkleCommit/sumhash/Item10/Count10   51,008 ns/op   16,788 B/op   217 allocs/op
  [2/4]  bench  MerkleCommit/sumhash/Item10/Count10   50,855 ns/op   16,794 B/op   217 allocs/op
  [3/4]  bench  MerkleCommit/sumhash/Item10/Count10   50,847 ns/op   16,790 B/op   217 allocs/op
  [4/4]  bench  MerkleCommit/sumhash/Item10/Count10   50,573 ns/op ±1%   16,791 B/op ±0%   217 allocs/op    5.13s
  [1/4]  bench  MerkleCommit/sumhash/Item10/Count100  237,627 ns/op   134,794 B/op   1,722 allocs/op
  [2/4]  bench  MerkleCommit/sumhash/Item10/Count100  237,362 ns/op   134,811 B/op   1,722 allocs/op
  [3/4]  bench  MerkleCommit/sumhash/Item10/Count100  237,673 ns/op   134,807 B/op   1,722 allocs/op
  [4/4]  bench  MerkleCommit/sumhash/Item10/Count100  237,355 ns/op ±0%   134,816 B/op ±0%   1,722 allocs/op ±0%    3.66s
  [1/4]  bench  MerkleCommit/sumhash/Item10/Count1000  1,076,911 ns/op   1,268,713 B/op   16,240 allocs/op
  [2/4]  bench  MerkleCommit/sumhash/Item10/Count1000  1,068,832 ns/op   1,268,782 B/op   16,241 allocs/op
  [3/4]  bench  MerkleCommit/sumhash/Item10/Count1000  1,071,347 ns/op   1,268,709 B/op   16,240 allocs/op
  [4/4]  bench  MerkleCommit/sumhash/Item10/Count1000  1,069,370 ns/op ±1%   1,268,739 B/op ±0%   16,241 allocs/op ±0%    3.94s
  [1/4]  bench  MerkleCommit/sumhash/Item10/Count10000  6,446,456 ns/op   12,537,801 B/op   160,464 allocs/op
  [2/4]  bench  MerkleCommit/sumhash/Item10/Count10000  6,433,449 ns/op   12,537,871 B/op   160,465 allocs/op
  [3/4]  bench  MerkleCommit/sumhash/Item10/Count10000  6,400,193 ns/op   12,537,993 B/op   160,466 allocs/op
  [4/4]  bench  MerkleCommit/sumhash/Item10/Count10000  6,419,708 ns/op ±1%   12,537,971 B/op ±0%   160,466 allocs/op ±0%    5.53s
  [1/4]  bench  MerkleCommit/sumhash/Item10/Count100000  49,949,823 ns/op   124,885,880 B/op   1,600,653 allocs/op
  [2/4]  bench  MerkleCommit/sumhash/Item10/Count100000  50,439,219 ns/op   124,885,626 B/op   1,600,650 allocs/op
  [3/4]  bench  MerkleCommit/sumhash/Item10/Count100000  50,456,796 ns/op   124,885,489 B/op   1,600,649 allocs/op
  [4/4]  bench  MerkleCommit/sumhash/Item10/Count100000  50,605,676 ns/op ±1%   124,885,468 B/op ±0%   1,600,649 allocs/op ±0%    3.71s
  [1/4]  bench  MerkleCommit/sumhash/Item1000/Count10  103,555 ns/op   28,618 B/op   232 allocs/op
  [2/4]  bench  MerkleCommit/sumhash/Item1000/Count10  102,478 ns/op   28,639 B/op   233 allocs/op
  [3/4]  bench  MerkleCommit/sumhash/Item1000/Count10  102,744 ns/op   28,635 B/op   232 allocs/op
  [4/4]  bench  MerkleCommit/sumhash/Item1000/Count10  102,795 ns/op ±1%   28,629 B/op ±0%   232 allocs/op ±0%    3.11s
  [1/4]  bench  MerkleCommit/sumhash/Item1000/Count100  462,106 ns/op   250,120 B/op   1,843 allocs/op
  [2/4]  bench  MerkleCommit/sumhash/Item1000/Count100  456,970 ns/op   250,170 B/op   1,844 allocs/op
  [3/4]  bench  MerkleCommit/sumhash/Item1000/Count100  457,124 ns/op   250,155 B/op   1,843 allocs/op
  [4/4]  bench  MerkleCommit/sumhash/Item1000/Count100  455,774 ns/op ±1%   250,166 B/op ±0%   1,844 allocs/op ±0%    3.78s
  [1/4]  bench  MerkleCommit/sumhash/Item1000/Count1000  2,547,702 ns/op   2,406,142 B/op   17,257 allocs/op
  [2/4]  bench  MerkleCommit/sumhash/Item1000/Count1000  2,516,274 ns/op   2,406,372 B/op   17,260 allocs/op
  [3/4]  bench  MerkleCommit/sumhash/Item1000/Count1000  2,521,399 ns/op   2,406,320 B/op   17,259 allocs/op
  [4/4]  bench  MerkleCommit/sumhash/Item1000/Count1000  2,511,425 ns/op ±1%   2,406,372 B/op ±0%   17,260 allocs/op ±0%    4.37s
  [1/4]  bench  MerkleCommit/sumhash/Item1000/Count10000  19,885,944 ns/op   23,898,322 B/op   170,469 allocs/op
  [2/4]  bench  MerkleCommit/sumhash/Item1000/Count10000  19,734,873 ns/op   23,898,680 B/op   170,473 allocs/op
  [3/4]  bench  MerkleCommit/sumhash/Item1000/Count10000  19,766,259 ns/op   23,898,512 B/op   170,471 allocs/op
  [4/4]  bench  MerkleCommit/sumhash/Item1000/Count10000  19,672,986 ns/op ±1%   23,898,635 B/op ±0%   170,473 allocs/op ±0%    3.76s
  [1/4]  bench  MerkleCommit/sumhash/Item1000/Count100000  174,169,312 ns/op   238,483,690 B/op   1,700,623 allocs/op
  [2/4]  bench  MerkleCommit/sumhash/Item1000/Count100000  172,669,653 ns/op   238,485,410 B/op   1,700,643 allocs/op
  [3/4]  bench  MerkleCommit/sumhash/Item1000/Count100000  172,307,808 ns/op   238,485,928 B/op   1,700,649 allocs/op
  [4/4]  bench  MerkleCommit/sumhash/Item1000/Count100000  173,057,766 ns/op ±1%   238,485,916 B/op ±0%   1,700,649 allocs/op ±0%    3.64s
  [1/4]  bench  MerkleCommit/sumhash/Item100000/Count10  2,021,814 ns/op   1,085,595 B/op   259 allocs/op
  [2/4]  bench  MerkleCommit/sumhash/Item100000/Count10  2,053,060 ns/op   1,085,574 B/op   259 allocs/op
  [3/4]  bench  MerkleCommit/sumhash/Item100000/Count10  2,047,260 ns/op   1,085,578 B/op   259 allocs/op
  [4/4]  bench  MerkleCommit/sumhash/Item100000/Count10  2,051,067 ns/op ±2%   1,085,581 B/op ±0%   259 allocs/op    4.24s
  [1/4]  bench  MerkleCommit/sumhash/Item100000/Count100  14,841,881 ns/op   10,798,590 B/op   1,857 allocs/op
  [2/4]  bench  MerkleCommit/sumhash/Item100000/Count100  15,058,624 ns/op   10,798,559 B/op   1,857 allocs/op
  [3/4]  bench  MerkleCommit/sumhash/Item100000/Count100  14,966,541 ns/op   10,798,592 B/op   1,857 allocs/op
  [4/4]  bench  MerkleCommit/sumhash/Item100000/Count100  15,033,821 ns/op ±2%   10,798,580 B/op ±0%   1,857 allocs/op ±0%    3.64s
  [1/4]  bench  MerkleCommit/sumhash/Item100000/Count1000  130,827,573 ns/op   107,879,614 B/op   17,265 allocs/op
  [2/4]  bench  MerkleCommit/sumhash/Item100000/Count1000  132,095,032 ns/op   107,879,206 B/op   17,262 allocs/op
  [3/4]  bench  MerkleCommit/sumhash/Item100000/Count1000  131,753,307 ns/op   107,879,221 B/op   17,261 allocs/op
  [4/4]  bench  MerkleCommit/sumhash/Item100000/Count1000  131,276,061 ns/op ±1%   107,879,112 B/op ±0%   17,261 allocs/op ±0%    3.56s
  [1/4]  bench  MerkleCommit/sumhash/Item100000/Count10000  1,281,534,500 ns/op   1,078,625,544 B/op   170,497 allocs/op
  [2/4]  bench  MerkleCommit/sumhash/Item100000/Count10000  1,269,568,458 ns/op   1,078,626,040 B/op   170,499 allocs/op
  [3/4]  bench  MerkleCommit/sumhash/Item100000/Count10000  1,278,565,514 ns/op   1,078,625,736 B/op   170,493 allocs/op
  [4/4]  bench  MerkleCommit/sumhash/Item100000/Count10000  1,269,963,500 ns/op ±2%   1,078,625,800 B/op ±0%   170,494 allocs/op ±0%    3.8s
  [1/4]  bench  MerkleCommit/sumhash/Item100000/Count100000  12,414,394,708 ns/op   10,785,727,448 B/op   1,700,750 allocs/op
  [2/4]  bench  MerkleCommit/sumhash/Item100000/Count100000  12,392,158,917 ns/op   10,785,730,056 B/op   1,700,776 allocs/op
  [3/4]  bench  MerkleCommit/sumhash/Item100000/Count100000  12,364,855,736 ns/op   10,785,729,176 B/op   1,700,765 allocs/op
  [4/4]  bench  MerkleCommit/sumhash/Item100000/Count100000  12,320,458,167 ns/op ±1%   10,785,728,724 B/op ±0%   1,700,761 allocs/op ±0%    36.87s
  [1/4]  bench  MerkleCommit/sha256/Item10/Count10    8,015 ns/op   5,512 B/op   107 allocs/op
  [2/4]  bench  MerkleCommit/sha256/Item10/Count10    7,920 ns/op   5,512 B/op   107 allocs/op
  [3/4]  bench  MerkleCommit/sha256/Item10/Count10    8,026 ns/op   5,511 B/op   107 allocs/op
  [4/4]  bench  MerkleCommit/sha256/Item10/Count10    8,020 ns/op ±3%   5,511 B/op ±0%   107 allocs/op    3.91s
  [1/4]  bench  MerkleCommit/sha256/Item10/Count100   38,588 ns/op   33,488 B/op   759 allocs/op
  [2/4]  bench  MerkleCommit/sha256/Item10/Count100   38,094 ns/op   33,496 B/op   759 allocs/op
  [3/4]  bench  MerkleCommit/sha256/Item10/Count100   38,033 ns/op   33,498 B/op   759 allocs/op
  [4/4]  bench  MerkleCommit/sha256/Item10/Count100   38,232 ns/op ±2%   33,497 B/op ±0%   759 allocs/op    4.73s
  [1/4]  bench  MerkleCommit/sha256/Item10/Count1000  200,581 ns/op   296,350 B/op   7,086 allocs/op
  [2/4]  bench  MerkleCommit/sha256/Item10/Count1000  201,481 ns/op   296,359 B/op   7,086 allocs/op
  [3/4]  bench  MerkleCommit/sha256/Item10/Count1000  202,257 ns/op   296,353 B/op   7,086 allocs/op
  [4/4]  bench  MerkleCommit/sha256/Item10/Count1000  201,414 ns/op ±1%   296,352 B/op ±0%   7,086 allocs/op    3.67s
  [1/4]  bench  MerkleCommit/sha256/Item10/Count10000  1,065,020 ns/op   2,914,264 B/op   70,172 allocs/op
  [2/4]  bench  MerkleCommit/sha256/Item10/Count10000  1,060,597 ns/op   2,914,338 B/op   70,173 allocs/op
  [3/4]  bench  MerkleCommit/sha256/Item10/Count10000  1,061,475 ns/op   2,914,303 B/op   70,173 allocs/op
  [4/4]  bench  MerkleCommit/sha256/Item10/Count10000  1,059,661 ns/op ±1%   2,914,313 B/op ±0%   70,173 allocs/op ±0%    3.89s
  [1/4]  bench  MerkleCommit/sha256/Item10/Count100000  6,720,154 ns/op   28,855,705 B/op   700,268 allocs/op
  [2/4]  bench  MerkleCommit/sha256/Item10/Count100000  6,717,414 ns/op   28,855,739 B/op   700,269 allocs/op
  [3/4]  bench  MerkleCommit/sha256/Item10/Count100000  6,685,606 ns/op   28,855,832 B/op   700,269 allocs/op
  [4/4]  bench  MerkleCommit/sha256/Item10/Count100000  6,700,361 ns/op ±1%   28,855,817 B/op ±0%   700,269 allocs/op ±0%    5.64s
  [1/4]  bench  MerkleCommit/sha256/Item1000/Count10  15,150 ns/op   15,648 B/op   107 allocs/op
  [2/4]  bench  MerkleCommit/sha256/Item1000/Count10  15,217 ns/op   15,647 B/op   107 allocs/op
  [3/4]  bench  MerkleCommit/sha256/Item1000/Count10  15,218 ns/op   15,647 B/op   107 allocs/op
  [4/4]  bench  MerkleCommit/sha256/Item1000/Count10  15,095 ns/op ±2%   15,647 B/op ±0%   107 allocs/op    4.04s
  [1/4]  bench  MerkleCommit/sha256/Item1000/Count100  73,200 ns/op   134,517 B/op   761 allocs/op
  [2/4]  bench  MerkleCommit/sha256/Item1000/Count100  73,063 ns/op   134,525 B/op   761 allocs/op
  [3/4]  bench  MerkleCommit/sha256/Item1000/Count100  73,348 ns/op   134,527 B/op   761 allocs/op
  [4/4]  bench  MerkleCommit/sha256/Item1000/Count100  73,720 ns/op ±1%   134,525 B/op ±0%   761 allocs/op    5.83s
  [1/4]  bench  MerkleCommit/sha256/Item1000/Count1000  402,783 ns/op   1,305,312 B/op   7,095 allocs/op
  [2/4]  bench  MerkleCommit/sha256/Item1000/Count1000  401,827 ns/op   1,305,291 B/op   7,095 allocs/op
  [3/4]  bench  MerkleCommit/sha256/Item1000/Count1000  401,717 ns/op   1,305,294 B/op   7,095 allocs/op
  [4/4]  bench  MerkleCommit/sha256/Item1000/Count1000  401,653 ns/op ±0%   1,305,295 B/op ±0%   7,095 allocs/op    3.71s
  [1/4]  bench  MerkleCommit/sha256/Item1000/Count10000  2,799,309 ns/op   12,995,038 B/op   70,179 allocs/op
  [2/4]  bench  MerkleCommit/sha256/Item1000/Count10000  2,819,354 ns/op   12,995,032 B/op   70,179 allocs/op
  [3/4]  bench  MerkleCommit/sha256/Item1000/Count10000  2,837,338 ns/op   12,995,064 B/op   70,179 allocs/op
  [4/4]  bench  MerkleCommit/sha256/Item1000/Count10000  2,823,218 ns/op ±2%   12,995,020 B/op ±0%   70,179 allocs/op ±0%    4.5s
  [1/4]  bench  MerkleCommit/sha256/Item1000/Count100000  23,744,615 ns/op   129,656,224 B/op   700,270 allocs/op
  [2/4]  bench  MerkleCommit/sha256/Item1000/Count100000  23,668,953 ns/op   129,656,177 B/op   700,270 allocs/op
  [3/4]  bench  MerkleCommit/sha256/Item1000/Count100000  23,735,956 ns/op   129,656,145 B/op   700,270 allocs/op
  [4/4]  bench  MerkleCommit/sha256/Item1000/Count100000  23,709,843 ns/op ±1%   129,656,120 B/op ±0%   700,270 allocs/op ±0%    3.87s
  [1/4]  bench  MerkleCommit/sha256/Item100000/Count10  230,570 ns/op   1,071,220 B/op   115 allocs/op
  [2/4]  bench  MerkleCommit/sha256/Item100000/Count10  228,819 ns/op   1,071,224 B/op   115 allocs/op
  [3/4]  bench  MerkleCommit/sha256/Item100000/Count10  229,002 ns/op   1,071,222 B/op   115 allocs/op
  [4/4]  bench  MerkleCommit/sha256/Item100000/Count10  228,424 ns/op ±1%   1,071,224 B/op ±0%   115 allocs/op    3.7s
  [1/4]  bench  MerkleCommit/sha256/Item100000/Count100  1,505,844 ns/op   10,683,670 B/op   779 allocs/op
  [2/4]  bench  MerkleCommit/sha256/Item100000/Count100  1,502,818 ns/op   10,683,669 B/op   779 allocs/op
  [3/4]  bench  MerkleCommit/sha256/Item100000/Count100  1,507,037 ns/op   10,683,664 B/op   779 allocs/op
  [4/4]  bench  MerkleCommit/sha256/Item100000/Count100  1,500,877 ns/op ±1%   10,683,664 B/op ±0%   779 allocs/op    4.03s
  [1/4]  bench  MerkleCommit/sha256/Item100000/Count1000  14,035,852 ns/op   106,779,272 B/op   7,107 allocs/op
  [2/4]  bench  MerkleCommit/sha256/Item100000/Count1000  14,068,920 ns/op   106,779,242 B/op   7,107 allocs/op
  [3/4]  bench  MerkleCommit/sha256/Item100000/Count1000  14,035,516 ns/op   106,779,240 B/op   7,107 allocs/op
  [4/4]  bench  MerkleCommit/sha256/Item100000/Count1000  14,083,682 ns/op ±1%   106,779,261 B/op ±0%   7,107 allocs/op ±0%    3.55s
  [1/4]  bench  MerkleCommit/sha256/Item100000/Count10000  133,577,714 ns/op   1,067,726,248 B/op   70,227 allocs/op
  [2/4]  bench  MerkleCommit/sha256/Item100000/Count10000  133,947,732 ns/op   1,067,725,240 B/op   70,217 allocs/op
  [3/4]  bench  MerkleCommit/sha256/Item100000/Count10000  132,987,564 ns/op   1,067,725,265 B/op   70,218 allocs/op
  [4/4]  bench  MerkleCommit/sha256/Item100000/Count10000  133,422,841 ns/op ±1%   1,067,725,532 B/op ±0%   70,221 allocs/op ±0%    3.72s
  [1/4]  bench  MerkleCommit/sha256/Item100000/Count100000  1,123,916,750 ns/op   10,676,929,432 B/op   700,595 allocs/op
  [2/4]  bench  MerkleCommit/sha256/Item100000/Count100000  1,127,424,334 ns/op   10,676,920,920 B/op   700,506 allocs/op
  [3/4]  bench  MerkleCommit/sha256/Item100000/Count100000  1,135,879,611 ns/op   10,676,918,275 B/op   700,478 allocs/op
  [4/4]  bench  MerkleCommit/sha256/Item100000/Count100000  1,135,309,594 ns/op ±1%   10,676,922,032 B/op ±0%   700,517 allocs/op ±0%    3.42s
  [1/4]  bench  AppendMsgBlockHeader                  37.6 ns/op   26.6 MB/s   0.000 B/op   0.000 allocs/op
  [2/4]  bench  AppendMsgBlockHeader                  38.0 ns/op   26.4 MB/s   0.000 B/op   0.000 allocs/op
  [3/4]  bench  AppendMsgBlockHeader                  37.5 ns/op   26.7 MB/s   0.000 B/op   0.000 allocs/op
  [4/4]  bench  AppendMsgBlockHeader                  37.2 ns/op ±3%   26.9 MB/s ±3%   0.000 B/op   0.000 allocs/op    3.69s
  [1/4]  bench  AppendMsgSignedTxn                    75.4 ns/op   13.3 MB/s   0.000 B/op   0.000 allocs/op
  [2/4]  bench  AppendMsgSignedTxn                    75.1 ns/op   13.3 MB/s   0.000 B/op   0.000 allocs/op
  [3/4]  bench  AppendMsgSignedTxn                    75.3 ns/op   13.3 MB/s   0.000 B/op   0.000 allocs/op
  [4/4]  bench  AppendMsgSignedTxn                    75.1 ns/op ±0%   13.3 MB/s ±0%   0.000 B/op   0.000 allocs/op    3.84s
  [1/4]  bench  PaysetGroups                          5,831 ns/op   132,676 B/op   8.00 allocs/op
  [2/4]  bench  PaysetGroups                          5,765 ns/op   131,970 B/op   8.00 allocs/op
  [3/4]  bench  PaysetGroups                          5,708 ns/op   132,209 B/op   8.00 allocs/op
  [4/4]  bench  PaysetGroups                          5,693 ns/op ±2%   132,256 B/op ±1%   8.00 allocs/op    26.3s
  [1/4]  bench  Txn                                   41,067 ns/op   9,512 B/op   12.0 allocs/op
  [2/4]  bench  Txn                                   40,967 ns/op   9,511 B/op   12.0 allocs/op
  [3/4]  bench  Txn                                   40,942 ns/op   9,511 B/op   12.0 allocs/op
  [4/4]  bench  Txn                                   40,928 ns/op ±0%   9,510 B/op ±0%   12.0 allocs/op    9.05s
  [1/4]  bench  TxHandlerProcessing/processDecoded    9,971 ns/op   3,888 B/op   43.0 allocs/op
  [2/4]  bench  TxHandlerProcessing/processDecoded    10,091 ns/op   3,888 B/op   43.0 allocs/op
  [3/4]  bench  TxHandlerProcessing/processDecoded    10,108 ns/op   3,888 B/op   43.0 allocs/op
  [4/4]  bench  TxHandlerProcessing/processDecoded    10,096 ns/op ±1%   3,888 B/op   43.0 allocs/op    9.17s
  [1/4]  bench  TxHandlerProcessing/verify.TxnGroup   41,582 ns/op   11,744 B/op   16.0 allocs/op
  [2/4]  bench  TxHandlerProcessing/verify.TxnGroup   41,599 ns/op   11,744 B/op   16.0 allocs/op
  [3/4]  bench  TxHandlerProcessing/verify.TxnGroup   41,572 ns/op   11,744 B/op   16.0 allocs/op
  [4/4]  bench  TxHandlerProcessing/verify.TxnGroup   41,507 ns/op ±0%   11,744 B/op   16.0 allocs/op    6.52s
  [1/4]  bench  CompactDeltas/account-deltas          1,619,613 ns/op   4,172,793 B/op   18.0 allocs/op
  [2/4]  bench  CompactDeltas/account-deltas          1,522,473 ns/op   4,173,304 B/op   18.0 allocs/op
  [3/4]  bench  CompactDeltas/account-deltas          1,483,336 ns/op   4,177,677 B/op   18.0 allocs/op
  [4/4]  bench  CompactDeltas/account-deltas          1,463,892 ns/op ±7%   4,177,355 B/op ±0%   18.0 allocs/op    16.98s
