  [1/4]  bench  MerkleCommit/sha512_256/Item10/Count10  13,634 ns/op   6,090 B/op   107 allocs/op
  [2/4]  bench  MerkleCommit/sha512_256/Item10/Count10  13,687 ns/op   6,089 B/op   107 allocs/op
  [3/4]  bench  MerkleCommit/sha512_256/Item10/Count10  13,677 ns/op   6,088 B/op   107 allocs/op
  [4/4]  bench  MerkleCommit/sha512_256/Item10/Count10  13,671 ns/op ±0%   6,088 B/op ±0%   107 allocs/op    4.07s
  [1/4]  bench  MerkleCommit/sha512_256/Item10/Count100  53,219 ns/op   34,690 B/op   761 allocs/op
  [2/4]  bench  MerkleCommit/sha512_256/Item10/Count100  53,439 ns/op   34,678 B/op   761 allocs/op
  [3/4]  bench  MerkleCommit/sha512_256/Item10/Count100  53,410 ns/op   34,678 B/op   761 allocs/op
  [4/4]  bench  MerkleCommit/sha512_256/Item10/Count100  53,335 ns/op ±1%   34,681 B/op ±0%   761 allocs/op ±0%    5.22s
  [1/4]  bench  MerkleCommit/sha512_256/Item10/Count1000  251,733 ns/op   298,997 B/op   7,091 allocs/op
  [2/4]  bench  MerkleCommit/sha512_256/Item10/Count1000  250,347 ns/op   299,007 B/op   7,091 allocs/op
  [3/4]  bench  MerkleCommit/sha512_256/Item10/Count1000  249,958 ns/op   299,012 B/op   7,091 allocs/op
  [4/4]  bench  MerkleCommit/sha512_256/Item10/Count1000  250,518 ns/op ±1%   299,004 B/op ±0%   7,091 allocs/op ±0%    3.71s
  [1/4]  bench  MerkleCommit/sha512_256/Item10/Count10000  1,268,812 ns/op   2,920,618 B/op   70,183 allocs/op
  [2/4]  bench  MerkleCommit/sha512_256/Item10/Count10000  1,276,522 ns/op   2,920,482 B/op   70,182 allocs/op
  [3/4]  bench  MerkleCommit/sha512_256/Item10/Count10000  1,274,491 ns/op   2,920,536 B/op   70,182 allocs/op
  [4/4]  bench  MerkleCommit/sha512_256/Item10/Count10000  1,274,147 ns/op ±1%   2,920,478 B/op ±0%   70,182 allocs/op ±0%    4s
  [1/4]  bench  MerkleCommit/sha512_256/Item10/Count100000  7,831,786 ns/op   28,866,113 B/op   700,280 allocs/op
  [2/4]  bench  MerkleCommit/sha512_256/Item10/Count100000  7,748,713 ns/op   28,866,333 B/op   700,282 allocs/op
  [3/4]  bench  MerkleCommit/sha512_256/Item10/Count100000  7,752,299 ns/op   28,866,353 B/op   700,281 allocs/op
  [4/4]  bench  MerkleCommit/sha512_256/Item10/Count100000  7,793,982 ns/op ±2%   28,866,243 B/op ±0%   700,281 allocs/op ±0%    5.95s
  [1/4]  bench  MerkleCommit/sha512_256/Item1000/Count10  22,324 ns/op   16,257 B/op   108 allocs/op
  [2/4]  bench  MerkleCommit/sha512_256/Item1000/Count10  22,384 ns/op   16,254 B/op   108 allocs/op
  [3/4]  bench  MerkleCommit/sha512_256/Item1000/Count10  22,372 ns/op   16,255 B/op   108 allocs/op
  [4/4]  bench  MerkleCommit/sha512_256/Item1000/Count10  22,369 ns/op ±0%   16,254 B/op ±0%   108 allocs/op    4.29s
  [1/4]  bench  MerkleCommit/sha512_256/Item1000/Count100  96,301 ns/op   135,893 B/op   763 allocs/op
  [2/4]  bench  MerkleCommit/sha512_256/Item1000/Count100  95,594 ns/op   135,894 B/op   763 allocs/op
  [3/4]  bench  MerkleCommit/sha512_256/Item1000/Count100  95,212 ns/op   135,906 B/op   763 allocs/op
  [4/4]  bench  MerkleCommit/sha512_256/Item1000/Count100  95,054 ns/op ±1%   135,905 B/op ±0%   763 allocs/op ±0%    6.46s
  [1/4]  bench  MerkleCommit/sha512_256/Item1000/Count1000  484,323 ns/op   1,308,350 B/op   7,099 allocs/op
  [2/4]  bench  MerkleCommit/sha512_256/Item1000/Count1000  486,481 ns/op   1,308,312 B/op   7,099 allocs/op
  [3/4]  bench  MerkleCommit/sha512_256/Item1000/Count1000  486,575 ns/op   1,308,331 B/op   7,099 allocs/op
  [4/4]  bench  MerkleCommit/sha512_256/Item1000/Count1000  487,219 ns/op ±0%   1,308,319 B/op ±0%   7,099 allocs/op ±0%    3.76s
  [1/4]  bench  MerkleCommit/sha512_256/Item1000/Count10000  3,269,545 ns/op   13,001,079 B/op   70,186 allocs/op
  [2/4]  bench  MerkleCommit/sha512_256/Item1000/Count10000  3,267,936 ns/op   13,001,002 B/op   70,186 allocs/op
  [3/4]  bench  MerkleCommit/sha512_256/Item1000/Count10000  3,288,486 ns/op   13,001,032 B/op   70,186 allocs/op
  [4/4]  bench  MerkleCommit/sha512_256/Item1000/Count10000  3,289,598 ns/op ±1%   13,001,038 B/op ±0%   70,186 allocs/op ±0%    4.62s
  [1/4]  bench  MerkleCommit/sha512_256/Item1000/Count100000  26,363,417 ns/op   129,665,326 B/op   700,273 allocs/op
  [2/4]  bench  MerkleCommit/sha512_256/Item1000/Count100000  26,478,892 ns/op   129,665,480 B/op   700,274 allocs/op
  [3/4]  bench  MerkleCommit/sha512_256/Item1000/Count100000  26,565,129 ns/op   129,665,414 B/op   700,274 allocs/op
  [4/4]  bench  MerkleCommit/sha512_256/Item1000/Count100000  26,467,180 ns/op ±1%   129,665,490 B/op ±0%   700,274 allocs/op ±0%    4.54s
  [1/4]  bench  MerkleCommit/sha512_256/Item100000/Count10  330,017 ns/op   1,072,393 B/op   117 allocs/op
  [2/4]  bench  MerkleCommit/sha512_256/Item100000/Count10  328,052 ns/op   1,072,403 B/op   117 allocs/op
  [3/4]  bench  MerkleCommit/sha512_256/Item100000/Count10  326,162 ns/op   1,072,400 B/op   117 allocs/op
  [4/4]  bench  MerkleCommit/sha512_256/Item100000/Count10  325,606 ns/op ±1%   1,072,399 B/op ±0%   117 allocs/op    3.63s
  [1/4]  bench  MerkleCommit/sha512_256/Item100000/Count100  1,968,821 ns/op   10,685,845 B/op   781 allocs/op
  [2/4]  bench  MerkleCommit/sha512_256/Item100000/Count100  1,993,926 ns/op   10,685,870 B/op   781 allocs/op
  [3/4]  bench  MerkleCommit/sha512_256/Item100000/Count100  1,987,945 ns/op   10,685,857 B/op   781 allocs/op
  [4/4]  bench  MerkleCommit/sha512_256/Item100000/Count100  1,984,368 ns/op ±1%   10,685,865 B/op ±0%   781 allocs/op    4.19s
  [1/4]  bench  MerkleCommit/sha512_256/Item100000/Count1000  17,847,612 ns/op   106,782,772 B/op   7,113 allocs/op
  [2/4]  bench  MerkleCommit/sha512_256/Item100000/Count1000  18,043,686 ns/op   106,782,692 B/op   7,113 allocs/op
  [3/4]  bench  MerkleCommit/sha512_256/Item100000/Count1000  18,001,083 ns/op   106,782,626 B/op   7,112 allocs/op
  [4/4]  bench  MerkleCommit/sha512_256/Item100000/Count1000  18,112,220 ns/op ±2%   106,782,623 B/op ±0%   7,112 allocs/op ±0%    3.65s
  [1/4]  bench  MerkleCommit/sha512_256/Item100000/Count10000  167,456,113 ns/op   1,067,733,153 B/op   70,243 allocs/op
  [2/4]  bench  MerkleCommit/sha512_256/Item100000/Count10000  168,646,045 ns/op   1,067,733,399 B/op   70,246 allocs/op
  [3/4]  bench  MerkleCommit/sha512_256/Item100000/Count10000  167,227,958 ns/op   1,067,733,013 B/op   70,242 allocs/op
  [4/4]  bench  MerkleCommit/sha512_256/Item100000/Count10000  167,128,415 ns/op ±2%   1,067,732,833 B/op ±0%   70,241 allocs/op ±0%    4s
  [1/4]  bench  MerkleCommit/sha512_256/Item100000/Count100000  1,370,658,792 ns/op   10,676,940,808 B/op   700,633 allocs/op
  [2/4]  bench  MerkleCommit/sha512_256/Item100000/Count100000  1,378,947,105 ns/op   10,676,934,136 B/op   700,569 allocs/op
  [3/4]  bench  MerkleCommit/sha512_256/Item100000/Count100000  1,373,030,500 ns/op   10,676,932,616 B/op   700,558 allocs/op
  [4/4]  bench  MerkleCommit/sha512_256/Item100000/Count100000  1,370,932,792 ns/op ±1%   10,676,931,580 B/op ±0%   700,556 allocs/op ±0%    4.11s
  [1/4]  bench  MerkleCommit/sumhash/Item10/Count10   50,454 ns/op   16,782 B/op   217 allocs/op
  [2/4]  bench  MerkleCommit/sumhash/Item10/Count10   50,147 ns/op   16,791 B/op   217 allocs/op
  [3/4]  bench  MerkleCommit/sumhash/Item10/Count10   50,438 ns/op   16,791 B/op   217 allocs/op
  [4/4]  bench  MerkleCommit/sumhash/Item10/Count10   50,332 ns/op ±1%   16,790 B/op ±0%   217 allocs/op    5.12s
  [1/4]  bench  MerkleCommit/sumhash/Item10/Count100  236,981 ns/op   134,849 B/op   1,723 allocs/op
  [2/4]  bench  MerkleCommit/sumhash/Item10/Count100  236,660 ns/op   134,840 B/op   1,723 allocs/op
  [3/4]  bench  MerkleCommit/sumhash/Item10/Count100  237,071 ns/op   134,829 B/op   1,722 allocs/op
  [4/4]  bench  MerkleCommit/sumhash/Item10/Count100  237,104 ns/op ±0%   134,836 B/op ±0%   1,723 allocs/op ±0%    3.58s
  [1/4]  bench  MerkleCommit/sumhash/Item10/Count1000  1,070,959 ns/op   1,268,783 B/op   16,241 allocs/op
  [2/4]  bench  MerkleCommit/sumhash/Item10/Count1000  1,068,038 ns/op   1,268,817 B/op   16,242 allocs/op
  [3/4]  bench  MerkleCommit/sumhash/Item10/Count1000  1,068,373 ns/op   1,268,783 B/op   16,241 allocs/op
  [4/4]  bench  MerkleCommit/sumhash/Item10/Count1000  1,067,011 ns/op ±0%   1,268,795 B/op ±0%   16,241 allocs/op ±0%    3.91s
  [1/4]  bench  MerkleCommit/sumhash/Item10/Count10000  6,454,415 ns/op   12,538,205 B/op   160,468 allocs/op
  [2/4]  bench  MerkleCommit/sumhash/Item10/Count10000  6,459,462 ns/op   12,538,127 B/op   160,467 allocs/op
  [3/4]  bench  MerkleCommit/sumhash/Item10/Count10000  6,426,719 ns/op   12,538,238 B/op   160,469 allocs/op
  [4/4]  bench  MerkleCommit/sumhash/Item10/Count10000  6,410,780 ns/op ±1%   12,538,235 B/op ±0%   160,469 allocs/op ±0%    5.51s
  [1/4]  bench  MerkleCommit/sumhash/Item10/Count100000  49,311,809 ns/op   124,886,005 B/op   1,600,655 allocs/op
  [2/4]  bench  MerkleCommit/sumhash/Item10/Count100000  50,119,951 ns/op   124,885,656 B/op   1,600,651 allocs/op
  [3/4]  bench  MerkleCommit/sumhash/Item10/Count100000  49,984,352 ns/op   124,885,626 B/op   1,600,651 allocs/op
  [4/4]  bench  MerkleCommit/sumhash/Item10/Count100000  50,303,945 ns/op ±2%   124,885,447 B/op ±0%   1,600,649 allocs/op ±0%    3.7s
  [1/4]  bench  MerkleCommit/sumhash/Item1000/Count10  105,480 ns/op   28,639 B/op   233 allocs/op
  [2/4]  bench  MerkleCommit/sumhash/Item1000/Count10  105,046 ns/op   28,639 B/op   233 allocs/op
  [3/4]  bench  MerkleCommit/sumhash/Item1000/Count10  105,450 ns/op   28,636 B/op   233 allocs/op
  [4/4]  bench  MerkleCommit/sumhash/Item1000/Count10  105,369 ns/op ±1%   28,635 B/op ±0%   233 allocs/op ±0%    3.19s
  [1/4]  bench  MerkleCommit/sumhash/Item1000/Count100  458,831 ns/op   250,121 B/op   1,843 allocs/op
  [2/4]  bench  MerkleCommit/sumhash/Item1000/Count100  457,707 ns/op   250,168 B/op   1,844 allocs/op
  [3/4]  bench  MerkleCommit/sumhash/Item1000/Count100  457,650 ns/op   250,166 B/op   1,843 allocs/op
  [4/4]  bench  MerkleCommit/sumhash/Item1000/Count100  456,932 ns/op ±0%   250,186 B/op ±0%   1,844 allocs/op ±0%    3.73s
  [1/4]  bench  MerkleCommit/sumhash/Item1000/Count1000  2,549,584 ns/op   2,406,335 B/op   17,259 allocs/op
  [2/4]  bench  MerkleCommit/sumhash/Item1000/Count1000  2,521,328 ns/op   2,406,456 B/op   17,261 allocs/op
  [3/4]  bench  MerkleCommit/sumhash/Item1000/Count1000  2,525,872 ns/op   2,406,413 B/op   17,260 allocs/op
  [4/4]  bench  MerkleCommit/sumhash/Item1000/Count1000  2,517,066 ns/op ±1%   2,406,443 B/op ±0%   17,261 allocs/op ±0%    4.35s
  [1/4]  bench  MerkleCommit/sumhash/Item1000/Count10000  19,872,376 ns/op   23,898,536 B/op   170,471 allocs/op
  [2/4]  bench  MerkleCommit/sumhash/Item1000/Count10000  19,640,237 ns/op   23,898,708 B/op   170,474 allocs/op
  [3/4]  bench  MerkleCommit/sumhash/Item1000/Count10000  19,609,662 ns/op   23,898,733 B/op   170,474 allocs/op
  [4/4]  bench  MerkleCommit/sumhash/Item1000/Count10000  19,636,488 ns/op ±1%   23,898,683 B/op ±0%   170,473 allocs/op ±0%    3.48s
  [1/4]  bench  MerkleCommit/sumhash/Item1000/Count100000  171,850,660 ns/op   238,487,400 B/op   1,700,665 allocs/op
  [2/4]  bench  MerkleCommit/sumhash/Item1000/Count100000  175,232,716 ns/op   238,486,823 B/op   1,700,659 allocs/op
  [3/4]  bench  MerkleCommit/sumhash/Item1000/Count100000  174,390,104 ns/op   238,486,709 B/op   1,700,658 allocs/op
  [4/4]  bench  MerkleCommit/sumhash/Item1000/Count100000  174,753,995 ns/op ±2%   238,486,814 B/op ±0%   1,700,659 allocs/op ±0%    3.69s
  [1/4]  bench  MerkleCommit/sumhash/Item100000/Count10  2,028,421 ns/op   1,085,599 B/op   259 allocs/op
  [2/4]  bench  MerkleCommit/sumhash/Item100000/Count10  2,057,322 ns/op   1,085,605 B/op   259 allocs/op
  [3/4]  bench  MerkleCommit/sumhash/Item100000/Count10  2,050,295 ns/op   1,085,607 B/op   259 allocs/op
  [4/4]  bench  MerkleCommit/sumhash/Item100000/Count10  2,054,201 ns/op ±1%   1,085,601 B/op ±0%   259 allocs/op    4.28s
  [1/4]  bench  MerkleCommit/sumhash/Item100000/Count100  14,862,352 ns/op   10,798,622 B/op   1,857 allocs/op
  [2/4]  bench  MerkleCommit/sumhash/Item100000/Count100  15,059,149 ns/op   10,798,591 B/op   1,857 allocs/op
  [3/4]  bench  MerkleCommit/sumhash/Item100000/Count100  15,023,297 ns/op   10,798,597 B/op   1,857 allocs/op
  [4/4]  bench  MerkleCommit/sumhash/Item100000/Count100  15,023,811 ns/op ±1%   10,798,599 B/op ±0%   1,857 allocs/op ±0%    3.66s
  [1/4]  bench  MerkleCommit/sumhash/Item100000/Count1000  130,439,740 ns/op   107,878,624 B/op   17,256 allocs/op
  [2/4]  bench  MerkleCommit/sumhash/Item100000/Count1000  131,599,974 ns/op   107,878,825 B/op   17,258 allocs/op
  [3/4]  bench  MerkleCommit/sumhash/Item100000/Count1000  131,650,898 ns/op   107,878,722 B/op   17,257 allocs/op
  [4/4]  bench  MerkleCommit/sumhash/Item100000/Count1000  131,214,952 ns/op ±1%   107,878,804 B/op ±0%   17,258 allocs/op ±0%    3.55s
  [1/4]  bench  MerkleCommit/sumhash/Item100000/Count10000  1,280,192,042 ns/op   1,078,625,816 B/op   170,497 allocs/op
  [2/4]  bench  MerkleCommit/sumhash/Item100000/Count10000  1,276,170,209 ns/op   1,078,626,416 B/op   170,495 allocs/op
  [3/4]  bench  MerkleCommit/sumhash/Item100000/Count10000  1,282,608,070 ns/op   1,078,626,616 B/op   170,499 allocs/op
  [4/4]  bench  MerkleCommit/sumhash/Item100000/Count10000  1,277,038,271 ns/op ±1%   1,078,626,748 B/op ±0%   170,500 allocs/op ±0%    3.83s
  [1/4]  bench  MerkleCommit/sumhash/Item100000/Count100000  12,346,136,458 ns/op   10,785,734,120 B/op   1,700,780 allocs/op
  [2/4]  bench  MerkleCommit/sumhash/Item100000/Count100000  12,347,955,042 ns/op   10,785,729,752 B/op   1,700,758 allocs/op
  [3/4]  bench  MerkleCommit/sumhash/Item100000/Count100000  12,335,225,181 ns/op   10,785,729,795 B/op   1,700,764 allocs/op
  [4/4]  bench  MerkleCommit/sumhash/Item100000/Count100000  12,285,608,750 ns/op ±1%   10,785,729,268 B/op ±0%   1,700,760 allocs/op ±0%    36.8s
  [1/4]  bench  MerkleCommit/sha256/Item10/Count10    8,120 ns/op   5,512 B/op   107 allocs/op
  [2/4]  bench  MerkleCommit/sha256/Item10/Count10    8,168 ns/op   5,512 B/op   107 allocs/op
  [3/4]  bench  MerkleCommit/sha256/Item10/Count10    8,166 ns/op   5,512 B/op   107 allocs/op
  [4/4]  bench  MerkleCommit/sha256/Item10/Count10    8,166 ns/op ±1%   5,512 B/op ±0%   107 allocs/op    3.84s
  [1/4]  bench  MerkleCommit/sha256/Item10/Count100   39,193 ns/op   33,504 B/op   759 allocs/op
  [2/4]  bench  MerkleCommit/sha256/Item10/Count100   39,674 ns/op   33,498 B/op   759 allocs/op
  [3/4]  bench  MerkleCommit/sha256/Item10/Count100   39,979 ns/op   33,499 B/op   759 allocs/op
  [4/4]  bench  MerkleCommit/sha256/Item10/Count100   40,073 ns/op ±2%   33,497 B/op ±0%   759 allocs/op    4.83s
  [1/4]  bench  MerkleCommit/sha256/Item10/Count1000  202,623 ns/op   296,372 B/op   7,086 allocs/op
  [2/4]  bench  MerkleCommit/sha256/Item10/Count1000  203,834 ns/op   296,356 B/op   7,086 allocs/op
  [3/4]  bench  MerkleCommit/sha256/Item10/Count1000  203,139 ns/op   296,354 B/op   7,086 allocs/op
  [4/4]  bench  MerkleCommit/sha256/Item10/Count1000  203,543 ns/op ±1%   296,349 B/op ±0%   7,086 allocs/op    3.66s
  [1/4]  bench  MerkleCommit/sha256/Item10/Count10000  1,057,627 ns/op   2,914,373 B/op   70,173 allocs/op
  [2/4]  bench  MerkleCommit/sha256/Item10/Count10000  1,061,035 ns/op   2,914,320 B/op   70,173 allocs/op
  [3/4]  bench  MerkleCommit/sha256/Item10/Count10000  1,057,452 ns/op   2,914,332 B/op   70,173 allocs/op
  [4/4]  bench  MerkleCommit/sha256/Item10/Count10000  1,056,655 ns/op ±1%   2,914,312 B/op ±0%   70,173 allocs/op ±0%    3.94s
  [1/4]  bench  MerkleCommit/sha256/Item10/Count100000  6,641,961 ns/op   28,855,975 B/op   700,271 allocs/op
  [2/4]  bench  MerkleCommit/sha256/Item10/Count100000  6,644,391 ns/op   28,855,956 B/op   700,271 allocs/op
  [3/4]  bench  MerkleCommit/sha256/Item10/Count100000  6,661,662 ns/op   28,855,849 B/op   700,269 allocs/op
  [4/4]  bench  MerkleCommit/sha256/Item10/Count100000  6,645,540 ns/op ±1%   28,855,859 B/op ±0%   700,270 allocs/op ±0%    5.59s
  [1/4]  bench  MerkleCommit/sha256/Item1000/Count10  15,053 ns/op   15,646 B/op   107 allocs/op
  [2/4]  bench  MerkleCommit/sha256/Item1000/Count10  14,807 ns/op   15,648 B/op   107 allocs/op
  [3/4]  bench  MerkleCommit/sha256/Item1000/Count10  14,976 ns/op   15,647 B/op   107 allocs/op
  [4/4]  bench  MerkleCommit/sha256/Item1000/Count10  15,048 ns/op ±3%   15,648 B/op ±0%   107 allocs/op    4.08s
  [1/4]  bench  MerkleCommit/sha256/Item1000/Count100  74,935 ns/op   134,537 B/op   761 allocs/op
  [2/4]  bench  MerkleCommit/sha256/Item1000/Count100  75,154 ns/op   134,533 B/op   761 allocs/op
  [3/4]  bench  MerkleCommit/sha256/Item1000/Count100  74,539 ns/op   134,530 B/op   761 allocs/op
  [4/4]  bench  MerkleCommit/sha256/Item1000/Count100  74,547 ns/op ±1%   134,531 B/op ±0%   761 allocs/op    5.85s
  [1/4]  bench  MerkleCommit/sha256/Item1000/Count1000  410,849 ns/op   1,305,254 B/op   7,095 allocs/op
  [2/4]  bench  MerkleCommit/sha256/Item1000/Count1000  407,973 ns/op   1,305,279 B/op   7,095 allocs/op
  [3/4]  bench  MerkleCommit/sha256/Item1000/Count1000  407,842 ns/op   1,305,283 B/op   7,095 allocs/op
  [4/4]  bench  MerkleCommit/sha256/Item1000/Count1000  407,229 ns/op ±1%   1,305,289 B/op ±0%   7,095 allocs/op    3.76s
  [1/4]  bench  MerkleCommit/sha256/Item1000/Count10000  2,806,961 ns/op   12,994,988 B/op   70,179 allocs/op
  [2/4]  bench  MerkleCommit/sha256/Item1000/Count10000  2,834,102 ns/op   12,995,051 B/op   70,180 allocs/op
  [3/4]  bench  MerkleCommit/sha256/Item1000/Count10000  2,817,267 ns/op   12,995,017 B/op   70,179 allocs/op
  [4/4]  bench  MerkleCommit/sha256/Item1000/Count10000  2,830,775 ns/op ±2%   12,995,032 B/op ±0%   70,180 allocs/op ±0%    4.63s
  [1/4]  bench  MerkleCommit/sha256/Item1000/Count100000  23,757,520 ns/op   129,656,080 B/op   700,270 allocs/op
  [2/4]  bench  MerkleCommit/sha256/Item1000/Count100000  23,687,409 ns/op   129,656,007 B/op   700,269 allocs/op
  [3/4]  bench  MerkleCommit/sha256/Item1000/Count100000  23,771,060 ns/op   129,655,994 B/op   700,269 allocs/op
  [4/4]  bench  MerkleCommit/sha256/Item1000/Count100000  23,749,375 ns/op ±1%   129,655,965 B/op ±0%   700,269 allocs/op ±0%    3.68s
  [1/4]  bench  MerkleCommit/sha256/Item100000/Count10  234,157 ns/op   1,071,224 B/op   115 allocs/op
  [2/4]  bench  MerkleCommit/sha256/Item100000/Count10  234,297 ns/op   1,071,230 B/op   115 allocs/op
  [3/4]  bench  MerkleCommit/sha256/Item100000/Count10  234,962 ns/op   1,071,229 B/op   115 allocs/op
  [4/4]  bench  MerkleCommit/sha256/Item100000/Count10  234,737 ns/op ±0%   1,071,231 B/op ±0%   115 allocs/op    3.66s
  [1/4]  bench  MerkleCommit/sha256/Item100000/Count100  1,536,028 ns/op   10,683,681 B/op   779 allocs/op
  [2/4]  bench  MerkleCommit/sha256/Item100000/Count100  1,522,023 ns/op   10,683,671 B/op   779 allocs/op
  [3/4]  bench  MerkleCommit/sha256/Item100000/Count100  1,521,540 ns/op   10,683,660 B/op   779 allocs/op
  [4/4]  bench  MerkleCommit/sha256/Item100000/Count100  1,524,756 ns/op ±1%   10,683,659 B/op ±0%   779 allocs/op    4.08s
  [1/4]  bench  MerkleCommit/sha256/Item100000/Count1000  14,381,411 ns/op   106,779,165 B/op   7,106 allocs/op
  [2/4]  bench  MerkleCommit/sha256/Item100000/Count1000  14,328,501 ns/op   106,779,189 B/op   7,107 allocs/op
  [3/4]  bench  MerkleCommit/sha256/Item100000/Count1000  14,278,257 ns/op   106,779,270 B/op   7,107 allocs/op
  [4/4]  bench  MerkleCommit/sha256/Item100000/Count1000  14,310,554 ns/op ±1%   106,779,230 B/op ±0%   7,107 allocs/op ±0%    3.49s
  [1/4]  bench  MerkleCommit/sha256/Item100000/Count10000  132,206,516 ns/op   1,067,726,152 B/op   70,229 allocs/op
  [2/4]  bench  MerkleCommit/sha256/Item100000/Count10000  133,356,631 ns/op   1,067,726,291 B/op   70,230 allocs/op
  [3/4]  bench  MerkleCommit/sha256/Item100000/Count10000  133,396,208 ns/op   1,067,725,683 B/op   70,223 allocs/op
  [4/4]  bench  MerkleCommit/sha256/Item100000/Count10000  133,324,090 ns/op ±1%   1,067,725,372 B/op ±0%   70,220 allocs/op ±0%    3.6s
  [1/4]  bench  MerkleCommit/sha256/Item100000/Count100000  1,082,986,250 ns/op   10,676,914,952 B/op   700,496 allocs/op
  [2/4]  bench  MerkleCommit/sha256/Item100000/Count100000  1,109,377,563 ns/op   10,676,915,608 B/op   700,482 allocs/op
  [3/4]  bench  MerkleCommit/sha256/Item100000/Count100000  1,115,542,847 ns/op   10,676,914,515 B/op   700,469 allocs/op
  [4/4]  bench  MerkleCommit/sha256/Item100000/Count100000  1,114,485,573 ns/op ±2%   10,676,913,696 B/op ±0%   700,462 allocs/op ±0%    3.38s
  [1/4]  bench  AppendMsgBlockHeader                  36.5 ns/op   27.4 MB/s   0.000 B/op   0.000 allocs/op
  [2/4]  bench  AppendMsgBlockHeader                  36.4 ns/op   27.5 MB/s   0.000 B/op   0.000 allocs/op
  [3/4]  bench  AppendMsgBlockHeader                  36.5 ns/op   27.4 MB/s   0.000 B/op   0.000 allocs/op
  [4/4]  bench  AppendMsgBlockHeader                  36.5 ns/op ±1%   27.4 MB/s ±1%   0.000 B/op   0.000 allocs/op    3.7s
  [1/4]  bench  AppendMsgSignedTxn                    76.6 ns/op   13.1 MB/s   0.000 B/op   0.000 allocs/op
  [2/4]  bench  AppendMsgSignedTxn                    76.3 ns/op   13.1 MB/s   0.000 B/op   0.000 allocs/op
  [3/4]  bench  AppendMsgSignedTxn                    76.4 ns/op   13.1 MB/s   0.000 B/op   0.000 allocs/op
  [4/4]  bench  AppendMsgSignedTxn                    76.3 ns/op ±0%   13.1 MB/s ±0%   0.000 B/op   0.000 allocs/op    3.84s
  [1/4]  bench  PaysetGroups                          6,493 ns/op   439,795 B/op   6.00 allocs/op
  [2/4]  bench  PaysetGroups                          6,542 ns/op   439,492 B/op   6.00 allocs/op
  [3/4]  bench  PaysetGroups                          6,547 ns/op   440,464 B/op   6.00 allocs/op
  [4/4]  bench  PaysetGroups                          6,510 ns/op ±1%   436,062 B/op ±2%   6.00 allocs/op    35.04s
  [1/4]  bench  Txn                                   26,212 ns/op   12,265 B/op   6.00 allocs/op
  [2/4]  bench  Txn                                   26,149 ns/op   12,267 B/op   6.00 allocs/op
  [3/4]  bench  Txn                                   26,110 ns/op   12,268 B/op   6.00 allocs/op
  [4/4]  bench  Txn                                   26,138 ns/op ±0%   12,271 B/op ±0%   6.00 allocs/op    9.86s
  [1/4]  bench  TxHandlerProcessing/processDecoded    10,418 ns/op   3,912 B/op   44.0 allocs/op
  [2/4]  bench  TxHandlerProcessing/processDecoded    10,508 ns/op   3,912 B/op   44.0 allocs/op
  [3/4]  bench  TxHandlerProcessing/processDecoded    10,562 ns/op   3,912 B/op   44.0 allocs/op
  [4/4]  bench  TxHandlerProcessing/processDecoded    10,598 ns/op ±1%   3,912 B/op   44.0 allocs/op    9.04s
  [1/4]  bench  TxHandlerProcessing/verify.TxnGroup   41,569 ns/op   11,872 B/op   16.0 allocs/op
  [2/4]  bench  TxHandlerProcessing/verify.TxnGroup   41,585 ns/op   11,872 B/op   16.0 allocs/op
  [3/4]  bench  TxHandlerProcessing/verify.TxnGroup   41,692 ns/op   11,872 B/op   16.0 allocs/op
  [4/4]  bench  TxHandlerProcessing/verify.TxnGroup   41,713 ns/op ±0%   11,872 B/op   16.0 allocs/op    6.54s
  [1/4]  bench  CompactDeltas/account-deltas          1,612,744 ns/op   4,183,211 B/op   18.0 allocs/op
  [2/4]  bench  CompactDeltas/account-deltas          1,535,280 ns/op   4,181,360 B/op   18.0 allocs/op
  [3/4]  bench  CompactDeltas/account-deltas          1,502,204 ns/op   4,178,334 B/op   18.0 allocs/op
  [4/4]  bench  CompactDeltas/account-deltas          1,490,736 ns/op ±6%   4,176,194 B/op ±0%   18.0 allocs/op    17.08s
