  [1/4]  bench  MerkleCommit/sha512_256/Item10/Count10  13,699 ns/op   6,084 B/op   107 allocs/op
  [2/4]  bench  MerkleCommit/sha512_256/Item10/Count10  13,605 ns/op   6,088 B/op   107 allocs/op
  [3/4]  bench  MerkleCommit/sha512_256/Item10/Count10  13,672 ns/op   6,086 B/op   107 allocs/op
  [4/4]  bench  MerkleCommit/sha512_256/Item10/Count10  13,691 ns/op ±1%   6,087 B/op ±0%   107 allocs/op    3.99s
  [1/4]  bench  MerkleCommit/sha512_256/Item10/Count100  53,809 ns/op   34,669 B/op   760 allocs/op
  [2/4]  bench  MerkleCommit/sha512_256/Item10/Count100  53,749 ns/op   34,679 B/op   761 allocs/op
  [3/4]  bench  MerkleCommit/sha512_256/Item10/Count100  53,725 ns/op   34,678 B/op   761 allocs/op
  [4/4]  bench  MerkleCommit/sha512_256/Item10/Count100  53,804 ns/op ±0%   34,676 B/op ±0%   761 allocs/op ±0%    5.23s
  [1/4]  bench  MerkleCommit/sha512_256/Item10/Count1000  250,575 ns/op   299,032 B/op   7,091 allocs/op
  [2/4]  bench  MerkleCommit/sha512_256/Item10/Count1000  250,518 ns/op   299,025 B/op   7,091 allocs/op
  [3/4]  bench  MerkleCommit/sha512_256/Item10/Count1000  250,703 ns/op   299,021 B/op   7,091 allocs/op
  [4/4]  bench  MerkleCommit/sha512_256/Item10/Count1000  250,246 ns/op ±0%   299,024 B/op ±0%   7,091 allocs/op    3.69s
  [1/4]  bench  MerkleCommit/sha512_256/Item10/Count10000  1,273,979 ns/op   2,920,302 B/op   70,181 allocs/op
  [2/4]  bench  MerkleCommit/sha512_256/Item10/Count10000  1,270,051 ns/op   2,920,436 B/op   70,182 allocs/op
  [3/4]  bench  MerkleCommit/sha512_256/Item10/Count10000  1,272,319 ns/op   2,920,389 B/op   70,182 allocs/op
  [4/4]  bench  MerkleCommit/sha512_256/Item10/Count10000  1,270,518 ns/op ±0%   2,920,441 B/op ±0%   70,182 allocs/op ±0%    4s
  [1/4]  bench  MerkleCommit/sha512_256/Item10/Count100000  7,687,565 ns/op   28,866,449 B/op   700,281 allocs/op
  [2/4]  bench  MerkleCommit/sha512_256/Item10/Count100000  7,697,265 ns/op   28,866,193 B/op   700,280 allocs/op
  [3/4]  bench  MerkleCommit/sha512_256/Item10/Count100000  7,688,614 ns/op   28,866,217 B/op   700,280 allocs/op
  [4/4]  bench  MerkleCommit/sha512_256/Item10/Count100000  7,676,740 ns/op ±0%   28,866,284 B/op ±0%   700,281 allocs/op ±0%    5.91s
  [1/4]  bench  MerkleCommit/sha512_256/Item1000/Count10  22,348 ns/op   16,257 B/op   108 allocs/op
  [2/4]  bench  MerkleCommit/sha512_256/Item1000/Count10  22,265 ns/op   16,257 B/op   108 allocs/op
  [3/4]  bench  MerkleCommit/sha512_256/Item1000/Count10  22,338 ns/op   16,257 B/op   108 allocs/op
  [4/4]  bench  MerkleCommit/sha512_256/Item1000/Count10  22,340 ns/op ±1%   16,256 B/op ±0%   108 allocs/op    4.28s
  [1/4]  bench  MerkleCommit/sha512_256/Item1000/Count100  94,924 ns/op   135,922 B/op   763 allocs/op
  [2/4]  bench  MerkleCommit/sha512_256/Item1000/Count100  95,129 ns/op   135,913 B/op   763 allocs/op
  [3/4]  bench  MerkleCommit/sha512_256/Item1000/Count100  95,371 ns/op   135,912 B/op   763 allocs/op
  [4/4]  bench  MerkleCommit/sha512_256/Item1000/Count100  95,161 ns/op ±1%   135,914 B/op ±0%   763 allocs/op    6.49s
  [1/4]  bench  MerkleCommit/sha512_256/Item1000/Count1000  484,877 ns/op   1,308,274 B/op   7,099 allocs/op
  [2/4]  bench  MerkleCommit/sha512_256/Item1000/Count1000  484,584 ns/op   1,308,316 B/op   7,099 allocs/op
  [3/4]  bench  MerkleCommit/sha512_256/Item1000/Count1000  484,813 ns/op   1,308,314 B/op   7,099 allocs/op
  [4/4]  bench  MerkleCommit/sha512_256/Item1000/Count1000  484,651 ns/op ±0%   1,308,325 B/op ±0%   7,099 allocs/op    3.74s
  [1/4]  bench  MerkleCommit/sha512_256/Item1000/Count10000  3,204,569 ns/op   13,000,800 B/op   70,184 allocs/op
  [2/4]  bench  MerkleCommit/sha512_256/Item1000/Count10000  3,229,739 ns/op   13,000,944 B/op   70,185 allocs/op
  [3/4]  bench  MerkleCommit/sha512_256/Item1000/Count10000  3,254,891 ns/op   13,000,933 B/op   70,185 allocs/op
  [4/4]  bench  MerkleCommit/sha512_256/Item1000/Count10000  3,264,017 ns/op ±2%   13,000,965 B/op ±0%   70,185 allocs/op ±0%    4.61s
  [1/4]  bench  MerkleCommit/sha512_256/Item1000/Count100000  26,714,070 ns/op   129,665,466 B/op   700,274 allocs/op
  [2/4]  bench  MerkleCommit/sha512_256/Item1000/Count100000  26,539,983 ns/op   129,665,600 B/op   700,275 allocs/op
  [3/4]  bench  MerkleCommit/sha512_256/Item1000/Count100000  26,605,229 ns/op   129,665,603 B/op   700,275 allocs/op
  [4/4]  bench  MerkleCommit/sha512_256/Item1000/Count100000  26,519,908 ns/op ±1%   129,665,560 B/op ±0%   700,275 allocs/op ±0%    3.57s
  [1/4]  bench  MerkleCommit/sha512_256/Item100000/Count10  321,392 ns/op   1,072,389 B/op   117 allocs/op
  [2/4]  bench  MerkleCommit/sha512_256/Item100000/Count10  321,253 ns/op   1,072,387 B/op   117 allocs/op
  [3/4]  bench  MerkleCommit/sha512_256/Item100000/Count10  321,873 ns/op   1,072,392 B/op   117 allocs/op
  [4/4]  bench  MerkleCommit/sha512_256/Item100000/Count10  322,776 ns/op ±1%   1,072,394 B/op ±0%   117 allocs/op    3.71s
  [1/4]  bench  MerkleCommit/sha512_256/Item100000/Count100  1,988,381 ns/op   10,685,863 B/op   781 allocs/op
  [2/4]  bench  MerkleCommit/sha512_256/Item100000/Count100  1,978,386 ns/op   10,685,859 B/op   781 allocs/op
  [3/4]  bench  MerkleCommit/sha512_256/Item100000/Count100  1,976,686 ns/op   10,685,862 B/op   781 allocs/op
  [4/4]  bench  MerkleCommit/sha512_256/Item100000/Count100  1,979,006 ns/op ±1%   10,685,865 B/op ±0%   781 allocs/op    4.09s
  [1/4]  bench  MerkleCommit/sha512_256/Item100000/Count1000  17,625,341 ns/op   106,782,513 B/op   7,111 allocs/op
  [2/4]  bench  MerkleCommit/sha512_256/Item100000/Count1000  17,773,326 ns/op   106,782,570 B/op   7,112 allocs/op
  [3/4]  bench  MerkleCommit/sha512_256/Item100000/Count1000  17,793,522 ns/op   106,782,604 B/op   7,112 allocs/op
  [4/4]  bench  MerkleCommit/sha512_256/Item100000/Count1000  17,817,972 ns/op ±1%   106,782,600 B/op ±0%   7,112 allocs/op ±0%    3.63s
  [1/4]  bench  MerkleCommit/sha512_256/Item100000/Count10000  161,908,262 ns/op   1,067,731,976 B/op   70,236 allocs/op
  [2/4]  bench  MerkleCommit/sha512_256/Item100000/Count10000  165,403,402 ns/op   1,067,732,130 B/op   70,236 allocs/op
  [3/4]  bench  MerkleCommit/sha512_256/Item100000/Count10000  165,448,373 ns/op   1,067,732,332 B/op   70,238 allocs/op
  [4/4]  bench  MerkleCommit/sha512_256/Item100000/Count10000  165,384,271 ns/op ±2%   1,067,732,267 B/op ±0%   70,237 allocs/op ±0%    3.99s
  [1/4]  bench  MerkleCommit/sha512_256/Item100000/Count100000  1,289,993,959 ns/op   10,676,926,440 B/op   700,565 allocs/op
  [2/4]  bench  MerkleCommit/sha512_256/Item100000/Count100000  1,300,268,980 ns/op   10,676,923,096 B/op   700,529 allocs/op
  [3/4]  bench  MerkleCommit/sha512_256/Item100000/Count100000  1,317,838,972 ns/op   10,676,923,048 B/op   700,512 allocs/op
  [4/4]  bench  MerkleCommit/sha512_256/Item100000/Count100000  1,334,637,781 ns/op ±4%   10,676,927,652 B/op ±0%   700,546 allocs/op ±0%    4.05s
  [1/4]  bench  MerkleCommit/sumhash/Item10/Count10   50,678 ns/op   16,793 B/op   217 allocs/op
  [2/4]  bench  MerkleCommit/sumhash/Item10/Count10   50,341 ns/op   16,798 B/op   217 allocs/op
  [3/4]  bench  MerkleCommit/sumhash/Item10/Count10   50,307 ns/op   16,793 B/op   217 allocs/op
  [4/4]  bench  MerkleCommit/sumhash/Item10/Count10   50,146 ns/op ±1%   16,795 B/op ±0%   217 allocs/op    5.13s
  [1/4]  bench  MerkleCommit/sumhash/Item10/Count100  235,861 ns/op   134,824 B/op   1,722 allocs/op
  [2/4]  bench  MerkleCommit/sumhash/Item10/Count100  237,668 ns/op   134,801 B/op   1,722 allocs/op
  [3/4]  bench  MerkleCommit/sumhash/Item10/Count100  237,225 ns/op   134,819 B/op   1,722 allocs/op
  [4/4]  bench  MerkleCommit/sumhash/Item10/Count100  237,430 ns/op ±1%   134,817 B/op ±0%   1,722 allocs/op ±0%    3.68s
  [1/4]  bench  MerkleCommit/sumhash/Item10/Count1000  1,062,285 ns/op   1,268,862 B/op   16,242 allocs/op
  [2/4]  bench  MerkleCommit/sumhash/Item10/Count1000  1,069,009 ns/op   1,268,793 B/op   16,241 allocs/op
  [3/4]  bench  MerkleCommit/sumhash/Item10/Count1000  1,068,609 ns/op   1,268,811 B/op   16,241 allocs/op
  [4/4]  bench  MerkleCommit/sumhash/Item10/Count1000  1,069,335 ns/op ±1%   1,268,788 B/op ±0%   16,241 allocs/op ±0%    3.93s
  [1/4]  bench  MerkleCommit/sumhash/Item10/Count10000  6,336,655 ns/op   12,538,443 B/op   160,472 allocs/op
  [2/4]  bench  MerkleCommit/sumhash/Item10/Count10000  6,390,924 ns/op   12,538,234 B/op   160,469 allocs/op
  [3/4]  bench  MerkleCommit/sumhash/Item10/Count10000  6,411,271 ns/op   12,538,100 B/op   160,467 allocs/op
  [4/4]  bench  MerkleCommit/sumhash/Item10/Count10000  6,386,591 ns/op ±1%   12,538,178 B/op ±0%   160,468 allocs/op ±0%    5.54s
  [1/4]  bench  MerkleCommit/sumhash/Item10/Count100000  51,160,863 ns/op   124,885,154 B/op   1,600,645 allocs/op
  [2/4]  bench  MerkleCommit/sumhash/Item10/Count100000  50,514,121 ns/op   124,885,610 B/op   1,600,651 allocs/op
  [3/4]  bench  MerkleCommit/sumhash/Item10/Count100000  50,755,017 ns/op   124,885,594 B/op   1,600,650 allocs/op
  [4/4]  bench  MerkleCommit/sumhash/Item10/Count100000  50,389,586 ns/op ±2%   124,885,676 B/op ±0%   1,600,651 allocs/op ±0%    3.56s
  [1/4]  bench  MerkleCommit/sumhash/Item1000/Count10  104,695 ns/op   28,617 B/op   232 allocs/op
  [2/4]  bench  MerkleCommit/sumhash/Item1000/Count10  105,176 ns/op   28,627 B/op   232 allocs/op
  [3/4]  bench  MerkleCommit/sumhash/Item1000/Count10  105,258 ns/op   28,626 B/op   232 allocs/op
  [4/4]  bench  MerkleCommit/sumhash/Item1000/Count10  105,205 ns/op ±0%   28,628 B/op ±0%   232 allocs/op    3.19s
  [1/4]  bench  MerkleCommit/sumhash/Item1000/Count100  451,551 ns/op   250,216 B/op   1,844 allocs/op
  [2/4]  bench  MerkleCommit/sumhash/Item1000/Count100  452,931 ns/op   250,206 B/op   1,844 allocs/op
  [3/4]  bench  MerkleCommit/sumhash/Item1000/Count100  454,492 ns/op   250,194 B/op   1,843 allocs/op
  [4/4]  bench  MerkleCommit/sumhash/Item1000/Count100  454,462 ns/op ±1%   250,198 B/op ±0%   1,844 allocs/op ±0%    3.72s
  [1/4]  bench  MerkleCommit/sumhash/Item1000/Count1000  2,513,135 ns/op   2,406,313 B/op   17,259 allocs/op
  [2/4]  bench  MerkleCommit/sumhash/Item1000/Count1000  2,499,430 ns/op   2,406,431 B/op   17,261 allocs/op
  [3/4]  bench  MerkleCommit/sumhash/Item1000/Count1000  2,492,500 ns/op   2,406,425 B/op   17,260 allocs/op
  [4/4]  bench  MerkleCommit/sumhash/Item1000/Count1000  2,497,890 ns/op ±1%   2,406,385 B/op ±0%   17,260 allocs/op ±0%    4.3s
  [1/4]  bench  MerkleCommit/sumhash/Item1000/Count10000  19,313,952 ns/op   23,898,724 B/op   170,474 allocs/op
  [2/4]  bench  MerkleCommit/sumhash/Item1000/Count10000  19,335,710 ns/op   23,898,790 B/op   170,475 allocs/op
  [3/4]  bench  MerkleCommit/sumhash/Item1000/Count10000  19,539,495 ns/op   23,898,577 B/op   170,472 allocs/op
  [4/4]  bench  MerkleCommit/sumhash/Item1000/Count10000  19,490,017 ns/op ±2%   23,898,646 B/op ±0%   170,473 allocs/op ±0%    3.58s
  [1/4]  bench  MerkleCommit/sumhash/Item1000/Count100000  175,635,562 ns/op   238,486,810 B/op   1,700,659 allocs/op
  [2/4]  bench  MerkleCommit/sumhash/Item1000/Count100000  172,016,351 ns/op   238,486,832 B/op   1,700,659 allocs/op
  [3/4]  bench  MerkleCommit/sumhash/Item1000/Count100000  173,026,174 ns/op   238,486,528 B/op   1,700,656 allocs/op
  [4/4]  bench  MerkleCommit/sumhash/Item1000/Count100000  172,126,316 ns/op ±2%   238,486,868 B/op ±0%   1,700,659 allocs/op ±0%    3.6s
  [1/4]  bench  MerkleCommit/sumhash/Item100000/Count10  2,067,203 ns/op   1,085,602 B/op   259 allocs/op
  [2/4]  bench  MerkleCommit/sumhash/Item100000/Count10  2,047,312 ns/op   1,085,597 B/op   259 allocs/op
  [3/4]  bench  MerkleCommit/sumhash/Item100000/Count10  2,055,238 ns/op   1,085,591 B/op   259 allocs/op
  [4/4]  bench  MerkleCommit/sumhash/Item100000/Count10  2,046,927 ns/op ±1%   1,085,592 B/op ±0%   259 allocs/op    4.12s
  [1/4]  bench  MerkleCommit/sumhash/Item100000/Count100  14,839,758 ns/op   10,798,716 B/op   1,858 allocs/op
  [2/4]  bench  MerkleCommit/sumhash/Item100000/Count100  14,870,271 ns/op   10,798,658 B/op   1,858 allocs/op
  [3/4]  bench  MerkleCommit/sumhash/Item100000/Count100  14,867,968 ns/op   10,798,642 B/op   1,857 allocs/op
  [4/4]  bench  MerkleCommit/sumhash/Item100000/Count100  14,960,455 ns/op ±1%   10,798,630 B/op ±0%   1,857 allocs/op ±0%    3.57s
  [1/4]  bench  MerkleCommit/sumhash/Item100000/Count1000  129,703,526 ns/op   107,878,840 B/op   17,258 allocs/op
  [2/4]  bench  MerkleCommit/sumhash/Item100000/Count1000  131,570,987 ns/op   107,878,561 B/op   17,255 allocs/op
  [3/4]  bench  MerkleCommit/sumhash/Item100000/Count1000  130,977,092 ns/op   107,878,692 B/op   17,256 allocs/op
  [4/4]  bench  MerkleCommit/sumhash/Item100000/Count1000  131,274,805 ns/op ±1%   107,878,668 B/op ±0%   17,256 allocs/op ±0%    3.55s
  [1/4]  bench  MerkleCommit/sumhash/Item100000/Count10000  1,279,661,875 ns/op   1,078,627,224 B/op   170,502 allocs/op
  [2/4]  bench  MerkleCommit/sumhash/Item100000/Count10000  1,261,236,125 ns/op   1,078,625,896 B/op   170,494 allocs/op
  [3/4]  bench  MerkleCommit/sumhash/Item100000/Count10000  1,268,586,389 ns/op   1,078,625,997 B/op   170,495 allocs/op
  [4/4]  bench  MerkleCommit/sumhash/Item100000/Count10000  1,264,711,021 ns/op ±2%   1,078,626,036 B/op ±0%   170,494 allocs/op ±0%    3.78s
  [1/4]  bench  MerkleCommit/sumhash/Item100000/Count100000  12,350,351,833 ns/op   10,785,729,896 B/op   1,700,779 allocs/op
  [2/4]  bench  MerkleCommit/sumhash/Item100000/Count100000  12,356,755,375 ns/op   10,785,729,384 B/op   1,700,771 allocs/op
  [3/4]  bench  MerkleCommit/sumhash/Item100000/Count100000  12,343,864,972 ns/op   10,785,729,261 B/op   1,700,767 allocs/op
  [4/4]  bench  MerkleCommit/sumhash/Item100000/Count100000  12,295,087,281 ns/op ±1%   10,785,729,180 B/op ±0%   1,700,768 allocs/op ±0%    36.83s
  [1/4]  bench  MerkleCommit/sha256/Item10/Count10    8,165 ns/op   5,512 B/op   107 allocs/op
  [2/4]  bench  MerkleCommit/sha256/Item10/Count10    8,154 ns/op   5,512 B/op   107 allocs/op
  [3/4]  bench  MerkleCommit/sha256/Item10/Count10    8,171 ns/op   5,512 B/op   107 allocs/op
  [4/4]  bench  MerkleCommit/sha256/Item10/Count10    8,191 ns/op ±1%   5,512 B/op ±0%   107 allocs/op    3.81s
  [1/4]  bench  MerkleCommit/sha256/Item10/Count100   40,471 ns/op   33,499 B/op   759 allocs/op
  [2/4]  bench  MerkleCommit/sha256/Item10/Count100   40,478 ns/op   33,494 B/op   759 allocs/op
  [3/4]  bench  MerkleCommit/sha256/Item10/Count100   40,265 ns/op   33,497 B/op   759 allocs/op
  [4/4]  bench  MerkleCommit/sha256/Item10/Count100   40,327 ns/op ±1%   33,496 B/op ±0%   759 allocs/op    4.84s
  [1/4]  bench  MerkleCommit/sha256/Item10/Count1000  201,269 ns/op   296,361 B/op   7,086 allocs/op
  [2/4]  bench  MerkleCommit/sha256/Item10/Count1000  201,999 ns/op   296,346 B/op   7,086 allocs/op
  [3/4]  bench  MerkleCommit/sha256/Item10/Count1000  201,759 ns/op   296,353 B/op   7,086 allocs/op
  [4/4]  bench  MerkleCommit/sha256/Item10/Count1000  202,123 ns/op ±0%   296,350 B/op ±0%   7,086 allocs/op    3.68s
  [1/4]  bench  MerkleCommit/sha256/Item10/Count10000  1,051,057 ns/op   2,914,371 B/op   70,173 allocs/op
  [2/4]  bench  MerkleCommit/sha256/Item10/Count10000  1,059,315 ns/op   2,914,317 B/op   70,173 allocs/op
  [3/4]  bench  MerkleCommit/sha256/Item10/Count10000  1,055,809 ns/op   2,914,331 B/op   70,173 allocs/op
  [4/4]  bench  MerkleCommit/sha256/Item10/Count10000  1,053,978 ns/op ±1%   2,914,309 B/op ±0%   70,173 allocs/op ±0%    3.92s
  [1/4]  bench  MerkleCommit/sha256/Item10/Count100000  6,557,323 ns/op   28,856,071 B/op   700,272 allocs/op
  [2/4]  bench  MerkleCommit/sha256/Item10/Count100000  6,619,113 ns/op   28,855,966 B/op   700,271 allocs/op
  [3/4]  bench  MerkleCommit/sha256/Item10/Count100000  6,635,833 ns/op   28,855,837 B/op   700,270 allocs/op
  [4/4]  bench  MerkleCommit/sha256/Item10/Count100000  6,632,541 ns/op ±1%   28,855,856 B/op ±0%   700,270 allocs/op ±0%    5.63s
  [1/4]  bench  MerkleCommit/sha256/Item1000/Count10  15,121 ns/op   15,645 B/op   107 allocs/op
  [2/4]  bench  MerkleCommit/sha256/Item1000/Count10  15,132 ns/op   15,647 B/op   107 allocs/op
  [3/4]  bench  MerkleCommit/sha256/Item1000/Count10  15,179 ns/op   15,646 B/op   107 allocs/op
  [4/4]  bench  MerkleCommit/sha256/Item1000/Count10  15,144 ns/op ±1%   15,647 B/op ±0%   107 allocs/op    4.09s
  [1/4]  bench  MerkleCommit/sha256/Item1000/Count100  73,762 ns/op   134,530 B/op   761 allocs/op
  [2/4]  bench  MerkleCommit/sha256/Item1000/Count100  74,052 ns/op   134,526 B/op   761 allocs/op
  [3/4]  bench  MerkleCommit/sha256/Item1000/Count100  73,932 ns/op   134,528 B/op   761 allocs/op
  [4/4]  bench  MerkleCommit/sha256/Item1000/Count100  73,774 ns/op ±1%   134,529 B/op ±0%   761 allocs/op    5.84s
  [1/4]  bench  MerkleCommit/sha256/Item1000/Count1000  407,716 ns/op   1,305,262 B/op   7,095 allocs/op
  [2/4]  bench  MerkleCommit/sha256/Item1000/Count1000  404,751 ns/op   1,305,291 B/op   7,095 allocs/op
  [3/4]  bench  MerkleCommit/sha256/Item1000/Count1000  404,921 ns/op   1,305,295 B/op   7,095 allocs/op
  [4/4]  bench  MerkleCommit/sha256/Item1000/Count1000  404,476 ns/op ±1%   1,305,290 B/op ±0%   7,095 allocs/op    3.58s
  [1/4]  bench  MerkleCommit/sha256/Item1000/Count10000  2,777,828 ns/op   12,995,024 B/op   70,179 allocs/op
  [2/4]  bench  MerkleCommit/sha256/Item1000/Count10000  2,810,449 ns/op   12,995,040 B/op   70,179 allocs/op
  [3/4]  bench  MerkleCommit/sha256/Item1000/Count10000  2,824,089 ns/op   12,995,046 B/op   70,179 allocs/op
  [4/4]  bench  MerkleCommit/sha256/Item1000/Count10000  2,800,887 ns/op ±2%   12,995,028 B/op ±0%   70,179 allocs/op ±0%    4.43s
  [1/4]  bench  MerkleCommit/sha256/Item1000/Count100000  23,712,410 ns/op   129,656,012 B/op   700,269 allocs/op
  [2/4]  bench  MerkleCommit/sha256/Item1000/Count100000  23,779,567 ns/op   129,655,941 B/op   700,268 allocs/op
  [3/4]  bench  MerkleCommit/sha256/Item1000/Count100000  23,680,146 ns/op   129,656,006 B/op   700,269 allocs/op
  [4/4]  bench  MerkleCommit/sha256/Item1000/Count100000  23,696,576 ns/op ±1%   129,655,963 B/op ±0%   700,268 allocs/op ±0%    3.67s
  [1/4]  bench  MerkleCommit/sha256/Item100000/Count10  227,542 ns/op   1,071,223 B/op   115 allocs/op
  [2/4]  bench  MerkleCommit/sha256/Item100000/Count10  228,054 ns/op   1,071,223 B/op   115 allocs/op
  [3/4]  bench  MerkleCommit/sha256/Item100000/Count10  228,099 ns/op   1,071,225 B/op   115 allocs/op
  [4/4]  bench  MerkleCommit/sha256/Item100000/Count10  228,005 ns/op ±0%   1,071,226 B/op ±0%   115 allocs/op    3.66s
  [1/4]  bench  MerkleCommit/sha256/Item100000/Count100  1,512,100 ns/op   10,683,681 B/op   779 allocs/op
  [2/4]  bench  MerkleCommit/sha256/Item100000/Count100  1,501,183 ns/op   10,683,675 B/op   779 allocs/op
  [3/4]  bench  MerkleCommit/sha256/Item100000/Count100  1,502,031 ns/op   10,683,677 B/op   779 allocs/op
  [4/4]  bench  MerkleCommit/sha256/Item100000/Count100  1,503,549 ns/op ±1%   10,683,674 B/op ±0%   779 allocs/op    4.05s
  [1/4]  bench  MerkleCommit/sha256/Item100000/Count1000  14,029,062 ns/op   106,779,330 B/op   7,108 allocs/op
  [2/4]  bench  MerkleCommit/sha256/Item100000/Count1000  14,057,224 ns/op   106,779,319 B/op   7,108 allocs/op
  [3/4]  bench  MerkleCommit/sha256/Item100000/Count1000  14,062,005 ns/op   106,779,309 B/op   7,108 allocs/op
  [4/4]  bench  MerkleCommit/sha256/Item100000/Count1000  14,072,784 ns/op ±0%   106,779,331 B/op ±0%   7,108 allocs/op ±0%    3.52s
  [1/4]  bench  MerkleCommit/sha256/Item100000/Count10000  133,244,266 ns/op   1,067,725,560 B/op   70,222 allocs/op
  [2/4]  bench  MerkleCommit/sha256/Item100000/Count10000  132,961,883 ns/op   1,067,726,474 B/op   70,231 allocs/op
  [3/4]  bench  MerkleCommit/sha256/Item100000/Count10000  133,099,613 ns/op   1,067,726,111 B/op   70,227 allocs/op
  [4/4]  bench  MerkleCommit/sha256/Item100000/Count10000  132,870,227 ns/op ±0%   1,067,726,077 B/op ±0%   70,227 allocs/op ±0%    3.58s
  [1/4]  bench  MerkleCommit/sha256/Item100000/Count100000  1,130,890,042 ns/op   10,676,924,520 B/op   700,529 allocs/op
  [2/4]  bench  MerkleCommit/sha256/Item100000/Count100000  1,136,837,417 ns/op   10,676,920,904 B/op   700,502 allocs/op
  [3/4]  bench  MerkleCommit/sha256/Item100000/Count100000  1,139,139,139 ns/op   10,676,922,019 B/op   700,510 allocs/op
  [4/4]  bench  MerkleCommit/sha256/Item100000/Count100000  1,131,141,448 ns/op ±2%   10,676,918,900 B/op ±0%   700,488 allocs/op ±0%    3.39s
  [1/4]  bench  AppendMsgBlockHeader                  36.3 ns/op   27.5 MB/s   0.000 B/op   0.000 allocs/op
  [2/4]  bench  AppendMsgBlockHeader                  36.3 ns/op   27.5 MB/s   0.000 B/op   0.000 allocs/op
  [3/4]  bench  AppendMsgBlockHeader                  36.4 ns/op   27.5 MB/s   0.000 B/op   0.000 allocs/op
  [4/4]  bench  AppendMsgBlockHeader                  36.3 ns/op ±0%   27.5 MB/s ±0%   0.000 B/op   0.000 allocs/op    3.68s
  [1/4]  bench  AppendMsgSignedTxn                    76.1 ns/op   13.1 MB/s   0.000 B/op   0.000 allocs/op
  [2/4]  bench  AppendMsgSignedTxn                    76.2 ns/op   13.1 MB/s   0.000 B/op   0.000 allocs/op
  [3/4]  bench  AppendMsgSignedTxn                    76.1 ns/op   13.1 MB/s   0.000 B/op   0.000 allocs/op
  [4/4]  bench  AppendMsgSignedTxn                    76.2 ns/op ±0%   13.1 MB/s ±0%   0.000 B/op   0.000 allocs/op    3.85s
  [1/4]  bench  PaysetGroups                          6,548 ns/op   447,472 B/op   6.00 allocs/op
  [2/4]  bench  PaysetGroups                          6,560 ns/op   446,689 B/op   6.00 allocs/op
  [3/4]  bench  PaysetGroups                          6,533 ns/op   442,627 B/op   6.00 allocs/op
  [4/4]  bench  PaysetGroups                          6,461 ns/op ±3%   434,648 B/op ±4%   6.00 allocs/op    34.62s
  [1/4]  bench  Txn                                   41,063 ns/op   8,040 B/op   8.00 allocs/op
  [2/4]  bench  Txn                                   41,083 ns/op   8,033 B/op   8.00 allocs/op
  [3/4]  bench  Txn                                   41,043 ns/op   8,031 B/op   8.00 allocs/op
  [4/4]  bench  Txn                                   41,030 ns/op ±0%   8,035 B/op ±0%   8.00 allocs/op    9.01s
  [1/4]  bench  TxHandlerProcessing/processDecoded    10,401 ns/op   3,912 B/op   44.0 allocs/op
  [2/4]  bench  TxHandlerProcessing/processDecoded    10,575 ns/op   3,912 B/op   44.0 allocs/op
  [3/4]  bench  TxHandlerProcessing/processDecoded    10,576 ns/op   3,912 B/op   44.0 allocs/op
  [4/4]  bench  TxHandlerProcessing/processDecoded    10,598 ns/op ±2%   3,912 B/op   44.0 allocs/op    8.98s
  [1/4]  bench  TxHandlerProcessing/verify.TxnGroup   41,692 ns/op   11,872 B/op   16.0 allocs/op
  [2/4]  bench  TxHandlerProcessing/verify.TxnGroup   41,745 ns/op   11,872 B/op   16.0 allocs/op
  [3/4]  bench  TxHandlerProcessing/verify.TxnGroup   41,779 ns/op   11,872 B/op   16.0 allocs/op
  [4/4]  bench  TxHandlerProcessing/verify.TxnGroup   41,728 ns/op ±0%   11,872 B/op   16.0 allocs/op    6.56s
  [1/4]  bench  CompactDeltas/account-deltas          1,650,297 ns/op   4,169,773 B/op   18.0 allocs/op
  [2/4]  bench  CompactDeltas/account-deltas          1,527,904 ns/op   4,173,081 B/op   18.0 allocs/op
  [3/4]  bench  CompactDeltas/account-deltas          1,486,051 ns/op   4,175,052 B/op   18.0 allocs/op
  [4/4]  bench  CompactDeltas/account-deltas          1,466,771 ns/op ±8%   4,176,166 B/op ±0%   18.0 allocs/op    16.86s
