  [1/4]  bench  MerkleCommit/sha512_256/Item10/Count10  13,742 ns/op   6,092 B/op   107 allocs/op
  [2/4]  bench  MerkleCommit/sha512_256/Item10/Count10  13,750 ns/op   6,088 B/op   107 allocs/op
  [3/4]  bench  MerkleCommit/sha512_256/Item10/Count10  13,717 ns/op   6,088 B/op   107 allocs/op
  [4/4]  bench  MerkleCommit/sha512_256/Item10/Count10  13,766 ns/op ±1%   6,087 B/op ±0%   107 allocs/op    4.02s
  [1/4]  bench  MerkleCommit/sha512_256/Item10/Count100  53,854 ns/op   34,688 B/op   761 allocs/op
  [2/4]  bench  MerkleCommit/sha512_256/Item10/Count100  53,893 ns/op   34,675 B/op   761 allocs/op
  [3/4]  bench  MerkleCommit/sha512_256/Item10/Count100  54,007 ns/op   34,677 B/op   761 allocs/op
  [4/4]  bench  MerkleCommit/sha512_256/Item10/Count100  53,962 ns/op ±0%   34,678 B/op ±0%   761 allocs/op ±0%    5.23s
  [1/4]  bench  MerkleCommit/sha512_256/Item10/Count1000  252,392 ns/op   299,016 B/op   7,091 allocs/op
  [2/4]  bench  MerkleCommit/sha512_256/Item10/Count1000  251,339 ns/op   299,023 B/op   7,091 allocs/op
  [3/4]  bench  MerkleCommit/sha512_256/Item10/Count1000  251,065 ns/op   299,026 B/op   7,091 allocs/op
  [4/4]  bench  MerkleCommit/sha512_256/Item10/Count1000  252,026 ns/op ±1%   299,015 B/op ±0%   7,091 allocs/op ±0%    3.68s
  [1/4]  bench  MerkleCommit/sha512_256/Item10/Count10000  1,270,572 ns/op   2,920,556 B/op   70,183 allocs/op
  [2/4]  bench  MerkleCommit/sha512_256/Item10/Count10000  1,278,169 ns/op   2,920,484 B/op   70,183 allocs/op
  [3/4]  bench  MerkleCommit/sha512_256/Item10/Count10000  1,275,170 ns/op   2,920,508 B/op   70,183 allocs/op
  [4/4]  bench  MerkleCommit/sha512_256/Item10/Count10000  1,277,240 ns/op ±1%   2,920,483 B/op ±0%   70,183 allocs/op ±0%    4.01s
  [1/4]  bench  MerkleCommit/sha512_256/Item10/Count100000  7,748,847 ns/op   28,866,042 B/op   700,279 allocs/op
  [2/4]  bench  MerkleCommit/sha512_256/Item10/Count100000  7,718,136 ns/op   28,866,247 B/op   700,281 allocs/op
  [3/4]  bench  MerkleCommit/sha512_256/Item10/Count100000  7,701,941 ns/op   28,866,291 B/op   700,281 allocs/op
  [4/4]  bench  MerkleCommit/sha512_256/Item10/Count100000  7,735,589 ns/op ±1%   28,866,211 B/op ±0%   700,280 allocs/op ±0%    5.92s
  [1/4]  bench  MerkleCommit/sha512_256/Item1000/Count10  22,829 ns/op   16,259 B/op   108 allocs/op
  [2/4]  bench  MerkleCommit/sha512_256/Item1000/Count10  22,687 ns/op   16,257 B/op   108 allocs/op
  [3/4]  bench  MerkleCommit/sha512_256/Item1000/Count10  22,630 ns/op   16,257 B/op   108 allocs/op
  [4/4]  bench  MerkleCommit/sha512_256/Item1000/Count10  22,662 ns/op ±1%   16,257 B/op ±0%   108 allocs/op    4.3s
  [1/4]  bench  MerkleCommit/sha512_256/Item1000/Count100  96,341 ns/op   135,909 B/op   763 allocs/op
  [2/4]  bench  MerkleCommit/sha512_256/Item1000/Count100  95,745 ns/op   135,921 B/op   764 allocs/op
  [3/4]  bench  MerkleCommit/sha512_256/Item1000/Count100  95,519 ns/op   135,925 B/op   764 allocs/op
  [4/4]  bench  MerkleCommit/sha512_256/Item1000/Count100  95,743 ns/op ±1%   135,922 B/op ±0%   764 allocs/op ±0%    6.49s
  [1/4]  bench  MerkleCommit/sha512_256/Item1000/Count1000  484,190 ns/op   1,308,363 B/op   7,099 allocs/op
  [2/4]  bench  MerkleCommit/sha512_256/Item1000/Count1000  487,178 ns/op   1,308,316 B/op   7,099 allocs/op
  [3/4]  bench  MerkleCommit/sha512_256/Item1000/Count1000  485,931 ns/op   1,308,325 B/op   7,099 allocs/op
  [4/4]  bench  MerkleCommit/sha512_256/Item1000/Count1000  486,346 ns/op ±1%   1,308,316 B/op ±0%   7,099 allocs/op    3.75s
  [1/4]  bench  MerkleCommit/sha512_256/Item1000/Count10000  3,202,739 ns/op   13,000,979 B/op   70,185 allocs/op
  [2/4]  bench  MerkleCommit/sha512_256/Item1000/Count10000  3,224,906 ns/op   13,000,846 B/op   70,184 allocs/op
  [3/4]  bench  MerkleCommit/sha512_256/Item1000/Count10000  3,257,208 ns/op   13,000,926 B/op   70,185 allocs/op
  [4/4]  bench  MerkleCommit/sha512_256/Item1000/Count10000  3,263,479 ns/op ±2%   13,000,927 B/op ±0%   70,185 allocs/op ±0%    4.57s
  [1/4]  bench  MerkleCommit/sha512_256/Item1000/Count100000  26,436,328 ns/op   129,665,669 B/op   700,275 allocs/op
  [2/4]  bench  MerkleCommit/sha512_256/Item1000/Count100000  26,525,338 ns/op   129,665,468 B/op   700,274 allocs/op
  [3/4]  bench  MerkleCommit/sha512_256/Item1000/Count100000  26,520,859 ns/op   129,665,549 B/op   700,274 allocs/op
  [4/4]  bench  MerkleCommit/sha512_256/Item1000/Count100000  26,551,955 ns/op ±0%   129,665,532 B/op ±0%   700,274 allocs/op ±0%    3.57s
  [1/4]  bench  MerkleCommit/sha512_256/Item100000/Count10  324,933 ns/op   1,072,420 B/op   117 allocs/op
  [2/4]  bench  MerkleCommit/sha512_256/Item100000/Count10  326,613 ns/op   1,072,419 B/op   117 allocs/op
  [3/4]  bench  MerkleCommit/sha512_256/Item100000/Count10  325,442 ns/op   1,072,415 B/op   117 allocs/op
  [4/4]  bench  MerkleCommit/sha512_256/Item100000/Count10  325,429 ns/op ±1%   1,072,419 B/op ±0%   117 allocs/op    3.67s
  [1/4]  bench  MerkleCommit/sha512_256/Item100000/Count100  2,003,725 ns/op   10,685,842 B/op   781 allocs/op
  [2/4]  bench  MerkleCommit/sha512_256/Item100000/Count100  1,990,638 ns/op   10,685,841 B/op   781 allocs/op
  [3/4]  bench  MerkleCommit/sha512_256/Item100000/Count100  1,988,760 ns/op   10,685,850 B/op   781 allocs/op
  [4/4]  bench  MerkleCommit/sha512_256/Item100000/Count100  1,987,112 ns/op ±1%   10,685,849 B/op ±0%   781 allocs/op    4.14s
  [1/4]  bench  MerkleCommit/sha512_256/Item100000/Count1000  18,108,031 ns/op   106,782,597 B/op   7,112 allocs/op
  [2/4]  bench  MerkleCommit/sha512_256/Item100000/Count1000  18,006,166 ns/op   106,782,650 B/op   7,113 allocs/op
  [3/4]  bench  MerkleCommit/sha512_256/Item100000/Count1000  17,963,432 ns/op   106,782,669 B/op   7,113 allocs/op
  [4/4]  bench  MerkleCommit/sha512_256/Item100000/Count1000  17,925,060 ns/op ±1%   106,782,678 B/op ±0%   7,113 allocs/op ±0%    3.45s
  [1/4]  bench  MerkleCommit/sha512_256/Item100000/Count10000  165,896,720 ns/op   1,067,733,000 B/op   70,242 allocs/op
  [2/4]  bench  MerkleCommit/sha512_256/Item100000/Count10000  165,838,667 ns/op   1,067,733,906 B/op   70,251 allocs/op
  [3/4]  bench  MerkleCommit/sha512_256/Item100000/Count10000  166,526,877 ns/op   1,067,733,506 B/op   70,247 allocs/op
  [4/4]  bench  MerkleCommit/sha512_256/Item100000/Count10000  166,608,033 ns/op ±1%   1,067,732,873 B/op ±0%   70,241 allocs/op ±0%    4.99s
  [1/4]  bench  MerkleCommit/sha512_256/Item100000/Count100000  1,373,173,958 ns/op   10,676,943,064 B/op   700,651 allocs/op
  [2/4]  bench  MerkleCommit/sha512_256/Item100000/Count100000  1,391,495,563 ns/op   10,676,940,600 B/op   700,623 allocs/op
  [3/4]  bench  MerkleCommit/sha512_256/Item100000/Count100000  1,388,541,153 ns/op   10,676,942,088 B/op   700,635 allocs/op
  [4/4]  bench  MerkleCommit/sha512_256/Item100000/Count100000  1,393,702,417 ns/op ±1%   10,676,940,872 B/op ±0%   700,623 allocs/op ±0%    4.2s
  [1/4]  bench  MerkleCommit/sumhash/Item10/Count10   50,787 ns/op   16,787 B/op   217 allocs/op
  [2/4]  bench  MerkleCommit/sumhash/Item10/Count10   50,769 ns/op   16,789 B/op   217 allocs/op
  [3/4]  bench  MerkleCommit/sumhash/Item10/Count10   50,728 ns/op   16,791 B/op   217 allocs/op
  [4/4]  bench  MerkleCommit/sumhash/Item10/Count10   50,688 ns/op ±0%   16,789 B/op ±0%   217 allocs/op    5.15s
  [1/4]  bench  MerkleCommit/sumhash/Item10/Count100  236,241 ns/op   134,861 B/op   1,723 allocs/op
  [2/4]  bench  MerkleCommit/sumhash/Item10/Count100  237,805 ns/op   134,831 B/op   1,723 allocs/op
  [3/4]  bench  MerkleCommit/sumhash/Item10/Count100  237,219 ns/op   134,840 B/op   1,723 allocs/op
  [4/4]  bench  MerkleCommit/sumhash/Item10/Count100  237,124 ns/op ±1%   134,832 B/op ±0%   1,723 allocs/op ±0%    3.69s
  [1/4]  bench  MerkleCommit/sumhash/Item10/Count1000  1,067,346 ns/op   1,268,888 B/op   16,242 allocs/op
  [2/4]  bench  MerkleCommit/sumhash/Item10/Count1000  1,069,213 ns/op   1,268,819 B/op   16,242 allocs/op
  [3/4]  bench  MerkleCommit/sumhash/Item10/Count1000  1,067,966 ns/op   1,268,836 B/op   16,242 allocs/op
  [4/4]  bench  MerkleCommit/sumhash/Item10/Count1000  1,067,198 ns/op ±0%   1,268,839 B/op ±0%   16,242 allocs/op ±0%    3.91s
  [1/4]  bench  MerkleCommit/sumhash/Item10/Count10000  6,338,429 ns/op   12,538,569 B/op   160,473 allocs/op
  [2/4]  bench  MerkleCommit/sumhash/Item10/Count10000  6,398,907 ns/op   12,538,195 B/op   160,469 allocs/op
  [3/4]  bench  MerkleCommit/sumhash/Item10/Count10000  6,383,985 ns/op   12,538,287 B/op   160,470 allocs/op
  [4/4]  bench  MerkleCommit/sumhash/Item10/Count10000  6,369,016 ns/op ±1%   12,538,354 B/op ±0%   160,471 allocs/op ±0%    5.5s
  [1/4]  bench  MerkleCommit/sumhash/Item10/Count100000  50,959,679 ns/op   124,885,444 B/op   1,600,648 allocs/op
  [2/4]  bench  MerkleCommit/sumhash/Item10/Count100000  50,499,383 ns/op   124,885,563 B/op   1,600,650 allocs/op
  [3/4]  bench  MerkleCommit/sumhash/Item10/Count100000  50,279,966 ns/op   124,885,687 B/op   1,600,651 allocs/op
  [4/4]  bench  MerkleCommit/sumhash/Item10/Count100000  50,360,832 ns/op ±1%   124,885,734 B/op ±0%   1,600,652 allocs/op ±0%    3.57s
  [1/4]  bench  MerkleCommit/sumhash/Item1000/Count10  105,470 ns/op   28,638 B/op   233 allocs/op
  [2/4]  bench  MerkleCommit/sumhash/Item1000/Count10  105,813 ns/op   28,633 B/op   233 allocs/op
  [3/4]  bench  MerkleCommit/sumhash/Item1000/Count10  105,249 ns/op   28,627 B/op   232 allocs/op
  [4/4]  bench  MerkleCommit/sumhash/Item1000/Count10  105,354 ns/op ±1%   28,626 B/op ±0%   232 allocs/op ±0%    3.19s
  [1/4]  bench  MerkleCommit/sumhash/Item1000/Count100  457,234 ns/op   250,137 B/op   1,843 allocs/op
  [2/4]  bench  MerkleCommit/sumhash/Item1000/Count100  455,671 ns/op   250,186 B/op   1,844 allocs/op
  [3/4]  bench  MerkleCommit/sumhash/Item1000/Count100  457,075 ns/op   250,164 B/op   1,843 allocs/op
  [4/4]  bench  MerkleCommit/sumhash/Item1000/Count100  457,094 ns/op ±1%   250,184 B/op ±0%   1,844 allocs/op ±0%    3.77s
  [1/4]  bench  MerkleCommit/sumhash/Item1000/Count1000  2,551,783 ns/op   2,406,186 B/op   17,258 allocs/op
  [2/4]  bench  MerkleCommit/sumhash/Item1000/Count1000  2,521,695 ns/op   2,406,399 B/op   17,261 allocs/op
  [3/4]  bench  MerkleCommit/sumhash/Item1000/Count1000  2,527,520 ns/op   2,406,339 B/op   17,260 allocs/op
  [4/4]  bench  MerkleCommit/sumhash/Item1000/Count1000  2,519,605 ns/op ±1%   2,406,408 B/op ±0%   17,261 allocs/op ±0%    4.37s
  [1/4]  bench  MerkleCommit/sumhash/Item1000/Count10000  20,037,373 ns/op   23,897,499 B/op   170,459 allocs/op
  [2/4]  bench  MerkleCommit/sumhash/Item1000/Count10000  19,718,404 ns/op   23,898,230 B/op   170,468 allocs/op
  [3/4]  bench  MerkleCommit/sumhash/Item1000/Count10000  19,739,109 ns/op   23,898,228 B/op   170,468 allocs/op
  [4/4]  bench  MerkleCommit/sumhash/Item1000/Count10000  19,654,277 ns/op ±2%   23,898,378 B/op ±0%   170,470 allocs/op ±0%    3.63s
  [1/4]  bench  MerkleCommit/sumhash/Item1000/Count100000  176,201,611 ns/op   238,486,072 B/op   1,700,651 allocs/op
  [2/4]  bench  MerkleCommit/sumhash/Item1000/Count100000  173,921,570 ns/op   238,486,668 B/op   1,700,658 allocs/op
  [3/4]  bench  MerkleCommit/sumhash/Item1000/Count100000  173,795,991 ns/op   238,486,531 B/op   1,700,656 allocs/op
  [4/4]  bench  MerkleCommit/sumhash/Item1000/Count100000  173,331,043 ns/op ±1%   238,486,563 B/op ±0%   1,700,656 allocs/op ±0%    3.64s
  [1/4]  bench  MerkleCommit/sumhash/Item100000/Count10  2,030,720 ns/op   1,085,598 B/op   259 allocs/op
  [2/4]  bench  MerkleCommit/sumhash/Item100000/Count10  2,034,674 ns/op   1,085,601 B/op   259 allocs/op
  [3/4]  bench  MerkleCommit/sumhash/Item100000/Count10  2,034,485 ns/op   1,085,603 B/op   259 allocs/op
  [4/4]  bench  MerkleCommit/sumhash/Item100000/Count10  2,038,992 ns/op ±1%   1,085,602 B/op ±0%   259 allocs/op    4.02s
  [1/4]  bench  MerkleCommit/sumhash/Item100000/Count100  14,800,299 ns/op   10,798,592 B/op   1,857 allocs/op
  [2/4]  bench  MerkleCommit/sumhash/Item100000/Count100  15,139,990 ns/op   10,798,573 B/op   1,857 allocs/op
  [3/4]  bench  MerkleCommit/sumhash/Item100000/Count100  15,042,010 ns/op   10,798,579 B/op   1,856 allocs/op
  [4/4]  bench  MerkleCommit/sumhash/Item100000/Count100  15,022,884 ns/op ±2%   10,798,583 B/op ±0%   1,857 allocs/op ±0%    3.7s
  [1/4]  bench  MerkleCommit/sumhash/Item100000/Count1000  132,684,838 ns/op   107,878,908 B/op   17,257 allocs/op
  [2/4]  bench  MerkleCommit/sumhash/Item100000/Count1000  133,445,026 ns/op   107,878,863 B/op   17,258 allocs/op
  [3/4]  bench  MerkleCommit/sumhash/Item100000/Count1000  132,145,542 ns/op   107,878,826 B/op   17,258 allocs/op
  [4/4]  bench  MerkleCommit/sumhash/Item100000/Count1000  132,492,414 ns/op ±2%   107,878,904 B/op ±0%   17,258 allocs/op ±0%    3.57s
  [1/4]  bench  MerkleCommit/sumhash/Item100000/Count10000  1,288,448,208 ns/op   1,078,624,600 B/op   170,479 allocs/op
  [2/4]  bench  MerkleCommit/sumhash/Item100000/Count10000  1,256,921,646 ns/op   1,078,625,480 B/op   170,497 allocs/op
  [3/4]  bench  MerkleCommit/sumhash/Item100000/Count10000  1,268,006,972 ns/op   1,078,625,624 B/op   170,497 allocs/op
  [4/4]  bench  MerkleCommit/sumhash/Item100000/Count10000  1,262,280,229 ns/op ±3%   1,078,625,332 B/op ±0%   170,494 allocs/op ±0%    3.76s
  [1/4]  bench  MerkleCommit/sumhash/Item100000/Count100000  12,437,574,958 ns/op   10,785,732,168 B/op   1,700,785 allocs/op
  [2/4]  bench  MerkleCommit/sumhash/Item100000/Count100000  12,433,280,125 ns/op   10,785,732,288 B/op   1,700,790 allocs/op
  [3/4]  bench  MerkleCommit/sumhash/Item100000/Count100000  12,412,516,556 ns/op   10,785,730,675 B/op   1,700,774 allocs/op
  [4/4]  bench  MerkleCommit/sumhash/Item100000/Count100000  12,385,173,125 ns/op ±1%   10,785,730,828 B/op ±0%   1,700,775 allocs/op ±0%    37.1s
  [1/4]  bench  MerkleCommit/sha256/Item10/Count10    8,077 ns/op   5,512 B/op   107 allocs/op
  [2/4]  bench  MerkleCommit/sha256/Item10/Count10    8,117 ns/op   5,512 B/op   107 allocs/op
  [3/4]  bench  MerkleCommit/sha256/Item10/Count10    8,160 ns/op   5,511 B/op   107 allocs/op
  [4/4]  bench  MerkleCommit/sha256/Item10/Count10    8,184 ns/op ±1%   5,511 B/op ±0%   107 allocs/op    3.85s
  [1/4]  bench  MerkleCommit/sha256/Item10/Count100   40,205 ns/op   33,499 B/op   759 allocs/op
  [2/4]  bench  MerkleCommit/sha256/Item10/Count100   40,139 ns/op   33,495 B/op   759 allocs/op
  [3/4]  bench  MerkleCommit/sha256/Item10/Count100   40,132 ns/op   33,496 B/op   759 allocs/op
  [4/4]  bench  MerkleCommit/sha256/Item10/Count100   40,270 ns/op ±1%   33,495 B/op ±0%   759 allocs/op    4.81s
  [1/4]  bench  MerkleCommit/sha256/Item10/Count1000  202,633 ns/op   296,372 B/op   7,086 allocs/op
  [2/4]  bench  MerkleCommit/sha256/Item10/Count1000  203,455 ns/op   296,352 B/op   7,086 allocs/op
  [3/4]  bench  MerkleCommit/sha256/Item10/Count1000  203,344 ns/op   296,356 B/op   7,086 allocs/op
  [4/4]  bench  MerkleCommit/sha256/Item10/Count1000  203,830 ns/op ±1%   296,350 B/op ±0%   7,086 allocs/op    3.67s
  [1/4]  bench  MerkleCommit/sha256/Item10/Count10000  1,057,615 ns/op   2,914,375 B/op   70,173 allocs/op
  [2/4]  bench  MerkleCommit/sha256/Item10/Count10000  1,062,308 ns/op   2,914,322 B/op   70,173 allocs/op
  [3/4]  bench  MerkleCommit/sha256/Item10/Count10000  1,058,938 ns/op   2,914,329 B/op   70,173 allocs/op
  [4/4]  bench  MerkleCommit/sha256/Item10/Count10000  1,057,919 ns/op ±1%   2,914,327 B/op ±0%   70,173 allocs/op ±0%    3.94s
  [1/4]  bench  MerkleCommit/sha256/Item10/Count100000  6,600,307 ns/op   28,855,895 B/op   700,270 allocs/op
  [2/4]  bench  MerkleCommit/sha256/Item10/Count100000  6,710,793 ns/op   28,855,793 B/op   700,269 allocs/op
  [3/4]  bench  MerkleCommit/sha256/Item10/Count100000  6,741,174 ns/op   28,855,760 B/op   700,269 allocs/op
  [4/4]  bench  MerkleCommit/sha256/Item10/Count100000  6,732,143 ns/op ±2%   28,855,784 B/op ±0%   700,269 allocs/op ±0%    5.68s
  [1/4]  bench  MerkleCommit/sha256/Item1000/Count10  15,449 ns/op   15,645 B/op   107 allocs/op
  [2/4]  bench  MerkleCommit/sha256/Item1000/Count10  15,451 ns/op   15,647 B/op   107 allocs/op
  [3/4]  bench  MerkleCommit/sha256/Item1000/Count10  15,399 ns/op   15,646 B/op   107 allocs/op
  [4/4]  bench  MerkleCommit/sha256/Item1000/Count10  15,407 ns/op ±1%   15,647 B/op ±0%   107 allocs/op    4.07s
  [1/4]  bench  MerkleCommit/sha256/Item1000/Count100  75,199 ns/op   134,531 B/op   761 allocs/op
  [2/4]  bench  MerkleCommit/sha256/Item1000/Count100  75,364 ns/op   134,530 B/op   761 allocs/op
  [3/4]  bench  MerkleCommit/sha256/Item1000/Count100  75,208 ns/op   134,531 B/op   761 allocs/op
  [4/4]  bench  MerkleCommit/sha256/Item1000/Count100  75,046 ns/op ±1%   134,532 B/op ±0%   761 allocs/op    5.88s
  [1/4]  bench  MerkleCommit/sha256/Item1000/Count1000  407,321 ns/op   1,305,289 B/op   7,095 allocs/op
  [2/4]  bench  MerkleCommit/sha256/Item1000/Count1000  406,546 ns/op   1,305,302 B/op   7,095 allocs/op
  [3/4]  bench  MerkleCommit/sha256/Item1000/Count1000  405,165 ns/op   1,305,301 B/op   7,095 allocs/op
  [4/4]  bench  MerkleCommit/sha256/Item1000/Count1000  406,222 ns/op ±1%   1,305,295 B/op ±0%   7,095 allocs/op    3.69s
  [1/4]  bench  MerkleCommit/sha256/Item1000/Count10000  2,769,786 ns/op   12,994,989 B/op   70,179 allocs/op
  [2/4]  bench  MerkleCommit/sha256/Item1000/Count10000  2,816,046 ns/op   12,995,010 B/op   70,179 allocs/op
  [3/4]  bench  MerkleCommit/sha256/Item1000/Count10000  2,780,351 ns/op   12,995,004 B/op   70,179 allocs/op
  [4/4]  bench  MerkleCommit/sha256/Item1000/Count10000  2,804,452 ns/op ±3%   12,995,016 B/op ±0%   70,179 allocs/op    4.42s
  [1/4]  bench  MerkleCommit/sha256/Item1000/Count100000  23,692,105 ns/op   129,656,082 B/op   700,269 allocs/op
  [2/4]  bench  MerkleCommit/sha256/Item1000/Count100000  23,811,540 ns/op   129,656,039 B/op   700,269 allocs/op
  [3/4]  bench  MerkleCommit/sha256/Item1000/Count100000  23,742,776 ns/op   129,656,028 B/op   700,269 allocs/op
  [4/4]  bench  MerkleCommit/sha256/Item1000/Count100000  23,758,298 ns/op ±1%   129,655,987 B/op ±0%   700,269 allocs/op ±0%    3.74s
  [1/4]  bench  MerkleCommit/sha256/Item100000/Count10  230,701 ns/op   1,071,231 B/op   115 allocs/op
  [2/4]  bench  MerkleCommit/sha256/Item100000/Count10  231,390 ns/op   1,071,230 B/op   115 allocs/op
  [3/4]  bench  MerkleCommit/sha256/Item100000/Count10  231,019 ns/op   1,071,230 B/op   115 allocs/op
  [4/4]  bench  MerkleCommit/sha256/Item100000/Count10  231,950 ns/op ±1%   1,071,229 B/op ±0%   115 allocs/op    3.67s
  [1/4]  bench  MerkleCommit/sha256/Item100000/Count100  1,502,633 ns/op   10,683,662 B/op   779 allocs/op
  [2/4]  bench  MerkleCommit/sha256/Item100000/Count100  1,511,286 ns/op   10,683,661 B/op   779 allocs/op
  [3/4]  bench  MerkleCommit/sha256/Item100000/Count100  1,511,605 ns/op   10,683,658 B/op   779 allocs/op
  [4/4]  bench  MerkleCommit/sha256/Item100000/Count100  1,520,234 ns/op ±1%   10,683,659 B/op ±0%   779 allocs/op    4.14s
  [1/4]  bench  MerkleCommit/sha256/Item100000/Count1000  14,169,555 ns/op   106,779,102 B/op   7,106 allocs/op
  [2/4]  bench  MerkleCommit/sha256/Item100000/Count1000  14,155,838 ns/op   106,779,057 B/op   7,106 allocs/op
  [3/4]  bench  MerkleCommit/sha256/Item100000/Count1000  14,178,638 ns/op   106,779,126 B/op   7,106 allocs/op
  [4/4]  bench  MerkleCommit/sha256/Item100000/Count1000  14,171,704 ns/op ±0%   106,779,192 B/op ±0%   7,107 allocs/op ±0%    3.58s
  [1/4]  bench  MerkleCommit/sha256/Item100000/Count10000  132,670,734 ns/op   1,067,726,170 B/op   70,232 allocs/op
  [2/4]  bench  MerkleCommit/sha256/Item100000/Count10000  131,973,995 ns/op   1,067,726,247 B/op   70,231 allocs/op
  [3/4]  bench  MerkleCommit/sha256/Item100000/Count10000  132,397,476 ns/op   1,067,725,564 B/op   70,223 allocs/op
  [4/4]  bench  MerkleCommit/sha256/Item100000/Count10000  132,437,581 ns/op ±1%   1,067,725,878 B/op ±0%   70,226 allocs/op ±0%    3.69s
  [1/4]  bench  MerkleCommit/sha256/Item100000/Count100000  1,134,840,667 ns/op   10,676,919,624 B/op   700,498 allocs/op
  [2/4]  bench  MerkleCommit/sha256/Item100000/Count100000  1,136,697,729 ns/op   10,676,919,736 B/op   700,500 allocs/op
  [3/4]  bench  MerkleCommit/sha256/Item100000/Count100000  1,124,466,653 ns/op   10,676,920,456 B/op   700,518 allocs/op
  [4/4]  bench  MerkleCommit/sha256/Item100000/Count100000  1,132,608,917 ns/op ±3%   10,676,919,756 B/op ±0%   700,505 allocs/op ±0%    3.4s
  [1/4]  bench  AppendMsgBlockHeader                  36.3 ns/op   27.6 MB/s   0.000 B/op   0.000 allocs/op
  [2/4]  bench  AppendMsgBlockHeader                  36.4 ns/op   27.5 MB/s   0.000 B/op   0.000 allocs/op
  [3/4]  bench  AppendMsgBlockHeader                  36.4 ns/op   27.5 MB/s   0.000 B/op   0.000 allocs/op
  [4/4]  bench  AppendMsgBlockHeader                  36.4 ns/op ±0%   27.5 MB/s ±0%   0.000 B/op   0.000 allocs/op    3.72s
  [1/4]  bench  AppendMsgSignedTxn                    76.0 ns/op   13.2 MB/s   0.000 B/op   0.000 allocs/op
  [2/4]  bench  AppendMsgSignedTxn                    76.3 ns/op   13.1 MB/s   0.000 B/op   0.000 allocs/op
  [3/4]  bench  AppendMsgSignedTxn                    76.2 ns/op   13.1 MB/s   0.000 B/op   0.000 allocs/op
  [4/4]  bench  AppendMsgSignedTxn                    76.4 ns/op ±1%   13.1 MB/s ±1%   0.000 B/op   0.000 allocs/op    3.86s
  [1/4]  bench  PaysetGroups                          5,630 ns/op   125,461 B/op   8.00 allocs/op
  [2/4]  bench  PaysetGroups                          5,635 ns/op   127,769 B/op   8.00 allocs/op
  [3/4]  bench  PaysetGroups                          5,608 ns/op   123,692 B/op   8.00 allocs/op
  [4/4]  bench  PaysetGroups                          5,617 ns/op ±1%   121,947 B/op ±6%   8.00 allocs/op    24s
  [1/4]  bench  Txn                                   41,330 ns/op   8,037 B/op   8.00 allocs/op
  [2/4]  bench  Txn                                   41,421 ns/op   8,040 B/op   8.00 allocs/op
  [3/4]  bench  Txn                                   41,406 ns/op   8,042 B/op   8.00 allocs/op
  [4/4]  bench  Txn                                   41,405 ns/op ±0%   8,042 B/op ±0%   8.00 allocs/op    9.08s
  [1/4]  bench  TxHandlerProcessing/processDecoded    10,596 ns/op   3,912 B/op   44.0 allocs/op
  [2/4]  bench  TxHandlerProcessing/processDecoded    10,614 ns/op   3,912 B/op   44.0 allocs/op
  [3/4]  bench  TxHandlerProcessing/processDecoded    10,645 ns/op   3,912 B/op   44.0 allocs/op
  [4/4]  bench  TxHandlerProcessing/processDecoded    10,642 ns/op ±1%   3,912 B/op   44.0 allocs/op    9.06s
  [1/4]  bench  TxHandlerProcessing/verify.TxnGroup   41,542 ns/op   11,872 B/op   16.0 allocs/op
  [2/4]  bench  TxHandlerProcessing/verify.TxnGroup   41,532 ns/op   11,872 B/op   16.0 allocs/op
  [3/4]  bench  TxHandlerProcessing/verify.TxnGroup   41,554 ns/op   11,872 B/op   16.0 allocs/op
  [4/4]  bench  TxHandlerProcessing/verify.TxnGroup   41,584 ns/op ±0%   11,872 B/op   16.0 allocs/op    6.54s
  [1/4]  bench  CompactDeltas/account-deltas          1,737,360 ns/op   4,167,762 B/op   18.0 allocs/op
  [2/4]  bench  CompactDeltas/account-deltas          1,579,187 ns/op   4,168,262 B/op   18.0 allocs/op
  [3/4]  bench  CompactDeltas/account-deltas          1,522,041 ns/op   4,169,772 B/op   18.0 allocs/op
  [4/4]  bench  CompactDeltas/account-deltas          1,488,838 ns/op ±12%   4,170,275 B/op ±0%   18.0 allocs/op    17.06s
