  [1/4]  bench  MerkleCommit/sha512_256/Item10/Count10  13,343 ns/op   6,094 B/op   107 allocs/op
  [2/4]  bench  MerkleCommit/sha512_256/Item10/Count10  13,353 ns/op   6,094 B/op   107 allocs/op
  [3/4]  bench  MerkleCommit/sha512_256/Item10/Count10  13,342 ns/op   6,094 B/op   107 allocs/op
  [4/4]  bench  MerkleCommit/sha512_256/Item10/Count10  13,298 ns/op ±1%   6,095 B/op ±0%   107 allocs/op    3.93s
  [1/4]  bench  MerkleCommit/sha512_256/Item10/Count100  51,591 ns/op   34,682 B/op   761 allocs/op
  [2/4]  bench  MerkleCommit/sha512_256/Item10/Count100  52,267 ns/op   34,673 B/op   761 allocs/op
  [3/4]  bench  MerkleCommit/sha512_256/Item10/Count100  52,037 ns/op   34,674 B/op   761 allocs/op
  [4/4]  bench  MerkleCommit/sha512_256/Item10/Count100  52,041 ns/op ±1%   34,677 B/op ±0%   761 allocs/op ±0%    5.19s
  [1/4]  bench  MerkleCommit/sha512_256/Item10/Count1000  251,113 ns/op   299,039 B/op   7,091 allocs/op
  [2/4]  bench  MerkleCommit/sha512_256/Item10/Count1000  253,407 ns/op   299,007 B/op   7,091 allocs/op
  [3/4]  bench  MerkleCommit/sha512_256/Item10/Count1000  252,423 ns/op   299,017 B/op   7,091 allocs/op
  [4/4]  bench  MerkleCommit/sha512_256/Item10/Count1000  252,767 ns/op ±1%   299,010 B/op ±0%   7,091 allocs/op ±0%    3.72s
  [1/4]  bench  MerkleCommit/sha512_256/Item10/Count10000  1,260,448 ns/op   2,920,495 B/op   70,182 allocs/op
  [2/4]  bench  MerkleCommit/sha512_256/Item10/Count10000  1,276,840 ns/op   2,920,427 B/op   70,182 allocs/op
  [3/4]  bench  MerkleCommit/sha512_256/Item10/Count10000  1,273,890 ns/op   2,920,468 B/op   70,182 allocs/op
  [4/4]  bench  MerkleCommit/sha512_256/Item10/Count10000  1,273,354 ns/op ±1%   2,920,436 B/op ±0%   70,182 allocs/op ±0%    4.03s
  [1/4]  bench  MerkleCommit/sha512_256/Item10/Count100000  7,764,724 ns/op   28,866,355 B/op   700,281 allocs/op
  [2/4]  bench  MerkleCommit/sha512_256/Item10/Count100000  7,714,302 ns/op   28,866,355 B/op   700,281 allocs/op
  [3/4]  bench  MerkleCommit/sha512_256/Item10/Count100000  7,770,053 ns/op   28,866,185 B/op   700,280 allocs/op
  [4/4]  bench  MerkleCommit/sha512_256/Item10/Count100000  7,799,387 ns/op ±1%   28,866,128 B/op ±0%   700,280 allocs/op ±0%    5.95s
  [1/4]  bench  MerkleCommit/sha512_256/Item1000/Count10  21,734 ns/op   16,262 B/op   108 allocs/op
  [2/4]  bench  MerkleCommit/sha512_256/Item1000/Count10  21,724 ns/op   16,261 B/op   108 allocs/op
  [3/4]  bench  MerkleCommit/sha512_256/Item1000/Count10  21,703 ns/op   16,262 B/op   108 allocs/op
  [4/4]  bench  MerkleCommit/sha512_256/Item1000/Count10  21,765 ns/op ±1%   16,261 B/op ±0%   108 allocs/op    4.28s
  [1/4]  bench  MerkleCommit/sha512_256/Item1000/Count100  94,981 ns/op   135,886 B/op   763 allocs/op
  [2/4]  bench  MerkleCommit/sha512_256/Item1000/Count100  95,020 ns/op   135,900 B/op   763 allocs/op
  [3/4]  bench  MerkleCommit/sha512_256/Item1000/Count100  95,154 ns/op   135,906 B/op   763 allocs/op
  [4/4]  bench  MerkleCommit/sha512_256/Item1000/Count100  95,477 ns/op ±1%   135,901 B/op ±0%   763 allocs/op    6.5s
  [1/4]  bench  MerkleCommit/sha512_256/Item1000/Count1000  485,572 ns/op   1,308,367 B/op   7,100 allocs/op
  [2/4]  bench  MerkleCommit/sha512_256/Item1000/Count1000  487,795 ns/op   1,308,317 B/op   7,100 allocs/op
  [3/4]  bench  MerkleCommit/sha512_256/Item1000/Count1000  486,880 ns/op   1,308,328 B/op   7,099 allocs/op
  [4/4]  bench  MerkleCommit/sha512_256/Item1000/Count1000  488,301 ns/op ±1%   1,308,314 B/op ±0%   7,099 allocs/op ±0%    3.78s
  [1/4]  bench  MerkleCommit/sha512_256/Item1000/Count10000  3,301,790 ns/op   13,001,096 B/op   70,186 allocs/op
  [2/4]  bench  MerkleCommit/sha512_256/Item1000/Count10000  3,265,163 ns/op   13,000,986 B/op   70,185 allocs/op
  [3/4]  bench  MerkleCommit/sha512_256/Item1000/Count10000  3,292,229 ns/op   13,001,016 B/op   70,185 allocs/op
  [4/4]  bench  MerkleCommit/sha512_256/Item1000/Count10000  3,310,376 ns/op ±2%   13,000,971 B/op ±0%   70,185 allocs/op ±0%    4.63s
  [1/4]  bench  MerkleCommit/sha512_256/Item1000/Count100000  26,434,256 ns/op   129,665,717 B/op   700,276 allocs/op
  [2/4]  bench  MerkleCommit/sha512_256/Item1000/Count100000  26,591,426 ns/op   129,665,607 B/op   700,275 allocs/op
  [3/4]  bench  MerkleCommit/sha512_256/Item1000/Count100000  26,415,241 ns/op   129,665,630 B/op   700,275 allocs/op
  [4/4]  bench  MerkleCommit/sha512_256/Item1000/Count100000  26,535,677 ns/op ±2%   129,665,571 B/op ±0%   700,275 allocs/op ±0%    3.59s
  [1/4]  bench  MerkleCommit/sha512_256/Item100000/Count10  324,949 ns/op   1,072,411 B/op   117 allocs/op
  [2/4]  bench  MerkleCommit/sha512_256/Item100000/Count10  327,257 ns/op   1,072,421 B/op   117 allocs/op
  [3/4]  bench  MerkleCommit/sha512_256/Item100000/Count10  326,481 ns/op   1,072,410 B/op   117 allocs/op
  [4/4]  bench  MerkleCommit/sha512_256/Item100000/Count10  325,829 ns/op ±1%   1,072,408 B/op ±0%   117 allocs/op    3.62s
  [1/4]  bench  MerkleCommit/sha512_256/Item100000/Count100  2,022,230 ns/op   10,685,808 B/op   781 allocs/op
  [2/4]  bench  MerkleCommit/sha512_256/Item100000/Count100  1,995,830 ns/op   10,685,825 B/op   781 allocs/op
  [3/4]  bench  MerkleCommit/sha512_256/Item100000/Count100  1,998,757 ns/op   10,685,843 B/op   781 allocs/op
  [4/4]  bench  MerkleCommit/sha512_256/Item100000/Count100  1,991,883 ns/op ±1%   10,685,847 B/op ±0%   781 allocs/op    4.19s
  [1/4]  bench  MerkleCommit/sha512_256/Item100000/Count1000  17,943,400 ns/op   106,782,421 B/op   7,110 allocs/op
  [2/4]  bench  MerkleCommit/sha512_256/Item100000/Count1000  17,919,836 ns/op   106,782,698 B/op   7,113 allocs/op
  [3/4]  bench  MerkleCommit/sha512_256/Item100000/Count1000  17,986,768 ns/op   106,782,637 B/op   7,112 allocs/op
  [4/4]  bench  MerkleCommit/sha512_256/Item100000/Count1000  17,910,562 ns/op ±1%   106,782,589 B/op ±0%   7,112 allocs/op ±0%    3.6s
  [1/4]  bench  MerkleCommit/sha512_256/Item100000/Count10000  167,621,946 ns/op   1,067,733,217 B/op   70,244 allocs/op
  [2/4]  bench  MerkleCommit/sha512_256/Item100000/Count10000  166,773,997 ns/op   1,067,733,122 B/op   70,244 allocs/op
  [3/4]  bench  MerkleCommit/sha512_256/Item100000/Count10000  167,423,934 ns/op   1,067,733,452 B/op   70,247 allocs/op
  [4/4]  bench  MerkleCommit/sha512_256/Item100000/Count10000  166,305,068 ns/op ±2%   1,067,733,482 B/op ±0%   70,247 allocs/op ±0%    3.96s
  [1/4]  bench  MerkleCommit/sha512_256/Item100000/Count100000  1,366,217,084 ns/op   10,676,932,744 B/op   700,582 allocs/op
  [2/4]  bench  MerkleCommit/sha512_256/Item100000/Count100000  1,387,827,438 ns/op   10,676,938,504 B/op   700,614 allocs/op
  [3/4]  bench  MerkleCommit/sha512_256/Item100000/Count100000  1,394,497,000 ns/op   10,676,936,211 B/op   700,585 allocs/op
  [4/4]  bench  MerkleCommit/sha512_256/Item100000/Count100000  1,395,794,188 ns/op ±2%   10,676,937,464 B/op ±0%   700,594 allocs/op ±0%    4.22s
  [1/4]  bench  MerkleCommit/sumhash/Item10/Count10   48,749 ns/op   16,798 B/op   217 allocs/op
  [2/4]  bench  MerkleCommit/sumhash/Item10/Count10   49,205 ns/op   16,793 B/op   217 allocs/op
  [3/4]  bench  MerkleCommit/sumhash/Item10/Count10   49,076 ns/op   16,793 B/op   217 allocs/op
  [4/4]  bench  MerkleCommit/sumhash/Item10/Count10   49,204 ns/op ±1%   16,791 B/op ±0%   217 allocs/op    5.11s
  [1/4]  bench  MerkleCommit/sumhash/Item10/Count100  234,789 ns/op   134,837 B/op   1,723 allocs/op
  [2/4]  bench  MerkleCommit/sumhash/Item10/Count100  236,147 ns/op   134,807 B/op   1,723 allocs/op
  [3/4]  bench  MerkleCommit/sumhash/Item10/Count100  235,734 ns/op   134,811 B/op   1,722 allocs/op
  [4/4]  bench  MerkleCommit/sumhash/Item10/Count100  235,846 ns/op ±1%   134,800 B/op ±0%   1,722 allocs/op ±0%    3.71s
  [1/4]  bench  MerkleCommit/sumhash/Item10/Count1000  1,061,906 ns/op   1,268,879 B/op   16,242 allocs/op
  [2/4]  bench  MerkleCommit/sumhash/Item10/Count1000  1,072,068 ns/op   1,268,725 B/op   16,241 allocs/op
  [3/4]  bench  MerkleCommit/sumhash/Item10/Count1000  1,069,997 ns/op   1,268,761 B/op   16,241 allocs/op
  [4/4]  bench  MerkleCommit/sumhash/Item10/Count1000  1,071,555 ns/op ±1%   1,268,727 B/op ±0%   16,241 allocs/op ±0%    3.96s
  [1/4]  bench  MerkleCommit/sumhash/Item10/Count10000  6,348,021 ns/op   12,538,450 B/op   160,471 allocs/op
  [2/4]  bench  MerkleCommit/sumhash/Item10/Count10000  6,314,495 ns/op   12,538,352 B/op   160,470 allocs/op
  [3/4]  bench  MerkleCommit/sumhash/Item10/Count10000  6,344,648 ns/op   12,538,169 B/op   160,468 allocs/op
  [4/4]  bench  MerkleCommit/sumhash/Item10/Count10000  6,338,079 ns/op ±1%   12,538,220 B/op ±0%   160,469 allocs/op ±0%    5.49s
  [1/4]  bench  MerkleCommit/sumhash/Item10/Count100000  50,927,793 ns/op   124,885,086 B/op   1,600,644 allocs/op
  [2/4]  bench  MerkleCommit/sumhash/Item10/Count100000  50,119,862 ns/op   124,885,493 B/op   1,600,649 allocs/op
  [3/4]  bench  MerkleCommit/sumhash/Item10/Count100000  50,453,937 ns/op   124,885,360 B/op   1,600,647 allocs/op
  [4/4]  bench  MerkleCommit/sumhash/Item10/Count100000  50,252,946 ns/op ±2%   124,885,520 B/op ±0%   1,600,649 allocs/op ±0%    3.46s
  [1/4]  bench  MerkleCommit/sumhash/Item1000/Count10  103,940 ns/op   28,639 B/op   233 allocs/op
  [2/4]  bench  MerkleCommit/sumhash/Item1000/Count10  104,673 ns/op   28,638 B/op   233 allocs/op
  [3/4]  bench  MerkleCommit/sumhash/Item1000/Count10  104,042 ns/op   28,635 B/op   233 allocs/op
  [4/4]  bench  MerkleCommit/sumhash/Item1000/Count10  104,356 ns/op ±1%   28,637 B/op ±0%   233 allocs/op ±0%    3.17s
  [1/4]  bench  MerkleCommit/sumhash/Item1000/Count100  454,300 ns/op   250,181 B/op   1,843 allocs/op
  [2/4]  bench  MerkleCommit/sumhash/Item1000/Count100  456,381 ns/op   250,187 B/op   1,843 allocs/op
  [3/4]  bench  MerkleCommit/sumhash/Item1000/Count100  456,767 ns/op   250,193 B/op   1,843 allocs/op
  [4/4]  bench  MerkleCommit/sumhash/Item1000/Count100  456,982 ns/op ±0%   250,203 B/op ±0%   1,844 allocs/op ±0%    3.66s
  [1/4]  bench  MerkleCommit/sumhash/Item1000/Count1000  2,554,799 ns/op   2,406,241 B/op   17,258 allocs/op
  [2/4]  bench  MerkleCommit/sumhash/Item1000/Count1000  2,529,789 ns/op   2,406,378 B/op   17,260 allocs/op
  [3/4]  bench  MerkleCommit/sumhash/Item1000/Count1000  2,524,992 ns/op   2,406,425 B/op   17,260 allocs/op
  [4/4]  bench  MerkleCommit/sumhash/Item1000/Count1000  2,521,521 ns/op ±1%   2,406,444 B/op ±0%   17,261 allocs/op ±0%    4.26s
  [1/4]  bench  MerkleCommit/sumhash/Item1000/Count10000  20,174,583 ns/op   23,898,189 B/op   170,467 allocs/op
  [2/4]  bench  MerkleCommit/sumhash/Item1000/Count10000  19,802,295 ns/op   23,898,505 B/op   170,471 allocs/op
  [3/4]  bench  MerkleCommit/sumhash/Item1000/Count10000  19,933,486 ns/op   23,898,373 B/op   170,469 allocs/op
  [4/4]  bench  MerkleCommit/sumhash/Item1000/Count10000  19,841,045 ns/op ±2%   23,898,486 B/op ±0%   170,471 allocs/op ±0%    3.61s
  [1/4]  bench  MerkleCommit/sumhash/Item1000/Count100000  178,968,986 ns/op   238,486,469 B/op   1,700,656 allocs/op
  [2/4]  bench  MerkleCommit/sumhash/Item1000/Count100000  175,694,202 ns/op   238,486,584 B/op   1,700,657 allocs/op
  [3/4]  bench  MerkleCommit/sumhash/Item1000/Count100000  176,485,417 ns/op   238,486,411 B/op   1,700,654 allocs/op
  [4/4]  bench  MerkleCommit/sumhash/Item1000/Count100000  175,406,886 ns/op ±2%   238,486,616 B/op ±0%   1,700,656 allocs/op ±0%    3.67s
  [1/4]  bench  MerkleCommit/sumhash/Item100000/Count10  2,066,441 ns/op   1,085,576 B/op   259 allocs/op
  [2/4]  bench  MerkleCommit/sumhash/Item100000/Count10  2,046,630 ns/op   1,085,586 B/op   259 allocs/op
  [3/4]  bench  MerkleCommit/sumhash/Item100000/Count10  2,055,954 ns/op   1,085,584 B/op   259 allocs/op
  [4/4]  bench  MerkleCommit/sumhash/Item100000/Count10  2,048,457 ns/op ±1%   1,085,589 B/op ±0%   259 allocs/op    4.11s
  [1/4]  bench  MerkleCommit/sumhash/Item100000/Count100  14,776,001 ns/op   10,798,654 B/op   1,857 allocs/op
  [2/4]  bench  MerkleCommit/sumhash/Item100000/Count100  15,026,826 ns/op   10,798,629 B/op   1,857 allocs/op
  [3/4]  bench  MerkleCommit/sumhash/Item100000/Count100  14,956,635 ns/op   10,798,631 B/op   1,857 allocs/op
  [4/4]  bench  MerkleCommit/sumhash/Item100000/Count100  14,996,984 ns/op ±2%   10,798,618 B/op ±0%   1,857 allocs/op ±0%    3.62s
  [1/4]  bench  MerkleCommit/sumhash/Item100000/Count1000  130,985,047 ns/op   107,879,206 B/op   17,262 allocs/op
  [2/4]  bench  MerkleCommit/sumhash/Item100000/Count1000  132,268,107 ns/op   107,878,971 B/op   17,260 allocs/op
  [3/4]  bench  MerkleCommit/sumhash/Item100000/Count1000  131,931,616 ns/op   107,878,949 B/op   17,259 allocs/op
  [4/4]  bench  MerkleCommit/sumhash/Item100000/Count1000  132,021,323 ns/op ±1%   107,878,896 B/op ±0%   17,258 allocs/op ±0%    3.57s
  [1/4]  bench  MerkleCommit/sumhash/Item100000/Count10000  1,292,977,375 ns/op   1,078,626,696 B/op   170,498 allocs/op
  [2/4]  bench  MerkleCommit/sumhash/Item100000/Count10000  1,281,102,209 ns/op   1,078,626,928 B/op   170,498 allocs/op
  [3/4]  bench  MerkleCommit/sumhash/Item100000/Count10000  1,284,973,153 ns/op   1,078,626,765 B/op   170,500 allocs/op
  [4/4]  bench  MerkleCommit/sumhash/Item100000/Count10000  1,276,894,459 ns/op ±2%   1,078,626,576 B/op ±0%   170,497 allocs/op ±0%    3.81s
  [1/4]  bench  MerkleCommit/sumhash/Item100000/Count100000  12,395,835,500 ns/op   10,785,731,400 B/op   1,700,797 allocs/op
  [2/4]  bench  MerkleCommit/sumhash/Item100000/Count100000  12,372,047,521 ns/op   10,785,730,752 B/op   1,700,777 allocs/op
  [3/4]  bench  MerkleCommit/sumhash/Item100000/Count100000  12,355,195,861 ns/op   10,785,730,707 B/op   1,700,777 allocs/op
  [4/4]  bench  MerkleCommit/sumhash/Item100000/Count100000  12,315,199,719 ns/op ±1%   10,785,730,168 B/op ±0%   1,700,772 allocs/op ±0%    36.87s
  [1/4]  bench  MerkleCommit/sha256/Item10/Count10    7,543 ns/op   5,511 B/op   107 allocs/op
  [2/4]  bench  MerkleCommit/sha256/Item10/Count10    7,620 ns/op   5,511 B/op   107 allocs/op
  [3/4]  bench  MerkleCommit/sha256/Item10/Count10    7,601 ns/op   5,511 B/op   107 allocs/op
  [4/4]  bench  MerkleCommit/sha256/Item10/Count10    7,603 ns/op ±1%   5,511 B/op   107 allocs/op    3.79s
  [1/4]  bench  MerkleCommit/sha256/Item10/Count100   37,428 ns/op   33,502 B/op   759 allocs/op
  [2/4]  bench  MerkleCommit/sha256/Item10/Count100   37,972 ns/op   33,497 B/op   759 allocs/op
  [3/4]  bench  MerkleCommit/sha256/Item10/Count100   37,829 ns/op   33,500 B/op   759 allocs/op
  [4/4]  bench  MerkleCommit/sha256/Item10/Count100   38,080 ns/op ±2%   33,498 B/op ±0%   759 allocs/op    4.8s
  [1/4]  bench  MerkleCommit/sha256/Item10/Count1000  200,883 ns/op   296,337 B/op   7,086 allocs/op
  [2/4]  bench  MerkleCommit/sha256/Item10/Count1000  202,742 ns/op   296,334 B/op   7,086 allocs/op
  [3/4]  bench  MerkleCommit/sha256/Item10/Count1000  202,336 ns/op   296,343 B/op   7,086 allocs/op
  [4/4]  bench  MerkleCommit/sha256/Item10/Count1000  202,326 ns/op ±1%   296,338 B/op ±0%   7,086 allocs/op    3.67s
  [1/4]  bench  MerkleCommit/sha256/Item10/Count10000  1,050,708 ns/op   2,914,340 B/op   70,173 allocs/op
  [2/4]  bench  MerkleCommit/sha256/Item10/Count10000  1,052,092 ns/op   2,914,355 B/op   70,173 allocs/op
  [3/4]  bench  MerkleCommit/sha256/Item10/Count10000  1,055,983 ns/op   2,914,334 B/op   70,173 allocs/op
  [4/4]  bench  MerkleCommit/sha256/Item10/Count10000  1,056,126 ns/op ±1%   2,914,343 B/op ±0%   70,173 allocs/op    3.94s
  [1/4]  bench  MerkleCommit/sha256/Item10/Count100000  6,678,791 ns/op   28,855,891 B/op   700,270 allocs/op
  [2/4]  bench  MerkleCommit/sha256/Item10/Count100000  6,693,993 ns/op   28,855,742 B/op   700,269 allocs/op
  [3/4]  bench  MerkleCommit/sha256/Item10/Count100000  6,678,965 ns/op   28,855,797 B/op   700,269 allocs/op
  [4/4]  bench  MerkleCommit/sha256/Item10/Count100000  6,676,379 ns/op ±0%   28,855,818 B/op ±0%   700,269 allocs/op ±0%    5.6s
  [1/4]  bench  MerkleCommit/sha256/Item1000/Count10  14,791 ns/op   15,646 B/op   107 allocs/op
  [2/4]  bench  MerkleCommit/sha256/Item1000/Count10  14,612 ns/op   15,648 B/op   107 allocs/op
  [3/4]  bench  MerkleCommit/sha256/Item1000/Count10  14,559 ns/op   15,648 B/op   107 allocs/op
  [4/4]  bench  MerkleCommit/sha256/Item1000/Count10  14,545 ns/op ±1%   15,649 B/op ±0%   107 allocs/op    3.92s
  [1/4]  bench  MerkleCommit/sha256/Item1000/Count100  73,187 ns/op   134,521 B/op   761 allocs/op
  [2/4]  bench  MerkleCommit/sha256/Item1000/Count100  72,666 ns/op   134,525 B/op   761 allocs/op
  [3/4]  bench  MerkleCommit/sha256/Item1000/Count100  72,250 ns/op   134,525 B/op   761 allocs/op
  [4/4]  bench  MerkleCommit/sha256/Item1000/Count100  72,287 ns/op ±1%   134,524 B/op ±0%   761 allocs/op    5.77s
  [1/4]  bench  MerkleCommit/sha256/Item1000/Count1000  403,314 ns/op   1,305,314 B/op   7,095 allocs/op
  [2/4]  bench  MerkleCommit/sha256/Item1000/Count1000  405,647 ns/op   1,305,297 B/op   7,095 allocs/op
  [3/4]  bench  MerkleCommit/sha256/Item1000/Count1000  403,756 ns/op   1,305,297 B/op   7,095 allocs/op
  [4/4]  bench  MerkleCommit/sha256/Item1000/Count1000  404,053 ns/op ±1%   1,305,286 B/op ±0%   7,095 allocs/op    3.73s
  [1/4]  bench  MerkleCommit/sha256/Item1000/Count10000  2,845,552 ns/op   12,995,054 B/op   70,179 allocs/op
  [2/4]  bench  MerkleCommit/sha256/Item1000/Count10000  2,879,023 ns/op   12,995,049 B/op   70,179 allocs/op
  [3/4]  bench  MerkleCommit/sha256/Item1000/Count10000  2,860,623 ns/op   12,995,060 B/op   70,179 allocs/op
  [4/4]  bench  MerkleCommit/sha256/Item1000/Count10000  2,837,404 ns/op ±3%   12,995,027 B/op ±0%   70,179 allocs/op ±0%    4.52s
  [1/4]  bench  MerkleCommit/sha256/Item1000/Count100000  23,725,258 ns/op   129,655,848 B/op   700,267 allocs/op
  [2/4]  bench  MerkleCommit/sha256/Item1000/Count100000  23,716,785 ns/op   129,655,787 B/op   700,267 allocs/op
  [3/4]  bench  MerkleCommit/sha256/Item1000/Count100000  23,669,659 ns/op   129,655,825 B/op   700,267 allocs/op
  [4/4]  bench  MerkleCommit/sha256/Item1000/Count100000  23,666,490 ns/op ±0%   129,655,867 B/op ±0%   700,268 allocs/op ±0%    3.48s
  [1/4]  bench  MerkleCommit/sha256/Item100000/Count10  232,664 ns/op   1,071,225 B/op   115 allocs/op
  [2/4]  bench  MerkleCommit/sha256/Item100000/Count10  232,470 ns/op   1,071,231 B/op   115 allocs/op
  [3/4]  bench  MerkleCommit/sha256/Item100000/Count10  233,454 ns/op   1,071,229 B/op   115 allocs/op
  [4/4]  bench  MerkleCommit/sha256/Item100000/Count10  233,197 ns/op ±1%   1,071,230 B/op ±0%   115 allocs/op    3.68s
  [1/4]  bench  MerkleCommit/sha256/Item100000/Count100  1,516,235 ns/op   10,683,652 B/op   779 allocs/op
  [2/4]  bench  MerkleCommit/sha256/Item100000/Count100  1,513,025 ns/op   10,683,658 B/op   779 allocs/op
  [3/4]  bench  MerkleCommit/sha256/Item100000/Count100  1,518,811 ns/op   10,683,653 B/op   779 allocs/op
  [4/4]  bench  MerkleCommit/sha256/Item100000/Count100  1,521,294 ns/op ±1%   10,683,657 B/op ±0%   779 allocs/op    4.08s
  [1/4]  bench  MerkleCommit/sha256/Item100000/Count1000  14,301,189 ns/op   106,779,211 B/op   7,107 allocs/op
  [2/4]  bench  MerkleCommit/sha256/Item100000/Count1000  14,299,374 ns/op   106,779,280 B/op   7,108 allocs/op
  [3/4]  bench  MerkleCommit/sha256/Item100000/Count1000  14,272,871 ns/op   106,779,246 B/op   7,107 allocs/op
  [4/4]  bench  MerkleCommit/sha256/Item100000/Count1000  14,374,063 ns/op ±2%   106,779,246 B/op ±0%   7,107 allocs/op ±0%    3.59s
  [1/4]  bench  MerkleCommit/sha256/Item100000/Count10000  133,299,505 ns/op   1,067,725,486 B/op   70,220 allocs/op
  [2/4]  bench  MerkleCommit/sha256/Item100000/Count10000  134,205,464 ns/op   1,067,725,935 B/op   70,225 allocs/op
  [3/4]  bench  MerkleCommit/sha256/Item100000/Count10000  134,237,797 ns/op   1,067,725,634 B/op   70,221 allocs/op
  [4/4]  bench  MerkleCommit/sha256/Item100000/Count10000  134,864,000 ns/op ±1%   1,067,725,617 B/op ±0%   70,221 allocs/op ±0%    3.64s
  [1/4]  bench  MerkleCommit/sha256/Item100000/Count100000  1,135,390,042 ns/op   10,676,929,080 B/op   700,528 allocs/op
  [2/4]  bench  MerkleCommit/sha256/Item100000/Count100000  1,141,922,521 ns/op   10,676,923,736 B/op   700,501 allocs/op
  [3/4]  bench  MerkleCommit/sha256/Item100000/Count100000  1,129,502,764 ns/op   10,676,920,232 B/op   700,490 allocs/op
  [4/4]  bench  MerkleCommit/sha256/Item100000/Count100000  1,130,264,313 ns/op ±2%   10,676,919,792 B/op ±0%   700,487 allocs/op ±0%    3.39s
  [1/4]  bench  AppendMsgBlockHeader                  36.4 ns/op   27.4 MB/s   0.000 B/op   0.000 allocs/op
  [2/4]  bench  AppendMsgBlockHeader                  36.4 ns/op   27.5 MB/s   0.000 B/op   0.000 allocs/op
  [3/4]  bench  AppendMsgBlockHeader                  36.5 ns/op   27.4 MB/s   0.000 B/op   0.000 allocs/op
  [4/4]  bench  AppendMsgBlockHeader                  36.4 ns/op ±1%   27.4 MB/s ±1%   0.000 B/op   0.000 allocs/op    3.73s
  [1/4]  bench  AppendMsgSignedTxn                    76.1 ns/op   13.2 MB/s   0.000 B/op   0.000 allocs/op
  [2/4]  bench  AppendMsgSignedTxn                    76.1 ns/op   13.1 MB/s   0.000 B/op   0.000 allocs/op
  [3/4]  bench  AppendMsgSignedTxn                    76.9 ns/op   13.0 MB/s   0.000 B/op   0.000 allocs/op
  [4/4]  bench  AppendMsgSignedTxn                    76.6 ns/op ±2%   13.1 MB/s ±2%   0.000 B/op   0.000 allocs/op    3.86s
  [1/4]  bench  PaysetGroups                          6,570 ns/op   440,776 B/op   6.00 allocs/op
  [2/4]  bench  PaysetGroups                          6,526 ns/op   442,494 B/op   6.00 allocs/op
  [3/4]  bench  PaysetGroups                          6,515 ns/op   439,404 B/op   6.00 allocs/op
  [4/4]  bench  PaysetGroups                          6,514 ns/op ±1%   438,237 B/op ±1%   6.00 allocs/op    35.37s
  [1/4]  bench  Txn                                   41,232 ns/op   8,038 B/op   8.00 allocs/op
  [2/4]  bench  Txn                                   41,407 ns/op   8,036 B/op   8.00 allocs/op
  [3/4]  bench  Txn                                   41,407 ns/op   8,038 B/op   8.00 allocs/op
  [4/4]  bench  Txn                                   41,456 ns/op ±0%   8,037 B/op ±0%   8.00 allocs/op    9.1s
  [1/4]  bench  TxHandlerProcessing/processDecoded    10,700 ns/op   3,912 B/op   44.0 allocs/op
  [2/4]  bench  TxHandlerProcessing/processDecoded    10,722 ns/op   3,912 B/op   44.0 allocs/op
  [3/4]  bench  TxHandlerProcessing/processDecoded    10,682 ns/op   3,912 B/op   44.0 allocs/op
  [4/4]  bench  TxHandlerProcessing/processDecoded    10,679 ns/op ±1%   3,912 B/op   44.0 allocs/op    9.16s
  [1/4]  bench  TxHandlerProcessing/verify.TxnGroup   41,792 ns/op   11,872 B/op   16.0 allocs/op
  [2/4]  bench  TxHandlerProcessing/verify.TxnGroup   41,724 ns/op   11,872 B/op   16.0 allocs/op
  [3/4]  bench  TxHandlerProcessing/verify.TxnGroup   41,660 ns/op   11,872 B/op   16.0 allocs/op
  [4/4]  bench  TxHandlerProcessing/verify.TxnGroup   41,670 ns/op ±0%   11,872 B/op   16.0 allocs/op    6.52s
  [1/4]  bench  CompactDeltas/account-deltas          1,648,625 ns/op   4,174,841 B/op   18.0 allocs/op
  [2/4]  bench  CompactDeltas/account-deltas          1,541,539 ns/op   4,175,615 B/op   18.0 allocs/op
  [3/4]  bench  CompactDeltas/account-deltas          1,507,362 ns/op   4,175,701 B/op   18.0 allocs/op
  [4/4]  bench  CompactDeltas/account-deltas          1,483,096 ns/op ±8%   4,173,966 B/op ±0%   18.0 allocs/op    17.04s
