  [1/4]  bench  MerkleCommit/sha512_256/Item10/Count10  13,811 ns/op   6,090 B/op   107 allocs/op
  [2/4]  bench  MerkleCommit/sha512_256/Item10/Count10  13,840 ns/op   6,087 B/op   107 allocs/op
  [3/4]  bench  MerkleCommit/sha512_256/Item10/Count10  13,848 ns/op   6,086 B/op   107 allocs/op
  [4/4]  bench  MerkleCommit/sha512_256/Item10/Count10  13,886 ns/op ±1%   6,086 B/op ±0%   107 allocs/op    4.01s
  [1/4]  bench  MerkleCommit/sha512_256/Item10/Count100  53,703 ns/op   34,681 B/op   761 allocs/op
  [2/4]  bench  MerkleCommit/sha512_256/Item10/Count100  54,066 ns/op   34,667 B/op   761 allocs/op
  [3/4]  bench  MerkleCommit/sha512_256/Item10/Count100  53,994 ns/op   34,671 B/op   761 allocs/op
  [4/4]  bench  MerkleCommit/sha512_256/Item10/Count100  54,069 ns/op ±1%   34,672 B/op ±0%   761 allocs/op ±0%    5.24s
  [1/4]  bench  MerkleCommit/sha512_256/Item10/Count1000  253,152 ns/op   299,020 B/op   7,091 allocs/op
  [2/4]  bench  MerkleCommit/sha512_256/Item10/Count1000  252,848 ns/op   299,014 B/op   7,091 allocs/op
  [3/4]  bench  MerkleCommit/sha512_256/Item10/Count1000  251,916 ns/op   299,024 B/op   7,091 allocs/op
  [4/4]  bench  MerkleCommit/sha512_256/Item10/Count1000  252,309 ns/op ±1%   299,020 B/op ±0%   7,091 allocs/op    3.63s
  [1/4]  bench  MerkleCommit/sha512_256/Item10/Count10000  1,266,628 ns/op   2,920,619 B/op   70,183 allocs/op
  [2/4]  bench  MerkleCommit/sha512_256/Item10/Count10000  1,284,110 ns/op   2,920,535 B/op   70,183 allocs/op
  [3/4]  bench  MerkleCommit/sha512_256/Item10/Count10000  1,279,674 ns/op   2,920,554 B/op   70,183 allocs/op
  [4/4]  bench  MerkleCommit/sha512_256/Item10/Count10000  1,280,212 ns/op ±1%   2,920,516 B/op ±0%   70,183 allocs/op ±0%    4.02s
  [1/4]  bench  MerkleCommit/sha512_256/Item10/Count100000  7,713,994 ns/op   28,866,353 B/op   700,281 allocs/op
  [2/4]  bench  MerkleCommit/sha512_256/Item10/Count100000  7,720,545 ns/op   28,866,423 B/op   700,282 allocs/op
  [3/4]  bench  MerkleCommit/sha512_256/Item10/Count100000  7,777,085 ns/op   28,866,265 B/op   700,281 allocs/op
  [4/4]  bench  MerkleCommit/sha512_256/Item10/Count100000  7,810,873 ns/op ±1%   28,866,188 B/op ±0%   700,280 allocs/op ±0%    5.83s
  [1/4]  bench  MerkleCommit/sha512_256/Item1000/Count10  22,963 ns/op   16,260 B/op   108 allocs/op
  [2/4]  bench  MerkleCommit/sha512_256/Item1000/Count10  22,822 ns/op   16,259 B/op   108 allocs/op
  [3/4]  bench  MerkleCommit/sha512_256/Item1000/Count10  22,722 ns/op   16,258 B/op   108 allocs/op
  [4/4]  bench  MerkleCommit/sha512_256/Item1000/Count10  22,668 ns/op ±1%   16,258 B/op ±0%   108 allocs/op    4.32s
  [1/4]  bench  MerkleCommit/sha512_256/Item1000/Count100  95,744 ns/op   135,936 B/op   764 allocs/op
  [2/4]  bench  MerkleCommit/sha512_256/Item1000/Count100  95,419 ns/op   135,936 B/op   764 allocs/op
  [3/4]  bench  MerkleCommit/sha512_256/Item1000/Count100  95,343 ns/op   135,932 B/op   764 allocs/op
  [4/4]  bench  MerkleCommit/sha512_256/Item1000/Count100  96,075 ns/op ±2%   135,921 B/op ±0%   764 allocs/op ±0%    6.51s
  [1/4]  bench  MerkleCommit/sha512_256/Item1000/Count1000  483,692 ns/op   1,308,346 B/op   7,099 allocs/op
  [2/4]  bench  MerkleCommit/sha512_256/Item1000/Count1000  486,077 ns/op   1,308,304 B/op   7,099 allocs/op
  [3/4]  bench  MerkleCommit/sha512_256/Item1000/Count1000  486,287 ns/op   1,308,326 B/op   7,099 allocs/op
  [4/4]  bench  MerkleCommit/sha512_256/Item1000/Count1000  487,508 ns/op ±1%   1,308,313 B/op ±0%   7,099 allocs/op ±0%    3.78s
  [1/4]  bench  MerkleCommit/sha512_256/Item1000/Count10000  3,318,199 ns/op   13,001,031 B/op   70,185 allocs/op
  [2/4]  bench  MerkleCommit/sha512_256/Item1000/Count10000  3,324,165 ns/op   13,000,956 B/op   70,185 allocs/op
  [3/4]  bench  MerkleCommit/sha512_256/Item1000/Count10000  3,303,422 ns/op   13,000,992 B/op   70,185 allocs/op
  [4/4]  bench  MerkleCommit/sha512_256/Item1000/Count10000  3,320,193 ns/op ±2%   13,000,983 B/op ±0%   70,185 allocs/op ±0%    4.67s
  [1/4]  bench  MerkleCommit/sha512_256/Item1000/Count100000  26,416,105 ns/op   129,665,662 B/op   700,275 allocs/op
  [2/4]  bench  MerkleCommit/sha512_256/Item1000/Count100000  26,513,428 ns/op   129,665,601 B/op   700,275 allocs/op
  [3/4]  bench  MerkleCommit/sha512_256/Item1000/Count100000  26,522,756 ns/op   129,665,682 B/op   700,276 allocs/op
  [4/4]  bench  MerkleCommit/sha512_256/Item1000/Count100000  26,661,517 ns/op ±1%   129,665,584 B/op ±0%   700,275 allocs/op ±0%    3.63s
  [1/4]  bench  MerkleCommit/sha512_256/Item100000/Count10  322,985 ns/op   1,072,403 B/op   117 allocs/op
  [2/4]  bench  MerkleCommit/sha512_256/Item100000/Count10  324,598 ns/op   1,072,408 B/op   117 allocs/op
  [3/4]  bench  MerkleCommit/sha512_256/Item100000/Count10  324,853 ns/op   1,072,404 B/op   117 allocs/op
  [4/4]  bench  MerkleCommit/sha512_256/Item100000/Count10  324,929 ns/op ±0%   1,072,410 B/op ±0%   117 allocs/op    3.57s
  [1/4]  bench  MerkleCommit/sha512_256/Item100000/Count100  2,027,202 ns/op   10,685,838 B/op   781 allocs/op
  [2/4]  bench  MerkleCommit/sha512_256/Item100000/Count100  2,021,052 ns/op   10,685,846 B/op   781 allocs/op
  [3/4]  bench  MerkleCommit/sha512_256/Item100000/Count100  2,013,187 ns/op   10,685,845 B/op   781 allocs/op
  [4/4]  bench  MerkleCommit/sha512_256/Item100000/Count100  2,008,496 ns/op ±1%   10,685,853 B/op ±0%   781 allocs/op    4.18s
  [1/4]  bench  MerkleCommit/sha512_256/Item100000/Count1000  18,397,708 ns/op   106,782,640 B/op   7,113 allocs/op
  [2/4]  bench  MerkleCommit/sha512_256/Item100000/Count1000  18,168,486 ns/op   106,782,570 B/op   7,112 allocs/op
  [3/4]  bench  MerkleCommit/sha512_256/Item100000/Count1000  18,184,555 ns/op   106,782,507 B/op   7,111 allocs/op
  [4/4]  bench  MerkleCommit/sha512_256/Item100000/Count1000  18,102,845 ns/op ±1%   106,782,550 B/op ±0%   7,112 allocs/op ±0%    3.55s
  [1/4]  bench  MerkleCommit/sha512_256/Item100000/Count10000  170,007,310 ns/op   1,067,734,467 B/op   70,258 allocs/op
  [2/4]  bench  MerkleCommit/sha512_256/Item100000/Count10000  166,501,673 ns/op   1,067,733,527 B/op   70,249 allocs/op
  [3/4]  bench  MerkleCommit/sha512_256/Item100000/Count10000  167,633,316 ns/op   1,067,733,878 B/op   70,252 allocs/op
  [4/4]  bench  MerkleCommit/sha512_256/Item100000/Count10000  166,348,777 ns/op ±2%   1,067,733,805 B/op ±0%   70,252 allocs/op ±0%    4.91s
  [1/4]  bench  MerkleCommit/sha512_256/Item100000/Count100000  1,356,499,333 ns/op   10,676,929,720 B/op   700,547 allocs/op
  [2/4]  bench  MerkleCommit/sha512_256/Item100000/Count100000  1,364,589,896 ns/op   10,676,933,944 B/op   700,573 allocs/op
  [3/4]  bench  MerkleCommit/sha512_256/Item100000/Count100000  1,358,562,292 ns/op   10,676,933,891 B/op   700,586 allocs/op
  [4/4]  bench  MerkleCommit/sha512_256/Item100000/Count100000  1,352,844,010 ns/op ±1%   10,676,932,960 B/op ±0%   700,577 allocs/op ±0%    4.05s
  [1/4]  bench  MerkleCommit/sumhash/Item10/Count10   50,504 ns/op   16,808 B/op   217 allocs/op
  [2/4]  bench  MerkleCommit/sumhash/Item10/Count10   49,995 ns/op   16,808 B/op   217 allocs/op
  [3/4]  bench  MerkleCommit/sumhash/Item10/Count10   50,208 ns/op   16,800 B/op   217 allocs/op
  [4/4]  bench  MerkleCommit/sumhash/Item10/Count10   50,269 ns/op ±1%   16,800 B/op ±0%   217 allocs/op    5.1s
  [1/4]  bench  MerkleCommit/sumhash/Item10/Count100  238,151 ns/op   134,826 B/op   1,722 allocs/op
  [2/4]  bench  MerkleCommit/sumhash/Item10/Count100  238,170 ns/op   134,835 B/op   1,723 allocs/op
  [3/4]  bench  MerkleCommit/sumhash/Item10/Count100  238,537 ns/op   134,822 B/op   1,722 allocs/op
  [4/4]  bench  MerkleCommit/sumhash/Item10/Count100  237,909 ns/op ±1%   134,823 B/op ±0%   1,722 allocs/op ±0%    3.67s
  [1/4]  bench  MerkleCommit/sumhash/Item10/Count1000  1,065,373 ns/op   1,268,861 B/op   16,242 allocs/op
  [2/4]  bench  MerkleCommit/sumhash/Item10/Count1000  1,067,935 ns/op   1,268,845 B/op   16,242 allocs/op
  [3/4]  bench  MerkleCommit/sumhash/Item10/Count1000  1,068,762 ns/op   1,268,859 B/op   16,242 allocs/op
  [4/4]  bench  MerkleCommit/sumhash/Item10/Count1000  1,072,316 ns/op ±1%   1,268,814 B/op ±0%   16,242 allocs/op ±0%    3.94s
  [1/4]  bench  MerkleCommit/sumhash/Item10/Count10000  6,435,397 ns/op   12,538,013 B/op   160,466 allocs/op
  [2/4]  bench  MerkleCommit/sumhash/Item10/Count10000  6,408,377 ns/op   12,538,245 B/op   160,469 allocs/op
  [3/4]  bench  MerkleCommit/sumhash/Item10/Count10000  6,429,261 ns/op   12,538,164 B/op   160,468 allocs/op
  [4/4]  bench  MerkleCommit/sumhash/Item10/Count10000  6,443,589 ns/op ±1%   12,538,103 B/op ±0%   160,467 allocs/op ±0%    5.56s
  [1/4]  bench  MerkleCommit/sumhash/Item10/Count100000  49,897,509 ns/op   124,885,988 B/op   1,600,653 allocs/op
  [2/4]  bench  MerkleCommit/sumhash/Item10/Count100000  49,874,984 ns/op   124,885,965 B/op   1,600,654 allocs/op
  [3/4]  bench  MerkleCommit/sumhash/Item10/Count100000  50,338,897 ns/op   124,885,845 B/op   1,600,652 allocs/op
  [4/4]  bench  MerkleCommit/sumhash/Item10/Count100000  50,179,683 ns/op ±2%   124,885,843 B/op ±0%   1,600,653 allocs/op ±0%    3.53s
  [1/4]  bench  MerkleCommit/sumhash/Item1000/Count10  106,076 ns/op   28,629 B/op   232 allocs/op
  [2/4]  bench  MerkleCommit/sumhash/Item1000/Count10  105,829 ns/op   28,630 B/op   232 allocs/op
  [3/4]  bench  MerkleCommit/sumhash/Item1000/Count10  105,734 ns/op   28,630 B/op   232 allocs/op
  [4/4]  bench  MerkleCommit/sumhash/Item1000/Count10  106,064 ns/op ±1%   28,627 B/op ±0%   232 allocs/op    3.21s
  [1/4]  bench  MerkleCommit/sumhash/Item1000/Count100  453,104 ns/op   250,224 B/op   1,844 allocs/op
  [2/4]  bench  MerkleCommit/sumhash/Item1000/Count100  455,006 ns/op   250,189 B/op   1,844 allocs/op
  [3/4]  bench  MerkleCommit/sumhash/Item1000/Count100  454,326 ns/op   250,199 B/op   1,844 allocs/op
  [4/4]  bench  MerkleCommit/sumhash/Item1000/Count100  455,735 ns/op ±1%   250,184 B/op ±0%   1,844 allocs/op ±0%    3.75s
  [1/4]  bench  MerkleCommit/sumhash/Item1000/Count1000  2,485,921 ns/op   2,406,568 B/op   17,262 allocs/op
  [2/4]  bench  MerkleCommit/sumhash/Item1000/Count1000  2,519,247 ns/op   2,406,391 B/op   17,260 allocs/op
  [3/4]  bench  MerkleCommit/sumhash/Item1000/Count1000  2,510,738 ns/op   2,406,460 B/op   17,261 allocs/op
  [4/4]  bench  MerkleCommit/sumhash/Item1000/Count1000  2,521,466 ns/op ±1%   2,406,393 B/op ±0%   17,260 allocs/op ±0%    4.41s
  [1/4]  bench  MerkleCommit/sumhash/Item1000/Count10000  19,345,989 ns/op   23,898,988 B/op   170,477 allocs/op
  [2/4]  bench  MerkleCommit/sumhash/Item1000/Count10000  19,516,766 ns/op   23,898,658 B/op   170,473 allocs/op
  [3/4]  bench  MerkleCommit/sumhash/Item1000/Count10000  19,518,730 ns/op   23,898,671 B/op   170,473 allocs/op
  [4/4]  bench  MerkleCommit/sumhash/Item1000/Count10000  19,612,684 ns/op ±1%   23,898,639 B/op ±0%   170,473 allocs/op ±0%    3.74s
  [1/4]  bench  MerkleCommit/sumhash/Item1000/Count100000  172,385,799 ns/op   238,486,370 B/op   1,700,653 allocs/op
  [2/4]  bench  MerkleCommit/sumhash/Item1000/Count100000  171,522,990 ns/op   238,486,362 B/op   1,700,653 allocs/op
  [3/4]  bench  MerkleCommit/sumhash/Item1000/Count100000  171,873,498 ns/op   238,486,383 B/op   1,700,654 allocs/op
  [4/4]  bench  MerkleCommit/sumhash/Item1000/Count100000  171,693,873 ns/op ±1%   238,486,528 B/op ±0%   1,700,655 allocs/op ±0%    3.63s
  [1/4]  bench  MerkleCommit/sumhash/Item100000/Count10  2,104,601 ns/op   1,085,574 B/op   259 allocs/op
  [2/4]  bench  MerkleCommit/sumhash/Item100000/Count10  2,067,231 ns/op   1,085,582 B/op   259 allocs/op
  [3/4]  bench  MerkleCommit/sumhash/Item100000/Count10  2,072,654 ns/op   1,085,576 B/op   259 allocs/op
  [4/4]  bench  MerkleCommit/sumhash/Item100000/Count10  2,064,272 ns/op ±2%   1,085,585 B/op ±0%   259 allocs/op    4.23s
  [1/4]  bench  MerkleCommit/sumhash/Item100000/Count100  15,165,312 ns/op   10,798,521 B/op   1,856 allocs/op
  [2/4]  bench  MerkleCommit/sumhash/Item100000/Count100  14,987,428 ns/op   10,798,579 B/op   1,857 allocs/op
  [3/4]  bench  MerkleCommit/sumhash/Item100000/Count100  15,029,844 ns/op   10,798,555 B/op   1,856 allocs/op
  [4/4]  bench  MerkleCommit/sumhash/Item100000/Count100  14,979,207 ns/op ±1%   10,798,607 B/op ±0%   1,857 allocs/op ±0%    3.68s
  [1/4]  bench  MerkleCommit/sumhash/Item100000/Count1000  135,025,443 ns/op   107,878,572 B/op   17,256 allocs/op
  [2/4]  bench  MerkleCommit/sumhash/Item100000/Count1000  132,771,084 ns/op   107,878,653 B/op   17,257 allocs/op
  [3/4]  bench  MerkleCommit/sumhash/Item100000/Count1000  132,430,884 ns/op   107,878,551 B/op   17,255 allocs/op
  [4/4]  bench  MerkleCommit/sumhash/Item100000/Count1000  131,579,712 ns/op ±2%   107,878,575 B/op ±0%   17,256 allocs/op ±0%    3.53s
  [1/4]  bench  MerkleCommit/sumhash/Item100000/Count10000  1,256,780,875 ns/op   1,078,628,152 B/op   170,511 allocs/op
  [2/4]  bench  MerkleCommit/sumhash/Item100000/Count10000  1,268,215,688 ns/op   1,078,626,744 B/op   170,504 allocs/op
  [3/4]  bench  MerkleCommit/sumhash/Item100000/Count10000  1,261,709,708 ns/op   1,078,626,019 B/op   170,495 allocs/op
  [4/4]  bench  MerkleCommit/sumhash/Item100000/Count10000  1,265,171,156 ns/op ±1%   1,078,626,044 B/op ±0%   170,498 allocs/op ±0%    3.8s
  [1/4]  bench  MerkleCommit/sumhash/Item100000/Count100000  12,335,775,333 ns/op   10,785,726,504 B/op   1,700,740 allocs/op
  [2/4]  bench  MerkleCommit/sumhash/Item100000/Count100000  12,359,646,604 ns/op   10,785,727,800 B/op   1,700,756 allocs/op
  [3/4]  bench  MerkleCommit/sumhash/Item100000/Count100000  12,315,752,430 ns/op   10,785,728,456 B/op   1,700,763 allocs/op
  [4/4]  bench  MerkleCommit/sumhash/Item100000/Count100000  12,294,082,750 ns/op ±1%   10,785,728,136 B/op ±0%   1,700,756 allocs/op ±0%    36.84s
  [1/4]  bench  MerkleCommit/sha256/Item10/Count10    8,346 ns/op   5,512 B/op   107 allocs/op
  [2/4]  bench  MerkleCommit/sha256/Item10/Count10    8,266 ns/op   5,512 B/op   107 allocs/op
  [3/4]  bench  MerkleCommit/sha256/Item10/Count10    8,218 ns/op   5,511 B/op   107 allocs/op
  [4/4]  bench  MerkleCommit/sha256/Item10/Count10    8,229 ns/op ±1%   5,511 B/op ±0%   107 allocs/op    3.81s
  [1/4]  bench  MerkleCommit/sha256/Item10/Count100   39,654 ns/op   33,491 B/op   759 allocs/op
  [2/4]  bench  MerkleCommit/sha256/Item10/Count100   39,627 ns/op   33,497 B/op   759 allocs/op
  [3/4]  bench  MerkleCommit/sha256/Item10/Count100   39,942 ns/op   33,494 B/op   759 allocs/op
  [4/4]  bench  MerkleCommit/sha256/Item10/Count100   39,904 ns/op ±1%   33,496 B/op ±0%   759 allocs/op    4.82s
  [1/4]  bench  MerkleCommit/sha256/Item10/Count1000  205,225 ns/op   296,331 B/op   7,086 allocs/op
  [2/4]  bench  MerkleCommit/sha256/Item10/Count1000  203,993 ns/op   296,350 B/op   7,086 allocs/op
  [3/4]  bench  MerkleCommit/sha256/Item10/Count1000  204,370 ns/op   296,349 B/op   7,086 allocs/op
  [4/4]  bench  MerkleCommit/sha256/Item10/Count1000  203,864 ns/op ±1%   296,352 B/op ±0%   7,086 allocs/op    3.66s
  [1/4]  bench  MerkleCommit/sha256/Item10/Count10000  1,066,781 ns/op   2,914,258 B/op   70,172 allocs/op
  [2/4]  bench  MerkleCommit/sha256/Item10/Count10000  1,059,656 ns/op   2,914,312 B/op   70,173 allocs/op
  [3/4]  bench  MerkleCommit/sha256/Item10/Count10000  1,060,828 ns/op   2,914,305 B/op   70,173 allocs/op
  [4/4]  bench  MerkleCommit/sha256/Item10/Count10000  1,058,930 ns/op ±1%   2,914,315 B/op ±0%   70,173 allocs/op ±0%    3.9s
  [1/4]  bench  MerkleCommit/sha256/Item10/Count100000  6,779,467 ns/op   28,855,601 B/op   700,267 allocs/op
  [2/4]  bench  MerkleCommit/sha256/Item10/Count100000  6,717,336 ns/op   28,855,751 B/op   700,269 allocs/op
  [3/4]  bench  MerkleCommit/sha256/Item10/Count100000  6,690,529 ns/op   28,855,827 B/op   700,269 allocs/op
  [4/4]  bench  MerkleCommit/sha256/Item10/Count100000  6,679,341 ns/op ±1%   28,855,816 B/op ±0%   700,269 allocs/op ±0%    5.61s
  [1/4]  bench  MerkleCommit/sha256/Item1000/Count10  15,351 ns/op   15,648 B/op   107 allocs/op
  [2/4]  bench  MerkleCommit/sha256/Item1000/Count10  15,296 ns/op   15,647 B/op   107 allocs/op
  [3/4]  bench  MerkleCommit/sha256/Item1000/Count10  15,307 ns/op   15,647 B/op   107 allocs/op
  [4/4]  bench  MerkleCommit/sha256/Item1000/Count10  15,304 ns/op ±0%   15,647 B/op ±0%   107 allocs/op    4.09s
  [1/4]  bench  MerkleCommit/sha256/Item1000/Count100  73,619 ns/op   134,533 B/op   761 allocs/op
  [2/4]  bench  MerkleCommit/sha256/Item1000/Count100  73,794 ns/op   134,533 B/op   761 allocs/op
  [3/4]  bench  MerkleCommit/sha256/Item1000/Count100  74,079 ns/op   134,530 B/op   761 allocs/op
  [4/4]  bench  MerkleCommit/sha256/Item1000/Count100  74,280 ns/op ±1%   134,529 B/op ±0%   761 allocs/op    5.86s
  [1/4]  bench  MerkleCommit/sha256/Item1000/Count1000  401,875 ns/op   1,305,315 B/op   7,095 allocs/op
  [2/4]  bench  MerkleCommit/sha256/Item1000/Count1000  402,838 ns/op   1,305,311 B/op   7,095 allocs/op
  [3/4]  bench  MerkleCommit/sha256/Item1000/Count1000  403,201 ns/op   1,305,307 B/op   7,095 allocs/op
  [4/4]  bench  MerkleCommit/sha256/Item1000/Count1000  403,304 ns/op ±0%   1,305,310 B/op ±0%   7,095 allocs/op    3.68s
  [1/4]  bench  MerkleCommit/sha256/Item1000/Count10000  2,753,648 ns/op   12,994,950 B/op   70,179 allocs/op
  [2/4]  bench  MerkleCommit/sha256/Item1000/Count10000  2,756,967 ns/op   12,994,980 B/op   70,179 allocs/op
  [3/4]  bench  MerkleCommit/sha256/Item1000/Count10000  2,804,397 ns/op   12,995,030 B/op   70,179 allocs/op
  [4/4]  bench  MerkleCommit/sha256/Item1000/Count10000  2,834,198 ns/op ±3%   12,995,033 B/op ±0%   70,179 allocs/op ±0%    4.49s
  [1/4]  bench  MerkleCommit/sha256/Item1000/Count100000  23,708,551 ns/op   129,656,171 B/op   700,270 allocs/op
  [2/4]  bench  MerkleCommit/sha256/Item1000/Count100000  23,654,374 ns/op   129,655,962 B/op   700,268 allocs/op
  [3/4]  bench  MerkleCommit/sha256/Item1000/Count100000  23,700,971 ns/op   129,655,927 B/op   700,268 allocs/op
  [4/4]  bench  MerkleCommit/sha256/Item1000/Count100000  23,705,857 ns/op ±0%   129,655,912 B/op ±0%   700,268 allocs/op ±0%    3.65s
  [1/4]  bench  MerkleCommit/sha256/Item100000/Count10  231,694 ns/op   1,071,220 B/op   115 allocs/op
  [2/4]  bench  MerkleCommit/sha256/Item100000/Count10  229,770 ns/op   1,071,223 B/op   115 allocs/op
  [3/4]  bench  MerkleCommit/sha256/Item100000/Count10  230,002 ns/op   1,071,222 B/op   115 allocs/op
  [4/4]  bench  MerkleCommit/sha256/Item100000/Count10  229,760 ns/op ±1%   1,071,223 B/op ±0%   115 allocs/op    3.69s
  [1/4]  bench  MerkleCommit/sha256/Item100000/Count100  1,517,361 ns/op   10,683,649 B/op   779 allocs/op
  [2/4]  bench  MerkleCommit/sha256/Item100000/Count100  1,508,627 ns/op   10,683,652 B/op   779 allocs/op
  [3/4]  bench  MerkleCommit/sha256/Item100000/Count100  1,512,478 ns/op   10,683,655 B/op   779 allocs/op
  [4/4]  bench  MerkleCommit/sha256/Item100000/Count100  1,506,145 ns/op ±1%   10,683,657 B/op ±0%   779 allocs/op    4.03s
  [1/4]  bench  MerkleCommit/sha256/Item100000/Count1000  14,363,855 ns/op   106,779,304 B/op   7,108 allocs/op
  [2/4]  bench  MerkleCommit/sha256/Item100000/Count1000  14,243,213 ns/op   106,779,387 B/op   7,109 allocs/op
  [3/4]  bench  MerkleCommit/sha256/Item100000/Count1000  14,192,967 ns/op   106,779,383 B/op   7,109 allocs/op
  [4/4]  bench  MerkleCommit/sha256/Item100000/Count1000  14,242,795 ns/op ±1%   106,779,340 B/op ±0%   7,108 allocs/op ±0%    3.55s
  [1/4]  bench  MerkleCommit/sha256/Item100000/Count10000  132,709,844 ns/op   1,067,726,206 B/op   70,227 allocs/op
  [2/4]  bench  MerkleCommit/sha256/Item100000/Count10000  133,101,071 ns/op   1,067,725,335 B/op   70,220 allocs/op
  [3/4]  bench  MerkleCommit/sha256/Item100000/Count10000  132,562,990 ns/op   1,067,725,323 B/op   70,220 allocs/op
  [4/4]  bench  MerkleCommit/sha256/Item100000/Count10000  132,968,167 ns/op ±1%   1,067,724,926 B/op ±0%   70,216 allocs/op ±0%    3.59s
  [1/4]  bench  MerkleCommit/sha256/Item100000/Count100000  1,131,514,959 ns/op   10,676,918,728 B/op   700,480 allocs/op
  [2/4]  bench  MerkleCommit/sha256/Item100000/Count100000  1,104,471,771 ns/op   10,676,909,928 B/op   700,425 allocs/op
  [3/4]  bench  MerkleCommit/sha256/Item100000/Count100000  1,121,951,458 ns/op   10,676,911,923 B/op   700,435 allocs/op
  [4/4]  bench  MerkleCommit/sha256/Item100000/Count100000  1,121,538,792 ns/op ±4%   10,676,914,236 B/op ±0%   700,457 allocs/op ±0%    3.35s
  [1/4]  bench  AppendMsgBlockHeader                  36.4 ns/op   27.5 MB/s   0.000 B/op   0.000 allocs/op
  [2/4]  bench  AppendMsgBlockHeader                  36.4 ns/op   27.5 MB/s   0.000 B/op   0.000 allocs/op
  [3/4]  bench  AppendMsgBlockHeader                  36.4 ns/op   27.5 MB/s   0.000 B/op   0.000 allocs/op
  [4/4]  bench  AppendMsgBlockHeader                  36.4 ns/op ±0%   27.4 MB/s ±0%   0.000 B/op   0.000 allocs/op    3.69s
  [1/4]  bench  AppendMsgSignedTxn                    76.8 ns/op   13.0 MB/s   0.000 B/op   0.000 allocs/op
  [2/4]  bench  AppendMsgSignedTxn                    76.4 ns/op   13.1 MB/s   0.000 B/op   0.000 allocs/op
  [3/4]  bench  AppendMsgSignedTxn                    76.5 ns/op   13.1 MB/s   0.000 B/op   0.000 allocs/op
  [4/4]  bench  AppendMsgSignedTxn                    76.4 ns/op ±0%   13.1 MB/s ±0%   0.000 B/op   0.000 allocs/op    3.85s
  [1/4]  bench  PaysetGroups                          6,525 ns/op   435,204 B/op   6.00 allocs/op
  [2/4]  bench  PaysetGroups                          6,576 ns/op   436,624 B/op   6.00 allocs/op
  [3/4]  bench  PaysetGroups                          6,572 ns/op   438,262 B/op   6.00 allocs/op
  [4/4]  bench  PaysetGroups                          6,562 ns/op ±1%   437,353 B/op ±1%   6.00 allocs/op    35.36s
  [1/4]  bench  Txn                                   26,145 ns/op   12,285 B/op   6.00 allocs/op
  [2/4]  bench  Txn                                   26,247 ns/op   12,285 B/op   6.00 allocs/op
  [3/4]  bench  Txn                                   26,253 ns/op   12,280 B/op   6.00 allocs/op
  [4/4]  bench  Txn                                   26,218 ns/op ±0%   12,279 B/op ±0%   6.00 allocs/op    9.87s
  [1/4]  bench  TxHandlerProcessing/processDecoded    10,444 ns/op   3,912 B/op   44.0 allocs/op
  [2/4]  bench  TxHandlerProcessing/processDecoded    10,555 ns/op   3,912 B/op   44.0 allocs/op
  [3/4]  bench  TxHandlerProcessing/processDecoded    10,541 ns/op   3,912 B/op   44.0 allocs/op
  [4/4]  bench  TxHandlerProcessing/processDecoded    10,560 ns/op ±1%   3,912 B/op   44.0 allocs/op    9.07s
  [1/4]  bench  TxHandlerProcessing/verify.TxnGroup   41,610 ns/op   11,872 B/op   16.0 allocs/op
  [2/4]  bench  TxHandlerProcessing/verify.TxnGroup   41,556 ns/op   11,872 B/op   16.0 allocs/op
  [3/4]  bench  TxHandlerProcessing/verify.TxnGroup   41,614 ns/op   11,872 B/op   16.0 allocs/op
  [4/4]  bench  TxHandlerProcessing/verify.TxnGroup   41,641 ns/op ±0%   11,872 B/op   16.0 allocs/op    6.52s
  [1/4]  bench  CompactDeltas/account-deltas          1,658,522 ns/op   4,172,284 B/op   18.0 allocs/op
  [2/4]  bench  CompactDeltas/account-deltas          1,538,754 ns/op   4,173,563 B/op   18.0 allocs/op
  [3/4]  bench  CompactDeltas/account-deltas          1,495,495 ns/op   4,173,476 B/op   18.0 allocs/op
  [4/4]  bench  CompactDeltas/account-deltas          1,472,454 ns/op ±9%   4,174,075 B/op ±0%   18.0 allocs/op    16.99s
