  [1/4]  bench  MerkleCommit/sha512_256/Item10/Count10  13,288 ns/op   6,095 B/op   107 allocs/op
  [2/4]  bench  MerkleCommit/sha512_256/Item10/Count10  13,491 ns/op   6,090 B/op   107 allocs/op
  [3/4]  bench  MerkleCommit/sha512_256/Item10/Count10  13,583 ns/op   6,090 B/op   107 allocs/op
  [4/4]  bench  MerkleCommit/sha512_256/Item10/Count10  13,645 ns/op ±2%   6,088 B/op ±0%   107 allocs/op    4.06s
  [1/4]  bench  MerkleCommit/sha512_256/Item10/Count100  53,291 ns/op   34,690 B/op   761 allocs/op
  [2/4]  bench  MerkleCommit/sha512_256/Item10/Count100  53,149 ns/op   34,676 B/op   761 allocs/op
  [3/4]  bench  MerkleCommit/sha512_256/Item10/Count100  53,226 ns/op   34,674 B/op   760 allocs/op
  [4/4]  bench  MerkleCommit/sha512_256/Item10/Count100  52,919 ns/op ±1%   34,677 B/op ±0%   761 allocs/op ±0%    5.19s
  [1/4]  bench  MerkleCommit/sha512_256/Item10/Count1000  253,033 ns/op   298,996 B/op   7,091 allocs/op
  [2/4]  bench  MerkleCommit/sha512_256/Item10/Count1000  251,711 ns/op   299,014 B/op   7,091 allocs/op
  [3/4]  bench  MerkleCommit/sha512_256/Item10/Count1000  251,633 ns/op   299,007 B/op   7,091 allocs/op
  [4/4]  bench  MerkleCommit/sha512_256/Item10/Count1000  251,337 ns/op ±1%   299,013 B/op ±0%   7,091 allocs/op    3.73s
  [1/4]  bench  MerkleCommit/sha512_256/Item10/Count10000  1,272,996 ns/op   2,920,449 B/op   70,182 allocs/op
  [2/4]  bench  MerkleCommit/sha512_256/Item10/Count10000  1,270,625 ns/op   2,920,489 B/op   70,182 allocs/op
  [3/4]  bench  MerkleCommit/sha512_256/Item10/Count10000  1,270,343 ns/op   2,920,473 B/op   70,182 allocs/op
  [4/4]  bench  MerkleCommit/sha512_256/Item10/Count10000  1,270,159 ns/op ±0%   2,920,504 B/op ±0%   70,182 allocs/op ±0%    4.01s
  [1/4]  bench  MerkleCommit/sha512_256/Item10/Count100000  7,748,889 ns/op   28,866,062 B/op   700,279 allocs/op
  [2/4]  bench  MerkleCommit/sha512_256/Item10/Count100000  7,741,817 ns/op   28,866,117 B/op   700,280 allocs/op
  [3/4]  bench  MerkleCommit/sha512_256/Item10/Count100000  7,715,264 ns/op   28,866,236 B/op   700,280 allocs/op
  [4/4]  bench  MerkleCommit/sha512_256/Item10/Count100000  7,727,328 ns/op ±1%   28,866,251 B/op ±0%   700,281 allocs/op ±0%    5.91s
  [1/4]  bench  MerkleCommit/sha512_256/Item1000/Count10  21,998 ns/op   16,256 B/op   108 allocs/op
  [2/4]  bench  MerkleCommit/sha512_256/Item1000/Count10  21,953 ns/op   16,257 B/op   108 allocs/op
  [3/4]  bench  MerkleCommit/sha512_256/Item1000/Count10  22,019 ns/op   16,256 B/op   108 allocs/op
  [4/4]  bench  MerkleCommit/sha512_256/Item1000/Count10  21,977 ns/op ±1%   16,256 B/op ±0%   108 allocs/op    4.21s
  [1/4]  bench  MerkleCommit/sha512_256/Item1000/Count100  94,792 ns/op   135,887 B/op   763 allocs/op
  [2/4]  bench  MerkleCommit/sha512_256/Item1000/Count100  94,995 ns/op   135,891 B/op   763 allocs/op
  [3/4]  bench  MerkleCommit/sha512_256/Item1000/Count100  94,628 ns/op   135,895 B/op   763 allocs/op
  [4/4]  bench  MerkleCommit/sha512_256/Item1000/Count100  94,411 ns/op ±1%   135,893 B/op ±0%   763 allocs/op    6.45s
  [1/4]  bench  MerkleCommit/sha512_256/Item1000/Count1000  486,438 ns/op   1,308,290 B/op   7,099 allocs/op
  [2/4]  bench  MerkleCommit/sha512_256/Item1000/Count1000  485,646 ns/op   1,308,312 B/op   7,099 allocs/op
  [3/4]  bench  MerkleCommit/sha512_256/Item1000/Count1000  487,519 ns/op   1,308,307 B/op   7,099 allocs/op
  [4/4]  bench  MerkleCommit/sha512_256/Item1000/Count1000  486,925 ns/op ±1%   1,308,315 B/op ±0%   7,099 allocs/op    3.77s
  [1/4]  bench  MerkleCommit/sha512_256/Item1000/Count10000  3,331,343 ns/op   13,000,971 B/op   70,185 allocs/op
  [2/4]  bench  MerkleCommit/sha512_256/Item1000/Count10000  3,312,037 ns/op   13,001,016 B/op   70,186 allocs/op
  [3/4]  bench  MerkleCommit/sha512_256/Item1000/Count10000  3,327,626 ns/op   13,000,996 B/op   70,185 allocs/op
  [4/4]  bench  MerkleCommit/sha512_256/Item1000/Count10000  3,307,673 ns/op ±2%   13,001,004 B/op ±0%   70,186 allocs/op ±0%    4.57s
  [1/4]  bench  MerkleCommit/sha512_256/Item1000/Count100000  26,712,495 ns/op   129,665,505 B/op   700,274 allocs/op
  [2/4]  bench  MerkleCommit/sha512_256/Item1000/Count100000  26,584,336 ns/op   129,665,625 B/op   700,275 allocs/op
  [3/4]  bench  MerkleCommit/sha512_256/Item1000/Count100000  26,592,180 ns/op   129,665,490 B/op   700,274 allocs/op
  [4/4]  bench  MerkleCommit/sha512_256/Item1000/Count100000  26,628,600 ns/op ±1%   129,665,544 B/op ±0%   700,275 allocs/op ±0%    3.54s
  [1/4]  bench  MerkleCommit/sha512_256/Item100000/Count10  322,648 ns/op   1,072,392 B/op   117 allocs/op
  [2/4]  bench  MerkleCommit/sha512_256/Item100000/Count10  322,015 ns/op   1,072,396 B/op   117 allocs/op
  [3/4]  bench  MerkleCommit/sha512_256/Item100000/Count10  322,494 ns/op   1,072,399 B/op   117 allocs/op
  [4/4]  bench  MerkleCommit/sha512_256/Item100000/Count10  321,824 ns/op ±1%   1,072,395 B/op ±0%   117 allocs/op    3.67s
  [1/4]  bench  MerkleCommit/sha512_256/Item100000/Count100  1,999,940 ns/op   10,685,818 B/op   781 allocs/op
  [2/4]  bench  MerkleCommit/sha512_256/Item100000/Count100  1,996,071 ns/op   10,685,817 B/op   781 allocs/op
  [3/4]  bench  MerkleCommit/sha512_256/Item100000/Count100  1,998,996 ns/op   10,685,827 B/op   781 allocs/op
  [4/4]  bench  MerkleCommit/sha512_256/Item100000/Count100  1,993,961 ns/op ±1%   10,685,834 B/op ±0%   781 allocs/op    4.11s
  [1/4]  bench  MerkleCommit/sha512_256/Item100000/Count1000  17,747,777 ns/op   106,782,656 B/op   7,112 allocs/op
  [2/4]  bench  MerkleCommit/sha512_256/Item100000/Count1000  17,969,372 ns/op   106,782,706 B/op   7,113 allocs/op
  [3/4]  bench  MerkleCommit/sha512_256/Item100000/Count1000  17,952,645 ns/op   106,782,664 B/op   7,112 allocs/op
  [4/4]  bench  MerkleCommit/sha512_256/Item100000/Count1000  18,046,402 ns/op ±2%   106,782,594 B/op ±0%   7,112 allocs/op ±0%    3.57s
  [1/4]  bench  MerkleCommit/sha512_256/Item100000/Count10000  162,553,869 ns/op   1,067,734,286 B/op   70,255 allocs/op
  [2/4]  bench  MerkleCommit/sha512_256/Item100000/Count10000  164,356,372 ns/op   1,067,733,427 B/op   70,248 allocs/op
  [3/4]  bench  MerkleCommit/sha512_256/Item100000/Count10000  164,020,548 ns/op   1,067,733,541 B/op   70,248 allocs/op
  [4/4]  bench  MerkleCommit/sha512_256/Item100000/Count10000  164,378,192 ns/op ±1%   1,067,733,245 B/op ±0%   70,245 allocs/op ±0%    3.95s
  [1/4]  bench  MerkleCommit/sha512_256/Item100000/Count100000  1,325,129,958 ns/op   10,676,923,896 B/op   700,495 allocs/op
  [2/4]  bench  MerkleCommit/sha512_256/Item100000/Count100000  1,361,635,834 ns/op   10,676,930,016 B/op   700,549 allocs/op
  [3/4]  bench  MerkleCommit/sha512_256/Item100000/Count100000  1,343,920,236 ns/op   10,676,932,739 B/op   700,588 allocs/op
  [4/4]  bench  MerkleCommit/sha512_256/Item100000/Count100000  1,338,987,156 ns/op ±3%   10,676,933,460 B/op ±0%   700,603 allocs/op ±0%    4.03s
  [1/4]  bench  MerkleCommit/sumhash/Item10/Count10   50,158 ns/op   16,789 B/op   217 allocs/op
  [2/4]  bench  MerkleCommit/sumhash/Item10/Count10   50,473 ns/op   16,790 B/op   217 allocs/op
  [3/4]  bench  MerkleCommit/sumhash/Item10/Count10   50,582 ns/op   16,792 B/op   217 allocs/op
  [4/4]  bench  MerkleCommit/sumhash/Item10/Count10   50,755 ns/op ±1%   16,789 B/op ±0%   217 allocs/op    5.14s
  [1/4]  bench  MerkleCommit/sumhash/Item10/Count100  238,315 ns/op   134,861 B/op   1,723 allocs/op
  [2/4]  bench  MerkleCommit/sumhash/Item10/Count100  238,599 ns/op   134,842 B/op   1,723 allocs/op
  [3/4]  bench  MerkleCommit/sumhash/Item10/Count100  238,736 ns/op   134,839 B/op   1,723 allocs/op
  [4/4]  bench  MerkleCommit/sumhash/Item10/Count100  237,725 ns/op ±1%   134,848 B/op ±0%   1,723 allocs/op ±0%    3.62s
  [1/4]  bench  MerkleCommit/sumhash/Item10/Count1000  1,076,606 ns/op   1,268,778 B/op   16,241 allocs/op
  [2/4]  bench  MerkleCommit/sumhash/Item10/Count1000  1,076,368 ns/op   1,268,849 B/op   16,242 allocs/op
  [3/4]  bench  MerkleCommit/sumhash/Item10/Count1000  1,080,999 ns/op   1,268,793 B/op   16,241 allocs/op
  [4/4]  bench  MerkleCommit/sumhash/Item10/Count1000  1,079,843 ns/op ±1%   1,268,822 B/op ±0%   16,242 allocs/op ±0%    3.93s
  [1/4]  bench  MerkleCommit/sumhash/Item10/Count10000  6,450,225 ns/op   12,538,393 B/op   160,471 allocs/op
  [2/4]  bench  MerkleCommit/sumhash/Item10/Count10000  6,492,460 ns/op   12,538,135 B/op   160,468 allocs/op
  [3/4]  bench  MerkleCommit/sumhash/Item10/Count10000  6,472,976 ns/op   12,538,229 B/op   160,469 allocs/op
  [4/4]  bench  MerkleCommit/sumhash/Item10/Count10000  6,511,268 ns/op ±1%   12,538,237 B/op ±0%   160,469 allocs/op ±0%    5.58s
  [1/4]  bench  MerkleCommit/sumhash/Item10/Count100000  50,790,706 ns/op   124,885,405 B/op   1,600,648 allocs/op
  [2/4]  bench  MerkleCommit/sumhash/Item10/Count100000  51,201,694 ns/op   124,885,622 B/op   1,600,651 allocs/op
  [3/4]  bench  MerkleCommit/sumhash/Item10/Count100000  50,851,229 ns/op   124,885,785 B/op   1,600,652 allocs/op
  [4/4]  bench  MerkleCommit/sumhash/Item10/Count100000  51,042,282 ns/op ±1%   124,885,619 B/op ±0%   1,600,650 allocs/op ±0%    3.64s
  [1/4]  bench  MerkleCommit/sumhash/Item1000/Count10  106,220 ns/op   28,646 B/op   233 allocs/op
  [2/4]  bench  MerkleCommit/sumhash/Item1000/Count10  106,584 ns/op   28,642 B/op   233 allocs/op
  [3/4]  bench  MerkleCommit/sumhash/Item1000/Count10  106,480 ns/op   28,644 B/op   233 allocs/op
  [4/4]  bench  MerkleCommit/sumhash/Item1000/Count10  105,897 ns/op ±1%   28,644 B/op ±0%   233 allocs/op    3.21s
  [1/4]  bench  MerkleCommit/sumhash/Item1000/Count100  461,633 ns/op   250,147 B/op   1,843 allocs/op
  [2/4]  bench  MerkleCommit/sumhash/Item1000/Count100  459,580 ns/op   250,190 B/op   1,844 allocs/op
  [3/4]  bench  MerkleCommit/sumhash/Item1000/Count100  460,537 ns/op   250,172 B/op   1,843 allocs/op
  [4/4]  bench  MerkleCommit/sumhash/Item1000/Count100  459,675 ns/op ±1%   250,187 B/op ±0%   1,844 allocs/op ±0%    3.76s
  [1/4]  bench  MerkleCommit/sumhash/Item1000/Count1000  2,566,264 ns/op   2,406,282 B/op   17,259 allocs/op
  [2/4]  bench  MerkleCommit/sumhash/Item1000/Count1000  2,542,841 ns/op   2,406,422 B/op   17,261 allocs/op
  [3/4]  bench  MerkleCommit/sumhash/Item1000/Count1000  2,557,533 ns/op   2,406,336 B/op   17,259 allocs/op
  [4/4]  bench  MerkleCommit/sumhash/Item1000/Count1000  2,547,705 ns/op ±1%   2,406,408 B/op ±0%   17,260 allocs/op ±0%    4.39s
  [1/4]  bench  MerkleCommit/sumhash/Item1000/Count10000  20,103,467 ns/op   23,898,246 B/op   170,468 allocs/op
  [2/4]  bench  MerkleCommit/sumhash/Item1000/Count10000  19,881,941 ns/op   23,898,607 B/op   170,472 allocs/op
  [3/4]  bench  MerkleCommit/sumhash/Item1000/Count10000  20,075,075 ns/op   23,898,383 B/op   170,469 allocs/op
  [4/4]  bench  MerkleCommit/sumhash/Item1000/Count10000  19,987,273 ns/op ±2%   23,898,493 B/op ±0%   170,471 allocs/op ±0%    3.81s
  [1/4]  bench  MerkleCommit/sumhash/Item1000/Count100000  179,282,146 ns/op   238,485,080 B/op   1,700,637 allocs/op
  [2/4]  bench  MerkleCommit/sumhash/Item1000/Count100000  176,527,743 ns/op   238,486,144 B/op   1,700,650 allocs/op
  [3/4]  bench  MerkleCommit/sumhash/Item1000/Count100000  176,922,530 ns/op   238,486,142 B/op   1,700,650 allocs/op
  [4/4]  bench  MerkleCommit/sumhash/Item1000/Count100000  176,228,564 ns/op ±2%   238,486,361 B/op ±0%   1,700,653 allocs/op ±0%    3.7s
  [1/4]  bench  MerkleCommit/sumhash/Item100000/Count10  2,062,062 ns/op   1,085,606 B/op   259 allocs/op
  [2/4]  bench  MerkleCommit/sumhash/Item100000/Count10  2,068,453 ns/op   1,085,604 B/op   259 allocs/op
  [3/4]  bench  MerkleCommit/sumhash/Item100000/Count10  2,058,795 ns/op   1,085,607 B/op   259 allocs/op
  [4/4]  bench  MerkleCommit/sumhash/Item100000/Count10  2,064,452 ns/op ±1%   1,085,606 B/op ±0%   259 allocs/op    4.02s
  [1/4]  bench  MerkleCommit/sumhash/Item100000/Count100  15,002,815 ns/op   10,798,601 B/op   1,856 allocs/op
  [2/4]  bench  MerkleCommit/sumhash/Item100000/Count100  15,109,947 ns/op   10,798,560 B/op   1,856 allocs/op
  [3/4]  bench  MerkleCommit/sumhash/Item100000/Count100  14,978,584 ns/op   10,798,574 B/op   1,856 allocs/op
  [4/4]  bench  MerkleCommit/sumhash/Item100000/Count100  15,071,934 ns/op ±2%   10,798,577 B/op ±0%   1,856 allocs/op ±0%    3.65s
  [1/4]  bench  MerkleCommit/sumhash/Item100000/Count1000  132,697,766 ns/op   107,879,378 B/op   17,259 allocs/op
  [2/4]  bench  MerkleCommit/sumhash/Item100000/Count1000  134,773,493 ns/op   107,879,651 B/op   17,262 allocs/op
  [3/4]  bench  MerkleCommit/sumhash/Item100000/Count1000  133,551,712 ns/op   107,879,503 B/op   17,261 allocs/op
  [4/4]  bench  MerkleCommit/sumhash/Item100000/Count1000  133,277,019 ns/op ±2%   107,879,428 B/op ±0%   17,261 allocs/op ±0%    3.6s
  [1/4]  bench  MerkleCommit/sumhash/Item100000/Count10000  1,297,126,042 ns/op   1,078,625,784 B/op   170,494 allocs/op
  [2/4]  bench  MerkleCommit/sumhash/Item100000/Count10000  1,277,739,042 ns/op   1,078,626,904 B/op   170,505 allocs/op
  [3/4]  bench  MerkleCommit/sumhash/Item100000/Count10000  1,286,678,945 ns/op   1,078,626,531 B/op   170,500 allocs/op
  [4/4]  bench  MerkleCommit/sumhash/Item100000/Count10000  1,274,952,157 ns/op ±3%   1,078,626,264 B/op ±0%   170,500 allocs/op ±0%    3.8s
  [1/4]  bench  MerkleCommit/sumhash/Item100000/Count100000  12,450,840,041 ns/op   10,785,729,704 B/op   1,700,785 allocs/op
  [2/4]  bench  MerkleCommit/sumhash/Item100000/Count100000  12,456,343,354 ns/op   10,785,730,648 B/op   1,700,778 allocs/op
  [3/4]  bench  MerkleCommit/sumhash/Item100000/Count100000  12,437,127,527 ns/op   10,785,731,373 B/op   1,700,789 allocs/op
  [4/4]  bench  MerkleCommit/sumhash/Item100000/Count100000  12,407,803,281 ns/op ±1%   10,785,731,708 B/op ±0%   1,700,790 allocs/op ±0%    37.18s
  [1/4]  bench  MerkleCommit/sha256/Item10/Count10    7,915 ns/op   5,512 B/op   107 allocs/op
  [2/4]  bench  MerkleCommit/sha256/Item10/Count10    8,047 ns/op   5,512 B/op   107 allocs/op
  [3/4]  bench  MerkleCommit/sha256/Item10/Count10    8,070 ns/op   5,511 B/op   107 allocs/op
  [4/4]  bench  MerkleCommit/sha256/Item10/Count10    8,115 ns/op ±2%   5,511 B/op ±0%   107 allocs/op    3.88s
  [1/4]  bench  MerkleCommit/sha256/Item10/Count100   40,301 ns/op   33,497 B/op   759 allocs/op
  [2/4]  bench  MerkleCommit/sha256/Item10/Count100   40,247 ns/op   33,495 B/op   759 allocs/op
  [3/4]  bench  MerkleCommit/sha256/Item10/Count100   40,330 ns/op   33,497 B/op   759 allocs/op
  [4/4]  bench  MerkleCommit/sha256/Item10/Count100   40,388 ns/op ±0%   33,495 B/op ±0%   759 allocs/op    4.83s
  [1/4]  bench  MerkleCommit/sha256/Item10/Count1000  201,715 ns/op   296,368 B/op   7,086 allocs/op
  [2/4]  bench  MerkleCommit/sha256/Item10/Count1000  202,974 ns/op   296,343 B/op   7,086 allocs/op
  [3/4]  bench  MerkleCommit/sha256/Item10/Count1000  202,587 ns/op   296,349 B/op   7,086 allocs/op
  [4/4]  bench  MerkleCommit/sha256/Item10/Count1000  202,510 ns/op ±1%   296,352 B/op ±0%   7,086 allocs/op    3.67s
  [1/4]  bench  MerkleCommit/sha256/Item10/Count10000  1,061,763 ns/op   2,914,320 B/op   70,173 allocs/op
  [2/4]  bench  MerkleCommit/sha256/Item10/Count10000  1,056,282 ns/op   2,914,353 B/op   70,173 allocs/op
  [3/4]  bench  MerkleCommit/sha256/Item10/Count10000  1,061,711 ns/op   2,914,315 B/op   70,173 allocs/op
  [4/4]  bench  MerkleCommit/sha256/Item10/Count10000  1,061,181 ns/op ±1%   2,914,330 B/op ±0%   70,173 allocs/op ±0%    3.9s
  [1/4]  bench  MerkleCommit/sha256/Item10/Count100000  6,672,647 ns/op   28,855,922 B/op   700,270 allocs/op
  [2/4]  bench  MerkleCommit/sha256/Item10/Count100000  6,716,391 ns/op   28,855,843 B/op   700,270 allocs/op
  [3/4]  bench  MerkleCommit/sha256/Item10/Count100000  6,672,752 ns/op   28,855,861 B/op   700,270 allocs/op
  [4/4]  bench  MerkleCommit/sha256/Item10/Count100000  6,676,066 ns/op ±1%   28,855,861 B/op ±0%   700,270 allocs/op ±0%    5.6s
  [1/4]  bench  MerkleCommit/sha256/Item1000/Count10  15,315 ns/op   15,647 B/op   107 allocs/op
  [2/4]  bench  MerkleCommit/sha256/Item1000/Count10  15,168 ns/op   15,647 B/op   107 allocs/op
  [3/4]  bench  MerkleCommit/sha256/Item1000/Count10  15,198 ns/op   15,647 B/op   107 allocs/op
  [4/4]  bench  MerkleCommit/sha256/Item1000/Count10  15,151 ns/op ±1%   15,647 B/op ±0%   107 allocs/op    4.01s
  [1/4]  bench  MerkleCommit/sha256/Item1000/Count100  74,180 ns/op   134,520 B/op   761 allocs/op
  [2/4]  bench  MerkleCommit/sha256/Item1000/Count100  73,330 ns/op   134,526 B/op   761 allocs/op
  [3/4]  bench  MerkleCommit/sha256/Item1000/Count100  72,973 ns/op   134,527 B/op   761 allocs/op
  [4/4]  bench  MerkleCommit/sha256/Item1000/Count100  73,213 ns/op ±1%   134,524 B/op ±0%   761 allocs/op    5.81s
  [1/4]  bench  MerkleCommit/sha256/Item1000/Count1000  401,746 ns/op   1,305,306 B/op   7,095 allocs/op
  [2/4]  bench  MerkleCommit/sha256/Item1000/Count1000  403,187 ns/op   1,305,286 B/op   7,095 allocs/op
  [3/4]  bench  MerkleCommit/sha256/Item1000/Count1000  403,436 ns/op   1,305,291 B/op   7,095 allocs/op
  [4/4]  bench  MerkleCommit/sha256/Item1000/Count1000  405,079 ns/op ±1%   1,305,285 B/op ±0%   7,095 allocs/op    3.75s
  [1/4]  bench  MerkleCommit/sha256/Item1000/Count10000  2,807,004 ns/op   12,995,015 B/op   70,179 allocs/op
  [2/4]  bench  MerkleCommit/sha256/Item1000/Count10000  2,791,631 ns/op   12,994,982 B/op   70,179 allocs/op
  [3/4]  bench  MerkleCommit/sha256/Item1000/Count10000  2,806,024 ns/op   12,994,999 B/op   70,179 allocs/op
  [4/4]  bench  MerkleCommit/sha256/Item1000/Count10000  2,803,775 ns/op ±1%   12,994,987 B/op ±0%   70,179 allocs/op    4.41s
  [1/4]  bench  MerkleCommit/sha256/Item1000/Count100000  23,719,125 ns/op   129,656,062 B/op   700,269 allocs/op
  [2/4]  bench  MerkleCommit/sha256/Item1000/Count100000  23,775,531 ns/op   129,655,927 B/op   700,268 allocs/op
  [3/4]  bench  MerkleCommit/sha256/Item1000/Count100000  23,674,449 ns/op   129,656,025 B/op   700,269 allocs/op
  [4/4]  bench  MerkleCommit/sha256/Item1000/Count100000  23,668,696 ns/op ±1%   129,656,026 B/op ±0%   700,269 allocs/op ±0%    3.62s
  [1/4]  bench  MerkleCommit/sha256/Item100000/Count10  233,798 ns/op   1,071,213 B/op   115 allocs/op
  [2/4]  bench  MerkleCommit/sha256/Item100000/Count10  232,075 ns/op   1,071,223 B/op   115 allocs/op
  [3/4]  bench  MerkleCommit/sha256/Item100000/Count10  232,042 ns/op   1,071,223 B/op   115 allocs/op
  [4/4]  bench  MerkleCommit/sha256/Item100000/Count10  231,754 ns/op ±1%   1,071,225 B/op ±0%   115 allocs/op    3.66s
  [1/4]  bench  MerkleCommit/sha256/Item100000/Count100  1,535,777 ns/op   10,683,663 B/op   779 allocs/op
  [2/4]  bench  MerkleCommit/sha256/Item100000/Count100  1,523,067 ns/op   10,683,672 B/op   779 allocs/op
  [3/4]  bench  MerkleCommit/sha256/Item100000/Count100  1,524,761 ns/op   10,683,662 B/op   779 allocs/op
  [4/4]  bench  MerkleCommit/sha256/Item100000/Count100  1,517,526 ns/op ±1%   10,683,666 B/op ±0%   779 allocs/op    4.07s
  [1/4]  bench  MerkleCommit/sha256/Item100000/Count1000  14,371,765 ns/op   106,779,326 B/op   7,108 allocs/op
  [2/4]  bench  MerkleCommit/sha256/Item100000/Count1000  14,254,414 ns/op   106,779,325 B/op   7,108 allocs/op
  [3/4]  bench  MerkleCommit/sha256/Item100000/Count1000  14,195,105 ns/op   106,779,315 B/op   7,108 allocs/op
  [4/4]  bench  MerkleCommit/sha256/Item100000/Count1000  14,238,701 ns/op ±1%   106,779,323 B/op ±0%   7,108 allocs/op    3.52s
  [1/4]  bench  MerkleCommit/sha256/Item100000/Count10000  132,957,917 ns/op   1,067,726,322 B/op   70,229 allocs/op
  [2/4]  bench  MerkleCommit/sha256/Item100000/Count10000  134,349,375 ns/op   1,067,725,506 B/op   70,221 allocs/op
  [3/4]  bench  MerkleCommit/sha256/Item100000/Count10000  134,039,762 ns/op   1,067,725,485 B/op   70,220 allocs/op
  [4/4]  bench  MerkleCommit/sha256/Item100000/Count10000  133,976,544 ns/op ±1%   1,067,725,559 B/op ±0%   70,222 allocs/op ±0%    3.62s
  [1/4]  bench  MerkleCommit/sha256/Item100000/Count100000  1,128,939,334 ns/op   10,676,914,376 B/op   700,436 allocs/op
  [2/4]  bench  MerkleCommit/sha256/Item100000/Count100000  1,139,602,021 ns/op   10,676,920,168 B/op   700,489 allocs/op
  [3/4]  bench  MerkleCommit/sha256/Item100000/Count100000  1,146,290,653 ns/op   10,676,917,944 B/op   700,468 allocs/op
  [4/4]  bench  MerkleCommit/sha256/Item100000/Count100000  1,141,837,761 ns/op ±1%   10,676,921,144 B/op ±0%   700,506 allocs/op ±0%    3.44s
  [1/4]  bench  AppendMsgBlockHeader                  36.5 ns/op   27.4 MB/s   0.000 B/op   0.000 allocs/op
  [2/4]  bench  AppendMsgBlockHeader                  36.5 ns/op   27.4 MB/s   0.000 B/op   0.000 allocs/op
  [3/4]  bench  AppendMsgBlockHeader                  36.4 ns/op   27.4 MB/s   0.000 B/op   0.000 allocs/op
  [4/4]  bench  AppendMsgBlockHeader                  36.4 ns/op ±0%   27.4 MB/s ±0%   0.000 B/op   0.000 allocs/op    3.66s
  [1/4]  bench  AppendMsgSignedTxn                    76.9 ns/op   13.0 MB/s   0.000 B/op   0.000 allocs/op
  [2/4]  bench  AppendMsgSignedTxn                    76.5 ns/op   13.1 MB/s   0.000 B/op   0.000 allocs/op
  [3/4]  bench  AppendMsgSignedTxn                    76.5 ns/op   13.1 MB/s   0.000 B/op   0.000 allocs/op
  [4/4]  bench  AppendMsgSignedTxn                    76.3 ns/op ±1%   13.1 MB/s ±1%   0.000 B/op   0.000 allocs/op    3.84s
  [1/4]  bench  PaysetGroups                          6,448 ns/op   430,609 B/op   6.00 allocs/op
  [2/4]  bench  PaysetGroups                          6,505 ns/op   435,040 B/op   6.00 allocs/op
  [3/4]  bench  PaysetGroups                          6,482 ns/op   434,604 B/op   6.00 allocs/op
  [4/4]  bench  PaysetGroups                          6,357 ns/op ±5%   416,621 B/op ±9%   6.00 allocs/op    32.98s
  [1/4]  bench  Txn                                   41,152 ns/op   8,036 B/op   8.00 allocs/op
  [2/4]  bench  Txn                                   41,098 ns/op   8,039 B/op   8.00 allocs/op
  [3/4]  bench  Txn                                   41,081 ns/op   8,039 B/op   8.00 allocs/op
  [4/4]  bench  Txn                                   41,119 ns/op ±0%   8,038 B/op ±0%   8.00 allocs/op    9.04s
  [1/4]  bench  TxHandlerProcessing/processDecoded    10,520 ns/op   3,912 B/op   44.0 allocs/op
  [2/4]  bench  TxHandlerProcessing/processDecoded    10,583 ns/op   3,912 B/op   44.0 allocs/op
  [3/4]  bench  TxHandlerProcessing/processDecoded    10,678 ns/op   3,912 B/op   44.0 allocs/op
  [4/4]  bench  TxHandlerProcessing/processDecoded    10,670 ns/op ±2%   3,912 B/op   44.0 allocs/op    8.89s
  [1/4]  bench  TxHandlerProcessing/verify.TxnGroup   41,428 ns/op   11,872 B/op   16.0 allocs/op
  [2/4]  bench  TxHandlerProcessing/verify.TxnGroup   41,526 ns/op   11,872 B/op   16.0 allocs/op
  [3/4]  bench  TxHandlerProcessing/verify.TxnGroup   41,566 ns/op   11,872 B/op   16.0 allocs/op
  [4/4]  bench  TxHandlerProcessing/verify.TxnGroup   41,557 ns/op ±0%   11,872 B/op   16.0 allocs/op    6.54s
  [1/4]  bench  CompactDeltas/account-deltas          1,591,958 ns/op   4,168,761 B/op   18.0 allocs/op
  [2/4]  bench  CompactDeltas/account-deltas          1,496,654 ns/op   4,172,575 B/op   18.0 allocs/op
  [3/4]  bench  CompactDeltas/account-deltas          1,465,878 ns/op   4,174,363 B/op   18.0 allocs/op
  [4/4]  bench  CompactDeltas/account-deltas          1,458,487 ns/op ±7%   4,170,999 B/op ±0%   17.8 allocs/op ±3%    17.05s
