  [1/4]  bench  AppendMsgBlockHeader                  60.7 ns/op   16.5 MB/s   0.000 B/op   0.000 allocs/op
  [2/4]  bench  AppendMsgBlockHeader                  60.9 ns/op   16.4 MB/s   0.000 B/op   0.000 allocs/op
  [3/4]  bench  AppendMsgBlockHeader                  60.9 ns/op   16.4 MB/s   0.000 B/op   0.000 allocs/op
  [4/4]  bench  AppendMsgBlockHeader                  61.0 ns/op ±0%   16.4 MB/s ±0%   0.000 B/op   0.000 allocs/op    3.8s
  [1/4]  bench  AppendMsgSignedTxn                    143 ns/op   6.98 MB/s   0.000 B/op   0.000 allocs/op
  [2/4]  bench  AppendMsgSignedTxn                    142 ns/op   7.04 MB/s   0.000 B/op   0.000 allocs/op
  [3/4]  bench  AppendMsgSignedTxn                    142 ns/op   7.05 MB/s   0.000 B/op   0.000 allocs/op
  [4/4]  bench  AppendMsgSignedTxn                    142 ns/op ±1%   7.05 MB/s ±1%   0.000 B/op   0.000 allocs/op    4.03s
  [1/4]  bench  PaysetGroups                          33,269 ns/op   26,235 B/op   8.00 allocs/op
  [2/4]  bench  PaysetGroups                          33,242 ns/op   26,386 B/op   8.00 allocs/op
  [3/4]  bench  PaysetGroups                          33,272 ns/op   26,730 B/op   8.00 allocs/op
  [4/4]  bench  PaysetGroups                          33,217 ns/op ±0%   26,670 B/op ±2%   8.00 allocs/op    12.08s
  [1/4]  bench  Txn                                   69,061 ns/op   9,401 B/op   12.0 allocs/op
  [2/4]  bench  Txn                                   69,110 ns/op   9,402 B/op   12.0 allocs/op
  [3/4]  bench  Txn                                   69,144 ns/op   9,404 B/op   12.0 allocs/op
  [4/4]  bench  Txn                                   68,992 ns/op ±0%   9,404 B/op ±0%   12.0 allocs/op    10.92s
  [1/4]  bench  TxHandlerProcessing/processDecoded    16,563 ns/op   4,192 B/op   33.0 allocs/op
  [2/4]  bench  TxHandlerProcessing/processDecoded    15,206 ns/op   4,192 B/op   33.0 allocs/op
  [3/4]  bench  TxHandlerProcessing/processDecoded    14,752 ns/op   4,192 B/op   33.0 allocs/op
  [4/4]  bench  TxHandlerProcessing/processDecoded    14,526 ns/op ±9%   4,192 B/op   33.0 allocs/op    10.31s
  [1/4]  bench  TxHandlerProcessing/verify.TxnGroup   68,862 ns/op   11,328 B/op   16.0 allocs/op
  [2/4]  bench  TxHandlerProcessing/verify.TxnGroup   68,851 ns/op   11,328 B/op   16.0 allocs/op
  [3/4]  bench  TxHandlerProcessing/verify.TxnGroup   68,732 ns/op   11,328 B/op   16.0 allocs/op
  [4/4]  bench  TxHandlerProcessing/verify.TxnGroup   69,134 ns/op ±1%   11,328 B/op   16.0 allocs/op    7.64s
  [1/4]  bench  CompactDeltas/account-deltas          2,158,592 ns/op   4,096,682 B/op   0.000 allocs/op
  [2/4]  bench  CompactDeltas/account-deltas          2,145,621 ns/op   4,096,682 B/op   0.000 allocs/op
  [3/4]  bench  CompactDeltas/account-deltas          2,134,137 ns/op   4,096,682 B/op   0.000 allocs/op
  [4/4]  bench  CompactDeltas/account-deltas          2,129,809 ns/op ±1%   4,096,682 B/op   0.000 allocs/op    8.26s
