  [1/4]  bench  AppendMsgBlockHeader                  61.0 ns/op   16.4 MB/s   0.000 B/op   0.000 allocs/op
  [2/4]  bench  AppendMsgBlockHeader                  61.0 ns/op   16.4 MB/s   0.000 B/op   0.000 allocs/op
  [3/4]  bench  AppendMsgBlockHeader                  61.0 ns/op   16.4 MB/s   0.000 B/op   0.000 allocs/op
  [4/4]  bench  AppendMsgBlockHeader                  61.0 ns/op ±0%   16.4 MB/s ±0%   0.000 B/op   0.000 allocs/op    3.81s
  [1/4]  bench  AppendMsgSignedTxn                    135 ns/op   7.38 MB/s   0.000 B/op   0.000 allocs/op
  [2/4]  bench  AppendMsgSignedTxn                    135 ns/op   7.38 MB/s   0.000 B/op   0.000 allocs/op
  [3/4]  bench  AppendMsgSignedTxn                    136 ns/op   7.37 MB/s   0.000 B/op   0.000 allocs/op
  [4/4]  bench  AppendMsgSignedTxn                    136 ns/op ±1%   7.35 MB/s ±1%   0.000 B/op   0.000 allocs/op    4.04s
  [1/4]  bench  PaysetGroups                          33,333 ns/op   26,564 B/op   8.00 allocs/op
  [2/4]  bench  PaysetGroups                          36,778 ns/op   26,535 B/op   8.00 allocs/op
  [3/4]  bench  PaysetGroups                          35,584 ns/op   26,509 B/op   8.00 allocs/op
  [4/4]  bench  PaysetGroups                          35,020 ns/op ±10%   26,516 B/op ±0%   8.00 allocs/op    12.35s
  [1/4]  bench  Txn                                   68,825 ns/op   9,405 B/op   12.0 allocs/op
  [2/4]  bench  Txn                                   68,620 ns/op   9,406 B/op   12.0 allocs/op
  [3/4]  bench  Txn                                   69,017 ns/op   9,405 B/op   12.0 allocs/op
  [4/4]  bench  Txn                                   69,333 ns/op ±1%   9,405 B/op ±0%   12.0 allocs/op    10.92s
  [1/4]  bench  TxHandlerProcessing/processDecoded    16,012 ns/op   4,192 B/op   33.0 allocs/op
  [2/4]  bench  TxHandlerProcessing/processDecoded    14,863 ns/op   4,192 B/op   33.0 allocs/op
  [3/4]  bench  TxHandlerProcessing/processDecoded    14,518 ns/op   4,192 B/op   33.0 allocs/op
  [4/4]  bench  TxHandlerProcessing/processDecoded    14,385 ns/op ±8%   4,192 B/op   33.0 allocs/op    12.61s
  [1/4]  bench  TxHandlerProcessing/verify.TxnGroup   68,427 ns/op   11,328 B/op   16.0 allocs/op
  [2/4]  bench  TxHandlerProcessing/verify.TxnGroup   68,360 ns/op   11,328 B/op   16.0 allocs/op
  [3/4]  bench  TxHandlerProcessing/verify.TxnGroup   69,141 ns/op   11,328 B/op   16.0 allocs/op
  [4/4]  bench  TxHandlerProcessing/verify.TxnGroup   69,329 ns/op ±2%   11,328 B/op   16.0 allocs/op    7.65s
  [1/4]  bench  CompactDeltas/account-deltas          2,119,474 ns/op   4,096,682 B/op   0.000 allocs/op
  [2/4]  bench  CompactDeltas/account-deltas          2,107,697 ns/op   4,096,682 B/op   0.000 allocs/op
  [3/4]  bench  CompactDeltas/account-deltas          2,110,154 ns/op   4,096,682 B/op   0.000 allocs/op
  [4/4]  bench  CompactDeltas/account-deltas          2,115,129 ns/op ±1%   4,096,682 B/op   0.000 allocs/op    8.18s
