  [1/4]  bench  AppendMsgBlockHeader                  60.7 ns/op   16.5 MB/s   0.000 B/op   0.000 allocs/op
  [2/4]  bench  AppendMsgBlockHeader                  60.6 ns/op   16.5 MB/s   0.000 B/op   0.000 allocs/op
  [3/4]  bench  AppendMsgBlockHeader                  60.6 ns/op   16.5 MB/s   0.000 B/op   0.000 allocs/op
  [4/4]  bench  AppendMsgBlockHeader                  60.6 ns/op ±0%   16.5 MB/s ±0%   0.000 B/op   0.000 allocs/op    3.82s
  [1/4]  bench  AppendMsgSignedTxn                    135 ns/op   7.40 MB/s   0.000 B/op   0.000 allocs/op
  [2/4]  bench  AppendMsgSignedTxn                    135 ns/op   7.39 MB/s   0.000 B/op   0.000 allocs/op
  [3/4]  bench  AppendMsgSignedTxn                    135 ns/op   7.40 MB/s   0.000 B/op   0.000 allocs/op
  [4/4]  bench  AppendMsgSignedTxn                    135 ns/op ±0%   7.40 MB/s ±0%   0.000 B/op   0.000 allocs/op    4.01s
  [1/4]  bench  PaysetGroups                          32,942 ns/op   27,499 B/op   8.00 allocs/op
  [2/4]  bench  PaysetGroups                          33,023 ns/op   27,386 B/op   8.00 allocs/op
  [3/4]  bench  PaysetGroups                          32,984 ns/op   27,422 B/op   8.00 allocs/op
  [4/4]  bench  PaysetGroups                          32,939 ns/op ±0%   27,186 B/op ±2%   8.00 allocs/op    12.04s
  [1/4]  bench  Txn                                   68,024 ns/op   9,405 B/op   12.0 allocs/op
  [2/4]  bench  Txn                                   68,172 ns/op   9,403 B/op   12.0 allocs/op
  [3/4]  bench  Txn                                   68,126 ns/op   9,404 B/op   12.0 allocs/op
  [4/4]  bench  Txn                                   68,143 ns/op ±0%   9,405 B/op ±0%   12.0 allocs/op    10.87s
  [1/4]  bench  TxHandlerProcessing/processDecoded    14,338 ns/op   4,336 B/op   33.0 allocs/op
  [2/4]  bench  TxHandlerProcessing/processDecoded    14,411 ns/op   4,336 B/op   33.0 allocs/op
  [3/4]  bench  TxHandlerProcessing/processDecoded    15,302 ns/op   4,336 B/op   33.0 allocs/op
  [4/4]  bench  TxHandlerProcessing/processDecoded    15,070 ns/op ±9%   4,336 B/op   33.0 allocs/op    10.55s
  [1/4]  bench  TxHandlerProcessing/verify.TxnGroup   69,273 ns/op   11,328 B/op   16.0 allocs/op
  [2/4]  bench  TxHandlerProcessing/verify.TxnGroup   69,327 ns/op   11,328 B/op   16.0 allocs/op
  [3/4]  bench  TxHandlerProcessing/verify.TxnGroup   68,794 ns/op   11,328 B/op   16.0 allocs/op
  [4/4]  bench  TxHandlerProcessing/verify.TxnGroup   68,838 ns/op ±1%   11,328 B/op   16.0 allocs/op    7.6s
  [1/4]  bench  CompactDeltas/account-deltas          2,062,242 ns/op   4,096,358 B/op   0.000 allocs/op
  [2/4]  bench  CompactDeltas/account-deltas          2,044,808 ns/op   4,096,358 B/op   0.000 allocs/op
  [3/4]  bench  CompactDeltas/account-deltas          2,037,723 ns/op   4,096,358 B/op   0.000 allocs/op
  [4/4]  bench  CompactDeltas/account-deltas          2,042,295 ns/op ±1%   4,096,358 B/op   0.000 allocs/op    8.02s
