  [1/4]  bench  AppendMsgBlockHeader                  61.0 ns/op   16.4 MB/s   0.000 B/op   0.000 allocs/op
  [2/4]  bench  AppendMsgBlockHeader                  61.1 ns/op   16.4 MB/s   0.000 B/op   0.000 allocs/op
  [3/4]  bench  AppendMsgBlockHeader                  61.0 ns/op   16.4 MB/s   0.000 B/op   0.000 allocs/op
  [4/4]  bench  AppendMsgBlockHeader                  61.0 ns/op ±0%   16.4 MB/s ±0%   0.000 B/op   0.000 allocs/op    3.82s
  [1/4]  bench  AppendMsgSignedTxn                    141 ns/op   7.09 MB/s   0.000 B/op   0.000 allocs/op
  [2/4]  bench  AppendMsgSignedTxn                    141 ns/op   7.08 MB/s   0.000 B/op   0.000 allocs/op
  [3/4]  bench  AppendMsgSignedTxn                    141 ns/op   7.08 MB/s   0.000 B/op   0.000 allocs/op
  [4/4]  bench  AppendMsgSignedTxn                    141 ns/op ±0%   7.08 MB/s ±0%   0.000 B/op   0.000 allocs/op    4.05s
  [1/4]  bench  PaysetGroups                          37,094 ns/op   26,570 B/op   8.00 allocs/op
  [2/4]  bench  PaysetGroups                          35,139 ns/op   26,601 B/op   8.00 allocs/op
  [3/4]  bench  PaysetGroups                          34,529 ns/op   26,578 B/op   8.00 allocs/op
  [4/4]  bench  PaysetGroups                          34,223 ns/op ±6%   26,591 B/op ±0%   8.00 allocs/op    12.03s
  [1/4]  bench  Txn                                   69,090 ns/op   9,403 B/op   12.0 allocs/op
  [2/4]  bench  Txn                                   69,427 ns/op   9,405 B/op   12.0 allocs/op
  [3/4]  bench  Txn                                   69,289 ns/op   9,405 B/op   12.0 allocs/op
  [4/4]  bench  Txn                                   69,068 ns/op ±1%   9,404 B/op ±0%   12.0 allocs/op    10.96s
  [1/4]  bench  TxHandlerProcessing/processDecoded    14,281 ns/op   4,192 B/op   33.0 allocs/op
  [2/4]  bench  TxHandlerProcessing/processDecoded    14,023 ns/op   4,192 B/op   33.0 allocs/op
  [3/4]  bench  TxHandlerProcessing/processDecoded    14,077 ns/op   4,192 B/op   33.0 allocs/op
  [4/4]  bench  TxHandlerProcessing/processDecoded    14,016 ns/op ±2%   4,192 B/op   33.0 allocs/op    10.73s
  [1/4]  bench  TxHandlerProcessing/verify.TxnGroup   67,487 ns/op   11,328 B/op   16.0 allocs/op
  [2/4]  bench  TxHandlerProcessing/verify.TxnGroup   68,172 ns/op   11,328 B/op   16.0 allocs/op
  [3/4]  bench  TxHandlerProcessing/verify.TxnGroup   69,361 ns/op   11,328 B/op   16.0 allocs/op
  [4/4]  bench  TxHandlerProcessing/verify.TxnGroup   69,603 ns/op ±3%   11,328 B/op   16.0 allocs/op    7.68s
  [1/4]  bench  CompactDeltas/account-deltas          2,132,993 ns/op   4,096,682 B/op   0.000 allocs/op
  [2/4]  bench  CompactDeltas/account-deltas          2,120,284 ns/op   4,096,682 B/op   0.000 allocs/op
  [3/4]  bench  CompactDeltas/account-deltas          2,123,933 ns/op   4,096,682 B/op   0.000 allocs/op
  [4/4]  bench  CompactDeltas/account-deltas          2,117,424 ns/op ±1%   4,096,682 B/op   0.000 allocs/op    8.28s
