  [1/4]  bench  AppendMsgBlockHeader                  60.1 ns/op   16.6 MB/s   0.000 B/op   0.000 allocs/op
  [2/4]  bench  AppendMsgBlockHeader                  60.3 ns/op   16.6 MB/s   0.000 B/op   0.000 allocs/op
  [3/4]  bench  AppendMsgBlockHeader                  60.3 ns/op   16.6 MB/s   0.000 B/op   0.000 allocs/op
  [4/4]  bench  AppendMsgBlockHeader                  60.2 ns/op ±0%   16.6 MB/s ±0%   0.000 B/op   0.000 allocs/op    3.78s
  [1/4]  bench  AppendMsgSignedTxn                    136 ns/op   7.38 MB/s   0.000 B/op   0.000 allocs/op
  [2/4]  bench  AppendMsgSignedTxn                    135 ns/op   7.39 MB/s   0.000 B/op   0.000 allocs/op
  [3/4]  bench  AppendMsgSignedTxn                    135 ns/op   7.39 MB/s   0.000 B/op   0.000 allocs/op
  [4/4]  bench  AppendMsgSignedTxn                    135 ns/op ±0%   7.39 MB/s ±0%   0.000 B/op   0.000 allocs/op    4.01s
  [1/4]  bench  PaysetGroups                          33,257 ns/op   26,534 B/op   8.00 allocs/op
  [2/4]  bench  PaysetGroups                          33,177 ns/op   26,555 B/op   8.00 allocs/op
  [3/4]  bench  PaysetGroups                          33,117 ns/op   26,513 B/op   8.00 allocs/op
  [4/4]  bench  PaysetGroups                          33,059 ns/op ±1%   26,743 B/op ±2%   8.00 allocs/op    12.03s
  [1/4]  bench  Txn                                   68,662 ns/op   9,403 B/op   12.0 allocs/op
  [2/4]  bench  Txn                                   68,688 ns/op   9,404 B/op   12.0 allocs/op
  [3/4]  bench  Txn                                   68,532 ns/op   9,402 B/op   12.0 allocs/op
  [4/4]  bench  Txn                                   68,620 ns/op ±0%   9,404 B/op ±0%   12.0 allocs/op    10.91s
  [1/4]  bench  TxHandlerProcessing/processDecoded    17,216 ns/op   4,336 B/op   33.0 allocs/op
  [2/4]  bench  TxHandlerProcessing/processDecoded    15,798 ns/op   4,336 B/op   33.0 allocs/op
  [3/4]  bench  TxHandlerProcessing/processDecoded    15,270 ns/op   4,336 B/op   33.0 allocs/op
  [4/4]  bench  TxHandlerProcessing/processDecoded    15,019 ns/op ±10%   4,336 B/op   33.0 allocs/op    10.18s
  [1/4]  bench  TxHandlerProcessing/verify.TxnGroup   69,669 ns/op   11,328 B/op   16.0 allocs/op
  [2/4]  bench  TxHandlerProcessing/verify.TxnGroup   68,881 ns/op   11,328 B/op   16.0 allocs/op
  [3/4]  bench  TxHandlerProcessing/verify.TxnGroup   68,806 ns/op   11,328 B/op   16.0 allocs/op
  [4/4]  bench  TxHandlerProcessing/verify.TxnGroup   69,173 ns/op ±2%   11,328 B/op   16.0 allocs/op    7.59s
  [1/4]  bench  CompactDeltas/account-deltas          2,039,019 ns/op   4,096,358 B/op   0.000 allocs/op
  [2/4]  bench  CompactDeltas/account-deltas          2,025,907 ns/op   4,096,358 B/op   0.000 allocs/op
  [3/4]  bench  CompactDeltas/account-deltas          2,026,760 ns/op   4,096,358 B/op   0.000 allocs/op
  [4/4]  bench  CompactDeltas/account-deltas          2,026,262 ns/op ±1%   4,096,358 B/op   0.000 allocs/op    7.99s
