  [1/4]  bench  AppendMsgBlockHeader                  60.5 ns/op   16.5 MB/s   0.000 B/op   0.000 allocs/op
  [2/4]  bench  AppendMsgBlockHeader                  60.7 ns/op   16.5 MB/s   0.000 B/op   0.000 allocs/op
  [3/4]  bench  AppendMsgBlockHeader                  60.7 ns/op   16.5 MB/s   0.000 B/op   0.000 allocs/op
  [4/4]  bench  AppendMsgBlockHeader                  60.8 ns/op ±0%   16.4 MB/s ±0%   0.000 B/op   0.000 allocs/op    3.81s
  [1/4]  bench  AppendMsgSignedTxn                    136 ns/op   7.38 MB/s   0.000 B/op   0.000 allocs/op
  [2/4]  bench  AppendMsgSignedTxn                    136 ns/op   7.38 MB/s   0.000 B/op   0.000 allocs/op
  [3/4]  bench  AppendMsgSignedTxn                    135 ns/op   7.39 MB/s   0.000 B/op   0.000 allocs/op
  [4/4]  bench  AppendMsgSignedTxn                    136 ns/op ±0%   7.38 MB/s ±0%   0.000 B/op   0.000 allocs/op    4.02s
  [1/4]  bench  PaysetGroups                          38,508 ns/op   26,519 B/op   8.00 allocs/op
  [2/4]  bench  PaysetGroups                          35,889 ns/op   26,931 B/op   8.00 allocs/op
  [3/4]  bench  PaysetGroups                          35,033 ns/op   26,798 B/op   8.00 allocs/op
  [4/4]  bench  PaysetGroups                          34,770 ns/op ±8%   26,965 B/op ±2%   8.00 allocs/op    12.13s
  [1/4]  bench  Txn                                   68,808 ns/op   9,403 B/op   12.0 allocs/op
  [2/4]  bench  Txn                                   68,722 ns/op   9,404 B/op   12.0 allocs/op
  [3/4]  bench  Txn                                   68,553 ns/op   9,402 B/op   12.0 allocs/op
  [4/4]  bench  Txn                                   68,954 ns/op ±1%   9,403 B/op ±0%   12.0 allocs/op    10.97s
  [1/4]  bench  TxHandlerProcessing/processDecoded    16,541 ns/op   4,192 B/op   33.0 allocs/op
  [2/4]  bench  TxHandlerProcessing/processDecoded    15,196 ns/op   4,192 B/op   33.0 allocs/op
  [3/4]  bench  TxHandlerProcessing/processDecoded    14,738 ns/op   4,192 B/op   33.0 allocs/op
  [4/4]  bench  TxHandlerProcessing/processDecoded    14,551 ns/op ±9%   4,192 B/op   33.0 allocs/op    10.19s
  [1/4]  bench  TxHandlerProcessing/verify.TxnGroup   68,026 ns/op   11,328 B/op   16.0 allocs/op
  [2/4]  bench  TxHandlerProcessing/verify.TxnGroup   68,310 ns/op   11,328 B/op   16.0 allocs/op
  [3/4]  bench  TxHandlerProcessing/verify.TxnGroup   68,319 ns/op   11,328 B/op   16.0 allocs/op
  [4/4]  bench  TxHandlerProcessing/verify.TxnGroup   68,479 ns/op ±1%   11,328 B/op   16.0 allocs/op    7.6s
  [1/4]  bench  CompactDeltas/account-deltas          2,151,480 ns/op   4,096,682 B/op   0.000 allocs/op
  [2/4]  bench  CompactDeltas/account-deltas          2,158,162 ns/op   4,096,682 B/op   0.000 allocs/op
  [3/4]  bench  CompactDeltas/account-deltas          2,141,807 ns/op   4,096,682 B/op   0.000 allocs/op
  [4/4]  bench  CompactDeltas/account-deltas          2,135,652 ns/op ±1%   4,096,682 B/op   0.000 allocs/op    8.24s
