  [1/4]  bench  AppendMsgBlockHeader                  60.2 ns/op   16.6 MB/s   0.000 B/op   0.000 allocs/op
  [2/4]  bench  AppendMsgBlockHeader                  60.2 ns/op   16.6 MB/s   0.000 B/op   0.000 allocs/op
  [3/4]  bench  AppendMsgBlockHeader                  60.4 ns/op   16.5 MB/s   0.000 B/op   0.000 allocs/op
  [4/4]  bench  AppendMsgBlockHeader                  60.4 ns/op ±1%   16.6 MB/s ±1%   0.000 B/op   0.000 allocs/op    3.79s
  [1/4]  bench  AppendMsgSignedTxn                    143 ns/op   6.98 MB/s   0.000 B/op   0.000 allocs/op
  [2/4]  bench  AppendMsgSignedTxn                    143 ns/op   6.99 MB/s   0.000 B/op   0.000 allocs/op
  [3/4]  bench  AppendMsgSignedTxn                    143 ns/op   6.99 MB/s   0.000 B/op   0.000 allocs/op
  [4/4]  bench  AppendMsgSignedTxn                    143 ns/op ±0%   7.00 MB/s ±0%   0.000 B/op   0.000 allocs/op    4.04s
  [1/4]  bench  PaysetGroups                          33,870 ns/op   27,512 B/op   8.00 allocs/op
  [2/4]  bench  PaysetGroups                          33,520 ns/op   27,483 B/op   8.00 allocs/op
  [3/4]  bench  PaysetGroups                          33,324 ns/op   27,435 B/op   8.00 allocs/op
  [4/4]  bench  PaysetGroups                          33,253 ns/op ±1%   27,451 B/op ±0%   8.00 allocs/op    11.96s
  [1/4]  bench  Txn                                   68,115 ns/op   9,427 B/op   12.0 allocs/op
  [2/4]  bench  Txn                                   67,958 ns/op   9,422 B/op   12.0 allocs/op
  [3/4]  bench  Txn                                   67,956 ns/op   9,422 B/op   12.0 allocs/op
  [4/4]  bench  Txn                                   67,880 ns/op ±0%   9,423 B/op ±0%   12.0 allocs/op    10.8s
  [1/4]  bench  TxHandlerProcessing/processDecoded    14,421 ns/op   4,336 B/op   33.0 allocs/op
  [2/4]  bench  TxHandlerProcessing/processDecoded    14,271 ns/op   4,336 B/op   33.0 allocs/op
  [3/4]  bench  TxHandlerProcessing/processDecoded    15,029 ns/op   4,336 B/op   33.0 allocs/op
  [4/4]  bench  TxHandlerProcessing/processDecoded    14,825 ns/op ±8%   4,336 B/op   33.0 allocs/op    10.65s
  [1/4]  bench  TxHandlerProcessing/verify.TxnGroup   68,761 ns/op   11,328 B/op   16.0 allocs/op
  [2/4]  bench  TxHandlerProcessing/verify.TxnGroup   68,760 ns/op   11,328 B/op   16.0 allocs/op
  [3/4]  bench  TxHandlerProcessing/verify.TxnGroup   68,519 ns/op   11,328 B/op   16.0 allocs/op
  [4/4]  bench  TxHandlerProcessing/verify.TxnGroup   68,618 ns/op ±1%   11,328 B/op   16.0 allocs/op    7.62s
  [1/4]  bench  CompactDeltas/account-deltas          2,032,348 ns/op   4,096,358 B/op   0.000 allocs/op
  [2/4]  bench  CompactDeltas/account-deltas          2,040,554 ns/op   4,096,358 B/op   0.000 allocs/op
  [3/4]  bench  CompactDeltas/account-deltas          2,032,999 ns/op   4,096,358 B/op   0.000 allocs/op
  [4/4]  bench  CompactDeltas/account-deltas          2,031,220 ns/op ±1%   4,096,358 B/op   0.000 allocs/op    7.97s
