  [1/4]  bench  AppendMsgBlockHeader                  60.1 ns/op   16.6 MB/s   0.000 B/op   0.000 allocs/op
  [2/4]  bench  AppendMsgBlockHeader                  60.4 ns/op   16.5 MB/s   0.000 B/op   0.000 allocs/op
  [3/4]  bench  AppendMsgBlockHeader                  60.3 ns/op   16.6 MB/s   0.000 B/op   0.000 allocs/op
  [4/4]  bench  AppendMsgBlockHeader                  60.3 ns/op ±1%   16.6 MB/s ±1%   0.000 B/op   0.000 allocs/op    3.83s
  [1/4]  bench  AppendMsgSignedTxn                    143 ns/op   6.98 MB/s   0.000 B/op   0.000 allocs/op
  [2/4]  bench  AppendMsgSignedTxn                    143 ns/op   6.98 MB/s   0.000 B/op   0.000 allocs/op
  [3/4]  bench  AppendMsgSignedTxn                    143 ns/op   6.99 MB/s   0.000 B/op   0.000 allocs/op
  [4/4]  bench  AppendMsgSignedTxn                    143 ns/op ±0%   6.99 MB/s ±0%   0.000 B/op   0.000 allocs/op    4.04s
  [1/4]  bench  PaysetGroups                          33,133 ns/op   26,469 B/op   8.00 allocs/op
  [2/4]  bench  PaysetGroups                          33,101 ns/op   26,917 B/op   8.00 allocs/op
  [3/4]  bench  PaysetGroups                          33,123 ns/op   27,056 B/op   8.00 allocs/op
  [4/4]  bench  PaysetGroups                          33,077 ns/op ±0%   26,912 B/op ±2%   8.00 allocs/op    11.98s
  [1/4]  bench  Txn                                   68,648 ns/op   9,419 B/op   12.0 allocs/op
  [2/4]  bench  Txn                                   69,078 ns/op   9,421 B/op   12.0 allocs/op
  [3/4]  bench  Txn                                   68,900 ns/op   9,419 B/op   12.0 allocs/op
  [4/4]  bench  Txn                                   68,698 ns/op ±1%   9,420 B/op ±0%   12.0 allocs/op    10.96s
  [1/4]  bench  TxHandlerProcessing/processDecoded    14,720 ns/op   4,336 B/op   33.0 allocs/op
  [2/4]  bench  TxHandlerProcessing/processDecoded    14,437 ns/op   4,336 B/op   33.0 allocs/op
  [3/4]  bench  TxHandlerProcessing/processDecoded    14,352 ns/op   4,336 B/op   33.0 allocs/op
  [4/4]  bench  TxHandlerProcessing/processDecoded    14,242 ns/op ±3%   4,336 B/op   33.0 allocs/op    10.42s
  [1/4]  bench  TxHandlerProcessing/verify.TxnGroup   67,724 ns/op   11,328 B/op   16.0 allocs/op
  [2/4]  bench  TxHandlerProcessing/verify.TxnGroup   68,102 ns/op   11,328 B/op   16.0 allocs/op
  [3/4]  bench  TxHandlerProcessing/verify.TxnGroup   68,025 ns/op   11,328 B/op   16.0 allocs/op
  [4/4]  bench  TxHandlerProcessing/verify.TxnGroup   68,276 ns/op ±1%   11,328 B/op   16.0 allocs/op    7.62s
  [1/4]  bench  CompactDeltas/account-deltas          2,098,155 ns/op   4,096,358 B/op   0.000 allocs/op
  [2/4]  bench  CompactDeltas/account-deltas          2,054,620 ns/op   4,096,358 B/op   0.000 allocs/op
  [3/4]  bench  CompactDeltas/account-deltas          2,038,856 ns/op   4,096,358 B/op   0.000 allocs/op
  [4/4]  bench  CompactDeltas/account-deltas          2,035,664 ns/op ±2%   4,096,358 B/op   0.000 allocs/op    8s
