  [1/4]  bench  AppendMsgBlockHeader                  60.0 ns/op   16.7 MB/s   0.000 B/op   0.000 allocs/op
  [2/4]  bench  AppendMsgBlockHeader                  60.0 ns/op   16.7 MB/s   0.000 B/op   0.000 allocs/op
  [3/4]  bench  AppendMsgBlockHeader                  60.1 ns/op   16.6 MB/s   0.000 B/op   0.000 allocs/op
  [4/4]  bench  AppendMsgBlockHeader                  60.2 ns/op ±0%   16.6 MB/s ±0%   0.000 B/op   0.000 allocs/op    3.78s
  [1/4]  bench  AppendMsgSignedTxn                    143 ns/op   6.99 MB/s   0.000 B/op   0.000 allocs/op
  [2/4]  bench  AppendMsgSignedTxn                    143 ns/op   6.99 MB/s   0.000 B/op   0.000 allocs/op
  [3/4]  bench  AppendMsgSignedTxn                    144 ns/op   6.97 MB/s   0.000 B/op   0.000 allocs/op
  [4/4]  bench  AppendMsgSignedTxn                    143 ns/op ±0%   6.98 MB/s ±1%   0.000 B/op   0.000 allocs/op    4.05s
  [1/4]  bench  PaysetGroups                          33,479 ns/op   26,493 B/op   8.00 allocs/op
  [2/4]  bench  PaysetGroups                          35,902 ns/op   26,497 B/op   8.00 allocs/op
  [3/4]  bench  PaysetGroups                          34,945 ns/op   26,544 B/op   8.00 allocs/op
  [4/4]  bench  PaysetGroups                          34,419 ns/op ±8%   26,548 B/op ±0%   8.00 allocs/op    12.23s
  [1/4]  bench  Txn                                   68,054 ns/op   9,425 B/op   12.0 allocs/op
  [2/4]  bench  Txn                                   68,073 ns/op   9,420 B/op   12.0 allocs/op
  [3/4]  bench  Txn                                   68,122 ns/op   9,420 B/op   12.0 allocs/op
  [4/4]  bench  Txn                                   68,103 ns/op ±0%   9,420 B/op ±0%   12.0 allocs/op    10.84s
  [1/4]  bench  TxHandlerProcessing/processDecoded    14,300 ns/op   4,336 B/op   33.0 allocs/op
  [2/4]  bench  TxHandlerProcessing/processDecoded    15,396 ns/op   4,336 B/op   33.0 allocs/op
  [3/4]  bench  TxHandlerProcessing/processDecoded    14,987 ns/op   4,336 B/op   33.0 allocs/op
  [4/4]  bench  TxHandlerProcessing/processDecoded    14,828 ns/op ±8%   4,336 B/op   33.0 allocs/op    10.59s
  [1/4]  bench  TxHandlerProcessing/verify.TxnGroup   69,550 ns/op   11,328 B/op   16.0 allocs/op
  [2/4]  bench  TxHandlerProcessing/verify.TxnGroup   68,862 ns/op   11,328 B/op   16.0 allocs/op
  [3/4]  bench  TxHandlerProcessing/verify.TxnGroup   68,606 ns/op   11,328 B/op   16.0 allocs/op
  [4/4]  bench  TxHandlerProcessing/verify.TxnGroup   68,834 ns/op ±1%   11,328 B/op   16.0 allocs/op    7.61s
  [1/4]  bench  CompactDeltas/account-deltas          2,059,543 ns/op   4,096,358 B/op   0.000 allocs/op
  [2/4]  bench  CompactDeltas/account-deltas          2,055,779 ns/op   4,096,358 B/op   0.000 allocs/op
  [3/4]  bench  CompactDeltas/account-deltas          2,064,460 ns/op   4,096,358 B/op   0.000 allocs/op
  [4/4]  bench  CompactDeltas/account-deltas          2,063,876 ns/op ±1%   4,096,358 B/op   0.000 allocs/op    8.08s
