  [1/4]  bench  AppendMsgBlockHeader                  60.3 ns/op   16.6 MB/s   0.000 B/op   0.000 allocs/op
  [2/4]  bench  AppendMsgBlockHeader                  60.2 ns/op   16.6 MB/s   0.000 B/op   0.000 allocs/op
  [3/4]  bench  AppendMsgBlockHeader                  60.4 ns/op   16.5 MB/s   0.000 B/op   0.000 allocs/op
  [4/4]  bench  AppendMsgBlockHeader                  60.4 ns/op ±1%   16.6 MB/s ±1%   0.000 B/op   0.000 allocs/op    3.8s
  [1/4]  bench  AppendMsgSignedTxn                    143 ns/op   7.00 MB/s   0.000 B/op   0.000 allocs/op
  [2/4]  bench  AppendMsgSignedTxn                    143 ns/op   7.00 MB/s   0.000 B/op   0.000 allocs/op
  [3/4]  bench  AppendMsgSignedTxn                    143 ns/op   6.97 MB/s   0.000 B/op   0.000 allocs/op
  [4/4]  bench  AppendMsgSignedTxn                    143 ns/op ±0%   6.98 MB/s ±1%   0.000 B/op   0.000 allocs/op    4.05s
  [1/4]  bench  PaysetGroups                          33,346 ns/op   25,629 B/op   8.00 allocs/op
  [2/4]  bench  PaysetGroups                          33,232 ns/op   26,560 B/op   8.00 allocs/op
  [3/4]  bench  PaysetGroups                          33,121 ns/op   26,858 B/op   8.00 allocs/op
  [4/4]  bench  PaysetGroups                          33,073 ns/op ±1%   26,995 B/op ±3%   8.00 allocs/op    12s
  [1/4]  bench  Txn                                   68,104 ns/op   9,416 B/op   12.0 allocs/op
  [2/4]  bench  Txn                                   68,275 ns/op   9,417 B/op   12.0 allocs/op
  [3/4]  bench  Txn                                   68,500 ns/op   9,418 B/op   12.0 allocs/op
  [4/4]  bench  Txn                                   68,433 ns/op ±1%   9,418 B/op ±0%   12.0 allocs/op    10.88s
  [1/4]  bench  TxHandlerProcessing/processDecoded    14,126 ns/op   4,336 B/op   33.0 allocs/op
  [2/4]  bench  TxHandlerProcessing/processDecoded    14,243 ns/op   4,336 B/op   33.0 allocs/op
  [3/4]  bench  TxHandlerProcessing/processDecoded    14,210 ns/op   4,336 B/op   33.0 allocs/op
  [4/4]  bench  TxHandlerProcessing/processDecoded    14,217 ns/op ±1%   4,336 B/op   33.0 allocs/op    10.49s
  [1/4]  bench  TxHandlerProcessing/verify.TxnGroup   69,303 ns/op   11,328 B/op   16.0 allocs/op
  [2/4]  bench  TxHandlerProcessing/verify.TxnGroup   69,044 ns/op   11,328 B/op   16.0 allocs/op
  [3/4]  bench  TxHandlerProcessing/verify.TxnGroup   69,694 ns/op   11,328 B/op   16.0 allocs/op
  [4/4]  bench  TxHandlerProcessing/verify.TxnGroup   69,630 ns/op ±2%   11,328 B/op   16.0 allocs/op    7.71s
  [1/4]  bench  CompactDeltas/account-deltas          2,027,415 ns/op   4,096,358 B/op   0.000 allocs/op
  [2/4]  bench  CompactDeltas/account-deltas          2,023,920 ns/op   4,096,358 B/op   0.000 allocs/op
  [3/4]  bench  CompactDeltas/account-deltas          2,022,056 ns/op   4,096,358 B/op   0.000 allocs/op
  [4/4]  bench  CompactDeltas/account-deltas          2,022,803 ns/op ±0%   4,096,358 B/op   0.000 allocs/op    7.99s
