  [1/4]  bench  AppendMsgBlockHeader                  60.1 ns/op   16.6 MB/s   0.000 B/op   0.000 allocs/op
  [2/4]  bench  AppendMsgBlockHeader                  60.2 ns/op   16.6 MB/s   0.000 B/op   0.000 allocs/op
  [3/4]  bench  AppendMsgBlockHeader                  60.3 ns/op   16.6 MB/s   0.000 B/op   0.000 allocs/op
  [4/4]  bench  AppendMsgBlockHeader                  60.4 ns/op ±1%   16.6 MB/s ±1%   0.000 B/op   0.000 allocs/op    3.81s
  [1/4]  bench  AppendMsgSignedTxn                    143 ns/op   6.99 MB/s   0.000 B/op   0.000 allocs/op
  [2/4]  bench  AppendMsgSignedTxn                    143 ns/op   6.97 MB/s   0.000 B/op   0.000 allocs/op
  [3/4]  bench  AppendMsgSignedTxn                    143 ns/op   6.97 MB/s   0.000 B/op   0.000 allocs/op
  [4/4]  bench  AppendMsgSignedTxn                    143 ns/op ±0%   6.98 MB/s ±0%   0.000 B/op   0.000 allocs/op    4.05s
  [1/4]  bench  PaysetGroups                          32,955 ns/op   26,381 B/op   8.00 allocs/op
  [2/4]  bench  PaysetGroups                          32,950 ns/op   26,425 B/op   8.00 allocs/op
  [3/4]  bench  PaysetGroups                          32,917 ns/op   25,656 B/op   8.00 allocs/op
  [4/4]  bench  PaysetGroups                          32,913 ns/op ±0%   26,095 B/op ±6%   8.00 allocs/op    11.64s
  [1/4]  bench  Txn                                   68,486 ns/op   9,418 B/op   12.0 allocs/op
  [2/4]  bench  Txn                                   68,269 ns/op   9,421 B/op   12.0 allocs/op
  [3/4]  bench  Txn                                   68,654 ns/op   9,421 B/op   12.0 allocs/op
  [4/4]  bench  Txn                                   68,484 ns/op ±1%   9,422 B/op ±0%   12.0 allocs/op    10.88s
  [1/4]  bench  TxHandlerProcessing/processDecoded    14,234 ns/op   4,336 B/op   33.0 allocs/op
  [2/4]  bench  TxHandlerProcessing/processDecoded    14,182 ns/op   4,336 B/op   33.0 allocs/op
  [3/4]  bench  TxHandlerProcessing/processDecoded    14,279 ns/op   4,336 B/op   33.0 allocs/op
  [4/4]  bench  TxHandlerProcessing/processDecoded    14,233 ns/op ±1%   4,336 B/op   33.0 allocs/op    10.27s
  [1/4]  bench  TxHandlerProcessing/verify.TxnGroup   68,241 ns/op   11,328 B/op   16.0 allocs/op
  [2/4]  bench  TxHandlerProcessing/verify.TxnGroup   68,513 ns/op   11,328 B/op   16.0 allocs/op
  [3/4]  bench  TxHandlerProcessing/verify.TxnGroup   68,342 ns/op   11,328 B/op   16.0 allocs/op
  [4/4]  bench  TxHandlerProcessing/verify.TxnGroup   68,525 ns/op ±1%   11,328 B/op   16.0 allocs/op    7.58s
  [1/4]  bench  CompactDeltas/account-deltas          2,033,790 ns/op   4,096,358 B/op   0.000 allocs/op
  [2/4]  bench  CompactDeltas/account-deltas          2,032,477 ns/op   4,096,358 B/op   0.000 allocs/op
  [3/4]  bench  CompactDeltas/account-deltas          2,034,386 ns/op   4,096,358 B/op   0.000 allocs/op
  [4/4]  bench  CompactDeltas/account-deltas          2,033,062 ns/op ±0%   4,096,358 B/op   0.000 allocs/op    7.98s
