  [1/4]  bench  AppendMsgBlockHeader                  60.3 ns/op   16.6 MB/s   0.000 B/op   0.000 allocs/op
  [2/4]  bench  AppendMsgBlockHeader                  60.2 ns/op   16.6 MB/s   0.000 B/op   0.000 allocs/op
  [3/4]  bench  AppendMsgBlockHeader                  60.2 ns/op   16.6 MB/s   0.000 B/op   0.000 allocs/op
  [4/4]  bench  AppendMsgBlockHeader                  60.2 ns/op ±0%   16.6 MB/s ±0%   0.000 B/op   0.000 allocs/op    3.78s
  [1/4]  bench  AppendMsgSignedTxn                    143 ns/op   6.99 MB/s   0.000 B/op   0.000 allocs/op
  [2/4]  bench  AppendMsgSignedTxn                    143 ns/op   6.99 MB/s   0.000 B/op   0.000 allocs/op
  [3/4]  bench  AppendMsgSignedTxn                    143 ns/op   6.99 MB/s   0.000 B/op   0.000 allocs/op
  [4/4]  bench  AppendMsgSignedTxn                    143 ns/op ±0%   6.99 MB/s ±0%   0.000 B/op   0.000 allocs/op    4.04s
  [1/4]  bench  PaysetGroups                          36,080 ns/op   27,425 B/op   8.00 allocs/op
  [2/4]  bench  PaysetGroups                          34,567 ns/op   26,942 B/op   8.00 allocs/op
  [3/4]  bench  PaysetGroups                          34,058 ns/op   27,193 B/op   8.00 allocs/op
  [4/4]  bench  PaysetGroups                          33,758 ns/op ±5%   27,230 B/op ±2%   8.00 allocs/op    12.05s
  [1/4]  bench  Txn                                   67,926 ns/op   9,419 B/op   12.0 allocs/op
  [2/4]  bench  Txn                                   68,052 ns/op   9,419 B/op   12.0 allocs/op
  [3/4]  bench  Txn                                   68,064 ns/op   9,419 B/op   12.0 allocs/op
  [4/4]  bench  Txn                                   68,151 ns/op ±0%   9,420 B/op ±0%   12.0 allocs/op    10.92s
  [1/4]  bench  TxHandlerProcessing/processDecoded    16,141 ns/op   4,336 B/op   33.0 allocs/op
  [2/4]  bench  TxHandlerProcessing/processDecoded    15,122 ns/op   4,336 B/op   33.0 allocs/op
  [3/4]  bench  TxHandlerProcessing/processDecoded    14,788 ns/op   4,336 B/op   33.0 allocs/op
  [4/4]  bench  TxHandlerProcessing/processDecoded    14,608 ns/op ±7%   4,336 B/op   33.0 allocs/op    10.26s
  [1/4]  bench  TxHandlerProcessing/verify.TxnGroup   67,771 ns/op   11,328 B/op   16.0 allocs/op
  [2/4]  bench  TxHandlerProcessing/verify.TxnGroup   68,491 ns/op   11,328 B/op   16.0 allocs/op
  [3/4]  bench  TxHandlerProcessing/verify.TxnGroup   68,652 ns/op   11,328 B/op   16.0 allocs/op
  [4/4]  bench  TxHandlerProcessing/verify.TxnGroup   68,606 ns/op ±1%   11,328 B/op   16.0 allocs/op    7.65s
  [1/4]  bench  CompactDeltas/account-deltas          2,028,849 ns/op   4,096,358 B/op   0.000 allocs/op
  [2/4]  bench  CompactDeltas/account-deltas          2,032,717 ns/op   4,096,358 B/op   0.000 allocs/op
  [3/4]  bench  CompactDeltas/account-deltas          2,038,142 ns/op   4,096,358 B/op   0.000 allocs/op
  [4/4]  bench  CompactDeltas/account-deltas          2,044,568 ns/op ±1%   4,096,358 B/op   0.000 allocs/op    8s
