  [1/4]  bench  AppendMsgBlockHeader                  60.1 ns/op   16.6 MB/s   0.000 B/op   0.000 allocs/op
  [2/4]  bench  AppendMsgBlockHeader                  60.3 ns/op   16.6 MB/s   0.000 B/op   0.000 allocs/op
  [3/4]  bench  AppendMsgBlockHeader                  60.2 ns/op   16.6 MB/s   0.000 B/op   0.000 allocs/op
  [4/4]  bench  AppendMsgBlockHeader                  60.3 ns/op ±0%   16.6 MB/s ±0%   0.000 B/op   0.000 allocs/op    3.77s
  [1/4]  bench  AppendMsgSignedTxn                    143 ns/op   7.00 MB/s   0.000 B/op   0.000 allocs/op
  [2/4]  bench  AppendMsgSignedTxn                    143 ns/op   7.00 MB/s   0.000 B/op   0.000 allocs/op
  [3/4]  bench  AppendMsgSignedTxn                    143 ns/op   7.00 MB/s   0.000 B/op   0.000 allocs/op
  [4/4]  bench  AppendMsgSignedTxn                    143 ns/op ±0%   7.00 MB/s   0.000 B/op   0.000 allocs/op    4.04s
  [1/4]  bench  PaysetGroups                          38,261 ns/op   26,498 B/op   8.00 allocs/op
  [2/4]  bench  PaysetGroups                          35,706 ns/op   26,981 B/op   8.00 allocs/op
  [3/4]  bench  PaysetGroups                          34,796 ns/op   26,816 B/op   8.00 allocs/op
  [4/4]  bench  PaysetGroups                          34,384 ns/op ±8%   26,758 B/op ±2%   8.00 allocs/op    11.95s
  [1/4]  bench  Txn                                   67,948 ns/op   9,416 B/op   12.0 allocs/op
  [2/4]  bench  Txn                                   69,434 ns/op   9,415 B/op   12.0 allocs/op
  [3/4]  bench  Txn                                   69,075 ns/op   9,416 B/op   12.0 allocs/op
  [4/4]  bench  Txn                                   68,884 ns/op ±2%   9,417 B/op ±0%   12.0 allocs/op    10.94s
  [1/4]  bench  TxHandlerProcessing/processDecoded    14,339 ns/op   4,336 B/op   33.0 allocs/op
  [2/4]  bench  TxHandlerProcessing/processDecoded    14,199 ns/op   4,336 B/op   33.0 allocs/op
  [3/4]  bench  TxHandlerProcessing/processDecoded    14,208 ns/op   4,336 B/op   33.0 allocs/op
  [4/4]  bench  TxHandlerProcessing/processDecoded    14,210 ns/op ±1%   4,336 B/op   33.0 allocs/op    10.49s
  [1/4]  bench  TxHandlerProcessing/verify.TxnGroup   68,852 ns/op   11,328 B/op   16.0 allocs/op
  [2/4]  bench  TxHandlerProcessing/verify.TxnGroup   68,307 ns/op   11,328 B/op   16.0 allocs/op
  [3/4]  bench  TxHandlerProcessing/verify.TxnGroup   68,671 ns/op   11,328 B/op   16.0 allocs/op
  [4/4]  bench  TxHandlerProcessing/verify.TxnGroup   68,501 ns/op ±1%   11,328 B/op   16.0 allocs/op    7.6s
  [1/4]  bench  CompactDeltas/account-deltas          2,002,834 ns/op   4,096,358 B/op   0.000 allocs/op
  [2/4]  bench  CompactDeltas/account-deltas          2,021,582 ns/op   4,096,358 B/op   0.000 allocs/op
  [3/4]  bench  CompactDeltas/account-deltas          2,021,433 ns/op   4,096,358 B/op   0.000 allocs/op
  [4/4]  bench  CompactDeltas/account-deltas          2,019,458 ns/op ±1%   4,096,358 B/op   0.000 allocs/op    8.02s
