  [1/4]  bench  AppendMsgBlockHeader                  60.0 ns/op   16.7 MB/s   0.000 B/op   0.000 allocs/op
  [2/4]  bench  AppendMsgBlockHeader                  60.1 ns/op   16.6 MB/s   0.000 B/op   0.000 allocs/op
  [3/4]  bench  AppendMsgBlockHeader                  60.1 ns/op   16.6 MB/s   0.000 B/op   0.000 allocs/op
  [4/4]  bench  AppendMsgBlockHeader                  60.3 ns/op ±1%   16.6 MB/s ±1%   0.000 B/op   0.000 allocs/op    3.81s
  [1/4]  bench  AppendMsgSignedTxn                    143 ns/op   7.00 MB/s   0.000 B/op   0.000 allocs/op
  [2/4]  bench  AppendMsgSignedTxn                    143 ns/op   7.00 MB/s   0.000 B/op   0.000 allocs/op
  [3/4]  bench  AppendMsgSignedTxn                    143 ns/op   7.00 MB/s   0.000 B/op   0.000 allocs/op
  [4/4]  bench  AppendMsgSignedTxn                    143 ns/op ±0%   7.00 MB/s ±0%   0.000 B/op   0.000 allocs/op    4.04s
  [1/4]  bench  PaysetGroups                          33,137 ns/op   26,518 B/op   8.00 allocs/op
  [2/4]  bench  PaysetGroups                          33,217 ns/op   26,956 B/op   8.00 allocs/op
  [3/4]  bench  PaysetGroups                          33,152 ns/op   26,777 B/op   8.00 allocs/op
  [4/4]  bench  PaysetGroups                          33,100 ns/op ±1%   26,955 B/op ±2%   8.00 allocs/op    12.04s
  [1/4]  bench  Txn                                   69,831 ns/op   9,419 B/op   12.0 allocs/op
  [2/4]  bench  Txn                                   68,944 ns/op   9,423 B/op   12.0 allocs/op
  [3/4]  bench  Txn                                   68,631 ns/op   9,420 B/op   12.0 allocs/op
  [4/4]  bench  Txn                                   68,595 ns/op ±1%   9,421 B/op ±0%   12.0 allocs/op    10.87s
  [1/4]  bench  TxHandlerProcessing/processDecoded    16,169 ns/op   4,336 B/op   33.0 allocs/op
  [2/4]  bench  TxHandlerProcessing/processDecoded    15,203 ns/op   4,336 B/op   33.0 allocs/op
  [3/4]  bench  TxHandlerProcessing/processDecoded    14,912 ns/op   4,336 B/op   33.0 allocs/op
  [4/4]  bench  TxHandlerProcessing/processDecoded    14,719 ns/op ±7%   4,336 B/op   33.0 allocs/op    10.46s
  [1/4]  bench  TxHandlerProcessing/verify.TxnGroup   67,857 ns/op   11,328 B/op   16.0 allocs/op
  [2/4]  bench  TxHandlerProcessing/verify.TxnGroup   68,307 ns/op   11,328 B/op   16.0 allocs/op
  [3/4]  bench  TxHandlerProcessing/verify.TxnGroup   68,129 ns/op   11,328 B/op   16.0 allocs/op
  [4/4]  bench  TxHandlerProcessing/verify.TxnGroup   68,370 ns/op ±1%   11,328 B/op   16.0 allocs/op    7.58s
  [1/4]  bench  CompactDeltas/account-deltas          2,028,284 ns/op   4,096,358 B/op   0.000 allocs/op
  [2/4]  bench  CompactDeltas/account-deltas          2,026,473 ns/op   4,096,358 B/op   0.000 allocs/op
  [3/4]  bench  CompactDeltas/account-deltas          2,027,724 ns/op   4,096,358 B/op   0.000 allocs/op
  [4/4]  bench  CompactDeltas/account-deltas          2,025,719 ns/op ±0%   4,096,358 B/op   0.000 allocs/op    8s
