  [1/4]  bench  AppendMsgBlockHeader                  60.0 ns/op   16.7 MB/s   0.000 B/op   0.000 allocs/op
  [2/4]  bench  AppendMsgBlockHeader                  60.2 ns/op   16.6 MB/s   0.000 B/op   0.000 allocs/op
  [3/4]  bench  AppendMsgBlockHeader                  60.2 ns/op   16.6 MB/s   0.000 B/op   0.000 allocs/op
  [4/4]  bench  AppendMsgBlockHeader                  60.3 ns/op ±0%   16.6 MB/s ±0%   0.000 B/op   0.000 allocs/op    3.8s
  [1/4]  bench  AppendMsgSignedTxn                    146 ns/op   6.86 MB/s   0.000 B/op   0.000 allocs/op
  [2/4]  bench  AppendMsgSignedTxn                    144 ns/op   6.92 MB/s   0.000 B/op   0.000 allocs/op
  [3/4]  bench  AppendMsgSignedTxn                    144 ns/op   6.92 MB/s   0.000 B/op   0.000 allocs/op
  [4/4]  bench  AppendMsgSignedTxn                    144 ns/op ±1%   6.94 MB/s ±1%   0.000 B/op   0.000 allocs/op    4.05s
  [1/4]  bench  PaysetGroups                          33,313 ns/op   27,423 B/op   8.00 allocs/op
  [2/4]  bench  PaysetGroups                          33,206 ns/op   26,907 B/op   8.00 allocs/op
  [3/4]  bench  PaysetGroups                          33,215 ns/op   26,782 B/op   8.00 allocs/op
  [4/4]  bench  PaysetGroups                          33,187 ns/op ±0%   26,704 B/op ±2%   8.00 allocs/op    12.02s
  [1/4]  bench  Txn                                   68,226 ns/op   9,422 B/op   12.0 allocs/op
  [2/4]  bench  Txn                                   68,250 ns/op   9,422 B/op   12.0 allocs/op
  [3/4]  bench  Txn                                   68,562 ns/op   9,422 B/op   12.0 allocs/op
  [4/4]  bench  Txn                                   68,476 ns/op ±1%   9,421 B/op ±0%   12.0 allocs/op    10.92s
  [1/4]  bench  TxHandlerProcessing/processDecoded    14,561 ns/op   4,336 B/op   33.0 allocs/op
  [2/4]  bench  TxHandlerProcessing/processDecoded    14,299 ns/op   4,336 B/op   33.0 allocs/op
  [3/4]  bench  TxHandlerProcessing/processDecoded    14,263 ns/op   4,336 B/op   33.0 allocs/op
  [4/4]  bench  TxHandlerProcessing/processDecoded    14,264 ns/op ±2%   4,336 B/op   33.0 allocs/op    12.94s
  [1/4]  bench  TxHandlerProcessing/verify.TxnGroup   68,695 ns/op   11,328 B/op   16.0 allocs/op
  [2/4]  bench  TxHandlerProcessing/verify.TxnGroup   68,908 ns/op   11,328 B/op   16.0 allocs/op
  [3/4]  bench  TxHandlerProcessing/verify.TxnGroup   69,043 ns/op   11,328 B/op   16.0 allocs/op
  [4/4]  bench  TxHandlerProcessing/verify.TxnGroup   68,847 ns/op ±1%   11,328 B/op   16.0 allocs/op    7.64s
  [1/4]  bench  CompactDeltas/account-deltas          2,000,094 ns/op   4,096,358 B/op   0.000 allocs/op
  [2/4]  bench  CompactDeltas/account-deltas          2,039,423 ns/op   4,096,358 B/op   0.000 allocs/op
  [3/4]  bench  CompactDeltas/account-deltas          2,044,227 ns/op   4,096,358 B/op   0.000 allocs/op
  [4/4]  bench  CompactDeltas/account-deltas          2,058,654 ns/op ±2%   4,096,358 B/op   0.000 allocs/op    8.07s
